Archive member included to satisfy reference by file (symbol)

.\ARM_GCC_541\Debug\Proj07_hamflyAPI_stateMachineUpgrade.a(ADC_DelSig_1.o)
                              .\ARM_GCC_541\Debug\adc_balanced.o (ADC_DelSig_1_Start)
.\ARM_GCC_541\Debug\Proj07_hamflyAPI_stateMachineUpgrade.a(ADC_DelSig_1_INT.o)
                              .\ARM_GCC_541\Debug\Proj07_hamflyAPI_stateMachineUpgrade.a(ADC_DelSig_1.o) (ADC_DelSig_1_ISR1)
.\ARM_GCC_541\Debug\Proj07_hamflyAPI_stateMachineUpgrade.a(AMux_1.o)
                              .\ARM_GCC_541\Debug\adc_balanced.o (AMux_1_Start)
.\ARM_GCC_541\Debug\Proj07_hamflyAPI_stateMachineUpgrade.a(isr_adc.o)
                              .\ARM_GCC_541\Debug\adc_balanced.o (isr_adc_StartEx)
.\ARM_GCC_541\Debug\Proj07_hamflyAPI_stateMachineUpgrade.a(UART_MOVI.o)
                              .\ARM_GCC_541\Debug\main.o (UART_MOVI_Start)
.\ARM_GCC_541\Debug\Proj07_hamflyAPI_stateMachineUpgrade.a(isr_rx_movi.o)
                              .\ARM_GCC_541\Debug\main.o (isr_rx_movi_StartEx)
.\ARM_GCC_541\Debug\Proj07_hamflyAPI_stateMachineUpgrade.a(Looptimer.o)
                              .\ARM_GCC_541\Debug\main.o (Looptimer_Start)
.\ARM_GCC_541\Debug\Proj07_hamflyAPI_stateMachineUpgrade.a(isr_Looptimer.o)
                              .\ARM_GCC_541\Debug\main.o (isr_Looptimer_StartEx)
.\ARM_GCC_541\Debug\Proj07_hamflyAPI_stateMachineUpgrade.a(EEPROM_CONFIG.o)
                              .\ARM_GCC_541\Debug\psoc_eeprom.o (EEPROM_CONFIG_Start)
.\ARM_GCC_541\Debug\Proj07_hamflyAPI_stateMachineUpgrade.a(ADC_DelSig_1_AMux.o)
                              .\ARM_GCC_541\Debug\Proj07_hamflyAPI_stateMachineUpgrade.a(ADC_DelSig_1.o) (ADC_DelSig_1_AMux_Select)
.\ARM_GCC_541\Debug\Proj07_hamflyAPI_stateMachineUpgrade.a(ADC_DelSig_1_Ext_CP_Clk.o)
                              .\ARM_GCC_541\Debug\Proj07_hamflyAPI_stateMachineUpgrade.a(ADC_DelSig_1.o) (ADC_DelSig_1_Ext_CP_Clk_SetDividerRegister)
.\ARM_GCC_541\Debug\Proj07_hamflyAPI_stateMachineUpgrade.a(ADC_DelSig_1_theACLK.o)
                              .\ARM_GCC_541\Debug\Proj07_hamflyAPI_stateMachineUpgrade.a(ADC_DelSig_1.o) (ADC_DelSig_1_theACLK_SetDividerRegister)
.\ARM_GCC_541\Debug\Proj07_hamflyAPI_stateMachineUpgrade.a(CyFlash.o)
                              .\ARM_GCC_541\Debug\Proj07_hamflyAPI_stateMachineUpgrade.a(EEPROM_CONFIG.o) (dieTemperature)
.\ARM_GCC_541\Debug\Proj07_hamflyAPI_stateMachineUpgrade.a(CyLib.o)
                              .\ARM_GCC_541\Debug\Cm3Start.o (CyResetStatus)
.\ARM_GCC_541\Debug\Proj07_hamflyAPI_stateMachineUpgrade.a(cyPm.o)
                              .\ARM_GCC_541\Debug\Proj07_hamflyAPI_stateMachineUpgrade.a(CyLib.o) (CyPmReadStatus)
.\ARM_GCC_541\Debug\Proj07_hamflyAPI_stateMachineUpgrade.a(CySpc.o)
                              .\ARM_GCC_541\Debug\Proj07_hamflyAPI_stateMachineUpgrade.a(EEPROM_CONFIG.o) (CySpcStart)
.\ARM_GCC_541\Debug\Proj07_hamflyAPI_stateMachineUpgrade.a(UART_DEBUG.o)
                              .\ARM_GCC_541\Debug\main.o (UART_DEBUG_Start)
.\ARM_GCC_541\Debug\Proj07_hamflyAPI_stateMachineUpgrade.a(UART_DEBUG_IntClock.o)
                              .\ARM_GCC_541\Debug\Proj07_hamflyAPI_stateMachineUpgrade.a(UART_DEBUG.o) (UART_DEBUG_IntClock_Start)
.\ARM_GCC_541\Debug\Proj07_hamflyAPI_stateMachineUpgrade.a(UART_SBC.o)
                              .\ARM_GCC_541\Debug\main.o (UART_SBC_Start)
.\ARM_GCC_541\Debug\Proj07_hamflyAPI_stateMachineUpgrade.a(isr_rx_sbc.o)
                              .\ARM_GCC_541\Debug\main.o (isr_rx_sbc_StartEx)
.\ARM_GCC_541\Debug\Proj07_hamflyAPI_stateMachineUpgrade.a(UART_SBC_IntClock.o)
                              .\ARM_GCC_541\Debug\Proj07_hamflyAPI_stateMachineUpgrade.a(UART_SBC.o) (UART_SBC_IntClock_Start)
.\ARM_GCC_541\Debug\Proj07_hamflyAPI_stateMachineUpgrade.a(CyBootAsmGnu.o)
                              .\ARM_GCC_541\Debug\cyfitter_cfg.o (CyDelayCycles)
c:/program files (x86)/cypress/psoc creator/4.4/psoc creator/import/gnu/arm/5.4.1/bin/../lib/gcc/arm-none-eabi/5.4.1/../../../../arm-none-eabi/lib/armv7-m\libm.a(lib_a-s_cos.o)
                              .\ARM_GCC_541\Debug\hamfly_core_gimbal.o (cos)
c:/program files (x86)/cypress/psoc creator/4.4/psoc creator/import/gnu/arm/5.4.1/bin/../lib/gcc/arm-none-eabi/5.4.1/../../../../arm-none-eabi/lib/armv7-m\libm.a(lib_a-w_atan2.o)
                              .\ARM_GCC_541\Debug\hamfly_core_gimbal.o (atan2)
c:/program files (x86)/cypress/psoc creator/4.4/psoc creator/import/gnu/arm/5.4.1/bin/../lib/gcc/arm-none-eabi/5.4.1/../../../../arm-none-eabi/lib/armv7-m\libm.a(lib_a-w_sqrt.o)
                              .\ARM_GCC_541\Debug\hamfly_core_gimbal.o (sqrt)
c:/program files (x86)/cypress/psoc creator/4.4/psoc creator/import/gnu/arm/5.4.1/bin/../lib/gcc/arm-none-eabi/5.4.1/../../../../arm-none-eabi/lib/armv7-m\libm.a(lib_a-wf_asin.o)
                              .\ARM_GCC_541\Debug\main.o (asinf)
[...]
Memory Configuration

Name             Origin             Length             Attributes
rom              0x00000000         0x00040000         xr
ram              0x1fff8000         0x00010000         xrw
*default*        0x00000000         0xffffffff

Linker script and memory map

LOAD c:/program files (x86)/cypress/psoc creator/4.4/psoc creator/import/gnu/arm/5.4.1/bin/../lib/gcc/arm-none-eabi/5.4.1/armv7-m/crti.o
LOAD c:/program files (x86)/cypress/psoc creator/4.4/psoc creator/import/gnu/arm/5.4.1/bin/../lib/gcc/arm-none-eabi/5.4.1/armv7-m/crtbegin.o
LOAD c:/program files (x86)/cypress/psoc creator/4.4/psoc creator/import/gnu/arm/5.4.1/bin/../lib/gcc/arm-none-eabi/5.4.1/../../../../arm-none-eabi/lib/armv7-m/crt0.o
START GROUP
LOAD .\ARM_GCC_541\Debug\main.o
LOAD .\ARM_GCC_541\Debug\adc_balanced.o
LOAD .\ARM_GCC_541\Debug\joystick.o
LOAD .\ARM_GCC_541\Debug\psoc_eeprom.o
LOAD .\ARM_GCC_541\Debug\app_ctx.o
LOAD .\ARM_GCC_541\Debug\app_statemachine.o
LOAD .\ARM_GCC_541\Debug\sbc_comms.o
LOAD .\ARM_GCC_541\Debug\telemetry.o
LOAD .\ARM_GCC_541\Debug\hamfly_comm_rb.o
LOAD .\ARM_GCC_541\Debug\hamfly_comm_txbuf.o
LOAD .\ARM_GCC_541\Debug\hamfly_core_gimbal.o
LOAD .\ARM_GCC_541\Debug\hamfly_core_telemetry.o
LOAD .\ARM_GCC_541\Debug\hamfly_qx_app.o
LOAD .\ARM_GCC_541\Debug\hamfly_qx_protocol.o
LOAD .\ARM_GCC_541\Debug\cyfitter_cfg.o
LOAD .\ARM_GCC_541\Debug\cymetadata.o
LOAD .\ARM_GCC_541\Debug\Cm3Start.o
LOAD .\ARM_GCC_541\Debug\Proj07_hamflyAPI_stateMachineUpgrade.a
LOAD C:\Program Files (x86)\Cypress\PSoC Creator\4.4\PSoC Creator\psoc\content\cycomponentlibrary\CyComponentLibrary.cylib\CortexM3\ARM_GCC_541\Debug\CyComponentLibrary.a
LOAD c:/program files (x86)/cypress/psoc creator/4.4/psoc creator/import/gnu/arm/5.4.1/bin/../lib/gcc/arm-none-eabi/5.4.1/../../../../arm-none-eabi/lib/armv7-m\libm.a
END GROUP
START GROUP
LOAD c:/program files (x86)/cypress/psoc creator/4.4/psoc creator/import/gnu/arm/5.4.1/bin/../lib/gcc/arm-none-eabi/5.4.1/armv7-m\libgcc.a
LOAD c:/program files (x86)/cypress/psoc creator/4.4/psoc creator/import/gnu/arm/5.4.1/bin/../lib/gcc/arm-none-eabi/5.4.1/../../../../arm-none-eabi/lib/armv7-m\libg_nano.a
LOAD c:/program files (x86)/cypress/psoc creator/4.4/psoc creator/import/gnu/arm/5.4.1/bin/../lib/gcc/arm-none-eabi/5.4.1/../../../../arm-none-eabi/lib/armv7-m\libc_nano.a
END GROUP
START GROUP
LOAD c:/program files (x86)/cypress/psoc creator/4.4/psoc creator/import/gnu/arm/5.4.1/bin/../lib/gcc/arm-none-eabi/5.4.1/armv7-m\libgcc.a
LOAD c:/program files (x86)/cypress/psoc creator/4.4/psoc creator/import/gnu/arm/5.4.1/bin/../lib/gcc/arm-none-eabi/5.4.1/../../../../arm-none-eabi/lib/armv7-m\libc_nano.a
END GROUP
LOAD c:/program files (x86)/cypress/psoc creator/4.4/psoc creator/import/gnu/arm/5.4.1/bin/../lib/gcc/arm-none-eabi/5.4.1/armv7-m/crtend.o
LOAD c:/program files (x86)/cypress/psoc creator/4.4/psoc creator/import/gnu/arm/5.4.1/bin/../lib/gcc/arm-none-eabi/5.4.1/armv7-m/crtn.o
START GROUP
LOAD c:/program files (x86)/cypress/psoc creator/4.4/psoc creator/import/gnu/arm/5.4.1/bin/../lib/gcc/arm-none-eabi/5.4.1/armv7-m\libgcc.a
LOAD c:/program files (x86)/cypress/psoc creator/4.4/psoc creator/import/gnu/arm/5.4.1/bin/../lib/gcc/arm-none-eabi/5.4.1/../../../../arm-none-eabi/lib/armv7-m\libc.a
LOAD c:/program files (x86)/cypress/psoc creator/4.4/psoc creator/import/gnu/arm/5.4.1/bin/../lib/gcc/arm-none-eabi/5.4.1/../../../../arm-none-eabi/lib/armv7-m\libnosys.a
END GROUP
                0x00000000                CY_APPL_ORIGIN = 0x0
                0x00000100                CY_FLASH_ROW_SIZE = 0x100
                0x00000020                CY_ECC_ROW_SIZE = 0x20
                0x00000000                CY_EE_IN_BTLDR = 0x0
                0x00000000                CY_APPL_LOADABLE = 0x0
                0x00000800                CY_EE_SIZE = 0x800
                0x00000001                CY_APPL_NUM = 0x1
                0x00000001                CY_APPL_MAX = 0x1
                0x00000040                CY_METADATA_SIZE = 0x40
                0x00000000                CY_APPL_LOADABLE = 0x0
                0x00000000                CY_CHECKSUM_EXCLUDE_SIZE = ALIGN (0x0, CY_FLASH_ROW_SIZE)
                [!provide]                PROVIDE (__cy_heap_start, _end)
                0x00000001                PROVIDE (__cy_region_num, ((__cy_regions_end - __cy_regions) / 0x10))
                0x20008000                PROVIDE (__cy_stack, (ORIGIN (ram) + LENGTH (ram)))
                [!provide]                PROVIDE (__cy_heap_end, (__cy_stack - 0x800))

.cybootloader   0x00000000        0x0
 *(.cybootloader)
                0x00000000                appl1_start = CY_APPL_ORIGIN?CY_APPL_ORIGIN:ALIGN (CY_FLASH_ROW_SIZE)
                0x0001ff00                appl2_start = (appl1_start + ALIGN ((((LENGTH (rom) - appl1_start) - (0x2 * CY_FLASH_ROW_SIZE)) / 0x2), CY_FLASH_ROW_SIZE))
                0x00000000                appl_start = (CY_APPL_NUM == 0x1)?appl1_start:appl2_start
                0x00000000                ecc_offset = ((appl_start / CY_FLASH_ROW_SIZE) * CY_ECC_ROW_SIZE)
                0x00000000                ee_offset = (CY_APPL_LOADABLE && ! (CY_EE_IN_BTLDR))?((CY_EE_SIZE / CY_APPL_MAX) * (CY_APPL_NUM - 0x1)):0x0
                0x00000800                ee_size = (CY_APPL_LOADABLE && ! (CY_EE_IN_BTLDR))?(CY_EE_SIZE / CY_APPL_MAX):CY_EE_SIZE
                [!provide]                PROVIDE (CY_ECC_OFFSET, ecc_offset)

.text           0x00000000     0xbc16
 CREATE_OBJECT_SYMBOLS
                0x00000000                PROVIDE (__cy_interrupt_vector, RomVectors)
 *(.romvectors)
 .romvectors    0x00000000       0x10 .\ARM_GCC_541\Debug\Cm3Start.o
                0x00000000                RomVectors
                0x00000001                ASSERT ((. != __cy_interrupt_vector), No interrupt vector)
                0x00000001                ASSERT (CY_APPL_ORIGIN?(SIZEOF (.cybootloader) <= CY_APPL_ORIGIN):0x1, Wrong image location)
                0x00000010                PROVIDE (__cy_reset, Reset)
 *(.text.Reset)
 .text.Reset    0x00000010       0x18 .\ARM_GCC_541\Debug\Cm3Start.o
                0x00000010                Reset
                0x00000001                ASSERT ((. != __cy_reset), No reset code)
 *(.dma_init)
                0x00000001                ASSERT ((((appl_start + .) <= 0x10000) || 0x1), DMA Init must be within the first 64k of flash)
 *(.text .text.* .gnu.linkonce.t.*)
 .text          0x00000028       0x5c c:/program files (x86)/cypress/psoc creator/4.4/psoc creator/import/gnu/arm/5.4.1/bin/../lib/gcc/arm-none-eabi/5.4.1/armv7-m/crtbegin.o
 .text._hamfly_psoc5_putc
                0x00000084       0x1c .\ARM_GCC_541\Debug\main.o
 .text.psoc_get_tick
                0x000000a0       0x1c .\ARM_GCC_541\Debug\main.o
 .text.isr_rx_movi_Handler
                0x000000bc       0x58 .\ARM_GCC_541\Debug\main.o
                0x000000bc                isr_rx_movi_Handler
 .text.isr_Looptimer_Handler
                0x00000114       0x1c .\ARM_GCC_541\Debug\main.o
                0x00000114                isr_Looptimer_Handler
 .text.isr_rx_sbc_Handler
                0x00000130       0x50 .\ARM_GCC_541\Debug\main.o
                0x00000130                isr_rx_sbc_Handler
 .text.decomp   0x00000180       0xa8 .\ARM_GCC_541\Debug\main.o
 .text.mode_str
                0x00000228       0x38 .\ARM_GCC_541\Debug\main.o
 .text.main     0x00000260      0x300 .\ARM_GCC_541\Debug\main.o
                0x00000260                main
 .text.isr_adc_Handler
                0x00000560       0x18 .\ARM_GCC_541\Debug\adc_balanced.o
                0x00000560                isr_adc_Handler
 .text.adc_balanced_init
                0x00000578       0x6c .\ARM_GCC_541\Debug\adc_balanced.o
                0x00000578                adc_balanced_init
 .text.adc_balanced_advance_on_eoc
                0x000005e4       0x64 .\ARM_GCC_541\Debug\adc_balanced.o
 .text.adc_balanced_poll_frame
                0x00000648       0x6c .\ARM_GCC_541\Debug\adc_balanced.o
                0x00000648                adc_balanced_poll_frame
 .text.joystick_set_sensitivity
                0x000006b4       0x48 .\ARM_GCC_541\Debug\joystick.o
                0x000006b4                joystick_set_sensitivity
 .text.normalize_axis
                0x000006fc       0xd0 .\ARM_GCC_541\Debug\joystick.o
 .text.apply_deadband
                0x000007cc       0x90 .\ARM_GCC_541\Debug\joystick.o
 .text.joystick_validate
                0x0000085c       0x94 .\ARM_GCC_541\Debug\joystick.o
                0x0000085c                joystick_validate
 .text.cal_begin_range_capture
                0x000008f0       0x84 .\ARM_GCC_541\Debug\joystick.o
 .text.cal_update_ranges
                0x00000974       0x98 .\ARM_GCC_541\Debug\joystick.o
 .text.cal_start_center_capture
                0x00000a0c       0x44 .\ARM_GCC_541\Debug\joystick.o
 .text.cal_center_capture_update
                0x00000a50       0xa8 .\ARM_GCC_541\Debug\joystick.o
 .text.cal_save_or_restart
                0x00000af8       0x44 .\ARM_GCC_541\Debug\joystick.o
 .text.joystick_init
                0x00000b3c       0xa4 .\ARM_GCC_541\Debug\joystick.o
                0x00000b3c                joystick_init
 .text.joystick_on_sample
                0x00000be0       0x48 .\ARM_GCC_541\Debug\joystick.o
                0x00000be0                joystick_on_sample
 .text.joystick_on_key
                0x00000c28       0x70 .\ARM_GCC_541\Debug\joystick.o
                0x00000c28                joystick_on_key
 .text.joystick_cal_state
                0x00000c98       0x14 .\ARM_GCC_541\Debug\joystick.o
                0x00000c98                joystick_cal_state
 .text.joystick_get_cmd
                0x00000cac       0xe8 .\ARM_GCC_541\Debug\joystick.o
                0x00000cac                joystick_get_cmd
 .text.joystick_load
                0x00000d94       0x4c .\ARM_GCC_541\Debug\joystick.o
                0x00000d94                joystick_load
 .text.slot_id_to_row
                0x00000de0       0x2c .\ARM_GCC_541\Debug\psoc_eeprom.o
 .text.read_row_byte
                0x00000e0c       0x38 .\ARM_GCC_541\Debug\psoc_eeprom.o
 .text.read_row_data
                0x00000e44       0x3c .\ARM_GCC_541\Debug\psoc_eeprom.o
 .text.psoc_eeprom_init
                0x00000e80        0xc .\ARM_GCC_541\Debug\psoc_eeprom.o
                0x00000e80                psoc_eeprom_init
 .text.psoc_eeprom_read
                0x00000e8c       0x7c .\ARM_GCC_541\Debug\psoc_eeprom.o
                0x00000e8c                psoc_eeprom_read
 .text.app_ctx_init
                0x00000f08       0x3c .\ARM_GCC_541\Debug\app_ctx.o
                0x00000f08                app_ctx_init
 .text.depth_of
                0x00000f44       0x34 .\ARM_GCC_541\Debug\app_statemachine.o
 .text.lca      0x00000f78       0x80 .\ARM_GCC_541\Debug\app_statemachine.o
 .text.transition
                0x00000ff8       0xf0 .\ARM_GCC_541\Debug\app_statemachine.o
 .text.app_start
                0x000010e8       0x28 .\ARM_GCC_541\Debug\app_statemachine.o
                0x000010e8                app_start
 .text.app_raise_error
                0x00001110       0x68 .\ARM_GCC_541\Debug\app_statemachine.o
                0x00001110                app_raise_error
 .text.app_state_name
                0x00001178       0x20 .\ARM_GCC_541\Debug\app_statemachine.o
                0x00001178                app_state_name
 .text.app_telem_tick
                0x00001198       0x80 .\ARM_GCC_541\Debug\app_statemachine.o
                0x00001198                app_telem_tick
 .text.entry_stby_defer
                0x00001218       0x1c .\ARM_GCC_541\Debug\app_statemachine.o
 .text.entry_stby_hold
                0x00001234       0x1c .\ARM_GCC_541\Debug\app_statemachine.o
 .text.entry_manu_joystick
                0x00001250       0x20 .\ARM_GCC_541\Debug\app_statemachine.o
 .text.exit_manu_joystick
                0x00001270       0x18 .\ARM_GCC_541\Debug\app_statemachine.o
 .text.entry_auto_test
                0x00001288       0x1c .\ARM_GCC_541\Debug\app_statemachine.o
 .text.app_auto_tick
                0x000012a4       0xdc .\ARM_GCC_541\Debug\app_statemachine.o
                0x000012a4                app_auto_tick
 .text.sev_str  0x00001380       0x40 .\ARM_GCC_541\Debug\app_statemachine.o
 .text.entry_error_active
                0x000013c0       0x80 .\ARM_GCC_541\Debug\app_statemachine.o
 .text.manu_pan_tilt_deg
                0x00001440       0x54 .\ARM_GCC_541\Debug\app_statemachine.o
 .text.set_origin
                0x00001494       0x6c .\ARM_GCC_541\Debug\app_statemachine.o
 .text.print_help
                0x00001500       0x1c .\ARM_GCC_541\Debug\app_statemachine.o
 .text.handle_global_key
                0x0000151c       0x94 .\ARM_GCC_541\Debug\app_statemachine.o
 .text.leaf_traps_nav
                0x000015b0       0x20 .\ARM_GCC_541\Debug\app_statemachine.o
 .text.handle_nav_key
                0x000015d0       0x48 .\ARM_GCC_541\Debug\app_statemachine.o
 .text.key_error_active
                0x00001618       0x40 .\ARM_GCC_541\Debug\app_statemachine.o
 .text.app_dispatch_key
                0x00001658       0xa0 .\ARM_GCC_541\Debug\app_statemachine.o
                0x00001658                app_dispatch_key
 .text.build_zero
                0x000016f8       0x1c .\ARM_GCC_541\Debug\app_statemachine.o
 .text.build_stby
                0x00001714       0x1c .\ARM_GCC_541\Debug\app_statemachine.o
 .text.build_manu_joystick
                0x00001730       0xa4 .\ARM_GCC_541\Debug\app_statemachine.o
 .text.build_error
                0x000017d4       0x28 .\ARM_GCC_541\Debug\app_statemachine.o
 .text.app_build_control
                0x000017fc       0x3c .\ARM_GCC_541\Debug\app_statemachine.o
                0x000017fc                app_build_control
 .text.nudge_apply
                0x00001838      0x1a0 .\ARM_GCC_541\Debug\app_statemachine.o
 .text.key_manu_joystick
                0x000019d8      0x224 .\ARM_GCC_541\Debug\app_statemachine.o
 .text.app_manual_tick
                0x00001bfc       0xc0 .\ARM_GCC_541\Debug\app_statemachine.o
                0x00001bfc                app_manual_tick
 .text.sbc_init
                0x00001cbc       0x84 .\ARM_GCC_541\Debug\sbc_comms.o
                0x00001cbc                sbc_init
 .text.decode_centroid
                0x00001d40      0x114 .\ARM_GCC_541\Debug\sbc_comms.o
 .text.sbc_on_rx_byte
                0x00001e54      0x18c .\ARM_GCC_541\Debug\sbc_comms.o
                0x00001e54                sbc_on_rx_byte
 .text.sbc_on_uart_err_flags
                0x00001fe0       0x30 .\ARM_GCC_541\Debug\sbc_comms.o
                0x00001fe0                sbc_on_uart_err_flags
 .text.sbc_get_centroid
                0x00002010       0x88 .\ARM_GCC_541\Debug\sbc_comms.o
                0x00002010                sbc_get_centroid
 .text.sbc_unknown_magic
                0x00002098       0x14 .\ARM_GCC_541\Debug\sbc_comms.o
                0x00002098                sbc_unknown_magic
 .text.sbc_rx_pkt_count
                0x000020ac       0x14 .\ARM_GCC_541\Debug\sbc_comms.o
                0x000020ac                sbc_rx_pkt_count
 .text.sbc_last_centroid_dt_ms
                0x000020c0       0x2c .\ARM_GCC_541\Debug\sbc_comms.o
                0x000020c0                sbc_last_centroid_dt_ms
 .text.sbc_crc_errors
                0x000020ec       0x14 .\ARM_GCC_541\Debug\sbc_comms.o
                0x000020ec                sbc_crc_errors
 .text.sbc_uart_errors
                0x00002100       0x14 .\ARM_GCC_541\Debug\sbc_comms.o
                0x00002100                sbc_uart_errors
 .text.sbc_send_frame
                0x00002114       0x8c .\ARM_GCC_541\Debug\sbc_comms.o
                0x00002114                sbc_send_frame
 .text.sat_i16  0x000021a0       0x4c .\ARM_GCC_541\Debug\telemetry.o
 .text.sat_u32  0x000021ec       0x44 .\ARM_GCC_541\Debug\telemetry.o
 .text.sat_u16  0x00002230       0x48 .\ARM_GCC_541\Debug\telemetry.o
 .text.telemetry_collect_hot
                0x00002278      0x164 .\ARM_GCC_541\Debug\telemetry.o
                0x00002278                telemetry_collect_hot
 .text.telemetry_collect_link
                0x000023dc       0x64 .\ARM_GCC_541\Debug\telemetry.o
                0x000023dc                telemetry_collect_link
 .text.telemetry_collect_power
                0x00002440       0xc0 .\ARM_GCC_541\Debug\telemetry.o
                0x00002440                telemetry_collect_power
 .text.telemetry_collect_env
                0x00002500       0x80 .\ARM_GCC_541\Debug\telemetry.o
                0x00002500                telemetry_collect_env
 .text.telemetry_collect_gps
                0x00002580       0xa8 .\ARM_GCC_541\Debug\telemetry.o
                0x00002580                telemetry_collect_gps
 .text.telemetry_collect_baro
                0x00002628       0x90 .\ARM_GCC_541\Debug\telemetry.o
                0x00002628                telemetry_collect_baro
 .text.telemetry_collect_mag
                0x000026b8       0xcc .\ARM_GCC_541\Debug\telemetry.o
                0x000026b8                telemetry_collect_mag
 .text.encode_hot
                0x00002784      0x11c .\ARM_GCC_541\Debug\telemetry.o
 .text.encode_link
                0x000028a0       0x94 .\ARM_GCC_541\Debug\telemetry.o
 .text.encode_power
                0x00002934       0x9c .\ARM_GCC_541\Debug\telemetry.o
 .text.encode_env
                0x000029d0       0x58 .\ARM_GCC_541\Debug\telemetry.o
 .text.encode_gps
                0x00002a28       0xe8 .\ARM_GCC_541\Debug\telemetry.o
 .text.encode_baro
                0x00002b10       0x64 .\ARM_GCC_541\Debug\telemetry.o
 .text.encode_mag
                0x00002b74       0x8c .\ARM_GCC_541\Debug\telemetry.o
 .text.telemetry_send_hot_sbc
                0x00002c00       0x44 .\ARM_GCC_541\Debug\telemetry.o
                0x00002c00                telemetry_send_hot_sbc
 .text.telemetry_send_link_sbc
                0x00002c44       0x44 .\ARM_GCC_541\Debug\telemetry.o
                0x00002c44                telemetry_send_link_sbc
 .text.telemetry_send_power_sbc
                0x00002c88       0x44 .\ARM_GCC_541\Debug\telemetry.o
                0x00002c88                telemetry_send_power_sbc
 .text.telemetry_send_env_sbc
                0x00002ccc       0x44 .\ARM_GCC_541\Debug\telemetry.o
                0x00002ccc                telemetry_send_env_sbc
 .text.telemetry_send_gps_sbc
                0x00002d10       0x44 .\ARM_GCC_541\Debug\telemetry.o
                0x00002d10                telemetry_send_gps_sbc
 .text.telemetry_send_baro_sbc
                0x00002d54       0x44 .\ARM_GCC_541\Debug\telemetry.o
                0x00002d54                telemetry_send_baro_sbc
 .text.telemetry_send_mag_sbc
                0x00002d98       0x44 .\ARM_GCC_541\Debug\telemetry.o
                0x00002d98                telemetry_send_mag_sbc
 .text.telemetry_pump
                0x00002ddc       0xd8 .\ARM_GCC_541\Debug\telemetry.o
                0x00002ddc                telemetry_pump
 .text.rb_next  0x00002eb4       0x28 .\ARM_GCC_541\Debug\hamfly_comm_rb.o
 .text.hamfly_rb_init
                0x00002edc       0x2c .\ARM_GCC_541\Debug\hamfly_comm_rb.o
                0x00002edc                hamfly_rb_init
 .text.hamfly_rb_push
                0x00002f08       0x64 .\ARM_GCC_541\Debug\hamfly_comm_rb.o
                0x00002f08                hamfly_rb_push
 .text.hamfly_rb_pop
                0x00002f6c       0x58 .\ARM_GCC_541\Debug\hamfly_comm_rb.o
                0x00002f6c                hamfly_rb_pop
 .text.load_freefly_control
                0x00002fc4       0x50 .\ARM_GCC_541\Debug\hamfly_core_gimbal.o
 .text.copy_qx287_to_telemetry
                0x00003014       0x1c .\ARM_GCC_541\Debug\hamfly_core_gimbal.o
 .text.drain_rb
                0x00003030       0x44 .\ARM_GCC_541\Debug\hamfly_core_gimbal.o
 .text.hamfly_init
                0x00003074       0x5c .\ARM_GCC_541\Debug\hamfly_core_gimbal.o
                0x00003074                hamfly_init
 .text.hamfly_on_rx_byte
                0x000030d0       0x3c .\ARM_GCC_541\Debug\hamfly_core_gimbal.o
                0x000030d0                hamfly_on_rx_byte
 .text.hamfly_on_uart_err_flags
                0x0000310c       0x30 .\ARM_GCC_541\Debug\hamfly_core_gimbal.o
                0x0000310c                hamfly_on_uart_err_flags
 .text.hamfly_pump
                0x0000313c      0x27c .\ARM_GCC_541\Debug\hamfly_core_gimbal.o
                0x0000313c                hamfly_pump
 .text.hamfly_send_control
                0x000033b8       0x7c .\ARM_GCC_541\Debug\hamfly_core_gimbal.o
                0x000033b8                hamfly_send_control
 .text.hamfly_kill
                0x00003434       0x3c .\ARM_GCC_541\Debug\hamfly_core_gimbal.o
                0x00003434                hamfly_kill
 .text.hamfly_request_attr
                0x00003470       0xa8 .\ARM_GCC_541\Debug\hamfly_core_gimbal.o
                0x00003470                hamfly_request_attr
 .text.hamfly_get_telemetry
                0x00003518       0x30 .\ARM_GCC_541\Debug\hamfly_core_gimbal.o
                0x00003518                hamfly_get_telemetry
 .text.rd_be32  0x00003548       0x34 .\ARM_GCC_541\Debug\hamfly_core_telemetry.o
 .text.rd_be16  0x0000357c       0x28 .\ARM_GCC_541\Debug\hamfly_core_telemetry.o
 .text.rd_be_u16
                0x000035a4       0x28 .\ARM_GCC_541\Debug\hamfly_core_telemetry.o
 .text.rd_le16  0x000035cc       0x24 .\ARM_GCC_541\Debug\hamfly_core_telemetry.o
 .text.hamfly_telemetry_to_euler
                0x000035f0      0x1d4 .\ARM_GCC_541\Debug\hamfly_core_telemetry.o
                0x000035f0                hamfly_telemetry_to_euler
 .text.hamfly_decode_qx287
                0x000037c4       0x68 .\ARM_GCC_541\Debug\hamfly_core_telemetry.o
                0x000037c4                hamfly_decode_qx287
 .text.hamfly_decode_gps
                0x0000382c      0x1a0 .\ARM_GCC_541\Debug\hamfly_core_telemetry.o
                0x0000382c                hamfly_decode_gps
 .text.hamfly_decode_baro
                0x000039cc       0x78 .\ARM_GCC_541\Debug\hamfly_core_telemetry.o
                0x000039cc                hamfly_decode_baro
 .text.hamfly_decode_attitude
                0x00003a44      0x144 .\ARM_GCC_541\Debug\hamfly_core_telemetry.o
                0x00003a44                hamfly_decode_attitude
 .text.hamfly_decode_sysstat
                0x00003b88      0x1c8 .\ARM_GCC_541\Debug\hamfly_core_telemetry.o
                0x00003b88                hamfly_decode_sysstat
 .text.hamfly_decode_mag
                0x00003d50      0x18c .\ARM_GCC_541\Debug\hamfly_core_telemetry.o
                0x00003d50                hamfly_decode_mag
 .text.hamfly_decode_sysecho
                0x00003edc       0x7c .\ARM_GCC_541\Debug\hamfly_core_telemetry.o
                0x00003edc                hamfly_decode_sysecho
 .text.ff_api_init
                0x00003f58       0x7c .\ARM_GCC_541\Debug\hamfly_qx_app.o
 .text.ff_api_send
                0x00003fd4       0x44 .\ARM_GCC_541\Debug\hamfly_qx_app.o
 .text.QX_ParsePacket_Cli_MoVI_Ctrl_CB
                0x00004018      0x884 .\ARM_GCC_541\Debug\hamfly_qx_app.o
 .text.QX_SendMsg2CommsPort_CB
                0x0000489c       0x64 .\ARM_GCC_541\Debug\hamfly_qx_app.o
                0x0000489c                QX_SendMsg2CommsPort_CB
 .text.QX_FwdMsg_CB
                0x00004900       0x14 .\ARM_GCC_541\Debug\hamfly_qx_app.o
                0x00004900                QX_FwdMsg_CB
 .text.QX_GetTicks_ms
                0x00004914       0x34 .\ARM_GCC_541\Debug\hamfly_qx_app.o
                0x00004914                QX_GetTicks_ms
 .text.QX_Parser_SetMsgPtr
                0x00004948       0x1c .\ARM_GCC_541\Debug\hamfly_qx_protocol.o
                0x00004948                QX_Parser_SetMsgPtr
 .text.QX_Parser_AdvMsgPtr
                0x00004964       0x1c .\ARM_GCC_541\Debug\hamfly_qx_protocol.o
                0x00004964                QX_Parser_AdvMsgPtr
 .text.QX_Parser_GetMsgPtr
                0x00004980       0x14 .\ARM_GCC_541\Debug\hamfly_qx_protocol.o
                0x00004980                QX_Parser_GetMsgPtr
 .text.QX_Parser_SetDir_Read
                0x00004994       0x18 .\ARM_GCC_541\Debug\hamfly_qx_protocol.o
                0x00004994                QX_Parser_SetDir_Read
 .text.QX_Parser_SetDir_WriteAbs
                0x000049ac       0x18 .\ARM_GCC_541\Debug\hamfly_qx_protocol.o
                0x000049ac                QX_Parser_SetDir_WriteAbs
 .text.AddFloatAsSignedShort
                0x000049c4       0xc8 .\ARM_GCC_541\Debug\hamfly_qx_protocol.o
                0x000049c4                AddFloatAsSignedShort
 .text.GetFloatAsSignedShort
                0x00004a8c      0x170 .\ARM_GCC_541\Debug\hamfly_qx_protocol.o
                0x00004a8c                GetFloatAsSignedShort
 .text.AddSignedShortAsSignedShort
                0x00004bfc       0x58 .\ARM_GCC_541\Debug\hamfly_qx_protocol.o
                0x00004bfc                AddSignedShortAsSignedShort
 .text.GetSignedShortAsSignedShort
                0x00004c54      0x15c .\ARM_GCC_541\Debug\hamfly_qx_protocol.o
                0x00004c54                GetSignedShortAsSignedShort
 .text.AddUnsignedCharAsUnsignedChar
                0x00004db0       0x3c .\ARM_GCC_541\Debug\hamfly_qx_protocol.o
                0x00004db0                AddUnsignedCharAsUnsignedChar
 .text.GetUnsignedCharAsUnsignedChar
                0x00004dec       0xc8 .\ARM_GCC_541\Debug\hamfly_qx_protocol.o
                0x00004dec                GetUnsignedCharAsUnsignedChar
 .text.AddUnsignedShortAsUnsignedShort
                0x00004eb4       0x54 .\ARM_GCC_541\Debug\hamfly_qx_protocol.o
                0x00004eb4                AddUnsignedShortAsUnsignedShort
 .text.GetUnsignedShortAsUnsignedShort
                0x00004f08       0xf8 .\ARM_GCC_541\Debug\hamfly_qx_protocol.o
                0x00004f08                GetUnsignedShortAsUnsignedShort
 .text.AddBitsAsByte
                0x00005000       0xcc .\ARM_GCC_541\Debug\hamfly_qx_protocol.o
                0x00005000                AddBitsAsByte
 .text.GetBitsAsByte
                0x000050cc       0xdc .\ARM_GCC_541\Debug\hamfly_qx_protocol.o
                0x000050cc                GetBitsAsByte
 .text.QX_InitMsg
                0x000051a8       0x30 .\ARM_GCC_541\Debug\hamfly_qx_protocol.o
 .text.QX_RxMsg
                0x000051d8       0xec .\ARM_GCC_541\Debug\hamfly_qx_protocol.o
 .text.QX_Srv_Rx_Read
                0x000052c4       0x90 .\ARM_GCC_541\Debug\hamfly_qx_protocol.o
 .text.QX_Srv_Rx_Write
                0x00005354       0xc4 .\ARM_GCC_541\Debug\hamfly_qx_protocol.o
 .text.QX_Cli_Rx_CurVal
                0x00005418       0x3c .\ARM_GCC_541\Debug\hamfly_qx_protocol.o
 .text.QX_TxMsg_Setup
                0x00005454       0x4c .\ARM_GCC_541\Debug\hamfly_qx_protocol.o
 .text.QX_TxMsg_Finish
                0x000054a0      0x1dc .\ARM_GCC_541\Debug\hamfly_qx_protocol.o
 .text.QX_BuildHeader
                0x0000567c      0x188 .\ARM_GCC_541\Debug\hamfly_qx_protocol.o
 .text.QX_ParseHeader
                0x00005804      0x114 .\ARM_GCC_541\Debug\hamfly_qx_protocol.o
 .text.QX_Calc8bChecksum
                0x00005918       0x3c .\ARM_GCC_541\Debug\hamfly_qx_protocol.o
 .text.QX_AddExtdValToBuf
                0x00005954       0x88 .\ARM_GCC_541\Debug\hamfly_qx_protocol.o
 .text.QX_GetExtdValFromBuf
                0x000059dc       0x6c .\ARM_GCC_541\Debug\hamfly_qx_protocol.o
 .text.QX_compute_crc32
                0x00005a48       0x4c .\ARM_GCC_541\Debug\hamfly_qx_protocol.o
 .text.QX_accumulate_crc32
                0x00005a94       0x54 .\ARM_GCC_541\Debug\hamfly_qx_protocol.o
                0x00005a94                QX_accumulate_crc32
 .text.QX_InitCli
                0x00005ae8       0x24 .\ARM_GCC_541\Debug\hamfly_qx_protocol.o
                0x00005ae8                QX_InitCli
 .text.QX_InitTxOptions
                0x00005b0c       0x3c .\ARM_GCC_541\Debug\hamfly_qx_protocol.o
                0x00005b0c                QX_InitTxOptions
 .text.QX_SendPacket_Srv_CurVal
                0x00005b48       0x98 .\ARM_GCC_541\Debug\hamfly_qx_protocol.o
                0x00005b48                QX_SendPacket_Srv_CurVal
 .text.QX_SendPacket_Cli_Read
                0x00005be0       0x80 .\ARM_GCC_541\Debug\hamfly_qx_protocol.o
                0x00005be0                QX_SendPacket_Cli_Read
 .text.QX_SendPacket_Cli_WriteABS
                0x00005c60       0x98 .\ARM_GCC_541\Debug\hamfly_qx_protocol.o
                0x00005c60                QX_SendPacket_Cli_WriteABS
 .text.QX_StreamRxCharSM
                0x00005cf8      0x6e0 .\ARM_GCC_541\Debug\hamfly_qx_protocol.o
                0x00005cf8                QX_StreamRxCharSM
 .text.CYMEMZERO
                0x000063d8       0x1c .\ARM_GCC_541\Debug\cyfitter_cfg.o
 .text.CYCONFIGCPY
                0x000063f4       0x20 .\ARM_GCC_541\Debug\cyfitter_cfg.o
 .text.CyClockStartupError
                0x00006414        0xc .\ARM_GCC_541\Debug\cyfitter_cfg.o
 .text.cfg_write_bytes32
                0x00006420       0x74 .\ARM_GCC_541\Debug\cyfitter_cfg.o
 .text.ClockSetup
                0x00006494      0x180 .\ARM_GCC_541\Debug\cyfitter_cfg.o
 .text.AnalogSetDefault
                0x00006614       0x44 .\ARM_GCC_541\Debug\cyfitter_cfg.o
 .text.AMux_1_Set
                0x00006658       0x6c .\ARM_GCC_541\Debug\cyfitter_cfg.o
                0x00006658                AMux_1_Set
 .text.AMux_1_Unset
                0x000066c4       0x74 .\ARM_GCC_541\Debug\cyfitter_cfg.o
                0x000066c4                AMux_1_Unset
 .text.ADC_DelSig_1_AMux_Set
                0x00006738       0x40 .\ARM_GCC_541\Debug\cyfitter_cfg.o
                0x00006738                ADC_DelSig_1_AMux_Set
 .text.ADC_DelSig_1_AMux_Unset
                0x00006778       0x44 .\ARM_GCC_541\Debug\cyfitter_cfg.o
                0x00006778                ADC_DelSig_1_AMux_Unset
 .text.cyfitter_cfg
                0x000067bc      0x1ac .\ARM_GCC_541\Debug\cyfitter_cfg.o
                0x000067bc                cyfitter_cfg
 .text.IntDefaultHandler
                0x00006968       0x14 .\ARM_GCC_541\Debug\Cm3Start.o
                0x00006968                IntDefaultHandler
 .text._sbrk    0x0000697c       0x50 .\ARM_GCC_541\Debug\Cm3Start.o
                0x0000697c                _sbrk
 .text.Start_c  0x000069cc       0x98 .\ARM_GCC_541\Debug\Cm3Start.o
                0x000069cc                Start_c
 .text.initialize_psoc
                0x00006a64       0x90 .\ARM_GCC_541\Debug\Cm3Start.o
                0x00006a64                initialize_psoc
 .text.ADC_DelSig_1_Init
                0x00006af4      0x11c .\ARM_GCC_541\Debug\Proj07_hamflyAPI_stateMachineUpgrade.a(ADC_DelSig_1.o)
                0x00006af4                ADC_DelSig_1_Init
 .text.ADC_DelSig_1_Enable
                0x00006c10      0x158 .\ARM_GCC_541\Debug\Proj07_hamflyAPI_stateMachineUpgrade.a(ADC_DelSig_1.o)
                0x00006c10                ADC_DelSig_1_Enable
 .text.ADC_DelSig_1_Start
                0x00006d68       0x30 .\ARM_GCC_541\Debug\Proj07_hamflyAPI_stateMachineUpgrade.a(ADC_DelSig_1.o)
                0x00006d68                ADC_DelSig_1_Start
 .text.ADC_DelSig_1_StartConvert
                0x00006d98       0x20 .\ARM_GCC_541\Debug\Proj07_hamflyAPI_stateMachineUpgrade.a(ADC_DelSig_1.o)
                0x00006d98                ADC_DelSig_1_StartConvert
 .text.ADC_DelSig_1_StopConvert
                0x00006db8       0x20 .\ARM_GCC_541\Debug\Proj07_hamflyAPI_stateMachineUpgrade.a(ADC_DelSig_1.o)
                0x00006db8                ADC_DelSig_1_StopConvert
 .text.ADC_DelSig_1_GetResult16
                0x00006dd8       0x7c .\ARM_GCC_541\Debug\Proj07_hamflyAPI_stateMachineUpgrade.a(ADC_DelSig_1.o)
                0x00006dd8                ADC_DelSig_1_GetResult16
 .text.ADC_DelSig_1_InitConfig
                0x00006e54      0x164 .\ARM_GCC_541\Debug\Proj07_hamflyAPI_stateMachineUpgrade.a(ADC_DelSig_1.o)
 .text.ADC_DelSig_1_GainCompensation
                0x00006fb8      0x170 .\ARM_GCC_541\Debug\Proj07_hamflyAPI_stateMachineUpgrade.a(ADC_DelSig_1.o)
 .text.ADC_DelSig_1_SetDSMRef0Reg
                0x00007128       0x7c .\ARM_GCC_541\Debug\Proj07_hamflyAPI_stateMachineUpgrade.a(ADC_DelSig_1.o)
 .text.ADC_DelSig_1_ISR1
                0x000071a4        0xc .\ARM_GCC_541\Debug\Proj07_hamflyAPI_stateMachineUpgrade.a(ADC_DelSig_1_INT.o)
                0x000071a4                ADC_DelSig_1_ISR1
 .text.AMux_1_Start
                0x000071b0       0x34 .\ARM_GCC_541\Debug\Proj07_hamflyAPI_stateMachineUpgrade.a(AMux_1.o)
                0x000071b0                AMux_1_Start
 .text.AMux_1_FastSelect
                0x000071e4       0x38 .\ARM_GCC_541\Debug\Proj07_hamflyAPI_stateMachineUpgrade.a(AMux_1.o)
                0x000071e4                AMux_1_FastSelect
 .text.isr_adc_StartEx
                0x0000721c       0x24 .\ARM_GCC_541\Debug\Proj07_hamflyAPI_stateMachineUpgrade.a(isr_adc.o)
                0x0000721c                isr_adc_StartEx
 .text.isr_adc_SetVector
                0x00007240       0x24 .\ARM_GCC_541\Debug\Proj07_hamflyAPI_stateMachineUpgrade.a(isr_adc.o)
                0x00007240                isr_adc_SetVector
 .text.isr_adc_SetPriority
                0x00007264       0x24 .\ARM_GCC_541\Debug\Proj07_hamflyAPI_stateMachineUpgrade.a(isr_adc.o)
                0x00007264                isr_adc_SetPriority
 .text.isr_adc_Enable
                0x00007288       0x18 .\ARM_GCC_541\Debug\Proj07_hamflyAPI_stateMachineUpgrade.a(isr_adc.o)
                0x00007288                isr_adc_Enable
 .text.isr_adc_Disable
                0x000072a0       0x18 .\ARM_GCC_541\Debug\Proj07_hamflyAPI_stateMachineUpgrade.a(isr_adc.o)
                0x000072a0                isr_adc_Disable
 .text.isr_adc_ClearPending
                0x000072b8       0x18 .\ARM_GCC_541\Debug\Proj07_hamflyAPI_stateMachineUpgrade.a(isr_adc.o)
                0x000072b8                isr_adc_ClearPending
 .text.UART_MOVI_Start
                0x000072d0       0x24 .\ARM_GCC_541\Debug\Proj07_hamflyAPI_stateMachineUpgrade.a(UART_MOVI.o)
                0x000072d0                UART_MOVI_Start
 .text.UART_MOVI_Init
                0x000072f4       0x40 .\ARM_GCC_541\Debug\Proj07_hamflyAPI_stateMachineUpgrade.a(UART_MOVI.o)
                0x000072f4                UART_MOVI_Init
 .text.UART_MOVI_Enable
                0x00007334       0x5c .\ARM_GCC_541\Debug\Proj07_hamflyAPI_stateMachineUpgrade.a(UART_MOVI.o)
                0x00007334                UART_MOVI_Enable
 .text.UART_MOVI_ClearRxBuffer
                0x00007390       0x44 .\ARM_GCC_541\Debug\Proj07_hamflyAPI_stateMachineUpgrade.a(UART_MOVI.o)
                0x00007390                UART_MOVI_ClearRxBuffer
 .text.UART_MOVI_PutChar
                0x000073d4       0x34 .\ARM_GCC_541\Debug\Proj07_hamflyAPI_stateMachineUpgrade.a(UART_MOVI.o)
                0x000073d4                UART_MOVI_PutChar
 .text.UART_MOVI_ClearTxBuffer
                0x00007408       0x44 .\ARM_GCC_541\Debug\Proj07_hamflyAPI_stateMachineUpgrade.a(UART_MOVI.o)
                0x00007408                UART_MOVI_ClearTxBuffer
 .text.isr_rx_movi_StartEx
                0x0000744c       0x24 .\ARM_GCC_541\Debug\Proj07_hamflyAPI_stateMachineUpgrade.a(isr_rx_movi.o)
                0x0000744c                isr_rx_movi_StartEx
 .text.isr_rx_movi_SetVector
                0x00007470       0x24 .\ARM_GCC_541\Debug\Proj07_hamflyAPI_stateMachineUpgrade.a(isr_rx_movi.o)
                0x00007470                isr_rx_movi_SetVector
 .text.isr_rx_movi_SetPriority
                0x00007494       0x24 .\ARM_GCC_541\Debug\Proj07_hamflyAPI_stateMachineUpgrade.a(isr_rx_movi.o)
                0x00007494                isr_rx_movi_SetPriority
 .text.isr_rx_movi_Enable
                0x000074b8       0x18 .\ARM_GCC_541\Debug\Proj07_hamflyAPI_stateMachineUpgrade.a(isr_rx_movi.o)
                0x000074b8                isr_rx_movi_Enable
 .text.isr_rx_movi_Disable
                0x000074d0       0x18 .\ARM_GCC_541\Debug\Proj07_hamflyAPI_stateMachineUpgrade.a(isr_rx_movi.o)
                0x000074d0                isr_rx_movi_Disable
 .text.Looptimer_Init
                0x000074e8       0xa0 .\ARM_GCC_541\Debug\Proj07_hamflyAPI_stateMachineUpgrade.a(Looptimer.o)
                0x000074e8                Looptimer_Init
 .text.Looptimer_Enable
                0x00007588       0x48 .\ARM_GCC_541\Debug\Proj07_hamflyAPI_stateMachineUpgrade.a(Looptimer.o)
                0x00007588                Looptimer_Enable
 .text.Looptimer_Start
                0x000075d0       0x24 .\ARM_GCC_541\Debug\Proj07_hamflyAPI_stateMachineUpgrade.a(Looptimer.o)
                0x000075d0                Looptimer_Start
 .text.Looptimer_SetInterruptMode
                0x000075f4       0x20 .\ARM_GCC_541\Debug\Proj07_hamflyAPI_stateMachineUpgrade.a(Looptimer.o)
                0x000075f4                Looptimer_SetInterruptMode
 .text.Looptimer_ReadStatusRegister
                0x00007614       0x18 .\ARM_GCC_541\Debug\Proj07_hamflyAPI_stateMachineUpgrade.a(Looptimer.o)
                0x00007614                Looptimer_ReadStatusRegister
 .text.Looptimer_WritePeriod
                0x0000762c       0x24 .\ARM_GCC_541\Debug\Proj07_hamflyAPI_stateMachineUpgrade.a(Looptimer.o)
                0x0000762c                Looptimer_WritePeriod
 .text.Looptimer_WriteCounter
                0x00007650       0x20 .\ARM_GCC_541\Debug\Proj07_hamflyAPI_stateMachineUpgrade.a(Looptimer.o)
                0x00007650                Looptimer_WriteCounter
 .text.isr_Looptimer_StartEx
                0x00007670       0x24 .\ARM_GCC_541\Debug\Proj07_hamflyAPI_stateMachineUpgrade.a(isr_Looptimer.o)
                0x00007670                isr_Looptimer_StartEx
 .text.isr_Looptimer_SetVector
                0x00007694       0x24 .\ARM_GCC_541\Debug\Proj07_hamflyAPI_stateMachineUpgrade.a(isr_Looptimer.o)
                0x00007694                isr_Looptimer_SetVector
 .text.isr_Looptimer_SetPriority
                0x000076b8       0x24 .\ARM_GCC_541\Debug\Proj07_hamflyAPI_stateMachineUpgrade.a(isr_Looptimer.o)
                0x000076b8                isr_Looptimer_SetPriority
 .text.isr_Looptimer_Enable
                0x000076dc       0x18 .\ARM_GCC_541\Debug\Proj07_hamflyAPI_stateMachineUpgrade.a(isr_Looptimer.o)
                0x000076dc                isr_Looptimer_Enable
 .text.isr_Looptimer_Disable
                0x000076f4       0x18 .\ARM_GCC_541\Debug\Proj07_hamflyAPI_stateMachineUpgrade.a(isr_Looptimer.o)
                0x000076f4                isr_Looptimer_Disable
 .text.EEPROM_CONFIG_Enable
                0x0000770c       0x10 .\ARM_GCC_541\Debug\Proj07_hamflyAPI_stateMachineUpgrade.a(EEPROM_CONFIG.o)
                0x0000770c                EEPROM_CONFIG_Enable
 .text.EEPROM_CONFIG_Start
                0x0000771c        0xc .\ARM_GCC_541\Debug\Proj07_hamflyAPI_stateMachineUpgrade.a(EEPROM_CONFIG.o)
                0x0000771c                EEPROM_CONFIG_Start
 .text.ADC_DelSig_1_AMux_Start
                0x00007728       0x34 .\ARM_GCC_541\Debug\Proj07_hamflyAPI_stateMachineUpgrade.a(ADC_DelSig_1_AMux.o)
                0x00007728                ADC_DelSig_1_AMux_Start
 .text.ADC_DelSig_1_AMux_Select
                0x0000775c       0x28 .\ARM_GCC_541\Debug\Proj07_hamflyAPI_stateMachineUpgrade.a(ADC_DelSig_1_AMux.o)
                0x0000775c                ADC_DelSig_1_AMux_Select
 .text.ADC_DelSig_1_Ext_CP_Clk_SetDividerRegister
                0x00007784      0x164 .\ARM_GCC_541\Debug\Proj07_hamflyAPI_stateMachineUpgrade.a(ADC_DelSig_1_Ext_CP_Clk.o)
                0x00007784                ADC_DelSig_1_Ext_CP_Clk_SetDividerRegister
 .text.ADC_DelSig_1_Ext_CP_Clk_GetDividerRegister
                0x000078e8       0x18 .\ARM_GCC_541\Debug\Proj07_hamflyAPI_stateMachineUpgrade.a(ADC_DelSig_1_Ext_CP_Clk.o)
                0x000078e8                ADC_DelSig_1_Ext_CP_Clk_GetDividerRegister
 .text.ADC_DelSig_1_Ext_CP_Clk_SetModeRegister
                0x00007900       0x34 .\ARM_GCC_541\Debug\Proj07_hamflyAPI_stateMachineUpgrade.a(ADC_DelSig_1_Ext_CP_Clk.o)
                0x00007900                ADC_DelSig_1_Ext_CP_Clk_SetModeRegister
 .text.ADC_DelSig_1_Ext_CP_Clk_GetSourceRegister
                0x00007934       0x1c .\ARM_GCC_541\Debug\Proj07_hamflyAPI_stateMachineUpgrade.a(ADC_DelSig_1_Ext_CP_Clk.o)
                0x00007934                ADC_DelSig_1_Ext_CP_Clk_GetSourceRegister
 .text.ADC_DelSig_1_theACLK_SetDividerRegister
                0x00007950      0x164 .\ARM_GCC_541\Debug\Proj07_hamflyAPI_stateMachineUpgrade.a(ADC_DelSig_1_theACLK.o)
                0x00007950                ADC_DelSig_1_theACLK_SetDividerRegister
 .text.ADC_DelSig_1_theACLK_GetDividerRegister
                0x00007ab4       0x18 .\ARM_GCC_541\Debug\Proj07_hamflyAPI_stateMachineUpgrade.a(ADC_DelSig_1_theACLK.o)
                0x00007ab4                ADC_DelSig_1_theACLK_GetDividerRegister
 .text.ADC_DelSig_1_theACLK_SetModeRegister
                0x00007acc       0x34 .\ARM_GCC_541\Debug\Proj07_hamflyAPI_stateMachineUpgrade.a(ADC_DelSig_1_theACLK.o)
                0x00007acc                ADC_DelSig_1_theACLK_SetModeRegister
 .text.ADC_DelSig_1_theACLK_GetSourceRegister
                0x00007b00       0x1c .\ARM_GCC_541\Debug\Proj07_hamflyAPI_stateMachineUpgrade.a(ADC_DelSig_1_theACLK.o)
                0x00007b00                ADC_DelSig_1_theACLK_GetSourceRegister
 .text.CySetTempInt
                0x00007b1c       0x7c .\ARM_GCC_541\Debug\Proj07_hamflyAPI_stateMachineUpgrade.a(CyFlash.o)
 .text.CyFlashGetSpcAlgorithm
                0x00007b98       0x70 .\ARM_GCC_541\Debug\Proj07_hamflyAPI_stateMachineUpgrade.a(CyFlash.o)
                0x00007b98                CyFlashGetSpcAlgorithm
 .text.CySetTemp
                0x00007c08       0x24 .\ARM_GCC_541\Debug\Proj07_hamflyAPI_stateMachineUpgrade.a(CyFlash.o)
                0x00007c08                CySetTemp
 .text.CyEEPROM_Start
                0x00007c2c       0x8c .\ARM_GCC_541\Debug\Proj07_hamflyAPI_stateMachineUpgrade.a(CyFlash.o)
                0x00007c2c                CyEEPROM_Start
 .text.CyHalt   0x00007cb8       0x18 .\ARM_GCC_541\Debug\Proj07_hamflyAPI_stateMachineUpgrade.a(CyLib.o)
                0x00007cb8                CyHalt
 .text.CyDelayUs
                0x00007cd0       0x28 .\ARM_GCC_541\Debug\Proj07_hamflyAPI_stateMachineUpgrade.a(CyLib.o)
                0x00007cd0                CyDelayUs
 .text.CyIntSetVector
                0x00007cf8       0x50 .\ARM_GCC_541\Debug\Proj07_hamflyAPI_stateMachineUpgrade.a(CyLib.o)
                0x00007cf8                CyIntSetVector
 .text.CyIntSetPriority
                0x00007d48       0x48 .\ARM_GCC_541\Debug\Proj07_hamflyAPI_stateMachineUpgrade.a(CyLib.o)
                0x00007d48                CyIntSetPriority
 .text.CySpcStart
                0x00007d90       0x48 .\ARM_GCC_541\Debug\Proj07_hamflyAPI_stateMachineUpgrade.a(CySpc.o)
                0x00007d90                CySpcStart
 .text.CySpcReadData
                0x00007dd8       0x54 .\ARM_GCC_541\Debug\Proj07_hamflyAPI_stateMachineUpgrade.a(CySpc.o)
                0x00007dd8                CySpcReadData
 .text.CySpcGetTemp
                0x00007e2c       0x64 .\ARM_GCC_541\Debug\Proj07_hamflyAPI_stateMachineUpgrade.a(CySpc.o)
                0x00007e2c                CySpcGetTemp
 .text.CySpcLock
                0x00007e90       0x68 .\ARM_GCC_541\Debug\Proj07_hamflyAPI_stateMachineUpgrade.a(CySpc.o)
                0x00007e90                CySpcLock
 .text.CySpcUnlock
                0x00007ef8       0x50 .\ARM_GCC_541\Debug\Proj07_hamflyAPI_stateMachineUpgrade.a(CySpc.o)
                0x00007ef8                CySpcUnlock
 .text.CySpcGetAlgorithm
                0x00007f48       0x44 .\ARM_GCC_541\Debug\Proj07_hamflyAPI_stateMachineUpgrade.a(CySpc.o)
                0x00007f48                CySpcGetAlgorithm
 .text.UART_DEBUG_Start
                0x00007f8c       0x24 .\ARM_GCC_541\Debug\Proj07_hamflyAPI_stateMachineUpgrade.a(UART_DEBUG.o)
                0x00007f8c                UART_DEBUG_Start
 .text.UART_DEBUG_Init
                0x00007fb0       0x40 .\ARM_GCC_541\Debug\Proj07_hamflyAPI_stateMachineUpgrade.a(UART_DEBUG.o)
                0x00007fb0                UART_DEBUG_Init
 .text.UART_DEBUG_Enable
                0x00007ff0       0x60 .\ARM_GCC_541\Debug\Proj07_hamflyAPI_stateMachineUpgrade.a(UART_DEBUG.o)
                0x00007ff0                UART_DEBUG_Enable
 .text.UART_DEBUG_GetChar
                0x00008050       0x44 .\ARM_GCC_541\Debug\Proj07_hamflyAPI_stateMachineUpgrade.a(UART_DEBUG.o)
                0x00008050                UART_DEBUG_GetChar
 .text.UART_DEBUG_PutChar
                0x00008094       0x34 .\ARM_GCC_541\Debug\Proj07_hamflyAPI_stateMachineUpgrade.a(UART_DEBUG.o)
                0x00008094                UART_DEBUG_PutChar
 .text.UART_DEBUG_PutString
                0x000080c8       0x44 .\ARM_GCC_541\Debug\Proj07_hamflyAPI_stateMachineUpgrade.a(UART_DEBUG.o)
                0x000080c8                UART_DEBUG_PutString
 .text.UART_DEBUG_IntClock_Start
                0x0000810c       0x34 .\ARM_GCC_541\Debug\Proj07_hamflyAPI_stateMachineUpgrade.a(UART_DEBUG_IntClock.o)
                0x0000810c                UART_DEBUG_IntClock_Start
 .text.UART_SBC_Start
                0x00008140       0x24 .\ARM_GCC_541\Debug\Proj07_hamflyAPI_stateMachineUpgrade.a(UART_SBC.o)
                0x00008140                UART_SBC_Start
 .text.UART_SBC_Init
                0x00008164       0x40 .\ARM_GCC_541\Debug\Proj07_hamflyAPI_stateMachineUpgrade.a(UART_SBC.o)
                0x00008164                UART_SBC_Init
 .text.UART_SBC_Enable
                0x000081a4       0x60 .\ARM_GCC_541\Debug\Proj07_hamflyAPI_stateMachineUpgrade.a(UART_SBC.o)
                0x000081a4                UART_SBC_Enable
 .text.UART_SBC_ClearRxBuffer
                0x00008204       0x44 .\ARM_GCC_541\Debug\Proj07_hamflyAPI_stateMachineUpgrade.a(UART_SBC.o)
                0x00008204                UART_SBC_ClearRxBuffer
 .text.UART_SBC_PutChar
                0x00008248       0x34 .\ARM_GCC_541\Debug\Proj07_hamflyAPI_stateMachineUpgrade.a(UART_SBC.o)
                0x00008248                UART_SBC_PutChar
 .text.UART_SBC_ClearTxBuffer
                0x0000827c       0x44 .\ARM_GCC_541\Debug\Proj07_hamflyAPI_stateMachineUpgrade.a(UART_SBC.o)
                0x0000827c                UART_SBC_ClearTxBuffer
 .text.isr_rx_sbc_StartEx
                0x000082c0       0x24 .\ARM_GCC_541\Debug\Proj07_hamflyAPI_stateMachineUpgrade.a(isr_rx_sbc.o)
                0x000082c0                isr_rx_sbc_StartEx
 .text.isr_rx_sbc_SetVector
                0x000082e4       0x24 .\ARM_GCC_541\Debug\Proj07_hamflyAPI_stateMachineUpgrade.a(isr_rx_sbc.o)
                0x000082e4                isr_rx_sbc_SetVector
 .text.isr_rx_sbc_SetPriority
                0x00008308       0x24 .\ARM_GCC_541\Debug\Proj07_hamflyAPI_stateMachineUpgrade.a(isr_rx_sbc.o)
                0x00008308                isr_rx_sbc_SetPriority
 .text.isr_rx_sbc_Enable
                0x0000832c       0x18 .\ARM_GCC_541\Debug\Proj07_hamflyAPI_stateMachineUpgrade.a(isr_rx_sbc.o)
                0x0000832c                isr_rx_sbc_Enable
 .text.isr_rx_sbc_Disable
                0x00008344       0x18 .\ARM_GCC_541\Debug\Proj07_hamflyAPI_stateMachineUpgrade.a(isr_rx_sbc.o)
                0x00008344                isr_rx_sbc_Disable
 .text.UART_SBC_IntClock_Start
                0x0000835c       0x34 .\ARM_GCC_541\Debug\Proj07_hamflyAPI_stateMachineUpgrade.a(UART_SBC_IntClock.o)
                0x0000835c                UART_SBC_IntClock_Start
 .text          0x00008390       0x54 .\ARM_GCC_541\Debug\Proj07_hamflyAPI_stateMachineUpgrade.a(CyBootAsmGnu.o)
                0x00008390                CyDelayCycles
                0x000083ce                CyEnterCriticalSection
                0x000083d6                CyExitCriticalSection
 .text.asinf    0x000083e4       0xa4 c:/program files (x86)/cypress/psoc creator/4.4/psoc creator/import/gnu/arm/5.4.1/bin/../lib/gcc/arm-none-eabi/5.4.1/../../../../arm-none-eabi/lib/armv7-m\libm.a(lib_a-wf_asin.o)
                0x000083e4                asinf
 .text.atan2f   0x00008488        0x4 c:/program files (x86)/cypress/psoc creator/4.4/psoc creator/import/gnu/arm/5.4.1/bin/../lib/gcc/arm-none-eabi/5.4.1/../../../../arm-none-eabi/lib/armv7-m\libm.a(lib_a-wf_atan2.o)
                0x00008488                atan2f
 .text.__ieee754_asinf
                0x0000848c      0x294 c:/program files (x86)/cypress/psoc creator/4.4/psoc creator/import/gnu/arm/5.4.1/bin/../lib/gcc/arm-none-eabi/5.4.1/../../../../arm-none-eabi/lib/armv7-m\libm.a(lib_a-ef_asin.o)
                0x0000848c                __ieee754_asinf
 .text.__ieee754_atan2f
                0x00008720      0x124 c:/program files (x86)/cypress/psoc creator/4.4/psoc creator/import/gnu/arm/5.4.1/bin/../lib/gcc/arm-none-eabi/5.4.1/../../../../arm-none-eabi/lib/armv7-m\libm.a(lib_a-ef_atan2.o)
                0x00008720                __ieee754_atan2f
 .text.__ieee754_sqrtf
                0x00008844       0xa8 c:/program files (x86)/cypress/psoc creator/4.4/psoc creator/import/gnu/arm/5.4.1/bin/../lib/gcc/arm-none-eabi/5.4.1/../../../../arm-none-eabi/lib/armv7-m\libm.a(lib_a-ef_sqrt.o)
                0x00008844                __ieee754_sqrtf
 .text.matherr  0x000088ec        0x4 c:/program files (x86)/cypress/psoc creator/4.4/psoc creator/import/gnu/arm/5.4.1/bin/../lib/gcc/arm-none-eabi/5.4.1/../../../../arm-none-eabi/lib/armv7-m\libm.a(lib_a-s_matherr.o)
                0x000088ec                matherr
 .text.nan      0x000088f0        0xc c:/program files (x86)/cypress/psoc creator/4.4/psoc creator/import/gnu/arm/5.4.1/bin/../lib/gcc/arm-none-eabi/5.4.1/../../../../arm-none-eabi/lib/armv7-m\libm.a(lib_a-s_nan.o)
                0x000088f0                nan
 .text.atanf    0x000088fc      0x22c c:/program files (x86)/cypress/psoc creator/4.4/psoc creator/import/gnu/arm/5.4.1/bin/../lib/gcc/arm-none-eabi/5.4.1/../../../../arm-none-eabi/lib/armv7-m\libm.a(lib_a-sf_atan.o)
                0x000088fc                atanf
 .text.fabsf    0x00008b28        0x8 c:/program files (x86)/cypress/psoc creator/4.4/psoc creator/import/gnu/arm/5.4.1/bin/../lib/gcc/arm-none-eabi/5.4.1/../../../../arm-none-eabi/lib/armv7-m\libm.a(lib_a-sf_fabs.o)
                0x00008b28                fabsf
 .text          0x00008b30      0x370 c:/program files (x86)/cypress/psoc creator/4.4/psoc creator/import/gnu/arm/5.4.1/bin/../lib/gcc/arm-none-eabi/5.4.1/armv7-m\libgcc.a(_arm_addsubdf3.o)
                0x00008b30                __aeabi_drsub
                0x00008b38                __aeabi_dsub
                0x00008b38                __subdf3
                0x00008b3c                __aeabi_dadd
                0x00008b3c                __adddf3
                0x00008db4                __floatunsidf
                0x00008db4                __aeabi_ui2d
                0x00008dd4                __floatsidf
                0x00008dd4                __aeabi_i2d
                0x00008df8                __aeabi_f2d
                0x00008df8                __extendsfdf2
                0x00008e34                __floatundidf
                0x00008e34                __aeabi_ul2d
                0x00008e44                __floatdidf
                0x00008e44                __aeabi_l2d
 .text          0x00008ea0      0x424 c:/program files (x86)/cypress/psoc creator/4.4/psoc creator/import/gnu/arm/5.4.1/bin/../lib/gcc/arm-none-eabi/5.4.1/armv7-m\libgcc.a(_arm_muldivdf3.o)
                0x00008ea0                __aeabi_dmul
                0x00008ea0                __muldf3
                0x000090f4                __divdf3
                0x000090f4                __aeabi_ddiv
 .text          0x000092c4      0x110 c:/program files (x86)/cypress/psoc creator/4.4/psoc creator/import/gnu/arm/5.4.1/bin/../lib/gcc/arm-none-eabi/5.4.1/armv7-m\libgcc.a(_arm_cmpdf2.o)
                0x000092c4                __gtdf2
                0x000092c4                __gedf2
                0x000092cc                __ltdf2
                0x000092cc                __ledf2
                0x000092d4                __nedf2
                0x000092d4                __eqdf2
                0x000092d4                __cmpdf2
                0x00009350                __aeabi_cdrcmple
                0x00009360                __aeabi_cdcmpeq
                0x00009360                __aeabi_cdcmple
                0x00009370                __aeabi_dcmpeq
                0x00009384                __aeabi_dcmplt
                0x00009398                __aeabi_dcmple
                0x000093ac                __aeabi_dcmpge
                0x000093c0                __aeabi_dcmpgt
 .text          0x000093d4       0x2c c:/program files (x86)/cypress/psoc creator/4.4/psoc creator/import/gnu/arm/5.4.1/bin/../lib/gcc/arm-none-eabi/5.4.1/armv7-m\libgcc.a(_arm_unorddf2.o)
                0x000093d4                __unorddf2
                0x000093d4                __aeabi_dcmpun
 .text          0x00009400       0x50 c:/program files (x86)/cypress/psoc creator/4.4/psoc creator/import/gnu/arm/5.4.1/bin/../lib/gcc/arm-none-eabi/5.4.1/armv7-m\libgcc.a(_arm_fixdfsi.o)
                0x00009400                __aeabi_d2iz
                0x00009400                __fixdfsi
 .text          0x00009450       0xa0 c:/program files (x86)/cypress/psoc creator/4.4/psoc creator/import/gnu/arm/5.4.1/bin/../lib/gcc/arm-none-eabi/5.4.1/armv7-m\libgcc.a(_arm_truncdfsf2.o)
                0x00009450                __truncdfsf2
                0x00009450                __aeabi_d2f
 .text          0x000094f0      0x21c c:/program files (x86)/cypress/psoc creator/4.4/psoc creator/import/gnu/arm/5.4.1/bin/../lib/gcc/arm-none-eabi/5.4.1/armv7-m\libgcc.a(_arm_addsubsf3.o)
                0x000094f0                __aeabi_frsub
                0x000094f8                __subsf3
                0x000094f8                __aeabi_fsub
                0x000094fc                __aeabi_fadd
                0x000094fc                __addsf3
                0x0000965c                __aeabi_ui2f
                0x0000965c                __floatunsisf
                0x00009664                __aeabi_i2f
                0x00009664                __floatsisf
                0x00009680                __aeabi_ul2f
                0x00009680                __floatundisf
                0x00009690                __aeabi_l2f
                0x00009690                __floatdisf
 .text          0x0000970c      0x2a0 c:/program files (x86)/cypress/psoc creator/4.4/psoc creator/import/gnu/arm/5.4.1/bin/../lib/gcc/arm-none-eabi/5.4.1/armv7-m\libgcc.a(_arm_muldivsf3.o)
                0x0000970c                __mulsf3
                0x0000970c                __aeabi_fmul
                0x00009874                __aeabi_fdiv
                0x00009874                __divsf3
 .text          0x000099ac       0xec c:/program files (x86)/cypress/psoc creator/4.4/psoc creator/import/gnu/arm/5.4.1/bin/../lib/gcc/arm-none-eabi/5.4.1/armv7-m\libgcc.a(_arm_cmpsf2.o)
                0x000099ac                __gesf2
                0x000099ac                __gtsf2
                0x000099b4                __lesf2
                0x000099b4                __ltsf2
                0x000099bc                __nesf2
                0x000099bc                __eqsf2
                0x000099bc                __cmpsf2
                0x00009a1c                __aeabi_cfrcmple
                0x00009a24                __aeabi_cfcmpeq
                0x00009a24                __aeabi_cfcmple
                0x00009a34                __aeabi_fcmpeq
                0x00009a48                __aeabi_fcmplt
                0x00009a5c                __aeabi_fcmple
                0x00009a70                __aeabi_fcmpge
                0x00009a84                __aeabi_fcmpgt
 .text          0x00009a98       0x2c c:/program files (x86)/cypress/psoc creator/4.4/psoc creator/import/gnu/arm/5.4.1/bin/../lib/gcc/arm-none-eabi/5.4.1/armv7-m\libgcc.a(_arm_unordsf2.o)
                0x00009a98                __unordsf2
                0x00009a98                __aeabi_fcmpun
 .text          0x00009ac4       0x4c c:/program files (x86)/cypress/psoc creator/4.4/psoc creator/import/gnu/arm/5.4.1/bin/../lib/gcc/arm-none-eabi/5.4.1/armv7-m\libgcc.a(_arm_fixsfsi.o)
                0x00009ac4                __aeabi_f2iz
                0x00009ac4                __fixsfsi
 .text          0x00009b10       0x40 c:/program files (x86)/cypress/psoc creator/4.4/psoc creator/import/gnu/arm/5.4.1/bin/../lib/gcc/arm-none-eabi/5.4.1/armv7-m\libgcc.a(_arm_fixunssfsi.o)
                0x00009b10                __fixunssfsi
                0x00009b10                __aeabi_f2uiz
 .text.__errno  0x00009b50        0xc c:/program files (x86)/cypress/psoc creator/4.4/psoc creator/import/gnu/arm/5.4.1/bin/../lib/gcc/arm-none-eabi/5.4.1/../../../../arm-none-eabi/lib/armv7-m\libg_nano.a(lib_a-errno.o)
                0x00009b50                __errno
 .text.__libc_init_array
                0x00009b5c       0x4c c:/program files (x86)/cypress/psoc creator/4.4/psoc creator/import/gnu/arm/5.4.1/bin/../lib/gcc/arm-none-eabi/5.4.1/../../../../arm-none-eabi/lib/armv7-m\libg_nano.a(lib_a-init.o)
                0x00009b5c                __libc_init_array
 .text.memcpy   0x00009ba8       0x16 c:/program files (x86)/cypress/psoc creator/4.4/psoc creator/import/gnu/arm/5.4.1/bin/../lib/gcc/arm-none-eabi/5.4.1/../../../../arm-none-eabi/lib/armv7-m\libg_nano.a(lib_a-memcpy-stub.o)
                0x00009ba8                memcpy
 .text.memset   0x00009bbe       0x10 c:/program files (x86)/cypress/psoc creator/4.4/psoc creator/import/gnu/arm/5.4.1/bin/../lib/gcc/arm-none-eabi/5.4.1/../../../../arm-none-eabi/lib/armv7-m\libg_nano.a(lib_a-memset.o)
                0x00009bbe                memset
 .text.__cvt    0x00009bce       0xc0 c:/program files (x86)/cypress/psoc creator/4.4/psoc creator/import/gnu/arm/5.4.1/bin/../lib/gcc/arm-none-eabi/5.4.1/../../../../arm-none-eabi/lib/armv7-m\libg_nano.a(lib_a-nano-vfprintf_float.o)
                0x00009bce                __cvt
 .text.__exponent
                0x00009c8e       0x62 c:/program files (x86)/cypress/psoc creator/4.4/psoc creator/import/gnu/arm/5.4.1/bin/../lib/gcc/arm-none-eabi/5.4.1/../../../../arm-none-eabi/lib/armv7-m\libg_nano.a(lib_a-nano-vfprintf_float.o)
                0x00009c8e                __exponent
 .text._printf_float
                0x00009cf0      0x488 c:/program files (x86)/cypress/psoc creator/4.4/psoc creator/import/gnu/arm/5.4.1/bin/../lib/gcc/arm-none-eabi/5.4.1/../../../../arm-none-eabi/lib/armv7-m\libg_nano.a(lib_a-nano-vfprintf_float.o)
                0x00009cf0                _printf_float
 .text._printf_common
                0x0000a178       0xec c:/program files (x86)/cypress/psoc creator/4.4/psoc creator/import/gnu/arm/5.4.1/bin/../lib/gcc/arm-none-eabi/5.4.1/../../../../arm-none-eabi/lib/armv7-m\libg_nano.a(lib_a-nano-vfprintf_i.o)
                0x0000a178                _printf_common
 .text._printf_i
                0x0000a264      0x24c c:/program files (x86)/cypress/psoc creator/4.4/psoc creator/import/gnu/arm/5.4.1/bin/../lib/gcc/arm-none-eabi/5.4.1/../../../../arm-none-eabi/lib/armv7-m\libg_nano.a(lib_a-nano-vfprintf_i.o)
                0x0000a264                _printf_i
 .text.snprintf
                0x0000a4b0       0x64 c:/program files (x86)/cypress/psoc creator/4.4/psoc creator/import/gnu/arm/5.4.1/bin/../lib/gcc/arm-none-eabi/5.4.1/../../../../arm-none-eabi/lib/armv7-m\libg_nano.a(lib_a-snprintf.o)
                0x0000a4b0                sniprintf
                0x0000a4b0                snprintf
 .text          0x0000a514       0x10 c:/program files (x86)/cypress/psoc creator/4.4/psoc creator/import/gnu/arm/5.4.1/bin/../lib/gcc/arm-none-eabi/5.4.1/../../../../arm-none-eabi/lib/armv7-m\libg_nano.a(lib_a-strlen.o)
                0x0000a514                strlen
 .text.quorem   0x0000a524      0x116 c:/program files (x86)/cypress/psoc creator/4.4/psoc creator/import/gnu/arm/5.4.1/bin/../lib/gcc/arm-none-eabi/5.4.1/../../../../arm-none-eabi/lib/armv7-m\libg_nano.a(lib_a-dtoa.o)
 *fill*         0x0000a63a        0x6 
 .text._dtoa_r  0x0000a640      0xb30 c:/program files (x86)/cypress/psoc creator/4.4/psoc creator/import/gnu/arm/5.4.1/bin/../lib/gcc/arm-none-eabi/5.4.1/../../../../arm-none-eabi/lib/armv7-m\libg_nano.a(lib_a-dtoa.o)
                0x0000a640                _dtoa_r
 .text._localeconv_r
                0x0000b170        0x8 c:/program files (x86)/cypress/psoc creator/4.4/psoc creator/import/gnu/arm/5.4.1/bin/../lib/gcc/arm-none-eabi/5.4.1/../../../../arm-none-eabi/lib/armv7-m\libg_nano.a(lib_a-locale.o)
                0x0000b170                _localeconv_r
 .text.malloc   0x0000b178       0x10 c:/program files (x86)/cypress/psoc creator/4.4/psoc creator/import/gnu/arm/5.4.1/bin/../lib/gcc/arm-none-eabi/5.4.1/../../../../arm-none-eabi/lib/armv7-m\libg_nano.a(lib_a-malloc.o)
                0x0000b178                malloc
 .text.memchr   0x0000b188       0x1c c:/program files (x86)/cypress/psoc creator/4.4/psoc creator/import/gnu/arm/5.4.1/bin/../lib/gcc/arm-none-eabi/5.4.1/../../../../arm-none-eabi/lib/armv7-m\libg_nano.a(lib_a-memchr-stub.o)
                0x0000b188                memchr
 .text._Balloc  0x0000b1a4       0x6a c:/program files (x86)/cypress/psoc creator/4.4/psoc creator/import/gnu/arm/5.4.1/bin/../lib/gcc/arm-none-eabi/5.4.1/../../../../arm-none-eabi/lib/armv7-m\libg_nano.a(lib_a-mprec.o)
                0x0000b1a4                _Balloc
 .text._Bfree   0x0000b20e       0x2e c:/program files (x86)/cypress/psoc creator/4.4/psoc creator/import/gnu/arm/5.4.1/bin/../lib/gcc/arm-none-eabi/5.4.1/../../../../arm-none-eabi/lib/armv7-m\libg_nano.a(lib_a-mprec.o)
                0x0000b20e                _Bfree
 .text.__multadd
                0x0000b23c       0x76 c:/program files (x86)/cypress/psoc creator/4.4/psoc creator/import/gnu/arm/5.4.1/bin/../lib/gcc/arm-none-eabi/5.4.1/../../../../arm-none-eabi/lib/armv7-m\libg_nano.a(lib_a-mprec.o)
                0x0000b23c                __multadd
 .text.__hi0bits
                0x0000b2b2       0x40 c:/program files (x86)/cypress/psoc creator/4.4/psoc creator/import/gnu/arm/5.4.1/bin/../lib/gcc/arm-none-eabi/5.4.1/../../../../arm-none-eabi/lib/armv7-m\libg_nano.a(lib_a-mprec.o)
                0x0000b2b2                __hi0bits
 .text.__lo0bits
                0x0000b2f2       0x5a c:/program files (x86)/cypress/psoc creator/4.4/psoc creator/import/gnu/arm/5.4.1/bin/../lib/gcc/arm-none-eabi/5.4.1/../../../../arm-none-eabi/lib/armv7-m\libg_nano.a(lib_a-mprec.o)
                0x0000b2f2                __lo0bits
 .text.__i2b    0x0000b34c       0x12 c:/program files (x86)/cypress/psoc creator/4.4/psoc creator/import/gnu/arm/5.4.1/bin/../lib/gcc/arm-none-eabi/5.4.1/../../../../arm-none-eabi/lib/armv7-m\libg_nano.a(lib_a-mprec.o)
                0x0000b34c                __i2b
 .text.__multiply
                0x0000b35e      0x120 c:/program files (x86)/cypress/psoc creator/4.4/psoc creator/import/gnu/arm/5.4.1/bin/../lib/gcc/arm-none-eabi/5.4.1/../../../../arm-none-eabi/lib/armv7-m\libg_nano.a(lib_a-mprec.o)
                0x0000b35e                __multiply
 *fill*         0x0000b47e        0x2 
 .text.__pow5mult
                0x0000b480       0x9c c:/program files (x86)/cypress/psoc creator/4.4/psoc creator/import/gnu/arm/5.4.1/bin/../lib/gcc/arm-none-eabi/5.4.1/../../../../arm-none-eabi/lib/armv7-m\libg_nano.a(lib_a-mprec.o)
                0x0000b480                __pow5mult
 .text.__lshift
                0x0000b51c       0xa2 c:/program files (x86)/cypress/psoc creator/4.4/psoc creator/import/gnu/arm/5.4.1/bin/../lib/gcc/arm-none-eabi/5.4.1/../../../../arm-none-eabi/lib/armv7-m\libg_nano.a(lib_a-mprec.o)
                0x0000b51c                __lshift
 .text.__mcmp   0x0000b5be       0x38 c:/program files (x86)/cypress/psoc creator/4.4/psoc creator/import/gnu/arm/5.4.1/bin/../lib/gcc/arm-none-eabi/5.4.1/../../../../arm-none-eabi/lib/armv7-m\libg_nano.a(lib_a-mprec.o)
                0x0000b5be                __mcmp
 .text.__mdiff  0x0000b5f6       0xbe c:/program files (x86)/cypress/psoc creator/4.4/psoc creator/import/gnu/arm/5.4.1/bin/../lib/gcc/arm-none-eabi/5.4.1/../../../../arm-none-eabi/lib/armv7-m\libg_nano.a(lib_a-mprec.o)
                0x0000b5f6                __mdiff
 .text.__d2b    0x0000b6b4       0x9c c:/program files (x86)/cypress/psoc creator/4.4/psoc creator/import/gnu/arm/5.4.1/bin/../lib/gcc/arm-none-eabi/5.4.1/../../../../arm-none-eabi/lib/armv7-m\libg_nano.a(lib_a-mprec.o)
                0x0000b6b4                __d2b
 .text._calloc_r
                0x0000b750       0x1c c:/program files (x86)/cypress/psoc creator/4.4/psoc creator/import/gnu/arm/5.4.1/bin/../lib/gcc/arm-none-eabi/5.4.1/../../../../arm-none-eabi/lib/armv7-m\libg_nano.a(lib_a-nano-callocr.o)
                0x0000b750                _calloc_r
 .text._free_r  0x0000b76c       0x98 c:/program files (x86)/cypress/psoc creator/4.4/psoc creator/import/gnu/arm/5.4.1/bin/../lib/gcc/arm-none-eabi/5.4.1/../../../../arm-none-eabi/lib/armv7-m\libg_nano.a(lib_a-nano-freer.o)
                0x0000b76c                _free_r
 .text._malloc_r
                0x0000b804       0xbc c:/program files (x86)/cypress/psoc creator/4.4/psoc creator/import/gnu/arm/5.4.1/bin/../lib/gcc/arm-none-eabi/5.4.1/../../../../arm-none-eabi/lib/armv7-m\libg_nano.a(lib_a-nano-mallocr.o)
                0x0000b804                _malloc_r
 .text.__ssputs_r
                0x0000b8c0       0xb2 c:/program files (x86)/cypress/psoc creator/4.4/psoc creator/import/gnu/arm/5.4.1/bin/../lib/gcc/arm-none-eabi/5.4.1/../../../../arm-none-eabi/lib/armv7-m\libg_nano.a(lib_a-nano-svfprintf.o)
                0x0000b8c0                __ssputs_r
 *fill*         0x0000b972        0x2 
 .text._svfprintf_r
                0x0000b974      0x1e8 c:/program files (x86)/cypress/psoc creator/4.4/psoc creator/import/gnu/arm/5.4.1/bin/../lib/gcc/arm-none-eabi/5.4.1/../../../../arm-none-eabi/lib/armv7-m\libg_nano.a(lib_a-nano-svfprintf.o)
                0x0000b974                _svfiprintf_r
                0x0000b974                _svfprintf_r
 .text._sbrk_r  0x0000bb5c       0x20 c:/program files (x86)/cypress/psoc creator/4.4/psoc creator/import/gnu/arm/5.4.1/bin/../lib/gcc/arm-none-eabi/5.4.1/../../../../arm-none-eabi/lib/armv7-m\libg_nano.a(lib_a-sbrkr.o)
                0x0000bb5c                _sbrk_r
 .text.memmove  0x0000bb7c       0x36 c:/program files (x86)/cypress/psoc creator/4.4/psoc creator/import/gnu/arm/5.4.1/bin/../lib/gcc/arm-none-eabi/5.4.1/../../../../arm-none-eabi/lib/armv7-m\libg_nano.a(lib_a-memmove.o)
                0x0000bb7c                memmove
 .text.__malloc_lock
                0x0000bbb2        0x2 c:/program files (x86)/cypress/psoc creator/4.4/psoc creator/import/gnu/arm/5.4.1/bin/../lib/gcc/arm-none-eabi/5.4.1/../../../../arm-none-eabi/lib/armv7-m\libg_nano.a(lib_a-mlock.o)
                0x0000bbb2                __malloc_lock
 .text.__malloc_unlock
                0x0000bbb4        0x2 c:/program files (x86)/cypress/psoc creator/4.4/psoc creator/import/gnu/arm/5.4.1/bin/../lib/gcc/arm-none-eabi/5.4.1/../../../../arm-none-eabi/lib/armv7-m\libg_nano.a(lib_a-mlock.o)
                0x0000bbb4                __malloc_unlock
 .text._realloc_r
                0x0000bbb6       0x4c c:/program files (x86)/cypress/psoc creator/4.4/psoc creator/import/gnu/arm/5.4.1/bin/../lib/gcc/arm-none-eabi/5.4.1/../../../../arm-none-eabi/lib/armv7-m\libg_nano.a(lib_a-nano-reallocr.o)
                0x0000bbb6                _realloc_r
 .text._malloc_usable_size_r
                0x0000bc02       0x14 c:/program files (x86)/cypress/psoc creator/4.4/psoc creator/import/gnu/arm/5.4.1/bin/../lib/gcc/arm-none-eabi/5.4.1/../../../../arm-none-eabi/lib/armv7-m\libg_nano.a(lib_a-nano-msizer.o)
                0x0000bc02                _malloc_usable_size_r
 *(.plt)
 *(.gnu.warning)
 *(.glue_7t)
 .glue_7t       0x0000bc16        0x0 linker stubs
 *(.glue_7)
 .glue_7        0x0000bc16        0x0 linker stubs
 *(.vfp11_veneer)
 .vfp11_veneer  0x0000bc16        0x0 linker stubs
 *(.bootloader)
 *(.ARM.extab* .gnu.linkonce.armextab.*)
 *(.gcc_except_table)

.v4_bx          0x0000bc18        0x0
 .v4_bx         0x0000bc18        0x0 linker stubs

.iplt           0x0000bc18        0x0
 .iplt          0x0000bc18        0x0 c:/program files (x86)/cypress/psoc creator/4.4/psoc creator/import/gnu/arm/5.4.1/bin/../lib/gcc/arm-none-eabi/5.4.1/armv7-m/crtbegin.o

.eh_frame_hdr
 *(.eh_frame_hdr)

.eh_frame       0x0000bc18        0x4
 *(.eh_frame)
 .eh_frame      0x0000bc18        0x0 c:/program files (x86)/cypress/psoc creator/4.4/psoc creator/import/gnu/arm/5.4.1/bin/../lib/gcc/arm-none-eabi/5.4.1/armv7-m/crtbegin.o
 .eh_frame      0x0000bc18        0x4 c:/program files (x86)/cypress/psoc creator/4.4/psoc creator/import/gnu/arm/5.4.1/bin/../lib/gcc/arm-none-eabi/5.4.1/armv7-m/crtend.o
                [!provide]                PROVIDE (__exidx_start, .)

.ARM.exidx
 *(.ARM.exidx* .gnu.linkonce.armexidx.*)
                0x0000bc1c                __exidx_end = .

.rodata         0x0000bc20      0xa68
 *(.rodata .rodata.* .gnu.linkonce.r.*)
 .rodata        0x0000bc20      0x23e .\ARM_GCC_541\Debug\main.o
 *fill*         0x0000be5e        0x2 
 .rodata        0x0000be60      0x506 .\ARM_GCC_541\Debug\app_statemachine.o
 *fill*         0x0000c366        0x2 
 .rodata        0x0000c368      0x100 .\ARM_GCC_541\Debug\sbc_comms.o
 .rodata        0x0000c468        0x4 .\ARM_GCC_541\Debug\hamfly_core_telemetry.o
 .rodata        0x0000c46c       0x56 .\ARM_GCC_541\Debug\cyfitter_cfg.o
                0x0000c46c                AMux_1__addrTable
                0x0000c47c                AMux_1__maskTable
                0x0000c480                ADC_DelSig_1_AMux__addrTable
                0x0000c488                ADC_DelSig_1_AMux__maskTable
 *fill*         0x0000c4c2        0x2 
 .rodata.str1.4
                0x0000c4c4        0xc c:/program files (x86)/cypress/psoc creator/4.4/psoc creator/import/gnu/arm/5.4.1/bin/../lib/gcc/arm-none-eabi/5.4.1/../../../../arm-none-eabi/lib/armv7-m\libm.a(lib_a-wf_asin.o)
                                  0x9 (size before relaxing)
 .rodata.atanlo
                0x0000c4d0       0x10 c:/program files (x86)/cypress/psoc creator/4.4/psoc creator/import/gnu/arm/5.4.1/bin/../lib/gcc/arm-none-eabi/5.4.1/../../../../arm-none-eabi/lib/armv7-m\libm.a(lib_a-sf_atan.o)
 .rodata.atanhi
                0x0000c4e0       0x10 c:/program files (x86)/cypress/psoc creator/4.4/psoc creator/import/gnu/arm/5.4.1/bin/../lib/gcc/arm-none-eabi/5.4.1/../../../../arm-none-eabi/lib/armv7-m\libm.a(lib_a-sf_atan.o)
 .rodata.str1.1
                0x0000c4f0        0x2 c:/program files (x86)/cypress/psoc creator/4.4/psoc creator/import/gnu/arm/5.4.1/bin/../lib/gcc/arm-none-eabi/5.4.1/../../../../arm-none-eabi/lib/armv7-m\libg_nano.a(lib_a-impure.o)
 .rodata.str1.1
                0x0000c4f2       0x12 c:/program files (x86)/cypress/psoc creator/4.4/psoc creator/import/gnu/arm/5.4.1/bin/../lib/gcc/arm-none-eabi/5.4.1/../../../../arm-none-eabi/lib/armv7-m\libg_nano.a(lib_a-nano-vfprintf_float.o)
 .rodata.str1.1
                0x0000c504       0x22 c:/program files (x86)/cypress/psoc creator/4.4/psoc creator/import/gnu/arm/5.4.1/bin/../lib/gcc/arm-none-eabi/5.4.1/../../../../arm-none-eabi/lib/armv7-m\libg_nano.a(lib_a-nano-vfprintf_i.o)
 .rodata.str1.1
                0x0000c526        0xd c:/program files (x86)/cypress/psoc creator/4.4/psoc creator/import/gnu/arm/5.4.1/bin/../lib/gcc/arm-none-eabi/5.4.1/../../../../arm-none-eabi/lib/armv7-m\libg_nano.a(lib_a-dtoa.o)
                                  0xf (size before relaxing)
 .rodata.str1.1
                0x0000c533        0x8 c:/program files (x86)/cypress/psoc creator/4.4/psoc creator/import/gnu/arm/5.4.1/bin/../lib/gcc/arm-none-eabi/5.4.1/../../../../arm-none-eabi/lib/armv7-m\libg_nano.a(lib_a-locale.o)
                                  0xb (size before relaxing)
 *fill*         0x0000c53b        0x5 
 .rodata.__mprec_tens
                0x0000c540       0xc8 c:/program files (x86)/cypress/psoc creator/4.4/psoc creator/import/gnu/arm/5.4.1/bin/../lib/gcc/arm-none-eabi/5.4.1/../../../../arm-none-eabi/lib/armv7-m\libg_nano.a(lib_a-mprec.o)
                0x0000c540                __mprec_tens
 .rodata.p05.5408
                0x0000c608        0xc c:/program files (x86)/cypress/psoc creator/4.4/psoc creator/import/gnu/arm/5.4.1/bin/../lib/gcc/arm-none-eabi/5.4.1/../../../../arm-none-eabi/lib/armv7-m\libg_nano.a(lib_a-mprec.o)
 *fill*         0x0000c614        0x4 
 .rodata.__mprec_bigtens
                0x0000c618       0x28 c:/program files (x86)/cypress/psoc creator/4.4/psoc creator/import/gnu/arm/5.4.1/bin/../lib/gcc/arm-none-eabi/5.4.1/../../../../arm-none-eabi/lib/armv7-m\libg_nano.a(lib_a-mprec.o)
                0x0000c618                __mprec_bigtens
 .rodata.str1.1
                0x0000c640       0x11 c:/program files (x86)/cypress/psoc creator/4.4/psoc creator/import/gnu/arm/5.4.1/bin/../lib/gcc/arm-none-eabi/5.4.1/../../../../arm-none-eabi/lib/armv7-m\libg_nano.a(lib_a-nano-svfprintf.o)
                0x0000c654                . = ALIGN (0x4)
 *fill*         0x0000c651        0x3 
 *(.init)
 .init          0x0000c654        0x4 c:/program files (x86)/cypress/psoc creator/4.4/psoc creator/import/gnu/arm/5.4.1/bin/../lib/gcc/arm-none-eabi/5.4.1/armv7-m/crti.o
                0x0000c654                _init
 .init          0x0000c658        0x8 c:/program files (x86)/cypress/psoc creator/4.4/psoc creator/import/gnu/arm/5.4.1/bin/../lib/gcc/arm-none-eabi/5.4.1/armv7-m/crtn.o
                0x0000c660                . = ALIGN (0x4)
                0x0000c660                __preinit_array_start = .
 *(.preinit_array)
                0x0000c660                __preinit_array_end = .
                0x0000c660                . = ALIGN (0x4)
                0x0000c660                __init_array_start = .
 *(SORT(.init_array.*))
 *(.init_array)
 .init_array    0x0000c660        0x4 c:/program files (x86)/cypress/psoc creator/4.4/psoc creator/import/gnu/arm/5.4.1/bin/../lib/gcc/arm-none-eabi/5.4.1/armv7-m/crtbegin.o
 .init_array    0x0000c664        0x4 .\ARM_GCC_541\Debug\Cm3Start.o
                0x0000c668                __init_array_end = .
                0x0000c668                . = ALIGN (0x4)
 *(.fini)
 .fini          0x0000c668        0x4 c:/program files (x86)/cypress/psoc creator/4.4/psoc creator/import/gnu/arm/5.4.1/bin/../lib/gcc/arm-none-eabi/5.4.1/armv7-m/crti.o
                0x0000c668                _fini
 .fini          0x0000c66c        0x8 c:/program files (x86)/cypress/psoc creator/4.4/psoc creator/import/gnu/arm/5.4.1/bin/../lib/gcc/arm-none-eabi/5.4.1/armv7-m/crtn.o
                0x0000c674                . = ALIGN (0x4)
                0x0000c674                __fini_array_start = .
 *(.fini_array)
 .fini_array    0x0000c674        0x4 c:/program files (x86)/cypress/psoc creator/4.4/psoc creator/import/gnu/arm/5.4.1/bin/../lib/gcc/arm-none-eabi/5.4.1/armv7-m/crtbegin.o
 *(SORT(.fini_array.*))
                0x0000c678                __fini_array_end = .
                0x0000c678                . = ALIGN (0x4)
 *crtbegin.o(.ctors)
 *(EXCLUDE_FILE(*crtend.o) .ctors)
 *(SORT(.ctors.*))
 *crtend.o(.ctors)
                0x0000c678                . = ALIGN (0x4)
 *crtbegin.o(.dtors)
 *(EXCLUDE_FILE(*crtend.o) .dtors)
 *(SORT(.dtors.*))
 *crtend.o(.dtors)
                0x0000c678                . = ALIGN (0x4)
                0x0000c678                __cy_regions = .
                0x0000c678        0x4 LONG 0xc688 __cy_region_init_ram
                0x0000c67c        0x4 LONG 0x1fff80c8 __cy_region_start_data
                0x0000c680        0x4 LONG 0x170 __cy_region_init_size_ram
                0x0000c684        0x4 LONG 0x550 __cy_region_zero_size_ram
                0x0000c688                __cy_regions_end = .
                0x0000c688                . = ALIGN (0x8)
                0x0000c688                _etext = .

.cy_checksum_exclude
                0x0000c688        0x0
 *(.cy_checksum_exclude)

.ramvectors     0x1fff8000       0xc0
                0x1fff8000                __cy_region_start_ram = .
 *(.ramvectors)
 .ramvectors    0x1fff8000       0xc0 .\ARM_GCC_541\Debug\Cm3Start.o
                0x1fff8000                CyRamVectors

.noinit         0x1fff80c0        0x5
 *(.noinit)
 .noinit        0x1fff80c0        0x4 .\ARM_GCC_541\Debug\Cm3Start.o
 .noinit        0x1fff80c4        0x1 .\ARM_GCC_541\Debug\Proj07_hamflyAPI_stateMachineUpgrade.a(CyLib.o)
                0x1fff80c4                CyResetStatus

.data           0x1fff80c8      0x170 load address 0x0000c688
                0x1fff80c8                __cy_region_start_data = .
 *(.jcr)
 .jcr           0x1fff80c8        0x0 c:/program files (x86)/cypress/psoc creator/4.4/psoc creator/import/gnu/arm/5.4.1/bin/../lib/gcc/arm-none-eabi/5.4.1/armv7-m/crtbegin.o
 .jcr           0x1fff80c8        0x4 c:/program files (x86)/cypress/psoc creator/4.4/psoc creator/import/gnu/arm/5.4.1/bin/../lib/gcc/arm-none-eabi/5.4.1/armv7-m/crtend.o
 *(.got.plt)
 *(.got)
 *(.shdata)
 *(.data .data.* .gnu.linkonce.d.*)
 .data          0x1fff80cc        0x4 .\ARM_GCC_541\Debug\joystick.o
 .data          0x1fff80d0        0x8 .\ARM_GCC_541\Debug\app_statemachine.o
 .data          0x1fff80d8       0x30 .\ARM_GCC_541\Debug\telemetry.o
 .data          0x1fff8108       0x74 .\ARM_GCC_541\Debug\hamfly_qx_app.o
                0x1fff8108                FreeflyAPI
 .data          0x1fff817c        0x4 .\ARM_GCC_541\Debug\Cm3Start.o
 .data          0x1fff8180        0x1 .\ARM_GCC_541\Debug\Proj07_hamflyAPI_stateMachineUpgrade.a(ADC_DelSig_1.o)
                0x1fff8180                ADC_DelSig_1_Config
 .data          0x1fff8181        0x1 .\ARM_GCC_541\Debug\Proj07_hamflyAPI_stateMachineUpgrade.a(AMux_1.o)
 .data          0x1fff8182        0x1 .\ARM_GCC_541\Debug\Proj07_hamflyAPI_stateMachineUpgrade.a(ADC_DelSig_1_AMux.o)
 *fill*         0x1fff8183        0x1 
 .data          0x1fff8184       0x10 .\ARM_GCC_541\Debug\Proj07_hamflyAPI_stateMachineUpgrade.a(CyLib.o)
                0x1fff8184                cydelay_freq_hz
                0x1fff8188                cydelay_freq_khz
                0x1fff818c                cydelay_freq_mhz
                0x1fff8190                cydelay_32k_ms
 .data.__fdlib_version
                0x1fff8194        0x1 c:/program files (x86)/cypress/psoc creator/4.4/psoc creator/import/gnu/arm/5.4.1/bin/../lib/gcc/arm-none-eabi/5.4.1/../../../../arm-none-eabi/lib/armv7-m\libm.a(lib_a-s_lib_ver.o)
                0x1fff8194                __fdlib_version
 *fill*         0x1fff8195        0x3 
 .data.impure_data
                0x1fff8198       0x60 c:/program files (x86)/cypress/psoc creator/4.4/psoc creator/import/gnu/arm/5.4.1/bin/../lib/gcc/arm-none-eabi/5.4.1/../../../../arm-none-eabi/lib/armv7-m\libg_nano.a(lib_a-impure.o)
 .data._impure_ptr
                0x1fff81f8        0x4 c:/program files (x86)/cypress/psoc creator/4.4/psoc creator/import/gnu/arm/5.4.1/bin/../lib/gcc/arm-none-eabi/5.4.1/../../../../arm-none-eabi/lib/armv7-m\libg_nano.a(lib_a-impure.o)
                0x1fff81f8                _impure_ptr
 .data.lconv    0x1fff81fc       0x38 c:/program files (x86)/cypress/psoc creator/4.4/psoc creator/import/gnu/arm/5.4.1/bin/../lib/gcc/arm-none-eabi/5.4.1/../../../../arm-none-eabi/lib/armv7-m\libg_nano.a(lib_a-locale.o)
                0x1fff8238                . = ALIGN (0x8)
 *fill*         0x1fff8234        0x4 
 *(.ram)
                0x1fff8238                _edata = .

.igot.plt       0x1fff8238        0x0 load address 0x0000c7f8
 .igot.plt      0x1fff8238        0x0 c:/program files (x86)/cypress/psoc creator/4.4/psoc creator/import/gnu/arm/5.4.1/bin/../lib/gcc/arm-none-eabi/5.4.1/armv7-m/crtbegin.o

.bss            0x1fff8238      0x550 load address 0x0000c7f8
                0x1fff8238                PROVIDE (__bss_start__, .)
 *(.shbss)
 *(.bss .bss.* .gnu.linkonce.b.*)
 .bss           0x1fff8238       0x1c c:/program files (x86)/cypress/psoc creator/4.4/psoc creator/import/gnu/arm/5.4.1/bin/../lib/gcc/arm-none-eabi/5.4.1/armv7-m/crtbegin.o
 .bss           0x1fff8254      0x384 .\ARM_GCC_541\Debug\main.o
                0x1fff85d4                g_tick_ms
 .bss           0x1fff85d8        0x8 .\ARM_GCC_541\Debug\adc_balanced.o
 .bss           0x1fff85e0       0x42 .\ARM_GCC_541\Debug\joystick.o
 *fill*         0x1fff8622        0x2 
 .bss           0x1fff8624        0x8 .\ARM_GCC_541\Debug\app_statemachine.o
 .bss           0x1fff862c       0x78 .\ARM_GCC_541\Debug\sbc_comms.o
 .bss           0x1fff86a4        0x4 .\ARM_GCC_541\Debug\hamfly_qx_app.o
                0x1fff86a4                qx_active_gimbal_ptr
 .bss           0x1fff86a8        0x9 .\ARM_GCC_541\Debug\hamfly_qx_protocol.o
                0x1fff86a8                QX_BuildHeader_Legacy
                0x1fff86ac                QX_ParseHeader_Legacy
 *fill*         0x1fff86b1        0x3 
 .bss           0x1fff86b4        0xc .\ARM_GCC_541\Debug\Proj07_hamflyAPI_stateMachineUpgrade.a(ADC_DelSig_1.o)
                0x1fff86b4                ADC_DelSig_1_convDone
                0x1fff86b5                ADC_DelSig_1_stopConversion
                0x1fff86b6                ADC_DelSig_1_initVar
                0x1fff86b7                ADC_DelSig_1_started
                0x1fff86b8                ADC_DelSig_1_Offset
 .bss           0x1fff86c0        0x2 .\ARM_GCC_541\Debug\Proj07_hamflyAPI_stateMachineUpgrade.a(UART_MOVI.o)
                0x1fff86c0                UART_MOVI_initVar
 .bss           0x1fff86c2        0x1 .\ARM_GCC_541\Debug\Proj07_hamflyAPI_stateMachineUpgrade.a(Looptimer.o)
                0x1fff86c2                Looptimer_initVar
 *fill*         0x1fff86c3        0x1 
 .bss           0x1fff86c4        0x8 .\ARM_GCC_541\Debug\Proj07_hamflyAPI_stateMachineUpgrade.a(CySpc.o)
                0x1fff86c4                SpcLockState
 .bss           0x1fff86cc        0x2 .\ARM_GCC_541\Debug\Proj07_hamflyAPI_stateMachineUpgrade.a(UART_DEBUG.o)
                0x1fff86cc                UART_DEBUG_initVar
 .bss           0x1fff86ce        0x2 .\ARM_GCC_541\Debug\Proj07_hamflyAPI_stateMachineUpgrade.a(UART_SBC.o)
                0x1fff86ce                UART_SBC_initVar
 .bss.__malloc_sbrk_start
                0x1fff86d0        0x4 c:/program files (x86)/cypress/psoc creator/4.4/psoc creator/import/gnu/arm/5.4.1/bin/../lib/gcc/arm-none-eabi/5.4.1/../../../../arm-none-eabi/lib/armv7-m\libg_nano.a(lib_a-nano-mallocr.o)
                0x1fff86d0                __malloc_sbrk_start
 .bss.__malloc_free_list
                0x1fff86d4        0x4 c:/program files (x86)/cypress/psoc creator/4.4/psoc creator/import/gnu/arm/5.4.1/bin/../lib/gcc/arm-none-eabi/5.4.1/../../../../arm-none-eabi/lib/armv7-m\libg_nano.a(lib_a-nano-mallocr.o)
                0x1fff86d4                __malloc_free_list
 *(COMMON)
 COMMON         0x1fff86d8       0xa4 .\ARM_GCC_541\Debug\hamfly_qx_protocol.o
                0x1fff86d8                rw
                0x1fff86dc                QX_Clients
                0x1fff86e4                QX_CommsPorts
                0x1fff8770                QX_Servers
                0x1fff8778                msgPtr
 COMMON         0x1fff877c        0x4 .\ARM_GCC_541\Debug\Proj07_hamflyAPI_stateMachineUpgrade.a(ADC_DelSig_1.o)
                0x1fff877c                ADC_DelSig_1_CountsPerVolt
 COMMON         0x1fff8780        0x2 .\ARM_GCC_541\Debug\Proj07_hamflyAPI_stateMachineUpgrade.a(CyFlash.o)
                0x1fff8780                dieTemperature
 *fill*         0x1fff8782        0x2 
 COMMON         0x1fff8784        0x4 c:/program files (x86)/cypress/psoc creator/4.4/psoc creator/import/gnu/arm/5.4.1/bin/../lib/gcc/arm-none-eabi/5.4.1/../../../../arm-none-eabi/lib/armv7-m\libg_nano.a(lib_a-reent.o)
                0x1fff8784                errno
                0x1fff8788                . = ALIGN (0x8)
 *(.ram.b)
                0x1fff8788                _end = .
                0x1fff8788                __end = .
                0x1fff8788                PROVIDE (end, .)
                0x1fff8788                PROVIDE (__bss_end__, .)
                0x0000c688                __cy_region_init_ram = LOADADDR (.data)
                0x00000170                __cy_region_init_size_ram = (_edata - ADDR (.data))
                0x00000550                __cy_region_zero_size_ram = (_end - _edata)

.heap           0x1fff8788       0x80 load address 0x0000c7f8
                0x1fff8788                . = _end
                0x1fff8808                . = (. + 0x80)
 *fill*         0x1fff8788       0x80 
                0x1fff8808                __cy_heap_limit = .

.stack          0x20007800      0x800
                0x20007800                __cy_stack_limit = .
                0x20008000                . = (. + 0x800)
 *fill*         0x20007800      0x800 
                0x00000001                ASSERT ((__cy_stack_limit >= __cy_heap_limit), region RAM overflowed with stack)
                0x00000000                cy_checksum_exclude_size = (CY_APPL_LOADABLE == 0x1)?SIZEOF (.cy_checksum_exclude):0x0
                0x00000001                ASSERT ((cy_checksum_exclude_size <= CY_CHECKSUM_EXCLUDE_SIZE), CY_BOOT: Section .cy_checksum_exclude size exceedes specified limit.)

.cyloadermeta
 *(.cyloadermeta)

.cyloadablemeta
 *(.cyloadablemeta)

.cyconfigecc    0x80000000      0x960
 *(.cyconfigecc)
 .cyconfigecc   0x80000000      0x960 .\ARM_GCC_541\Debug\cymetadata.o
                0x80000000                cy_meta_configecc

.cycustnvl      0x90000000        0x4
 *(.cycustnvl)
 .cycustnvl     0x90000000        0x4 .\ARM_GCC_541\Debug\cymetadata.o
                0x90000000                cy_meta_custnvl

.cywolatch      0x90100000        0x4
 *(.cywolatch)
 .cywolatch     0x90100000        0x4 .\ARM_GCC_541\Debug\cymetadata.o
                0x90100000                cy_meta_wonvl

.cyeeprom       0x90200000        0x0
 *(.cyeeprom)
                0x00000001                ASSERT ((. <= ((0x90200000 + ee_offset) + ee_size)), .cyeeprom data will not fit in EEPROM)

.cyflashprotect
                0x90400000      0x100
 *(.cyflashprotect)
 .cyflashprotect
                0x90400000      0x100 .\ARM_GCC_541\Debug\cymetadata.o
                0x90400000                cy_meta_flashprotect

.cymeta         0x90500000        0xc
 *(.cymeta)
 .cymeta        0x90500000        0xc .\ARM_GCC_541\Debug\cymetadata.o
                0x90500000                cy_metadata

.rel.dyn        0x0000c7f8        0x0 load address 0x9050000c
 .rel.iplt      0x0000c7f8        0x0 c:/program files (x86)/cypress/psoc creator/4.4/psoc creator/import/gnu/arm/5.4.1/bin/../lib/gcc/arm-none-eabi/5.4.1/armv7-m/crtbegin.o

.stab
 *(.stab)

.stabstr
 *(.stabstr)

.debug
 *(.debug)

.line
 *(.line)

.debug_srcinfo
 *(.debug_srcinfo)

.debug_sfnames
 *(.debug_sfnames)

.debug_aranges  0x00000000     0x1690
 *(.debug_aranges)
 .debug_aranges
                0x00000000       0x70 .\ARM_GCC_541\Debug\main.o
 .debug_aranges
                0x00000070       0x40 .\ARM_GCC_541\Debug\adc_balanced.o
 .debug_aranges
                0x000000b0       0xb0 .\ARM_GCC_541\Debug\joystick.o
 .debug_aranges
                0x00000160       0x58 .\ARM_GCC_541\Debug\psoc_eeprom.o
 .debug_aranges
                0x000001b8       0x20 .\ARM_GCC_541\Debug\app_ctx.o
 .debug_aranges
                0x000001d8      0x110 .\ARM_GCC_541\Debug\app_statemachine.o
 .debug_aranges
                0x000002e8       0x78 .\ARM_GCC_541\Debug\sbc_comms.o
 .debug_aranges
                0x00000360       0xe0 .\ARM_GCC_541\Debug\telemetry.o
 .debug_aranges
                0x00000440       0x48 .\ARM_GCC_541\Debug\hamfly_comm_rb.o
 .debug_aranges
                0x00000488       0xc0 .\ARM_GCC_541\Debug\hamfly_core_gimbal.o
 .debug_aranges
                0x00000548       0x78 .\ARM_GCC_541\Debug\hamfly_core_telemetry.o
 .debug_aranges
                0x000005c0       0x48 .\ARM_GCC_541\Debug\hamfly_qx_app.o
 .debug_aranges
                0x00000608      0x228 .\ARM_GCC_541\Debug\hamfly_qx_protocol.o
 .debug_aranges
                0x00000830       0x80 .\ARM_GCC_541\Debug\cyfitter_cfg.o
 .debug_aranges
                0x000008b0       0x18 .\ARM_GCC_541\Debug\cymetadata.o
 .debug_aranges
                0x000008c8       0x48 .\ARM_GCC_541\Debug\Cm3Start.o
 .debug_aranges
                0x00000910       0xe8 .\ARM_GCC_541\Debug\Proj07_hamflyAPI_stateMachineUpgrade.a(ADC_DelSig_1.o)
 .debug_aranges
                0x000009f8       0x38 .\ARM_GCC_541\Debug\Proj07_hamflyAPI_stateMachineUpgrade.a(ADC_DelSig_1_INT.o)
 .debug_aranges
                0x00000a30       0x30 .\ARM_GCC_541\Debug\Proj07_hamflyAPI_stateMachineUpgrade.a(AMux_1.o)
 .debug_aranges
                0x00000a60       0x80 .\ARM_GCC_541\Debug\Proj07_hamflyAPI_stateMachineUpgrade.a(isr_adc.o)
 .debug_aranges
                0x00000ae0       0xf0 .\ARM_GCC_541\Debug\Proj07_hamflyAPI_stateMachineUpgrade.a(UART_MOVI.o)
 .debug_aranges
                0x00000bd0       0x80 .\ARM_GCC_541\Debug\Proj07_hamflyAPI_stateMachineUpgrade.a(isr_rx_movi.o)
 .debug_aranges
                0x00000c50       0x88 .\ARM_GCC_541\Debug\Proj07_hamflyAPI_stateMachineUpgrade.a(Looptimer.o)
 .debug_aranges
                0x00000cd8       0x80 .\ARM_GCC_541\Debug\Proj07_hamflyAPI_stateMachineUpgrade.a(isr_Looptimer.o)
 .debug_aranges
                0x00000d58       0x78 .\ARM_GCC_541\Debug\Proj07_hamflyAPI_stateMachineUpgrade.a(EEPROM_CONFIG.o)
 .debug_aranges
                0x00000dd0       0x30 .\ARM_GCC_541\Debug\Proj07_hamflyAPI_stateMachineUpgrade.a(ADC_DelSig_1_AMux.o)
 .debug_aranges
                0x00000e00       0x70 .\ARM_GCC_541\Debug\Proj07_hamflyAPI_stateMachineUpgrade.a(ADC_DelSig_1_Ext_CP_Clk.o)
 .debug_aranges
                0x00000e70       0x80 .\ARM_GCC_541\Debug\Proj07_hamflyAPI_stateMachineUpgrade.a(ADC_DelSig_1_theACLK.o)
 .debug_aranges
                0x00000ef0       0x88 .\ARM_GCC_541\Debug\Proj07_hamflyAPI_stateMachineUpgrade.a(CyFlash.o)
 .debug_aranges
                0x00000f78      0x2a0 .\ARM_GCC_541\Debug\Proj07_hamflyAPI_stateMachineUpgrade.a(CyLib.o)
 .debug_aranges
                0x00001218       0x98 .\ARM_GCC_541\Debug\Proj07_hamflyAPI_stateMachineUpgrade.a(cyPm.o)
 .debug_aranges
                0x000012b0       0x80 .\ARM_GCC_541\Debug\Proj07_hamflyAPI_stateMachineUpgrade.a(CySpc.o)
 .debug_aranges
                0x00001330       0xf0 .\ARM_GCC_541\Debug\Proj07_hamflyAPI_stateMachineUpgrade.a(UART_DEBUG.o)
 .debug_aranges
                0x00001420       0x70 .\ARM_GCC_541\Debug\Proj07_hamflyAPI_stateMachineUpgrade.a(UART_DEBUG_IntClock.o)
 .debug_aranges
                0x00001490       0xf0 .\ARM_GCC_541\Debug\Proj07_hamflyAPI_stateMachineUpgrade.a(UART_SBC.o)
 .debug_aranges
                0x00001580       0x80 .\ARM_GCC_541\Debug\Proj07_hamflyAPI_stateMachineUpgrade.a(isr_rx_sbc.o)
 .debug_aranges
                0x00001600       0x70 .\ARM_GCC_541\Debug\Proj07_hamflyAPI_stateMachineUpgrade.a(UART_SBC_IntClock.o)
 .debug_aranges
                0x00001670       0x20 .\ARM_GCC_541\Debug\Proj07_hamflyAPI_stateMachineUpgrade.a(CyBootAsmGnu.o)

.debug_pubnames
 *(.debug_pubnames)

.debug_info     0x00000000     0xf62e
 *(.debug_info .gnu.linkonce.wi.*)
 .debug_info    0x00000000      0xe56 .\ARM_GCC_541\Debug\main.o
 .debug_info    0x00000e56      0x1f7 .\ARM_GCC_541\Debug\adc_balanced.o
 .debug_info    0x0000104d      0x6c5 .\ARM_GCC_541\Debug\joystick.o
 .debug_info    0x00001712      0x2db .\ARM_GCC_541\Debug\psoc_eeprom.o
 .debug_info    0x000019ed      0x9ba .\ARM_GCC_541\Debug\app_ctx.o
 .debug_info    0x000023a7     0x1323 .\ARM_GCC_541\Debug\app_statemachine.o
 .debug_info    0x000036ca      0x553 .\ARM_GCC_541\Debug\sbc_comms.o
 .debug_info    0x00003c1d     0x151e .\ARM_GCC_541\Debug\telemetry.o
 .debug_info    0x0000513b      0x23c .\ARM_GCC_541\Debug\hamfly_comm_rb.o
 .debug_info    0x00005377     0x155c .\ARM_GCC_541\Debug\hamfly_core_gimbal.o
 .debug_info    0x000068d3      0xaf2 .\ARM_GCC_541\Debug\hamfly_core_telemetry.o
 .debug_info    0x000073c5      0xef5 .\ARM_GCC_541\Debug\hamfly_qx_app.o
 .debug_info    0x000082ba     0x1aff .\ARM_GCC_541\Debug\hamfly_qx_protocol.o
 .debug_info    0x00009db9      0x59a .\ARM_GCC_541\Debug\cyfitter_cfg.o
 .debug_info    0x0000a353      0x139 .\ARM_GCC_541\Debug\cymetadata.o
 .debug_info    0x0000a48c      0x32b .\ARM_GCC_541\Debug\Cm3Start.o
 .debug_info    0x0000a7b7      0x72c .\ARM_GCC_541\Debug\Proj07_hamflyAPI_stateMachineUpgrade.a(ADC_DelSig_1.o)
 .debug_info    0x0000aee3       0xd3 .\ARM_GCC_541\Debug\Proj07_hamflyAPI_stateMachineUpgrade.a(ADC_DelSig_1_INT.o)
 .debug_info    0x0000afb6       0xf7 .\ARM_GCC_541\Debug\Proj07_hamflyAPI_stateMachineUpgrade.a(AMux_1.o)
 .debug_info    0x0000b0ad      0x241 .\ARM_GCC_541\Debug\Proj07_hamflyAPI_stateMachineUpgrade.a(isr_adc.o)
 .debug_info    0x0000b2ee      0x50a .\ARM_GCC_541\Debug\Proj07_hamflyAPI_stateMachineUpgrade.a(UART_MOVI.o)
 .debug_info    0x0000b7f8      0x241 .\ARM_GCC_541\Debug\Proj07_hamflyAPI_stateMachineUpgrade.a(isr_rx_movi.o)
 .debug_info    0x0000ba39      0x245 .\ARM_GCC_541\Debug\Proj07_hamflyAPI_stateMachineUpgrade.a(Looptimer.o)
 .debug_info    0x0000bc7e      0x241 .\ARM_GCC_541\Debug\Proj07_hamflyAPI_stateMachineUpgrade.a(isr_Looptimer.o)
 .debug_info    0x0000bebf      0x359 .\ARM_GCC_541\Debug\Proj07_hamflyAPI_stateMachineUpgrade.a(EEPROM_CONFIG.o)
 .debug_info    0x0000c218      0x10a .\ARM_GCC_541\Debug\Proj07_hamflyAPI_stateMachineUpgrade.a(ADC_DelSig_1_AMux.o)
 .debug_info    0x0000c322      0x25d .\ARM_GCC_541\Debug\Proj07_hamflyAPI_stateMachineUpgrade.a(ADC_DelSig_1_Ext_CP_Clk.o)
 .debug_info    0x0000c57f      0x299 .\ARM_GCC_541\Debug\Proj07_hamflyAPI_stateMachineUpgrade.a(ADC_DelSig_1_theACLK.o)
 .debug_info    0x0000c818      0x3b9 .\ARM_GCC_541\Debug\Proj07_hamflyAPI_stateMachineUpgrade.a(CyFlash.o)