Archive member included to satisfy reference by file (symbol)

.\ARM_GCC_541\Debug\Proj07_hamflyAPI_stateMachineUpgrade.a(ADC_DelSig_1.o)
                              .\ARM_GCC_541\Debug\adc_balanced.o (ADC_DelSig_1_Start)
.\ARM_GCC_541\Debug\Proj07_hamflyAPI_stateMachineUpgrade.a(ADC_DelSig_1_INT.o)
                              .\ARM_GCC_541\Debug\Proj07_hamflyAPI_stateMachineUpgrade.a(ADC_DelSig_1.o) (ADC_DelSig_1_ISR1)
.\ARM_GCC_541\Debug\Proj07_hamflyAPI_stateMachineUpgrade.a(AMux_1.o)
                              .\ARM_GCC_541\Debug\adc_balanced.o (AMux_1_Start)
.\ARM_GCC_541\Debug\Proj07_hamflyAPI_stateMachineUpgrade.a(isr_adc.o)
                              .\ARM_GCC_541\Debug\adc_balanced.o (isr_adc_StartEx)
.\ARM_GCC_541\Debug\Proj07_hamflyAPI_stateMachineUpgrade.a(UART_MOVI.o)
                              .\ARM_GCC_541\Debug\main.o (UART_MOVI_Start)
.\ARM_GCC_541\Debug\Proj07_hamflyAPI_stateMachineUpgrade.a(isr_rx_movi.o)
                              .\ARM_GCC_541\Debug\main.o (isr_rx_movi_StartEx)
.\ARM_GCC_541\Debug\Proj07_hamflyAPI_stateMachineUpgrade.a(Looptimer.o)
                              .\ARM_GCC_541\Debug\main.o (Looptimer_Start)
.\ARM_GCC_541\Debug\Proj07_hamflyAPI_stateMachineUpgrade.a(isr_Looptimer.o)
                              .\ARM_GCC_541\Debug\main.o (isr_Looptimer_StartEx)
.\ARM_GCC_541\Debug\Proj07_hamflyAPI_stateMachineUpgrade.a(EEPROM_CONFIG.o)
                              .\ARM_GCC_541\Debug\psoc_eeprom.o (EEPROM_CONFIG_Start)
.\ARM_GCC_541\Debug\Proj07_hamflyAPI_stateMachineUpgrade.a(ADC_DelSig_1_AMux.o)
                              .\ARM_GCC_541\Debug\Proj07_hamflyAPI_stateMachineUpgrade.a(ADC_DelSig_1.o) (ADC_DelSig_1_AMux_Select)
.\ARM_GCC_541\Debug\Proj07_hamflyAPI_stateMachineUpgrade.a(ADC_DelSig_1_Ext_CP_Clk.o)
                              .\ARM_GCC_541\Debug\Proj07_hamflyAPI_stateMachineUpgrade.a(ADC_DelSig_1.o) (ADC_DelSig_1_Ext_CP_Clk_SetDividerRegister)
.\ARM_GCC_541\Debug\Proj07_hamflyAPI_stateMachineUpgrade.a(ADC_DelSig_1_theACLK.o)
                              .\ARM_GCC_541\Debug\Proj07_hamflyAPI_stateMachineUpgrade.a(ADC_DelSig_1.o) (ADC_DelSig_1_theACLK_SetDividerRegister)
.\ARM_GCC_541\Debug\Proj07_hamflyAPI_stateMachineUpgrade.a(CyFlash.o)
                              .\ARM_GCC_541\Debug\Proj07_hamflyAPI_stateMachineUpgrade.a(EEPROM_CONFIG.o) (dieTemperature)
.\ARM_GCC_541\Debug\Proj07_hamflyAPI_stateMachineUpgrade.a(CyLib.o)
                              .\ARM_GCC_541\Debug\Cm3Start.o (CyResetStatus)
.\ARM_GCC_541\Debug\Proj07_hamflyAPI_stateMachineUpgrade.a(cyPm.o)
                              .\ARM_GCC_541\Debug\Proj07_hamflyAPI_stateMachineUpgrade.a(CyLib.o) (CyPmReadStatus)
.\ARM_GCC_541\Debug\Proj07_hamflyAPI_stateMachineUpgrade.a(CySpc.o)
                              .\ARM_GCC_541\Debug\Proj07_hamflyAPI_stateMachineUpgrade.a(EEPROM_CONFIG.o) (CySpcStart)
.\ARM_GCC_541\Debug\Proj07_hamflyAPI_stateMachineUpgrade.a(UART_DEBUG.o)
                              .\ARM_GCC_541\Debug\main.o (UART_DEBUG_Start)
.\ARM_GCC_541\Debug\Proj07_hamflyAPI_stateMachineUpgrade.a(UART_DEBUG_IntClock.o)
                              .\ARM_GCC_541\Debug\Proj07_hamflyAPI_stateMachineUpgrade.a(UART_DEBUG.o) (UART_DEBUG_IntClock_Start)
.\ARM_GCC_541\Debug\Proj07_hamflyAPI_stateMachineUpgrade.a(UART_SBC.o)
                              .\ARM_GCC_541\Debug\main.o (UART_SBC_Start)
.\ARM_GCC_541\Debug\Proj07_hamflyAPI_stateMachineUpgrade.a(isr_rx_sbc.o)
                              .\ARM_GCC_541\Debug\main.o (isr_rx_sbc_StartEx)
.\ARM_GCC_541\Debug\Proj07_hamflyAPI_stateMachineUpgrade.a(UART_SBC_IntClock.o)
                              .\ARM_GCC_541\Debug\Proj07_hamflyAPI_stateMachineUpgrade.a(UART_SBC.o) (UART_SBC_IntClock_Start)
.\ARM_GCC_541\Debug\Proj07_hamflyAPI_stateMachineUpgrade.a(CyBootAsmGnu.o)
                              .\ARM_GCC_541\Debug\cyfitter_cfg.o (CyDelayCycles)
c:/program files (x86)/cypress/psoc creator/4.4/psoc creator/import/gnu/arm/5.4.1/bin/../lib/gcc/arm-none-eabi/5.4.1/../../../../arm-none-eabi/lib/armv7-m\libm.a(lib_a-s_cos.o)
                              .\ARM_GCC_541\Debug\hamfly_core_gimbal.o (cos)
c:/program files (x86)/cypress/psoc creator/4.4/psoc creator/import/gnu/arm/5.4.1/bin/../lib/gcc/arm-none-eabi/5.4.1/../../../../arm-none-eabi/lib/armv7-m\libm.a(lib_a-w_atan2.o)
                              .\ARM_GCC_541\Debug\hamfly_core_gimbal.o (atan2)
c:/program files (x86)/cypress/psoc creator/4.4/psoc creator/import/gnu/arm/5.4.1/bin/../lib/gcc/arm-none-eabi/5.4.1/../../../../arm-none-eabi/lib/armv7-m\libm.a(lib_a-w_sqrt.o)
                              .\ARM_GCC_541\Debug\hamfly_core_gimbal.o (sqrt)
c:/program files (x86)/cypress/psoc creator/4.4/psoc creator/import/gnu/arm/5.4.1/bin/../lib/gcc/arm-none-eabi/5.4.1/../../../../arm-none-eabi/lib/armv7-m\libm.a(lib_a-wf_asin.o)
                              .\ARM_GCC_541\Debug\main.o (asinf)
[...]
Memory Configuration

Name             Origin             Length             Attributes
rom              0x00000000         0x00040000         xr
ram              0x1fff8000         0x00010000         xrw
*default*        0x00000000         0xffffffff

Linker script and memory map

LOAD c:/program files (x86)/cypress/psoc creator/4.4/psoc creator/import/gnu/arm/5.4.1/bin/../lib/gcc/arm-none-eabi/5.4.1/armv7-m/crti.o
LOAD c:/program files (x86)/cypress/psoc creator/4.4/psoc creator/import/gnu/arm/5.4.1/bin/../lib/gcc/arm-none-eabi/5.4.1/armv7-m/crtbegin.o
LOAD c:/program files (x86)/cypress/psoc creator/4.4/psoc creator/import/gnu/arm/5.4.1/bin/../lib/gcc/arm-none-eabi/5.4.1/../../../../arm-none-eabi/lib/armv7-m/crt0.o
START GROUP
LOAD .\ARM_GCC_541\Debug\main.o
LOAD .\ARM_GCC_541\Debug\adc_balanced.o
LOAD .\ARM_GCC_541\Debug\joystick.o
LOAD .\ARM_GCC_541\Debug\psoc_eeprom.o
LOAD .\ARM_GCC_541\Debug\app_ctx.o
LOAD .\ARM_GCC_541\Debug\app_statemachine.o
LOAD .\ARM_GCC_541\Debug\sbc_comms.o
LOAD .\ARM_GCC_541\Debug\telemetry.o
LOAD .\ARM_GCC_541\Debug\hamfly_comm_rb.o
LOAD .\ARM_GCC_541\Debug\hamfly_comm_txbuf.o
LOAD .\ARM_GCC_541\Debug\hamfly_core_gimbal.o
LOAD .\ARM_GCC_541\Debug\hamfly_core_telemetry.o
LOAD .\ARM_GCC_541\Debug\hamfly_qx_app.o
LOAD .\ARM_GCC_541\Debug\hamfly_qx_protocol.o
LOAD .\ARM_GCC_541\Debug\cyfitter_cfg.o
LOAD .\ARM_GCC_541\Debug\cymetadata.o
LOAD .\ARM_GCC_541\Debug\Cm3Start.o
LOAD .\ARM_GCC_541\Debug\Proj07_hamflyAPI_stateMachineUpgrade.a
LOAD C:\Program Files (x86)\Cypress\PSoC Creator\4.4\PSoC Creator\psoc\content\cycomponentlibrary\CyComponentLibrary.cylib\CortexM3\ARM_GCC_541\Debug\CyComponentLibrary.a
LOAD c:/program files (x86)/cypress/psoc creator/4.4/psoc creator/import/gnu/arm/5.4.1/bin/../lib/gcc/arm-none-eabi/5.4.1/../../../../arm-none-eabi/lib/armv7-m\libm.a
END GROUP
START GROUP
LOAD c:/program files (x86)/cypress/psoc creator/4.4/psoc creator/import/gnu/arm/5.4.1/bin/../lib/gcc/arm-none-eabi/5.4.1/armv7-m\libgcc.a
LOAD c:/program files (x86)/cypress/psoc creator/4.4/psoc creator/import/gnu/arm/5.4.1/bin/../lib/gcc/arm-none-eabi/5.4.1/../../../../arm-none-eabi/lib/armv7-m\libg_nano.a
LOAD c:/program files (x86)/cypress/psoc creator/4.4/psoc creator/import/gnu/arm/5.4.1/bin/../lib/gcc/arm-none-eabi/5.4.1/../../../../arm-none-eabi/lib/armv7-m\libc_nano.a
END GROUP
START GROUP
LOAD c:/program files (x86)/cypress/psoc creator/4.4/psoc creator/import/gnu/arm/5.4.1/bin/../lib/gcc/arm-none-eabi/5.4.1/armv7-m\libgcc.a
LOAD c:/program files (x86)/cypress/psoc creator/4.4/psoc creator/import/gnu/arm/5.4.1/bin/../lib/gcc/arm-none-eabi/5.4.1/../../../../arm-none-eabi/lib/armv7-m\libc_nano.a
END GROUP
LOAD c:/program files (x86)/cypress/psoc creator/4.4/psoc creator/import/gnu/arm/5.4.1/bin/../lib/gcc/arm-none-eabi/5.4.1/armv7-m/crtend.o
LOAD c:/program files (x86)/cypress/psoc creator/4.4/psoc creator/import/gnu/arm/5.4.1/bin/../lib/gcc/arm-none-eabi/5.4.1/armv7-m/crtn.o
START GROUP
LOAD c:/program files (x86)/cypress/psoc creator/4.4/psoc creator/import/gnu/arm/5.4.1/bin/../lib/gcc/arm-none-eabi/5.4.1/armv7-m\libgcc.a
LOAD c:/program files (x86)/cypress/psoc creator/4.4/psoc creator/import/gnu/arm/5.4.1/bin/../lib/gcc/arm-none-eabi/5.4.1/../../../../arm-none-eabi/lib/armv7-m\libc.a
LOAD c:/program files (x86)/cypress/psoc creator/4.4/psoc creator/import/gnu/arm/5.4.1/bin/../lib/gcc/arm-none-eabi/5.4.1/../../../../arm-none-eabi/lib/armv7-m\libnosys.a
END GROUP
                0x00000000                CY_APPL_ORIGIN = 0x0
                0x00000100                CY_FLASH_ROW_SIZE = 0x100
                0x00000020                CY_ECC_ROW_SIZE = 0x20
                0x00000000                CY_EE_IN_BTLDR = 0x0
                0x00000000                CY_APPL_LOADABLE = 0x0
                0x00000800                CY_EE_SIZE = 0x800
                0x00000001                CY_APPL_NUM = 0x1
                0x00000001                CY_APPL_MAX = 0x1
                0x00000040                CY_METADATA_SIZE = 0x40
                0x00000000                CY_APPL_LOADABLE = 0x0
                0x00000000                CY_CHECKSUM_EXCLUDE_SIZE = ALIGN (0x0, CY_FLASH_ROW_SIZE)
                [!provide]                PROVIDE (__cy_heap_start, _end)
                0x00000001                PROVIDE (__cy_region_num, ((__cy_regions_end - __cy_regions) / 0x10))
                0x20008000                PROVIDE (__cy_stack, (ORIGIN (ram) + LENGTH (ram)))
                [!provide]                PROVIDE (__cy_heap_end, (__cy_stack - 0x800))

.cybootloader   0x00000000        0x0
 *(.cybootloader)
                0x00000000                appl1_start = CY_APPL_ORIGIN?CY_APPL_ORIGIN:ALIGN (CY_FLASH_ROW_SIZE)
                0x0001ff00                appl2_start = (appl1_start + ALIGN ((((LENGTH (rom) - appl1_start) - (0x2 * CY_FLASH_ROW_SIZE)) / 0x2), CY_FLASH_ROW_SIZE))
                0x00000000                appl_start = (CY_APPL_NUM == 0x1)?appl1_start:appl2_start
                0x00000000                ecc_offset = ((appl_start / CY_FLASH_ROW_SIZE) * CY_ECC_ROW_SIZE)
                0x00000000                ee_offset = (CY_APPL_LOADABLE && ! (CY_EE_IN_BTLDR))?((CY_EE_SIZE / CY_APPL_MAX) * (CY_APPL_NUM - 0x1)):0x0
                0x00000800                ee_size = (CY_APPL_LOADABLE && ! (CY_EE_IN_BTLDR))?(CY_EE_SIZE / CY_APPL_MAX):CY_EE_SIZE
                [!provide]                PROVIDE (CY_ECC_OFFSET, ecc_offset)

.text           0x00000000     0xb1de
 CREATE_OBJECT_SYMBOLS
                0x00000000                PROVIDE (__cy_interrupt_vector, RomVectors)
 *(.romvectors)
 .romvectors    0x00000000       0x10 .\ARM_GCC_541\Debug\Cm3Start.o
                0x00000000                RomVectors
                0x00000001                ASSERT ((. != __cy_interrupt_vector), No interrupt vector)
                0x00000001                ASSERT (CY_APPL_ORIGIN?(SIZEOF (.cybootloader) <= CY_APPL_ORIGIN):0x1, Wrong image location)
                0x00000010                PROVIDE (__cy_reset, Reset)
 *(.text.Reset)
 .text.Reset    0x00000010       0x18 .\ARM_GCC_541\Debug\Cm3Start.o
                0x00000010                Reset
                0x00000001                ASSERT ((. != __cy_reset), No reset code)
 *(.dma_init)
                0x00000001                ASSERT ((((appl_start + .) <= 0x10000) || 0x1), DMA Init must be within the first 64k of flash)
 *(.text .text.* .gnu.linkonce.t.*)
 .text          0x00000028       0x5c c:/program files (x86)/cypress/psoc creator/4.4/psoc creator/import/gnu/arm/5.4.1/bin/../lib/gcc/arm-none-eabi/5.4.1/armv7-m/crtbegin.o
 .text._hamfly_psoc5_putc
                0x00000084       0x1c .\ARM_GCC_541\Debug\main.o
 .text.psoc_get_tick
                0x000000a0       0x1c .\ARM_GCC_541\Debug\main.o
 .text.isr_rx_movi_Handler
                0x000000bc       0x58 .\ARM_GCC_541\Debug\main.o
                0x000000bc                isr_rx_movi_Handler
 .text.isr_Looptimer_Handler
                0x00000114       0x1c .\ARM_GCC_541\Debug\main.o
                0x00000114                isr_Looptimer_Handler
 .text.isr_rx_sbc_Handler
                0x00000130       0x50 .\ARM_GCC_541\Debug\main.o
                0x00000130                isr_rx_sbc_Handler
 .text.decomp   0x00000180       0xa8 .\ARM_GCC_541\Debug\main.o
 .text.mode_str
                0x00000228       0x38 .\ARM_GCC_541\Debug\main.o
 .text.main     0x00000260      0x2ec .\ARM_GCC_541\Debug\main.o
                0x00000260                main
 .text.isr_adc_Handler
                0x0000054c       0x18 .\ARM_GCC_541\Debug\adc_balanced.o
                0x0000054c                isr_adc_Handler
 .text.adc_balanced_init
                0x00000564       0x6c .\ARM_GCC_541\Debug\adc_balanced.o
                0x00000564                adc_balanced_init
 .text.adc_balanced_advance_on_eoc
                0x000005d0       0x64 .\ARM_GCC_541\Debug\adc_balanced.o
 .text.adc_balanced_poll_frame
                0x00000634       0x6c .\ARM_GCC_541\Debug\adc_balanced.o
                0x00000634                adc_balanced_poll_frame
 .text.joystick_set_sensitivity
                0x000006a0       0x48 .\ARM_GCC_541\Debug\joystick.o
                0x000006a0                joystick_set_sensitivity
 .text.normalize_axis
                0x000006e8       0xd0 .\ARM_GCC_541\Debug\joystick.o
 .text.apply_deadband
                0x000007b8       0x90 .\ARM_GCC_541\Debug\joystick.o
 .text.joystick_validate
                0x00000848       0x94 .\ARM_GCC_541\Debug\joystick.o
                0x00000848                joystick_validate
 .text.cal_begin_range_capture
                0x000008dc       0x84 .\ARM_GCC_541\Debug\joystick.o
 .text.cal_update_ranges
                0x00000960       0x98 .\ARM_GCC_541\Debug\joystick.o
 .text.cal_start_center_capture
                0x000009f8       0x44 .\ARM_GCC_541\Debug\joystick.o
 .text.cal_center_capture_update
                0x00000a3c       0xa8 .\ARM_GCC_541\Debug\joystick.o
 .text.cal_save_or_restart
                0x00000ae4       0x44 .\ARM_GCC_541\Debug\joystick.o
 .text.joystick_init
                0x00000b28       0xa4 .\ARM_GCC_541\Debug\joystick.o
                0x00000b28                joystick_init
 .text.joystick_on_sample
                0x00000bcc       0x48 .\ARM_GCC_541\Debug\joystick.o
                0x00000bcc                joystick_on_sample
 .text.joystick_on_key
                0x00000c14       0x70 .\ARM_GCC_541\Debug\joystick.o
                0x00000c14                joystick_on_key
 .text.joystick_cal_state
                0x00000c84       0x14 .\ARM_GCC_541\Debug\joystick.o
                0x00000c84                joystick_cal_state
 .text.joystick_get_cmd
                0x00000c98       0xe8 .\ARM_GCC_541\Debug\joystick.o
                0x00000c98                joystick_get_cmd
 .text.joystick_load
                0x00000d80       0x4c .\ARM_GCC_541\Debug\joystick.o
                0x00000d80                joystick_load
 .text.slot_id_to_row
                0x00000dcc       0x2c .\ARM_GCC_541\Debug\psoc_eeprom.o
 .text.read_row_byte
                0x00000df8       0x38 .\ARM_GCC_541\Debug\psoc_eeprom.o
 .text.read_row_data
                0x00000e30       0x3c .\ARM_GCC_541\Debug\psoc_eeprom.o
 .text.psoc_eeprom_init
                0x00000e6c        0xc .\ARM_GCC_541\Debug\psoc_eeprom.o
                0x00000e6c                psoc_eeprom_init
 .text.psoc_eeprom_read
                0x00000e78       0x7c .\ARM_GCC_541\Debug\psoc_eeprom.o
                0x00000e78                psoc_eeprom_read
 .text.app_ctx_init
                0x00000ef4       0x3c .\ARM_GCC_541\Debug\app_ctx.o
                0x00000ef4                app_ctx_init
 .text.depth_of
                0x00000f30       0x34 .\ARM_GCC_541\Debug\app_statemachine.o
 .text.lca      0x00000f64       0x80 .\ARM_GCC_541\Debug\app_statemachine.o
 .text.transition
                0x00000fe4       0xf0 .\ARM_GCC_541\Debug\app_statemachine.o
 .text.app_start
                0x000010d4       0x28 .\ARM_GCC_541\Debug\app_statemachine.o
                0x000010d4                app_start
 .text.app_raise_error
                0x000010fc       0x68 .\ARM_GCC_541\Debug\app_statemachine.o
                0x000010fc                app_raise_error
 .text.app_state_name
                0x00001164       0x20 .\ARM_GCC_541\Debug\app_statemachine.o
                0x00001164                app_state_name
 .text.entry_stby_defer
                0x00001184       0x1c .\ARM_GCC_541\Debug\app_statemachine.o
 .text.entry_stby_hold
                0x000011a0       0x1c .\ARM_GCC_541\Debug\app_statemachine.o
 .text.entry_manu_joystick
                0x000011bc       0x20 .\ARM_GCC_541\Debug\app_statemachine.o
 .text.exit_manu_joystick
                0x000011dc       0x18 .\ARM_GCC_541\Debug\app_statemachine.o
 .text.entry_auto_test
                0x000011f4       0x1c .\ARM_GCC_541\Debug\app_statemachine.o
 .text.app_auto_tick
                0x00001210      0x124 .\ARM_GCC_541\Debug\app_statemachine.o
                0x00001210                app_auto_tick
 .text.sev_str  0x00001334       0x40 .\ARM_GCC_541\Debug\app_statemachine.o
 .text.entry_error_active
                0x00001374       0x80 .\ARM_GCC_541\Debug\app_statemachine.o
 .text.manu_pan_tilt_deg
                0x000013f4       0x54 .\ARM_GCC_541\Debug\app_statemachine.o
 .text.set_origin
                0x00001448       0x6c .\ARM_GCC_541\Debug\app_statemachine.o
 .text.print_help
                0x000014b4       0x1c .\ARM_GCC_541\Debug\app_statemachine.o
 .text.handle_global_key
                0x000014d0       0x94 .\ARM_GCC_541\Debug\app_statemachine.o
 .text.leaf_traps_nav
                0x00001564       0x20 .\ARM_GCC_541\Debug\app_statemachine.o
 .text.handle_nav_key
                0x00001584       0x48 .\ARM_GCC_541\Debug\app_statemachine.o
 .text.key_error_active
                0x000015cc       0x40 .\ARM_GCC_541\Debug\app_statemachine.o
 .text.app_dispatch_key
                0x0000160c       0xa0 .\ARM_GCC_541\Debug\app_statemachine.o
                0x0000160c                app_dispatch_key
 .text.build_zero
                0x000016ac       0x1c .\ARM_GCC_541\Debug\app_statemachine.o
 .text.build_stby
                0x000016c8       0x1c .\ARM_GCC_541\Debug\app_statemachine.o
 .text.build_manu_joystick
                0x000016e4       0xa4 .\ARM_GCC_541\Debug\app_statemachine.o
 .text.build_error
                0x00001788       0x28 .\ARM_GCC_541\Debug\app_statemachine.o
 .text.app_build_control
                0x000017b0       0x3c .\ARM_GCC_541\Debug\app_statemachine.o
                0x000017b0                app_build_control
 .text.nudge_apply
                0x000017ec      0x1a0 .\ARM_GCC_541\Debug\app_statemachine.o
 .text.key_manu_joystick
                0x0000198c      0x224 .\ARM_GCC_541\Debug\app_statemachine.o
 .text.app_manual_tick
                0x00001bb0       0xc0 .\ARM_GCC_541\Debug\app_statemachine.o
                0x00001bb0                app_manual_tick
 .text.sbc_init
                0x00001c70       0x84 .\ARM_GCC_541\Debug\sbc_comms.o
                0x00001c70                sbc_init
 .text.decode_centroid
                0x00001cf4      0x114 .\ARM_GCC_541\Debug\sbc_comms.o
 .text.sbc_on_rx_byte
                0x00001e08      0x18c .\ARM_GCC_541\Debug\sbc_comms.o
                0x00001e08                sbc_on_rx_byte
 .text.sbc_on_uart_err_flags
                0x00001f94       0x30 .\ARM_GCC_541\Debug\sbc_comms.o
                0x00001f94                sbc_on_uart_err_flags
 .text.sbc_get_centroid
                0x00001fc4       0x88 .\ARM_GCC_541\Debug\sbc_comms.o
                0x00001fc4                sbc_get_centroid
 .text.sbc_unknown_magic
                0x0000204c       0x14 .\ARM_GCC_541\Debug\sbc_comms.o
                0x0000204c                sbc_unknown_magic
 .text.sbc_rx_pkt_count
                0x00002060       0x14 .\ARM_GCC_541\Debug\sbc_comms.o
                0x00002060                sbc_rx_pkt_count
 .text.sbc_last_centroid_dt_ms
                0x00002074       0x2c .\ARM_GCC_541\Debug\sbc_comms.o
                0x00002074                sbc_last_centroid_dt_ms
 .text.sbc_crc_errors
                0x000020a0       0x14 .\ARM_GCC_541\Debug\sbc_comms.o
                0x000020a0                sbc_crc_errors
 .text.sbc_uart_errors
                0x000020b4       0x14 .\ARM_GCC_541\Debug\sbc_comms.o
                0x000020b4                sbc_uart_errors
 .text.sbc_send_frame
                0x000020c8       0x8c .\ARM_GCC_541\Debug\sbc_comms.o
                0x000020c8                sbc_send_frame
 .text.sat_i16  0x00002154       0x4c .\ARM_GCC_541\Debug\telemetry.o
 .text.telemetry_collect_hot
                0x000021a0      0x164 .\ARM_GCC_541\Debug\telemetry.o
                0x000021a0                telemetry_collect_hot
 .text.telemetry_collect_link
                0x00002304       0x64 .\ARM_GCC_541\Debug\telemetry.o
                0x00002304                telemetry_collect_link
 .text.encode_hot
                0x00002368      0x11c .\ARM_GCC_541\Debug\telemetry.o
 .text.encode_link
                0x00002484       0x94 .\ARM_GCC_541\Debug\telemetry.o
 .text.telemetry_send_hot_sbc
                0x00002518       0x44 .\ARM_GCC_541\Debug\telemetry.o
                0x00002518                telemetry_send_hot_sbc
 .text.telemetry_send_link_sbc
                0x0000255c       0x44 .\ARM_GCC_541\Debug\telemetry.o
                0x0000255c                telemetry_send_link_sbc
 .text.rb_next  0x000025a0       0x28 .\ARM_GCC_541\Debug\hamfly_comm_rb.o
 .text.hamfly_rb_init
                0x000025c8       0x2c .\ARM_GCC_541\Debug\hamfly_comm_rb.o
                0x000025c8                hamfly_rb_init
 .text.hamfly_rb_push
                0x000025f4       0x64 .\ARM_GCC_541\Debug\hamfly_comm_rb.o
                0x000025f4                hamfly_rb_push
 .text.hamfly_rb_pop
                0x00002658       0x58 .\ARM_GCC_541\Debug\hamfly_comm_rb.o
                0x00002658                hamfly_rb_pop
 .text.load_freefly_control
                0x000026b0       0x50 .\ARM_GCC_541\Debug\hamfly_core_gimbal.o
 .text.copy_qx287_to_telemetry
                0x00002700       0x1c .\ARM_GCC_541\Debug\hamfly_core_gimbal.o
 .text.drain_rb
                0x0000271c       0x44 .\ARM_GCC_541\Debug\hamfly_core_gimbal.o
 .text.hamfly_init
                0x00002760       0x5c .\ARM_GCC_541\Debug\hamfly_core_gimbal.o
                0x00002760                hamfly_init
 .text.hamfly_on_rx_byte
                0x000027bc       0x3c .\ARM_GCC_541\Debug\hamfly_core_gimbal.o
                0x000027bc                hamfly_on_rx_byte
 .text.hamfly_on_uart_err_flags
                0x000027f8       0x30 .\ARM_GCC_541\Debug\hamfly_core_gimbal.o
                0x000027f8                hamfly_on_uart_err_flags
 .text.hamfly_pump
                0x00002828      0x27c .\ARM_GCC_541\Debug\hamfly_core_gimbal.o
                0x00002828                hamfly_pump
 .text.hamfly_send_control
                0x00002aa4       0x7c .\ARM_GCC_541\Debug\hamfly_core_gimbal.o
                0x00002aa4                hamfly_send_control
 .text.hamfly_kill
                0x00002b20       0x3c .\ARM_GCC_541\Debug\hamfly_core_gimbal.o
                0x00002b20                hamfly_kill
 .text.hamfly_get_telemetry
                0x00002b5c       0x30 .\ARM_GCC_541\Debug\hamfly_core_gimbal.o
                0x00002b5c                hamfly_get_telemetry
 .text.rd_be32  0x00002b8c       0x34 .\ARM_GCC_541\Debug\hamfly_core_telemetry.o
 .text.rd_be16  0x00002bc0       0x28 .\ARM_GCC_541\Debug\hamfly_core_telemetry.o
 .text.rd_be_u16
                0x00002be8       0x28 .\ARM_GCC_541\Debug\hamfly_core_telemetry.o
 .text.rd_le16  0x00002c10       0x24 .\ARM_GCC_541\Debug\hamfly_core_telemetry.o
 .text.hamfly_telemetry_to_euler
                0x00002c34      0x1d4 .\ARM_GCC_541\Debug\hamfly_core_telemetry.o
                0x00002c34                hamfly_telemetry_to_euler
 .text.hamfly_decode_qx287
                0x00002e08       0x68 .\ARM_GCC_541\Debug\hamfly_core_telemetry.o
                0x00002e08                hamfly_decode_qx287
 .text.hamfly_decode_gps
                0x00002e70      0x1a0 .\ARM_GCC_541\Debug\hamfly_core_telemetry.o
                0x00002e70                hamfly_decode_gps
 .text.hamfly_decode_baro
                0x00003010       0x78 .\ARM_GCC_541\Debug\hamfly_core_telemetry.o
                0x00003010                hamfly_decode_baro
 .text.hamfly_decode_attitude
                0x00003088      0x144 .\ARM_GCC_541\Debug\hamfly_core_telemetry.o
                0x00003088                hamfly_decode_attitude
 .text.hamfly_decode_sysstat
                0x000031cc      0x1c8 .\ARM_GCC_541\Debug\hamfly_core_telemetry.o
                0x000031cc                hamfly_decode_sysstat
 .text.hamfly_decode_mag
                0x00003394      0x18c .\ARM_GCC_541\Debug\hamfly_core_telemetry.o
                0x00003394                hamfly_decode_mag
 .text.hamfly_decode_sysecho
                0x00003520       0x7c .\ARM_GCC_541\Debug\hamfly_core_telemetry.o
                0x00003520                hamfly_decode_sysecho
 .text.ff_api_init
                0x0000359c       0x7c .\ARM_GCC_541\Debug\hamfly_qx_app.o
 .text.ff_api_send
                0x00003618       0x44 .\ARM_GCC_541\Debug\hamfly_qx_app.o
 .text.QX_ParsePacket_Cli_MoVI_Ctrl_CB
                0x0000365c      0x884 .\ARM_GCC_541\Debug\hamfly_qx_app.o
 .text.QX_SendMsg2CommsPort_CB
                0x00003ee0       0x64 .\ARM_GCC_541\Debug\hamfly_qx_app.o
                0x00003ee0                QX_SendMsg2CommsPort_CB
 .text.QX_FwdMsg_CB
                0x00003f44       0x14 .\ARM_GCC_541\Debug\hamfly_qx_app.o
                0x00003f44                QX_FwdMsg_CB
 .text.QX_GetTicks_ms
                0x00003f58       0x34 .\ARM_GCC_541\Debug\hamfly_qx_app.o
                0x00003f58                QX_GetTicks_ms
 .text.QX_Parser_SetMsgPtr
                0x00003f8c       0x1c .\ARM_GCC_541\Debug\hamfly_qx_protocol.o
                0x00003f8c                QX_Parser_SetMsgPtr
 .text.QX_Parser_AdvMsgPtr
                0x00003fa8       0x1c .\ARM_GCC_541\Debug\hamfly_qx_protocol.o
                0x00003fa8                QX_Parser_AdvMsgPtr
 .text.QX_Parser_GetMsgPtr
                0x00003fc4       0x14 .\ARM_GCC_541\Debug\hamfly_qx_protocol.o
                0x00003fc4                QX_Parser_GetMsgPtr
 .text.QX_Parser_SetDir_Read
                0x00003fd8       0x18 .\ARM_GCC_541\Debug\hamfly_qx_protocol.o
                0x00003fd8                QX_Parser_SetDir_Read
 .text.QX_Parser_SetDir_WriteAbs
                0x00003ff0       0x18 .\ARM_GCC_541\Debug\hamfly_qx_protocol.o
                0x00003ff0                QX_Parser_SetDir_WriteAbs
 .text.AddFloatAsSignedShort
                0x00004008       0xc8 .\ARM_GCC_541\Debug\hamfly_qx_protocol.o
                0x00004008                AddFloatAsSignedShort
 .text.GetFloatAsSignedShort
                0x000040d0      0x170 .\ARM_GCC_541\Debug\hamfly_qx_protocol.o
                0x000040d0                GetFloatAsSignedShort
 .text.AddSignedShortAsSignedShort
                0x00004240       0x58 .\ARM_GCC_541\Debug\hamfly_qx_protocol.o
                0x00004240                AddSignedShortAsSignedShort
 .text.GetSignedShortAsSignedShort
                0x00004298      0x15c .\ARM_GCC_541\Debug\hamfly_qx_protocol.o
                0x00004298                GetSignedShortAsSignedShort
 .text.AddUnsignedCharAsUnsignedChar
                0x000043f4       0x3c .\ARM_GCC_541\Debug\hamfly_qx_protocol.o
                0x000043f4                AddUnsignedCharAsUnsignedChar
 .text.GetUnsignedCharAsUnsignedChar
                0x00004430       0xc8 .\ARM_GCC_541\Debug\hamfly_qx_protocol.o
                0x00004430                GetUnsignedCharAsUnsignedChar
 .text.AddUnsignedShortAsUnsignedShort
                0x000044f8       0x54 .\ARM_GCC_541\Debug\hamfly_qx_protocol.o
                0x000044f8                AddUnsignedShortAsUnsignedShort
 .text.GetUnsignedShortAsUnsignedShort
                0x0000454c       0xf8 .\ARM_GCC_541\Debug\hamfly_qx_protocol.o
                0x0000454c                GetUnsignedShortAsUnsignedShort
 .text.AddBitsAsByte
                0x00004644       0xcc .\ARM_GCC_541\Debug\hamfly_qx_protocol.o
                0x00004644                AddBitsAsByte
 .text.GetBitsAsByte
                0x00004710       0xdc .\ARM_GCC_541\Debug\hamfly_qx_protocol.o
                0x00004710                GetBitsAsByte
 .text.QX_InitMsg
                0x000047ec       0x30 .\ARM_GCC_541\Debug\hamfly_qx_protocol.o
 .text.QX_RxMsg
                0x0000481c       0xec .\ARM_GCC_541\Debug\hamfly_qx_protocol.o
 .text.QX_Srv_Rx_Read
                0x00004908       0x90 .\ARM_GCC_541\Debug\hamfly_qx_protocol.o
 .text.QX_Srv_Rx_Write
                0x00004998       0xc4 .\ARM_GCC_541\Debug\hamfly_qx_protocol.o
 .text.QX_Cli_Rx_CurVal
                0x00004a5c       0x3c .\ARM_GCC_541\Debug\hamfly_qx_protocol.o
 .text.QX_TxMsg_Setup
                0x00004a98       0x4c .\ARM_GCC_541\Debug\hamfly_qx_protocol.o
 .text.QX_TxMsg_Finish
                0x00004ae4      0x1dc .\ARM_GCC_541\Debug\hamfly_qx_protocol.o
 .text.QX_BuildHeader
                0x00004cc0      0x188 .\ARM_GCC_541\Debug\hamfly_qx_protocol.o
 .text.QX_ParseHeader
                0x00004e48      0x114 .\ARM_GCC_541\Debug\hamfly_qx_protocol.o
 .text.QX_Calc8bChecksum
                0x00004f5c       0x3c .\ARM_GCC_541\Debug\hamfly_qx_protocol.o
 .text.QX_AddExtdValToBuf
                0x00004f98       0x88 .\ARM_GCC_541\Debug\hamfly_qx_protocol.o
 .text.QX_GetExtdValFromBuf
                0x00005020       0x6c .\ARM_GCC_541\Debug\hamfly_qx_protocol.o
 .text.QX_compute_crc32
                0x0000508c       0x4c .\ARM_GCC_541\Debug\hamfly_qx_protocol.o
 .text.QX_accumulate_crc32
                0x000050d8       0x54 .\ARM_GCC_541\Debug\hamfly_qx_protocol.o
                0x000050d8                QX_accumulate_crc32
 .text.QX_InitCli
                0x0000512c       0x24 .\ARM_GCC_541\Debug\hamfly_qx_protocol.o
                0x0000512c                QX_InitCli
 .text.QX_InitTxOptions
                0x00005150       0x3c .\ARM_GCC_541\Debug\hamfly_qx_protocol.o
                0x00005150                QX_InitTxOptions
 .text.QX_SendPacket_Srv_CurVal
                0x0000518c       0x98 .\ARM_GCC_541\Debug\hamfly_qx_protocol.o
                0x0000518c                QX_SendPacket_Srv_CurVal
 .text.QX_SendPacket_Cli_WriteABS
                0x00005224       0x98 .\ARM_GCC_541\Debug\hamfly_qx_protocol.o
                0x00005224                QX_SendPacket_Cli_WriteABS
 .text.QX_StreamRxCharSM
                0x000052bc      0x6e0 .\ARM_GCC_541\Debug\hamfly_qx_protocol.o
                0x000052bc                QX_StreamRxCharSM
 .text.CYMEMZERO
                0x0000599c       0x1c .\ARM_GCC_541\Debug\cyfitter_cfg.o
 .text.CYCONFIGCPY
                0x000059b8       0x20 .\ARM_GCC_541\Debug\cyfitter_cfg.o
 .text.CyClockStartupError
                0x000059d8        0xc .\ARM_GCC_541\Debug\cyfitter_cfg.o
 .text.cfg_write_bytes32
                0x000059e4       0x74 .\ARM_GCC_541\Debug\cyfitter_cfg.o
 .text.ClockSetup
                0x00005a58      0x180 .\ARM_GCC_541\Debug\cyfitter_cfg.o
 .text.AnalogSetDefault
                0x00005bd8       0x44 .\ARM_GCC_541\Debug\cyfitter_cfg.o
 .text.AMux_1_Set
                0x00005c1c       0x6c .\ARM_GCC_541\Debug\cyfitter_cfg.o
                0x00005c1c                AMux_1_Set
 .text.AMux_1_Unset
                0x00005c88       0x74 .\ARM_GCC_541\Debug\cyfitter_cfg.o
                0x00005c88                AMux_1_Unset
 .text.ADC_DelSig_1_AMux_Set
                0x00005cfc       0x40 .\ARM_GCC_541\Debug\cyfitter_cfg.o
                0x00005cfc                ADC_DelSig_1_AMux_Set
 .text.ADC_DelSig_1_AMux_Unset
                0x00005d3c       0x44 .\ARM_GCC_541\Debug\cyfitter_cfg.o
                0x00005d3c                ADC_DelSig_1_AMux_Unset
 .text.cyfitter_cfg
                0x00005d80      0x1ac .\ARM_GCC_541\Debug\cyfitter_cfg.o
                0x00005d80                cyfitter_cfg
 .text.IntDefaultHandler
                0x00005f2c       0x14 .\ARM_GCC_541\Debug\Cm3Start.o
                0x00005f2c                IntDefaultHandler
 .text._sbrk    0x00005f40       0x50 .\ARM_GCC_541\Debug\Cm3Start.o
                0x00005f40                _sbrk
 .text.Start_c  0x00005f90       0x98 .\ARM_GCC_541\Debug\Cm3Start.o
                0x00005f90                Start_c
 .text.initialize_psoc
                0x00006028       0x90 .\ARM_GCC_541\Debug\Cm3Start.o
                0x00006028                initialize_psoc
 .text.ADC_DelSig_1_Init
                0x000060b8      0x11c .\ARM_GCC_541\Debug\Proj07_hamflyAPI_stateMachineUpgrade.a(ADC_DelSig_1.o)
                0x000060b8                ADC_DelSig_1_Init
 .text.ADC_DelSig_1_Enable
                0x000061d4      0x158 .\ARM_GCC_541\Debug\Proj07_hamflyAPI_stateMachineUpgrade.a(ADC_DelSig_1.o)
                0x000061d4                ADC_DelSig_1_Enable
 .text.ADC_DelSig_1_Start
                0x0000632c       0x30 .\ARM_GCC_541\Debug\Proj07_hamflyAPI_stateMachineUpgrade.a(ADC_DelSig_1.o)
                0x0000632c                ADC_DelSig_1_Start
 .text.ADC_DelSig_1_StartConvert
                0x0000635c       0x20 .\ARM_GCC_541\Debug\Proj07_hamflyAPI_stateMachineUpgrade.a(ADC_DelSig_1.o)
                0x0000635c                ADC_DelSig_1_StartConvert
 .text.ADC_DelSig_1_StopConvert
                0x0000637c       0x20 .\ARM_GCC_541\Debug\Proj07_hamflyAPI_stateMachineUpgrade.a(ADC_DelSig_1.o)
                0x0000637c                ADC_DelSig_1_StopConvert
 .text.ADC_DelSig_1_GetResult16
                0x0000639c       0x7c .\ARM_GCC_541\Debug\Proj07_hamflyAPI_stateMachineUpgrade.a(ADC_DelSig_1.o)
                0x0000639c                ADC_DelSig_1_GetResult16
 .text.ADC_DelSig_1_InitConfig
                0x00006418      0x164 .\ARM_GCC_541\Debug\Proj07_hamflyAPI_stateMachineUpgrade.a(ADC_DelSig_1.o)
 .text.ADC_DelSig_1_GainCompensation
                0x0000657c      0x170 .\ARM_GCC_541\Debug\Proj07_hamflyAPI_stateMachineUpgrade.a(ADC_DelSig_1.o)
 .text.ADC_DelSig_1_SetDSMRef0Reg
                0x000066ec       0x7c .\ARM_GCC_541\Debug\Proj07_hamflyAPI_stateMachineUpgrade.a(ADC_DelSig_1.o)
 .text.ADC_DelSig_1_ISR1
                0x00006768        0xc .\ARM_GCC_541\Debug\Proj07_hamflyAPI_stateMachineUpgrade.a(ADC_DelSig_1_INT.o)
                0x00006768                ADC_DelSig_1_ISR1
 .text.AMux_1_Start
                0x00006774       0x34 .\ARM_GCC_541\Debug\Proj07_hamflyAPI_stateMachineUpgrade.a(AMux_1.o)
                0x00006774                AMux_1_Start
 .text.AMux_1_FastSelect
                0x000067a8       0x38 .\ARM_GCC_541\Debug\Proj07_hamflyAPI_stateMachineUpgrade.a(AMux_1.o)
                0x000067a8                AMux_1_FastSelect
 .text.isr_adc_StartEx
                0x000067e0       0x24 .\ARM_GCC_541\Debug\Proj07_hamflyAPI_stateMachineUpgrade.a(isr_adc.o)
                0x000067e0                isr_adc_StartEx
 .text.isr_adc_SetVector
                0x00006804       0x24 .\ARM_GCC_541\Debug\Proj07_hamflyAPI_stateMachineUpgrade.a(isr_adc.o)
                0x00006804                isr_adc_SetVector
 .text.isr_adc_SetPriority
                0x00006828       0x24 .\ARM_GCC_541\Debug\Proj07_hamflyAPI_stateMachineUpgrade.a(isr_adc.o)
                0x00006828                isr_adc_SetPriority
 .text.isr_adc_Enable
                0x0000684c       0x18 .\ARM_GCC_541\Debug\Proj07_hamflyAPI_stateMachineUpgrade.a(isr_adc.o)
                0x0000684c                isr_adc_Enable
 .text.isr_adc_Disable
                0x00006864       0x18 .\ARM_GCC_541\Debug\Proj07_hamflyAPI_stateMachineUpgrade.a(isr_adc.o)
                0x00006864                isr_adc_Disable
 .text.isr_adc_ClearPending
                0x0000687c       0x18 .\ARM_GCC_541\Debug\Proj07_hamflyAPI_stateMachineUpgrade.a(isr_adc.o)
                0x0000687c                isr_adc_ClearPending
 .text.UART_MOVI_Start
                0x00006894       0x24 .\ARM_GCC_541\Debug\Proj07_hamflyAPI_stateMachineUpgrade.a(UART_MOVI.o)
                0x00006894                UART_MOVI_Start
 .text.UART_MOVI_Init
                0x000068b8       0x40 .\ARM_GCC_541\Debug\Proj07_hamflyAPI_stateMachineUpgrade.a(UART_MOVI.o)
                0x000068b8                UART_MOVI_Init
 .text.UART_MOVI_Enable
                0x000068f8       0x5c .\ARM_GCC_541\Debug\Proj07_hamflyAPI_stateMachineUpgrade.a(UART_MOVI.o)
                0x000068f8                UART_MOVI_Enable
 .text.UART_MOVI_ClearRxBuffer
                0x00006954       0x44 .\ARM_GCC_541\Debug\Proj07_hamflyAPI_stateMachineUpgrade.a(UART_MOVI.o)
                0x00006954                UART_MOVI_ClearRxBuffer
 .text.UART_MOVI_PutChar
                0x00006998       0x34 .\ARM_GCC_541\Debug\Proj07_hamflyAPI_stateMachineUpgrade.a(UART_MOVI.o)
                0x00006998                UART_MOVI_PutChar
 .text.UART_MOVI_ClearTxBuffer
                0x000069cc       0x44 .\ARM_GCC_541\Debug\Proj07_hamflyAPI_stateMachineUpgrade.a(UART_MOVI.o)
                0x000069cc                UART_MOVI_ClearTxBuffer
 .text.isr_rx_movi_StartEx
                0x00006a10       0x24 .\ARM_GCC_541\Debug\Proj07_hamflyAPI_stateMachineUpgrade.a(isr_rx_movi.o)
                0x00006a10                isr_rx_movi_StartEx
 .text.isr_rx_movi_SetVector
                0x00006a34       0x24 .\ARM_GCC_541\Debug\Proj07_hamflyAPI_stateMachineUpgrade.a(isr_rx_movi.o)
                0x00006a34                isr_rx_movi_SetVector
 .text.isr_rx_movi_SetPriority
                0x00006a58       0x24 .\ARM_GCC_541\Debug\Proj07_hamflyAPI_stateMachineUpgrade.a(isr_rx_movi.o)
                0x00006a58                isr_rx_movi_SetPriority
 .text.isr_rx_movi_Enable
                0x00006a7c       0x18 .\ARM_GCC_541\Debug\Proj07_hamflyAPI_stateMachineUpgrade.a(isr_rx_movi.o)
                0x00006a7c                isr_rx_movi_Enable
 .text.isr_rx_movi_Disable
                0x00006a94       0x18 .\ARM_GCC_541\Debug\Proj07_hamflyAPI_stateMachineUpgrade.a(isr_rx_movi.o)
                0x00006a94                isr_rx_movi_Disable
 .text.Looptimer_Init
                0x00006aac       0xa0 .\ARM_GCC_541\Debug\Proj07_hamflyAPI_stateMachineUpgrade.a(Looptimer.o)
                0x00006aac                Looptimer_Init
 .text.Looptimer_Enable
                0x00006b4c       0x48 .\ARM_GCC_541\Debug\Proj07_hamflyAPI_stateMachineUpgrade.a(Looptimer.o)
                0x00006b4c                Looptimer_Enable
 .text.Looptimer_Start
                0x00006b94       0x24 .\ARM_GCC_541\Debug\Proj07_hamflyAPI_stateMachineUpgrade.a(Looptimer.o)
                0x00006b94                Looptimer_Start
 .text.Looptimer_SetInterruptMode
                0x00006bb8       0x20 .\ARM_GCC_541\Debug\Proj07_hamflyAPI_stateMachineUpgrade.a(Looptimer.o)
                0x00006bb8                Looptimer_SetInterruptMode
 .text.Looptimer_ReadStatusRegister
                0x00006bd8       0x18 .\ARM_GCC_541\Debug\Proj07_hamflyAPI_stateMachineUpgrade.a(Looptimer.o)
                0x00006bd8                Looptimer_ReadStatusRegister
 .text.Looptimer_WritePeriod
                0x00006bf0       0x24 .\ARM_GCC_541\Debug\Proj07_hamflyAPI_stateMachineUpgrade.a(Looptimer.o)
                0x00006bf0                Looptimer_WritePeriod
 .text.Looptimer_WriteCounter
                0x00006c14       0x20 .\ARM_GCC_541\Debug\Proj07_hamflyAPI_stateMachineUpgrade.a(Looptimer.o)
                0x00006c14                Looptimer_WriteCounter
 .text.isr_Looptimer_StartEx
                0x00006c34       0x24 .\ARM_GCC_541\Debug\Proj07_hamflyAPI_stateMachineUpgrade.a(isr_Looptimer.o)
                0x00006c34                isr_Looptimer_StartEx
 .text.isr_Looptimer_SetVector
                0x00006c58       0x24 .\ARM_GCC_541\Debug\Proj07_hamflyAPI_stateMachineUpgrade.a(isr_Looptimer.o)
                0x00006c58                isr_Looptimer_SetVector
 .text.isr_Looptimer_SetPriority
                0x00006c7c       0x24 .\ARM_GCC_541\Debug\Proj07_hamflyAPI_stateMachineUpgrade.a(isr_Looptimer.o)
                0x00006c7c                isr_Looptimer_SetPriority
 .text.isr_Looptimer_Enable
                0x00006ca0       0x18 .\ARM_GCC_541\Debug\Proj07_hamflyAPI_stateMachineUpgrade.a(isr_Looptimer.o)
                0x00006ca0                isr_Looptimer_Enable
 .text.isr_Looptimer_Disable
                0x00006cb8       0x18 .\ARM_GCC_541\Debug\Proj07_hamflyAPI_stateMachineUpgrade.a(isr_Looptimer.o)
                0x00006cb8                isr_Looptimer_Disable
 .text.EEPROM_CONFIG_Enable
                0x00006cd0       0x10 .\ARM_GCC_541\Debug\Proj07_hamflyAPI_stateMachineUpgrade.a(EEPROM_CONFIG.o)
                0x00006cd0                EEPROM_CONFIG_Enable
 .text.EEPROM_CONFIG_Start
                0x00006ce0        0xc .\ARM_GCC_541\Debug\Proj07_hamflyAPI_stateMachineUpgrade.a(EEPROM_CONFIG.o)
                0x00006ce0                EEPROM_CONFIG_Start
 .text.ADC_DelSig_1_AMux_Start
                0x00006cec       0x34 .\ARM_GCC_541\Debug\Proj07_hamflyAPI_stateMachineUpgrade.a(ADC_DelSig_1_AMux.o)
                0x00006cec                ADC_DelSig_1_AMux_Start
 .text.ADC_DelSig_1_AMux_Select
                0x00006d20       0x28 .\ARM_GCC_541\Debug\Proj07_hamflyAPI_stateMachineUpgrade.a(ADC_DelSig_1_AMux.o)
                0x00006d20                ADC_DelSig_1_AMux_Select
 .text.ADC_DelSig_1_Ext_CP_Clk_SetDividerRegister
                0x00006d48      0x164 .\ARM_GCC_541\Debug\Proj07_hamflyAPI_stateMachineUpgrade.a(ADC_DelSig_1_Ext_CP_Clk.o)
                0x00006d48                ADC_DelSig_1_Ext_CP_Clk_SetDividerRegister
 .text.ADC_DelSig_1_Ext_CP_Clk_GetDividerRegister
                0x00006eac       0x18 .\ARM_GCC_541\Debug\Proj07_hamflyAPI_stateMachineUpgrade.a(ADC_DelSig_1_Ext_CP_Clk.o)
                0x00006eac                ADC_DelSig_1_Ext_CP_Clk_GetDividerRegister
 .text.ADC_DelSig_1_Ext_CP_Clk_SetModeRegister
                0x00006ec4       0x34 .\ARM_GCC_541\Debug\Proj07_hamflyAPI_stateMachineUpgrade.a(ADC_DelSig_1_Ext_CP_Clk.o)
                0x00006ec4                ADC_DelSig_1_Ext_CP_Clk_SetModeRegister
 .text.ADC_DelSig_1_Ext_CP_Clk_GetSourceRegister
                0x00006ef8       0x1c .\ARM_GCC_541\Debug\Proj07_hamflyAPI_stateMachineUpgrade.a(ADC_DelSig_1_Ext_CP_Clk.o)
                0x00006ef8                ADC_DelSig_1_Ext_CP_Clk_GetSourceRegister
 .text.ADC_DelSig_1_theACLK_SetDividerRegister
                0x00006f14      0x164 .\ARM_GCC_541\Debug\Proj07_hamflyAPI_stateMachineUpgrade.a(ADC_DelSig_1_theACLK.o)
                0x00006f14                ADC_DelSig_1_theACLK_SetDividerRegister
 .text.ADC_DelSig_1_theACLK_GetDividerRegister
                0x00007078       0x18 .\ARM_GCC_541\Debug\Proj07_hamflyAPI_stateMachineUpgrade.a(ADC_DelSig_1_theACLK.o)
                0x00007078                ADC_DelSig_1_theACLK_GetDividerRegister
 .text.ADC_DelSig_1_theACLK_SetModeRegister
                0x00007090       0x34 .\ARM_GCC_541\Debug\Proj07_hamflyAPI_stateMachineUpgrade.a(ADC_DelSig_1_theACLK.o)
                0x00007090                ADC_DelSig_1_theACLK_SetModeRegister
 .text.ADC_DelSig_1_theACLK_GetSourceRegister
                0x000070c4       0x1c .\ARM_GCC_541\Debug\Proj07_hamflyAPI_stateMachineUpgrade.a(ADC_DelSig_1_theACLK.o)
                0x000070c4                ADC_DelSig_1_theACLK_GetSourceRegister
 .text.CySetTempInt
                0x000070e0       0x7c .\ARM_GCC_541\Debug\Proj07_hamflyAPI_stateMachineUpgrade.a(CyFlash.o)
 .text.CyFlashGetSpcAlgorithm
                0x0000715c       0x70 .\ARM_GCC_541\Debug\Proj07_hamflyAPI_stateMachineUpgrade.a(CyFlash.o)
                0x0000715c                CyFlashGetSpcAlgorithm
 .text.CySetTemp
                0x000071cc       0x24 .\ARM_GCC_541\Debug\Proj07_hamflyAPI_stateMachineUpgrade.a(CyFlash.o)
                0x000071cc                CySetTemp
 .text.CyEEPROM_Start
                0x000071f0       0x8c .\ARM_GCC_541\Debug\Proj07_hamflyAPI_stateMachineUpgrade.a(CyFlash.o)
                0x000071f0                CyEEPROM_Start
 .text.CyHalt   0x0000727c       0x18 .\ARM_GCC_541\Debug\Proj07_hamflyAPI_stateMachineUpgrade.a(CyLib.o)
                0x0000727c                CyHalt
 .text.CyDelayUs
                0x00007294       0x28 .\ARM_GCC_541\Debug\Proj07_hamflyAPI_stateMachineUpgrade.a(CyLib.o)
                0x00007294                CyDelayUs
 .text.CyIntSetVector
                0x000072bc       0x50 .\ARM_GCC_541\Debug\Proj07_hamflyAPI_stateMachineUpgrade.a(CyLib.o)
                0x000072bc                CyIntSetVector
 .text.CyIntSetPriority
                0x0000730c       0x48 .\ARM_GCC_541\Debug\Proj07_hamflyAPI_stateMachineUpgrade.a(CyLib.o)
                0x0000730c                CyIntSetPriority
 .text.CySpcStart
                0x00007354       0x48 .\ARM_GCC_541\Debug\Proj07_hamflyAPI_stateMachineUpgrade.a(CySpc.o)
                0x00007354                CySpcStart
 .text.CySpcReadData
                0x0000739c       0x54 .\ARM_GCC_541\Debug\Proj07_hamflyAPI_stateMachineUpgrade.a(CySpc.o)
                0x0000739c                CySpcReadData
 .text.CySpcGetTemp
                0x000073f0       0x64 .\ARM_GCC_541\Debug\Proj07_hamflyAPI_stateMachineUpgrade.a(CySpc.o)
                0x000073f0                CySpcGetTemp
 .text.CySpcLock
                0x00007454       0x68 .\ARM_GCC_541\Debug\Proj07_hamflyAPI_stateMachineUpgrade.a(CySpc.o)
                0x00007454                CySpcLock
 .text.CySpcUnlock
                0x000074bc       0x50 .\ARM_GCC_541\Debug\Proj07_hamflyAPI_stateMachineUpgrade.a(CySpc.o)
                0x000074bc                CySpcUnlock
 .text.CySpcGetAlgorithm
                0x0000750c       0x44 .\ARM_GCC_541\Debug\Proj07_hamflyAPI_stateMachineUpgrade.a(CySpc.o)
                0x0000750c                CySpcGetAlgorithm
 .text.UART_DEBUG_Start
                0x00007550       0x24 .\ARM_GCC_541\Debug\Proj07_hamflyAPI_stateMachineUpgrade.a(UART_DEBUG.o)
                0x00007550                UART_DEBUG_Start
 .text.UART_DEBUG_Init
                0x00007574       0x40 .\ARM_GCC_541\Debug\Proj07_hamflyAPI_stateMachineUpgrade.a(UART_DEBUG.o)
                0x00007574                UART_DEBUG_Init
 .text.UART_DEBUG_Enable
                0x000075b4       0x60 .\ARM_GCC_541\Debug\Proj07_hamflyAPI_stateMachineUpgrade.a(UART_DEBUG.o)
                0x000075b4                UART_DEBUG_Enable
 .text.UART_DEBUG_GetChar
                0x00007614       0x44 .\ARM_GCC_541\Debug\Proj07_hamflyAPI_stateMachineUpgrade.a(UART_DEBUG.o)
                0x00007614                UART_DEBUG_GetChar
 .text.UART_DEBUG_PutChar
                0x00007658       0x34 .\ARM_GCC_541\Debug\Proj07_hamflyAPI_stateMachineUpgrade.a(UART_DEBUG.o)
                0x00007658                UART_DEBUG_PutChar
 .text.UART_DEBUG_PutString
                0x0000768c       0x44 .\ARM_GCC_541\Debug\Proj07_hamflyAPI_stateMachineUpgrade.a(UART_DEBUG.o)
                0x0000768c                UART_DEBUG_PutString
 .text.UART_DEBUG_IntClock_Start
                0x000076d0       0x34 .\ARM_GCC_541\Debug\Proj07_hamflyAPI_stateMachineUpgrade.a(UART_DEBUG_IntClock.o)
                0x000076d0                UART_DEBUG_IntClock_Start
 .text.UART_SBC_Start
                0x00007704       0x24 .\ARM_GCC_541\Debug\Proj07_hamflyAPI_stateMachineUpgrade.a(UART_SBC.o)
                0x00007704                UART_SBC_Start
 .text.UART_SBC_Init
                0x00007728       0x40 .\ARM_GCC_541\Debug\Proj07_hamflyAPI_stateMachineUpgrade.a(UART_SBC.o)
                0x00007728                UART_SBC_Init
 .text.UART_SBC_Enable
                0x00007768       0x60 .\ARM_GCC_541\Debug\Proj07_hamflyAPI_stateMachineUpgrade.a(UART_SBC.o)
                0x00007768                UART_SBC_Enable
 .text.UART_SBC_ClearRxBuffer
                0x000077c8       0x44 .\ARM_GCC_541\Debug\Proj07_hamflyAPI_stateMachineUpgrade.a(UART_SBC.o)
                0x000077c8                UART_SBC_ClearRxBuffer
 .text.UART_SBC_PutChar
                0x0000780c       0x34 .\ARM_GCC_541\Debug\Proj07_hamflyAPI_stateMachineUpgrade.a(UART_SBC.o)
                0x0000780c                UART_SBC_PutChar
 .text.UART_SBC_ClearTxBuffer
                0x00007840       0x44 .\ARM_GCC_541\Debug\Proj07_hamflyAPI_stateMachineUpgrade.a(UART_SBC.o)
                0x00007840                UART_SBC_ClearTxBuffer
 .text.isr_rx_sbc_StartEx
                0x00007884       0x24 .\ARM_GCC_541\Debug\Proj07_hamflyAPI_stateMachineUpgrade.a(isr_rx_sbc.o)
                0x00007884                isr_rx_sbc_StartEx
 .text.isr_rx_sbc_SetVector
                0x000078a8       0x24 .\ARM_GCC_541\Debug\Proj07_hamflyAPI_stateMachineUpgrade.a(isr_rx_sbc.o)
                0x000078a8                isr_rx_sbc_SetVector
 .text.isr_rx_sbc_SetPriority
                0x000078cc       0x24 .\ARM_GCC_541\Debug\Proj07_hamflyAPI_stateMachineUpgrade.a(isr_rx_sbc.o)
                0x000078cc                isr_rx_sbc_SetPriority
 .text.isr_rx_sbc_Enable
                0x000078f0       0x18 .\ARM_GCC_541\Debug\Proj07_hamflyAPI_stateMachineUpgrade.a(isr_rx_sbc.o)
                0x000078f0                isr_rx_sbc_Enable
 .text.isr_rx_sbc_Disable
                0x00007908       0x18 .\ARM_GCC_541\Debug\Proj07_hamflyAPI_stateMachineUpgrade.a(isr_rx_sbc.o)
                0x00007908                isr_rx_sbc_Disable
 .text.UART_SBC_IntClock_Start
                0x00007920       0x34 .\ARM_GCC_541\Debug\Proj07_hamflyAPI_stateMachineUpgrade.a(UART_SBC_IntClock.o)
                0x00007920                UART_SBC_IntClock_Start
 *fill*         0x00007954        0x4 
 .text          0x00007958       0x54 .\ARM_GCC_541\Debug\Proj07_hamflyAPI_stateMachineUpgrade.a(CyBootAsmGnu.o)
                0x00007958                CyDelayCycles
                0x00007996                CyEnterCriticalSection
                0x0000799e                CyExitCriticalSection
 .text.asinf    0x000079ac       0xa4 c:/program files (x86)/cypress/psoc creator/4.4/psoc creator/import/gnu/arm/5.4.1/bin/../lib/gcc/arm-none-eabi/5.4.1/../../../../arm-none-eabi/lib/armv7-m\libm.a(lib_a-wf_asin.o)
                0x000079ac                asinf
 .text.atan2f   0x00007a50        0x4 c:/program files (x86)/cypress/psoc creator/4.4/psoc creator/import/gnu/arm/5.4.1/bin/../lib/gcc/arm-none-eabi/5.4.1/../../../../arm-none-eabi/lib/armv7-m\libm.a(lib_a-wf_atan2.o)
                0x00007a50                atan2f
 .text.__ieee754_asinf
                0x00007a54      0x294 c:/program files (x86)/cypress/psoc creator/4.4/psoc creator/import/gnu/arm/5.4.1/bin/../lib/gcc/arm-none-eabi/5.4.1/../../../../arm-none-eabi/lib/armv7-m\libm.a(lib_a-ef_asin.o)
                0x00007a54                __ieee754_asinf
 .text.__ieee754_atan2f
                0x00007ce8      0x124 c:/program files (x86)/cypress/psoc creator/4.4/psoc creator/import/gnu/arm/5.4.1/bin/../lib/gcc/arm-none-eabi/5.4.1/../../../../arm-none-eabi/lib/armv7-m\libm.a(lib_a-ef_atan2.o)
                0x00007ce8                __ieee754_atan2f
 .text.__ieee754_sqrtf
                0x00007e0c       0xa8 c:/program files (x86)/cypress/psoc creator/4.4/psoc creator/import/gnu/arm/5.4.1/bin/../lib/gcc/arm-none-eabi/5.4.1/../../../../arm-none-eabi/lib/armv7-m\libm.a(lib_a-ef_sqrt.o)
                0x00007e0c                __ieee754_sqrtf
 .text.matherr  0x00007eb4        0x4 c:/program files (x86)/cypress/psoc creator/4.4/psoc creator/import/gnu/arm/5.4.1/bin/../lib/gcc/arm-none-eabi/5.4.1/../../../../arm-none-eabi/lib/armv7-m\libm.a(lib_a-s_matherr.o)
                0x00007eb4                matherr
 .text.nan      0x00007eb8        0xc c:/program files (x86)/cypress/psoc creator/4.4/psoc creator/import/gnu/arm/5.4.1/bin/../lib/gcc/arm-none-eabi/5.4.1/../../../../arm-none-eabi/lib/armv7-m\libm.a(lib_a-s_nan.o)
                0x00007eb8                nan
 .text.atanf    0x00007ec4      0x22c c:/program files (x86)/cypress/psoc creator/4.4/psoc creator/import/gnu/arm/5.4.1/bin/../lib/gcc/arm-none-eabi/5.4.1/../../../../arm-none-eabi/lib/armv7-m\libm.a(lib_a-sf_atan.o)
                0x00007ec4                atanf
 .text.fabsf    0x000080f0        0x8 c:/program files (x86)/cypress/psoc creator/4.4/psoc creator/import/gnu/arm/5.4.1/bin/../lib/gcc/arm-none-eabi/5.4.1/../../../../arm-none-eabi/lib/armv7-m\libm.a(lib_a-sf_fabs.o)
                0x000080f0                fabsf
 .text          0x000080f8      0x370 c:/program files (x86)/cypress/psoc creator/4.4/psoc creator/import/gnu/arm/5.4.1/bin/../lib/gcc/arm-none-eabi/5.4.1/armv7-m\libgcc.a(_arm_addsubdf3.o)
                0x000080f8                __aeabi_drsub
                0x00008100                __aeabi_dsub
                0x00008100                __subdf3
                0x00008104                __aeabi_dadd
                0x00008104                __adddf3
                0x0000837c                __floatunsidf
                0x0000837c                __aeabi_ui2d
                0x0000839c                __floatsidf
                0x0000839c                __aeabi_i2d
                0x000083c0                __aeabi_f2d
                0x000083c0                __extendsfdf2
                0x000083fc                __floatundidf
                0x000083fc                __aeabi_ul2d
                0x0000840c                __floatdidf
                0x0000840c                __aeabi_l2d
 .text          0x00008468      0x424 c:/program files (x86)/cypress/psoc creator/4.4/psoc creator/import/gnu/arm/5.4.1/bin/../lib/gcc/arm-none-eabi/5.4.1/armv7-m\libgcc.a(_arm_muldivdf3.o)
                0x00008468                __aeabi_dmul
                0x00008468                __muldf3
                0x000086bc                __divdf3
                0x000086bc                __aeabi_ddiv
 .text          0x0000888c      0x110 c:/program files (x86)/cypress/psoc creator/4.4/psoc creator/import/gnu/arm/5.4.1/bin/../lib/gcc/arm-none-eabi/5.4.1/armv7-m\libgcc.a(_arm_cmpdf2.o)
                0x0000888c                __gtdf2
                0x0000888c                __gedf2
                0x00008894                __ltdf2
                0x00008894                __ledf2
                0x0000889c                __nedf2
                0x0000889c                __eqdf2
                0x0000889c                __cmpdf2
                0x00008918                __aeabi_cdrcmple
                0x00008928                __aeabi_cdcmpeq
                0x00008928                __aeabi_cdcmple
                0x00008938                __aeabi_dcmpeq
                0x0000894c                __aeabi_dcmplt
                0x00008960                __aeabi_dcmple
                0x00008974                __aeabi_dcmpge
                0x00008988                __aeabi_dcmpgt
 .text          0x0000899c       0x2c c:/program files (x86)/cypress/psoc creator/4.4/psoc creator/import/gnu/arm/5.4.1/bin/../lib/gcc/arm-none-eabi/5.4.1/armv7-m\libgcc.a(_arm_unorddf2.o)
                0x0000899c                __unorddf2
                0x0000899c                __aeabi_dcmpun
 .text          0x000089c8       0x50 c:/program files (x86)/cypress/psoc creator/4.4/psoc creator/import/gnu/arm/5.4.1/bin/../lib/gcc/arm-none-eabi/5.4.1/armv7-m\libgcc.a(_arm_fixdfsi.o)
                0x000089c8                __aeabi_d2iz
                0x000089c8                __fixdfsi
 .text          0x00008a18       0xa0 c:/program files (x86)/cypress/psoc creator/4.4/psoc creator/import/gnu/arm/5.4.1/bin/../lib/gcc/arm-none-eabi/5.4.1/armv7-m\libgcc.a(_arm_truncdfsf2.o)
                0x00008a18                __truncdfsf2
                0x00008a18                __aeabi_d2f
 .text          0x00008ab8      0x21c c:/program files (x86)/cypress/psoc creator/4.4/psoc creator/import/gnu/arm/5.4.1/bin/../lib/gcc/arm-none-eabi/5.4.1/armv7-m\libgcc.a(_arm_addsubsf3.o)
                0x00008ab8                __aeabi_frsub
                0x00008ac0                __subsf3
                0x00008ac0                __aeabi_fsub
                0x00008ac4                __aeabi_fadd
                0x00008ac4                __addsf3
                0x00008c24                __aeabi_ui2f
                0x00008c24                __floatunsisf
                0x00008c2c                __aeabi_i2f
                0x00008c2c                __floatsisf
                0x00008c48                __aeabi_ul2f
                0x00008c48                __floatundisf
                0x00008c58                __aeabi_l2f
                0x00008c58                __floatdisf
 .text          0x00008cd4      0x2a0 c:/program files (x86)/cypress/psoc creator/4.4/psoc creator/import/gnu/arm/5.4.1/bin/../lib/gcc/arm-none-eabi/5.4.1/armv7-m\libgcc.a(_arm_muldivsf3.o)
                0x00008cd4                __mulsf3
                0x00008cd4                __aeabi_fmul
                0x00008e3c                __aeabi_fdiv
                0x00008e3c                __divsf3
 .text          0x00008f74       0xec c:/program files (x86)/cypress/psoc creator/4.4/psoc creator/import/gnu/arm/5.4.1/bin/../lib/gcc/arm-none-eabi/5.4.1/armv7-m\libgcc.a(_arm_cmpsf2.o)
                0x00008f74                __gesf2
                0x00008f74                __gtsf2
                0x00008f7c                __lesf2
                0x00008f7c                __ltsf2
                0x00008f84                __nesf2
                0x00008f84                __eqsf2
                0x00008f84                __cmpsf2
                0x00008fe4                __aeabi_cfrcmple
                0x00008fec                __aeabi_cfcmpeq
                0x00008fec                __aeabi_cfcmple
                0x00008ffc                __aeabi_fcmpeq
                0x00009010                __aeabi_fcmplt
                0x00009024                __aeabi_fcmple
                0x00009038                __aeabi_fcmpge
                0x0000904c                __aeabi_fcmpgt
 .text          0x00009060       0x2c c:/program files (x86)/cypress/psoc creator/4.4/psoc creator/import/gnu/arm/5.4.1/bin/../lib/gcc/arm-none-eabi/5.4.1/armv7-m\libgcc.a(_arm_unordsf2.o)
                0x00009060                __unordsf2
                0x00009060                __aeabi_fcmpun
 .text          0x0000908c       0x4c c:/program files (x86)/cypress/psoc creator/4.4/psoc creator/import/gnu/arm/5.4.1/bin/../lib/gcc/arm-none-eabi/5.4.1/armv7-m\libgcc.a(_arm_fixsfsi.o)
                0x0000908c                __aeabi_f2iz
                0x0000908c                __fixsfsi
 .text          0x000090d8       0x40 c:/program files (x86)/cypress/psoc creator/4.4/psoc creator/import/gnu/arm/5.4.1/bin/../lib/gcc/arm-none-eabi/5.4.1/armv7-m\libgcc.a(_arm_fixunssfsi.o)
                0x000090d8                __fixunssfsi
                0x000090d8                __aeabi_f2uiz
 .text.__errno  0x00009118        0xc c:/program files (x86)/cypress/psoc creator/4.4/psoc creator/import/gnu/arm/5.4.1/bin/../lib/gcc/arm-none-eabi/5.4.1/../../../../arm-none-eabi/lib/armv7-m\libg_nano.a(lib_a-errno.o)
                0x00009118                __errno
 .text.__libc_init_array
                0x00009124       0x4c c:/program files (x86)/cypress/psoc creator/4.4/psoc creator/import/gnu/arm/5.4.1/bin/../lib/gcc/arm-none-eabi/5.4.1/../../../../arm-none-eabi/lib/armv7-m\libg_nano.a(lib_a-init.o)
                0x00009124                __libc_init_array
 .text.memcpy   0x00009170       0x16 c:/program files (x86)/cypress/psoc creator/4.4/psoc creator/import/gnu/arm/5.4.1/bin/../lib/gcc/arm-none-eabi/5.4.1/../../../../arm-none-eabi/lib/armv7-m\libg_nano.a(lib_a-memcpy-stub.o)
                0x00009170                memcpy
 .text.memset   0x00009186       0x10 c:/program files (x86)/cypress/psoc creator/4.4/psoc creator/import/gnu/arm/5.4.1/bin/../lib/gcc/arm-none-eabi/5.4.1/../../../../arm-none-eabi/lib/armv7-m\libg_nano.a(lib_a-memset.o)
                0x00009186                memset
 .text.__cvt    0x00009196       0xc0 c:/program files (x86)/cypress/psoc creator/4.4/psoc creator/import/gnu/arm/5.4.1/bin/../lib/gcc/arm-none-eabi/5.4.1/../../../../arm-none-eabi/lib/armv7-m\libg_nano.a(lib_a-nano-vfprintf_float.o)
                0x00009196                __cvt
 .text.__exponent
                0x00009256       0x62 c:/program files (x86)/cypress/psoc creator/4.4/psoc creator/import/gnu/arm/5.4.1/bin/../lib/gcc/arm-none-eabi/5.4.1/../../../../arm-none-eabi/lib/armv7-m\libg_nano.a(lib_a-nano-vfprintf_float.o)
                0x00009256                __exponent
 .text._printf_float
                0x000092b8      0x488 c:/program files (x86)/cypress/psoc creator/4.4/psoc creator/import/gnu/arm/5.4.1/bin/../lib/gcc/arm-none-eabi/5.4.1/../../../../arm-none-eabi/lib/armv7-m\libg_nano.a(lib_a-nano-vfprintf_float.o)
                0x000092b8                _printf_float
 .text._printf_common
                0x00009740       0xec c:/program files (x86)/cypress/psoc creator/4.4/psoc creator/import/gnu/arm/5.4.1/bin/../lib/gcc/arm-none-eabi/5.4.1/../../../../arm-none-eabi/lib/armv7-m\libg_nano.a(lib_a-nano-vfprintf_i.o)
                0x00009740                _printf_common
 .text._printf_i
                0x0000982c      0x24c c:/program files (x86)/cypress/psoc creator/4.4/psoc creator/import/gnu/arm/5.4.1/bin/../lib/gcc/arm-none-eabi/5.4.1/../../../../arm-none-eabi/lib/armv7-m\libg_nano.a(lib_a-nano-vfprintf_i.o)
                0x0000982c                _printf_i
 .text.snprintf
                0x00009a78       0x64 c:/program files (x86)/cypress/psoc creator/4.4/psoc creator/import/gnu/arm/5.4.1/bin/../lib/gcc/arm-none-eabi/5.4.1/../../../../arm-none-eabi/lib/armv7-m\libg_nano.a(lib_a-snprintf.o)
                0x00009a78                sniprintf
                0x00009a78                snprintf
 .text          0x00009adc       0x10 c:/program files (x86)/cypress/psoc creator/4.4/psoc creator/import/gnu/arm/5.4.1/bin/../lib/gcc/arm-none-eabi/5.4.1/../../../../arm-none-eabi/lib/armv7-m\libg_nano.a(lib_a-strlen.o)
                0x00009adc                strlen
 .text.quorem   0x00009aec      0x116 c:/program files (x86)/cypress/psoc creator/4.4/psoc creator/import/gnu/arm/5.4.1/bin/../lib/gcc/arm-none-eabi/5.4.1/../../../../arm-none-eabi/lib/armv7-m\libg_nano.a(lib_a-dtoa.o)
 *fill*         0x00009c02        0x6 
 .text._dtoa_r  0x00009c08      0xb30 c:/program files (x86)/cypress/psoc creator/4.4/psoc creator/import/gnu/arm/5.4.1/bin/../lib/gcc/arm-none-eabi/5.4.1/../../../../arm-none-eabi/lib/armv7-m\libg_nano.a(lib_a-dtoa.o)
                0x00009c08                _dtoa_r
 .text._localeconv_r
                0x0000a738        0x8 c:/program files (x86)/cypress/psoc creator/4.4/psoc creator/import/gnu/arm/5.4.1/bin/../lib/gcc/arm-none-eabi/5.4.1/../../../../arm-none-eabi/lib/armv7-m\libg_nano.a(lib_a-locale.o)
                0x0000a738                _localeconv_r
 .text.malloc   0x0000a740       0x10 c:/program files (x86)/cypress/psoc creator/4.4/psoc creator/import/gnu/arm/5.4.1/bin/../lib/gcc/arm-none-eabi/5.4.1/../../../../arm-none-eabi/lib/armv7-m\libg_nano.a(lib_a-malloc.o)
                0x0000a740                malloc
 .text.memchr   0x0000a750       0x1c c:/program files (x86)/cypress/psoc creator/4.4/psoc creator/import/gnu/arm/5.4.1/bin/../lib/gcc/arm-none-eabi/5.4.1/../../../../arm-none-eabi/lib/armv7-m\libg_nano.a(lib_a-memchr-stub.o)
                0x0000a750                memchr
 .text._Balloc  0x0000a76c       0x6a c:/program files (x86)/cypress/psoc creator/4.4/psoc creator/import/gnu/arm/5.4.1/bin/../lib/gcc/arm-none-eabi/5.4.1/../../../../arm-none-eabi/lib/armv7-m\libg_nano.a(lib_a-mprec.o)
                0x0000a76c                _Balloc
 .text._Bfree   0x0000a7d6       0x2e c:/program files (x86)/cypress/psoc creator/4.4/psoc creator/import/gnu/arm/5.4.1/bin/../lib/gcc/arm-none-eabi/5.4.1/../../../../arm-none-eabi/lib/armv7-m\libg_nano.a(lib_a-mprec.o)
                0x0000a7d6                _Bfree
 .text.__multadd
                0x0000a804       0x76 c:/program files (x86)/cypress/psoc creator/4.4/psoc creator/import/gnu/arm/5.4.1/bin/../lib/gcc/arm-none-eabi/5.4.1/../../../../arm-none-eabi/lib/armv7-m\libg_nano.a(lib_a-mprec.o)
                0x0000a804                __multadd
 .text.__hi0bits
                0x0000a87a       0x40 c:/program files (x86)/cypress/psoc creator/4.4/psoc creator/import/gnu/arm/5.4.1/bin/../lib/gcc/arm-none-eabi/5.4.1/../../../../arm-none-eabi/lib/armv7-m\libg_nano.a(lib_a-mprec.o)
                0x0000a87a                __hi0bits
 .text.__lo0bits
                0x0000a8ba       0x5a c:/program files (x86)/cypress/psoc creator/4.4/psoc creator/import/gnu/arm/5.4.1/bin/../lib/gcc/arm-none-eabi/5.4.1/../../../../arm-none-eabi/lib/armv7-m\libg_nano.a(lib_a-mprec.o)
                0x0000a8ba                __lo0bits
 .text.__i2b    0x0000a914       0x12 c:/program files (x86)/cypress/psoc creator/4.4/psoc creator/import/gnu/arm/5.4.1/bin/../lib/gcc/arm-none-eabi/5.4.1/../../../../arm-none-eabi/lib/armv7-m\libg_nano.a(lib_a-mprec.o)
                0x0000a914                __i2b
 .text.__multiply
                0x0000a926      0x120 c:/program files (x86)/cypress/psoc creator/4.4/psoc creator/import/gnu/arm/5.4.1/bin/../lib/gcc/arm-none-eabi/5.4.1/../../../../arm-none-eabi/lib/armv7-m\libg_nano.a(lib_a-mprec.o)
                0x0000a926                __multiply
 *fill*         0x0000aa46        0x2 
 .text.__pow5mult
                0x0000aa48       0x9c c:/program files (x86)/cypress/psoc creator/4.4/psoc creator/import/gnu/arm/5.4.1/bin/../lib/gcc/arm-none-eabi/5.4.1/../../../../arm-none-eabi/lib/armv7-m\libg_nano.a(lib_a-mprec.o)
                0x0000aa48                __pow5mult
 .text.__lshift
                0x0000aae4       0xa2 c:/program files (x86)/cypress/psoc creator/4.4/psoc creator/import/gnu/arm/5.4.1/bin/../lib/gcc/arm-none-eabi/5.4.1/../../../../arm-none-eabi/lib/armv7-m\libg_nano.a(lib_a-mprec.o)
                0x0000aae4                __lshift
 .text.__mcmp   0x0000ab86       0x38 c:/program files (x86)/cypress/psoc creator/4.4/psoc creator/import/gnu/arm/5.4.1/bin/../lib/gcc/arm-none-eabi/5.4.1/../../../../arm-none-eabi/lib/armv7-m\libg_nano.a(lib_a-mprec.o)
                0x0000ab86                __mcmp
 .text.__mdiff  0x0000abbe       0xbe c:/program files (x86)/cypress/psoc creator/4.4/psoc creator/import/gnu/arm/5.4.1/bin/../lib/gcc/arm-none-eabi/5.4.1/../../../../arm-none-eabi/lib/armv7-m\libg_nano.a(lib_a-mprec.o)
                0x0000abbe                __mdiff
 .text.__d2b    0x0000ac7c       0x9c c:/program files (x86)/cypress/psoc creator/4.4/psoc creator/import/gnu/arm/5.4.1/bin/../lib/gcc/arm-none-eabi/5.4.1/../../../../arm-none-eabi/lib/armv7-m\libg_nano.a(lib_a-mprec.o)
                0x0000ac7c                __d2b
 .text._calloc_r
                0x0000ad18       0x1c c:/program files (x86)/cypress/psoc creator/4.4/psoc creator/import/gnu/arm/5.4.1/bin/../lib/gcc/arm-none-eabi/5.4.1/../../../../arm-none-eabi/lib/armv7-m\libg_nano.a(lib_a-nano-callocr.o)
                0x0000ad18                _calloc_r
 .text._free_r  0x0000ad34       0x98 c:/program files (x86)/cypress/psoc creator/4.4/psoc creator/import/gnu/arm/5.4.1/bin/../lib/gcc/arm-none-eabi/5.4.1/../../../../arm-none-eabi/lib/armv7-m\libg_nano.a(lib_a-nano-freer.o)
                0x0000ad34                _free_r
 .text._malloc_r
                0x0000adcc       0xbc c:/program files (x86)/cypress/psoc creator/4.4/psoc creator/import/gnu/arm/5.4.1/bin/../lib/gcc/arm-none-eabi/5.4.1/../../../../arm-none-eabi/lib/armv7-m\libg_nano.a(lib_a-nano-mallocr.o)
                0x0000adcc                _malloc_r
 .text.__ssputs_r
                0x0000ae88       0xb2 c:/program files (x86)/cypress/psoc creator/4.4/psoc creator/import/gnu/arm/5.4.1/bin/../lib/gcc/arm-none-eabi/5.4.1/../../../../arm-none-eabi/lib/armv7-m\libg_nano.a(lib_a-nano-svfprintf.o)
                0x0000ae88                __ssputs_r
 *fill*         0x0000af3a        0x2 
 .text._svfprintf_r
                0x0000af3c      0x1e8 c:/program files (x86)/cypress/psoc creator/4.4/psoc creator/import/gnu/arm/5.4.1/bin/../lib/gcc/arm-none-eabi/5.4.1/../../../../arm-none-eabi/lib/armv7-m\libg_nano.a(lib_a-nano-svfprintf.o)
                0x0000af3c                _svfiprintf_r
                0x0000af3c                _svfprintf_r
 .text._sbrk_r  0x0000b124       0x20 c:/program files (x86)/cypress/psoc creator/4.4/psoc creator/import/gnu/arm/5.4.1/bin/../lib/gcc/arm-none-eabi/5.4.1/../../../../arm-none-eabi/lib/armv7-m\libg_nano.a(lib_a-sbrkr.o)
                0x0000b124                _sbrk_r
 .text.memmove  0x0000b144       0x36 c:/program files (x86)/cypress/psoc creator/4.4/psoc creator/import/gnu/arm/5.4.1/bin/../lib/gcc/arm-none-eabi/5.4.1/../../../../arm-none-eabi/lib/armv7-m\libg_nano.a(lib_a-memmove.o)
                0x0000b144                memmove
 .text.__malloc_lock
                0x0000b17a        0x2 c:/program files (x86)/cypress/psoc creator/4.4/psoc creator/import/gnu/arm/5.4.1/bin/../lib/gcc/arm-none-eabi/5.4.1/../../../../arm-none-eabi/lib/armv7-m\libg_nano.a(lib_a-mlock.o)
                0x0000b17a                __malloc_lock
 .text.__malloc_unlock
                0x0000b17c        0x2 c:/program files (x86)/cypress/psoc creator/4.4/psoc creator/import/gnu/arm/5.4.1/bin/../lib/gcc/arm-none-eabi/5.4.1/../../../../arm-none-eabi/lib/armv7-m\libg_nano.a(lib_a-mlock.o)
                0x0000b17c                __malloc_unlock
 .text._realloc_r
                0x0000b17e       0x4c c:/program files (x86)/cypress/psoc creator/4.4/psoc creator/import/gnu/arm/5.4.1/bin/../lib/gcc/arm-none-eabi/5.4.1/../../../../arm-none-eabi/lib/armv7-m\libg_nano.a(lib_a-nano-reallocr.o)
                0x0000b17e                _realloc_r
 .text._malloc_usable_size_r
                0x0000b1ca       0x14 c:/program files (x86)/cypress/psoc creator/4.4/psoc creator/import/gnu/arm/5.4.1/bin/../lib/gcc/arm-none-eabi/5.4.1/../../../../arm-none-eabi/lib/armv7-m\libg_nano.a(lib_a-nano-msizer.o)
                0x0000b1ca                _malloc_usable_size_r
 *(.plt)
 *(.gnu.warning)
 *(.glue_7t)
 .glue_7t       0x0000b1de        0x0 linker stubs
 *(.glue_7)
 .glue_7        0x0000b1de        0x0 linker stubs
 *(.vfp11_veneer)
 .vfp11_veneer  0x0000b1de        0x0 linker stubs
 *(.bootloader)
 *(.ARM.extab* .gnu.linkonce.armextab.*)
 *(.gcc_except_table)

.v4_bx          0x0000b1e0        0x0
 .v4_bx         0x0000b1e0        0x0 linker stubs

.iplt           0x0000b1e0        0x0
 .iplt          0x0000b1e0        0x0 c:/program files (x86)/cypress/psoc creator/4.4/psoc creator/import/gnu/arm/5.4.1/bin/../lib/gcc/arm-none-eabi/5.4.1/armv7-m/crtbegin.o

.eh_frame_hdr
 *(.eh_frame_hdr)

.eh_frame       0x0000b1e0        0x4
 *(.eh_frame)
 .eh_frame      0x0000b1e0        0x0 c:/program files (x86)/cypress/psoc creator/4.4/psoc creator/import/gnu/arm/5.4.1/bin/../lib/gcc/arm-none-eabi/5.4.1/armv7-m/crtbegin.o
 .eh_frame      0x0000b1e0        0x4 c:/program files (x86)/cypress/psoc creator/4.4/psoc creator/import/gnu/arm/5.4.1/bin/../lib/gcc/arm-none-eabi/5.4.1/armv7-m/crtend.o
                [!provide]                PROVIDE (__exidx_start, .)

.ARM.exidx
 *(.ARM.exidx* .gnu.linkonce.armexidx.*)
                0x0000b1e4                __exidx_end = .

.rodata         0x0000b1e8      0xa60
 *(.rodata .rodata.* .gnu.linkonce.r.*)
 .rodata        0x0000b1e8      0x23e .\ARM_GCC_541\Debug\main.o
 *fill*         0x0000b426        0x2 
 .rodata        0x0000b428      0x502 .\ARM_GCC_541\Debug\app_statemachine.o
 *fill*         0x0000b92a        0x2 
 .rodata        0x0000b92c      0x100 .\ARM_GCC_541\Debug\sbc_comms.o
 .rodata        0x0000ba2c        0x4 .\ARM_GCC_541\Debug\hamfly_core_telemetry.o
 .rodata        0x0000ba30       0x56 .\ARM_GCC_541\Debug\cyfitter_cfg.o
                0x0000ba30                AMux_1__addrTable
                0x0000ba40                AMux_1__maskTable
                0x0000ba44                ADC_DelSig_1_AMux__addrTable
                0x0000ba4c                ADC_DelSig_1_AMux__maskTable
 *fill*         0x0000ba86        0x2 
 .rodata.str1.4
                0x0000ba88        0xc c:/program files (x86)/cypress/psoc creator/4.4/psoc creator/import/gnu/arm/5.4.1/bin/../lib/gcc/arm-none-eabi/5.4.1/../../../../arm-none-eabi/lib/armv7-m\libm.a(lib_a-wf_asin.o)
                                  0x9 (size before relaxing)
 .rodata.atanlo
                0x0000ba94       0x10 c:/program files (x86)/cypress/psoc creator/4.4/psoc creator/import/gnu/arm/5.4.1/bin/../lib/gcc/arm-none-eabi/5.4.1/../../../../arm-none-eabi/lib/armv7-m\libm.a(lib_a-sf_atan.o)
 .rodata.atanhi
                0x0000baa4       0x10 c:/program files (x86)/cypress/psoc creator/4.4/psoc creator/import/gnu/arm/5.4.1/bin/../lib/gcc/arm-none-eabi/5.4.1/../../../../arm-none-eabi/lib/armv7-m\libm.a(lib_a-sf_atan.o)
 .rodata.str1.1
                0x0000bab4        0x2 c:/program files (x86)/cypress/psoc creator/4.4/psoc creator/import/gnu/arm/5.4.1/bin/../lib/gcc/arm-none-eabi/5.4.1/../../../../arm-none-eabi/lib/armv7-m\libg_nano.a(lib_a-impure.o)
 .rodata.str1.1
                0x0000bab6       0x12 c:/program files (x86)/cypress/psoc creator/4.4/psoc creator/import/gnu/arm/5.4.1/bin/../lib/gcc/arm-none-eabi/5.4.1/../../../../arm-none-eabi/lib/armv7-m\libg_nano.a(lib_a-nano-vfprintf_float.o)
 .rodata.str1.1
                0x0000bac8       0x22 c:/program files (x86)/cypress/psoc creator/4.4/psoc creator/import/gnu/arm/5.4.1/bin/../lib/gcc/arm-none-eabi/5.4.1/../../../../arm-none-eabi/lib/armv7-m\libg_nano.a(lib_a-nano-vfprintf_i.o)
 .rodata.str1.1
                0x0000baea        0xd c:/program files (x86)/cypress/psoc creator/4.4/psoc creator/import/gnu/arm/5.4.1/bin/../lib/gcc/arm-none-eabi/5.4.1/../../../../arm-none-eabi/lib/armv7-m\libg_nano.a(lib_a-dtoa.o)
                                  0xf (size before relaxing)
 .rodata.str1.1
                0x0000baf7        0x8 c:/program files (x86)/cypress/psoc creator/4.4/psoc creator/import/gnu/arm/5.4.1/bin/../lib/gcc/arm-none-eabi/5.4.1/../../../../arm-none-eabi/lib/armv7-m\libg_nano.a(lib_a-locale.o)
                                  0xb (size before relaxing)
 *fill*         0x0000baff        0x1 
 .rodata.__mprec_tens
                0x0000bb00       0xc8 c:/program files (x86)/cypress/psoc creator/4.4/psoc creator/import/gnu/arm/5.4.1/bin/../lib/gcc/arm-none-eabi/5.4.1/../../../../arm-none-eabi/lib/armv7-m\libg_nano.a(lib_a-mprec.o)
                0x0000bb00                __mprec_tens
 .rodata.p05.5408
                0x0000bbc8        0xc c:/program files (x86)/cypress/psoc creator/4.4/psoc creator/import/gnu/arm/5.4.1/bin/../lib/gcc/arm-none-eabi/5.4.1/../../../../arm-none-eabi/lib/armv7-m\libg_nano.a(lib_a-mprec.o)
 *fill*         0x0000bbd4        0x4 
 .rodata.__mprec_bigtens
                0x0000bbd8       0x28 c:/program files (x86)/cypress/psoc creator/4.4/psoc creator/import/gnu/arm/5.4.1/bin/../lib/gcc/arm-none-eabi/5.4.1/../../../../arm-none-eabi/lib/armv7-m\libg_nano.a(lib_a-mprec.o)
                0x0000bbd8                __mprec_bigtens
 .rodata.str1.1
                0x0000bc00       0x11 c:/program files (x86)/cypress/psoc creator/4.4/psoc creator/import/gnu/arm/5.4.1/bin/../lib/gcc/arm-none-eabi/5.4.1/../../../../arm-none-eabi/lib/armv7-m\libg_nano.a(lib_a-nano-svfprintf.o)
                0x0000bc14                . = ALIGN (0x4)
 *fill*         0x0000bc11        0x3 
 *(.init)
 .init          0x0000bc14        0x4 c:/program files (x86)/cypress/psoc creator/4.4/psoc creator/import/gnu/arm/5.4.1/bin/../lib/gcc/arm-none-eabi/5.4.1/armv7-m/crti.o
                0x0000bc14                _init
 .init          0x0000bc18        0x8 c:/program files (x86)/cypress/psoc creator/4.4/psoc creator/import/gnu/arm/5.4.1/bin/../lib/gcc/arm-none-eabi/5.4.1/armv7-m/crtn.o
                0x0000bc20                . = ALIGN (0x4)
                0x0000bc20                __preinit_array_start = .
 *(.preinit_array)
                0x0000bc20                __preinit_array_end = .
                0x0000bc20                . = ALIGN (0x4)
                0x0000bc20                __init_array_start = .
 *(SORT(.init_array.*))
 *(.init_array)
 .init_array    0x0000bc20        0x4 c:/program files (x86)/cypress/psoc creator/4.4/psoc creator/import/gnu/arm/5.4.1/bin/../lib/gcc/arm-none-eabi/5.4.1/armv7-m/crtbegin.o
 .init_array    0x0000bc24        0x4 .\ARM_GCC_541\Debug\Cm3Start.o
                0x0000bc28                __init_array_end = .
                0x0000bc28                . = ALIGN (0x4)
 *(.fini)
 .fini          0x0000bc28        0x4 c:/program files (x86)/cypress/psoc creator/4.4/psoc creator/import/gnu/arm/5.4.1/bin/../lib/gcc/arm-none-eabi/5.4.1/armv7-m/crti.o
                0x0000bc28                _fini
 .fini          0x0000bc2c        0x8 c:/program files (x86)/cypress/psoc creator/4.4/psoc creator/import/gnu/arm/5.4.1/bin/../lib/gcc/arm-none-eabi/5.4.1/armv7-m/crtn.o
                0x0000bc34                . = ALIGN (0x4)
                0x0000bc34                __fini_array_start = .
 *(.fini_array)
 .fini_array    0x0000bc34        0x4 c:/program files (x86)/cypress/psoc creator/4.4/psoc creator/import/gnu/arm/5.4.1/bin/../lib/gcc/arm-none-eabi/5.4.1/armv7-m/crtbegin.o
 *(SORT(.fini_array.*))
                0x0000bc38                __fini_array_end = .
                0x0000bc38                . = ALIGN (0x4)
 *crtbegin.o(.ctors)
 *(EXCLUDE_FILE(*crtend.o) .ctors)
 *(SORT(.ctors.*))
 *crtend.o(.ctors)
                0x0000bc38                . = ALIGN (0x4)
 *crtbegin.o(.dtors)
 *(EXCLUDE_FILE(*crtend.o) .dtors)
 *(SORT(.dtors.*))
 *crtend.o(.dtors)
                0x0000bc38                . = ALIGN (0x4)
                0x0000bc38                __cy_regions = .
                0x0000bc38        0x4 LONG 0xbc48 __cy_region_init_ram
                0x0000bc3c        0x4 LONG 0x1fff80c8 __cy_region_start_data
                0x0000bc40        0x4 LONG 0x140 __cy_region_init_size_ram
                0x0000bc44        0x4 LONG 0x550 __cy_region_zero_size_ram
                0x0000bc48                __cy_regions_end = .
                0x0000bc48                . = ALIGN (0x8)
                0x0000bc48                _etext = .

.cy_checksum_exclude
                0x0000bc48        0x0
 *(.cy_checksum_exclude)

.ramvectors     0x1fff8000       0xc0
                0x1fff8000                __cy_region_start_ram = .
 *(.ramvectors)
 .ramvectors    0x1fff8000       0xc0 .\ARM_GCC_541\Debug\Cm3Start.o
                0x1fff8000                CyRamVectors

.noinit         0x1fff80c0        0x5
 *(.noinit)
 .noinit        0x1fff80c0        0x4 .\ARM_GCC_541\Debug\Cm3Start.o
 .noinit        0x1fff80c4        0x1 .\ARM_GCC_541\Debug\Proj07_hamflyAPI_stateMachineUpgrade.a(CyLib.o)
                0x1fff80c4                CyResetStatus

.data           0x1fff80c8      0x140 load address 0x0000bc48
                0x1fff80c8                __cy_region_start_data = .
 *(.jcr)
 .jcr           0x1fff80c8        0x0 c:/program files (x86)/cypress/psoc creator/4.4/psoc creator/import/gnu/arm/5.4.1/bin/../lib/gcc/arm-none-eabi/5.4.1/armv7-m/crtbegin.o
 .jcr           0x1fff80c8        0x4 c:/program files (x86)/cypress/psoc creator/4.4/psoc creator/import/gnu/arm/5.4.1/bin/../lib/gcc/arm-none-eabi/5.4.1/armv7-m/crtend.o
 *(.got.plt)
 *(.got)
 *(.shdata)
 *(.data .data.* .gnu.linkonce.d.*)
 .data          0x1fff80cc        0x4 .\ARM_GCC_541\Debug\joystick.o
 .data          0x1fff80d0        0x8 .\ARM_GCC_541\Debug\app_statemachine.o
 .data          0x1fff80d8       0x74 .\ARM_GCC_541\Debug\hamfly_qx_app.o
                0x1fff80d8                FreeflyAPI
 .data          0x1fff814c        0x4 .\ARM_GCC_541\Debug\Cm3Start.o
 .data          0x1fff8150        0x1 .\ARM_GCC_541\Debug\Proj07_hamflyAPI_stateMachineUpgrade.a(ADC_DelSig_1.o)
                0x1fff8150                ADC_DelSig_1_Config
 .data          0x1fff8151        0x1 .\ARM_GCC_541\Debug\Proj07_hamflyAPI_stateMachineUpgrade.a(AMux_1.o)
 .data          0x1fff8152        0x1 .\ARM_GCC_541\Debug\Proj07_hamflyAPI_stateMachineUpgrade.a(ADC_DelSig_1_AMux.o)
 *fill*         0x1fff8153        0x1 
 .data          0x1fff8154       0x10 .\ARM_GCC_541\Debug\Proj07_hamflyAPI_stateMachineUpgrade.a(CyLib.o)
                0x1fff8154                cydelay_freq_hz
                0x1fff8158                cydelay_freq_khz
                0x1fff815c                cydelay_freq_mhz
                0x1fff8160                cydelay_32k_ms
 .data.__fdlib_version
                0x1fff8164        0x1 c:/program files (x86)/cypress/psoc creator/4.4/psoc creator/import/gnu/arm/5.4.1/bin/../lib/gcc/arm-none-eabi/5.4.1/../../../../arm-none-eabi/lib/armv7-m\libm.a(lib_a-s_lib_ver.o)
                0x1fff8164                __fdlib_version
 *fill*         0x1fff8165        0x3 
 .data.impure_data
                0x1fff8168       0x60 c:/program files (x86)/cypress/psoc creator/4.4/psoc creator/import/gnu/arm/5.4.1/bin/../lib/gcc/arm-none-eabi/5.4.1/../../../../arm-none-eabi/lib/armv7-m\libg_nano.a(lib_a-impure.o)
 .data._impure_ptr
                0x1fff81c8        0x4 c:/program files (x86)/cypress/psoc creator/4.4/psoc creator/import/gnu/arm/5.4.1/bin/../lib/gcc/arm-none-eabi/5.4.1/../../../../arm-none-eabi/lib/armv7-m\libg_nano.a(lib_a-impure.o)
                0x1fff81c8                _impure_ptr
 .data.lconv    0x1fff81cc       0x38 c:/program files (x86)/cypress/psoc creator/4.4/psoc creator/import/gnu/arm/5.4.1/bin/../lib/gcc/arm-none-eabi/5.4.1/../../../../arm-none-eabi/lib/armv7-m\libg_nano.a(lib_a-locale.o)
                0x1fff8208                . = ALIGN (0x8)
 *fill*         0x1fff8204        0x4 
 *(.ram)
                0x1fff8208                _edata = .

.igot.plt       0x1fff8208        0x0 load address 0x0000bd88
 .igot.plt      0x1fff8208        0x0 c:/program files (x86)/cypress/psoc creator/4.4/psoc creator/import/gnu/arm/5.4.1/bin/../lib/gcc/arm-none-eabi/5.4.1/armv7-m/crtbegin.o

.bss            0x1fff8208      0x550 load address 0x0000bd88
                0x1fff8208                PROVIDE (__bss_start__, .)
 *(.shbss)
 *(.bss .bss.* .gnu.linkonce.b.*)
 .bss           0x1fff8208       0x1c c:/program files (x86)/cypress/psoc creator/4.4/psoc creator/import/gnu/arm/5.4.1/bin/../lib/gcc/arm-none-eabi/5.4.1/armv7-m/crtbegin.o
 .bss           0x1fff8224      0x384 .\ARM_GCC_541\Debug\main.o
                0x1fff85a4                g_tick_ms
 .bss           0x1fff85a8        0x8 .\ARM_GCC_541\Debug\adc_balanced.o
 .bss           0x1fff85b0       0x42 .\ARM_GCC_541\Debug\joystick.o
 *fill*         0x1fff85f2        0x2 
 .bss           0x1fff85f4        0x8 .\ARM_GCC_541\Debug\app_statemachine.o
 .bss           0x1fff85fc       0x78 .\ARM_GCC_541\Debug\sbc_comms.o
 .bss           0x1fff8674        0x4 .\ARM_GCC_541\Debug\hamfly_qx_app.o
                0x1fff8674                qx_active_gimbal_ptr
 .bss           0x1fff8678        0x9 .\ARM_GCC_541\Debug\hamfly_qx_protocol.o
                0x1fff8678                QX_BuildHeader_Legacy
                0x1fff867c                QX_ParseHeader_Legacy
 *fill*         0x1fff8681        0x3 
 .bss           0x1fff8684        0xc .\ARM_GCC_541\Debug\Proj07_hamflyAPI_stateMachineUpgrade.a(ADC_DelSig_1.o)
                0x1fff8684                ADC_DelSig_1_convDone
                0x1fff8685                ADC_DelSig_1_stopConversion
                0x1fff8686                ADC_DelSig_1_initVar
                0x1fff8687                ADC_DelSig_1_started
                0x1fff8688                ADC_DelSig_1_Offset
 .bss           0x1fff8690        0x2 .\ARM_GCC_541\Debug\Proj07_hamflyAPI_stateMachineUpgrade.a(UART_MOVI.o)
                0x1fff8690                UART_MOVI_initVar
 .bss           0x1fff8692        0x1 .\ARM_GCC_541\Debug\Proj07_hamflyAPI_stateMachineUpgrade.a(Looptimer.o)
                0x1fff8692                Looptimer_initVar
 *fill*         0x1fff8693        0x1 
 .bss           0x1fff8694        0x8 .\ARM_GCC_541\Debug\Proj07_hamflyAPI_stateMachineUpgrade.a(CySpc.o)
                0x1fff8694                SpcLockState
 .bss           0x1fff869c        0x2 .\ARM_GCC_541\Debug\Proj07_hamflyAPI_stateMachineUpgrade.a(UART_DEBUG.o)
                0x1fff869c                UART_DEBUG_initVar
 .bss           0x1fff869e        0x2 .\ARM_GCC_541\Debug\Proj07_hamflyAPI_stateMachineUpgrade.a(UART_SBC.o)
                0x1fff869e                UART_SBC_initVar
 .bss.__malloc_sbrk_start
                0x1fff86a0        0x4 c:/program files (x86)/cypress/psoc creator/4.4/psoc creator/import/gnu/arm/5.4.1/bin/../lib/gcc/arm-none-eabi/5.4.1/../../../../arm-none-eabi/lib/armv7-m\libg_nano.a(lib_a-nano-mallocr.o)
                0x1fff86a0                __malloc_sbrk_start
 .bss.__malloc_free_list
                0x1fff86a4        0x4 c:/program files (x86)/cypress/psoc creator/4.4/psoc creator/import/gnu/arm/5.4.1/bin/../lib/gcc/arm-none-eabi/5.4.1/../../../../arm-none-eabi/lib/armv7-m\libg_nano.a(lib_a-nano-mallocr.o)
                0x1fff86a4                __malloc_free_list
 *(COMMON)
 COMMON         0x1fff86a8       0xa4 .\ARM_GCC_541\Debug\hamfly_qx_protocol.o
                0x1fff86a8                rw
                0x1fff86ac                QX_Clients
                0x1fff86b4                QX_CommsPorts
                0x1fff8740                QX_Servers
                0x1fff8748                msgPtr
 COMMON         0x1fff874c        0x4 .\ARM_GCC_541\Debug\Proj07_hamflyAPI_stateMachineUpgrade.a(ADC_DelSig_1.o)
                0x1fff874c                ADC_DelSig_1_CountsPerVolt
 COMMON         0x1fff8750        0x2 .\ARM_GCC_541\Debug\Proj07_hamflyAPI_stateMachineUpgrade.a(CyFlash.o)
                0x1fff8750                dieTemperature
 *fill*         0x1fff8752        0x2 
 COMMON         0x1fff8754        0x4 c:/program files (x86)/cypress/psoc creator/4.4/psoc creator/import/gnu/arm/5.4.1/bin/../lib/gcc/arm-none-eabi/5.4.1/../../../../arm-none-eabi/lib/armv7-m\libg_nano.a(lib_a-reent.o)
                0x1fff8754                errno
                0x1fff8758                . = ALIGN (0x8)
 *(.ram.b)
                0x1fff8758                _end = .
                0x1fff8758                __end = .
                0x1fff8758                PROVIDE (end, .)
                0x1fff8758                PROVIDE (__bss_end__, .)
                0x0000bc48                __cy_region_init_ram = LOADADDR (.data)
                0x00000140                __cy_region_init_size_ram = (_edata - ADDR (.data))
                0x00000550                __cy_region_zero_size_ram = (_end - _edata)

.heap           0x1fff8758       0x80 load address 0x0000bd88
                0x1fff8758                . = _end
                0x1fff87d8                . = (. + 0x80)
 *fill*         0x1fff8758       0x80 
                0x1fff87d8                __cy_heap_limit = .

.stack          0x20007800      0x800
                0x20007800                __cy_stack_limit = .
                0x20008000                . = (. + 0x800)
 *fill*         0x20007800      0x800 
                0x00000001                ASSERT ((__cy_stack_limit >= __cy_heap_limit), region RAM overflowed with stack)
                0x00000000                cy_checksum_exclude_size = (CY_APPL_LOADABLE == 0x1)?SIZEOF (.cy_checksum_exclude):0x0
                0x00000001                ASSERT ((cy_checksum_exclude_size <= CY_CHECKSUM_EXCLUDE_SIZE), CY_BOOT: Section .cy_checksum_exclude size exceedes specified limit.)

.cyloadermeta
 *(.cyloadermeta)

.cyloadablemeta
 *(.cyloadablemeta)

.cyconfigecc    0x80000000      0x960
 *(.cyconfigecc)
 .cyconfigecc   0x80000000      0x960 .\ARM_GCC_541\Debug\cymetadata.o
                0x80000000                cy_meta_configecc

.cycustnvl      0x90000000        0x4
 *(.cycustnvl)
 .cycustnvl     0x90000000        0x4 .\ARM_GCC_541\Debug\cymetadata.o
                0x90000000                cy_meta_custnvl

.cywolatch      0x90100000        0x4
 *(.cywolatch)
 .cywolatch     0x90100000        0x4 .\ARM_GCC_541\Debug\cymetadata.o
                0x90100000                cy_meta_wonvl

.cyeeprom       0x90200000        0x0
 *(.cyeeprom)
                0x00000001                ASSERT ((. <= ((0x90200000 + ee_offset) + ee_size)), .cyeeprom data will not fit in EEPROM)

.cyflashprotect
                0x90400000      0x100
 *(.cyflashprotect)
 .cyflashprotect
                0x90400000      0x100 .\ARM_GCC_541\Debug\cymetadata.o
                0x90400000                cy_meta_flashprotect

.cymeta         0x90500000        0xc
 *(.cymeta)
 .cymeta        0x90500000        0xc .\ARM_GCC_541\Debug\cymetadata.o
                0x90500000                cy_metadata

.rel.dyn        0x0000bd88        0x0 load address 0x9050000c
 .rel.iplt      0x0000bd88        0x0 c:/program files (x86)/cypress/psoc creator/4.4/psoc creator/import/gnu/arm/5.4.1/bin/../lib/gcc/arm-none-eabi/5.4.1/armv7-m/crtbegin.o

.stab
 *(.stab)

.stabstr
 *(.stabstr)

.debug
 *(.debug)

.line
 *(.line)

.debug_srcinfo
 *(.debug_srcinfo)

.debug_sfnames
 *(.debug_sfnames)

.debug_aranges  0x00000000     0x1600
 *(.debug_aranges)
 .debug_aranges
                0x00000000       0x70 .\ARM_GCC_541\Debug\main.o
 .debug_aranges
                0x00000070       0x40 .\ARM_GCC_541\Debug\adc_balanced.o
 .debug_aranges
                0x000000b0       0xb0 .\ARM_GCC_541\Debug\joystick.o
 .debug_aranges
                0x00000160       0x58 .\ARM_GCC_541\Debug\psoc_eeprom.o
 .debug_aranges
                0x000001b8       0x20 .\ARM_GCC_541\Debug\app_ctx.o
 .debug_aranges
                0x000001d8      0x108 .\ARM_GCC_541\Debug\app_statemachine.o
 .debug_aranges
                0x000002e0       0x78 .\ARM_GCC_541\Debug\sbc_comms.o
 .debug_aranges
                0x00000358       0x58 .\ARM_GCC_541\Debug\telemetry.o
 .debug_aranges
                0x000003b0       0x48 .\ARM_GCC_541\Debug\hamfly_comm_rb.o
 .debug_aranges
                0x000003f8       0xc0 .\ARM_GCC_541\Debug\hamfly_core_gimbal.o
 .debug_aranges
                0x000004b8       0x78 .\ARM_GCC_541\Debug\hamfly_core_telemetry.o
 .debug_aranges
                0x00000530       0x48 .\ARM_GCC_541\Debug\hamfly_qx_app.o
 .debug_aranges
                0x00000578      0x228 .\ARM_GCC_541\Debug\hamfly_qx_protocol.o
 .debug_aranges
                0x000007a0       0x80 .\ARM_GCC_541\Debug\cyfitter_cfg.o
 .debug_aranges
                0x00000820       0x18 .\ARM_GCC_541\Debug\cymetadata.o
 .debug_aranges
                0x00000838       0x48 .\ARM_GCC_541\Debug\Cm3Start.o
 .debug_aranges
                0x00000880       0xe8 .\ARM_GCC_541\Debug\Proj07_hamflyAPI_stateMachineUpgrade.a(ADC_DelSig_1.o)
 .debug_aranges
                0x00000968       0x38 .\ARM_GCC_541\Debug\Proj07_hamflyAPI_stateMachineUpgrade.a(ADC_DelSig_1_INT.o)
 .debug_aranges
                0x000009a0       0x30 .\ARM_GCC_541\Debug\Proj07_hamflyAPI_stateMachineUpgrade.a(AMux_1.o)
 .debug_aranges
                0x000009d0       0x80 .\ARM_GCC_541\Debug\Proj07_hamflyAPI_stateMachineUpgrade.a(isr_adc.o)
 .debug_aranges
                0x00000a50       0xf0 .\ARM_GCC_541\Debug\Proj07_hamflyAPI_stateMachineUpgrade.a(UART_MOVI.o)
 .debug_aranges
                0x00000b40       0x80 .\ARM_GCC_541\Debug\Proj07_hamflyAPI_stateMachineUpgrade.a(isr_rx_movi.o)
 .debug_aranges
                0x00000bc0       0x88 .\ARM_GCC_541\Debug\Proj07_hamflyAPI_stateMachineUpgrade.a(Looptimer.o)
 .debug_aranges
                0x00000c48       0x80 .\ARM_GCC_541\Debug\Proj07_hamflyAPI_stateMachineUpgrade.a(isr_Looptimer.o)
 .debug_aranges
                0x00000cc8       0x78 .\ARM_GCC_541\Debug\Proj07_hamflyAPI_stateMachineUpgrade.a(EEPROM_CONFIG.o)
 .debug_aranges
                0x00000d40       0x30 .\ARM_GCC_541\Debug\Proj07_hamflyAPI_stateMachineUpgrade.a(ADC_DelSig_1_AMux.o)
 .debug_aranges
                0x00000d70       0x70 .\ARM_GCC_541\Debug\Proj07_hamflyAPI_stateMachineUpgrade.a(ADC_DelSig_1_Ext_CP_Clk.o)
 .debug_aranges
                0x00000de0       0x80 .\ARM_GCC_541\Debug\Proj07_hamflyAPI_stateMachineUpgrade.a(ADC_DelSig_1_theACLK.o)
 .debug_aranges
                0x00000e60       0x88 .\ARM_GCC_541\Debug\Proj07_hamflyAPI_stateMachineUpgrade.a(CyFlash.o)
 .debug_aranges
                0x00000ee8      0x2a0 .\ARM_GCC_541\Debug\Proj07_hamflyAPI_stateMachineUpgrade.a(CyLib.o)
 .debug_aranges
                0x00001188       0x98 .\ARM_GCC_541\Debug\Proj07_hamflyAPI_stateMachineUpgrade.a(cyPm.o)
 .debug_aranges
                0x00001220       0x80 .\ARM_GCC_541\Debug\Proj07_hamflyAPI_stateMachineUpgrade.a(CySpc.o)
 .debug_aranges
                0x000012a0       0xf0 .\ARM_GCC_541\Debug\Proj07_hamflyAPI_stateMachineUpgrade.a(UART_DEBUG.o)
 .debug_aranges
                0x00001390       0x70 .\ARM_GCC_541\Debug\Proj07_hamflyAPI_stateMachineUpgrade.a(UART_DEBUG_IntClock.o)
 .debug_aranges
                0x00001400       0xf0 .\ARM_GCC_541\Debug\Proj07_hamflyAPI_stateMachineUpgrade.a(UART_SBC.o)
 .debug_aranges
                0x000014f0       0x80 .\ARM_GCC_541\Debug\Proj07_hamflyAPI_stateMachineUpgrade.a(isr_rx_sbc.o)
 .debug_aranges
                0x00001570       0x70 .\ARM_GCC_541\Debug\Proj07_hamflyAPI_stateMachineUpgrade.a(UART_SBC_IntClock.o)
 .debug_aranges
                0x000015e0       0x20 .\ARM_GCC_541\Debug\Proj07_hamflyAPI_stateMachineUpgrade.a(CyBootAsmGnu.o)

.debug_pubnames
 *(.debug_pubnames)

.debug_info     0x00000000     0xeebe
 *(.debug_info .gnu.linkonce.wi.*)
 .debug_info    0x00000000      0xe56 .\ARM_GCC_541\Debug\main.o
 .debug_info    0x00000e56      0x1f7 .\ARM_GCC_541\Debug\adc_balanced.o
 .debug_info    0x0000104d      0x6c5 .\ARM_GCC_541\Debug\joystick.o
 .debug_info    0x00001712      0x2db .\ARM_GCC_541\Debug\psoc_eeprom.o
 .debug_info    0x000019ed      0x9ba .\ARM_GCC_541\Debug\app_ctx.o
 .debug_info    0x000023a7     0x12fd .\ARM_GCC_541\Debug\app_statemachine.o
 .debug_info    0x000036a4      0x553 .\ARM_GCC_541\Debug\sbc_comms.o
 .debug_info    0x00003bf7      0xdd4 .\ARM_GCC_541\Debug\telemetry.o
 .debug_info    0x000049cb      0x23c .\ARM_GCC_541\Debug\hamfly_comm_rb.o
 .debug_info    0x00004c07     0x155c .\ARM_GCC_541\Debug\hamfly_core_gimbal.o
 .debug_info    0x00006163      0xaf2 .\ARM_GCC_541\Debug\hamfly_core_telemetry.o
 .debug_info    0x00006c55      0xef5 .\ARM_GCC_541\Debug\hamfly_qx_app.o
 .debug_info    0x00007b4a     0x1aff .\ARM_GCC_541\Debug\hamfly_qx_protocol.o
 .debug_info    0x00009649      0x59a .\ARM_GCC_541\Debug\cyfitter_cfg.o
 .debug_info    0x00009be3      0x139 .\ARM_GCC_541\Debug\cymetadata.o
 .debug_info    0x00009d1c      0x32b .\ARM_GCC_541\Debug\Cm3Start.o
 .debug_info    0x0000a047      0x72c .\ARM_GCC_541\Debug\Proj07_hamflyAPI_stateMachineUpgrade.a(ADC_DelSig_1.o)
 .debug_info    0x0000a773       0xd3 .\ARM_GCC_541\Debug\Proj07_hamflyAPI_stateMachineUpgrade.a(ADC_DelSig_1_INT.o)
 .debug_info    0x0000a846       0xf7 .\ARM_GCC_541\Debug\Proj07_hamflyAPI_stateMachineUpgrade.a(AMux_1.o)
 .debug_info    0x0000a93d      0x241 .\ARM_GCC_541\Debug\Proj07_hamflyAPI_stateMachineUpgrade.a(isr_adc.o)
 .debug_info    0x0000ab7e      0x50a .\ARM_GCC_541\Debug\Proj07_hamflyAPI_stateMachineUpgrade.a(UART_MOVI.o)
 .debug_info    0x0000b088      0x241 .\ARM_GCC_541\Debug\Proj07_hamflyAPI_stateMachineUpgrade.a(isr_rx_movi.o)
 .debug_info    0x0000b2c9      0x245 .\ARM_GCC_541\Debug\Proj07_hamflyAPI_stateMachineUpgrade.a(Looptimer.o)
 .debug_info    0x0000b50e      0x241 .\ARM_GCC_541\Debug\Proj07_hamflyAPI_stateMachineUpgrade.a(isr_Looptimer.o)
 .debug_info    0x0000b74f      0x359 .\ARM_GCC_541\Debug\Proj07_hamflyAPI_stateMachineUpgrade.a(EEPROM_CONFIG.o)
 .debug_info    0x0000baa8      0x10a .\ARM_GCC_541\Debug\Proj07_hamflyAPI_stateMachineUpgrade.a(ADC_DelSig_1_AMux.o)
 .debug_info    0x0000bbb2      0x25d .\ARM_GCC_541\Debug\Proj07_hamflyAPI_stateMachineUpgrade.a(ADC_DelSig_1_Ext_CP_Clk.o)
 .debug_info    0x0000be0f      0x299 .\ARM_GCC_541\Debug\Proj07_hamflyAPI_stateMachineUpgrade.a(ADC_DelSig_1_theACLK.o)
 .debug_info    0x0000c0a8      0x3b9 .\ARM_GCC_541\Debug\Proj07_hamflyAPI_stateMachineUpgrade.a(CyFlash.o)
 .debug_info    0x0000c461      0xe51 .\ARM_GCC_541\Debug\Proj07_hamflyAPI_stateMachineUpgrade.a(CyLib.o)
 .debug_info    0x0000d2b2      0x57a .\ARM_GCC_541\Debug\Proj07_hamflyAPI_stateMachineUpgrade.a(cyPm.o)
 .debug_info    0x0000d82c      0x4c0 .\ARM_GCC_541\Debug\Proj07_hamflyAPI_stateMachineUpgrade.a(CySpc.o)
 .debug_info    0x0000dcec      0x50a .\ARM_GCC_541\Debug\Proj07_hamflyAPI_stateMachineUpgrade.a(UART_DEBUG.o)
 .debug_info    0x0000e1f6      0x25d .\ARM_GCC_541\Debug\Proj07_hamflyAPI_stateMachineUpgrade.a(UART_DEBUG_IntClock.o)
 .debug_info    0x0000e453      0x50a .\ARM_GCC_541\Debug\Proj07_hamflyAPI_stateMachineUpgrade.a(UART_SBC.o)
 .debug_info    0x0000e95d      0x241 .\ARM_GCC_541\Debug\Proj07_hamflyAPI_stateMachineUpgrade.a(isr_rx_sbc.o)
 .debug_info    0x0000eb9e      0x25d .\ARM_GCC_541\Debug\Proj07_hamflyAPI_stateMachineUpgrade.a(UART_SBC_IntClock.o)
 .debug_info    0x0000edfb       0xc3 .\ARM_GCC_541\Debug\Proj07_hamflyAPI_stateMachineUpgrade.a(CyBootAsmGnu.o)

.debug_abbrev   0x00000000     0x3557
 *(.debug_abbrev)
 .debug_abbrev  0x00000000      0x1fe .\ARM_GCC_541\Debug\main.o
 .debug_abbrev  0x000001fe      0x111 .\ARM_GCC_541\Debug\adc_balanced.o
 .debug_abbrev  0x0000030f      0x267 .\ARM_GCC_541\Debug\joystick.o
 .debug_abbrev  0x00000576      0x13f .\ARM_GCC_541\Debug\psoc_eeprom.o
 .debug_abbrev  0x000006b5      0x11b .\ARM_GCC_541\Debug\app_ctx.o
 .debug_abbrev  0x000007d0      0x2ab .\ARM_GCC_541\Debug\app_statemachine.o
 .debug_abbrev  0x00000a7b      0x1ef .\ARM_GCC_541\Debug\sbc_comms.o
 .debug_abbrev  0x00000c6a      0x1a1 .\ARM_GCC_541\Debug\telemetry.o
 .debug_abbrev  0x00000e0b      0x124 .\ARM_GCC_541\Debug\hamfly_comm_rb.o
 .debug_abbrev  0x00000f2f      0x280 .\ARM_GCC_541\Debug\hamfly_core_gimbal.o
 .debug_abbrev  0x000011af      0x1a3 .\ARM_GCC_541\Debug\hamfly_core_telemetry.o
 .debug_abbrev  0x00001352      0x1fa .\ARM_GCC_541\Debug\hamfly_qx_app.o
 .debug_abbrev  0x0000154c      0x277 .\ARM_GCC_541\Debug\hamfly_qx_protocol.o
 .debug_abbrev  0x000017c3      0x1ca .\ARM_GCC_541\Debug\cyfitter_cfg.o
 .debug_abbrev  0x0000198d       0x77 .\ARM_GCC_541\Debug\cymetadata.o
 .debug_abbrev  0x00001a04      0x1d6 .\ARM_GCC_541\Debug\Cm3Start.o
 .debug_abbrev  0x00001bda      0x19d .\ARM_GCC_541\Debug\Proj07_hamflyAPI_stateMachineUpgrade.a(ADC_DelSig_1.o)
 .debug_abbrev  0x00001d77       0x42 .\ARM_GCC_541\Debug\Proj07_hamflyAPI_stateMachineUpgrade.a(ADC_DelSig_1_INT.o)
 .debug_abbrev  0x00001db9       0x87 .\ARM_GCC_541\Debug\Proj07_hamflyAPI_stateMachineUpgrade.a(AMux_1.o)
 .debug_abbrev  0x00001e40      0x172 .\ARM_GCC_541\Debug\Proj07_hamflyAPI_stateMachineUpgrade.a(isr_adc.o)
 .debug_abbrev  0x00001fb2      0x163 .\ARM_GCC_541\Debug\Proj07_hamflyAPI_stateMachineUpgrade.a(UART_MOVI.o)
 .debug_abbrev  0x00002115      0x172 .\ARM_GCC_541\Debug\Proj07_hamflyAPI_stateMachineUpgrade.a(isr_rx_movi.o)
 .debug_abbrev  0x00002287       0xe9 .\ARM_GCC_541\Debug\Proj07_hamflyAPI_stateMachineUpgrade.a(Looptimer.o)