Archive member included to satisfy reference by file (symbol)

.\ARM_GCC_541\Debug\Proj07_hamflyAPI_stateMachineUpgrade.a(ADC_DelSig_1.o)
                              .\ARM_GCC_541\Debug\adc_balanced.o (ADC_DelSig_1_Start)
.\ARM_GCC_541\Debug\Proj07_hamflyAPI_stateMachineUpgrade.a(ADC_DelSig_1_INT.o)
                              .\ARM_GCC_541\Debug\Proj07_hamflyAPI_stateMachineUpgrade.a(ADC_DelSig_1.o) (ADC_DelSig_1_ISR1)
.\ARM_GCC_541\Debug\Proj07_hamflyAPI_stateMachineUpgrade.a(AMux_1.o)
                              .\ARM_GCC_541\Debug\adc_balanced.o (AMux_1_Start)
.\ARM_GCC_541\Debug\Proj07_hamflyAPI_stateMachineUpgrade.a(isr_adc.o)
                              .\ARM_GCC_541\Debug\adc_balanced.o (isr_adc_StartEx)
.\ARM_GCC_541\Debug\Proj07_hamflyAPI_stateMachineUpgrade.a(UART_MOVI.o)
                              .\ARM_GCC_541\Debug\main.o (UART_MOVI_Start)
.\ARM_GCC_541\Debug\Proj07_hamflyAPI_stateMachineUpgrade.a(isr_rx_movi.o)
                              .\ARM_GCC_541\Debug\main.o (isr_rx_movi_StartEx)
.\ARM_GCC_541\Debug\Proj07_hamflyAPI_stateMachineUpgrade.a(Looptimer.o)
                              .\ARM_GCC_541\Debug\main.o (Looptimer_Start)
.\ARM_GCC_541\Debug\Proj07_hamflyAPI_stateMachineUpgrade.a(isr_Looptimer.o)
                              .\ARM_GCC_541\Debug\main.o (isr_Looptimer_StartEx)
.\ARM_GCC_541\Debug\Proj07_hamflyAPI_stateMachineUpgrade.a(EEPROM_CONFIG.o)
                              .\ARM_GCC_541\Debug\psoc_eeprom.o (EEPROM_CONFIG_Start)
.\ARM_GCC_541\Debug\Proj07_hamflyAPI_stateMachineUpgrade.a(ADC_DelSig_1_AMux.o)
                              .\ARM_GCC_541\Debug\Proj07_hamflyAPI_stateMachineUpgrade.a(ADC_DelSig_1.o) (ADC_DelSig_1_AMux_Select)
.\ARM_GCC_541\Debug\Proj07_hamflyAPI_stateMachineUpgrade.a(ADC_DelSig_1_Ext_CP_Clk.o)
                              .\ARM_GCC_541\Debug\Proj07_hamflyAPI_stateMachineUpgrade.a(ADC_DelSig_1.o) (ADC_DelSig_1_Ext_CP_Clk_SetDividerRegister)
.\ARM_GCC_541\Debug\Proj07_hamflyAPI_stateMachineUpgrade.a(ADC_DelSig_1_theACLK.o)
                              .\ARM_GCC_541\Debug\Proj07_hamflyAPI_stateMachineUpgrade.a(ADC_DelSig_1.o) (ADC_DelSig_1_theACLK_SetDividerRegister)
.\ARM_GCC_541\Debug\Proj07_hamflyAPI_stateMachineUpgrade.a(CyFlash.o)
                              .\ARM_GCC_541\Debug\Proj07_hamflyAPI_stateMachineUpgrade.a(EEPROM_CONFIG.o) (dieTemperature)
.\ARM_GCC_541\Debug\Proj07_hamflyAPI_stateMachineUpgrade.a(CyLib.o)
                              .\ARM_GCC_541\Debug\Cm3Start.o (CyResetStatus)
.\ARM_GCC_541\Debug\Proj07_hamflyAPI_stateMachineUpgrade.a(cyPm.o)
                              .\ARM_GCC_541\Debug\Proj07_hamflyAPI_stateMachineUpgrade.a(CyLib.o) (CyPmReadStatus)
.\ARM_GCC_541\Debug\Proj07_hamflyAPI_stateMachineUpgrade.a(CySpc.o)
                              .\ARM_GCC_541\Debug\Proj07_hamflyAPI_stateMachineUpgrade.a(EEPROM_CONFIG.o) (CySpcStart)
.\ARM_GCC_541\Debug\Proj07_hamflyAPI_stateMachineUpgrade.a(UART_DEBUG.o)
                              .\ARM_GCC_541\Debug\main.o (UART_DEBUG_Start)
.\ARM_GCC_541\Debug\Proj07_hamflyAPI_stateMachineUpgrade.a(UART_DEBUG_IntClock.o)
                              .\ARM_GCC_541\Debug\Proj07_hamflyAPI_stateMachineUpgrade.a(UART_DEBUG.o) (UART_DEBUG_IntClock_Start)
.\ARM_GCC_541\Debug\Proj07_hamflyAPI_stateMachineUpgrade.a(UART_SBC.o)
                              .\ARM_GCC_541\Debug\main.o (UART_SBC_Start)
.\ARM_GCC_541\Debug\Proj07_hamflyAPI_stateMachineUpgrade.a(isr_rx_sbc.o)
                              .\ARM_GCC_541\Debug\main.o (isr_rx_sbc_StartEx)
.\ARM_GCC_541\Debug\Proj07_hamflyAPI_stateMachineUpgrade.a(UART_SBC_IntClock.o)
                              .\ARM_GCC_541\Debug\Proj07_hamflyAPI_stateMachineUpgrade.a(UART_SBC.o) (UART_SBC_IntClock_Start)
.\ARM_GCC_541\Debug\Proj07_hamflyAPI_stateMachineUpgrade.a(CyBootAsmGnu.o)
                              .\ARM_GCC_541\Debug\cyfitter_cfg.o (CyDelayCycles)
c:/program files (x86)/cypress/psoc creator/4.4/psoc creator/import/gnu/arm/5.4.1/bin/../lib/gcc/arm-none-eabi/5.4.1/../../../../arm-none-eabi/lib/armv7-m\libm.a(lib_a-s_cos.o)
                              .\ARM_GCC_541\Debug\hamfly_core_gimbal.o (cos)
c:/program files (x86)/cypress/psoc creator/4.4/psoc creator/import/gnu/arm/5.4.1/bin/../lib/gcc/arm-none-eabi/5.4.1/../../../../arm-none-eabi/lib/armv7-m\libm.a(lib_a-sf_cos.o)
                              .\ARM_GCC_541\Debug\app_statemachine.o (cosf)
c:/program files (x86)/cypress/psoc creator/4.4/psoc creator/import/gnu/arm/5.4.1/bin/../lib/gcc/arm-none-eabi/5.4.1/../../../../arm-none-eabi/lib/armv7-m\libm.a(lib_a-sf_sin.o)
                              .\ARM_GCC_541\Debug\app_statemachine.o (sinf)
c:/program files (x86)/cypress/psoc creator/4.4/psoc creator/import/gnu/arm/5.4.1/bin/../lib/gcc/arm-none-eabi/5.4.1/../../../../arm-none-eabi/lib/armv7-m\libm.a(lib_a-w_atan2.o)
                              .\ARM_GCC_541\Debug\hamfly_core_gimbal.o (atan2)
[...]
Memory Configuration

Name             Origin             Length             Attributes
rom              0x00000000         0x00040000         xr
ram              0x1fff8000         0x00010000         xrw
*default*        0x00000000         0xffffffff

Linker script and memory map

LOAD c:/program files (x86)/cypress/psoc creator/4.4/psoc creator/import/gnu/arm/5.4.1/bin/../lib/gcc/arm-none-eabi/5.4.1/armv7-m/crti.o
LOAD c:/program files (x86)/cypress/psoc creator/4.4/psoc creator/import/gnu/arm/5.4.1/bin/../lib/gcc/arm-none-eabi/5.4.1/armv7-m/crtbegin.o
LOAD c:/program files (x86)/cypress/psoc creator/4.4/psoc creator/import/gnu/arm/5.4.1/bin/../lib/gcc/arm-none-eabi/5.4.1/../../../../arm-none-eabi/lib/armv7-m/crt0.o
START GROUP
LOAD .\ARM_GCC_541\Debug\main.o
LOAD .\ARM_GCC_541\Debug\adc_balanced.o
LOAD .\ARM_GCC_541\Debug\joystick.o
LOAD .\ARM_GCC_541\Debug\psoc_eeprom.o
LOAD .\ARM_GCC_541\Debug\app_ctx.o
LOAD .\ARM_GCC_541\Debug\app_statemachine.o
LOAD .\ARM_GCC_541\Debug\sbc_comms.o
LOAD .\ARM_GCC_541\Debug\telemetry.o
LOAD .\ARM_GCC_541\Debug\hamfly_comm_rb.o
LOAD .\ARM_GCC_541\Debug\hamfly_comm_txbuf.o
LOAD .\ARM_GCC_541\Debug\hamfly_core_gimbal.o
LOAD .\ARM_GCC_541\Debug\hamfly_core_telemetry.o
LOAD .\ARM_GCC_541\Debug\hamfly_qx_app.o
LOAD .\ARM_GCC_541\Debug\hamfly_qx_protocol.o
LOAD .\ARM_GCC_541\Debug\cyfitter_cfg.o
LOAD .\ARM_GCC_541\Debug\cymetadata.o
LOAD .\ARM_GCC_541\Debug\Cm3Start.o
LOAD .\ARM_GCC_541\Debug\Proj07_hamflyAPI_stateMachineUpgrade.a
LOAD C:\Program Files (x86)\Cypress\PSoC Creator\4.4\PSoC Creator\psoc\content\cycomponentlibrary\CyComponentLibrary.cylib\CortexM3\ARM_GCC_541\Debug\CyComponentLibrary.a
LOAD c:/program files (x86)/cypress/psoc creator/4.4/psoc creator/import/gnu/arm/5.4.1/bin/../lib/gcc/arm-none-eabi/5.4.1/../../../../arm-none-eabi/lib/armv7-m\libm.a
END GROUP
START GROUP
LOAD c:/program files (x86)/cypress/psoc creator/4.4/psoc creator/import/gnu/arm/5.4.1/bin/../lib/gcc/arm-none-eabi/5.4.1/armv7-m\libgcc.a
LOAD c:/program files (x86)/cypress/psoc creator/4.4/psoc creator/import/gnu/arm/5.4.1/bin/../lib/gcc/arm-none-eabi/5.4.1/../../../../arm-none-eabi/lib/armv7-m\libg_nano.a
LOAD c:/program files (x86)/cypress/psoc creator/4.4/psoc creator/import/gnu/arm/5.4.1/bin/../lib/gcc/arm-none-eabi/5.4.1/../../../../arm-none-eabi/lib/armv7-m\libc_nano.a
END GROUP
START GROUP
LOAD c:/program files (x86)/cypress/psoc creator/4.4/psoc creator/import/gnu/arm/5.4.1/bin/../lib/gcc/arm-none-eabi/5.4.1/armv7-m\libgcc.a
LOAD c:/program files (x86)/cypress/psoc creator/4.4/psoc creator/import/gnu/arm/5.4.1/bin/../lib/gcc/arm-none-eabi/5.4.1/../../../../arm-none-eabi/lib/armv7-m\libc_nano.a
END GROUP
LOAD c:/program files (x86)/cypress/psoc creator/4.4/psoc creator/import/gnu/arm/5.4.1/bin/../lib/gcc/arm-none-eabi/5.4.1/armv7-m/crtend.o
LOAD c:/program files (x86)/cypress/psoc creator/4.4/psoc creator/import/gnu/arm/5.4.1/bin/../lib/gcc/arm-none-eabi/5.4.1/armv7-m/crtn.o
START GROUP
LOAD c:/program files (x86)/cypress/psoc creator/4.4/psoc creator/import/gnu/arm/5.4.1/bin/../lib/gcc/arm-none-eabi/5.4.1/armv7-m\libgcc.a
LOAD c:/program files (x86)/cypress/psoc creator/4.4/psoc creator/import/gnu/arm/5.4.1/bin/../lib/gcc/arm-none-eabi/5.4.1/../../../../arm-none-eabi/lib/armv7-m\libc.a
LOAD c:/program files (x86)/cypress/psoc creator/4.4/psoc creator/import/gnu/arm/5.4.1/bin/../lib/gcc/arm-none-eabi/5.4.1/../../../../arm-none-eabi/lib/armv7-m\libnosys.a
END GROUP
                0x00000000                CY_APPL_ORIGIN = 0x0
                0x00000100                CY_FLASH_ROW_SIZE = 0x100
                0x00000020                CY_ECC_ROW_SIZE = 0x20
                0x00000000                CY_EE_IN_BTLDR = 0x0
                0x00000000                CY_APPL_LOADABLE = 0x0
                0x00000800                CY_EE_SIZE = 0x800
                0x00000001                CY_APPL_NUM = 0x1
                0x00000001                CY_APPL_MAX = 0x1
                0x00000040                CY_METADATA_SIZE = 0x40
                0x00000000                CY_APPL_LOADABLE = 0x0
                0x00000000                CY_CHECKSUM_EXCLUDE_SIZE = ALIGN (0x0, CY_FLASH_ROW_SIZE)
                [!provide]                PROVIDE (__cy_heap_start, _end)
                0x00000001                PROVIDE (__cy_region_num, ((__cy_regions_end - __cy_regions) / 0x10))
                0x20008000                PROVIDE (__cy_stack, (ORIGIN (ram) + LENGTH (ram)))
                [!provide]                PROVIDE (__cy_heap_end, (__cy_stack - 0x800))

.cybootloader   0x00000000        0x0
 *(.cybootloader)
                0x00000000                appl1_start = CY_APPL_ORIGIN?CY_APPL_ORIGIN:ALIGN (CY_FLASH_ROW_SIZE)
                0x0001ff00                appl2_start = (appl1_start + ALIGN ((((LENGTH (rom) - appl1_start) - (0x2 * CY_FLASH_ROW_SIZE)) / 0x2), CY_FLASH_ROW_SIZE))
                0x00000000                appl_start = (CY_APPL_NUM == 0x1)?appl1_start:appl2_start
                0x00000000                ecc_offset = ((appl_start / CY_FLASH_ROW_SIZE) * CY_ECC_ROW_SIZE)
                0x00000000                ee_offset = (CY_APPL_LOADABLE && ! (CY_EE_IN_BTLDR))?((CY_EE_SIZE / CY_APPL_MAX) * (CY_APPL_NUM - 0x1)):0x0
                0x00000800                ee_size = (CY_APPL_LOADABLE && ! (CY_EE_IN_BTLDR))?(CY_EE_SIZE / CY_APPL_MAX):CY_EE_SIZE
                [!provide]                PROVIDE (CY_ECC_OFFSET, ecc_offset)

.text           0x00000000     0xd88e
 CREATE_OBJECT_SYMBOLS
                0x00000000                PROVIDE (__cy_interrupt_vector, RomVectors)
 *(.romvectors)
 .romvectors    0x00000000       0x10 .\ARM_GCC_541\Debug\Cm3Start.o
                0x00000000                RomVectors
                0x00000001                ASSERT ((. != __cy_interrupt_vector), No interrupt vector)
                0x00000001                ASSERT (CY_APPL_ORIGIN?(SIZEOF (.cybootloader) <= CY_APPL_ORIGIN):0x1, Wrong image location)
                0x00000010                PROVIDE (__cy_reset, Reset)
 *(.text.Reset)
 .text.Reset    0x00000010       0x18 .\ARM_GCC_541\Debug\Cm3Start.o
                0x00000010                Reset
                0x00000001                ASSERT ((. != __cy_reset), No reset code)
 *(.dma_init)
                0x00000001                ASSERT ((((appl_start + .) <= 0x10000) || 0x1), DMA Init must be within the first 64k of flash)
 *(.text .text.* .gnu.linkonce.t.*)
 .text          0x00000028       0x5c c:/program files (x86)/cypress/psoc creator/4.4/psoc creator/import/gnu/arm/5.4.1/bin/../lib/gcc/arm-none-eabi/5.4.1/armv7-m/crtbegin.o
 .text._hamfly_psoc5_putc
                0x00000084       0x1c .\ARM_GCC_541\Debug\main.o
 .text.psoc_get_tick
                0x000000a0       0x1c .\ARM_GCC_541\Debug\main.o
 .text.isr_rx_movi_Handler
                0x000000bc       0x58 .\ARM_GCC_541\Debug\main.o
                0x000000bc                isr_rx_movi_Handler
 .text.isr_Looptimer_Handler
                0x00000114       0x1c .\ARM_GCC_541\Debug\main.o
                0x00000114                isr_Looptimer_Handler
 .text.isr_rx_sbc_Handler
                0x00000130       0x50 .\ARM_GCC_541\Debug\main.o
                0x00000130                isr_rx_sbc_Handler
 .text.decomp   0x00000180       0xa8 .\ARM_GCC_541\Debug\main.o
 .text.main     0x00000228      0x2f8 .\ARM_GCC_541\Debug\main.o
                0x00000228                main
 .text.isr_adc_Handler
                0x00000520       0x18 .\ARM_GCC_541\Debug\adc_balanced.o
                0x00000520                isr_adc_Handler
 .text.adc_balanced_init
                0x00000538       0x6c .\ARM_GCC_541\Debug\adc_balanced.o
                0x00000538                adc_balanced_init
 .text.adc_balanced_advance_on_eoc
                0x000005a4       0x64 .\ARM_GCC_541\Debug\adc_balanced.o
 .text.adc_balanced_poll_frame
                0x00000608       0x6c .\ARM_GCC_541\Debug\adc_balanced.o
                0x00000608                adc_balanced_poll_frame
 .text.joystick_set_sensitivity
                0x00000674       0x48 .\ARM_GCC_541\Debug\joystick.o
                0x00000674                joystick_set_sensitivity
 .text.normalize_axis
                0x000006bc       0xd0 .\ARM_GCC_541\Debug\joystick.o
 .text.apply_deadband
                0x0000078c       0x90 .\ARM_GCC_541\Debug\joystick.o
 .text.joystick_validate
                0x0000081c       0x94 .\ARM_GCC_541\Debug\joystick.o
                0x0000081c                joystick_validate
 .text.cal_begin_range_capture
                0x000008b0       0x84 .\ARM_GCC_541\Debug\joystick.o
 .text.cal_update_ranges
                0x00000934       0x98 .\ARM_GCC_541\Debug\joystick.o
 .text.cal_start_center_capture
                0x000009cc       0x44 .\ARM_GCC_541\Debug\joystick.o
 .text.cal_center_capture_update
                0x00000a10       0xa8 .\ARM_GCC_541\Debug\joystick.o
 .text.cal_save_or_restart
                0x00000ab8       0x44 .\ARM_GCC_541\Debug\joystick.o
 .text.joystick_init
                0x00000afc       0xa4 .\ARM_GCC_541\Debug\joystick.o
                0x00000afc                joystick_init
 .text.joystick_on_sample
                0x00000ba0       0x48 .\ARM_GCC_541\Debug\joystick.o
                0x00000ba0                joystick_on_sample
 .text.joystick_on_key
                0x00000be8       0x70 .\ARM_GCC_541\Debug\joystick.o
                0x00000be8                joystick_on_key
 .text.joystick_cal_state
                0x00000c58       0x14 .\ARM_GCC_541\Debug\joystick.o
                0x00000c58                joystick_cal_state
 .text.joystick_get_cmd
                0x00000c6c       0xe8 .\ARM_GCC_541\Debug\joystick.o
                0x00000c6c                joystick_get_cmd
 .text.joystick_load
                0x00000d54       0x4c .\ARM_GCC_541\Debug\joystick.o
                0x00000d54                joystick_load
 .text.slot_id_to_row
                0x00000da0       0x2c .\ARM_GCC_541\Debug\psoc_eeprom.o
 .text.read_row_byte
                0x00000dcc       0x38 .\ARM_GCC_541\Debug\psoc_eeprom.o
 .text.read_row_data
                0x00000e04       0x3c .\ARM_GCC_541\Debug\psoc_eeprom.o
 .text.psoc_eeprom_init
                0x00000e40        0xc .\ARM_GCC_541\Debug\psoc_eeprom.o
                0x00000e40                psoc_eeprom_init
 .text.psoc_eeprom_read
                0x00000e4c       0x7c .\ARM_GCC_541\Debug\psoc_eeprom.o
                0x00000e4c                psoc_eeprom_read
 .text.app_ctx_init
                0x00000ec8       0x70 .\ARM_GCC_541\Debug\app_ctx.o
                0x00000ec8                app_ctx_init
 .text.depth_of
                0x00000f38       0x34 .\ARM_GCC_541\Debug\app_statemachine.o
 .text.lca      0x00000f6c       0x80 .\ARM_GCC_541\Debug\app_statemachine.o
 .text.transition
                0x00000fec       0xf0 .\ARM_GCC_541\Debug\app_statemachine.o
 .text.app_start
                0x000010dc       0x28 .\ARM_GCC_541\Debug\app_statemachine.o
                0x000010dc                app_start
 .text.app_raise_error
                0x00001104       0x68 .\ARM_GCC_541\Debug\app_statemachine.o
                0x00001104                app_raise_error
 .text.app_state_name
                0x0000116c       0x20 .\ARM_GCC_541\Debug\app_statemachine.o
                0x0000116c                app_state_name
 .text.app_telem_tick
                0x0000118c       0x80 .\ARM_GCC_541\Debug\app_statemachine.o
                0x0000118c                app_telem_tick
 .text.entry_stby_defer
                0x0000120c       0x1c .\ARM_GCC_541\Debug\app_statemachine.o
 .text.entry_stby_hold
                0x00001228       0x1c .\ARM_GCC_541\Debug\app_statemachine.o
 .text.entry_manu_joystick
                0x00001244       0x1c .\ARM_GCC_541\Debug\app_statemachine.o
 .text.exit_manu_joystick
                0x00001260       0x1c .\ARM_GCC_541\Debug\app_statemachine.o
 .text.app_auto_tick
                0x0000127c      0x1e0 .\ARM_GCC_541\Debug\app_statemachine.o
                0x0000127c                app_auto_tick
 .text.entry_auto_home
                0x0000145c       0xa0 .\ARM_GCC_541\Debug\app_statemachine.o
 .text.exit_auto_home
                0x000014fc       0x1c .\ARM_GCC_541\Debug\app_statemachine.o
 .text.key_auto_home
                0x00001518       0x28 .\ARM_GCC_541\Debug\app_statemachine.o
 .text.build_auto_home
                0x00001540       0x74 .\ARM_GCC_541\Debug\app_statemachine.o
 .text.gps_bearing_deg
                0x000015b4       0xf8 .\ARM_GCC_541\Debug\app_statemachine.o
 .text.gps_elev_deg
                0x000016ac      0x15c .\ARM_GCC_541\Debug\app_statemachine.o
 .text.gps_start_slew
                0x00001808       0x3c .\ARM_GCC_541\Debug\app_statemachine.o
 .text.gps_update_pointing
                0x00001844       0xe8 .\ARM_GCC_541\Debug\app_statemachine.o
 .text.gps_check_settle
                0x0000192c      0x1c0 .\ARM_GCC_541\Debug\app_statemachine.o
 .text.entry_auto_acq_gps
                0x00001aec       0x48 .\ARM_GCC_541\Debug\app_statemachine.o
 .text.exit_auto_acq_gps
                0x00001b34       0x24 .\ARM_GCC_541\Debug\app_statemachine.o
 .text.key_auto_acq_gps
                0x00001b58       0x28 .\ARM_GCC_541\Debug\app_statemachine.o
 .text.build_auto_acq_gps
                0x00001b80       0xa8 .\ARM_GCC_541\Debug\app_statemachine.o
 .text.entry_auto_acq_spiral
                0x00001c28       0x1c .\ARM_GCC_541\Debug\app_statemachine.o
 .text.entry_auto_tracking
                0x00001c44       0x2c .\ARM_GCC_541\Debug\app_statemachine.o
 .text.key_auto_tracking
                0x00001c70       0x28 .\ARM_GCC_541\Debug\app_statemachine.o
 .text.build_auto_tracking
                0x00001c98      0x120 .\ARM_GCC_541\Debug\app_statemachine.o
 .text.entry_auto_loss
                0x00001db8       0x1c .\ARM_GCC_541\Debug\app_statemachine.o
 .text.key_auto_loss
                0x00001dd4       0x28 .\ARM_GCC_541\Debug\app_statemachine.o
 .text.entry_auto_no_lock
                0x00001dfc       0x1c .\ARM_GCC_541\Debug\app_statemachine.o
 .text.key_auto_no_lock
                0x00001e18       0x28 .\ARM_GCC_541\Debug\app_statemachine.o
 .text.sev_str  0x00001e40       0x40 .\ARM_GCC_541\Debug\app_statemachine.o
 .text.entry_error_active
                0x00001e80       0x80 .\ARM_GCC_541\Debug\app_statemachine.o
 .text.gimbal_pan_tilt_deg
                0x00001f00       0x54 .\ARM_GCC_541\Debug\app_statemachine.o
 .text.set_origin
                0x00001f54       0x6c .\ARM_GCC_541\Debug\app_statemachine.o
 .text.print_help
                0x00001fc0       0x1c .\ARM_GCC_541\Debug\app_statemachine.o
 .text.handle_global_key
                0x00001fdc       0x94 .\ARM_GCC_541\Debug\app_statemachine.o
 .text.leaf_traps_nav
                0x00002070       0x3c .\ARM_GCC_541\Debug\app_statemachine.o
 .text.handle_nav_key
                0x000020ac       0x48 .\ARM_GCC_541\Debug\app_statemachine.o
 .text.key_error_active
                0x000020f4       0x40 .\ARM_GCC_541\Debug\app_statemachine.o
 .text.app_dispatch_key
                0x00002134       0xa0 .\ARM_GCC_541\Debug\app_statemachine.o
                0x00002134                app_dispatch_key
 .text.build_zero
                0x000021d4       0x1c .\ARM_GCC_541\Debug\app_statemachine.o
 .text.build_stby
                0x000021f0       0x1c .\ARM_GCC_541\Debug\app_statemachine.o
 .text.build_manu_joystick
                0x0000220c       0xa4 .\ARM_GCC_541\Debug\app_statemachine.o
 .text.build_error
                0x000022b0       0x28 .\ARM_GCC_541\Debug\app_statemachine.o
 .text.app_build_control
                0x000022d8       0x3c .\ARM_GCC_541\Debug\app_statemachine.o
                0x000022d8                app_build_control
 .text.nudge_apply
                0x00002314      0x1b8 .\ARM_GCC_541\Debug\app_statemachine.o
 .text.key_manu_joystick
                0x000024cc      0x224 .\ARM_GCC_541\Debug\app_statemachine.o
 .text.app_manual_tick
                0x000026f0       0xc4 .\ARM_GCC_541\Debug\app_statemachine.o
                0x000026f0                app_manual_tick
 .text.sbc_state_is_requestable
                0x000027b4       0x24 .\ARM_GCC_541\Debug\app_statemachine.o
 .text.app_sbc_tick
                0x000027d8       0xf4 .\ARM_GCC_541\Debug\app_statemachine.o
                0x000027d8                app_sbc_tick
 .text.sbc_init
                0x000028cc       0x98 .\ARM_GCC_541\Debug\sbc_comms.o
                0x000028cc                sbc_init
 .text.decode_centroid
                0x00002964      0x114 .\ARM_GCC_541\Debug\sbc_comms.o
 .text.sbc_on_rx_byte
                0x00002a78      0x248 .\ARM_GCC_541\Debug\sbc_comms.o
                0x00002a78                sbc_on_rx_byte
 .text.sbc_on_uart_err_flags
                0x00002cc0       0x30 .\ARM_GCC_541\Debug\sbc_comms.o
                0x00002cc0                sbc_on_uart_err_flags
 .text.sbc_get_centroid
                0x00002cf0       0x88 .\ARM_GCC_541\Debug\sbc_comms.o
                0x00002cf0                sbc_get_centroid
 .text.sbc_unknown_magic
                0x00002d78       0x14 .\ARM_GCC_541\Debug\sbc_comms.o
                0x00002d78                sbc_unknown_magic
 .text.sbc_rx_pkt_count
                0x00002d8c       0x14 .\ARM_GCC_541\Debug\sbc_comms.o
                0x00002d8c                sbc_rx_pkt_count
 .text.sbc_last_centroid_dt_ms
                0x00002da0       0x2c .\ARM_GCC_541\Debug\sbc_comms.o
                0x00002da0                sbc_last_centroid_dt_ms
 .text.sbc_crc_errors
                0x00002dcc       0x14 .\ARM_GCC_541\Debug\sbc_comms.o
                0x00002dcc                sbc_crc_errors
 .text.sbc_uart_errors
                0x00002de0       0x14 .\ARM_GCC_541\Debug\sbc_comms.o
                0x00002de0                sbc_uart_errors
 .text.sbc_send_frame
                0x00002df4       0x8c .\ARM_GCC_541\Debug\sbc_comms.o
                0x00002df4                sbc_send_frame
 .text.sbc_get_state_req
                0x00002e80       0x4c .\ARM_GCC_541\Debug\sbc_comms.o
                0x00002e80                sbc_get_state_req
 .text.sbc_get_gps_target
                0x00002ecc       0x4c .\ARM_GCC_541\Debug\sbc_comms.o
                0x00002ecc                sbc_get_gps_target
 .text.sbc_send_state_ack
                0x00002f18       0x30 .\ARM_GCC_541\Debug\sbc_comms.o
                0x00002f18                sbc_send_state_ack
 .text.sat_i16  0x00002f48       0x4c .\ARM_GCC_541\Debug\telemetry.o
 .text.sat_u32  0x00002f94       0x44 .\ARM_GCC_541\Debug\telemetry.o
 .text.sat_u16  0x00002fd8       0x48 .\ARM_GCC_541\Debug\telemetry.o
 .text.telemetry_collect_hot
                0x00003020      0x164 .\ARM_GCC_541\Debug\telemetry.o
                0x00003020                telemetry_collect_hot
 .text.telemetry_collect_link
                0x00003184       0x64 .\ARM_GCC_541\Debug\telemetry.o
                0x00003184                telemetry_collect_link
 .text.telemetry_collect_power
                0x000031e8       0xc0 .\ARM_GCC_541\Debug\telemetry.o
                0x000031e8                telemetry_collect_power
 .text.telemetry_collect_env
                0x000032a8       0x80 .\ARM_GCC_541\Debug\telemetry.o
                0x000032a8                telemetry_collect_env
 .text.telemetry_collect_gps
                0x00003328       0xa8 .\ARM_GCC_541\Debug\telemetry.o
                0x00003328                telemetry_collect_gps
 .text.telemetry_collect_baro
                0x000033d0       0x90 .\ARM_GCC_541\Debug\telemetry.o
                0x000033d0                telemetry_collect_baro
 .text.telemetry_collect_mag
                0x00003460       0xcc .\ARM_GCC_541\Debug\telemetry.o
                0x00003460                telemetry_collect_mag
 .text.encode_hot
                0x0000352c      0x11c .\ARM_GCC_541\Debug\telemetry.o
 .text.encode_link
                0x00003648       0x94 .\ARM_GCC_541\Debug\telemetry.o
 .text.encode_power
                0x000036dc       0x9c .\ARM_GCC_541\Debug\telemetry.o
 .text.encode_env
                0x00003778       0x58 .\ARM_GCC_541\Debug\telemetry.o
 .text.encode_gps
                0x000037d0       0xe8 .\ARM_GCC_541\Debug\telemetry.o
 .text.encode_baro
                0x000038b8       0x64 .\ARM_GCC_541\Debug\telemetry.o
 .text.encode_mag
                0x0000391c       0x8c .\ARM_GCC_541\Debug\telemetry.o
 .text.telemetry_send_hot_sbc
                0x000039a8       0x44 .\ARM_GCC_541\Debug\telemetry.o
                0x000039a8                telemetry_send_hot_sbc
 .text.telemetry_send_link_sbc
                0x000039ec       0x44 .\ARM_GCC_541\Debug\telemetry.o
                0x000039ec                telemetry_send_link_sbc
 .text.telemetry_send_power_sbc
                0x00003a30       0x44 .\ARM_GCC_541\Debug\telemetry.o
                0x00003a30                telemetry_send_power_sbc
 .text.telemetry_send_env_sbc
                0x00003a74       0x44 .\ARM_GCC_541\Debug\telemetry.o
                0x00003a74                telemetry_send_env_sbc
 .text.telemetry_send_gps_sbc
                0x00003ab8       0x44 .\ARM_GCC_541\Debug\telemetry.o
                0x00003ab8                telemetry_send_gps_sbc
 .text.telemetry_send_baro_sbc
                0x00003afc       0x44 .\ARM_GCC_541\Debug\telemetry.o
                0x00003afc                telemetry_send_baro_sbc
 .text.telemetry_send_mag_sbc
                0x00003b40       0x44 .\ARM_GCC_541\Debug\telemetry.o
                0x00003b40                telemetry_send_mag_sbc
 .text.telemetry_pump
                0x00003b84       0xd8 .\ARM_GCC_541\Debug\telemetry.o
                0x00003b84                telemetry_pump
 .text.rb_next  0x00003c5c       0x28 .\ARM_GCC_541\Debug\hamfly_comm_rb.o
 .text.hamfly_rb_init
                0x00003c84       0x2c .\ARM_GCC_541\Debug\hamfly_comm_rb.o
                0x00003c84                hamfly_rb_init
 .text.hamfly_rb_push
                0x00003cb0       0x64 .\ARM_GCC_541\Debug\hamfly_comm_rb.o
                0x00003cb0                hamfly_rb_push
 .text.hamfly_rb_pop
                0x00003d14       0x58 .\ARM_GCC_541\Debug\hamfly_comm_rb.o
                0x00003d14                hamfly_rb_pop
 .text.load_freefly_control
                0x00003d6c       0x50 .\ARM_GCC_541\Debug\hamfly_core_gimbal.o
 .text.copy_qx287_to_telemetry
                0x00003dbc       0x1c .\ARM_GCC_541\Debug\hamfly_core_gimbal.o
 .text.drain_rb
                0x00003dd8       0x44 .\ARM_GCC_541\Debug\hamfly_core_gimbal.o
 .text.hamfly_init
                0x00003e1c       0x5c .\ARM_GCC_541\Debug\hamfly_core_gimbal.o
                0x00003e1c                hamfly_init
 .text.hamfly_on_rx_byte
                0x00003e78       0x3c .\ARM_GCC_541\Debug\hamfly_core_gimbal.o
                0x00003e78                hamfly_on_rx_byte
 .text.hamfly_on_uart_err_flags
                0x00003eb4       0x30 .\ARM_GCC_541\Debug\hamfly_core_gimbal.o
                0x00003eb4                hamfly_on_uart_err_flags
 .text.hamfly_pump
                0x00003ee4      0x27c .\ARM_GCC_541\Debug\hamfly_core_gimbal.o
                0x00003ee4                hamfly_pump
 .text.hamfly_send_control
                0x00004160       0x7c .\ARM_GCC_541\Debug\hamfly_core_gimbal.o
                0x00004160                hamfly_send_control
 .text.hamfly_kill
                0x000041dc       0x3c .\ARM_GCC_541\Debug\hamfly_core_gimbal.o
                0x000041dc                hamfly_kill
 .text.hamfly_request_attr
                0x00004218       0xa8 .\ARM_GCC_541\Debug\hamfly_core_gimbal.o
                0x00004218                hamfly_request_attr
 .text.hamfly_get_telemetry
                0x000042c0       0x30 .\ARM_GCC_541\Debug\hamfly_core_gimbal.o
                0x000042c0                hamfly_get_telemetry
 .text.rd_be32  0x000042f0       0x34 .\ARM_GCC_541\Debug\hamfly_core_telemetry.o
 .text.rd_be16  0x00004324       0x28 .\ARM_GCC_541\Debug\hamfly_core_telemetry.o
 .text.rd_be_u16
                0x0000434c       0x28 .\ARM_GCC_541\Debug\hamfly_core_telemetry.o
 .text.rd_le16  0x00004374       0x24 .\ARM_GCC_541\Debug\hamfly_core_telemetry.o
 .text.hamfly_telemetry_to_euler
                0x00004398      0x1d4 .\ARM_GCC_541\Debug\hamfly_core_telemetry.o
                0x00004398                hamfly_telemetry_to_euler
 .text.hamfly_decode_qx287
                0x0000456c       0x68 .\ARM_GCC_541\Debug\hamfly_core_telemetry.o
                0x0000456c                hamfly_decode_qx287
 .text.hamfly_decode_gps
                0x000045d4      0x1a0 .\ARM_GCC_541\Debug\hamfly_core_telemetry.o
                0x000045d4                hamfly_decode_gps
 .text.hamfly_decode_baro
                0x00004774       0x78 .\ARM_GCC_541\Debug\hamfly_core_telemetry.o
                0x00004774                hamfly_decode_baro
 .text.hamfly_decode_attitude
                0x000047ec      0x144 .\ARM_GCC_541\Debug\hamfly_core_telemetry.o
                0x000047ec                hamfly_decode_attitude
 .text.hamfly_decode_sysstat
                0x00004930      0x1c8 .\ARM_GCC_541\Debug\hamfly_core_telemetry.o
                0x00004930                hamfly_decode_sysstat
 .text.hamfly_decode_mag
                0x00004af8      0x18c .\ARM_GCC_541\Debug\hamfly_core_telemetry.o
                0x00004af8                hamfly_decode_mag
 .text.hamfly_decode_sysecho
                0x00004c84       0x7c .\ARM_GCC_541\Debug\hamfly_core_telemetry.o
                0x00004c84                hamfly_decode_sysecho
 .text.ff_api_init
                0x00004d00       0x7c .\ARM_GCC_541\Debug\hamfly_qx_app.o
 .text.ff_api_send
                0x00004d7c       0x44 .\ARM_GCC_541\Debug\hamfly_qx_app.o
 .text.QX_ParsePacket_Cli_MoVI_Ctrl_CB
                0x00004dc0      0x884 .\ARM_GCC_541\Debug\hamfly_qx_app.o
 .text.QX_SendMsg2CommsPort_CB
                0x00005644       0x64 .\ARM_GCC_541\Debug\hamfly_qx_app.o
                0x00005644                QX_SendMsg2CommsPort_CB
 .text.QX_FwdMsg_CB
                0x000056a8       0x14 .\ARM_GCC_541\Debug\hamfly_qx_app.o
                0x000056a8                QX_FwdMsg_CB
 .text.QX_GetTicks_ms
                0x000056bc       0x34 .\ARM_GCC_541\Debug\hamfly_qx_app.o
                0x000056bc                QX_GetTicks_ms
 .text.QX_Parser_SetMsgPtr
                0x000056f0       0x1c .\ARM_GCC_541\Debug\hamfly_qx_protocol.o
                0x000056f0                QX_Parser_SetMsgPtr
 .text.QX_Parser_AdvMsgPtr
                0x0000570c       0x1c .\ARM_GCC_541\Debug\hamfly_qx_protocol.o
                0x0000570c                QX_Parser_AdvMsgPtr
 .text.QX_Parser_GetMsgPtr
                0x00005728       0x14 .\ARM_GCC_541\Debug\hamfly_qx_protocol.o
                0x00005728                QX_Parser_GetMsgPtr
 .text.QX_Parser_SetDir_Read
                0x0000573c       0x18 .\ARM_GCC_541\Debug\hamfly_qx_protocol.o
                0x0000573c                QX_Parser_SetDir_Read
 .text.QX_Parser_SetDir_WriteAbs
                0x00005754       0x18 .\ARM_GCC_541\Debug\hamfly_qx_protocol.o
                0x00005754                QX_Parser_SetDir_WriteAbs
 .text.AddFloatAsSignedShort
                0x0000576c       0xc8 .\ARM_GCC_541\Debug\hamfly_qx_protocol.o
                0x0000576c                AddFloatAsSignedShort
 .text.GetFloatAsSignedShort
                0x00005834      0x170 .\ARM_GCC_541\Debug\hamfly_qx_protocol.o
                0x00005834                GetFloatAsSignedShort
 .text.AddSignedShortAsSignedShort
                0x000059a4       0x58 .\ARM_GCC_541\Debug\hamfly_qx_protocol.o
                0x000059a4                AddSignedShortAsSignedShort
 .text.GetSignedShortAsSignedShort
                0x000059fc      0x15c .\ARM_GCC_541\Debug\hamfly_qx_protocol.o
                0x000059fc                GetSignedShortAsSignedShort
 .text.AddUnsignedCharAsUnsignedChar
                0x00005b58       0x3c .\ARM_GCC_541\Debug\hamfly_qx_protocol.o
                0x00005b58                AddUnsignedCharAsUnsignedChar
 .text.GetUnsignedCharAsUnsignedChar
                0x00005b94       0xc8 .\ARM_GCC_541\Debug\hamfly_qx_protocol.o
                0x00005b94                GetUnsignedCharAsUnsignedChar
 .text.AddUnsignedShortAsUnsignedShort
                0x00005c5c       0x54 .\ARM_GCC_541\Debug\hamfly_qx_protocol.o
                0x00005c5c                AddUnsignedShortAsUnsignedShort
 .text.GetUnsignedShortAsUnsignedShort
                0x00005cb0       0xf8 .\ARM_GCC_541\Debug\hamfly_qx_protocol.o
                0x00005cb0                GetUnsignedShortAsUnsignedShort
 .text.AddBitsAsByte
                0x00005da8       0xcc .\ARM_GCC_541\Debug\hamfly_qx_protocol.o
                0x00005da8                AddBitsAsByte
 .text.GetBitsAsByte
                0x00005e74       0xdc .\ARM_GCC_541\Debug\hamfly_qx_protocol.o
                0x00005e74                GetBitsAsByte
 .text.QX_InitMsg
                0x00005f50       0x30 .\ARM_GCC_541\Debug\hamfly_qx_protocol.o
 .text.QX_RxMsg
                0x00005f80       0xec .\ARM_GCC_541\Debug\hamfly_qx_protocol.o
 .text.QX_Srv_Rx_Read
                0x0000606c       0x90 .\ARM_GCC_541\Debug\hamfly_qx_protocol.o
 .text.QX_Srv_Rx_Write
                0x000060fc       0xc4 .\ARM_GCC_541\Debug\hamfly_qx_protocol.o
 .text.QX_Cli_Rx_CurVal
                0x000061c0       0x3c .\ARM_GCC_541\Debug\hamfly_qx_protocol.o
 .text.QX_TxMsg_Setup
                0x000061fc       0x4c .\ARM_GCC_541\Debug\hamfly_qx_protocol.o
 .text.QX_TxMsg_Finish
                0x00006248      0x1dc .\ARM_GCC_541\Debug\hamfly_qx_protocol.o
 .text.QX_BuildHeader
                0x00006424      0x188 .\ARM_GCC_541\Debug\hamfly_qx_protocol.o
 .text.QX_ParseHeader
                0x000065ac      0x114 .\ARM_GCC_541\Debug\hamfly_qx_protocol.o
 .text.QX_Calc8bChecksum
                0x000066c0       0x3c .\ARM_GCC_541\Debug\hamfly_qx_protocol.o
 .text.QX_AddExtdValToBuf
                0x000066fc       0x88 .\ARM_GCC_541\Debug\hamfly_qx_protocol.o
 .text.QX_GetExtdValFromBuf
                0x00006784       0x6c .\ARM_GCC_541\Debug\hamfly_qx_protocol.o
 .text.QX_compute_crc32
                0x000067f0       0x4c .\ARM_GCC_541\Debug\hamfly_qx_protocol.o
 .text.QX_accumulate_crc32
                0x0000683c       0x54 .\ARM_GCC_541\Debug\hamfly_qx_protocol.o
                0x0000683c                QX_accumulate_crc32
 .text.QX_InitCli
                0x00006890       0x24 .\ARM_GCC_541\Debug\hamfly_qx_protocol.o
                0x00006890                QX_InitCli
 .text.QX_InitTxOptions
                0x000068b4       0x3c .\ARM_GCC_541\Debug\hamfly_qx_protocol.o
                0x000068b4                QX_InitTxOptions
 .text.QX_SendPacket_Srv_CurVal
                0x000068f0       0x98 .\ARM_GCC_541\Debug\hamfly_qx_protocol.o
                0x000068f0                QX_SendPacket_Srv_CurVal
 .text.QX_SendPacket_Cli_Read
                0x00006988       0x80 .\ARM_GCC_541\Debug\hamfly_qx_protocol.o
                0x00006988                QX_SendPacket_Cli_Read
 .text.QX_SendPacket_Cli_WriteABS
                0x00006a08       0x98 .\ARM_GCC_541\Debug\hamfly_qx_protocol.o
                0x00006a08                QX_SendPacket_Cli_WriteABS
 .text.QX_StreamRxCharSM
                0x00006aa0      0x6e0 .\ARM_GCC_541\Debug\hamfly_qx_protocol.o
                0x00006aa0                QX_StreamRxCharSM
 .text.CYMEMZERO
                0x00007180       0x1c .\ARM_GCC_541\Debug\cyfitter_cfg.o
 .text.CYCONFIGCPY
                0x0000719c       0x20 .\ARM_GCC_541\Debug\cyfitter_cfg.o
 .text.CyClockStartupError
                0x000071bc        0xc .\ARM_GCC_541\Debug\cyfitter_cfg.o
 .text.cfg_write_bytes32
                0x000071c8       0x74 .\ARM_GCC_541\Debug\cyfitter_cfg.o
 .text.ClockSetup
                0x0000723c      0x180 .\ARM_GCC_541\Debug\cyfitter_cfg.o
 .text.AnalogSetDefault
                0x000073bc       0x44 .\ARM_GCC_541\Debug\cyfitter_cfg.o
 .text.AMux_1_Set
                0x00007400       0x6c .\ARM_GCC_541\Debug\cyfitter_cfg.o
                0x00007400                AMux_1_Set
 .text.AMux_1_Unset
                0x0000746c       0x74 .\ARM_GCC_541\Debug\cyfitter_cfg.o
                0x0000746c                AMux_1_Unset
 .text.ADC_DelSig_1_AMux_Set
                0x000074e0       0x40 .\ARM_GCC_541\Debug\cyfitter_cfg.o
                0x000074e0                ADC_DelSig_1_AMux_Set
 .text.ADC_DelSig_1_AMux_Unset
                0x00007520       0x44 .\ARM_GCC_541\Debug\cyfitter_cfg.o
                0x00007520                ADC_DelSig_1_AMux_Unset
 .text.cyfitter_cfg
                0x00007564      0x1ac .\ARM_GCC_541\Debug\cyfitter_cfg.o
                0x00007564                cyfitter_cfg
 .text.IntDefaultHandler
                0x00007710       0x14 .\ARM_GCC_541\Debug\Cm3Start.o
                0x00007710                IntDefaultHandler
 .text._sbrk    0x00007724       0x50 .\ARM_GCC_541\Debug\Cm3Start.o
                0x00007724                _sbrk
 .text.Start_c  0x00007774       0x98 .\ARM_GCC_541\Debug\Cm3Start.o
                0x00007774                Start_c
 .text.initialize_psoc
                0x0000780c       0x90 .\ARM_GCC_541\Debug\Cm3Start.o
                0x0000780c                initialize_psoc
 .text.ADC_DelSig_1_Init
                0x0000789c      0x11c .\ARM_GCC_541\Debug\Proj07_hamflyAPI_stateMachineUpgrade.a(ADC_DelSig_1.o)
                0x0000789c                ADC_DelSig_1_Init
 .text.ADC_DelSig_1_Enable
                0x000079b8      0x158 .\ARM_GCC_541\Debug\Proj07_hamflyAPI_stateMachineUpgrade.a(ADC_DelSig_1.o)
                0x000079b8                ADC_DelSig_1_Enable
 .text.ADC_DelSig_1_Start
                0x00007b10       0x30 .\ARM_GCC_541\Debug\Proj07_hamflyAPI_stateMachineUpgrade.a(ADC_DelSig_1.o)
                0x00007b10                ADC_DelSig_1_Start
 .text.ADC_DelSig_1_StartConvert
                0x00007b40       0x20 .\ARM_GCC_541\Debug\Proj07_hamflyAPI_stateMachineUpgrade.a(ADC_DelSig_1.o)
                0x00007b40                ADC_DelSig_1_StartConvert
 .text.ADC_DelSig_1_StopConvert
                0x00007b60       0x20 .\ARM_GCC_541\Debug\Proj07_hamflyAPI_stateMachineUpgrade.a(ADC_DelSig_1.o)
                0x00007b60                ADC_DelSig_1_StopConvert
 .text.ADC_DelSig_1_GetResult16
                0x00007b80       0x7c .\ARM_GCC_541\Debug\Proj07_hamflyAPI_stateMachineUpgrade.a(ADC_DelSig_1.o)
                0x00007b80                ADC_DelSig_1_GetResult16
 .text.ADC_DelSig_1_InitConfig
                0x00007bfc      0x164 .\ARM_GCC_541\Debug\Proj07_hamflyAPI_stateMachineUpgrade.a(ADC_DelSig_1.o)
 .text.ADC_DelSig_1_GainCompensation
                0x00007d60      0x170 .\ARM_GCC_541\Debug\Proj07_hamflyAPI_stateMachineUpgrade.a(ADC_DelSig_1.o)
 .text.ADC_DelSig_1_SetDSMRef0Reg
                0x00007ed0       0x7c .\ARM_GCC_541\Debug\Proj07_hamflyAPI_stateMachineUpgrade.a(ADC_DelSig_1.o)
 .text.ADC_DelSig_1_ISR1
                0x00007f4c        0xc .\ARM_GCC_541\Debug\Proj07_hamflyAPI_stateMachineUpgrade.a(ADC_DelSig_1_INT.o)
                0x00007f4c                ADC_DelSig_1_ISR1
 .text.AMux_1_Start
                0x00007f58       0x34 .\ARM_GCC_541\Debug\Proj07_hamflyAPI_stateMachineUpgrade.a(AMux_1.o)
                0x00007f58                AMux_1_Start
 .text.AMux_1_FastSelect
                0x00007f8c       0x38 .\ARM_GCC_541\Debug\Proj07_hamflyAPI_stateMachineUpgrade.a(AMux_1.o)
                0x00007f8c                AMux_1_FastSelect
 .text.isr_adc_StartEx
                0x00007fc4       0x24 .\ARM_GCC_541\Debug\Proj07_hamflyAPI_stateMachineUpgrade.a(isr_adc.o)
                0x00007fc4                isr_adc_StartEx
 .text.isr_adc_SetVector
                0x00007fe8       0x24 .\ARM_GCC_541\Debug\Proj07_hamflyAPI_stateMachineUpgrade.a(isr_adc.o)
                0x00007fe8                isr_adc_SetVector
 .text.isr_adc_SetPriority
                0x0000800c       0x24 .\ARM_GCC_541\Debug\Proj07_hamflyAPI_stateMachineUpgrade.a(isr_adc.o)
                0x0000800c                isr_adc_SetPriority
 .text.isr_adc_Enable
                0x00008030       0x18 .\ARM_GCC_541\Debug\Proj07_hamflyAPI_stateMachineUpgrade.a(isr_adc.o)
                0x00008030                isr_adc_Enable
 .text.isr_adc_Disable
                0x00008048       0x18 .\ARM_GCC_541\Debug\Proj07_hamflyAPI_stateMachineUpgrade.a(isr_adc.o)
                0x00008048                isr_adc_Disable
 .text.isr_adc_ClearPending
                0x00008060       0x18 .\ARM_GCC_541\Debug\Proj07_hamflyAPI_stateMachineUpgrade.a(isr_adc.o)
                0x00008060                isr_adc_ClearPending
 .text.UART_MOVI_Start
                0x00008078       0x24 .\ARM_GCC_541\Debug\Proj07_hamflyAPI_stateMachineUpgrade.a(UART_MOVI.o)
                0x00008078                UART_MOVI_Start
 .text.UART_MOVI_Init
                0x0000809c       0x40 .\ARM_GCC_541\Debug\Proj07_hamflyAPI_stateMachineUpgrade.a(UART_MOVI.o)
                0x0000809c                UART_MOVI_Init
 .text.UART_MOVI_Enable
                0x000080dc       0x5c .\ARM_GCC_541\Debug\Proj07_hamflyAPI_stateMachineUpgrade.a(UART_MOVI.o)
                0x000080dc                UART_MOVI_Enable
 .text.UART_MOVI_ClearRxBuffer
                0x00008138       0x44 .\ARM_GCC_541\Debug\Proj07_hamflyAPI_stateMachineUpgrade.a(UART_MOVI.o)
                0x00008138                UART_MOVI_ClearRxBuffer
 .text.UART_MOVI_PutChar
                0x0000817c       0x34 .\ARM_GCC_541\Debug\Proj07_hamflyAPI_stateMachineUpgrade.a(UART_MOVI.o)
                0x0000817c                UART_MOVI_PutChar
 .text.UART_MOVI_ClearTxBuffer
                0x000081b0       0x44 .\ARM_GCC_541\Debug\Proj07_hamflyAPI_stateMachineUpgrade.a(UART_MOVI.o)
                0x000081b0                UART_MOVI_ClearTxBuffer
 .text.isr_rx_movi_StartEx
                0x000081f4       0x24 .\ARM_GCC_541\Debug\Proj07_hamflyAPI_stateMachineUpgrade.a(isr_rx_movi.o)
                0x000081f4                isr_rx_movi_StartEx
 .text.isr_rx_movi_SetVector
                0x00008218       0x24 .\ARM_GCC_541\Debug\Proj07_hamflyAPI_stateMachineUpgrade.a(isr_rx_movi.o)
                0x00008218                isr_rx_movi_SetVector
 .text.isr_rx_movi_SetPriority
                0x0000823c       0x24 .\ARM_GCC_541\Debug\Proj07_hamflyAPI_stateMachineUpgrade.a(isr_rx_movi.o)
                0x0000823c                isr_rx_movi_SetPriority
 .text.isr_rx_movi_Enable
                0x00008260       0x18 .\ARM_GCC_541\Debug\Proj07_hamflyAPI_stateMachineUpgrade.a(isr_rx_movi.o)
                0x00008260                isr_rx_movi_Enable
 .text.isr_rx_movi_Disable
                0x00008278       0x18 .\ARM_GCC_541\Debug\Proj07_hamflyAPI_stateMachineUpgrade.a(isr_rx_movi.o)
                0x00008278                isr_rx_movi_Disable
 .text.Looptimer_Init
                0x00008290       0xa0 .\ARM_GCC_541\Debug\Proj07_hamflyAPI_stateMachineUpgrade.a(Looptimer.o)
                0x00008290                Looptimer_Init
 .text.Looptimer_Enable
                0x00008330       0x48 .\ARM_GCC_541\Debug\Proj07_hamflyAPI_stateMachineUpgrade.a(Looptimer.o)
                0x00008330                Looptimer_Enable
 .text.Looptimer_Start
                0x00008378       0x24 .\ARM_GCC_541\Debug\Proj07_hamflyAPI_stateMachineUpgrade.a(Looptimer.o)
                0x00008378                Looptimer_Start
 .text.Looptimer_SetInterruptMode
                0x0000839c       0x20 .\ARM_GCC_541\Debug\Proj07_hamflyAPI_stateMachineUpgrade.a(Looptimer.o)
                0x0000839c                Looptimer_SetInterruptMode
 .text.Looptimer_ReadStatusRegister
                0x000083bc       0x18 .\ARM_GCC_541\Debug\Proj07_hamflyAPI_stateMachineUpgrade.a(Looptimer.o)
                0x000083bc                Looptimer_ReadStatusRegister
 .text.Looptimer_WritePeriod
                0x000083d4       0x24 .\ARM_GCC_541\Debug\Proj07_hamflyAPI_stateMachineUpgrade.a(Looptimer.o)
                0x000083d4                Looptimer_WritePeriod
 .text.Looptimer_WriteCounter
                0x000083f8       0x20 .\ARM_GCC_541\Debug\Proj07_hamflyAPI_stateMachineUpgrade.a(Looptimer.o)
                0x000083f8                Looptimer_WriteCounter
 .text.isr_Looptimer_StartEx
                0x00008418       0x24 .\ARM_GCC_541\Debug\Proj07_hamflyAPI_stateMachineUpgrade.a(isr_Looptimer.o)
                0x00008418                isr_Looptimer_StartEx
 .text.isr_Looptimer_SetVector
                0x0000843c       0x24 .\ARM_GCC_541\Debug\Proj07_hamflyAPI_stateMachineUpgrade.a(isr_Looptimer.o)
                0x0000843c                isr_Looptimer_SetVector
 .text.isr_Looptimer_SetPriority
                0x00008460       0x24 .\ARM_GCC_541\Debug\Proj07_hamflyAPI_stateMachineUpgrade.a(isr_Looptimer.o)
                0x00008460                isr_Looptimer_SetPriority
 .text.isr_Looptimer_Enable
                0x00008484       0x18 .\ARM_GCC_541\Debug\Proj07_hamflyAPI_stateMachineUpgrade.a(isr_Looptimer.o)
                0x00008484                isr_Looptimer_Enable
 .text.isr_Looptimer_Disable
                0x0000849c       0x18 .\ARM_GCC_541\Debug\Proj07_hamflyAPI_stateMachineUpgrade.a(isr_Looptimer.o)
                0x0000849c                isr_Looptimer_Disable
 .text.EEPROM_CONFIG_Enable
                0x000084b4       0x10 .\ARM_GCC_541\Debug\Proj07_hamflyAPI_stateMachineUpgrade.a(EEPROM_CONFIG.o)
                0x000084b4                EEPROM_CONFIG_Enable
 .text.EEPROM_CONFIG_Start
                0x000084c4        0xc .\ARM_GCC_541\Debug\Proj07_hamflyAPI_stateMachineUpgrade.a(EEPROM_CONFIG.o)
                0x000084c4                EEPROM_CONFIG_Start
 .text.ADC_DelSig_1_AMux_Start
                0x000084d0       0x34 .\ARM_GCC_541\Debug\Proj07_hamflyAPI_stateMachineUpgrade.a(ADC_DelSig_1_AMux.o)
                0x000084d0                ADC_DelSig_1_AMux_Start
 .text.ADC_DelSig_1_AMux_Select
                0x00008504       0x28 .\ARM_GCC_541\Debug\Proj07_hamflyAPI_stateMachineUpgrade.a(ADC_DelSig_1_AMux.o)
                0x00008504                ADC_DelSig_1_AMux_Select
 .text.ADC_DelSig_1_Ext_CP_Clk_SetDividerRegister
                0x0000852c      0x164 .\ARM_GCC_541\Debug\Proj07_hamflyAPI_stateMachineUpgrade.a(ADC_DelSig_1_Ext_CP_Clk.o)
                0x0000852c                ADC_DelSig_1_Ext_CP_Clk_SetDividerRegister
 .text.ADC_DelSig_1_Ext_CP_Clk_GetDividerRegister
                0x00008690       0x18 .\ARM_GCC_541\Debug\Proj07_hamflyAPI_stateMachineUpgrade.a(ADC_DelSig_1_Ext_CP_Clk.o)
                0x00008690                ADC_DelSig_1_Ext_CP_Clk_GetDividerRegister
 .text.ADC_DelSig_1_Ext_CP_Clk_SetModeRegister
                0x000086a8       0x34 .\ARM_GCC_541\Debug\Proj07_hamflyAPI_stateMachineUpgrade.a(ADC_DelSig_1_Ext_CP_Clk.o)
                0x000086a8                ADC_DelSig_1_Ext_CP_Clk_SetModeRegister
 .text.ADC_DelSig_1_Ext_CP_Clk_GetSourceRegister
                0x000086dc       0x1c .\ARM_GCC_541\Debug\Proj07_hamflyAPI_stateMachineUpgrade.a(ADC_DelSig_1_Ext_CP_Clk.o)
                0x000086dc                ADC_DelSig_1_Ext_CP_Clk_GetSourceRegister
 .text.ADC_DelSig_1_theACLK_SetDividerRegister
                0x000086f8      0x164 .\ARM_GCC_541\Debug\Proj07_hamflyAPI_stateMachineUpgrade.a(ADC_DelSig_1_theACLK.o)
                0x000086f8                ADC_DelSig_1_theACLK_SetDividerRegister
 .text.ADC_DelSig_1_theACLK_GetDividerRegister
                0x0000885c       0x18 .\ARM_GCC_541\Debug\Proj07_hamflyAPI_stateMachineUpgrade.a(ADC_DelSig_1_theACLK.o)
                0x0000885c                ADC_DelSig_1_theACLK_GetDividerRegister
 .text.ADC_DelSig_1_theACLK_SetModeRegister
                0x00008874       0x34 .\ARM_GCC_541\Debug\Proj07_hamflyAPI_stateMachineUpgrade.a(ADC_DelSig_1_theACLK.o)
                0x00008874                ADC_DelSig_1_theACLK_SetModeRegister
 .text.ADC_DelSig_1_theACLK_GetSourceRegister
                0x000088a8       0x1c .\ARM_GCC_541\Debug\Proj07_hamflyAPI_stateMachineUpgrade.a(ADC_DelSig_1_theACLK.o)
                0x000088a8                ADC_DelSig_1_theACLK_GetSourceRegister
 .text.CySetTempInt
                0x000088c4       0x7c .\ARM_GCC_541\Debug\Proj07_hamflyAPI_stateMachineUpgrade.a(CyFlash.o)
 .text.CyFlashGetSpcAlgorithm
                0x00008940       0x70 .\ARM_GCC_541\Debug\Proj07_hamflyAPI_stateMachineUpgrade.a(CyFlash.o)
                0x00008940                CyFlashGetSpcAlgorithm
 .text.CySetTemp
                0x000089b0       0x24 .\ARM_GCC_541\Debug\Proj07_hamflyAPI_stateMachineUpgrade.a(CyFlash.o)
                0x000089b0                CySetTemp
 .text.CyEEPROM_Start
                0x000089d4       0x8c .\ARM_GCC_541\Debug\Proj07_hamflyAPI_stateMachineUpgrade.a(CyFlash.o)
                0x000089d4                CyEEPROM_Start
 .text.CyHalt   0x00008a60       0x18 .\ARM_GCC_541\Debug\Proj07_hamflyAPI_stateMachineUpgrade.a(CyLib.o)
                0x00008a60                CyHalt
 .text.CyDelayUs
                0x00008a78       0x28 .\ARM_GCC_541\Debug\Proj07_hamflyAPI_stateMachineUpgrade.a(CyLib.o)
                0x00008a78                CyDelayUs
 .text.CyIntSetVector
                0x00008aa0       0x50 .\ARM_GCC_541\Debug\Proj07_hamflyAPI_stateMachineUpgrade.a(CyLib.o)
                0x00008aa0                CyIntSetVector
 .text.CyIntSetPriority
                0x00008af0       0x48 .\ARM_GCC_541\Debug\Proj07_hamflyAPI_stateMachineUpgrade.a(CyLib.o)
                0x00008af0                CyIntSetPriority
 .text.CySpcStart
                0x00008b38       0x48 .\ARM_GCC_541\Debug\Proj07_hamflyAPI_stateMachineUpgrade.a(CySpc.o)
                0x00008b38                CySpcStart
 .text.CySpcReadData
                0x00008b80       0x54 .\ARM_GCC_541\Debug\Proj07_hamflyAPI_stateMachineUpgrade.a(CySpc.o)
                0x00008b80                CySpcReadData
 .text.CySpcGetTemp
                0x00008bd4       0x64 .\ARM_GCC_541\Debug\Proj07_hamflyAPI_stateMachineUpgrade.a(CySpc.o)
                0x00008bd4                CySpcGetTemp
 .text.CySpcLock
                0x00008c38       0x68 .\ARM_GCC_541\Debug\Proj07_hamflyAPI_stateMachineUpgrade.a(CySpc.o)
                0x00008c38                CySpcLock
 .text.CySpcUnlock
                0x00008ca0       0x50 .\ARM_GCC_541\Debug\Proj07_hamflyAPI_stateMachineUpgrade.a(CySpc.o)
                0x00008ca0                CySpcUnlock
 .text.CySpcGetAlgorithm
                0x00008cf0       0x44 .\ARM_GCC_541\Debug\Proj07_hamflyAPI_stateMachineUpgrade.a(CySpc.o)
                0x00008cf0                CySpcGetAlgorithm
 .text.UART_DEBUG_Start
                0x00008d34       0x24 .\ARM_GCC_541\Debug\Proj07_hamflyAPI_stateMachineUpgrade.a(UART_DEBUG.o)
                0x00008d34                UART_DEBUG_Start
 .text.UART_DEBUG_Init
                0x00008d58       0x40 .\ARM_GCC_541\Debug\Proj07_hamflyAPI_stateMachineUpgrade.a(UART_DEBUG.o)
                0x00008d58                UART_DEBUG_Init
 .text.UART_DEBUG_Enable
                0x00008d98       0x60 .\ARM_GCC_541\Debug\Proj07_hamflyAPI_stateMachineUpgrade.a(UART_DEBUG.o)
                0x00008d98                UART_DEBUG_Enable
 .text.UART_DEBUG_GetChar
                0x00008df8       0x44 .\ARM_GCC_541\Debug\Proj07_hamflyAPI_stateMachineUpgrade.a(UART_DEBUG.o)
                0x00008df8                UART_DEBUG_GetChar
 .text.UART_DEBUG_PutChar
                0x00008e3c       0x34 .\ARM_GCC_541\Debug\Proj07_hamflyAPI_stateMachineUpgrade.a(UART_DEBUG.o)
                0x00008e3c                UART_DEBUG_PutChar
 .text.UART_DEBUG_PutString
                0x00008e70       0x44 .\ARM_GCC_541\Debug\Proj07_hamflyAPI_stateMachineUpgrade.a(UART_DEBUG.o)
                0x00008e70                UART_DEBUG_PutString
 .text.UART_DEBUG_IntClock_Start
                0x00008eb4       0x34 .\ARM_GCC_541\Debug\Proj07_hamflyAPI_stateMachineUpgrade.a(UART_DEBUG_IntClock.o)
                0x00008eb4                UART_DEBUG_IntClock_Start
 .text.UART_SBC_Start
                0x00008ee8       0x24 .\ARM_GCC_541\Debug\Proj07_hamflyAPI_stateMachineUpgrade.a(UART_SBC.o)
                0x00008ee8                UART_SBC_Start
 .text.UART_SBC_Init
                0x00008f0c       0x40 .\ARM_GCC_541\Debug\Proj07_hamflyAPI_stateMachineUpgrade.a(UART_SBC.o)
                0x00008f0c                UART_SBC_Init
 .text.UART_SBC_Enable
                0x00008f4c       0x60 .\ARM_GCC_541\Debug\Proj07_hamflyAPI_stateMachineUpgrade.a(UART_SBC.o)
                0x00008f4c                UART_SBC_Enable
 .text.UART_SBC_ClearRxBuffer
                0x00008fac       0x44 .\ARM_GCC_541\Debug\Proj07_hamflyAPI_stateMachineUpgrade.a(UART_SBC.o)
                0x00008fac                UART_SBC_ClearRxBuffer
 .text.UART_SBC_PutChar
                0x00008ff0       0x34 .\ARM_GCC_541\Debug\Proj07_hamflyAPI_stateMachineUpgrade.a(UART_SBC.o)
                0x00008ff0                UART_SBC_PutChar
 .text.UART_SBC_ClearTxBuffer
                0x00009024       0x44 .\ARM_GCC_541\Debug\Proj07_hamflyAPI_stateMachineUpgrade.a(UART_SBC.o)
                0x00009024                UART_SBC_ClearTxBuffer
 .text.isr_rx_sbc_StartEx
                0x00009068       0x24 .\ARM_GCC_541\Debug\Proj07_hamflyAPI_stateMachineUpgrade.a(isr_rx_sbc.o)
                0x00009068                isr_rx_sbc_StartEx
 .text.isr_rx_sbc_SetVector
                0x0000908c       0x24 .\ARM_GCC_541\Debug\Proj07_hamflyAPI_stateMachineUpgrade.a(isr_rx_sbc.o)
                0x0000908c                isr_rx_sbc_SetVector
 .text.isr_rx_sbc_SetPriority
                0x000090b0       0x24 .\ARM_GCC_541\Debug\Proj07_hamflyAPI_stateMachineUpgrade.a(isr_rx_sbc.o)
                0x000090b0                isr_rx_sbc_SetPriority
 .text.isr_rx_sbc_Enable
                0x000090d4       0x18 .\ARM_GCC_541\Debug\Proj07_hamflyAPI_stateMachineUpgrade.a(isr_rx_sbc.o)
                0x000090d4                isr_rx_sbc_Enable
 .text.isr_rx_sbc_Disable
                0x000090ec       0x18 .\ARM_GCC_541\Debug\Proj07_hamflyAPI_stateMachineUpgrade.a(isr_rx_sbc.o)
                0x000090ec                isr_rx_sbc_Disable
 .text.UART_SBC_IntClock_Start
                0x00009104       0x34 .\ARM_GCC_541\Debug\Proj07_hamflyAPI_stateMachineUpgrade.a(UART_SBC_IntClock.o)
                0x00009104                UART_SBC_IntClock_Start
 .text          0x00009138       0x54 .\ARM_GCC_541\Debug\Proj07_hamflyAPI_stateMachineUpgrade.a(CyBootAsmGnu.o)
                0x00009138                CyDelayCycles
                0x00009176                CyEnterCriticalSection
                0x0000917e                CyExitCriticalSection
 .text.cosf     0x0000918c       0x78 c:/program files (x86)/cypress/psoc creator/4.4/psoc creator/import/gnu/arm/5.4.1/bin/../lib/gcc/arm-none-eabi/5.4.1/../../../../arm-none-eabi/lib/armv7-m\libm.a(lib_a-sf_cos.o)
                0x0000918c                cosf
 .text.sinf     0x00009204       0x7c c:/program files (x86)/cypress/psoc creator/4.4/psoc creator/import/gnu/arm/5.4.1/bin/../lib/gcc/arm-none-eabi/5.4.1/../../../../arm-none-eabi/lib/armv7-m\libm.a(lib_a-sf_sin.o)
                0x00009204                sinf
 .text.asinf    0x00009280       0xa4 c:/program files (x86)/cypress/psoc creator/4.4/psoc creator/import/gnu/arm/5.4.1/bin/../lib/gcc/arm-none-eabi/5.4.1/../../../../arm-none-eabi/lib/armv7-m\libm.a(lib_a-wf_asin.o)
                0x00009280                asinf
 .text.atan2f   0x00009324        0x4 c:/program files (x86)/cypress/psoc creator/4.4/psoc creator/import/gnu/arm/5.4.1/bin/../lib/gcc/arm-none-eabi/5.4.1/../../../../arm-none-eabi/lib/armv7-m\libm.a(lib_a-wf_atan2.o)
                0x00009324                atan2f
 .text.sqrtf    0x00009328       0x9c c:/program files (x86)/cypress/psoc creator/4.4/psoc creator/import/gnu/arm/5.4.1/bin/../lib/gcc/arm-none-eabi/5.4.1/../../../../arm-none-eabi/lib/armv7-m\libm.a(lib_a-wf_sqrt.o)
                0x00009328                sqrtf
 .text.__ieee754_asinf
                0x000093c4      0x294 c:/program files (x86)/cypress/psoc creator/4.4/psoc creator/import/gnu/arm/5.4.1/bin/../lib/gcc/arm-none-eabi/5.4.1/../../../../arm-none-eabi/lib/armv7-m\libm.a(lib_a-ef_asin.o)
                0x000093c4                __ieee754_asinf
 .text.__ieee754_atan2f
                0x00009658      0x124 c:/program files (x86)/cypress/psoc creator/4.4/psoc creator/import/gnu/arm/5.4.1/bin/../lib/gcc/arm-none-eabi/5.4.1/../../../../arm-none-eabi/lib/armv7-m\libm.a(lib_a-ef_atan2.o)
                0x00009658                __ieee754_atan2f
 .text.__ieee754_rem_pio2f
                0x0000977c      0x2e4 c:/program files (x86)/cypress/psoc creator/4.4/psoc creator/import/gnu/arm/5.4.1/bin/../lib/gcc/arm-none-eabi/5.4.1/../../../../arm-none-eabi/lib/armv7-m\libm.a(lib_a-ef_rem_pio2.o)
                0x0000977c                __ieee754_rem_pio2f
 .text.__ieee754_sqrtf
                0x00009a60       0xa8 c:/program files (x86)/cypress/psoc creator/4.4/psoc creator/import/gnu/arm/5.4.1/bin/../lib/gcc/arm-none-eabi/5.4.1/../../../../arm-none-eabi/lib/armv7-m\libm.a(lib_a-ef_sqrt.o)
                0x00009a60                __ieee754_sqrtf
 .text.__kernel_cosf
                0x00009b08      0x188 c:/program files (x86)/cypress/psoc creator/4.4/psoc creator/import/gnu/arm/5.4.1/bin/../lib/gcc/arm-none-eabi/5.4.1/../../../../arm-none-eabi/lib/armv7-m\libm.a(lib_a-kf_cos.o)
                0x00009b08                __kernel_cosf
 .text.__kernel_rem_pio2f
                0x00009c90      0x6a0 c:/program files (x86)/cypress/psoc creator/4.4/psoc creator/import/gnu/arm/5.4.1/bin/../lib/gcc/arm-none-eabi/5.4.1/../../../../arm-none-eabi/lib/armv7-m\libm.a(lib_a-kf_rem_pio2.o)
                0x00009c90                __kernel_rem_pio2f
 .text.__kernel_sinf
                0x0000a330       0xec c:/program files (x86)/cypress/psoc creator/4.4/psoc creator/import/gnu/arm/5.4.1/bin/../lib/gcc/arm-none-eabi/5.4.1/../../../../arm-none-eabi/lib/armv7-m\libm.a(lib_a-kf_sin.o)
                0x0000a330                __kernel_sinf
 .text.matherr  0x0000a41c        0x4 c:/program files (x86)/cypress/psoc creator/4.4/psoc creator/import/gnu/arm/5.4.1/bin/../lib/gcc/arm-none-eabi/5.4.1/../../../../arm-none-eabi/lib/armv7-m\libm.a(lib_a-s_matherr.o)
                0x0000a41c                matherr
 .text.nan      0x0000a420        0xc c:/program files (x86)/cypress/psoc creator/4.4/psoc creator/import/gnu/arm/5.4.1/bin/../lib/gcc/arm-none-eabi/5.4.1/../../../../arm-none-eabi/lib/armv7-m\libm.a(lib_a-s_nan.o)
                0x0000a420                nan
 .text.atanf    0x0000a42c      0x22c c:/program files (x86)/cypress/psoc creator/4.4/psoc creator/import/gnu/arm/5.4.1/bin/../lib/gcc/arm-none-eabi/5.4.1/../../../../arm-none-eabi/lib/armv7-m\libm.a(lib_a-sf_atan.o)
                0x0000a42c                atanf
 .text.fabsf    0x0000a658        0x8 c:/program files (x86)/cypress/psoc creator/4.4/psoc creator/import/gnu/arm/5.4.1/bin/../lib/gcc/arm-none-eabi/5.4.1/../../../../arm-none-eabi/lib/armv7-m\libm.a(lib_a-sf_fabs.o)
                0x0000a658                fabsf
 .text.floorf   0x0000a660       0x8c c:/program files (x86)/cypress/psoc creator/4.4/psoc creator/import/gnu/arm/5.4.1/bin/../lib/gcc/arm-none-eabi/5.4.1/../../../../arm-none-eabi/lib/armv7-m\libm.a(lib_a-sf_floor.o)
                0x0000a660                floorf
 .text.scalbnf  0x0000a6ec       0xb0 c:/program files (x86)/cypress/psoc creator/4.4/psoc creator/import/gnu/arm/5.4.1/bin/../lib/gcc/arm-none-eabi/5.4.1/../../../../arm-none-eabi/lib/armv7-m\libm.a(lib_a-sf_scalbn.o)
                0x0000a6ec                scalbnf
 .text.copysignf
                0x0000a79c        0xc c:/program files (x86)/cypress/psoc creator/4.4/psoc creator/import/gnu/arm/5.4.1/bin/../lib/gcc/arm-none-eabi/5.4.1/../../../../arm-none-eabi/lib/armv7-m\libm.a(lib_a-sf_copysign.o)
                0x0000a79c                copysignf
 .text          0x0000a7a8      0x370 c:/program files (x86)/cypress/psoc creator/4.4/psoc creator/import/gnu/arm/5.4.1/bin/../lib/gcc/arm-none-eabi/5.4.1/armv7-m\libgcc.a(_arm_addsubdf3.o)
                0x0000a7a8                __aeabi_drsub
                0x0000a7b0                __aeabi_dsub
                0x0000a7b0                __subdf3
                0x0000a7b4                __aeabi_dadd
                0x0000a7b4                __adddf3
                0x0000aa2c                __floatunsidf
                0x0000aa2c                __aeabi_ui2d
                0x0000aa4c                __floatsidf
                0x0000aa4c                __aeabi_i2d
                0x0000aa70                __aeabi_f2d
                0x0000aa70                __extendsfdf2
                0x0000aaac                __floatundidf
                0x0000aaac                __aeabi_ul2d
                0x0000aabc                __floatdidf
                0x0000aabc                __aeabi_l2d
 .text          0x0000ab18      0x424 c:/program files (x86)/cypress/psoc creator/4.4/psoc creator/import/gnu/arm/5.4.1/bin/../lib/gcc/arm-none-eabi/5.4.1/armv7-m\libgcc.a(_arm_muldivdf3.o)
                0x0000ab18                __aeabi_dmul
                0x0000ab18                __muldf3
                0x0000ad6c                __divdf3
                0x0000ad6c                __aeabi_ddiv
 .text          0x0000af3c      0x110 c:/program files (x86)/cypress/psoc creator/4.4/psoc creator/import/gnu/arm/5.4.1/bin/../lib/gcc/arm-none-eabi/5.4.1/armv7-m\libgcc.a(_arm_cmpdf2.o)
                0x0000af3c                __gtdf2
                0x0000af3c                __gedf2
                0x0000af44                __ltdf2
                0x0000af44                __ledf2
                0x0000af4c                __nedf2
                0x0000af4c                __eqdf2
                0x0000af4c                __cmpdf2
                0x0000afc8                __aeabi_cdrcmple
                0x0000afd8                __aeabi_cdcmpeq
                0x0000afd8                __aeabi_cdcmple
                0x0000afe8                __aeabi_dcmpeq
                0x0000affc                __aeabi_dcmplt
                0x0000b010                __aeabi_dcmple
                0x0000b024                __aeabi_dcmpge
                0x0000b038                __aeabi_dcmpgt
 .text          0x0000b04c       0x2c c:/program files (x86)/cypress/psoc creator/4.4/psoc creator/import/gnu/arm/5.4.1/bin/../lib/gcc/arm-none-eabi/5.4.1/armv7-m\libgcc.a(_arm_unorddf2.o)
                0x0000b04c                __unorddf2
                0x0000b04c                __aeabi_dcmpun
 .text          0x0000b078       0x50 c:/program files (x86)/cypress/psoc creator/4.4/psoc creator/import/gnu/arm/5.4.1/bin/../lib/gcc/arm-none-eabi/5.4.1/armv7-m\libgcc.a(_arm_fixdfsi.o)
                0x0000b078                __aeabi_d2iz
                0x0000b078                __fixdfsi
 .text          0x0000b0c8       0xa0 c:/program files (x86)/cypress/psoc creator/4.4/psoc creator/import/gnu/arm/5.4.1/bin/../lib/gcc/arm-none-eabi/5.4.1/armv7-m\libgcc.a(_arm_truncdfsf2.o)
                0x0000b0c8                __truncdfsf2
                0x0000b0c8                __aeabi_d2f
 .text          0x0000b168      0x21c c:/program files (x86)/cypress/psoc creator/4.4/psoc creator/import/gnu/arm/5.4.1/bin/../lib/gcc/arm-none-eabi/5.4.1/armv7-m\libgcc.a(_arm_addsubsf3.o)
                0x0000b168                __aeabi_frsub
                0x0000b170                __subsf3
                0x0000b170                __aeabi_fsub
                0x0000b174                __aeabi_fadd
                0x0000b174                __addsf3
                0x0000b2d4                __aeabi_ui2f
                0x0000b2d4                __floatunsisf
                0x0000b2dc                __aeabi_i2f
                0x0000b2dc                __floatsisf
                0x0000b2f8                __aeabi_ul2f
                0x0000b2f8                __floatundisf
                0x0000b308                __aeabi_l2f
                0x0000b308                __floatdisf
 .text          0x0000b384      0x2a0 c:/program files (x86)/cypress/psoc creator/4.4/psoc creator/import/gnu/arm/5.4.1/bin/../lib/gcc/arm-none-eabi/5.4.1/armv7-m\libgcc.a(_arm_muldivsf3.o)
                0x0000b384                __mulsf3
                0x0000b384                __aeabi_fmul
                0x0000b4ec                __aeabi_fdiv
                0x0000b4ec                __divsf3
 .text          0x0000b624       0xec c:/program files (x86)/cypress/psoc creator/4.4/psoc creator/import/gnu/arm/5.4.1/bin/../lib/gcc/arm-none-eabi/5.4.1/armv7-m\libgcc.a(_arm_cmpsf2.o)
                0x0000b624                __gesf2
                0x0000b624                __gtsf2
                0x0000b62c                __lesf2
                0x0000b62c                __ltsf2
                0x0000b634                __nesf2
                0x0000b634                __eqsf2
                0x0000b634                __cmpsf2
                0x0000b694                __aeabi_cfrcmple
                0x0000b69c                __aeabi_cfcmpeq
                0x0000b69c                __aeabi_cfcmple
                0x0000b6ac                __aeabi_fcmpeq
                0x0000b6c0                __aeabi_fcmplt
                0x0000b6d4                __aeabi_fcmple
                0x0000b6e8                __aeabi_fcmpge
                0x0000b6fc                __aeabi_fcmpgt
 .text          0x0000b710       0x2c c:/program files (x86)/cypress/psoc creator/4.4/psoc creator/import/gnu/arm/5.4.1/bin/../lib/gcc/arm-none-eabi/5.4.1/armv7-m\libgcc.a(_arm_unordsf2.o)
                0x0000b710                __unordsf2
                0x0000b710                __aeabi_fcmpun
 .text          0x0000b73c       0x4c c:/program files (x86)/cypress/psoc creator/4.4/psoc creator/import/gnu/arm/5.4.1/bin/../lib/gcc/arm-none-eabi/5.4.1/armv7-m\libgcc.a(_arm_fixsfsi.o)
                0x0000b73c                __aeabi_f2iz
                0x0000b73c                __fixsfsi
 .text          0x0000b788       0x40 c:/program files (x86)/cypress/psoc creator/4.4/psoc creator/import/gnu/arm/5.4.1/bin/../lib/gcc/arm-none-eabi/5.4.1/armv7-m\libgcc.a(_arm_fixunssfsi.o)
                0x0000b788                __fixunssfsi
                0x0000b788                __aeabi_f2uiz
 .text.__errno  0x0000b7c8        0xc c:/program files (x86)/cypress/psoc creator/4.4/psoc creator/import/gnu/arm/5.4.1/bin/../lib/gcc/arm-none-eabi/5.4.1/../../../../arm-none-eabi/lib/armv7-m\libg_nano.a(lib_a-errno.o)
                0x0000b7c8                __errno
 .text.__libc_init_array
                0x0000b7d4       0x4c c:/program files (x86)/cypress/psoc creator/4.4/psoc creator/import/gnu/arm/5.4.1/bin/../lib/gcc/arm-none-eabi/5.4.1/../../../../arm-none-eabi/lib/armv7-m\libg_nano.a(lib_a-init.o)
                0x0000b7d4                __libc_init_array
 .text.memcpy   0x0000b820       0x16 c:/program files (x86)/cypress/psoc creator/4.4/psoc creator/import/gnu/arm/5.4.1/bin/../lib/gcc/arm-none-eabi/5.4.1/../../../../arm-none-eabi/lib/armv7-m\libg_nano.a(lib_a-memcpy-stub.o)
                0x0000b820                memcpy
 .text.memset   0x0000b836       0x10 c:/program files (x86)/cypress/psoc creator/4.4/psoc creator/import/gnu/arm/5.4.1/bin/../lib/gcc/arm-none-eabi/5.4.1/../../../../arm-none-eabi/lib/armv7-m\libg_nano.a(lib_a-memset.o)
                0x0000b836                memset
 .text.__cvt    0x0000b846       0xc0 c:/program files (x86)/cypress/psoc creator/4.4/psoc creator/import/gnu/arm/5.4.1/bin/../lib/gcc/arm-none-eabi/5.4.1/../../../../arm-none-eabi/lib/armv7-m\libg_nano.a(lib_a-nano-vfprintf_float.o)
                0x0000b846                __cvt
 .text.__exponent
                0x0000b906       0x62 c:/program files (x86)/cypress/psoc creator/4.4/psoc creator/import/gnu/arm/5.4.1/bin/../lib/gcc/arm-none-eabi/5.4.1/../../../../arm-none-eabi/lib/armv7-m\libg_nano.a(lib_a-nano-vfprintf_float.o)
                0x0000b906                __exponent
 .text._printf_float
                0x0000b968      0x488 c:/program files (x86)/cypress/psoc creator/4.4/psoc creator/import/gnu/arm/5.4.1/bin/../lib/gcc/arm-none-eabi/5.4.1/../../../../arm-none-eabi/lib/armv7-m\libg_nano.a(lib_a-nano-vfprintf_float.o)
                0x0000b968                _printf_float
 .text._printf_common
                0x0000bdf0       0xec c:/program files (x86)/cypress/psoc creator/4.4/psoc creator/import/gnu/arm/5.4.1/bin/../lib/gcc/arm-none-eabi/5.4.1/../../../../arm-none-eabi/lib/armv7-m\libg_nano.a(lib_a-nano-vfprintf_i.o)
                0x0000bdf0                _printf_common
 .text._printf_i
                0x0000bedc      0x24c c:/program files (x86)/cypress/psoc creator/4.4/psoc creator/import/gnu/arm/5.4.1/bin/../lib/gcc/arm-none-eabi/5.4.1/../../../../arm-none-eabi/lib/armv7-m\libg_nano.a(lib_a-nano-vfprintf_i.o)
                0x0000bedc                _printf_i
 .text.snprintf
                0x0000c128       0x64 c:/program files (x86)/cypress/psoc creator/4.4/psoc creator/import/gnu/arm/5.4.1/bin/../lib/gcc/arm-none-eabi/5.4.1/../../../../arm-none-eabi/lib/armv7-m\libg_nano.a(lib_a-snprintf.o)
                0x0000c128                sniprintf
                0x0000c128                snprintf
 .text          0x0000c18c       0x10 c:/program files (x86)/cypress/psoc creator/4.4/psoc creator/import/gnu/arm/5.4.1/bin/../lib/gcc/arm-none-eabi/5.4.1/../../../../arm-none-eabi/lib/armv7-m\libg_nano.a(lib_a-strlen.o)
                0x0000c18c                strlen
 .text.quorem   0x0000c19c      0x116 c:/program files (x86)/cypress/psoc creator/4.4/psoc creator/import/gnu/arm/5.4.1/bin/../lib/gcc/arm-none-eabi/5.4.1/../../../../arm-none-eabi/lib/armv7-m\libg_nano.a(lib_a-dtoa.o)
 *fill*         0x0000c2b2        0x6 
 .text._dtoa_r  0x0000c2b8      0xb30 c:/program files (x86)/cypress/psoc creator/4.4/psoc creator/import/gnu/arm/5.4.1/bin/../lib/gcc/arm-none-eabi/5.4.1/../../../../arm-none-eabi/lib/armv7-m\libg_nano.a(lib_a-dtoa.o)
                0x0000c2b8                _dtoa_r
 .text._localeconv_r
                0x0000cde8        0x8 c:/program files (x86)/cypress/psoc creator/4.4/psoc creator/import/gnu/arm/5.4.1/bin/../lib/gcc/arm-none-eabi/5.4.1/../../../../arm-none-eabi/lib/armv7-m\libg_nano.a(lib_a-locale.o)
                0x0000cde8                _localeconv_r
 .text.malloc   0x0000cdf0       0x10 c:/program files (x86)/cypress/psoc creator/4.4/psoc creator/import/gnu/arm/5.4.1/bin/../lib/gcc/arm-none-eabi/5.4.1/../../../../arm-none-eabi/lib/armv7-m\libg_nano.a(lib_a-malloc.o)
                0x0000cdf0                malloc
 .text.memchr   0x0000ce00       0x1c c:/program files (x86)/cypress/psoc creator/4.4/psoc creator/import/gnu/arm/5.4.1/bin/../lib/gcc/arm-none-eabi/5.4.1/../../../../arm-none-eabi/lib/armv7-m\libg_nano.a(lib_a-memchr-stub.o)
                0x0000ce00                memchr
 .text._Balloc  0x0000ce1c       0x6a c:/program files (x86)/cypress/psoc creator/4.4/psoc creator/import/gnu/arm/5.4.1/bin/../lib/gcc/arm-none-eabi/5.4.1/../../../../arm-none-eabi/lib/armv7-m\libg_nano.a(lib_a-mprec.o)
                0x0000ce1c                _Balloc
 .text._Bfree   0x0000ce86       0x2e c:/program files (x86)/cypress/psoc creator/4.4/psoc creator/import/gnu/arm/5.4.1/bin/../lib/gcc/arm-none-eabi/5.4.1/../../../../arm-none-eabi/lib/armv7-m\libg_nano.a(lib_a-mprec.o)
                0x0000ce86                _Bfree
 .text.__multadd
                0x0000ceb4       0x76 c:/program files (x86)/cypress/psoc creator/4.4/psoc creator/import/gnu/arm/5.4.1/bin/../lib/gcc/arm-none-eabi/5.4.1/../../../../arm-none-eabi/lib/armv7-m\libg_nano.a(lib_a-mprec.o)
                0x0000ceb4                __multadd
 .text.__hi0bits
                0x0000cf2a       0x40 c:/program files (x86)/cypress/psoc creator/4.4/psoc creator/import/gnu/arm/5.4.1/bin/../lib/gcc/arm-none-eabi/5.4.1/../../../../arm-none-eabi/lib/armv7-m\libg_nano.a(lib_a-mprec.o)
                0x0000cf2a                __hi0bits
 .text.__lo0bits
                0x0000cf6a       0x5a c:/program files (x86)/cypress/psoc creator/4.4/psoc creator/import/gnu/arm/5.4.1/bin/../lib/gcc/arm-none-eabi/5.4.1/../../../../arm-none-eabi/lib/armv7-m\libg_nano.a(lib_a-mprec.o)
                0x0000cf6a                __lo0bits
 .text.__i2b    0x0000cfc4       0x12 c:/program files (x86)/cypress/psoc creator/4.4/psoc creator/import/gnu/arm/5.4.1/bin/../lib/gcc/arm-none-eabi/5.4.1/../../../../arm-none-eabi/lib/armv7-m\libg_nano.a(lib_a-mprec.o)
                0x0000cfc4                __i2b
 .text.__multiply
                0x0000cfd6      0x120 c:/program files (x86)/cypress/psoc creator/4.4/psoc creator/import/gnu/arm/5.4.1/bin/../lib/gcc/arm-none-eabi/5.4.1/../../../../arm-none-eabi/lib/armv7-m\libg_nano.a(lib_a-mprec.o)
                0x0000cfd6                __multiply
 *fill*         0x0000d0f6        0x2 
 .text.__pow5mult
                0x0000d0f8       0x9c c:/program files (x86)/cypress/psoc creator/4.4/psoc creator/import/gnu/arm/5.4.1/bin/../lib/gcc/arm-none-eabi/5.4.1/../../../../arm-none-eabi/lib/armv7-m\libg_nano.a(lib_a-mprec.o)
                0x0000d0f8                __pow5mult
 .text.__lshift
                0x0000d194       0xa2 c:/program files (x86)/cypress/psoc creator/4.4/psoc creator/import/gnu/arm/5.4.1/bin/../lib/gcc/arm-none-eabi/5.4.1/../../../../arm-none-eabi/lib/armv7-m\libg_nano.a(lib_a-mprec.o)
                0x0000d194                __lshift
 .text.__mcmp   0x0000d236       0x38 c:/program files (x86)/cypress/psoc creator/4.4/psoc creator/import/gnu/arm/5.4.1/bin/../lib/gcc/arm-none-eabi/5.4.1/../../../../arm-none-eabi/lib/armv7-m\libg_nano.a(lib_a-mprec.o)
                0x0000d236                __mcmp
 .text.__mdiff  0x0000d26e       0xbe c:/program files (x86)/cypress/psoc creator/4.4/psoc creator/import/gnu/arm/5.4.1/bin/../lib/gcc/arm-none-eabi/5.4.1/../../../../arm-none-eabi/lib/armv7-m\libg_nano.a(lib_a-mprec.o)
                0x0000d26e                __mdiff
 .text.__d2b    0x0000d32c       0x9c c:/program files (x86)/cypress/psoc creator/4.4/psoc creator/import/gnu/arm/5.4.1/bin/../lib/gcc/arm-none-eabi/5.4.1/../../../../arm-none-eabi/lib/armv7-m\libg_nano.a(lib_a-mprec.o)
                0x0000d32c                __d2b
 .text._calloc_r
                0x0000d3c8       0x1c c:/program files (x86)/cypress/psoc creator/4.4/psoc creator/import/gnu/arm/5.4.1/bin/../lib/gcc/arm-none-eabi/5.4.1/../../../../arm-none-eabi/lib/armv7-m\libg_nano.a(lib_a-nano-callocr.o)
                0x0000d3c8                _calloc_r
 .text._free_r  0x0000d3e4       0x98 c:/program files (x86)/cypress/psoc creator/4.4/psoc creator/import/gnu/arm/5.4.1/bin/../lib/gcc/arm-none-eabi/5.4.1/../../../../arm-none-eabi/lib/armv7-m\libg_nano.a(lib_a-nano-freer.o)
                0x0000d3e4                _free_r
 .text._malloc_r
                0x0000d47c       0xbc c:/program files (x86)/cypress/psoc creator/4.4/psoc creator/import/gnu/arm/5.4.1/bin/../lib/gcc/arm-none-eabi/5.4.1/../../../../arm-none-eabi/lib/armv7-m\libg_nano.a(lib_a-nano-mallocr.o)
                0x0000d47c                _malloc_r
 .text.__ssputs_r
                0x0000d538       0xb2 c:/program files (x86)/cypress/psoc creator/4.4/psoc creator/import/gnu/arm/5.4.1/bin/../lib/gcc/arm-none-eabi/5.4.1/../../../../arm-none-eabi/lib/armv7-m\libg_nano.a(lib_a-nano-svfprintf.o)
                0x0000d538                __ssputs_r
 *fill*         0x0000d5ea        0x2 
 .text._svfprintf_r
                0x0000d5ec      0x1e8 c:/program files (x86)/cypress/psoc creator/4.4/psoc creator/import/gnu/arm/5.4.1/bin/../lib/gcc/arm-none-eabi/5.4.1/../../../../arm-none-eabi/lib/armv7-m\libg_nano.a(lib_a-nano-svfprintf.o)
                0x0000d5ec                _svfiprintf_r
                0x0000d5ec                _svfprintf_r
 .text._sbrk_r  0x0000d7d4       0x20 c:/program files (x86)/cypress/psoc creator/4.4/psoc creator/import/gnu/arm/5.4.1/bin/../lib/gcc/arm-none-eabi/5.4.1/../../../../arm-none-eabi/lib/armv7-m\libg_nano.a(lib_a-sbrkr.o)
                0x0000d7d4                _sbrk_r
 .text.memmove  0x0000d7f4       0x36 c:/program files (x86)/cypress/psoc creator/4.4/psoc creator/import/gnu/arm/5.4.1/bin/../lib/gcc/arm-none-eabi/5.4.1/../../../../arm-none-eabi/lib/armv7-m\libg_nano.a(lib_a-memmove.o)
                0x0000d7f4                memmove
 .text.__malloc_lock
                0x0000d82a        0x2 c:/program files (x86)/cypress/psoc creator/4.4/psoc creator/import/gnu/arm/5.4.1/bin/../lib/gcc/arm-none-eabi/5.4.1/../../../../arm-none-eabi/lib/armv7-m\libg_nano.a(lib_a-mlock.o)
                0x0000d82a                __malloc_lock
 .text.__malloc_unlock
                0x0000d82c        0x2 c:/program files (x86)/cypress/psoc creator/4.4/psoc creator/import/gnu/arm/5.4.1/bin/../lib/gcc/arm-none-eabi/5.4.1/../../../../arm-none-eabi/lib/armv7-m\libg_nano.a(lib_a-mlock.o)
                0x0000d82c                __malloc_unlock
 .text._realloc_r
                0x0000d82e       0x4c c:/program files (x86)/cypress/psoc creator/4.4/psoc creator/import/gnu/arm/5.4.1/bin/../lib/gcc/arm-none-eabi/5.4.1/../../../../arm-none-eabi/lib/armv7-m\libg_nano.a(lib_a-nano-reallocr.o)
                0x0000d82e                _realloc_r
 .text._malloc_usable_size_r
                0x0000d87a       0x14 c:/program files (x86)/cypress/psoc creator/4.4/psoc creator/import/gnu/arm/5.4.1/bin/../lib/gcc/arm-none-eabi/5.4.1/../../../../arm-none-eabi/lib/armv7-m\libg_nano.a(lib_a-nano-msizer.o)
                0x0000d87a                _malloc_usable_size_r
 *(.plt)
 *(.gnu.warning)
 *(.glue_7t)
 .glue_7t       0x0000d88e        0x0 linker stubs
 *(.glue_7)
 .glue_7        0x0000d88e        0x0 linker stubs
 *(.vfp11_veneer)
 .vfp11_veneer  0x0000d88e        0x0 linker stubs
 *(.bootloader)
 *(.ARM.extab* .gnu.linkonce.armextab.*)
 *(.gcc_except_table)

.v4_bx          0x0000d890        0x0
 .v4_bx         0x0000d890        0x0 linker stubs

.iplt           0x0000d890        0x0
 .iplt          0x0000d890        0x0 c:/program files (x86)/cypress/psoc creator/4.4/psoc creator/import/gnu/arm/5.4.1/bin/../lib/gcc/arm-none-eabi/5.4.1/armv7-m/crtbegin.o

.eh_frame_hdr
 *(.eh_frame_hdr)

.eh_frame       0x0000d890        0x4
 *(.eh_frame)
 .eh_frame      0x0000d890        0x0 c:/program files (x86)/cypress/psoc creator/4.4/psoc creator/import/gnu/arm/5.4.1/bin/../lib/gcc/arm-none-eabi/5.4.1/armv7-m/crtbegin.o
 .eh_frame      0x0000d890        0x4 c:/program files (x86)/cypress/psoc creator/4.4/psoc creator/import/gnu/arm/5.4.1/bin/../lib/gcc/arm-none-eabi/5.4.1/armv7-m/crtend.o
                [!provide]                PROVIDE (__exidx_start, .)

.ARM.exidx
 *(.ARM.exidx* .gnu.linkonce.armexidx.*)
                0x0000d894                __exidx_end = .

.rodata         0x0000d898      0xff8
 *(.rodata .rodata.* .gnu.linkonce.r.*)
 .rodata        0x0000d898      0x236 .\ARM_GCC_541\Debug\main.o
 *fill*         0x0000dace        0x2 
 .rodata        0x0000dad0      0x6c6 .\ARM_GCC_541\Debug\app_statemachine.o
 *fill*         0x0000e196        0x2 
 .rodata        0x0000e198      0x100 .\ARM_GCC_541\Debug\sbc_comms.o
 .rodata        0x0000e298        0x4 .\ARM_GCC_541\Debug\hamfly_core_telemetry.o
 .rodata        0x0000e29c       0x56 .\ARM_GCC_541\Debug\cyfitter_cfg.o
                0x0000e29c                AMux_1__addrTable
                0x0000e2ac                AMux_1__maskTable
                0x0000e2b0                ADC_DelSig_1_AMux__addrTable
                0x0000e2b8                ADC_DelSig_1_AMux__maskTable
 *fill*         0x0000e2f2        0x2 
 .rodata.str1.4
                0x0000e2f4        0x9 c:/program files (x86)/cypress/psoc creator/4.4/psoc creator/import/gnu/arm/5.4.1/bin/../lib/gcc/arm-none-eabi/5.4.1/../../../../arm-none-eabi/lib/armv7-m\libm.a(lib_a-wf_asin.o)
 *fill*         0x0000e2fd        0x3 
 .rodata.str1.4
                0x0000e300        0x8 c:/program files (x86)/cypress/psoc creator/4.4/psoc creator/import/gnu/arm/5.4.1/bin/../lib/gcc/arm-none-eabi/5.4.1/../../../../arm-none-eabi/lib/armv7-m\libm.a(lib_a-wf_sqrt.o)
                                  0x6 (size before relaxing)
 .rodata.npio2_hw
                0x0000e308       0x80 c:/program files (x86)/cypress/psoc creator/4.4/psoc creator/import/gnu/arm/5.4.1/bin/../lib/gcc/arm-none-eabi/5.4.1/../../../../arm-none-eabi/lib/armv7-m\libm.a(lib_a-ef_rem_pio2.o)
 .rodata.two_over_pi
                0x0000e388      0x318 c:/program files (x86)/cypress/psoc creator/4.4/psoc creator/import/gnu/arm/5.4.1/bin/../lib/gcc/arm-none-eabi/5.4.1/../../../../arm-none-eabi/lib/armv7-m\libm.a(lib_a-ef_rem_pio2.o)
 .rodata.init_jk
                0x0000e6a0        0xc c:/program files (x86)/cypress/psoc creator/4.4/psoc creator/import/gnu/arm/5.4.1/bin/../lib/gcc/arm-none-eabi/5.4.1/../../../../arm-none-eabi/lib/armv7-m\libm.a(lib_a-kf_rem_pio2.o)
 .rodata.PIo2   0x0000e6ac       0x2c c:/program files (x86)/cypress/psoc creator/4.4/psoc creator/import/gnu/arm/5.4.1/bin/../lib/gcc/arm-none-eabi/5.4.1/../../../../arm-none-eabi/lib/armv7-m\libm.a(lib_a-kf_rem_pio2.o)
 .rodata.atanlo
                0x0000e6d8       0x10 c:/program files (x86)/cypress/psoc creator/4.4/psoc creator/import/gnu/arm/5.4.1/bin/../lib/gcc/arm-none-eabi/5.4.1/../../../../arm-none-eabi/lib/armv7-m\libm.a(lib_a-sf_atan.o)
 .rodata.atanhi
                0x0000e6e8       0x10 c:/program files (x86)/cypress/psoc creator/4.4/psoc creator/import/gnu/arm/5.4.1/bin/../lib/gcc/arm-none-eabi/5.4.1/../../../../arm-none-eabi/lib/armv7-m\libm.a(lib_a-sf_atan.o)
 .rodata.str1.1
                0x0000e6f8        0x2 c:/program files (x86)/cypress/psoc creator/4.4/psoc creator/import/gnu/arm/5.4.1/bin/../lib/gcc/arm-none-eabi/5.4.1/../../../../arm-none-eabi/lib/armv7-m\libg_nano.a(lib_a-impure.o)
 .rodata.str1.1
                0x0000e6fa       0x12 c:/program files (x86)/cypress/psoc creator/4.4/psoc creator/import/gnu/arm/5.4.1/bin/../lib/gcc/arm-none-eabi/5.4.1/../../../../arm-none-eabi/lib/armv7-m\libg_nano.a(lib_a-nano-vfprintf_float.o)
 .rodata.str1.1
                0x0000e70c       0x22 c:/program files (x86)/cypress/psoc creator/4.4/psoc creator/import/gnu/arm/5.4.1/bin/../lib/gcc/arm-none-eabi/5.4.1/../../../../arm-none-eabi/lib/armv7-m\libg_nano.a(lib_a-nano-vfprintf_i.o)
 .rodata.str1.1
                0x0000e72e        0xd c:/program files (x86)/cypress/psoc creator/4.4/psoc creator/import/gnu/arm/5.4.1/bin/../lib/gcc/arm-none-eabi/5.4.1/../../../../arm-none-eabi/lib/armv7-m\libg_nano.a(lib_a-dtoa.o)
                                  0xf (size before relaxing)
 .rodata.str1.1
                0x0000e73b        0x8 c:/program files (x86)/cypress/psoc creator/4.4/psoc creator/import/gnu/arm/5.4.1/bin/../lib/gcc/arm-none-eabi/5.4.1/../../../../arm-none-eabi/lib/armv7-m\libg_nano.a(lib_a-locale.o)
                                  0xb (size before relaxing)
 *fill*         0x0000e743        0x5 
 .rodata.__mprec_tens
                0x0000e748       0xc8 c:/program files (x86)/cypress/psoc creator/4.4/psoc creator/import/gnu/arm/5.4.1/bin/../lib/gcc/arm-none-eabi/5.4.1/../../../../arm-none-eabi/lib/armv7-m\libg_nano.a(lib_a-mprec.o)
                0x0000e748                __mprec_tens
 .rodata.p05.5408
                0x0000e810        0xc c:/program files (x86)/cypress/psoc creator/4.4/psoc creator/import/gnu/arm/5.4.1/bin/../lib/gcc/arm-none-eabi/5.4.1/../../../../arm-none-eabi/lib/armv7-m\libg_nano.a(lib_a-mprec.o)
 *fill*         0x0000e81c        0x4 
 .rodata.__mprec_bigtens
                0x0000e820       0x28 c:/program files (x86)/cypress/psoc creator/4.4/psoc creator/import/gnu/arm/5.4.1/bin/../lib/gcc/arm-none-eabi/5.4.1/../../../../arm-none-eabi/lib/armv7-m\libg_nano.a(lib_a-mprec.o)
                0x0000e820                __mprec_bigtens
 .rodata.str1.1
                0x0000e848       0x11 c:/program files (x86)/cypress/psoc creator/4.4/psoc creator/import/gnu/arm/5.4.1/bin/../lib/gcc/arm-none-eabi/5.4.1/../../../../arm-none-eabi/lib/armv7-m\libg_nano.a(lib_a-nano-svfprintf.o)
                0x0000e85c                . = ALIGN (0x4)
 *fill*         0x0000e859        0x3 
 *(.init)
 .init          0x0000e85c        0x4 c:/program files (x86)/cypress/psoc creator/4.4/psoc creator/import/gnu/arm/5.4.1/bin/../lib/gcc/arm-none-eabi/5.4.1/armv7-m/crti.o
                0x0000e85c                _init
 .init          0x0000e860        0x8 c:/program files (x86)/cypress/psoc creator/4.4/psoc creator/import/gnu/arm/5.4.1/bin/../lib/gcc/arm-none-eabi/5.4.1/armv7-m/crtn.o
                0x0000e868                . = ALIGN (0x4)
                0x0000e868                __preinit_array_start = .
 *(.preinit_array)
                0x0000e868                __preinit_array_end = .
                0x0000e868                . = ALIGN (0x4)
                0x0000e868                __init_array_start = .
 *(SORT(.init_array.*))
 *(.init_array)
 .init_array    0x0000e868        0x4 c:/program files (x86)/cypress/psoc creator/4.4/psoc creator/import/gnu/arm/5.4.1/bin/../lib/gcc/arm-none-eabi/5.4.1/armv7-m/crtbegin.o
 .init_array    0x0000e86c        0x4 .\ARM_GCC_541\Debug\Cm3Start.o
                0x0000e870                __init_array_end = .
                0x0000e870                . = ALIGN (0x4)
 *(.fini)
 .fini          0x0000e870        0x4 c:/program files (x86)/cypress/psoc creator/4.4/psoc creator/import/gnu/arm/5.4.1/bin/../lib/gcc/arm-none-eabi/5.4.1/armv7-m/crti.o
                0x0000e870                _fini
 .fini          0x0000e874        0x8 c:/program files (x86)/cypress/psoc creator/4.4/psoc creator/import/gnu/arm/5.4.1/bin/../lib/gcc/arm-none-eabi/5.4.1/armv7-m/crtn.o
                0x0000e87c                . = ALIGN (0x4)
                0x0000e87c                __fini_array_start = .
 *(.fini_array)
 .fini_array    0x0000e87c        0x4 c:/program files (x86)/cypress/psoc creator/4.4/psoc creator/import/gnu/arm/5.4.1/bin/../lib/gcc/arm-none-eabi/5.4.1/armv7-m/crtbegin.o
 *(SORT(.fini_array.*))
                0x0000e880                __fini_array_end = .
                0x0000e880                . = ALIGN (0x4)
 *crtbegin.o(.ctors)
 *(EXCLUDE_FILE(*crtend.o) .ctors)
 *(SORT(.ctors.*))
 *crtend.o(.ctors)
                0x0000e880                . = ALIGN (0x4)
 *crtbegin.o(.dtors)
 *(EXCLUDE_FILE(*crtend.o) .dtors)
 *(SORT(.dtors.*))
 *crtend.o(.dtors)
                0x0000e880                . = ALIGN (0x4)
                0x0000e880                __cy_regions = .
                0x0000e880        0x4 LONG 0xe890 __cy_region_init_ram
                0x0000e884        0x4 LONG 0x1fff80c8 __cy_region_start_data
                0x0000e888        0x4 LONG 0x170 __cy_region_init_size_ram
                0x0000e88c        0x4 LONG 0x568 __cy_region_zero_size_ram
                0x0000e890                __cy_regions_end = .
                0x0000e890                . = ALIGN (0x8)
                0x0000e890                _etext = .

.cy_checksum_exclude
                0x0000e890        0x0
 *(.cy_checksum_exclude)

.ramvectors     0x1fff8000       0xc0
                0x1fff8000                __cy_region_start_ram = .
 *(.ramvectors)
 .ramvectors    0x1fff8000       0xc0 .\ARM_GCC_541\Debug\Cm3Start.o
                0x1fff8000                CyRamVectors

.noinit         0x1fff80c0        0x5
 *(.noinit)
 .noinit        0x1fff80c0        0x4 .\ARM_GCC_541\Debug\Cm3Start.o
 .noinit        0x1fff80c4        0x1 .\ARM_GCC_541\Debug\Proj07_hamflyAPI_stateMachineUpgrade.a(CyLib.o)
                0x1fff80c4                CyResetStatus

.data           0x1fff80c8      0x170 load address 0x0000e890
                0x1fff80c8                __cy_region_start_data = .
 *(.jcr)
 .jcr           0x1fff80c8        0x0 c:/program files (x86)/cypress/psoc creator/4.4/psoc creator/import/gnu/arm/5.4.1/bin/../lib/gcc/arm-none-eabi/5.4.1/armv7-m/crtbegin.o
 .jcr           0x1fff80c8        0x4 c:/program files (x86)/cypress/psoc creator/4.4/psoc creator/import/gnu/arm/5.4.1/bin/../lib/gcc/arm-none-eabi/5.4.1/armv7-m/crtend.o
 *(.got.plt)
 *(.got)
 *(.shdata)
 *(.data .data.* .gnu.linkonce.d.*)
 .data          0x1fff80cc        0x4 .\ARM_GCC_541\Debug\joystick.o
 .data          0x1fff80d0        0x8 .\ARM_GCC_541\Debug\app_statemachine.o
 .data          0x1fff80d8       0x30 .\ARM_GCC_541\Debug\telemetry.o
 .data          0x1fff8108       0x74 .\ARM_GCC_541\Debug\hamfly_qx_app.o
                0x1fff8108                FreeflyAPI
 .data          0x1fff817c        0x4 .\ARM_GCC_541\Debug\Cm3Start.o
 .data          0x1fff8180        0x1 .\ARM_GCC_541\Debug\Proj07_hamflyAPI_stateMachineUpgrade.a(ADC_DelSig_1.o)
                0x1fff8180                ADC_DelSig_1_Config
 .data          0x1fff8181        0x1 .\ARM_GCC_541\Debug\Proj07_hamflyAPI_stateMachineUpgrade.a(AMux_1.o)
 .data          0x1fff8182        0x1 .\ARM_GCC_541\Debug\Proj07_hamflyAPI_stateMachineUpgrade.a(ADC_DelSig_1_AMux.o)
 *fill*         0x1fff8183        0x1 
 .data          0x1fff8184       0x10 .\ARM_GCC_541\Debug\Proj07_hamflyAPI_stateMachineUpgrade.a(CyLib.o)
                0x1fff8184                cydelay_freq_hz
                0x1fff8188                cydelay_freq_khz
                0x1fff818c                cydelay_freq_mhz
                0x1fff8190                cydelay_32k_ms
 .data.__fdlib_version
                0x1fff8194        0x1 c:/program files (x86)/cypress/psoc creator/4.4/psoc creator/import/gnu/arm/5.4.1/bin/../lib/gcc/arm-none-eabi/5.4.1/../../../../arm-none-eabi/lib/armv7-m\libm.a(lib_a-s_lib_ver.o)
                0x1fff8194                __fdlib_version
 *fill*         0x1fff8195        0x3 
 .data.impure_data
                0x1fff8198       0x60 c:/program files (x86)/cypress/psoc creator/4.4/psoc creator/import/gnu/arm/5.4.1/bin/../lib/gcc/arm-none-eabi/5.4.1/../../../../arm-none-eabi/lib/armv7-m\libg_nano.a(lib_a-impure.o)
 .data._impure_ptr
                0x1fff81f8        0x4 c:/program files (x86)/cypress/psoc creator/4.4/psoc creator/import/gnu/arm/5.4.1/bin/../lib/gcc/arm-none-eabi/5.4.1/../../../../arm-none-eabi/lib/armv7-m\libg_nano.a(lib_a-impure.o)
                0x1fff81f8                _impure_ptr
 .data.lconv    0x1fff81fc       0x38 c:/program files (x86)/cypress/psoc creator/4.4/psoc creator/import/gnu/arm/5.4.1/bin/../lib/gcc/arm-none-eabi/5.4.1/../../../../arm-none-eabi/lib/armv7-m\libg_nano.a(lib_a-locale.o)
                0x1fff8238                . = ALIGN (0x8)
 *fill*         0x1fff8234        0x4 
 *(.ram)
                0x1fff8238                _edata = .

.igot.plt       0x1fff8238        0x0 load address 0x0000ea00
 .igot.plt      0x1fff8238        0x0 c:/program files (x86)/cypress/psoc creator/4.4/psoc creator/import/gnu/arm/5.4.1/bin/../lib/gcc/arm-none-eabi/5.4.1/armv7-m/crtbegin.o

.bss            0x1fff8238      0x568 load address 0x0000ea00
                0x1fff8238                PROVIDE (__bss_start__, .)
 *(.shbss)
 *(.bss .bss.* .gnu.linkonce.b.*)
 .bss           0x1fff8238       0x1c c:/program files (x86)/cypress/psoc creator/4.4/psoc creator/import/gnu/arm/5.4.1/bin/../lib/gcc/arm-none-eabi/5.4.1/armv7-m/crtbegin.o
 .bss           0x1fff8254      0x384 .\ARM_GCC_541\Debug\main.o
                0x1fff85d4                g_tick_ms
 .bss           0x1fff85d8        0x8 .\ARM_GCC_541\Debug\adc_balanced.o
 .bss           0x1fff85e0       0x42 .\ARM_GCC_541\Debug\joystick.o
 *fill*         0x1fff8622        0x2 
 .bss           0x1fff8624        0xc .\ARM_GCC_541\Debug\app_statemachine.o
 .bss           0x1fff8630       0x89 .\ARM_GCC_541\Debug\sbc_comms.o
 *fill*         0x1fff86b9        0x3 
 .bss           0x1fff86bc        0x4 .\ARM_GCC_541\Debug\hamfly_qx_app.o
                0x1fff86bc                qx_active_gimbal_ptr
 .bss           0x1fff86c0        0x9 .\ARM_GCC_541\Debug\hamfly_qx_protocol.o
                0x1fff86c0                QX_BuildHeader_Legacy
                0x1fff86c4                QX_ParseHeader_Legacy
 *fill*         0x1fff86c9        0x3 
 .bss           0x1fff86cc        0xc .\ARM_GCC_541\Debug\Proj07_hamflyAPI_stateMachineUpgrade.a(ADC_DelSig_1.o)
                0x1fff86cc                ADC_DelSig_1_convDone
                0x1fff86cd                ADC_DelSig_1_stopConversion
                0x1fff86ce                ADC_DelSig_1_initVar
                0x1fff86cf                ADC_DelSig_1_started
                0x1fff86d0                ADC_DelSig_1_Offset
 .bss           0x1fff86d8        0x2 .\ARM_GCC_541\Debug\Proj07_hamflyAPI_stateMachineUpgrade.a(UART_MOVI.o)
                0x1fff86d8                UART_MOVI_initVar
 .bss           0x1fff86da        0x1 .\ARM_GCC_541\Debug\Proj07_hamflyAPI_stateMachineUpgrade.a(Looptimer.o)
                0x1fff86da                Looptimer_initVar
 *fill*         0x1fff86db        0x1 
 .bss           0x1fff86dc        0x8 .\ARM_GCC_541\Debug\Proj07_hamflyAPI_stateMachineUpgrade.a(CySpc.o)
                0x1fff86dc                SpcLockState
 .bss           0x1fff86e4        0x2 .\ARM_GCC_541\Debug\Proj07_hamflyAPI_stateMachineUpgrade.a(UART_DEBUG.o)
                0x1fff86e4                UART_DEBUG_initVar
 .bss           0x1fff86e6        0x2 .\ARM_GCC_541\Debug\Proj07_hamflyAPI_stateMachineUpgrade.a(UART_SBC.o)
                0x1fff86e6                UART_SBC_initVar
 .bss.__malloc_sbrk_start
                0x1fff86e8        0x4 c:/program files (x86)/cypress/psoc creator/4.4/psoc creator/import/gnu/arm/5.4.1/bin/../lib/gcc/arm-none-eabi/5.4.1/../../../../arm-none-eabi/lib/armv7-m\libg_nano.a(lib_a-nano-mallocr.o)
                0x1fff86e8                __malloc_sbrk_start
 .bss.__malloc_free_list
                0x1fff86ec        0x4 c:/program files (x86)/cypress/psoc creator/4.4/psoc creator/import/gnu/arm/5.4.1/bin/../lib/gcc/arm-none-eabi/5.4.1/../../../../arm-none-eabi/lib/armv7-m\libg_nano.a(lib_a-nano-mallocr.o)
                0x1fff86ec                __malloc_free_list
 *(COMMON)
 COMMON         0x1fff86f0       0xa4 .\ARM_GCC_541\Debug\hamfly_qx_protocol.o
                0x1fff86f0                rw
                0x1fff86f4                QX_Clients
                0x1fff86fc                QX_CommsPorts
                0x1fff8788                QX_Servers
                0x1fff8790                msgPtr
 COMMON         0x1fff8794        0x4 .\ARM_GCC_541\Debug\Proj07_hamflyAPI_stateMachineUpgrade.a(ADC_DelSig_1.o)
                0x1fff8794                ADC_DelSig_1_CountsPerVolt
 COMMON         0x1fff8798        0x2 .\ARM_GCC_541\Debug\Proj07_hamflyAPI_stateMachineUpgrade.a(CyFlash.o)
                0x1fff8798                dieTemperature
 *fill*         0x1fff879a        0x2 
 COMMON         0x1fff879c        0x4 c:/program files (x86)/cypress/psoc creator/4.4/psoc creator/import/gnu/arm/5.4.1/bin/../lib/gcc/arm-none-eabi/5.4.1/../../../../arm-none-eabi/lib/armv7-m\libg_nano.a(lib_a-reent.o)
                0x1fff879c                errno
                0x1fff87a0                . = ALIGN (0x8)
 *(.ram.b)
                0x1fff87a0                _end = .
                0x1fff87a0                __end = .
                0x1fff87a0                PROVIDE (end, .)
                0x1fff87a0                PROVIDE (__bss_end__, .)
                0x0000e890                __cy_region_init_ram = LOADADDR (.data)
                0x00000170                __cy_region_init_size_ram = (_edata - ADDR (.data))
                0x00000568                __cy_region_zero_size_ram = (_end - _edata)

.heap           0x1fff87a0       0x80 load address 0x0000ea00
                0x1fff87a0                . = _end
                0x1fff8820                . = (. + 0x80)
 *fill*         0x1fff87a0       0x80 
                0x1fff8820                __cy_heap_limit = .

.stack          0x20007800      0x800
                0x20007800                __cy_stack_limit = .
                0x20008000                . = (. + 0x800)
 *fill*         0x20007800      0x800 
                0x00000001                ASSERT ((__cy_stack_limit >= __cy_heap_limit), region RAM overflowed with stack)
                0x00000000                cy_checksum_exclude_size = (CY_APPL_LOADABLE == 0x1)?SIZEOF (.cy_checksum_exclude):0x0
                0x00000001                ASSERT ((cy_checksum_exclude_size <= CY_CHECKSUM_EXCLUDE_SIZE), CY_BOOT: Section .cy_checksum_exclude size exceedes specified limit.)

.cyloadermeta
 *(.cyloadermeta)

.cyloadablemeta
 *(.cyloadablemeta)

.cyconfigecc    0x80000000      0x960
 *(.cyconfigecc)
 .cyconfigecc   0x80000000      0x960 .\ARM_GCC_541\Debug\cymetadata.o
                0x80000000                cy_meta_configecc

.cycustnvl      0x90000000        0x4
 *(.cycustnvl)
 .cycustnvl     0x90000000        0x4 .\ARM_GCC_541\Debug\cymetadata.o
                0x90000000                cy_meta_custnvl

.cywolatch      0x90100000        0x4
 *(.cywolatch)
 .cywolatch     0x90100000        0x4 .\ARM_GCC_541\Debug\cymetadata.o
                0x90100000                cy_meta_wonvl

.cyeeprom       0x90200000        0x0
 *(.cyeeprom)
                0x00000001                ASSERT ((. <= ((0x90200000 + ee_offset) + ee_size)), .cyeeprom data will not fit in EEPROM)

.cyflashprotect
                0x90400000      0x100
 *(.cyflashprotect)
 .cyflashprotect
                0x90400000      0x100 .\ARM_GCC_541\Debug\cymetadata.o
                0x90400000                cy_meta_flashprotect

.cymeta         0x90500000        0xc
 *(.cymeta)
 .cymeta        0x90500000        0xc .\ARM_GCC_541\Debug\cymetadata.o
                0x90500000                cy_metadata

.rel.dyn        0x0000ea00        0x0 load address 0x9050000c
 .rel.iplt      0x0000ea00        0x0 c:/program files (x86)/cypress/psoc creator/4.4/psoc creator/import/gnu/arm/5.4.1/bin/../lib/gcc/arm-none-eabi/5.4.1/armv7-m/crtbegin.o

.stab
 *(.stab)

.stabstr
 *(.stabstr)

.debug
 *(.debug)

.line
 *(.line)

.debug_srcinfo
 *(.debug_srcinfo)

.debug_sfnames
 *(.debug_sfnames)

.debug_aranges  0x00000000     0x1750
 *(.debug_aranges)
 .debug_aranges
                0x00000000       0x68 .\ARM_GCC_541\Debug\main.o
 .debug_aranges
                0x00000068       0x40 .\ARM_GCC_541\Debug\adc_balanced.o
 .debug_aranges
                0x000000a8       0xb0 .\ARM_GCC_541\Debug\joystick.o
 .debug_aranges
                0x00000158       0x58 .\ARM_GCC_541\Debug\psoc_eeprom.o