Archive member included to satisfy reference by file (symbol)

.\ARM_GCC_541\Debug\Proj07_hamflyAPI_stateMachineUpgrade.a(ADC_DelSig_1.o)
                              .\ARM_GCC_541\Debug\adc_balanced.o (ADC_DelSig_1_Start)
.\ARM_GCC_541\Debug\Proj07_hamflyAPI_stateMachineUpgrade.a(ADC_DelSig_1_INT.o)
                              .\ARM_GCC_541\Debug\Proj07_hamflyAPI_stateMachineUpgrade.a(ADC_DelSig_1.o) (ADC_DelSig_1_ISR1)
.\ARM_GCC_541\Debug\Proj07_hamflyAPI_stateMachineUpgrade.a(UART_1.o)
                              .\ARM_GCC_541\Debug\main.o (UART_1_Start)
.\ARM_GCC_541\Debug\Proj07_hamflyAPI_stateMachineUpgrade.a(AMux_1.o)
                              .\ARM_GCC_541\Debug\adc_balanced.o (AMux_1_Start)
.\ARM_GCC_541\Debug\Proj07_hamflyAPI_stateMachineUpgrade.a(isr_adc.o)
                              .\ARM_GCC_541\Debug\adc_balanced.o (isr_adc_StartEx)
.\ARM_GCC_541\Debug\Proj07_hamflyAPI_stateMachineUpgrade.a(UART_MOVI.o)
                              .\ARM_GCC_541\Debug\main.o (UART_MOVI_Start)
.\ARM_GCC_541\Debug\Proj07_hamflyAPI_stateMachineUpgrade.a(isr_rx_movi.o)
                              .\ARM_GCC_541\Debug\main.o (isr_rx_movi_StartEx)
.\ARM_GCC_541\Debug\Proj07_hamflyAPI_stateMachineUpgrade.a(Looptimer.o)
                              .\ARM_GCC_541\Debug\main.o (Looptimer_Start)
.\ARM_GCC_541\Debug\Proj07_hamflyAPI_stateMachineUpgrade.a(isr_Looptimer.o)
                              .\ARM_GCC_541\Debug\main.o (isr_Looptimer_StartEx)
.\ARM_GCC_541\Debug\Proj07_hamflyAPI_stateMachineUpgrade.a(EEPROM_CONFIG.o)
                              .\ARM_GCC_541\Debug\psoc_eeprom.o (EEPROM_CONFIG_Start)
.\ARM_GCC_541\Debug\Proj07_hamflyAPI_stateMachineUpgrade.a(ADC_DelSig_1_AMux.o)
                              .\ARM_GCC_541\Debug\Proj07_hamflyAPI_stateMachineUpgrade.a(ADC_DelSig_1.o) (ADC_DelSig_1_AMux_Select)
.\ARM_GCC_541\Debug\Proj07_hamflyAPI_stateMachineUpgrade.a(ADC_DelSig_1_Ext_CP_Clk.o)
                              .\ARM_GCC_541\Debug\Proj07_hamflyAPI_stateMachineUpgrade.a(ADC_DelSig_1.o) (ADC_DelSig_1_Ext_CP_Clk_SetDividerRegister)
.\ARM_GCC_541\Debug\Proj07_hamflyAPI_stateMachineUpgrade.a(ADC_DelSig_1_theACLK.o)
                              .\ARM_GCC_541\Debug\Proj07_hamflyAPI_stateMachineUpgrade.a(ADC_DelSig_1.o) (ADC_DelSig_1_theACLK_SetDividerRegister)
.\ARM_GCC_541\Debug\Proj07_hamflyAPI_stateMachineUpgrade.a(UART_1_IntClock.o)
                              .\ARM_GCC_541\Debug\Proj07_hamflyAPI_stateMachineUpgrade.a(UART_1.o) (UART_1_IntClock_Start)
.\ARM_GCC_541\Debug\Proj07_hamflyAPI_stateMachineUpgrade.a(CyFlash.o)
                              .\ARM_GCC_541\Debug\Proj07_hamflyAPI_stateMachineUpgrade.a(EEPROM_CONFIG.o) (dieTemperature)
.\ARM_GCC_541\Debug\Proj07_hamflyAPI_stateMachineUpgrade.a(CyLib.o)
                              .\ARM_GCC_541\Debug\Cm3Start.o (CyResetStatus)
.\ARM_GCC_541\Debug\Proj07_hamflyAPI_stateMachineUpgrade.a(cyPm.o)
                              .\ARM_GCC_541\Debug\Proj07_hamflyAPI_stateMachineUpgrade.a(CyLib.o) (CyPmReadStatus)
.\ARM_GCC_541\Debug\Proj07_hamflyAPI_stateMachineUpgrade.a(CySpc.o)
                              .\ARM_GCC_541\Debug\Proj07_hamflyAPI_stateMachineUpgrade.a(EEPROM_CONFIG.o) (CySpcStart)
.\ARM_GCC_541\Debug\Proj07_hamflyAPI_stateMachineUpgrade.a(CyBootAsmGnu.o)
                              .\ARM_GCC_541\Debug\cyfitter_cfg.o (CyDelayCycles)
c:/program files (x86)/cypress/psoc creator/4.4/psoc creator/import/gnu/arm/5.4.1/bin/../lib/gcc/arm-none-eabi/5.4.1/../../../../arm-none-eabi/lib/armv7-m\libm.a(lib_a-s_cos.o)
                              .\ARM_GCC_541\Debug\hamfly_core_gimbal.o (cos)
c:/program files (x86)/cypress/psoc creator/4.4/psoc creator/import/gnu/arm/5.4.1/bin/../lib/gcc/arm-none-eabi/5.4.1/../../../../arm-none-eabi/lib/armv7-m\libm.a(lib_a-w_atan2.o)
                              .\ARM_GCC_541\Debug\hamfly_core_gimbal.o (atan2)
c:/program files (x86)/cypress/psoc creator/4.4/psoc creator/import/gnu/arm/5.4.1/bin/../lib/gcc/arm-none-eabi/5.4.1/../../../../arm-none-eabi/lib/armv7-m\libm.a(lib_a-w_sqrt.o)
                              .\ARM_GCC_541\Debug\hamfly_core_gimbal.o (sqrt)
c:/program files (x86)/cypress/psoc creator/4.4/psoc creator/import/gnu/arm/5.4.1/bin/../lib/gcc/arm-none-eabi/5.4.1/../../../../arm-none-eabi/lib/armv7-m\libm.a(lib_a-wf_asin.o)
                              .\ARM_GCC_541\Debug\main.o (asinf)
c:/program files (x86)/cypress/psoc creator/4.4/psoc creator/import/gnu/arm/5.4.1/bin/../lib/gcc/arm-none-eabi/5.4.1/../../../../arm-none-eabi/lib/armv7-m\libm.a(lib_a-wf_atan2.o)
                              .\ARM_GCC_541\Debug\main.o (atan2f)
c:/program files (x86)/cypress/psoc creator/4.4/psoc creator/import/gnu/arm/5.4.1/bin/../lib/gcc/arm-none-eabi/5.4.1/../../../../arm-none-eabi/lib/armv7-m\libm.a(lib_a-e_atan2.o)
[...]
Memory Configuration

Name             Origin             Length             Attributes
rom              0x00000000         0x00040000         xr
ram              0x1fff8000         0x00010000         xrw
*default*        0x00000000         0xffffffff

Linker script and memory map

LOAD c:/program files (x86)/cypress/psoc creator/4.4/psoc creator/import/gnu/arm/5.4.1/bin/../lib/gcc/arm-none-eabi/5.4.1/armv7-m/crti.o
LOAD c:/program files (x86)/cypress/psoc creator/4.4/psoc creator/import/gnu/arm/5.4.1/bin/../lib/gcc/arm-none-eabi/5.4.1/armv7-m/crtbegin.o
LOAD c:/program files (x86)/cypress/psoc creator/4.4/psoc creator/import/gnu/arm/5.4.1/bin/../lib/gcc/arm-none-eabi/5.4.1/../../../../arm-none-eabi/lib/armv7-m/crt0.o
START GROUP
LOAD .\ARM_GCC_541\Debug\main.o
LOAD .\ARM_GCC_541\Debug\adc_balanced.o
LOAD .\ARM_GCC_541\Debug\joystick.o
LOAD .\ARM_GCC_541\Debug\psoc_eeprom.o
LOAD .\ARM_GCC_541\Debug\app_ctx.o
LOAD .\ARM_GCC_541\Debug\app_statemachine.o
LOAD .\ARM_GCC_541\Debug\hamfly_comm_rb.o
LOAD .\ARM_GCC_541\Debug\hamfly_comm_txbuf.o
LOAD .\ARM_GCC_541\Debug\hamfly_core_gimbal.o
LOAD .\ARM_GCC_541\Debug\hamfly_core_telemetry.o
LOAD .\ARM_GCC_541\Debug\hamfly_qx_app.o
LOAD .\ARM_GCC_541\Debug\hamfly_qx_protocol.o
LOAD .\ARM_GCC_541\Debug\cyfitter_cfg.o
LOAD .\ARM_GCC_541\Debug\cymetadata.o
LOAD .\ARM_GCC_541\Debug\Cm3Start.o
LOAD .\ARM_GCC_541\Debug\Proj07_hamflyAPI_stateMachineUpgrade.a
LOAD C:\Program Files (x86)\Cypress\PSoC Creator\4.4\PSoC Creator\psoc\content\cycomponentlibrary\CyComponentLibrary.cylib\CortexM3\ARM_GCC_541\Debug\CyComponentLibrary.a
LOAD c:/program files (x86)/cypress/psoc creator/4.4/psoc creator/import/gnu/arm/5.4.1/bin/../lib/gcc/arm-none-eabi/5.4.1/../../../../arm-none-eabi/lib/armv7-m\libm.a
END GROUP
START GROUP
LOAD c:/program files (x86)/cypress/psoc creator/4.4/psoc creator/import/gnu/arm/5.4.1/bin/../lib/gcc/arm-none-eabi/5.4.1/armv7-m\libgcc.a
LOAD c:/program files (x86)/cypress/psoc creator/4.4/psoc creator/import/gnu/arm/5.4.1/bin/../lib/gcc/arm-none-eabi/5.4.1/../../../../arm-none-eabi/lib/armv7-m\libg_nano.a
LOAD c:/program files (x86)/cypress/psoc creator/4.4/psoc creator/import/gnu/arm/5.4.1/bin/../lib/gcc/arm-none-eabi/5.4.1/../../../../arm-none-eabi/lib/armv7-m\libc_nano.a
END GROUP
START GROUP
LOAD c:/program files (x86)/cypress/psoc creator/4.4/psoc creator/import/gnu/arm/5.4.1/bin/../lib/gcc/arm-none-eabi/5.4.1/armv7-m\libgcc.a
LOAD c:/program files (x86)/cypress/psoc creator/4.4/psoc creator/import/gnu/arm/5.4.1/bin/../lib/gcc/arm-none-eabi/5.4.1/../../../../arm-none-eabi/lib/armv7-m\libc_nano.a
END GROUP
LOAD c:/program files (x86)/cypress/psoc creator/4.4/psoc creator/import/gnu/arm/5.4.1/bin/../lib/gcc/arm-none-eabi/5.4.1/armv7-m/crtend.o
LOAD c:/program files (x86)/cypress/psoc creator/4.4/psoc creator/import/gnu/arm/5.4.1/bin/../lib/gcc/arm-none-eabi/5.4.1/armv7-m/crtn.o
START GROUP
LOAD c:/program files (x86)/cypress/psoc creator/4.4/psoc creator/import/gnu/arm/5.4.1/bin/../lib/gcc/arm-none-eabi/5.4.1/armv7-m\libgcc.a
LOAD c:/program files (x86)/cypress/psoc creator/4.4/psoc creator/import/gnu/arm/5.4.1/bin/../lib/gcc/arm-none-eabi/5.4.1/../../../../arm-none-eabi/lib/armv7-m\libc.a
LOAD c:/program files (x86)/cypress/psoc creator/4.4/psoc creator/import/gnu/arm/5.4.1/bin/../lib/gcc/arm-none-eabi/5.4.1/../../../../arm-none-eabi/lib/armv7-m\libnosys.a
END GROUP
                0x00000000                CY_APPL_ORIGIN = 0x0
                0x00000100                CY_FLASH_ROW_SIZE = 0x100
                0x00000020                CY_ECC_ROW_SIZE = 0x20
                0x00000000                CY_EE_IN_BTLDR = 0x0
                0x00000000                CY_APPL_LOADABLE = 0x0
                0x00000800                CY_EE_SIZE = 0x800
                0x00000001                CY_APPL_NUM = 0x1
                0x00000001                CY_APPL_MAX = 0x1
                0x00000040                CY_METADATA_SIZE = 0x40
                0x00000000                CY_APPL_LOADABLE = 0x0
                0x00000000                CY_CHECKSUM_EXCLUDE_SIZE = ALIGN (0x0, CY_FLASH_ROW_SIZE)
                [!provide]                PROVIDE (__cy_heap_start, _end)
                0x00000001                PROVIDE (__cy_region_num, ((__cy_regions_end - __cy_regions) / 0x10))
                0x20008000                PROVIDE (__cy_stack, (ORIGIN (ram) + LENGTH (ram)))
                [!provide]                PROVIDE (__cy_heap_end, (__cy_stack - 0x800))

.cybootloader   0x00000000        0x0
 *(.cybootloader)
                0x00000000                appl1_start = CY_APPL_ORIGIN?CY_APPL_ORIGIN:ALIGN (CY_FLASH_ROW_SIZE)
                0x0001ff00                appl2_start = (appl1_start + ALIGN ((((LENGTH (rom) - appl1_start) - (0x2 * CY_FLASH_ROW_SIZE)) / 0x2), CY_FLASH_ROW_SIZE))
                0x00000000                appl_start = (CY_APPL_NUM == 0x1)?appl1_start:appl2_start
                0x00000000                ecc_offset = ((appl_start / CY_FLASH_ROW_SIZE) * CY_ECC_ROW_SIZE)
                0x00000000                ee_offset = (CY_APPL_LOADABLE && ! (CY_EE_IN_BTLDR))?((CY_EE_SIZE / CY_APPL_MAX) * (CY_APPL_NUM - 0x1)):0x0
                0x00000800                ee_size = (CY_APPL_LOADABLE && ! (CY_EE_IN_BTLDR))?(CY_EE_SIZE / CY_APPL_MAX):CY_EE_SIZE
                [!provide]                PROVIDE (CY_ECC_OFFSET, ecc_offset)

.text           0x00000000     0x9cfe
 CREATE_OBJECT_SYMBOLS
                0x00000000                PROVIDE (__cy_interrupt_vector, RomVectors)
 *(.romvectors)
 .romvectors    0x00000000       0x10 .\ARM_GCC_541\Debug\Cm3Start.o
                0x00000000                RomVectors
                0x00000001                ASSERT ((. != __cy_interrupt_vector), No interrupt vector)
                0x00000001                ASSERT (CY_APPL_ORIGIN?(SIZEOF (.cybootloader) <= CY_APPL_ORIGIN):0x1, Wrong image location)
                0x00000010                PROVIDE (__cy_reset, Reset)
 *(.text.Reset)
 .text.Reset    0x00000010       0x18 .\ARM_GCC_541\Debug\Cm3Start.o
                0x00000010                Reset
                0x00000001                ASSERT ((. != __cy_reset), No reset code)
 *(.dma_init)
                0x00000001                ASSERT ((((appl_start + .) <= 0x10000) || 0x1), DMA Init must be within the first 64k of flash)
 *(.text .text.* .gnu.linkonce.t.*)
 .text          0x00000028       0x5c c:/program files (x86)/cypress/psoc creator/4.4/psoc creator/import/gnu/arm/5.4.1/bin/../lib/gcc/arm-none-eabi/5.4.1/armv7-m/crtbegin.o
 .text._hamfly_psoc5_putc
                0x00000084       0x1c .\ARM_GCC_541\Debug\main.o
 .text.psoc_get_tick
                0x000000a0       0x1c .\ARM_GCC_541\Debug\main.o
 .text.isr_rx_movi_Handler
                0x000000bc       0x58 .\ARM_GCC_541\Debug\main.o
                0x000000bc                isr_rx_movi_Handler
 .text.isr_Looptimer_Handler
                0x00000114       0x1c .\ARM_GCC_541\Debug\main.o
                0x00000114                isr_Looptimer_Handler
 .text.get_euler_deg
                0x00000130      0x188 .\ARM_GCC_541\Debug\main.o
                0x00000130                get_euler_deg
 .text.mode_str
                0x000002b8       0x38 .\ARM_GCC_541\Debug\main.o
 .text.main     0x000002f0      0x410 .\ARM_GCC_541\Debug\main.o
                0x000002f0                main
 .text.isr_adc_Handler
                0x00000700       0x18 .\ARM_GCC_541\Debug\adc_balanced.o
                0x00000700                isr_adc_Handler
 .text.adc_balanced_init
                0x00000718       0x6c .\ARM_GCC_541\Debug\adc_balanced.o
                0x00000718                adc_balanced_init
 .text.adc_balanced_advance_on_eoc
                0x00000784       0x64 .\ARM_GCC_541\Debug\adc_balanced.o
 .text.adc_balanced_poll_frame
                0x000007e8       0x6c .\ARM_GCC_541\Debug\adc_balanced.o
                0x000007e8                adc_balanced_poll_frame
 .text.joystick_set_sensitivity
                0x00000854       0x48 .\ARM_GCC_541\Debug\joystick.o
                0x00000854                joystick_set_sensitivity
 .text.normalize_axis
                0x0000089c       0xd0 .\ARM_GCC_541\Debug\joystick.o
 .text.apply_deadband
                0x0000096c       0x90 .\ARM_GCC_541\Debug\joystick.o
 .text.joystick_validate
                0x000009fc       0x94 .\ARM_GCC_541\Debug\joystick.o
                0x000009fc                joystick_validate
 .text.cal_begin_range_capture
                0x00000a90       0x84 .\ARM_GCC_541\Debug\joystick.o
 .text.cal_update_ranges
                0x00000b14       0x98 .\ARM_GCC_541\Debug\joystick.o
 .text.cal_start_center_capture
                0x00000bac       0x44 .\ARM_GCC_541\Debug\joystick.o
 .text.cal_center_capture_update
                0x00000bf0       0xa8 .\ARM_GCC_541\Debug\joystick.o
 .text.cal_save_or_restart
                0x00000c98       0x44 .\ARM_GCC_541\Debug\joystick.o
 .text.joystick_init
                0x00000cdc       0xa4 .\ARM_GCC_541\Debug\joystick.o
                0x00000cdc                joystick_init
 .text.joystick_on_sample
                0x00000d80       0x48 .\ARM_GCC_541\Debug\joystick.o
                0x00000d80                joystick_on_sample
 .text.joystick_on_key
                0x00000dc8       0x70 .\ARM_GCC_541\Debug\joystick.o
                0x00000dc8                joystick_on_key
 .text.joystick_cal_state
                0x00000e38       0x14 .\ARM_GCC_541\Debug\joystick.o
                0x00000e38                joystick_cal_state
 .text.joystick_get_cmd
                0x00000e4c       0xe8 .\ARM_GCC_541\Debug\joystick.o
                0x00000e4c                joystick_get_cmd
 .text.joystick_load
                0x00000f34       0x4c .\ARM_GCC_541\Debug\joystick.o
                0x00000f34                joystick_load
 .text.slot_id_to_row
                0x00000f80       0x2c .\ARM_GCC_541\Debug\psoc_eeprom.o
 .text.read_row_byte
                0x00000fac       0x38 .\ARM_GCC_541\Debug\psoc_eeprom.o
 .text.read_row_data
                0x00000fe4       0x3c .\ARM_GCC_541\Debug\psoc_eeprom.o
 .text.psoc_eeprom_init
                0x00001020        0xc .\ARM_GCC_541\Debug\psoc_eeprom.o
                0x00001020                psoc_eeprom_init
 .text.psoc_eeprom_read
                0x0000102c       0x7c .\ARM_GCC_541\Debug\psoc_eeprom.o
                0x0000102c                psoc_eeprom_read
 .text.app_ctx_init
                0x000010a8       0x68 .\ARM_GCC_541\Debug\app_ctx.o
                0x000010a8                app_ctx_init
 .text.handle_common_keys
                0x00001110      0x14c .\ARM_GCC_541\Debug\app_statemachine.o
                0x00001110                handle_common_keys
 .text.transition
                0x0000125c      0x100 .\ARM_GCC_541\Debug\app_statemachine.o
                0x0000125c                transition
 .text.set_error
                0x0000135c       0x20 .\ARM_GCC_541\Debug\app_statemachine.o
                0x0000135c                set_error
 .text.state_standby
                0x0000137c      0x120 .\ARM_GCC_541\Debug\app_statemachine.o
                0x0000137c                state_standby
 .text.state_control
                0x0000149c       0x84 .\ARM_GCC_541\Debug\app_statemachine.o
                0x0000149c                state_control
 .text.state_nudge
                0x00001520       0x18 .\ARM_GCC_541\Debug\app_statemachine.o
                0x00001520                state_nudge
 .text.state_error
                0x00001538       0x30 .\ARM_GCC_541\Debug\app_statemachine.o
                0x00001538                state_error
 .text.rb_next  0x00001568       0x28 .\ARM_GCC_541\Debug\hamfly_comm_rb.o
 .text.hamfly_rb_init
                0x00001590       0x2c .\ARM_GCC_541\Debug\hamfly_comm_rb.o
                0x00001590                hamfly_rb_init
 .text.hamfly_rb_push
                0x000015bc       0x64 .\ARM_GCC_541\Debug\hamfly_comm_rb.o
                0x000015bc                hamfly_rb_push
 .text.hamfly_rb_pop
                0x00001620       0x58 .\ARM_GCC_541\Debug\hamfly_comm_rb.o
                0x00001620                hamfly_rb_pop
 .text.load_freefly_control
                0x00001678       0x50 .\ARM_GCC_541\Debug\hamfly_core_gimbal.o
 .text.copy_qx287_to_telemetry
                0x000016c8       0x1c .\ARM_GCC_541\Debug\hamfly_core_gimbal.o
 .text.drain_rb
                0x000016e4       0x44 .\ARM_GCC_541\Debug\hamfly_core_gimbal.o
 .text.hamfly_init
                0x00001728       0x5c .\ARM_GCC_541\Debug\hamfly_core_gimbal.o
                0x00001728                hamfly_init
 .text.hamfly_on_rx_byte
                0x00001784       0x3c .\ARM_GCC_541\Debug\hamfly_core_gimbal.o
                0x00001784                hamfly_on_rx_byte
 .text.hamfly_on_uart_err_flags
                0x000017c0       0x30 .\ARM_GCC_541\Debug\hamfly_core_gimbal.o
                0x000017c0                hamfly_on_uart_err_flags
 .text.hamfly_pump
                0x000017f0      0x27c .\ARM_GCC_541\Debug\hamfly_core_gimbal.o
                0x000017f0                hamfly_pump
 .text.hamfly_send_control
                0x00001a6c       0x7c .\ARM_GCC_541\Debug\hamfly_core_gimbal.o
                0x00001a6c                hamfly_send_control
 .text.hamfly_get_telemetry
                0x00001ae8       0x30 .\ARM_GCC_541\Debug\hamfly_core_gimbal.o
                0x00001ae8                hamfly_get_telemetry
 .text.rd_be32  0x00001b18       0x34 .\ARM_GCC_541\Debug\hamfly_core_telemetry.o
 .text.rd_be16  0x00001b4c       0x28 .\ARM_GCC_541\Debug\hamfly_core_telemetry.o
 .text.rd_be_u16
                0x00001b74       0x28 .\ARM_GCC_541\Debug\hamfly_core_telemetry.o
 .text.rd_le16  0x00001b9c       0x24 .\ARM_GCC_541\Debug\hamfly_core_telemetry.o
 .text.hamfly_decode_qx287
                0x00001bc0       0x68 .\ARM_GCC_541\Debug\hamfly_core_telemetry.o
                0x00001bc0                hamfly_decode_qx287
 .text.hamfly_decode_gps
                0x00001c28      0x1a0 .\ARM_GCC_541\Debug\hamfly_core_telemetry.o
                0x00001c28                hamfly_decode_gps
 .text.hamfly_decode_baro
                0x00001dc8       0x78 .\ARM_GCC_541\Debug\hamfly_core_telemetry.o
                0x00001dc8                hamfly_decode_baro
 .text.hamfly_decode_attitude
                0x00001e40      0x144 .\ARM_GCC_541\Debug\hamfly_core_telemetry.o
                0x00001e40                hamfly_decode_attitude
 .text.hamfly_decode_sysstat
                0x00001f84      0x1c8 .\ARM_GCC_541\Debug\hamfly_core_telemetry.o
                0x00001f84                hamfly_decode_sysstat
 .text.hamfly_decode_mag
                0x0000214c      0x18c .\ARM_GCC_541\Debug\hamfly_core_telemetry.o
                0x0000214c                hamfly_decode_mag
 .text.hamfly_decode_sysecho
                0x000022d8       0x7c .\ARM_GCC_541\Debug\hamfly_core_telemetry.o
                0x000022d8                hamfly_decode_sysecho
 .text.ff_api_init
                0x00002354       0x7c .\ARM_GCC_541\Debug\hamfly_qx_app.o
 .text.ff_api_send
                0x000023d0       0x44 .\ARM_GCC_541\Debug\hamfly_qx_app.o
 .text.QX_ParsePacket_Cli_MoVI_Ctrl_CB
                0x00002414      0x83c .\ARM_GCC_541\Debug\hamfly_qx_app.o
 .text.QX_SendMsg2CommsPort_CB
                0x00002c50       0x64 .\ARM_GCC_541\Debug\hamfly_qx_app.o
                0x00002c50                QX_SendMsg2CommsPort_CB
 .text.QX_FwdMsg_CB
                0x00002cb4       0x14 .\ARM_GCC_541\Debug\hamfly_qx_app.o
                0x00002cb4                QX_FwdMsg_CB
 .text.QX_GetTicks_ms
                0x00002cc8       0x34 .\ARM_GCC_541\Debug\hamfly_qx_app.o
                0x00002cc8                QX_GetTicks_ms
 .text.QX_Parser_SetMsgPtr
                0x00002cfc       0x1c .\ARM_GCC_541\Debug\hamfly_qx_protocol.o
                0x00002cfc                QX_Parser_SetMsgPtr
 .text.QX_Parser_AdvMsgPtr
                0x00002d18       0x1c .\ARM_GCC_541\Debug\hamfly_qx_protocol.o
                0x00002d18                QX_Parser_AdvMsgPtr
 .text.QX_Parser_GetMsgPtr
                0x00002d34       0x14 .\ARM_GCC_541\Debug\hamfly_qx_protocol.o
                0x00002d34                QX_Parser_GetMsgPtr
 .text.QX_Parser_SetDir_Read
                0x00002d48       0x18 .\ARM_GCC_541\Debug\hamfly_qx_protocol.o
                0x00002d48                QX_Parser_SetDir_Read
 .text.QX_Parser_SetDir_WriteAbs
                0x00002d60       0x18 .\ARM_GCC_541\Debug\hamfly_qx_protocol.o
                0x00002d60                QX_Parser_SetDir_WriteAbs
 .text.AddFloatAsSignedShort
                0x00002d78       0xc8 .\ARM_GCC_541\Debug\hamfly_qx_protocol.o
                0x00002d78                AddFloatAsSignedShort
 .text.GetFloatAsSignedShort
                0x00002e40      0x170 .\ARM_GCC_541\Debug\hamfly_qx_protocol.o
                0x00002e40                GetFloatAsSignedShort
 .text.AddSignedShortAsSignedShort
                0x00002fb0       0x58 .\ARM_GCC_541\Debug\hamfly_qx_protocol.o
                0x00002fb0                AddSignedShortAsSignedShort
 .text.GetSignedShortAsSignedShort
                0x00003008      0x15c .\ARM_GCC_541\Debug\hamfly_qx_protocol.o
                0x00003008                GetSignedShortAsSignedShort
 .text.AddUnsignedCharAsUnsignedChar
                0x00003164       0x3c .\ARM_GCC_541\Debug\hamfly_qx_protocol.o
                0x00003164                AddUnsignedCharAsUnsignedChar
 .text.GetUnsignedCharAsUnsignedChar
                0x000031a0       0xc8 .\ARM_GCC_541\Debug\hamfly_qx_protocol.o
                0x000031a0                GetUnsignedCharAsUnsignedChar
 .text.AddUnsignedShortAsUnsignedShort
                0x00003268       0x54 .\ARM_GCC_541\Debug\hamfly_qx_protocol.o
                0x00003268                AddUnsignedShortAsUnsignedShort
 .text.GetUnsignedShortAsUnsignedShort
                0x000032bc       0xf8 .\ARM_GCC_541\Debug\hamfly_qx_protocol.o
                0x000032bc                GetUnsignedShortAsUnsignedShort
 .text.AddBitsAsByte
                0x000033b4       0xcc .\ARM_GCC_541\Debug\hamfly_qx_protocol.o
                0x000033b4                AddBitsAsByte
 .text.GetBitsAsByte
                0x00003480       0xdc .\ARM_GCC_541\Debug\hamfly_qx_protocol.o
                0x00003480                GetBitsAsByte
 .text.QX_InitMsg
                0x0000355c       0x30 .\ARM_GCC_541\Debug\hamfly_qx_protocol.o
 .text.QX_RxMsg
                0x0000358c       0xec .\ARM_GCC_541\Debug\hamfly_qx_protocol.o
 .text.QX_Srv_Rx_Read
                0x00003678       0x90 .\ARM_GCC_541\Debug\hamfly_qx_protocol.o
 .text.QX_Srv_Rx_Write
                0x00003708       0xc4 .\ARM_GCC_541\Debug\hamfly_qx_protocol.o
 .text.QX_Cli_Rx_CurVal
                0x000037cc       0x3c .\ARM_GCC_541\Debug\hamfly_qx_protocol.o
 .text.QX_TxMsg_Setup
                0x00003808       0x4c .\ARM_GCC_541\Debug\hamfly_qx_protocol.o
 .text.QX_TxMsg_Finish
                0x00003854      0x1dc .\ARM_GCC_541\Debug\hamfly_qx_protocol.o
 .text.QX_BuildHeader
                0x00003a30      0x188 .\ARM_GCC_541\Debug\hamfly_qx_protocol.o
 .text.QX_ParseHeader
                0x00003bb8      0x114 .\ARM_GCC_541\Debug\hamfly_qx_protocol.o
 .text.QX_Calc8bChecksum
                0x00003ccc       0x3c .\ARM_GCC_541\Debug\hamfly_qx_protocol.o
 .text.QX_AddExtdValToBuf
                0x00003d08       0x88 .\ARM_GCC_541\Debug\hamfly_qx_protocol.o
 .text.QX_GetExtdValFromBuf
                0x00003d90       0x6c .\ARM_GCC_541\Debug\hamfly_qx_protocol.o
 .text.QX_compute_crc32
                0x00003dfc       0x4c .\ARM_GCC_541\Debug\hamfly_qx_protocol.o
 .text.QX_accumulate_crc32
                0x00003e48       0x54 .\ARM_GCC_541\Debug\hamfly_qx_protocol.o
                0x00003e48                QX_accumulate_crc32
 .text.QX_InitCli
                0x00003e9c       0x24 .\ARM_GCC_541\Debug\hamfly_qx_protocol.o
                0x00003e9c                QX_InitCli
 .text.QX_InitTxOptions
                0x00003ec0       0x3c .\ARM_GCC_541\Debug\hamfly_qx_protocol.o
                0x00003ec0                QX_InitTxOptions
 .text.QX_SendPacket_Srv_CurVal
                0x00003efc       0x98 .\ARM_GCC_541\Debug\hamfly_qx_protocol.o
                0x00003efc                QX_SendPacket_Srv_CurVal
 .text.QX_SendPacket_Cli_WriteABS
                0x00003f94       0x98 .\ARM_GCC_541\Debug\hamfly_qx_protocol.o
                0x00003f94                QX_SendPacket_Cli_WriteABS
 .text.QX_StreamRxCharSM
                0x0000402c      0x6e0 .\ARM_GCC_541\Debug\hamfly_qx_protocol.o
                0x0000402c                QX_StreamRxCharSM
 .text.CYMEMZERO
                0x0000470c       0x1c .\ARM_GCC_541\Debug\cyfitter_cfg.o
 .text.CYCONFIGCPY
                0x00004728       0x20 .\ARM_GCC_541\Debug\cyfitter_cfg.o
 .text.CyClockStartupError
                0x00004748        0xc .\ARM_GCC_541\Debug\cyfitter_cfg.o
 .text.cfg_write_bytes32
                0x00004754       0x74 .\ARM_GCC_541\Debug\cyfitter_cfg.o
 .text.ClockSetup
                0x000047c8      0x180 .\ARM_GCC_541\Debug\cyfitter_cfg.o
 .text.AnalogSetDefault
                0x00004948       0x44 .\ARM_GCC_541\Debug\cyfitter_cfg.o
 .text.AMux_1_Set
                0x0000498c       0x6c .\ARM_GCC_541\Debug\cyfitter_cfg.o
                0x0000498c                AMux_1_Set
 .text.AMux_1_Unset
                0x000049f8       0x74 .\ARM_GCC_541\Debug\cyfitter_cfg.o
                0x000049f8                AMux_1_Unset
 .text.ADC_DelSig_1_AMux_Set
                0x00004a6c       0x40 .\ARM_GCC_541\Debug\cyfitter_cfg.o
                0x00004a6c                ADC_DelSig_1_AMux_Set
 .text.ADC_DelSig_1_AMux_Unset
                0x00004aac       0x44 .\ARM_GCC_541\Debug\cyfitter_cfg.o
                0x00004aac                ADC_DelSig_1_AMux_Unset
 .text.cyfitter_cfg
                0x00004af0      0x1ac .\ARM_GCC_541\Debug\cyfitter_cfg.o
                0x00004af0                cyfitter_cfg
 .text.IntDefaultHandler
                0x00004c9c       0x14 .\ARM_GCC_541\Debug\Cm3Start.o
                0x00004c9c                IntDefaultHandler
 .text._sbrk    0x00004cb0       0x50 .\ARM_GCC_541\Debug\Cm3Start.o
                0x00004cb0                _sbrk
 .text.Start_c  0x00004d00       0x98 .\ARM_GCC_541\Debug\Cm3Start.o
                0x00004d00                Start_c
 .text.initialize_psoc
                0x00004d98       0x90 .\ARM_GCC_541\Debug\Cm3Start.o
                0x00004d98                initialize_psoc
 .text.ADC_DelSig_1_Init
                0x00004e28      0x11c .\ARM_GCC_541\Debug\Proj07_hamflyAPI_stateMachineUpgrade.a(ADC_DelSig_1.o)
                0x00004e28                ADC_DelSig_1_Init
 .text.ADC_DelSig_1_Enable
                0x00004f44      0x158 .\ARM_GCC_541\Debug\Proj07_hamflyAPI_stateMachineUpgrade.a(ADC_DelSig_1.o)
                0x00004f44                ADC_DelSig_1_Enable
 .text.ADC_DelSig_1_Start
                0x0000509c       0x30 .\ARM_GCC_541\Debug\Proj07_hamflyAPI_stateMachineUpgrade.a(ADC_DelSig_1.o)
                0x0000509c                ADC_DelSig_1_Start
 .text.ADC_DelSig_1_StartConvert
                0x000050cc       0x20 .\ARM_GCC_541\Debug\Proj07_hamflyAPI_stateMachineUpgrade.a(ADC_DelSig_1.o)
                0x000050cc                ADC_DelSig_1_StartConvert
 .text.ADC_DelSig_1_StopConvert
                0x000050ec       0x20 .\ARM_GCC_541\Debug\Proj07_hamflyAPI_stateMachineUpgrade.a(ADC_DelSig_1.o)
                0x000050ec                ADC_DelSig_1_StopConvert
 .text.ADC_DelSig_1_GetResult16
                0x0000510c       0x7c .\ARM_GCC_541\Debug\Proj07_hamflyAPI_stateMachineUpgrade.a(ADC_DelSig_1.o)
                0x0000510c                ADC_DelSig_1_GetResult16
 .text.ADC_DelSig_1_InitConfig
                0x00005188      0x164 .\ARM_GCC_541\Debug\Proj07_hamflyAPI_stateMachineUpgrade.a(ADC_DelSig_1.o)
 .text.ADC_DelSig_1_GainCompensation
                0x000052ec      0x170 .\ARM_GCC_541\Debug\Proj07_hamflyAPI_stateMachineUpgrade.a(ADC_DelSig_1.o)
 .text.ADC_DelSig_1_SetDSMRef0Reg
                0x0000545c       0x7c .\ARM_GCC_541\Debug\Proj07_hamflyAPI_stateMachineUpgrade.a(ADC_DelSig_1.o)
 .text.ADC_DelSig_1_ISR1
                0x000054d8        0xc .\ARM_GCC_541\Debug\Proj07_hamflyAPI_stateMachineUpgrade.a(ADC_DelSig_1_INT.o)
                0x000054d8                ADC_DelSig_1_ISR1
 .text.UART_1_Start
                0x000054e4       0x24 .\ARM_GCC_541\Debug\Proj07_hamflyAPI_stateMachineUpgrade.a(UART_1.o)
                0x000054e4                UART_1_Start
 .text.UART_1_Init
                0x00005508       0x40 .\ARM_GCC_541\Debug\Proj07_hamflyAPI_stateMachineUpgrade.a(UART_1.o)
                0x00005508                UART_1_Init
 .text.UART_1_Enable
                0x00005548       0x60 .\ARM_GCC_541\Debug\Proj07_hamflyAPI_stateMachineUpgrade.a(UART_1.o)
                0x00005548                UART_1_Enable
 .text.UART_1_GetChar
                0x000055a8       0x44 .\ARM_GCC_541\Debug\Proj07_hamflyAPI_stateMachineUpgrade.a(UART_1.o)
                0x000055a8                UART_1_GetChar
 .text.UART_1_PutChar
                0x000055ec       0x34 .\ARM_GCC_541\Debug\Proj07_hamflyAPI_stateMachineUpgrade.a(UART_1.o)
                0x000055ec                UART_1_PutChar
 .text.UART_1_PutString
                0x00005620       0x44 .\ARM_GCC_541\Debug\Proj07_hamflyAPI_stateMachineUpgrade.a(UART_1.o)
                0x00005620                UART_1_PutString
 .text.AMux_1_Start
                0x00005664       0x34 .\ARM_GCC_541\Debug\Proj07_hamflyAPI_stateMachineUpgrade.a(AMux_1.o)
                0x00005664                AMux_1_Start
 .text.AMux_1_FastSelect
                0x00005698       0x38 .\ARM_GCC_541\Debug\Proj07_hamflyAPI_stateMachineUpgrade.a(AMux_1.o)
                0x00005698                AMux_1_FastSelect
 .text.isr_adc_StartEx
                0x000056d0       0x24 .\ARM_GCC_541\Debug\Proj07_hamflyAPI_stateMachineUpgrade.a(isr_adc.o)
                0x000056d0                isr_adc_StartEx
 .text.isr_adc_SetVector
                0x000056f4       0x24 .\ARM_GCC_541\Debug\Proj07_hamflyAPI_stateMachineUpgrade.a(isr_adc.o)
                0x000056f4                isr_adc_SetVector
 .text.isr_adc_SetPriority
                0x00005718       0x24 .\ARM_GCC_541\Debug\Proj07_hamflyAPI_stateMachineUpgrade.a(isr_adc.o)
                0x00005718                isr_adc_SetPriority
 .text.isr_adc_Enable
                0x0000573c       0x18 .\ARM_GCC_541\Debug\Proj07_hamflyAPI_stateMachineUpgrade.a(isr_adc.o)
                0x0000573c                isr_adc_Enable
 .text.isr_adc_Disable
                0x00005754       0x18 .\ARM_GCC_541\Debug\Proj07_hamflyAPI_stateMachineUpgrade.a(isr_adc.o)
                0x00005754                isr_adc_Disable
 .text.isr_adc_ClearPending
                0x0000576c       0x18 .\ARM_GCC_541\Debug\Proj07_hamflyAPI_stateMachineUpgrade.a(isr_adc.o)
                0x0000576c                isr_adc_ClearPending
 .text.UART_MOVI_Start
                0x00005784       0x24 .\ARM_GCC_541\Debug\Proj07_hamflyAPI_stateMachineUpgrade.a(UART_MOVI.o)
                0x00005784                UART_MOVI_Start
 .text.UART_MOVI_Init
                0x000057a8       0x40 .\ARM_GCC_541\Debug\Proj07_hamflyAPI_stateMachineUpgrade.a(UART_MOVI.o)
                0x000057a8                UART_MOVI_Init
 .text.UART_MOVI_Enable
                0x000057e8       0x5c .\ARM_GCC_541\Debug\Proj07_hamflyAPI_stateMachineUpgrade.a(UART_MOVI.o)
                0x000057e8                UART_MOVI_Enable
 .text.UART_MOVI_ClearRxBuffer
                0x00005844       0x44 .\ARM_GCC_541\Debug\Proj07_hamflyAPI_stateMachineUpgrade.a(UART_MOVI.o)
                0x00005844                UART_MOVI_ClearRxBuffer
 .text.UART_MOVI_PutChar
                0x00005888       0x34 .\ARM_GCC_541\Debug\Proj07_hamflyAPI_stateMachineUpgrade.a(UART_MOVI.o)
                0x00005888                UART_MOVI_PutChar
 .text.UART_MOVI_ClearTxBuffer
                0x000058bc       0x44 .\ARM_GCC_541\Debug\Proj07_hamflyAPI_stateMachineUpgrade.a(UART_MOVI.o)
                0x000058bc                UART_MOVI_ClearTxBuffer
 .text.isr_rx_movi_StartEx
                0x00005900       0x24 .\ARM_GCC_541\Debug\Proj07_hamflyAPI_stateMachineUpgrade.a(isr_rx_movi.o)
                0x00005900                isr_rx_movi_StartEx
 .text.isr_rx_movi_SetVector
                0x00005924       0x24 .\ARM_GCC_541\Debug\Proj07_hamflyAPI_stateMachineUpgrade.a(isr_rx_movi.o)
                0x00005924                isr_rx_movi_SetVector
 .text.isr_rx_movi_SetPriority
                0x00005948       0x24 .\ARM_GCC_541\Debug\Proj07_hamflyAPI_stateMachineUpgrade.a(isr_rx_movi.o)
                0x00005948                isr_rx_movi_SetPriority
 .text.isr_rx_movi_Enable
                0x0000596c       0x18 .\ARM_GCC_541\Debug\Proj07_hamflyAPI_stateMachineUpgrade.a(isr_rx_movi.o)
                0x0000596c                isr_rx_movi_Enable
 .text.isr_rx_movi_Disable
                0x00005984       0x18 .\ARM_GCC_541\Debug\Proj07_hamflyAPI_stateMachineUpgrade.a(isr_rx_movi.o)
                0x00005984                isr_rx_movi_Disable
 .text.Looptimer_Init
                0x0000599c       0xa0 .\ARM_GCC_541\Debug\Proj07_hamflyAPI_stateMachineUpgrade.a(Looptimer.o)
                0x0000599c                Looptimer_Init
 .text.Looptimer_Enable
                0x00005a3c       0x48 .\ARM_GCC_541\Debug\Proj07_hamflyAPI_stateMachineUpgrade.a(Looptimer.o)
                0x00005a3c                Looptimer_Enable
 .text.Looptimer_Start
                0x00005a84       0x24 .\ARM_GCC_541\Debug\Proj07_hamflyAPI_stateMachineUpgrade.a(Looptimer.o)
                0x00005a84                Looptimer_Start
 .text.Looptimer_SetInterruptMode
                0x00005aa8       0x20 .\ARM_GCC_541\Debug\Proj07_hamflyAPI_stateMachineUpgrade.a(Looptimer.o)
                0x00005aa8                Looptimer_SetInterruptMode
 .text.Looptimer_ReadStatusRegister
                0x00005ac8       0x18 .\ARM_GCC_541\Debug\Proj07_hamflyAPI_stateMachineUpgrade.a(Looptimer.o)
                0x00005ac8                Looptimer_ReadStatusRegister
 .text.Looptimer_WritePeriod
                0x00005ae0       0x24 .\ARM_GCC_541\Debug\Proj07_hamflyAPI_stateMachineUpgrade.a(Looptimer.o)
                0x00005ae0                Looptimer_WritePeriod
 .text.Looptimer_WriteCounter
                0x00005b04       0x20 .\ARM_GCC_541\Debug\Proj07_hamflyAPI_stateMachineUpgrade.a(Looptimer.o)
                0x00005b04                Looptimer_WriteCounter
 .text.isr_Looptimer_StartEx
                0x00005b24       0x24 .\ARM_GCC_541\Debug\Proj07_hamflyAPI_stateMachineUpgrade.a(isr_Looptimer.o)
                0x00005b24                isr_Looptimer_StartEx
 .text.isr_Looptimer_SetVector
                0x00005b48       0x24 .\ARM_GCC_541\Debug\Proj07_hamflyAPI_stateMachineUpgrade.a(isr_Looptimer.o)
                0x00005b48                isr_Looptimer_SetVector
 .text.isr_Looptimer_SetPriority
                0x00005b6c       0x24 .\ARM_GCC_541\Debug\Proj07_hamflyAPI_stateMachineUpgrade.a(isr_Looptimer.o)
                0x00005b6c                isr_Looptimer_SetPriority
 .text.isr_Looptimer_Enable
                0x00005b90       0x18 .\ARM_GCC_541\Debug\Proj07_hamflyAPI_stateMachineUpgrade.a(isr_Looptimer.o)
                0x00005b90                isr_Looptimer_Enable
 .text.isr_Looptimer_Disable
                0x00005ba8       0x18 .\ARM_GCC_541\Debug\Proj07_hamflyAPI_stateMachineUpgrade.a(isr_Looptimer.o)
                0x00005ba8                isr_Looptimer_Disable
 .text.EEPROM_CONFIG_Enable
                0x00005bc0       0x10 .\ARM_GCC_541\Debug\Proj07_hamflyAPI_stateMachineUpgrade.a(EEPROM_CONFIG.o)
                0x00005bc0                EEPROM_CONFIG_Enable
 .text.EEPROM_CONFIG_Start
                0x00005bd0        0xc .\ARM_GCC_541\Debug\Proj07_hamflyAPI_stateMachineUpgrade.a(EEPROM_CONFIG.o)
                0x00005bd0                EEPROM_CONFIG_Start
 .text.ADC_DelSig_1_AMux_Start
                0x00005bdc       0x34 .\ARM_GCC_541\Debug\Proj07_hamflyAPI_stateMachineUpgrade.a(ADC_DelSig_1_AMux.o)
                0x00005bdc                ADC_DelSig_1_AMux_Start
 .text.ADC_DelSig_1_AMux_Select
                0x00005c10       0x28 .\ARM_GCC_541\Debug\Proj07_hamflyAPI_stateMachineUpgrade.a(ADC_DelSig_1_AMux.o)
                0x00005c10                ADC_DelSig_1_AMux_Select
 .text.ADC_DelSig_1_Ext_CP_Clk_SetDividerRegister
                0x00005c38      0x164 .\ARM_GCC_541\Debug\Proj07_hamflyAPI_stateMachineUpgrade.a(ADC_DelSig_1_Ext_CP_Clk.o)
                0x00005c38                ADC_DelSig_1_Ext_CP_Clk_SetDividerRegister
 .text.ADC_DelSig_1_Ext_CP_Clk_GetDividerRegister
                0x00005d9c       0x18 .\ARM_GCC_541\Debug\Proj07_hamflyAPI_stateMachineUpgrade.a(ADC_DelSig_1_Ext_CP_Clk.o)
                0x00005d9c                ADC_DelSig_1_Ext_CP_Clk_GetDividerRegister
 .text.ADC_DelSig_1_Ext_CP_Clk_SetModeRegister
                0x00005db4       0x34 .\ARM_GCC_541\Debug\Proj07_hamflyAPI_stateMachineUpgrade.a(ADC_DelSig_1_Ext_CP_Clk.o)
                0x00005db4                ADC_DelSig_1_Ext_CP_Clk_SetModeRegister
 .text.ADC_DelSig_1_Ext_CP_Clk_GetSourceRegister
                0x00005de8       0x1c .\ARM_GCC_541\Debug\Proj07_hamflyAPI_stateMachineUpgrade.a(ADC_DelSig_1_Ext_CP_Clk.o)
                0x00005de8                ADC_DelSig_1_Ext_CP_Clk_GetSourceRegister
 .text.ADC_DelSig_1_theACLK_SetDividerRegister
                0x00005e04      0x164 .\ARM_GCC_541\Debug\Proj07_hamflyAPI_stateMachineUpgrade.a(ADC_DelSig_1_theACLK.o)
                0x00005e04                ADC_DelSig_1_theACLK_SetDividerRegister
 .text.ADC_DelSig_1_theACLK_GetDividerRegister
                0x00005f68       0x18 .\ARM_GCC_541\Debug\Proj07_hamflyAPI_stateMachineUpgrade.a(ADC_DelSig_1_theACLK.o)
                0x00005f68                ADC_DelSig_1_theACLK_GetDividerRegister
 .text.ADC_DelSig_1_theACLK_SetModeRegister
                0x00005f80       0x34 .\ARM_GCC_541\Debug\Proj07_hamflyAPI_stateMachineUpgrade.a(ADC_DelSig_1_theACLK.o)
                0x00005f80                ADC_DelSig_1_theACLK_SetModeRegister
 .text.ADC_DelSig_1_theACLK_GetSourceRegister
                0x00005fb4       0x1c .\ARM_GCC_541\Debug\Proj07_hamflyAPI_stateMachineUpgrade.a(ADC_DelSig_1_theACLK.o)
                0x00005fb4                ADC_DelSig_1_theACLK_GetSourceRegister
 .text.UART_1_IntClock_Start
                0x00005fd0       0x34 .\ARM_GCC_541\Debug\Proj07_hamflyAPI_stateMachineUpgrade.a(UART_1_IntClock.o)
                0x00005fd0                UART_1_IntClock_Start
 .text.CySetTempInt
                0x00006004       0x7c .\ARM_GCC_541\Debug\Proj07_hamflyAPI_stateMachineUpgrade.a(CyFlash.o)
 .text.CyFlashGetSpcAlgorithm
                0x00006080       0x70 .\ARM_GCC_541\Debug\Proj07_hamflyAPI_stateMachineUpgrade.a(CyFlash.o)
                0x00006080                CyFlashGetSpcAlgorithm
 .text.CySetTemp
                0x000060f0       0x24 .\ARM_GCC_541\Debug\Proj07_hamflyAPI_stateMachineUpgrade.a(CyFlash.o)
                0x000060f0                CySetTemp
 .text.CyEEPROM_Start
                0x00006114       0x8c .\ARM_GCC_541\Debug\Proj07_hamflyAPI_stateMachineUpgrade.a(CyFlash.o)
                0x00006114                CyEEPROM_Start
 .text.CyHalt   0x000061a0       0x18 .\ARM_GCC_541\Debug\Proj07_hamflyAPI_stateMachineUpgrade.a(CyLib.o)
                0x000061a0                CyHalt
 .text.CyDelayUs
                0x000061b8       0x28 .\ARM_GCC_541\Debug\Proj07_hamflyAPI_stateMachineUpgrade.a(CyLib.o)
                0x000061b8                CyDelayUs
 .text.CyIntSetVector
                0x000061e0       0x50 .\ARM_GCC_541\Debug\Proj07_hamflyAPI_stateMachineUpgrade.a(CyLib.o)
                0x000061e0                CyIntSetVector
 .text.CyIntSetPriority
                0x00006230       0x48 .\ARM_GCC_541\Debug\Proj07_hamflyAPI_stateMachineUpgrade.a(CyLib.o)
                0x00006230                CyIntSetPriority
 .text.CySpcStart
                0x00006278       0x48 .\ARM_GCC_541\Debug\Proj07_hamflyAPI_stateMachineUpgrade.a(CySpc.o)
                0x00006278                CySpcStart
 .text.CySpcReadData
                0x000062c0       0x54 .\ARM_GCC_541\Debug\Proj07_hamflyAPI_stateMachineUpgrade.a(CySpc.o)
                0x000062c0                CySpcReadData
 .text.CySpcGetTemp
                0x00006314       0x64 .\ARM_GCC_541\Debug\Proj07_hamflyAPI_stateMachineUpgrade.a(CySpc.o)
                0x00006314                CySpcGetTemp
 .text.CySpcLock
                0x00006378       0x68 .\ARM_GCC_541\Debug\Proj07_hamflyAPI_stateMachineUpgrade.a(CySpc.o)
                0x00006378                CySpcLock
 .text.CySpcUnlock
                0x000063e0       0x50 .\ARM_GCC_541\Debug\Proj07_hamflyAPI_stateMachineUpgrade.a(CySpc.o)
                0x000063e0                CySpcUnlock
 .text.CySpcGetAlgorithm
                0x00006430       0x44 .\ARM_GCC_541\Debug\Proj07_hamflyAPI_stateMachineUpgrade.a(CySpc.o)
                0x00006430                CySpcGetAlgorithm
 *fill*         0x00006474        0x4 
 .text          0x00006478       0x54 .\ARM_GCC_541\Debug\Proj07_hamflyAPI_stateMachineUpgrade.a(CyBootAsmGnu.o)
                0x00006478                CyDelayCycles
                0x000064b6                CyEnterCriticalSection
                0x000064be                CyExitCriticalSection
 .text.asinf    0x000064cc       0xa4 c:/program files (x86)/cypress/psoc creator/4.4/psoc creator/import/gnu/arm/5.4.1/bin/../lib/gcc/arm-none-eabi/5.4.1/../../../../arm-none-eabi/lib/armv7-m\libm.a(lib_a-wf_asin.o)
                0x000064cc                asinf
 .text.atan2f   0x00006570        0x4 c:/program files (x86)/cypress/psoc creator/4.4/psoc creator/import/gnu/arm/5.4.1/bin/../lib/gcc/arm-none-eabi/5.4.1/../../../../arm-none-eabi/lib/armv7-m\libm.a(lib_a-wf_atan2.o)
                0x00006570                atan2f
 .text.__ieee754_asinf
                0x00006574      0x294 c:/program files (x86)/cypress/psoc creator/4.4/psoc creator/import/gnu/arm/5.4.1/bin/../lib/gcc/arm-none-eabi/5.4.1/../../../../arm-none-eabi/lib/armv7-m\libm.a(lib_a-ef_asin.o)
                0x00006574                __ieee754_asinf
 .text.__ieee754_atan2f
                0x00006808      0x124 c:/program files (x86)/cypress/psoc creator/4.4/psoc creator/import/gnu/arm/5.4.1/bin/../lib/gcc/arm-none-eabi/5.4.1/../../../../arm-none-eabi/lib/armv7-m\libm.a(lib_a-ef_atan2.o)
                0x00006808                __ieee754_atan2f
 .text.__ieee754_sqrtf
                0x0000692c       0xa8 c:/program files (x86)/cypress/psoc creator/4.4/psoc creator/import/gnu/arm/5.4.1/bin/../lib/gcc/arm-none-eabi/5.4.1/../../../../arm-none-eabi/lib/armv7-m\libm.a(lib_a-ef_sqrt.o)
                0x0000692c                __ieee754_sqrtf
 .text.matherr  0x000069d4        0x4 c:/program files (x86)/cypress/psoc creator/4.4/psoc creator/import/gnu/arm/5.4.1/bin/../lib/gcc/arm-none-eabi/5.4.1/../../../../arm-none-eabi/lib/armv7-m\libm.a(lib_a-s_matherr.o)
                0x000069d4                matherr
 .text.nan      0x000069d8        0xc c:/program files (x86)/cypress/psoc creator/4.4/psoc creator/import/gnu/arm/5.4.1/bin/../lib/gcc/arm-none-eabi/5.4.1/../../../../arm-none-eabi/lib/armv7-m\libm.a(lib_a-s_nan.o)
                0x000069d8                nan
 .text.atanf    0x000069e4      0x22c c:/program files (x86)/cypress/psoc creator/4.4/psoc creator/import/gnu/arm/5.4.1/bin/../lib/gcc/arm-none-eabi/5.4.1/../../../../arm-none-eabi/lib/armv7-m\libm.a(lib_a-sf_atan.o)
                0x000069e4                atanf
 .text.fabsf    0x00006c10        0x8 c:/program files (x86)/cypress/psoc creator/4.4/psoc creator/import/gnu/arm/5.4.1/bin/../lib/gcc/arm-none-eabi/5.4.1/../../../../arm-none-eabi/lib/armv7-m\libm.a(lib_a-sf_fabs.o)
                0x00006c10                fabsf
 .text          0x00006c18      0x370 c:/program files (x86)/cypress/psoc creator/4.4/psoc creator/import/gnu/arm/5.4.1/bin/../lib/gcc/arm-none-eabi/5.4.1/armv7-m\libgcc.a(_arm_addsubdf3.o)
                0x00006c18                __aeabi_drsub
                0x00006c20                __aeabi_dsub
                0x00006c20                __subdf3
                0x00006c24                __aeabi_dadd
                0x00006c24                __adddf3
                0x00006e9c                __floatunsidf
                0x00006e9c                __aeabi_ui2d
                0x00006ebc                __floatsidf
                0x00006ebc                __aeabi_i2d
                0x00006ee0                __aeabi_f2d
                0x00006ee0                __extendsfdf2
                0x00006f1c                __floatundidf
                0x00006f1c                __aeabi_ul2d
                0x00006f2c                __floatdidf
                0x00006f2c                __aeabi_l2d
 .text          0x00006f88      0x424 c:/program files (x86)/cypress/psoc creator/4.4/psoc creator/import/gnu/arm/5.4.1/bin/../lib/gcc/arm-none-eabi/5.4.1/armv7-m\libgcc.a(_arm_muldivdf3.o)
                0x00006f88                __aeabi_dmul
                0x00006f88                __muldf3
                0x000071dc                __divdf3
                0x000071dc                __aeabi_ddiv
 .text          0x000073ac      0x110 c:/program files (x86)/cypress/psoc creator/4.4/psoc creator/import/gnu/arm/5.4.1/bin/../lib/gcc/arm-none-eabi/5.4.1/armv7-m\libgcc.a(_arm_cmpdf2.o)
                0x000073ac                __gtdf2
                0x000073ac                __gedf2
                0x000073b4                __ltdf2
                0x000073b4                __ledf2
                0x000073bc                __nedf2
                0x000073bc                __eqdf2
                0x000073bc                __cmpdf2
                0x00007438                __aeabi_cdrcmple
                0x00007448                __aeabi_cdcmpeq
                0x00007448                __aeabi_cdcmple
                0x00007458                __aeabi_dcmpeq
                0x0000746c                __aeabi_dcmplt
                0x00007480                __aeabi_dcmple
                0x00007494                __aeabi_dcmpge
                0x000074a8                __aeabi_dcmpgt
 .text          0x000074bc       0x2c c:/program files (x86)/cypress/psoc creator/4.4/psoc creator/import/gnu/arm/5.4.1/bin/../lib/gcc/arm-none-eabi/5.4.1/armv7-m\libgcc.a(_arm_unorddf2.o)
                0x000074bc                __unorddf2
                0x000074bc                __aeabi_dcmpun
 .text          0x000074e8       0x50 c:/program files (x86)/cypress/psoc creator/4.4/psoc creator/import/gnu/arm/5.4.1/bin/../lib/gcc/arm-none-eabi/5.4.1/armv7-m\libgcc.a(_arm_fixdfsi.o)
                0x000074e8                __aeabi_d2iz
                0x000074e8                __fixdfsi
 .text          0x00007538       0xa0 c:/program files (x86)/cypress/psoc creator/4.4/psoc creator/import/gnu/arm/5.4.1/bin/../lib/gcc/arm-none-eabi/5.4.1/armv7-m\libgcc.a(_arm_truncdfsf2.o)
                0x00007538                __truncdfsf2
                0x00007538                __aeabi_d2f
 .text          0x000075d8      0x21c c:/program files (x86)/cypress/psoc creator/4.4/psoc creator/import/gnu/arm/5.4.1/bin/../lib/gcc/arm-none-eabi/5.4.1/armv7-m\libgcc.a(_arm_addsubsf3.o)
                0x000075d8                __aeabi_frsub
                0x000075e0                __subsf3
                0x000075e0                __aeabi_fsub
                0x000075e4                __aeabi_fadd
                0x000075e4                __addsf3
                0x00007744                __aeabi_ui2f
                0x00007744                __floatunsisf
                0x0000774c                __aeabi_i2f
                0x0000774c                __floatsisf
                0x00007768                __aeabi_ul2f
                0x00007768                __floatundisf
                0x00007778                __aeabi_l2f
                0x00007778                __floatdisf
 .text          0x000077f4      0x2a0 c:/program files (x86)/cypress/psoc creator/4.4/psoc creator/import/gnu/arm/5.4.1/bin/../lib/gcc/arm-none-eabi/5.4.1/armv7-m\libgcc.a(_arm_muldivsf3.o)
                0x000077f4                __mulsf3
                0x000077f4                __aeabi_fmul
                0x0000795c                __aeabi_fdiv
                0x0000795c                __divsf3
 .text          0x00007a94       0xec c:/program files (x86)/cypress/psoc creator/4.4/psoc creator/import/gnu/arm/5.4.1/bin/../lib/gcc/arm-none-eabi/5.4.1/armv7-m\libgcc.a(_arm_cmpsf2.o)
                0x00007a94                __gesf2
                0x00007a94                __gtsf2
                0x00007a9c                __lesf2
                0x00007a9c                __ltsf2
                0x00007aa4                __nesf2
                0x00007aa4                __eqsf2
                0x00007aa4                __cmpsf2
                0x00007b04                __aeabi_cfrcmple
                0x00007b0c                __aeabi_cfcmpeq
                0x00007b0c                __aeabi_cfcmple
                0x00007b1c                __aeabi_fcmpeq
                0x00007b30                __aeabi_fcmplt
                0x00007b44                __aeabi_fcmple
                0x00007b58                __aeabi_fcmpge
                0x00007b6c                __aeabi_fcmpgt
 .text          0x00007b80       0x2c c:/program files (x86)/cypress/psoc creator/4.4/psoc creator/import/gnu/arm/5.4.1/bin/../lib/gcc/arm-none-eabi/5.4.1/armv7-m\libgcc.a(_arm_unordsf2.o)
                0x00007b80                __unordsf2
                0x00007b80                __aeabi_fcmpun
 .text          0x00007bac       0x4c c:/program files (x86)/cypress/psoc creator/4.4/psoc creator/import/gnu/arm/5.4.1/bin/../lib/gcc/arm-none-eabi/5.4.1/armv7-m\libgcc.a(_arm_fixsfsi.o)
                0x00007bac                __aeabi_f2iz
                0x00007bac                __fixsfsi
 .text          0x00007bf8       0x40 c:/program files (x86)/cypress/psoc creator/4.4/psoc creator/import/gnu/arm/5.4.1/bin/../lib/gcc/arm-none-eabi/5.4.1/armv7-m\libgcc.a(_arm_fixunssfsi.o)
                0x00007bf8                __fixunssfsi
                0x00007bf8                __aeabi_f2uiz
 .text.__errno  0x00007c38        0xc c:/program files (x86)/cypress/psoc creator/4.4/psoc creator/import/gnu/arm/5.4.1/bin/../lib/gcc/arm-none-eabi/5.4.1/../../../../arm-none-eabi/lib/armv7-m\libg_nano.a(lib_a-errno.o)
                0x00007c38                __errno
 .text.__libc_init_array
                0x00007c44       0x4c c:/program files (x86)/cypress/psoc creator/4.4/psoc creator/import/gnu/arm/5.4.1/bin/../lib/gcc/arm-none-eabi/5.4.1/../../../../arm-none-eabi/lib/armv7-m\libg_nano.a(lib_a-init.o)
                0x00007c44                __libc_init_array
 .text.memcpy   0x00007c90       0x16 c:/program files (x86)/cypress/psoc creator/4.4/psoc creator/import/gnu/arm/5.4.1/bin/../lib/gcc/arm-none-eabi/5.4.1/../../../../arm-none-eabi/lib/armv7-m\libg_nano.a(lib_a-memcpy-stub.o)
                0x00007c90                memcpy
 .text.memset   0x00007ca6       0x10 c:/program files (x86)/cypress/psoc creator/4.4/psoc creator/import/gnu/arm/5.4.1/bin/../lib/gcc/arm-none-eabi/5.4.1/../../../../arm-none-eabi/lib/armv7-m\libg_nano.a(lib_a-memset.o)
                0x00007ca6                memset
 .text.__cvt    0x00007cb6       0xc0 c:/program files (x86)/cypress/psoc creator/4.4/psoc creator/import/gnu/arm/5.4.1/bin/../lib/gcc/arm-none-eabi/5.4.1/../../../../arm-none-eabi/lib/armv7-m\libg_nano.a(lib_a-nano-vfprintf_float.o)
                0x00007cb6                __cvt
 .text.__exponent
                0x00007d76       0x62 c:/program files (x86)/cypress/psoc creator/4.4/psoc creator/import/gnu/arm/5.4.1/bin/../lib/gcc/arm-none-eabi/5.4.1/../../../../arm-none-eabi/lib/armv7-m\libg_nano.a(lib_a-nano-vfprintf_float.o)
                0x00007d76                __exponent
 .text._printf_float
                0x00007dd8      0x488 c:/program files (x86)/cypress/psoc creator/4.4/psoc creator/import/gnu/arm/5.4.1/bin/../lib/gcc/arm-none-eabi/5.4.1/../../../../arm-none-eabi/lib/armv7-m\libg_nano.a(lib_a-nano-vfprintf_float.o)
                0x00007dd8                _printf_float
 .text._printf_common
                0x00008260       0xec c:/program files (x86)/cypress/psoc creator/4.4/psoc creator/import/gnu/arm/5.4.1/bin/../lib/gcc/arm-none-eabi/5.4.1/../../../../arm-none-eabi/lib/armv7-m\libg_nano.a(lib_a-nano-vfprintf_i.o)
                0x00008260                _printf_common
 .text._printf_i
                0x0000834c      0x24c c:/program files (x86)/cypress/psoc creator/4.4/psoc creator/import/gnu/arm/5.4.1/bin/../lib/gcc/arm-none-eabi/5.4.1/../../../../arm-none-eabi/lib/armv7-m\libg_nano.a(lib_a-nano-vfprintf_i.o)
                0x0000834c                _printf_i
 .text.snprintf
                0x00008598       0x64 c:/program files (x86)/cypress/psoc creator/4.4/psoc creator/import/gnu/arm/5.4.1/bin/../lib/gcc/arm-none-eabi/5.4.1/../../../../arm-none-eabi/lib/armv7-m\libg_nano.a(lib_a-snprintf.o)
                0x00008598                sniprintf
                0x00008598                snprintf
 .text          0x000085fc       0x10 c:/program files (x86)/cypress/psoc creator/4.4/psoc creator/import/gnu/arm/5.4.1/bin/../lib/gcc/arm-none-eabi/5.4.1/../../../../arm-none-eabi/lib/armv7-m\libg_nano.a(lib_a-strlen.o)
                0x000085fc                strlen
 .text.quorem   0x0000860c      0x116 c:/program files (x86)/cypress/psoc creator/4.4/psoc creator/import/gnu/arm/5.4.1/bin/../lib/gcc/arm-none-eabi/5.4.1/../../../../arm-none-eabi/lib/armv7-m\libg_nano.a(lib_a-dtoa.o)
 *fill*         0x00008722        0x6 
 .text._dtoa_r  0x00008728      0xb30 c:/program files (x86)/cypress/psoc creator/4.4/psoc creator/import/gnu/arm/5.4.1/bin/../lib/gcc/arm-none-eabi/5.4.1/../../../../arm-none-eabi/lib/armv7-m\libg_nano.a(lib_a-dtoa.o)
                0x00008728                _dtoa_r
 .text._localeconv_r
                0x00009258        0x8 c:/program files (x86)/cypress/psoc creator/4.4/psoc creator/import/gnu/arm/5.4.1/bin/../lib/gcc/arm-none-eabi/5.4.1/../../../../arm-none-eabi/lib/armv7-m\libg_nano.a(lib_a-locale.o)
                0x00009258                _localeconv_r
 .text.malloc   0x00009260       0x10 c:/program files (x86)/cypress/psoc creator/4.4/psoc creator/import/gnu/arm/5.4.1/bin/../lib/gcc/arm-none-eabi/5.4.1/../../../../arm-none-eabi/lib/armv7-m\libg_nano.a(lib_a-malloc.o)
                0x00009260                malloc
 .text.memchr   0x00009270       0x1c c:/program files (x86)/cypress/psoc creator/4.4/psoc creator/import/gnu/arm/5.4.1/bin/../lib/gcc/arm-none-eabi/5.4.1/../../../../arm-none-eabi/lib/armv7-m\libg_nano.a(lib_a-memchr-stub.o)
                0x00009270                memchr
 .text._Balloc  0x0000928c       0x6a c:/program files (x86)/cypress/psoc creator/4.4/psoc creator/import/gnu/arm/5.4.1/bin/../lib/gcc/arm-none-eabi/5.4.1/../../../../arm-none-eabi/lib/armv7-m\libg_nano.a(lib_a-mprec.o)
                0x0000928c                _Balloc
 .text._Bfree   0x000092f6       0x2e c:/program files (x86)/cypress/psoc creator/4.4/psoc creator/import/gnu/arm/5.4.1/bin/../lib/gcc/arm-none-eabi/5.4.1/../../../../arm-none-eabi/lib/armv7-m\libg_nano.a(lib_a-mprec.o)
                0x000092f6                _Bfree
 .text.__multadd
                0x00009324       0x76 c:/program files (x86)/cypress/psoc creator/4.4/psoc creator/import/gnu/arm/5.4.1/bin/../lib/gcc/arm-none-eabi/5.4.1/../../../../arm-none-eabi/lib/armv7-m\libg_nano.a(lib_a-mprec.o)
                0x00009324                __multadd
 .text.__hi0bits
                0x0000939a       0x40 c:/program files (x86)/cypress/psoc creator/4.4/psoc creator/import/gnu/arm/5.4.1/bin/../lib/gcc/arm-none-eabi/5.4.1/../../../../arm-none-eabi/lib/armv7-m\libg_nano.a(lib_a-mprec.o)
                0x0000939a                __hi0bits
 .text.__lo0bits
                0x000093da       0x5a c:/program files (x86)/cypress/psoc creator/4.4/psoc creator/import/gnu/arm/5.4.1/bin/../lib/gcc/arm-none-eabi/5.4.1/../../../../arm-none-eabi/lib/armv7-m\libg_nano.a(lib_a-mprec.o)
                0x000093da                __lo0bits
 .text.__i2b    0x00009434       0x12 c:/program files (x86)/cypress/psoc creator/4.4/psoc creator/import/gnu/arm/5.4.1/bin/../lib/gcc/arm-none-eabi/5.4.1/../../../../arm-none-eabi/lib/armv7-m\libg_nano.a(lib_a-mprec.o)
                0x00009434                __i2b
 .text.__multiply
                0x00009446      0x120 c:/program files (x86)/cypress/psoc creator/4.4/psoc creator/import/gnu/arm/5.4.1/bin/../lib/gcc/arm-none-eabi/5.4.1/../../../../arm-none-eabi/lib/armv7-m\libg_nano.a(lib_a-mprec.o)
                0x00009446                __multiply
 *fill*         0x00009566        0x2 
 .text.__pow5mult
                0x00009568       0x9c c:/program files (x86)/cypress/psoc creator/4.4/psoc creator/import/gnu/arm/5.4.1/bin/../lib/gcc/arm-none-eabi/5.4.1/../../../../arm-none-eabi/lib/armv7-m\libg_nano.a(lib_a-mprec.o)
                0x00009568                __pow5mult
 .text.__lshift
                0x00009604       0xa2 c:/program files (x86)/cypress/psoc creator/4.4/psoc creator/import/gnu/arm/5.4.1/bin/../lib/gcc/arm-none-eabi/5.4.1/../../../../arm-none-eabi/lib/armv7-m\libg_nano.a(lib_a-mprec.o)
                0x00009604                __lshift
 .text.__mcmp   0x000096a6       0x38 c:/program files (x86)/cypress/psoc creator/4.4/psoc creator/import/gnu/arm/5.4.1/bin/../lib/gcc/arm-none-eabi/5.4.1/../../../../arm-none-eabi/lib/armv7-m\libg_nano.a(lib_a-mprec.o)
                0x000096a6                __mcmp
 .text.__mdiff  0x000096de       0xbe c:/program files (x86)/cypress/psoc creator/4.4/psoc creator/import/gnu/arm/5.4.1/bin/../lib/gcc/arm-none-eabi/5.4.1/../../../../arm-none-eabi/lib/armv7-m\libg_nano.a(lib_a-mprec.o)
                0x000096de                __mdiff
 .text.__d2b    0x0000979c       0x9c c:/program files (x86)/cypress/psoc creator/4.4/psoc creator/import/gnu/arm/5.4.1/bin/../lib/gcc/arm-none-eabi/5.4.1/../../../../arm-none-eabi/lib/armv7-m\libg_nano.a(lib_a-mprec.o)
                0x0000979c                __d2b
 .text._calloc_r
                0x00009838       0x1c c:/program files (x86)/cypress/psoc creator/4.4/psoc creator/import/gnu/arm/5.4.1/bin/../lib/gcc/arm-none-eabi/5.4.1/../../../../arm-none-eabi/lib/armv7-m\libg_nano.a(lib_a-nano-callocr.o)
                0x00009838                _calloc_r
 .text._free_r  0x00009854       0x98 c:/program files (x86)/cypress/psoc creator/4.4/psoc creator/import/gnu/arm/5.4.1/bin/../lib/gcc/arm-none-eabi/5.4.1/../../../../arm-none-eabi/lib/armv7-m\libg_nano.a(lib_a-nano-freer.o)
                0x00009854                _free_r
 .text._malloc_r
                0x000098ec       0xbc c:/program files (x86)/cypress/psoc creator/4.4/psoc creator/import/gnu/arm/5.4.1/bin/../lib/gcc/arm-none-eabi/5.4.1/../../../../arm-none-eabi/lib/armv7-m\libg_nano.a(lib_a-nano-mallocr.o)
                0x000098ec                _malloc_r
 .text.__ssputs_r
                0x000099a8       0xb2 c:/program files (x86)/cypress/psoc creator/4.4/psoc creator/import/gnu/arm/5.4.1/bin/../lib/gcc/arm-none-eabi/5.4.1/../../../../arm-none-eabi/lib/armv7-m\libg_nano.a(lib_a-nano-svfprintf.o)
                0x000099a8                __ssputs_r
 *fill*         0x00009a5a        0x2 
 .text._svfprintf_r
                0x00009a5c      0x1e8 c:/program files (x86)/cypress/psoc creator/4.4/psoc creator/import/gnu/arm/5.4.1/bin/../lib/gcc/arm-none-eabi/5.4.1/../../../../arm-none-eabi/lib/armv7-m\libg_nano.a(lib_a-nano-svfprintf.o)
                0x00009a5c                _svfiprintf_r
                0x00009a5c                _svfprintf_r
 .text._sbrk_r  0x00009c44       0x20 c:/program files (x86)/cypress/psoc creator/4.4/psoc creator/import/gnu/arm/5.4.1/bin/../lib/gcc/arm-none-eabi/5.4.1/../../../../arm-none-eabi/lib/armv7-m\libg_nano.a(lib_a-sbrkr.o)
                0x00009c44                _sbrk_r
 .text.memmove  0x00009c64       0x36 c:/program files (x86)/cypress/psoc creator/4.4/psoc creator/import/gnu/arm/5.4.1/bin/../lib/gcc/arm-none-eabi/5.4.1/../../../../arm-none-eabi/lib/armv7-m\libg_nano.a(lib_a-memmove.o)
                0x00009c64                memmove
 .text.__malloc_lock
                0x00009c9a        0x2 c:/program files (x86)/cypress/psoc creator/4.4/psoc creator/import/gnu/arm/5.4.1/bin/../lib/gcc/arm-none-eabi/5.4.1/../../../../arm-none-eabi/lib/armv7-m\libg_nano.a(lib_a-mlock.o)
                0x00009c9a                __malloc_lock
 .text.__malloc_unlock
                0x00009c9c        0x2 c:/program files (x86)/cypress/psoc creator/4.4/psoc creator/import/gnu/arm/5.4.1/bin/../lib/gcc/arm-none-eabi/5.4.1/../../../../arm-none-eabi/lib/armv7-m\libg_nano.a(lib_a-mlock.o)
                0x00009c9c                __malloc_unlock
 .text._realloc_r
                0x00009c9e       0x4c c:/program files (x86)/cypress/psoc creator/4.4/psoc creator/import/gnu/arm/5.4.1/bin/../lib/gcc/arm-none-eabi/5.4.1/../../../../arm-none-eabi/lib/armv7-m\libg_nano.a(lib_a-nano-reallocr.o)
                0x00009c9e                _realloc_r
 .text._malloc_usable_size_r
                0x00009cea       0x14 c:/program files (x86)/cypress/psoc creator/4.4/psoc creator/import/gnu/arm/5.4.1/bin/../lib/gcc/arm-none-eabi/5.4.1/../../../../arm-none-eabi/lib/armv7-m\libg_nano.a(lib_a-nano-msizer.o)
                0x00009cea                _malloc_usable_size_r
 *(.plt)
 *(.gnu.warning)
 *(.glue_7t)
 .glue_7t       0x00009cfe        0x0 linker stubs
 *(.glue_7)
 .glue_7        0x00009cfe        0x0 linker stubs
 *(.vfp11_veneer)
 .vfp11_veneer  0x00009cfe        0x0 linker stubs
 *(.bootloader)
 *(.ARM.extab* .gnu.linkonce.armextab.*)
 *(.gcc_except_table)

.v4_bx          0x00009d00        0x0
 .v4_bx         0x00009d00        0x0 linker stubs

.iplt           0x00009d00        0x0
 .iplt          0x00009d00        0x0 c:/program files (x86)/cypress/psoc creator/4.4/psoc creator/import/gnu/arm/5.4.1/bin/../lib/gcc/arm-none-eabi/5.4.1/armv7-m/crtbegin.o

.eh_frame_hdr
 *(.eh_frame_hdr)

.eh_frame       0x00009d00        0x4
 *(.eh_frame)
 .eh_frame      0x00009d00        0x0 c:/program files (x86)/cypress/psoc creator/4.4/psoc creator/import/gnu/arm/5.4.1/bin/../lib/gcc/arm-none-eabi/5.4.1/armv7-m/crtbegin.o
 .eh_frame      0x00009d00        0x4 c:/program files (x86)/cypress/psoc creator/4.4/psoc creator/import/gnu/arm/5.4.1/bin/../lib/gcc/arm-none-eabi/5.4.1/armv7-m/crtend.o
                [!provide]                PROVIDE (__exidx_start, .)

.ARM.exidx
 *(.ARM.exidx* .gnu.linkonce.armexidx.*)
                0x00009d04                __exidx_end = .

.rodata         0x00009d08      0x6b8
 *(.rodata .rodata.* .gnu.linkonce.r.*)
 .rodata        0x00009d08      0x22d .\ARM_GCC_541\Debug\main.o
 *fill*         0x00009f35        0x3 
 .rodata        0x00009f38      0x25e .\ARM_GCC_541\Debug\app_statemachine.o
 *fill*         0x0000a196        0x2 
 .rodata        0x0000a198       0x64 .\ARM_GCC_541\Debug\cyfitter_cfg.o
                0x0000a198                AMux_1__addrTable
                0x0000a1a8                AMux_1__maskTable
                0x0000a1ac                ADC_DelSig_1_AMux__addrTable
                0x0000a1b4                ADC_DelSig_1_AMux__maskTable
 .rodata.str1.4
                0x0000a1fc        0xc c:/program files (x86)/cypress/psoc creator/4.4/psoc creator/import/gnu/arm/5.4.1/bin/../lib/gcc/arm-none-eabi/5.4.1/../../../../arm-none-eabi/lib/armv7-m\libm.a(lib_a-wf_asin.o)
                                  0x9 (size before relaxing)
 .rodata.atanlo
                0x0000a208       0x10 c:/program files (x86)/cypress/psoc creator/4.4/psoc creator/import/gnu/arm/5.4.1/bin/../lib/gcc/arm-none-eabi/5.4.1/../../../../arm-none-eabi/lib/armv7-m\libm.a(lib_a-sf_atan.o)
 .rodata.atanhi
                0x0000a218       0x10 c:/program files (x86)/cypress/psoc creator/4.4/psoc creator/import/gnu/arm/5.4.1/bin/../lib/gcc/arm-none-eabi/5.4.1/../../../../arm-none-eabi/lib/armv7-m\libm.a(lib_a-sf_atan.o)
 .rodata.str1.1
                0x0000a228        0x2 c:/program files (x86)/cypress/psoc creator/4.4/psoc creator/import/gnu/arm/5.4.1/bin/../lib/gcc/arm-none-eabi/5.4.1/../../../../arm-none-eabi/lib/armv7-m\libg_nano.a(lib_a-impure.o)
 .rodata.str1.1
                0x0000a22a       0x12 c:/program files (x86)/cypress/psoc creator/4.4/psoc creator/import/gnu/arm/5.4.1/bin/../lib/gcc/arm-none-eabi/5.4.1/../../../../arm-none-eabi/lib/armv7-m\libg_nano.a(lib_a-nano-vfprintf_float.o)
 .rodata.str1.1
                0x0000a23c       0x22 c:/program files (x86)/cypress/psoc creator/4.4/psoc creator/import/gnu/arm/5.4.1/bin/../lib/gcc/arm-none-eabi/5.4.1/../../../../arm-none-eabi/lib/armv7-m\libg_nano.a(lib_a-nano-vfprintf_i.o)
 .rodata.str1.1
                0x0000a25e        0xd c:/program files (x86)/cypress/psoc creator/4.4/psoc creator/import/gnu/arm/5.4.1/bin/../lib/gcc/arm-none-eabi/5.4.1/../../../../arm-none-eabi/lib/armv7-m\libg_nano.a(lib_a-dtoa.o)
                                  0xf (size before relaxing)
 .rodata.str1.1
                0x0000a26b        0x8 c:/program files (x86)/cypress/psoc creator/4.4/psoc creator/import/gnu/arm/5.4.1/bin/../lib/gcc/arm-none-eabi/5.4.1/../../../../arm-none-eabi/lib/armv7-m\libg_nano.a(lib_a-locale.o)
                                  0xb (size before relaxing)
 *fill*         0x0000a273        0x5 
 .rodata.__mprec_tens
                0x0000a278       0xc8 c:/program files (x86)/cypress/psoc creator/4.4/psoc creator/import/gnu/arm/5.4.1/bin/../lib/gcc/arm-none-eabi/5.4.1/../../../../arm-none-eabi/lib/armv7-m\libg_nano.a(lib_a-mprec.o)
                0x0000a278                __mprec_tens
 .rodata.p05.5408
                0x0000a340        0xc c:/program files (x86)/cypress/psoc creator/4.4/psoc creator/import/gnu/arm/5.4.1/bin/../lib/gcc/arm-none-eabi/5.4.1/../../../../arm-none-eabi/lib/armv7-m\libg_nano.a(lib_a-mprec.o)
 *fill*         0x0000a34c        0x4 
 .rodata.__mprec_bigtens
                0x0000a350       0x28 c:/program files (x86)/cypress/psoc creator/4.4/psoc creator/import/gnu/arm/5.4.1/bin/../lib/gcc/arm-none-eabi/5.4.1/../../../../arm-none-eabi/lib/armv7-m\libg_nano.a(lib_a-mprec.o)
                0x0000a350                __mprec_bigtens
 .rodata.str1.1
                0x0000a378       0x11 c:/program files (x86)/cypress/psoc creator/4.4/psoc creator/import/gnu/arm/5.4.1/bin/../lib/gcc/arm-none-eabi/5.4.1/../../../../arm-none-eabi/lib/armv7-m\libg_nano.a(lib_a-nano-svfprintf.o)
                0x0000a38c                . = ALIGN (0x4)
 *fill*         0x0000a389        0x3 
 *(.init)
 .init          0x0000a38c        0x4 c:/program files (x86)/cypress/psoc creator/4.4/psoc creator/import/gnu/arm/5.4.1/bin/../lib/gcc/arm-none-eabi/5.4.1/armv7-m/crti.o
                0x0000a38c                _init
 .init          0x0000a390        0x8 c:/program files (x86)/cypress/psoc creator/4.4/psoc creator/import/gnu/arm/5.4.1/bin/../lib/gcc/arm-none-eabi/5.4.1/armv7-m/crtn.o
                0x0000a398                . = ALIGN (0x4)
                0x0000a398                __preinit_array_start = .
 *(.preinit_array)
                0x0000a398                __preinit_array_end = .
                0x0000a398                . = ALIGN (0x4)
                0x0000a398                __init_array_start = .
 *(SORT(.init_array.*))
 *(.init_array)
 .init_array    0x0000a398        0x4 c:/program files (x86)/cypress/psoc creator/4.4/psoc creator/import/gnu/arm/5.4.1/bin/../lib/gcc/arm-none-eabi/5.4.1/armv7-m/crtbegin.o
 .init_array    0x0000a39c        0x4 .\ARM_GCC_541\Debug\Cm3Start.o
                0x0000a3a0                __init_array_end = .
                0x0000a3a0                . = ALIGN (0x4)
 *(.fini)
 .fini          0x0000a3a0        0x4 c:/program files (x86)/cypress/psoc creator/4.4/psoc creator/import/gnu/arm/5.4.1/bin/../lib/gcc/arm-none-eabi/5.4.1/armv7-m/crti.o
                0x0000a3a0                _fini
 .fini          0x0000a3a4        0x8 c:/program files (x86)/cypress/psoc creator/4.4/psoc creator/import/gnu/arm/5.4.1/bin/../lib/gcc/arm-none-eabi/5.4.1/armv7-m/crtn.o
                0x0000a3ac                . = ALIGN (0x4)
                0x0000a3ac                __fini_array_start = .
 *(.fini_array)
 .fini_array    0x0000a3ac        0x4 c:/program files (x86)/cypress/psoc creator/4.4/psoc creator/import/gnu/arm/5.4.1/bin/../lib/gcc/arm-none-eabi/5.4.1/armv7-m/crtbegin.o
 *(SORT(.fini_array.*))
                0x0000a3b0                __fini_array_end = .
                0x0000a3b0                . = ALIGN (0x4)
 *crtbegin.o(.ctors)
 *(EXCLUDE_FILE(*crtend.o) .ctors)
 *(SORT(.ctors.*))
 *crtend.o(.ctors)
                0x0000a3b0                . = ALIGN (0x4)
 *crtbegin.o(.dtors)
 *(EXCLUDE_FILE(*crtend.o) .dtors)
 *(SORT(.dtors.*))
 *crtend.o(.dtors)
                0x0000a3b0                . = ALIGN (0x4)
                0x0000a3b0                __cy_regions = .
                0x0000a3b0        0x4 LONG 0xa3c0 __cy_region_init_ram
                0x0000a3b4        0x4 LONG 0x1fff80c8 __cy_region_start_data
                0x0000a3b8        0x4 LONG 0x138 __cy_region_init_size_ram
                0x0000a3bc        0x4 LONG 0x4d0 __cy_region_zero_size_ram
                0x0000a3c0                __cy_regions_end = .
                0x0000a3c0                . = ALIGN (0x8)
                0x0000a3c0                _etext = .

.cy_checksum_exclude
                0x0000a3c0        0x0
 *(.cy_checksum_exclude)

.ramvectors     0x1fff8000       0xc0
                0x1fff8000                __cy_region_start_ram = .
 *(.ramvectors)
 .ramvectors    0x1fff8000       0xc0 .\ARM_GCC_541\Debug\Cm3Start.o
                0x1fff8000                CyRamVectors

.noinit         0x1fff80c0        0x5
 *(.noinit)
 .noinit        0x1fff80c0        0x4 .\ARM_GCC_541\Debug\Cm3Start.o
 .noinit        0x1fff80c4        0x1 .\ARM_GCC_541\Debug\Proj07_hamflyAPI_stateMachineUpgrade.a(CyLib.o)
                0x1fff80c4                CyResetStatus

.data           0x1fff80c8      0x138 load address 0x0000a3c0
                0x1fff80c8                __cy_region_start_data = .
 *(.jcr)
 .jcr           0x1fff80c8        0x0 c:/program files (x86)/cypress/psoc creator/4.4/psoc creator/import/gnu/arm/5.4.1/bin/../lib/gcc/arm-none-eabi/5.4.1/armv7-m/crtbegin.o
 .jcr           0x1fff80c8        0x4 c:/program files (x86)/cypress/psoc creator/4.4/psoc creator/import/gnu/arm/5.4.1/bin/../lib/gcc/arm-none-eabi/5.4.1/armv7-m/crtend.o
 *(.got.plt)
 *(.got)
 *(.shdata)
 *(.data .data.* .gnu.linkonce.d.*)
 .data          0x1fff80cc        0x4 .\ARM_GCC_541\Debug\joystick.o
 .data          0x1fff80d0       0x74 .\ARM_GCC_541\Debug\hamfly_qx_app.o
                0x1fff80d0                FreeflyAPI
 .data          0x1fff8144        0x4 .\ARM_GCC_541\Debug\Cm3Start.o
 .data          0x1fff8148        0x1 .\ARM_GCC_541\Debug\Proj07_hamflyAPI_stateMachineUpgrade.a(ADC_DelSig_1.o)
                0x1fff8148                ADC_DelSig_1_Config
 .data          0x1fff8149        0x1 .\ARM_GCC_541\Debug\Proj07_hamflyAPI_stateMachineUpgrade.a(AMux_1.o)
 .data          0x1fff814a        0x1 .\ARM_GCC_541\Debug\Proj07_hamflyAPI_stateMachineUpgrade.a(ADC_DelSig_1_AMux.o)
 *fill*         0x1fff814b        0x1 
 .data          0x1fff814c       0x10 .\ARM_GCC_541\Debug\Proj07_hamflyAPI_stateMachineUpgrade.a(CyLib.o)
                0x1fff814c                cydelay_freq_hz
                0x1fff8150                cydelay_freq_khz
                0x1fff8154                cydelay_freq_mhz
                0x1fff8158                cydelay_32k_ms
 .data.__fdlib_version
                0x1fff815c        0x1 c:/program files (x86)/cypress/psoc creator/4.4/psoc creator/import/gnu/arm/5.4.1/bin/../lib/gcc/arm-none-eabi/5.4.1/../../../../arm-none-eabi/lib/armv7-m\libm.a(lib_a-s_lib_ver.o)
                0x1fff815c                __fdlib_version
 *fill*         0x1fff815d        0x3 
 .data.impure_data
                0x1fff8160       0x60 c:/program files (x86)/cypress/psoc creator/4.4/psoc creator/import/gnu/arm/5.4.1/bin/../lib/gcc/arm-none-eabi/5.4.1/../../../../arm-none-eabi/lib/armv7-m\libg_nano.a(lib_a-impure.o)
 .data._impure_ptr
                0x1fff81c0        0x4 c:/program files (x86)/cypress/psoc creator/4.4/psoc creator/import/gnu/arm/5.4.1/bin/../lib/gcc/arm-none-eabi/5.4.1/../../../../arm-none-eabi/lib/armv7-m\libg_nano.a(lib_a-impure.o)
                0x1fff81c0                _impure_ptr
 .data.lconv    0x1fff81c4       0x38 c:/program files (x86)/cypress/psoc creator/4.4/psoc creator/import/gnu/arm/5.4.1/bin/../lib/gcc/arm-none-eabi/5.4.1/../../../../arm-none-eabi/lib/armv7-m\libg_nano.a(lib_a-locale.o)
                0x1fff8200                . = ALIGN (0x8)
 *fill*         0x1fff81fc        0x4 
 *(.ram)
                0x1fff8200                _edata = .

.igot.plt       0x1fff8200        0x0 load address 0x0000a4f8
 .igot.plt      0x1fff8200        0x0 c:/program files (x86)/cypress/psoc creator/4.4/psoc creator/import/gnu/arm/5.4.1/bin/../lib/gcc/arm-none-eabi/5.4.1/armv7-m/crtbegin.o

.bss            0x1fff8200      0x4d0 load address 0x0000a4f8
                0x1fff8200                PROVIDE (__bss_start__, .)
 *(.shbss)
 *(.bss .bss.* .gnu.linkonce.b.*)
 .bss           0x1fff8200       0x1c c:/program files (x86)/cypress/psoc creator/4.4/psoc creator/import/gnu/arm/5.4.1/bin/../lib/gcc/arm-none-eabi/5.4.1/armv7-m/crtbegin.o
 .bss           0x1fff821c      0x384 .\ARM_GCC_541\Debug\main.o
                0x1fff859c                g_tick_ms
 .bss           0x1fff85a0        0x8 .\ARM_GCC_541\Debug\adc_balanced.o
 .bss           0x1fff85a8       0x42 .\ARM_GCC_541\Debug\joystick.o
 *fill*         0x1fff85ea        0x2 
 .bss           0x1fff85ec        0x4 .\ARM_GCC_541\Debug\hamfly_qx_app.o
                0x1fff85ec                qx_active_gimbal_ptr
 .bss           0x1fff85f0        0x9 .\ARM_GCC_541\Debug\hamfly_qx_protocol.o
                0x1fff85f0                QX_BuildHeader_Legacy
                0x1fff85f4                QX_ParseHeader_Legacy
 *fill*         0x1fff85f9        0x3 
 .bss           0x1fff85fc        0xc .\ARM_GCC_541\Debug\Proj07_hamflyAPI_stateMachineUpgrade.a(ADC_DelSig_1.o)
                0x1fff85fc                ADC_DelSig_1_convDone
                0x1fff85fd                ADC_DelSig_1_stopConversion
                0x1fff85fe                ADC_DelSig_1_initVar
                0x1fff85ff                ADC_DelSig_1_started
                0x1fff8600                ADC_DelSig_1_Offset
 .bss           0x1fff8608        0x2 .\ARM_GCC_541\Debug\Proj07_hamflyAPI_stateMachineUpgrade.a(UART_1.o)
                0x1fff8608                UART_1_initVar
 .bss           0x1fff860a        0x2 .\ARM_GCC_541\Debug\Proj07_hamflyAPI_stateMachineUpgrade.a(UART_MOVI.o)
                0x1fff860a                UART_MOVI_initVar
 .bss           0x1fff860c        0x1 .\ARM_GCC_541\Debug\Proj07_hamflyAPI_stateMachineUpgrade.a(Looptimer.o)
                0x1fff860c                Looptimer_initVar
 *fill*         0x1fff860d        0x3 
 .bss           0x1fff8610        0x8 .\ARM_GCC_541\Debug\Proj07_hamflyAPI_stateMachineUpgrade.a(CySpc.o)
                0x1fff8610                SpcLockState
 .bss.__malloc_sbrk_start
                0x1fff8618        0x4 c:/program files (x86)/cypress/psoc creator/4.4/psoc creator/import/gnu/arm/5.4.1/bin/../lib/gcc/arm-none-eabi/5.4.1/../../../../arm-none-eabi/lib/armv7-m\libg_nano.a(lib_a-nano-mallocr.o)
                0x1fff8618                __malloc_sbrk_start
 .bss.__malloc_free_list
                0x1fff861c        0x4 c:/program files (x86)/cypress/psoc creator/4.4/psoc creator/import/gnu/arm/5.4.1/bin/../lib/gcc/arm-none-eabi/5.4.1/../../../../arm-none-eabi/lib/armv7-m\libg_nano.a(lib_a-nano-mallocr.o)
                0x1fff861c                __malloc_free_list
 *(COMMON)
 COMMON         0x1fff8620       0xa4 .\ARM_GCC_541\Debug\hamfly_qx_protocol.o
                0x1fff8620                rw
                0x1fff8624                QX_Clients
                0x1fff862c                QX_CommsPorts
                0x1fff86b8                QX_Servers
                0x1fff86c0                msgPtr
 COMMON         0x1fff86c4        0x4 .\ARM_GCC_541\Debug\Proj07_hamflyAPI_stateMachineUpgrade.a(ADC_DelSig_1.o)
                0x1fff86c4                ADC_DelSig_1_CountsPerVolt
 COMMON         0x1fff86c8        0x2 .\ARM_GCC_541\Debug\Proj07_hamflyAPI_stateMachineUpgrade.a(CyFlash.o)
                0x1fff86c8                dieTemperature
 *fill*         0x1fff86ca        0x2 
 COMMON         0x1fff86cc        0x4 c:/program files (x86)/cypress/psoc creator/4.4/psoc creator/import/gnu/arm/5.4.1/bin/../lib/gcc/arm-none-eabi/5.4.1/../../../../arm-none-eabi/lib/armv7-m\libg_nano.a(lib_a-reent.o)
                0x1fff86cc                errno
                0x1fff86d0                . = ALIGN (0x8)
 *(.ram.b)
                0x1fff86d0                _end = .
                0x1fff86d0                __end = .
                0x1fff86d0                PROVIDE (end, .)
                0x1fff86d0                PROVIDE (__bss_end__, .)
                0x0000a3c0                __cy_region_init_ram = LOADADDR (.data)
                0x00000138                __cy_region_init_size_ram = (_edata - ADDR (.data))
                0x000004d0                __cy_region_zero_size_ram = (_end - _edata)

.heap           0x1fff86d0       0x80 load address 0x0000a4f8
                0x1fff86d0                . = _end
                0x1fff8750                . = (. + 0x80)
 *fill*         0x1fff86d0       0x80 
                0x1fff8750                __cy_heap_limit = .

.stack          0x20007800      0x800
                0x20007800                __cy_stack_limit = .
                0x20008000                . = (. + 0x800)
 *fill*         0x20007800      0x800 
                0x00000001                ASSERT ((__cy_stack_limit >= __cy_heap_limit), region RAM overflowed with stack)
                0x00000000                cy_checksum_exclude_size = (CY_APPL_LOADABLE == 0x1)?SIZEOF (.cy_checksum_exclude):0x0
                0x00000001                ASSERT ((cy_checksum_exclude_size <= CY_CHECKSUM_EXCLUDE_SIZE), CY_BOOT: Section .cy_checksum_exclude size exceedes specified limit.)

.cyloadermeta
 *(.cyloadermeta)

.cyloadablemeta
 *(.cyloadablemeta)

.cyconfigecc    0x80000000      0x950
 *(.cyconfigecc)
 .cyconfigecc   0x80000000      0x950 .\ARM_GCC_541\Debug\cymetadata.o
                0x80000000                cy_meta_configecc

.cycustnvl      0x90000000        0x4
 *(.cycustnvl)
 .cycustnvl     0x90000000        0x4 .\ARM_GCC_541\Debug\cymetadata.o
                0x90000000                cy_meta_custnvl

.cywolatch      0x90100000        0x4
 *(.cywolatch)
 .cywolatch     0x90100000        0x4 .\ARM_GCC_541\Debug\cymetadata.o
                0x90100000                cy_meta_wonvl

.cyeeprom       0x90200000        0x0
 *(.cyeeprom)
                0x00000001                ASSERT ((. <= ((0x90200000 + ee_offset) + ee_size)), .cyeeprom data will not fit in EEPROM)

.cyflashprotect
                0x90400000      0x100
 *(.cyflashprotect)
 .cyflashprotect
                0x90400000      0x100 .\ARM_GCC_541\Debug\cymetadata.o
                0x90400000                cy_meta_flashprotect

.cymeta         0x90500000        0xc
 *(.cymeta)
 .cymeta        0x90500000        0xc .\ARM_GCC_541\Debug\cymetadata.o
                0x90500000                cy_metadata

.rel.dyn        0x0000a4f8        0x0 load address 0x9050000c
 .rel.iplt      0x0000a4f8        0x0 c:/program files (x86)/cypress/psoc creator/4.4/psoc creator/import/gnu/arm/5.4.1/bin/../lib/gcc/arm-none-eabi/5.4.1/armv7-m/crtbegin.o

.stab
 *(.stab)

.stabstr
 *(.stabstr)

.debug
 *(.debug)

.line
 *(.line)

.debug_srcinfo
 *(.debug_srcinfo)

.debug_sfnames
 *(.debug_sfnames)

.debug_aranges  0x00000000     0x1280
 *(.debug_aranges)
 .debug_aranges
                0x00000000       0x68 .\ARM_GCC_541\Debug\main.o
 .debug_aranges
                0x00000068       0x40 .\ARM_GCC_541\Debug\adc_balanced.o
 .debug_aranges
                0x000000a8       0xb0 .\ARM_GCC_541\Debug\joystick.o
 .debug_aranges
                0x00000158       0x58 .\ARM_GCC_541\Debug\psoc_eeprom.o
 .debug_aranges
                0x000001b0       0x20 .\ARM_GCC_541\Debug\app_ctx.o
 .debug_aranges
                0x000001d0       0x58 .\ARM_GCC_541\Debug\app_statemachine.o
 .debug_aranges
                0x00000228       0x48 .\ARM_GCC_541\Debug\hamfly_comm_rb.o
 .debug_aranges
                0x00000270       0xb0 .\ARM_GCC_541\Debug\hamfly_core_gimbal.o
 .debug_aranges
                0x00000320       0x70 .\ARM_GCC_541\Debug\hamfly_core_telemetry.o
 .debug_aranges
                0x00000390       0x48 .\ARM_GCC_541\Debug\hamfly_qx_app.o
 .debug_aranges
                0x000003d8      0x228 .\ARM_GCC_541\Debug\hamfly_qx_protocol.o
 .debug_aranges
                0x00000600       0x80 .\ARM_GCC_541\Debug\cyfitter_cfg.o
 .debug_aranges
                0x00000680       0x18 .\ARM_GCC_541\Debug\cymetadata.o
 .debug_aranges
                0x00000698       0x48 .\ARM_GCC_541\Debug\Cm3Start.o
 .debug_aranges
                0x000006e0       0xe8 .\ARM_GCC_541\Debug\Proj07_hamflyAPI_stateMachineUpgrade.a(ADC_DelSig_1.o)
 .debug_aranges
                0x000007c8       0x38 .\ARM_GCC_541\Debug\Proj07_hamflyAPI_stateMachineUpgrade.a(ADC_DelSig_1_INT.o)
 .debug_aranges
                0x00000800       0xf0 .\ARM_GCC_541\Debug\Proj07_hamflyAPI_stateMachineUpgrade.a(UART_1.o)
 .debug_aranges
                0x000008f0       0x30 .\ARM_GCC_541\Debug\Proj07_hamflyAPI_stateMachineUpgrade.a(AMux_1.o)
 .debug_aranges
                0x00000920       0x80 .\ARM_GCC_541\Debug\Proj07_hamflyAPI_stateMachineUpgrade.a(isr_adc.o)
 .debug_aranges
                0x000009a0       0xf0 .\ARM_GCC_541\Debug\Proj07_hamflyAPI_stateMachineUpgrade.a(UART_MOVI.o)
 .debug_aranges
                0x00000a90       0x80 .\ARM_GCC_541\Debug\Proj07_hamflyAPI_stateMachineUpgrade.a(isr_rx_movi.o)
 .debug_aranges
                0x00000b10       0x88 .\ARM_GCC_541\Debug\Proj07_hamflyAPI_stateMachineUpgrade.a(Looptimer.o)
 .debug_aranges
                0x00000b98       0x80 .\ARM_GCC_541\Debug\Proj07_hamflyAPI_stateMachineUpgrade.a(isr_Looptimer.o)
 .debug_aranges
                0x00000c18       0x78 .\ARM_GCC_541\Debug\Proj07_hamflyAPI_stateMachineUpgrade.a(EEPROM_CONFIG.o)
 .debug_aranges
                0x00000c90       0x30 .\ARM_GCC_541\Debug\Proj07_hamflyAPI_stateMachineUpgrade.a(ADC_DelSig_1_AMux.o)
 .debug_aranges
                0x00000cc0       0x70 .\ARM_GCC_541\Debug\Proj07_hamflyAPI_stateMachineUpgrade.a(ADC_DelSig_1_Ext_CP_Clk.o)
 .debug_aranges
                0x00000d30       0x80 .\ARM_GCC_541\Debug\Proj07_hamflyAPI_stateMachineUpgrade.a(ADC_DelSig_1_theACLK.o)
 .debug_aranges
                0x00000db0       0x70 .\ARM_GCC_541\Debug\Proj07_hamflyAPI_stateMachineUpgrade.a(UART_1_IntClock.o)
 .debug_aranges
                0x00000e20       0x88 .\ARM_GCC_541\Debug\Proj07_hamflyAPI_stateMachineUpgrade.a(CyFlash.o)
 .debug_aranges
                0x00000ea8      0x2a0 .\ARM_GCC_541\Debug\Proj07_hamflyAPI_stateMachineUpgrade.a(CyLib.o)
 .debug_aranges
                0x00001148       0x98 .\ARM_GCC_541\Debug\Proj07_hamflyAPI_stateMachineUpgrade.a(cyPm.o)
 .debug_aranges
                0x000011e0       0x80 .\ARM_GCC_541\Debug\Proj07_hamflyAPI_stateMachineUpgrade.a(CySpc.o)
 .debug_aranges
                0x00001260       0x20 .\ARM_GCC_541\Debug\Proj07_hamflyAPI_stateMachineUpgrade.a(CyBootAsmGnu.o)

.debug_pubnames
 *(.debug_pubnames)

.debug_info     0x00000000     0xbb1f
 *(.debug_info .gnu.linkonce.wi.*)
 .debug_info    0x00000000      0xd53 .\ARM_GCC_541\Debug\main.o
 .debug_info    0x00000d53      0x1f7 .\ARM_GCC_541\Debug\adc_balanced.o
 .debug_info    0x00000f4a      0x6c5 .\ARM_GCC_541\Debug\joystick.o
 .debug_info    0x0000160f      0x2db .\ARM_GCC_541\Debug\psoc_eeprom.o
 .debug_info    0x000018ea      0x2f1 .\ARM_GCC_541\Debug\app_ctx.o
 .debug_info    0x00001bdb      0x538 .\ARM_GCC_541\Debug\app_statemachine.o
 .debug_info    0x00002113      0x23c .\ARM_GCC_541\Debug\hamfly_comm_rb.o
 .debug_info    0x0000234f     0x14f9 .\ARM_GCC_541\Debug\hamfly_core_gimbal.o
 .debug_info    0x00003848      0xa22 .\ARM_GCC_541\Debug\hamfly_core_telemetry.o
 .debug_info    0x0000426a      0xee9 .\ARM_GCC_541\Debug\hamfly_qx_app.o
 .debug_info    0x00005153     0x1aff .\ARM_GCC_541\Debug\hamfly_qx_protocol.o
 .debug_info    0x00006c52      0x59a .\ARM_GCC_541\Debug\cyfitter_cfg.o
 .debug_info    0x000071ec      0x139 .\ARM_GCC_541\Debug\cymetadata.o
 .debug_info    0x00007325      0x32b .\ARM_GCC_541\Debug\Cm3Start.o
 .debug_info    0x00007650      0x72c .\ARM_GCC_541\Debug\Proj07_hamflyAPI_stateMachineUpgrade.a(ADC_DelSig_1.o)
 .debug_info    0x00007d7c       0xd3 .\ARM_GCC_541\Debug\Proj07_hamflyAPI_stateMachineUpgrade.a(ADC_DelSig_1_INT.o)
 .debug_info    0x00007e4f      0x50a .\ARM_GCC_541\Debug\Proj07_hamflyAPI_stateMachineUpgrade.a(UART_1.o)
 .debug_info    0x00008359       0xf7 .\ARM_GCC_541\Debug\Proj07_hamflyAPI_stateMachineUpgrade.a(AMux_1.o)
 .debug_info    0x00008450      0x241 .\ARM_GCC_541\Debug\Proj07_hamflyAPI_stateMachineUpgrade.a(isr_adc.o)
 .debug_info    0x00008691      0x50a .\ARM_GCC_541\Debug\Proj07_hamflyAPI_stateMachineUpgrade.a(UART_MOVI.o)
 .debug_info    0x00008b9b      0x241 .\ARM_GCC_541\Debug\Proj07_hamflyAPI_stateMachineUpgrade.a(isr_rx_movi.o)
 .debug_info    0x00008ddc      0x245 .\ARM_GCC_541\Debug\Proj07_hamflyAPI_stateMachineUpgrade.a(Looptimer.o)
 .debug_info    0x00009021      0x241 .\ARM_GCC_541\Debug\Proj07_hamflyAPI_stateMachineUpgrade.a(isr_Looptimer.o)
 .debug_info    0x00009262      0x359 .\ARM_GCC_541\Debug\Proj07_hamflyAPI_stateMachineUpgrade.a(EEPROM_CONFIG.o)
 .debug_info    0x000095bb      0x10a .\ARM_GCC_541\Debug\Proj07_hamflyAPI_stateMachineUpgrade.a(ADC_DelSig_1_AMux.o)
 .debug_info    0x000096c5      0x25d .\ARM_GCC_541\Debug\Proj07_hamflyAPI_stateMachineUpgrade.a(ADC_DelSig_1_Ext_CP_Clk.o)
 .debug_info    0x00009922      0x299 .\ARM_GCC_541\Debug\Proj07_hamflyAPI_stateMachineUpgrade.a(ADC_DelSig_1_theACLK.o)
 .debug_info    0x00009bbb      0x25d .\ARM_GCC_541\Debug\Proj07_hamflyAPI_stateMachineUpgrade.a(UART_1_IntClock.o)
 .debug_info    0x00009e18      0x3b9 .\ARM_GCC_541\Debug\Proj07_hamflyAPI_stateMachineUpgrade.a(CyFlash.o)
 .debug_info    0x0000a1d1      0xe51 .\ARM_GCC_541\Debug\Proj07_hamflyAPI_stateMachineUpgrade.a(CyLib.o)
 .debug_info    0x0000b022      0x57a .\ARM_GCC_541\Debug\Proj07_hamflyAPI_stateMachineUpgrade.a(cyPm.o)
 .debug_info    0x0000b59c      0x4c0 .\ARM_GCC_541\Debug\Proj07_hamflyAPI_stateMachineUpgrade.a(CySpc.o)
 .debug_info    0x0000ba5c       0xc3 .\ARM_GCC_541\Debug\Proj07_hamflyAPI_stateMachineUpgrade.a(CyBootAsmGnu.o)

.debug_abbrev   0x00000000     0x2be9
 *(.debug_abbrev)
 .debug_abbrev  0x00000000      0x1ef .\ARM_GCC_541\Debug\main.o
 .debug_abbrev  0x000001ef      0x111 .\ARM_GCC_541\Debug\adc_balanced.o
 .debug_abbrev  0x00000300      0x267 .\ARM_GCC_541\Debug\joystick.o
 .debug_abbrev  0x00000567      0x13f .\ARM_GCC_541\Debug\psoc_eeprom.o
 .debug_abbrev  0x000006a6       0xdd .\ARM_GCC_541\Debug\app_ctx.o
 .debug_abbrev  0x00000783      0x131 .\ARM_GCC_541\Debug\app_statemachine.o
 .debug_abbrev  0x000008b4      0x124 .\ARM_GCC_541\Debug\hamfly_comm_rb.o
 .debug_abbrev  0x000009d8      0x280 .\ARM_GCC_541\Debug\hamfly_core_gimbal.o
 .debug_abbrev  0x00000c58      0x17e .\ARM_GCC_541\Debug\hamfly_core_telemetry.o
 .debug_abbrev  0x00000dd6      0x1fa .\ARM_GCC_541\Debug\hamfly_qx_app.o
 .debug_abbrev  0x00000fd0      0x277 .\ARM_GCC_541\Debug\hamfly_qx_protocol.o
 .debug_abbrev  0x00001247      0x1ca .\ARM_GCC_541\Debug\cyfitter_cfg.o
 .debug_abbrev  0x00001411       0x77 .\ARM_GCC_541\Debug\cymetadata.o
 .debug_abbrev  0x00001488      0x1d6 .\ARM_GCC_541\Debug\Cm3Start.o
 .debug_abbrev  0x0000165e      0x19d .\ARM_GCC_541\Debug\Proj07_hamflyAPI_stateMachineUpgrade.a(ADC_DelSig_1.o)
 .debug_abbrev  0x000017fb       0x42 .\ARM_GCC_541\Debug\Proj07_hamflyAPI_stateMachineUpgrade.a(ADC_DelSig_1_INT.o)
 .debug_abbrev  0x0000183d      0x163 .\ARM_GCC_541\Debug\Proj07_hamflyAPI_stateMachineUpgrade.a(UART_1.o)
 .debug_abbrev  0x000019a0       0x87 .\ARM_GCC_541\Debug\Proj07_hamflyAPI_stateMachineUpgrade.a(AMux_1.o)
 .debug_abbrev  0x00001a27      0x172 .\ARM_GCC_541\Debug\Proj07_hamflyAPI_stateMachineUpgrade.a(isr_adc.o)
 .debug_abbrev  0x00001b99      0x163 .\ARM_GCC_541\Debug\Proj07_hamflyAPI_stateMachineUpgrade.a(UART_MOVI.o)
 .debug_abbrev  0x00001cfc      0x172 .\ARM_GCC_541\Debug\Proj07_hamflyAPI_stateMachineUpgrade.a(isr_rx_movi.o)
 .debug_abbrev  0x00001e6e       0xe9 .\ARM_GCC_541\Debug\Proj07_hamflyAPI_stateMachineUpgrade.a(Looptimer.o)
 .debug_abbrev  0x00001f57      0x172 .\ARM_GCC_541\Debug\Proj07_hamflyAPI_stateMachineUpgrade.a(isr_Looptimer.o)
 .debug_abbrev  0x000020c9      0x117 .\ARM_GCC_541\Debug\Proj07_hamflyAPI_stateMachineUpgrade.a(EEPROM_CONFIG.o)
 .debug_abbrev  0x000021e0       0x6f .\ARM_GCC_541\Debug\Proj07_hamflyAPI_stateMachineUpgrade.a(ADC_DelSig_1_AMux.o)
 .debug_abbrev  0x0000224f      0x11d .\ARM_GCC_541\Debug\Proj07_hamflyAPI_stateMachineUpgrade.a(ADC_DelSig_1_Ext_CP_Clk.o)
 .debug_abbrev  0x0000236c      0x11d .\ARM_GCC_541\Debug\Proj07_hamflyAPI_stateMachineUpgrade.a(ADC_DelSig_1_theACLK.o)
 .debug_abbrev  0x00002489      0x11d .\ARM_GCC_541\Debug\Proj07_hamflyAPI_stateMachineUpgrade.a(UART_1_IntClock.o)
 .debug_abbrev  0x000025a6      0x14b .\ARM_GCC_541\Debug\Proj07_hamflyAPI_stateMachineUpgrade.a(CyFlash.o)
 .debug_abbrev  0x000026f1      0x217 .\ARM_GCC_541\Debug\Proj07_hamflyAPI_stateMachineUpgrade.a(CyLib.o)
 .debug_abbrev  0x00002908      0x161 .\ARM_GCC_541\Debug\Proj07_hamflyAPI_stateMachineUpgrade.a(cyPm.o)
 .debug_abbrev  0x00002a69      0x16c .\ARM_GCC_541\Debug\Proj07_hamflyAPI_stateMachineUpgrade.a(CySpc.o)
 .debug_abbrev  0x00002bd5       0x14 .\ARM_GCC_541\Debug\Proj07_hamflyAPI_stateMachineUpgrade.a(CyBootAsmGnu.o)

.debug_line     0x00000000     0x5b6d
 *(.debug_line)
 .debug_line    0x00000000      0x44d .\ARM_GCC_541\Debug\main.o
 .debug_line    0x0000044d      0x1f0 .\ARM_GCC_541\Debug\adc_balanced.o
 .debug_line    0x0000063d      0x459 .\ARM_GCC_541\Debug\joystick.o
 .debug_line    0x00000a96      0x24b .\ARM_GCC_541\Debug\psoc_eeprom.o
 .debug_line    0x00000ce1      0x1b3 .\ARM_GCC_541\Debug\app_ctx.o
 .debug_line    0x00000e94      0x2f8 .\ARM_GCC_541\Debug\app_statemachine.o
 .debug_line    0x0000118c      0x1ee .\ARM_GCC_541\Debug\hamfly_comm_rb.o
 .debug_line    0x0000137a        0x0 .\ARM_GCC_541\Debug\hamfly_comm_txbuf.o
 .debug_line    0x0000137a      0x4dd .\ARM_GCC_541\Debug\hamfly_core_gimbal.o
 .debug_line    0x00001857      0x2bc .\ARM_GCC_541\Debug\hamfly_core_telemetry.o
 .debug_line    0x00001b13      0x4ae .\ARM_GCC_541\Debug\hamfly_qx_app.o
 .debug_line    0x00001fc1      0xd66 .\ARM_GCC_541\Debug\hamfly_qx_protocol.o
 .debug_line    0x00002d27      0x27c .\ARM_GCC_541\Debug\cyfitter_cfg.o
 .debug_line    0x00002fa3      0x141 .\ARM_GCC_541\Debug\cymetadata.o
 .debug_line    0x000030e4      0x1dc .\ARM_GCC_541\Debug\Cm3Start.o
 .debug_line    0x000032c0      0x365 .\ARM_GCC_541\Debug\Proj07_hamflyAPI_stateMachineUpgrade.a(ADC_DelSig_1.o)
 .debug_line    0x00003625       0x95 .\ARM_GCC_541\Debug\Proj07_hamflyAPI_stateMachineUpgrade.a(ADC_DelSig_1_INT.o)
 .debug_line    0x000036ba      0x2e4 .\ARM_GCC_541\Debug\Proj07_hamflyAPI_stateMachineUpgrade.a(UART_1.o)
 .debug_line    0x0000399e       0x9b .\ARM_GCC_541\Debug\Proj07_hamflyAPI_stateMachineUpgrade.a(AMux_1.o)
 .debug_line    0x00003a39      0x142 .\ARM_GCC_541\Debug\Proj07_hamflyAPI_stateMachineUpgrade.a(isr_adc.o)
 .debug_line    0x00003b7b      0x2e7 .\ARM_GCC_541\Debug\Proj07_hamflyAPI_stateMachineUpgrade.a(UART_MOVI.o)
 .debug_line    0x00003e62      0x156 .\ARM_GCC_541\Debug\Proj07_hamflyAPI_stateMachineUpgrade.a(isr_rx_movi.o)
 .debug_line    0x00003fb8      0x161 .\ARM_GCC_541\Debug\Proj07_hamflyAPI_stateMachineUpgrade.a(Looptimer.o)
 .debug_line    0x00004119      0x158 .\ARM_GCC_541\Debug\Proj07_hamflyAPI_stateMachineUpgrade.a(isr_Looptimer.o)
 .debug_line    0x00004271      0x22d .\ARM_GCC_541\Debug\Proj07_hamflyAPI_stateMachineUpgrade.a(EEPROM_CONFIG.o)
 .debug_line    0x0000449e       0xa6 .\ARM_GCC_541\Debug\Proj07_hamflyAPI_stateMachineUpgrade.a(ADC_DelSig_1_AMux.o)
 .debug_line    0x00004544      0x1b6 .\ARM_GCC_541\Debug\Proj07_hamflyAPI_stateMachineUpgrade.a(ADC_DelSig_1_Ext_CP_Clk.o)
 .debug_line    0x000046fa      0x1d7 .\ARM_GCC_541\Debug\Proj07_hamflyAPI_stateMachineUpgrade.a(ADC_DelSig_1_theACLK.o)
 .debug_line    0x000048d1      0x1ae .\ARM_GCC_541\Debug\Proj07_hamflyAPI_stateMachineUpgrade.a(UART_1_IntClock.o)
 .debug_line    0x00004a7f      0x22f .\ARM_GCC_541\Debug\Proj07_hamflyAPI_stateMachineUpgrade.a(CyFlash.o)
 .debug_line    0x00004cae      0x883 .\ARM_GCC_541\Debug\Proj07_hamflyAPI_stateMachineUpgrade.a(CyLib.o)
 .debug_line    0x00005531      0x38e .\ARM_GCC_541\Debug\Proj07_hamflyAPI_stateMachineUpgrade.a(cyPm.o)
 .debug_line    0x000058bf      0x231 .\ARM_GCC_541\Debug\Proj07_hamflyAPI_stateMachineUpgrade.a(CySpc.o)
 .debug_line    0x00005af0       0x7d .\ARM_GCC_541\Debug\Proj07_hamflyAPI_stateMachineUpgrade.a(CyBootAsmGnu.o)

.debug_frame    0x00000000     0x5970
 *(.debug_frame)
 .debug_frame   0x00000000      0x19c .\ARM_GCC_541\Debug\main.o
 .debug_frame   0x0000019c       0xc8 .\ARM_GCC_541\Debug\adc_balanced.o
 .debug_frame   0x00000264      0x310 .\ARM_GCC_541\Debug\joystick.o
 .debug_frame   0x00000574      0x138 .\ARM_GCC_541\Debug\psoc_eeprom.o
 .debug_frame   0x000006ac       0x38 .\ARM_GCC_541\Debug\app_ctx.o
 .debug_frame   0x000006e4      0x150 .\ARM_GCC_541\Debug\app_statemachine.o
 .debug_frame   0x00000834      0x100 .\ARM_GCC_541\Debug\hamfly_comm_rb.o
 .debug_frame   0x00000934      0x324 .\ARM_GCC_541\Debug\hamfly_core_gimbal.o
 .debug_frame   0x00000c58      0x1c8 .\ARM_GCC_541\Debug\hamfly_core_telemetry.o
 .debug_frame   0x00000e20       0xe8 .\ARM_GCC_541\Debug\hamfly_qx_app.o
 .debug_frame   0x00000f08      0xab8 .\ARM_GCC_541\Debug\hamfly_qx_protocol.o
 .debug_frame   0x000019c0      0x20c .\ARM_GCC_541\Debug\cyfitter_cfg.o
 .debug_frame   0x00001bcc       0xd8 .\ARM_GCC_541\Debug\Cm3Start.o
 .debug_frame   0x00001ca4      0x40c .\ARM_GCC_541\Debug\Proj07_hamflyAPI_stateMachineUpgrade.a(ADC_DelSig_1.o)
 .debug_frame   0x000020b0       0xa0 .\ARM_GCC_541\Debug\Proj07_hamflyAPI_stateMachineUpgrade.a(ADC_DelSig_1_INT.o)
 .debug_frame   0x00002150      0x42c .\ARM_GCC_541\Debug\Proj07_hamflyAPI_stateMachineUpgrade.a(UART_1.o)
 .debug_frame   0x0000257c       0x7c .\ARM_GCC_541\Debug\Proj07_hamflyAPI_stateMachineUpgrade.a(AMux_1.o)
 .debug_frame   0x000025f8      0x1e8 .\ARM_GCC_541\Debug\Proj07_hamflyAPI_stateMachineUpgrade.a(isr_adc.o)
 .debug_frame   0x000027e0      0x42c .\ARM_GCC_541\Debug\Proj07_hamflyAPI_stateMachineUpgrade.a(UART_MOVI.o)
 .debug_frame   0x00002c0c      0x1e8 .\ARM_GCC_541\Debug\Proj07_hamflyAPI_stateMachineUpgrade.a(isr_rx_movi.o)
 .debug_frame   0x00002df4      0x208 .\ARM_GCC_541\Debug\Proj07_hamflyAPI_stateMachineUpgrade.a(Looptimer.o)
 .debug_frame   0x00002ffc      0x1e8 .\ARM_GCC_541\Debug\Proj07_hamflyAPI_stateMachineUpgrade.a(isr_Looptimer.o)
 .debug_frame   0x000031e4      0x1c0 .\ARM_GCC_541\Debug\Proj07_hamflyAPI_stateMachineUpgrade.a(EEPROM_CONFIG.o)
 .debug_frame   0x000033a4       0x88 .\ARM_GCC_541\Debug\Proj07_hamflyAPI_stateMachineUpgrade.a(ADC_DelSig_1_AMux.o)
 .debug_frame   0x0000342c      0x1b4 .\ARM_GCC_541\Debug\Proj07_hamflyAPI_stateMachineUpgrade.a(ADC_DelSig_1_Ext_CP_Clk.o)
 .debug_frame   0x000035e0      0x200 .\ARM_GCC_541\Debug\Proj07_hamflyAPI_stateMachineUpgrade.a(ADC_DelSig_1_theACLK.o)
 .debug_frame   0x000037e0      0x1b4 .\ARM_GCC_541\Debug\Proj07_hamflyAPI_stateMachineUpgrade.a(UART_1_IntClock.o)
 .debug_frame   0x00003994      0x238 .\ARM_GCC_541\Debug\Proj07_hamflyAPI_stateMachineUpgrade.a(CyFlash.o)
 .debug_frame   0x00003bcc      0xc0c .\ARM_GCC_541\Debug\Proj07_hamflyAPI_stateMachineUpgrade.a(CyLib.o)
 .debug_frame   0x000047d8      0x234 .\ARM_GCC_541\Debug\Proj07_hamflyAPI_stateMachineUpgrade.a(cyPm.o)
 .debug_frame   0x00004a0c      0x228 .\ARM_GCC_541\Debug\Proj07_hamflyAPI_stateMachineUpgrade.a(CySpc.o)
 .debug_frame   0x00004c34       0x38 c:/program files (x86)/cypress/psoc creator/4.4/psoc creator/import/gnu/arm/5.4.1/bin/../lib/gcc/arm-none-eabi/5.4.1/../../../../arm-none-eabi/lib/armv7-m\libm.a(lib_a-s_cos.o)
 .debug_frame   0x00004c6c       0x20 c:/program files (x86)/cypress/psoc creator/4.4/psoc creator/import/gnu/arm/5.4.1/bin/../lib/gcc/arm-none-eabi/5.4.1/../../../../arm-none-eabi/lib/armv7-m\libm.a(lib_a-w_atan2.o)
 .debug_frame   0x00004c8c       0x44 c:/program files (x86)/cypress/psoc creator/4.4/psoc creator/import/gnu/arm/5.4.1/bin/../lib/gcc/arm-none-eabi/5.4.1/../../../../arm-none-eabi/lib/armv7-m\libm.a(lib_a-w_sqrt.o)
 .debug_frame   0x00004cd0       0x3c c:/program files (x86)/cypress/psoc creator/4.4/psoc creator/import/gnu/arm/5.4.1/bin/../lib/gcc/arm-none-eabi/5.4.1/../../../../arm-none-eabi/lib/armv7-m\libm.a(lib_a-wf_asin.o)
 .debug_frame   0x00004d0c       0x20 c:/program files (x86)/cypress/psoc creator/4.4/psoc creator/import/gnu/arm/5.4.1/bin/../lib/gcc/arm-none-eabi/5.4.1/../../../../arm-none-eabi/lib/armv7-m\libm.a(lib_a-wf_atan2.o)
 .debug_frame   0x00004d2c       0x48 c:/program files (x86)/cypress/psoc creator/4.4/psoc creator/import/gnu/arm/5.4.1/bin/../lib/gcc/arm-none-eabi/5.4.1/../../../../arm-none-eabi/lib/armv7-m\libm.a(lib_a-e_atan2.o)
 .debug_frame   0x00004d74       0x48 c:/program files (x86)/cypress/psoc creator/4.4/psoc creator/import/gnu/arm/5.4.1/bin/../lib/gcc/arm-none-eabi/5.4.1/../../../../arm-none-eabi/lib/armv7-m\libm.a(lib_a-e_rem_pio2.o)
 .debug_frame   0x00004dbc       0x30 c:/program files (x86)/cypress/psoc creator/4.4/psoc creator/import/gnu/arm/5.4.1/bin/../lib/gcc/arm-none-eabi/5.4.1/../../../../arm-none-eabi/lib/armv7-m\libm.a(lib_a-e_sqrt.o)