Archive member included to satisfy reference by file (symbol)

.\ARM_GCC_541\Debug\Proj07_hamflyAPI_stateMachineUpgrade.a(ADC_DelSig_1.o)
                              .\ARM_GCC_541\Debug\adc_balanced.o (ADC_DelSig_1_Start)
.\ARM_GCC_541\Debug\Proj07_hamflyAPI_stateMachineUpgrade.a(ADC_DelSig_1_INT.o)
                              .\ARM_GCC_541\Debug\Proj07_hamflyAPI_stateMachineUpgrade.a(ADC_DelSig_1.o) (ADC_DelSig_1_ISR1)
.\ARM_GCC_541\Debug\Proj07_hamflyAPI_stateMachineUpgrade.a(AMux_1.o)
                              .\ARM_GCC_541\Debug\adc_balanced.o (AMux_1_Start)
.\ARM_GCC_541\Debug\Proj07_hamflyAPI_stateMachineUpgrade.a(isr_adc.o)
                              .\ARM_GCC_541\Debug\adc_balanced.o (isr_adc_StartEx)
.\ARM_GCC_541\Debug\Proj07_hamflyAPI_stateMachineUpgrade.a(UART_MOVI.o)
                              .\ARM_GCC_541\Debug\main.o (UART_MOVI_Start)
.\ARM_GCC_541\Debug\Proj07_hamflyAPI_stateMachineUpgrade.a(isr_rx_movi.o)
                              .\ARM_GCC_541\Debug\main.o (isr_rx_movi_StartEx)
.\ARM_GCC_541\Debug\Proj07_hamflyAPI_stateMachineUpgrade.a(Looptimer.o)
                              .\ARM_GCC_541\Debug\main.o (Looptimer_Start)
.\ARM_GCC_541\Debug\Proj07_hamflyAPI_stateMachineUpgrade.a(isr_Looptimer.o)
                              .\ARM_GCC_541\Debug\main.o (isr_Looptimer_StartEx)
.\ARM_GCC_541\Debug\Proj07_hamflyAPI_stateMachineUpgrade.a(EEPROM_CONFIG.o)
                              .\ARM_GCC_541\Debug\psoc_eeprom.o (EEPROM_CONFIG_Start)
.\ARM_GCC_541\Debug\Proj07_hamflyAPI_stateMachineUpgrade.a(ADC_DelSig_1_AMux.o)
                              .\ARM_GCC_541\Debug\Proj07_hamflyAPI_stateMachineUpgrade.a(ADC_DelSig_1.o) (ADC_DelSig_1_AMux_Select)
.\ARM_GCC_541\Debug\Proj07_hamflyAPI_stateMachineUpgrade.a(ADC_DelSig_1_Ext_CP_Clk.o)
                              .\ARM_GCC_541\Debug\Proj07_hamflyAPI_stateMachineUpgrade.a(ADC_DelSig_1.o) (ADC_DelSig_1_Ext_CP_Clk_SetDividerRegister)
.\ARM_GCC_541\Debug\Proj07_hamflyAPI_stateMachineUpgrade.a(ADC_DelSig_1_theACLK.o)
                              .\ARM_GCC_541\Debug\Proj07_hamflyAPI_stateMachineUpgrade.a(ADC_DelSig_1.o) (ADC_DelSig_1_theACLK_SetDividerRegister)
.\ARM_GCC_541\Debug\Proj07_hamflyAPI_stateMachineUpgrade.a(CyFlash.o)
                              .\ARM_GCC_541\Debug\Proj07_hamflyAPI_stateMachineUpgrade.a(EEPROM_CONFIG.o) (dieTemperature)
.\ARM_GCC_541\Debug\Proj07_hamflyAPI_stateMachineUpgrade.a(CyLib.o)
                              .\ARM_GCC_541\Debug\Cm3Start.o (CyResetStatus)
.\ARM_GCC_541\Debug\Proj07_hamflyAPI_stateMachineUpgrade.a(cyPm.o)
                              .\ARM_GCC_541\Debug\Proj07_hamflyAPI_stateMachineUpgrade.a(CyLib.o) (CyPmReadStatus)
.\ARM_GCC_541\Debug\Proj07_hamflyAPI_stateMachineUpgrade.a(CySpc.o)
                              .\ARM_GCC_541\Debug\Proj07_hamflyAPI_stateMachineUpgrade.a(EEPROM_CONFIG.o) (CySpcStart)
.\ARM_GCC_541\Debug\Proj07_hamflyAPI_stateMachineUpgrade.a(UART_DEBUG.o)
                              .\ARM_GCC_541\Debug\main.o (UART_DEBUG_Start)
.\ARM_GCC_541\Debug\Proj07_hamflyAPI_stateMachineUpgrade.a(UART_DEBUG_IntClock.o)
                              .\ARM_GCC_541\Debug\Proj07_hamflyAPI_stateMachineUpgrade.a(UART_DEBUG.o) (UART_DEBUG_IntClock_Start)
.\ARM_GCC_541\Debug\Proj07_hamflyAPI_stateMachineUpgrade.a(CyBootAsmGnu.o)
                              .\ARM_GCC_541\Debug\cyfitter_cfg.o (CyDelayCycles)
c:/program files (x86)/cypress/psoc creator/4.4/psoc creator/import/gnu/arm/5.4.1/bin/../lib/gcc/arm-none-eabi/5.4.1/../../../../arm-none-eabi/lib/armv7-m\libm.a(lib_a-s_cos.o)
                              .\ARM_GCC_541\Debug\hamfly_core_gimbal.o (cos)
c:/program files (x86)/cypress/psoc creator/4.4/psoc creator/import/gnu/arm/5.4.1/bin/../lib/gcc/arm-none-eabi/5.4.1/../../../../arm-none-eabi/lib/armv7-m\libm.a(lib_a-w_atan2.o)
                              .\ARM_GCC_541\Debug\hamfly_core_gimbal.o (atan2)
c:/program files (x86)/cypress/psoc creator/4.4/psoc creator/import/gnu/arm/5.4.1/bin/../lib/gcc/arm-none-eabi/5.4.1/../../../../arm-none-eabi/lib/armv7-m\libm.a(lib_a-w_sqrt.o)
                              .\ARM_GCC_541\Debug\hamfly_core_gimbal.o (sqrt)
c:/program files (x86)/cypress/psoc creator/4.4/psoc creator/import/gnu/arm/5.4.1/bin/../lib/gcc/arm-none-eabi/5.4.1/../../../../arm-none-eabi/lib/armv7-m\libm.a(lib_a-wf_asin.o)
                              .\ARM_GCC_541\Debug\main.o (asinf)
c:/program files (x86)/cypress/psoc creator/4.4/psoc creator/import/gnu/arm/5.4.1/bin/../lib/gcc/arm-none-eabi/5.4.1/../../../../arm-none-eabi/lib/armv7-m\libm.a(lib_a-wf_atan2.o)
                              .\ARM_GCC_541\Debug\main.o (atan2f)
c:/program files (x86)/cypress/psoc creator/4.4/psoc creator/import/gnu/arm/5.4.1/bin/../lib/gcc/arm-none-eabi/5.4.1/../../../../arm-none-eabi/lib/armv7-m\libm.a(lib_a-e_atan2.o)
[...]
Memory Configuration

Name             Origin             Length             Attributes
rom              0x00000000         0x00040000         xr
ram              0x1fff8000         0x00010000         xrw
*default*        0x00000000         0xffffffff

Linker script and memory map

LOAD c:/program files (x86)/cypress/psoc creator/4.4/psoc creator/import/gnu/arm/5.4.1/bin/../lib/gcc/arm-none-eabi/5.4.1/armv7-m/crti.o
LOAD c:/program files (x86)/cypress/psoc creator/4.4/psoc creator/import/gnu/arm/5.4.1/bin/../lib/gcc/arm-none-eabi/5.4.1/armv7-m/crtbegin.o
LOAD c:/program files (x86)/cypress/psoc creator/4.4/psoc creator/import/gnu/arm/5.4.1/bin/../lib/gcc/arm-none-eabi/5.4.1/../../../../arm-none-eabi/lib/armv7-m/crt0.o
START GROUP
LOAD .\ARM_GCC_541\Debug\main.o
LOAD .\ARM_GCC_541\Debug\adc_balanced.o
LOAD .\ARM_GCC_541\Debug\joystick.o
LOAD .\ARM_GCC_541\Debug\psoc_eeprom.o
LOAD .\ARM_GCC_541\Debug\app_ctx.o
LOAD .\ARM_GCC_541\Debug\app_statemachine.o
LOAD .\ARM_GCC_541\Debug\hamfly_comm_rb.o
LOAD .\ARM_GCC_541\Debug\hamfly_comm_txbuf.o
LOAD .\ARM_GCC_541\Debug\hamfly_core_gimbal.o
LOAD .\ARM_GCC_541\Debug\hamfly_core_telemetry.o
LOAD .\ARM_GCC_541\Debug\hamfly_qx_app.o
LOAD .\ARM_GCC_541\Debug\hamfly_qx_protocol.o
LOAD .\ARM_GCC_541\Debug\cyfitter_cfg.o
LOAD .\ARM_GCC_541\Debug\cymetadata.o
LOAD .\ARM_GCC_541\Debug\Cm3Start.o
LOAD .\ARM_GCC_541\Debug\Proj07_hamflyAPI_stateMachineUpgrade.a
LOAD C:\Program Files (x86)\Cypress\PSoC Creator\4.4\PSoC Creator\psoc\content\cycomponentlibrary\CyComponentLibrary.cylib\CortexM3\ARM_GCC_541\Debug\CyComponentLibrary.a
LOAD c:/program files (x86)/cypress/psoc creator/4.4/psoc creator/import/gnu/arm/5.4.1/bin/../lib/gcc/arm-none-eabi/5.4.1/../../../../arm-none-eabi/lib/armv7-m\libm.a
END GROUP
START GROUP
LOAD c:/program files (x86)/cypress/psoc creator/4.4/psoc creator/import/gnu/arm/5.4.1/bin/../lib/gcc/arm-none-eabi/5.4.1/armv7-m\libgcc.a
LOAD c:/program files (x86)/cypress/psoc creator/4.4/psoc creator/import/gnu/arm/5.4.1/bin/../lib/gcc/arm-none-eabi/5.4.1/../../../../arm-none-eabi/lib/armv7-m\libg_nano.a
LOAD c:/program files (x86)/cypress/psoc creator/4.4/psoc creator/import/gnu/arm/5.4.1/bin/../lib/gcc/arm-none-eabi/5.4.1/../../../../arm-none-eabi/lib/armv7-m\libc_nano.a
END GROUP
START GROUP
LOAD c:/program files (x86)/cypress/psoc creator/4.4/psoc creator/import/gnu/arm/5.4.1/bin/../lib/gcc/arm-none-eabi/5.4.1/armv7-m\libgcc.a
LOAD c:/program files (x86)/cypress/psoc creator/4.4/psoc creator/import/gnu/arm/5.4.1/bin/../lib/gcc/arm-none-eabi/5.4.1/../../../../arm-none-eabi/lib/armv7-m\libc_nano.a
END GROUP
LOAD c:/program files (x86)/cypress/psoc creator/4.4/psoc creator/import/gnu/arm/5.4.1/bin/../lib/gcc/arm-none-eabi/5.4.1/armv7-m/crtend.o
LOAD c:/program files (x86)/cypress/psoc creator/4.4/psoc creator/import/gnu/arm/5.4.1/bin/../lib/gcc/arm-none-eabi/5.4.1/armv7-m/crtn.o
START GROUP
LOAD c:/program files (x86)/cypress/psoc creator/4.4/psoc creator/import/gnu/arm/5.4.1/bin/../lib/gcc/arm-none-eabi/5.4.1/armv7-m\libgcc.a
LOAD c:/program files (x86)/cypress/psoc creator/4.4/psoc creator/import/gnu/arm/5.4.1/bin/../lib/gcc/arm-none-eabi/5.4.1/../../../../arm-none-eabi/lib/armv7-m\libc.a
LOAD c:/program files (x86)/cypress/psoc creator/4.4/psoc creator/import/gnu/arm/5.4.1/bin/../lib/gcc/arm-none-eabi/5.4.1/../../../../arm-none-eabi/lib/armv7-m\libnosys.a
END GROUP
                0x00000000                CY_APPL_ORIGIN = 0x0
                0x00000100                CY_FLASH_ROW_SIZE = 0x100
                0x00000020                CY_ECC_ROW_SIZE = 0x20
                0x00000000                CY_EE_IN_BTLDR = 0x0
                0x00000000                CY_APPL_LOADABLE = 0x0
                0x00000800                CY_EE_SIZE = 0x800
                0x00000001                CY_APPL_NUM = 0x1
                0x00000001                CY_APPL_MAX = 0x1
                0x00000040                CY_METADATA_SIZE = 0x40
                0x00000000                CY_APPL_LOADABLE = 0x0
                0x00000000                CY_CHECKSUM_EXCLUDE_SIZE = ALIGN (0x0, CY_FLASH_ROW_SIZE)
                [!provide]                PROVIDE (__cy_heap_start, _end)
                0x00000001                PROVIDE (__cy_region_num, ((__cy_regions_end - __cy_regions) / 0x10))
                0x20008000                PROVIDE (__cy_stack, (ORIGIN (ram) + LENGTH (ram)))
                [!provide]                PROVIDE (__cy_heap_end, (__cy_stack - 0x800))

.cybootloader   0x00000000        0x0
 *(.cybootloader)
                0x00000000                appl1_start = CY_APPL_ORIGIN?CY_APPL_ORIGIN:ALIGN (CY_FLASH_ROW_SIZE)
                0x0001ff00                appl2_start = (appl1_start + ALIGN ((((LENGTH (rom) - appl1_start) - (0x2 * CY_FLASH_ROW_SIZE)) / 0x2), CY_FLASH_ROW_SIZE))
                0x00000000                appl_start = (CY_APPL_NUM == 0x1)?appl1_start:appl2_start
                0x00000000                ecc_offset = ((appl_start / CY_FLASH_ROW_SIZE) * CY_ECC_ROW_SIZE)
                0x00000000                ee_offset = (CY_APPL_LOADABLE && ! (CY_EE_IN_BTLDR))?((CY_EE_SIZE / CY_APPL_MAX) * (CY_APPL_NUM - 0x1)):0x0
                0x00000800                ee_size = (CY_APPL_LOADABLE && ! (CY_EE_IN_BTLDR))?(CY_EE_SIZE / CY_APPL_MAX):CY_EE_SIZE
                [!provide]                PROVIDE (CY_ECC_OFFSET, ecc_offset)

.text           0x00000000     0xa45e
 CREATE_OBJECT_SYMBOLS
                0x00000000                PROVIDE (__cy_interrupt_vector, RomVectors)
 *(.romvectors)
 .romvectors    0x00000000       0x10 .\ARM_GCC_541\Debug\Cm3Start.o
                0x00000000                RomVectors
                0x00000001                ASSERT ((. != __cy_interrupt_vector), No interrupt vector)
                0x00000001                ASSERT (CY_APPL_ORIGIN?(SIZEOF (.cybootloader) <= CY_APPL_ORIGIN):0x1, Wrong image location)
                0x00000010                PROVIDE (__cy_reset, Reset)
 *(.text.Reset)
 .text.Reset    0x00000010       0x18 .\ARM_GCC_541\Debug\Cm3Start.o
                0x00000010                Reset
                0x00000001                ASSERT ((. != __cy_reset), No reset code)
 *(.dma_init)
                0x00000001                ASSERT ((((appl_start + .) <= 0x10000) || 0x1), DMA Init must be within the first 64k of flash)
 *(.text .text.* .gnu.linkonce.t.*)
 .text          0x00000028       0x5c c:/program files (x86)/cypress/psoc creator/4.4/psoc creator/import/gnu/arm/5.4.1/bin/../lib/gcc/arm-none-eabi/5.4.1/armv7-m/crtbegin.o
 .text._hamfly_psoc5_putc
                0x00000084       0x1c .\ARM_GCC_541\Debug\main.o
 .text.psoc_get_tick
                0x000000a0       0x1c .\ARM_GCC_541\Debug\main.o
 .text.isr_rx_movi_Handler
                0x000000bc       0x58 .\ARM_GCC_541\Debug\main.o
                0x000000bc                isr_rx_movi_Handler
 .text.isr_Looptimer_Handler
                0x00000114       0x1c .\ARM_GCC_541\Debug\main.o
                0x00000114                isr_Looptimer_Handler
 .text.get_euler_deg
                0x00000130      0x188 .\ARM_GCC_541\Debug\main.o
                0x00000130                get_euler_deg
 .text.mode_str
                0x000002b8       0x38 .\ARM_GCC_541\Debug\main.o
 .text.main     0x000002f0      0x274 .\ARM_GCC_541\Debug\main.o
                0x000002f0                main
 .text.isr_adc_Handler
                0x00000564       0x18 .\ARM_GCC_541\Debug\adc_balanced.o
                0x00000564                isr_adc_Handler
 .text.adc_balanced_init
                0x0000057c       0x6c .\ARM_GCC_541\Debug\adc_balanced.o
                0x0000057c                adc_balanced_init
 .text.adc_balanced_advance_on_eoc
                0x000005e8       0x64 .\ARM_GCC_541\Debug\adc_balanced.o
 .text.adc_balanced_poll_frame
                0x0000064c       0x6c .\ARM_GCC_541\Debug\adc_balanced.o
                0x0000064c                adc_balanced_poll_frame
 .text.joystick_set_sensitivity
                0x000006b8       0x48 .\ARM_GCC_541\Debug\joystick.o
                0x000006b8                joystick_set_sensitivity
 .text.normalize_axis
                0x00000700       0xd0 .\ARM_GCC_541\Debug\joystick.o
 .text.apply_deadband
                0x000007d0       0x90 .\ARM_GCC_541\Debug\joystick.o
 .text.joystick_validate
                0x00000860       0x94 .\ARM_GCC_541\Debug\joystick.o
                0x00000860                joystick_validate
 .text.cal_begin_range_capture
                0x000008f4       0x84 .\ARM_GCC_541\Debug\joystick.o
 .text.cal_update_ranges
                0x00000978       0x98 .\ARM_GCC_541\Debug\joystick.o
 .text.cal_start_center_capture
                0x00000a10       0x44 .\ARM_GCC_541\Debug\joystick.o
 .text.cal_center_capture_update
                0x00000a54       0xa8 .\ARM_GCC_541\Debug\joystick.o
 .text.cal_save_or_restart
                0x00000afc       0x44 .\ARM_GCC_541\Debug\joystick.o
 .text.joystick_init
                0x00000b40       0xa4 .\ARM_GCC_541\Debug\joystick.o
                0x00000b40                joystick_init
 .text.joystick_on_sample
                0x00000be4       0x48 .\ARM_GCC_541\Debug\joystick.o
                0x00000be4                joystick_on_sample
 .text.joystick_on_key
                0x00000c2c       0x70 .\ARM_GCC_541\Debug\joystick.o
                0x00000c2c                joystick_on_key
 .text.joystick_cal_state
                0x00000c9c       0x14 .\ARM_GCC_541\Debug\joystick.o
                0x00000c9c                joystick_cal_state
 .text.joystick_get_cmd
                0x00000cb0       0xe8 .\ARM_GCC_541\Debug\joystick.o
                0x00000cb0                joystick_get_cmd
 .text.joystick_load
                0x00000d98       0x4c .\ARM_GCC_541\Debug\joystick.o
                0x00000d98                joystick_load
 .text.slot_id_to_row
                0x00000de4       0x2c .\ARM_GCC_541\Debug\psoc_eeprom.o
 .text.read_row_byte
                0x00000e10       0x38 .\ARM_GCC_541\Debug\psoc_eeprom.o
 .text.read_row_data
                0x00000e48       0x3c .\ARM_GCC_541\Debug\psoc_eeprom.o
 .text.psoc_eeprom_init
                0x00000e84        0xc .\ARM_GCC_541\Debug\psoc_eeprom.o
                0x00000e84                psoc_eeprom_init
 .text.psoc_eeprom_read
                0x00000e90       0x7c .\ARM_GCC_541\Debug\psoc_eeprom.o
                0x00000e90                psoc_eeprom_read
 .text.app_ctx_init
                0x00000f0c       0x3c .\ARM_GCC_541\Debug\app_ctx.o
                0x00000f0c                app_ctx_init
 .text.depth_of
                0x00000f48       0x34 .\ARM_GCC_541\Debug\app_statemachine.o
 .text.lca      0x00000f7c       0x80 .\ARM_GCC_541\Debug\app_statemachine.o
 .text.transition
                0x00000ffc       0xf0 .\ARM_GCC_541\Debug\app_statemachine.o
 .text.app_start
                0x000010ec       0x28 .\ARM_GCC_541\Debug\app_statemachine.o
                0x000010ec                app_start
 .text.app_raise_error
                0x00001114       0x68 .\ARM_GCC_541\Debug\app_statemachine.o
                0x00001114                app_raise_error
 .text.app_state_name
                0x0000117c       0x20 .\ARM_GCC_541\Debug\app_statemachine.o
                0x0000117c                app_state_name
 .text.entry_stby_defer
                0x0000119c       0x1c .\ARM_GCC_541\Debug\app_statemachine.o
 .text.entry_stby_hold
                0x000011b8       0x1c .\ARM_GCC_541\Debug\app_statemachine.o
 .text.entry_manu_joystick
                0x000011d4       0x20 .\ARM_GCC_541\Debug\app_statemachine.o
 .text.exit_manu_joystick
                0x000011f4       0x18 .\ARM_GCC_541\Debug\app_statemachine.o
 .text.sev_str  0x0000120c       0x40 .\ARM_GCC_541\Debug\app_statemachine.o
 .text.entry_error_active
                0x0000124c       0x80 .\ARM_GCC_541\Debug\app_statemachine.o
 .text.set_origin
                0x000012cc      0x1c0 .\ARM_GCC_541\Debug\app_statemachine.o
 .text.print_help
                0x0000148c       0x1c .\ARM_GCC_541\Debug\app_statemachine.o
 .text.handle_global_key
                0x000014a8       0x94 .\ARM_GCC_541\Debug\app_statemachine.o
 .text.leaf_traps_nav
                0x0000153c       0x20 .\ARM_GCC_541\Debug\app_statemachine.o
 .text.handle_nav_key
                0x0000155c       0x50 .\ARM_GCC_541\Debug\app_statemachine.o
 .text.key_error_active
                0x000015ac       0x40 .\ARM_GCC_541\Debug\app_statemachine.o
 .text.app_dispatch_key
                0x000015ec       0xa0 .\ARM_GCC_541\Debug\app_statemachine.o
                0x000015ec                app_dispatch_key
 .text.build_zero
                0x0000168c       0x1c .\ARM_GCC_541\Debug\app_statemachine.o
 .text.build_stby
                0x000016a8       0x1c .\ARM_GCC_541\Debug\app_statemachine.o
 .text.build_manu_joystick
                0x000016c4       0xa4 .\ARM_GCC_541\Debug\app_statemachine.o
 .text.build_error
                0x00001768       0x28 .\ARM_GCC_541\Debug\app_statemachine.o
 .text.app_build_control
                0x00001790       0x3c .\ARM_GCC_541\Debug\app_statemachine.o
                0x00001790                app_build_control
 .text.nudge_apply
                0x000017cc      0x198 .\ARM_GCC_541\Debug\app_statemachine.o
 .text.key_manu_joystick
                0x00001964      0x224 .\ARM_GCC_541\Debug\app_statemachine.o
 .text.app_manual_tick
                0x00001b88       0xc0 .\ARM_GCC_541\Debug\app_statemachine.o
                0x00001b88                app_manual_tick
 .text.rb_next  0x00001c48       0x28 .\ARM_GCC_541\Debug\hamfly_comm_rb.o
 .text.hamfly_rb_init
                0x00001c70       0x2c .\ARM_GCC_541\Debug\hamfly_comm_rb.o
                0x00001c70                hamfly_rb_init
 .text.hamfly_rb_push
                0x00001c9c       0x64 .\ARM_GCC_541\Debug\hamfly_comm_rb.o
                0x00001c9c                hamfly_rb_push
 .text.hamfly_rb_pop
                0x00001d00       0x58 .\ARM_GCC_541\Debug\hamfly_comm_rb.o
                0x00001d00                hamfly_rb_pop
 .text.load_freefly_control
                0x00001d58       0x50 .\ARM_GCC_541\Debug\hamfly_core_gimbal.o
 .text.copy_qx287_to_telemetry
                0x00001da8       0x1c .\ARM_GCC_541\Debug\hamfly_core_gimbal.o
 .text.drain_rb
                0x00001dc4       0x44 .\ARM_GCC_541\Debug\hamfly_core_gimbal.o
 .text.hamfly_init
                0x00001e08       0x5c .\ARM_GCC_541\Debug\hamfly_core_gimbal.o
                0x00001e08                hamfly_init
 .text.hamfly_on_rx_byte
                0x00001e64       0x3c .\ARM_GCC_541\Debug\hamfly_core_gimbal.o
                0x00001e64                hamfly_on_rx_byte
 .text.hamfly_on_uart_err_flags
                0x00001ea0       0x30 .\ARM_GCC_541\Debug\hamfly_core_gimbal.o
                0x00001ea0                hamfly_on_uart_err_flags
 .text.hamfly_pump
                0x00001ed0      0x27c .\ARM_GCC_541\Debug\hamfly_core_gimbal.o
                0x00001ed0                hamfly_pump
 .text.hamfly_send_control
                0x0000214c       0x7c .\ARM_GCC_541\Debug\hamfly_core_gimbal.o
                0x0000214c                hamfly_send_control
 .text.hamfly_kill
                0x000021c8       0x3c .\ARM_GCC_541\Debug\hamfly_core_gimbal.o
                0x000021c8                hamfly_kill
 .text.hamfly_get_telemetry
                0x00002204       0x30 .\ARM_GCC_541\Debug\hamfly_core_gimbal.o
                0x00002204                hamfly_get_telemetry
 .text.rd_be32  0x00002234       0x34 .\ARM_GCC_541\Debug\hamfly_core_telemetry.o
 .text.rd_be16  0x00002268       0x28 .\ARM_GCC_541\Debug\hamfly_core_telemetry.o
 .text.rd_be_u16
                0x00002290       0x28 .\ARM_GCC_541\Debug\hamfly_core_telemetry.o
 .text.rd_le16  0x000022b8       0x24 .\ARM_GCC_541\Debug\hamfly_core_telemetry.o
 .text.hamfly_decode_qx287
                0x000022dc       0x68 .\ARM_GCC_541\Debug\hamfly_core_telemetry.o
                0x000022dc                hamfly_decode_qx287
 .text.hamfly_decode_gps
                0x00002344      0x1a0 .\ARM_GCC_541\Debug\hamfly_core_telemetry.o
                0x00002344                hamfly_decode_gps
 .text.hamfly_decode_baro
                0x000024e4       0x78 .\ARM_GCC_541\Debug\hamfly_core_telemetry.o
                0x000024e4                hamfly_decode_baro
 .text.hamfly_decode_attitude
                0x0000255c      0x144 .\ARM_GCC_541\Debug\hamfly_core_telemetry.o
                0x0000255c                hamfly_decode_attitude
 .text.hamfly_decode_sysstat
                0x000026a0      0x1c8 .\ARM_GCC_541\Debug\hamfly_core_telemetry.o
                0x000026a0                hamfly_decode_sysstat
 .text.hamfly_decode_mag
                0x00002868      0x18c .\ARM_GCC_541\Debug\hamfly_core_telemetry.o
                0x00002868                hamfly_decode_mag
 .text.hamfly_decode_sysecho
                0x000029f4       0x7c .\ARM_GCC_541\Debug\hamfly_core_telemetry.o
                0x000029f4                hamfly_decode_sysecho
 .text.ff_api_init
                0x00002a70       0x7c .\ARM_GCC_541\Debug\hamfly_qx_app.o
 .text.ff_api_send
                0x00002aec       0x44 .\ARM_GCC_541\Debug\hamfly_qx_app.o
 .text.QX_ParsePacket_Cli_MoVI_Ctrl_CB
                0x00002b30      0x884 .\ARM_GCC_541\Debug\hamfly_qx_app.o
 .text.QX_SendMsg2CommsPort_CB
                0x000033b4       0x64 .\ARM_GCC_541\Debug\hamfly_qx_app.o
                0x000033b4                QX_SendMsg2CommsPort_CB
 .text.QX_FwdMsg_CB
                0x00003418       0x14 .\ARM_GCC_541\Debug\hamfly_qx_app.o
                0x00003418                QX_FwdMsg_CB
 .text.QX_GetTicks_ms
                0x0000342c       0x34 .\ARM_GCC_541\Debug\hamfly_qx_app.o
                0x0000342c                QX_GetTicks_ms
 .text.QX_Parser_SetMsgPtr
                0x00003460       0x1c .\ARM_GCC_541\Debug\hamfly_qx_protocol.o
                0x00003460                QX_Parser_SetMsgPtr
 .text.QX_Parser_AdvMsgPtr
                0x0000347c       0x1c .\ARM_GCC_541\Debug\hamfly_qx_protocol.o
                0x0000347c                QX_Parser_AdvMsgPtr
 .text.QX_Parser_GetMsgPtr
                0x00003498       0x14 .\ARM_GCC_541\Debug\hamfly_qx_protocol.o
                0x00003498                QX_Parser_GetMsgPtr
 .text.QX_Parser_SetDir_Read
                0x000034ac       0x18 .\ARM_GCC_541\Debug\hamfly_qx_protocol.o
                0x000034ac                QX_Parser_SetDir_Read
 .text.QX_Parser_SetDir_WriteAbs
                0x000034c4       0x18 .\ARM_GCC_541\Debug\hamfly_qx_protocol.o
                0x000034c4                QX_Parser_SetDir_WriteAbs
 .text.AddFloatAsSignedShort
                0x000034dc       0xc8 .\ARM_GCC_541\Debug\hamfly_qx_protocol.o
                0x000034dc                AddFloatAsSignedShort
 .text.GetFloatAsSignedShort
                0x000035a4      0x170 .\ARM_GCC_541\Debug\hamfly_qx_protocol.o
                0x000035a4                GetFloatAsSignedShort
 .text.AddSignedShortAsSignedShort
                0x00003714       0x58 .\ARM_GCC_541\Debug\hamfly_qx_protocol.o
                0x00003714                AddSignedShortAsSignedShort
 .text.GetSignedShortAsSignedShort
                0x0000376c      0x15c .\ARM_GCC_541\Debug\hamfly_qx_protocol.o
                0x0000376c                GetSignedShortAsSignedShort
 .text.AddUnsignedCharAsUnsignedChar
                0x000038c8       0x3c .\ARM_GCC_541\Debug\hamfly_qx_protocol.o
                0x000038c8                AddUnsignedCharAsUnsignedChar
 .text.GetUnsignedCharAsUnsignedChar
                0x00003904       0xc8 .\ARM_GCC_541\Debug\hamfly_qx_protocol.o
                0x00003904                GetUnsignedCharAsUnsignedChar
 .text.AddUnsignedShortAsUnsignedShort
                0x000039cc       0x54 .\ARM_GCC_541\Debug\hamfly_qx_protocol.o
                0x000039cc                AddUnsignedShortAsUnsignedShort
 .text.GetUnsignedShortAsUnsignedShort
                0x00003a20       0xf8 .\ARM_GCC_541\Debug\hamfly_qx_protocol.o
                0x00003a20                GetUnsignedShortAsUnsignedShort
 .text.AddBitsAsByte
                0x00003b18       0xcc .\ARM_GCC_541\Debug\hamfly_qx_protocol.o
                0x00003b18                AddBitsAsByte
 .text.GetBitsAsByte
                0x00003be4       0xdc .\ARM_GCC_541\Debug\hamfly_qx_protocol.o
                0x00003be4                GetBitsAsByte
 .text.QX_InitMsg
                0x00003cc0       0x30 .\ARM_GCC_541\Debug\hamfly_qx_protocol.o
 .text.QX_RxMsg
                0x00003cf0       0xec .\ARM_GCC_541\Debug\hamfly_qx_protocol.o
 .text.QX_Srv_Rx_Read
                0x00003ddc       0x90 .\ARM_GCC_541\Debug\hamfly_qx_protocol.o
 .text.QX_Srv_Rx_Write
                0x00003e6c       0xc4 .\ARM_GCC_541\Debug\hamfly_qx_protocol.o
 .text.QX_Cli_Rx_CurVal
                0x00003f30       0x3c .\ARM_GCC_541\Debug\hamfly_qx_protocol.o
 .text.QX_TxMsg_Setup
                0x00003f6c       0x4c .\ARM_GCC_541\Debug\hamfly_qx_protocol.o
 .text.QX_TxMsg_Finish
                0x00003fb8      0x1dc .\ARM_GCC_541\Debug\hamfly_qx_protocol.o
 .text.QX_BuildHeader
                0x00004194      0x188 .\ARM_GCC_541\Debug\hamfly_qx_protocol.o
 .text.QX_ParseHeader
                0x0000431c      0x114 .\ARM_GCC_541\Debug\hamfly_qx_protocol.o
 .text.QX_Calc8bChecksum
                0x00004430       0x3c .\ARM_GCC_541\Debug\hamfly_qx_protocol.o
 .text.QX_AddExtdValToBuf
                0x0000446c       0x88 .\ARM_GCC_541\Debug\hamfly_qx_protocol.o
 .text.QX_GetExtdValFromBuf
                0x000044f4       0x6c .\ARM_GCC_541\Debug\hamfly_qx_protocol.o
 .text.QX_compute_crc32
                0x00004560       0x4c .\ARM_GCC_541\Debug\hamfly_qx_protocol.o
 .text.QX_accumulate_crc32
                0x000045ac       0x54 .\ARM_GCC_541\Debug\hamfly_qx_protocol.o
                0x000045ac                QX_accumulate_crc32
 .text.QX_InitCli
                0x00004600       0x24 .\ARM_GCC_541\Debug\hamfly_qx_protocol.o
                0x00004600                QX_InitCli
 .text.QX_InitTxOptions
                0x00004624       0x3c .\ARM_GCC_541\Debug\hamfly_qx_protocol.o
                0x00004624                QX_InitTxOptions
 .text.QX_SendPacket_Srv_CurVal
                0x00004660       0x98 .\ARM_GCC_541\Debug\hamfly_qx_protocol.o
                0x00004660                QX_SendPacket_Srv_CurVal
 .text.QX_SendPacket_Cli_WriteABS
                0x000046f8       0x98 .\ARM_GCC_541\Debug\hamfly_qx_protocol.o
                0x000046f8                QX_SendPacket_Cli_WriteABS
 .text.QX_StreamRxCharSM
                0x00004790      0x6e0 .\ARM_GCC_541\Debug\hamfly_qx_protocol.o
                0x00004790                QX_StreamRxCharSM
 .text.CYMEMZERO
                0x00004e70       0x1c .\ARM_GCC_541\Debug\cyfitter_cfg.o
 .text.CYCONFIGCPY
                0x00004e8c       0x20 .\ARM_GCC_541\Debug\cyfitter_cfg.o
 .text.CyClockStartupError
                0x00004eac        0xc .\ARM_GCC_541\Debug\cyfitter_cfg.o
 .text.cfg_write_bytes32
                0x00004eb8       0x74 .\ARM_GCC_541\Debug\cyfitter_cfg.o
 .text.ClockSetup
                0x00004f2c      0x180 .\ARM_GCC_541\Debug\cyfitter_cfg.o
 .text.AnalogSetDefault
                0x000050ac       0x44 .\ARM_GCC_541\Debug\cyfitter_cfg.o
 .text.AMux_1_Set
                0x000050f0       0x6c .\ARM_GCC_541\Debug\cyfitter_cfg.o
                0x000050f0                AMux_1_Set
 .text.AMux_1_Unset
                0x0000515c       0x74 .\ARM_GCC_541\Debug\cyfitter_cfg.o
                0x0000515c                AMux_1_Unset
 .text.ADC_DelSig_1_AMux_Set
                0x000051d0       0x40 .\ARM_GCC_541\Debug\cyfitter_cfg.o
                0x000051d0                ADC_DelSig_1_AMux_Set
 .text.ADC_DelSig_1_AMux_Unset
                0x00005210       0x44 .\ARM_GCC_541\Debug\cyfitter_cfg.o
                0x00005210                ADC_DelSig_1_AMux_Unset
 .text.cyfitter_cfg
                0x00005254      0x1ac .\ARM_GCC_541\Debug\cyfitter_cfg.o
                0x00005254                cyfitter_cfg
 .text.IntDefaultHandler
                0x00005400       0x14 .\ARM_GCC_541\Debug\Cm3Start.o
                0x00005400                IntDefaultHandler
 .text._sbrk    0x00005414       0x50 .\ARM_GCC_541\Debug\Cm3Start.o
                0x00005414                _sbrk
 .text.Start_c  0x00005464       0x98 .\ARM_GCC_541\Debug\Cm3Start.o
                0x00005464                Start_c
 .text.initialize_psoc
                0x000054fc       0x90 .\ARM_GCC_541\Debug\Cm3Start.o
                0x000054fc                initialize_psoc
 .text.ADC_DelSig_1_Init
                0x0000558c      0x11c .\ARM_GCC_541\Debug\Proj07_hamflyAPI_stateMachineUpgrade.a(ADC_DelSig_1.o)
                0x0000558c                ADC_DelSig_1_Init
 .text.ADC_DelSig_1_Enable
                0x000056a8      0x158 .\ARM_GCC_541\Debug\Proj07_hamflyAPI_stateMachineUpgrade.a(ADC_DelSig_1.o)
                0x000056a8                ADC_DelSig_1_Enable
 .text.ADC_DelSig_1_Start
                0x00005800       0x30 .\ARM_GCC_541\Debug\Proj07_hamflyAPI_stateMachineUpgrade.a(ADC_DelSig_1.o)
                0x00005800                ADC_DelSig_1_Start
 .text.ADC_DelSig_1_StartConvert
                0x00005830       0x20 .\ARM_GCC_541\Debug\Proj07_hamflyAPI_stateMachineUpgrade.a(ADC_DelSig_1.o)
                0x00005830                ADC_DelSig_1_StartConvert
 .text.ADC_DelSig_1_StopConvert
                0x00005850       0x20 .\ARM_GCC_541\Debug\Proj07_hamflyAPI_stateMachineUpgrade.a(ADC_DelSig_1.o)
                0x00005850                ADC_DelSig_1_StopConvert
 .text.ADC_DelSig_1_GetResult16
                0x00005870       0x7c .\ARM_GCC_541\Debug\Proj07_hamflyAPI_stateMachineUpgrade.a(ADC_DelSig_1.o)
                0x00005870                ADC_DelSig_1_GetResult16
 .text.ADC_DelSig_1_InitConfig
                0x000058ec      0x164 .\ARM_GCC_541\Debug\Proj07_hamflyAPI_stateMachineUpgrade.a(ADC_DelSig_1.o)
 .text.ADC_DelSig_1_GainCompensation
                0x00005a50      0x170 .\ARM_GCC_541\Debug\Proj07_hamflyAPI_stateMachineUpgrade.a(ADC_DelSig_1.o)
 .text.ADC_DelSig_1_SetDSMRef0Reg
                0x00005bc0       0x7c .\ARM_GCC_541\Debug\Proj07_hamflyAPI_stateMachineUpgrade.a(ADC_DelSig_1.o)
 .text.ADC_DelSig_1_ISR1
                0x00005c3c        0xc .\ARM_GCC_541\Debug\Proj07_hamflyAPI_stateMachineUpgrade.a(ADC_DelSig_1_INT.o)
                0x00005c3c                ADC_DelSig_1_ISR1
 .text.AMux_1_Start
                0x00005c48       0x34 .\ARM_GCC_541\Debug\Proj07_hamflyAPI_stateMachineUpgrade.a(AMux_1.o)
                0x00005c48                AMux_1_Start
 .text.AMux_1_FastSelect
                0x00005c7c       0x38 .\ARM_GCC_541\Debug\Proj07_hamflyAPI_stateMachineUpgrade.a(AMux_1.o)
                0x00005c7c                AMux_1_FastSelect
 .text.isr_adc_StartEx
                0x00005cb4       0x24 .\ARM_GCC_541\Debug\Proj07_hamflyAPI_stateMachineUpgrade.a(isr_adc.o)
                0x00005cb4                isr_adc_StartEx
 .text.isr_adc_SetVector
                0x00005cd8       0x24 .\ARM_GCC_541\Debug\Proj07_hamflyAPI_stateMachineUpgrade.a(isr_adc.o)
                0x00005cd8                isr_adc_SetVector
 .text.isr_adc_SetPriority
                0x00005cfc       0x24 .\ARM_GCC_541\Debug\Proj07_hamflyAPI_stateMachineUpgrade.a(isr_adc.o)
                0x00005cfc                isr_adc_SetPriority
 .text.isr_adc_Enable
                0x00005d20       0x18 .\ARM_GCC_541\Debug\Proj07_hamflyAPI_stateMachineUpgrade.a(isr_adc.o)
                0x00005d20                isr_adc_Enable
 .text.isr_adc_Disable
                0x00005d38       0x18 .\ARM_GCC_541\Debug\Proj07_hamflyAPI_stateMachineUpgrade.a(isr_adc.o)
                0x00005d38                isr_adc_Disable
 .text.isr_adc_ClearPending
                0x00005d50       0x18 .\ARM_GCC_541\Debug\Proj07_hamflyAPI_stateMachineUpgrade.a(isr_adc.o)
                0x00005d50                isr_adc_ClearPending
 .text.UART_MOVI_Start
                0x00005d68       0x24 .\ARM_GCC_541\Debug\Proj07_hamflyAPI_stateMachineUpgrade.a(UART_MOVI.o)
                0x00005d68                UART_MOVI_Start
 .text.UART_MOVI_Init
                0x00005d8c       0x40 .\ARM_GCC_541\Debug\Proj07_hamflyAPI_stateMachineUpgrade.a(UART_MOVI.o)
                0x00005d8c                UART_MOVI_Init
 .text.UART_MOVI_Enable
                0x00005dcc       0x5c .\ARM_GCC_541\Debug\Proj07_hamflyAPI_stateMachineUpgrade.a(UART_MOVI.o)
                0x00005dcc                UART_MOVI_Enable
 .text.UART_MOVI_ClearRxBuffer
                0x00005e28       0x44 .\ARM_GCC_541\Debug\Proj07_hamflyAPI_stateMachineUpgrade.a(UART_MOVI.o)
                0x00005e28                UART_MOVI_ClearRxBuffer
 .text.UART_MOVI_PutChar
                0x00005e6c       0x34 .\ARM_GCC_541\Debug\Proj07_hamflyAPI_stateMachineUpgrade.a(UART_MOVI.o)
                0x00005e6c                UART_MOVI_PutChar
 .text.UART_MOVI_ClearTxBuffer
                0x00005ea0       0x44 .\ARM_GCC_541\Debug\Proj07_hamflyAPI_stateMachineUpgrade.a(UART_MOVI.o)
                0x00005ea0                UART_MOVI_ClearTxBuffer
 .text.isr_rx_movi_StartEx
                0x00005ee4       0x24 .\ARM_GCC_541\Debug\Proj07_hamflyAPI_stateMachineUpgrade.a(isr_rx_movi.o)
                0x00005ee4                isr_rx_movi_StartEx
 .text.isr_rx_movi_SetVector
                0x00005f08       0x24 .\ARM_GCC_541\Debug\Proj07_hamflyAPI_stateMachineUpgrade.a(isr_rx_movi.o)
                0x00005f08                isr_rx_movi_SetVector
 .text.isr_rx_movi_SetPriority
                0x00005f2c       0x24 .\ARM_GCC_541\Debug\Proj07_hamflyAPI_stateMachineUpgrade.a(isr_rx_movi.o)
                0x00005f2c                isr_rx_movi_SetPriority
 .text.isr_rx_movi_Enable
                0x00005f50       0x18 .\ARM_GCC_541\Debug\Proj07_hamflyAPI_stateMachineUpgrade.a(isr_rx_movi.o)
                0x00005f50                isr_rx_movi_Enable
 .text.isr_rx_movi_Disable
                0x00005f68       0x18 .\ARM_GCC_541\Debug\Proj07_hamflyAPI_stateMachineUpgrade.a(isr_rx_movi.o)
                0x00005f68                isr_rx_movi_Disable
 .text.Looptimer_Init
                0x00005f80       0xa0 .\ARM_GCC_541\Debug\Proj07_hamflyAPI_stateMachineUpgrade.a(Looptimer.o)
                0x00005f80                Looptimer_Init
 .text.Looptimer_Enable
                0x00006020       0x48 .\ARM_GCC_541\Debug\Proj07_hamflyAPI_stateMachineUpgrade.a(Looptimer.o)
                0x00006020                Looptimer_Enable
 .text.Looptimer_Start
                0x00006068       0x24 .\ARM_GCC_541\Debug\Proj07_hamflyAPI_stateMachineUpgrade.a(Looptimer.o)
                0x00006068                Looptimer_Start
 .text.Looptimer_SetInterruptMode
                0x0000608c       0x20 .\ARM_GCC_541\Debug\Proj07_hamflyAPI_stateMachineUpgrade.a(Looptimer.o)
                0x0000608c                Looptimer_SetInterruptMode
 .text.Looptimer_ReadStatusRegister
                0x000060ac       0x18 .\ARM_GCC_541\Debug\Proj07_hamflyAPI_stateMachineUpgrade.a(Looptimer.o)
                0x000060ac                Looptimer_ReadStatusRegister
 .text.Looptimer_WritePeriod
                0x000060c4       0x24 .\ARM_GCC_541\Debug\Proj07_hamflyAPI_stateMachineUpgrade.a(Looptimer.o)
                0x000060c4                Looptimer_WritePeriod
 .text.Looptimer_WriteCounter
                0x000060e8       0x20 .\ARM_GCC_541\Debug\Proj07_hamflyAPI_stateMachineUpgrade.a(Looptimer.o)
                0x000060e8                Looptimer_WriteCounter
 .text.isr_Looptimer_StartEx
                0x00006108       0x24 .\ARM_GCC_541\Debug\Proj07_hamflyAPI_stateMachineUpgrade.a(isr_Looptimer.o)
                0x00006108                isr_Looptimer_StartEx
 .text.isr_Looptimer_SetVector
                0x0000612c       0x24 .\ARM_GCC_541\Debug\Proj07_hamflyAPI_stateMachineUpgrade.a(isr_Looptimer.o)
                0x0000612c                isr_Looptimer_SetVector
 .text.isr_Looptimer_SetPriority
                0x00006150       0x24 .\ARM_GCC_541\Debug\Proj07_hamflyAPI_stateMachineUpgrade.a(isr_Looptimer.o)
                0x00006150                isr_Looptimer_SetPriority
 .text.isr_Looptimer_Enable
                0x00006174       0x18 .\ARM_GCC_541\Debug\Proj07_hamflyAPI_stateMachineUpgrade.a(isr_Looptimer.o)
                0x00006174                isr_Looptimer_Enable
 .text.isr_Looptimer_Disable
                0x0000618c       0x18 .\ARM_GCC_541\Debug\Proj07_hamflyAPI_stateMachineUpgrade.a(isr_Looptimer.o)
                0x0000618c                isr_Looptimer_Disable
 .text.EEPROM_CONFIG_Enable
                0x000061a4       0x10 .\ARM_GCC_541\Debug\Proj07_hamflyAPI_stateMachineUpgrade.a(EEPROM_CONFIG.o)
                0x000061a4                EEPROM_CONFIG_Enable
 .text.EEPROM_CONFIG_Start
                0x000061b4        0xc .\ARM_GCC_541\Debug\Proj07_hamflyAPI_stateMachineUpgrade.a(EEPROM_CONFIG.o)
                0x000061b4                EEPROM_CONFIG_Start
 .text.ADC_DelSig_1_AMux_Start
                0x000061c0       0x34 .\ARM_GCC_541\Debug\Proj07_hamflyAPI_stateMachineUpgrade.a(ADC_DelSig_1_AMux.o)
                0x000061c0                ADC_DelSig_1_AMux_Start
 .text.ADC_DelSig_1_AMux_Select
                0x000061f4       0x28 .\ARM_GCC_541\Debug\Proj07_hamflyAPI_stateMachineUpgrade.a(ADC_DelSig_1_AMux.o)
                0x000061f4                ADC_DelSig_1_AMux_Select
 .text.ADC_DelSig_1_Ext_CP_Clk_SetDividerRegister
                0x0000621c      0x164 .\ARM_GCC_541\Debug\Proj07_hamflyAPI_stateMachineUpgrade.a(ADC_DelSig_1_Ext_CP_Clk.o)
                0x0000621c                ADC_DelSig_1_Ext_CP_Clk_SetDividerRegister
 .text.ADC_DelSig_1_Ext_CP_Clk_GetDividerRegister
                0x00006380       0x18 .\ARM_GCC_541\Debug\Proj07_hamflyAPI_stateMachineUpgrade.a(ADC_DelSig_1_Ext_CP_Clk.o)
                0x00006380                ADC_DelSig_1_Ext_CP_Clk_GetDividerRegister
 .text.ADC_DelSig_1_Ext_CP_Clk_SetModeRegister
                0x00006398       0x34 .\ARM_GCC_541\Debug\Proj07_hamflyAPI_stateMachineUpgrade.a(ADC_DelSig_1_Ext_CP_Clk.o)
                0x00006398                ADC_DelSig_1_Ext_CP_Clk_SetModeRegister
 .text.ADC_DelSig_1_Ext_CP_Clk_GetSourceRegister
                0x000063cc       0x1c .\ARM_GCC_541\Debug\Proj07_hamflyAPI_stateMachineUpgrade.a(ADC_DelSig_1_Ext_CP_Clk.o)
                0x000063cc                ADC_DelSig_1_Ext_CP_Clk_GetSourceRegister
 .text.ADC_DelSig_1_theACLK_SetDividerRegister
                0x000063e8      0x164 .\ARM_GCC_541\Debug\Proj07_hamflyAPI_stateMachineUpgrade.a(ADC_DelSig_1_theACLK.o)
                0x000063e8                ADC_DelSig_1_theACLK_SetDividerRegister
 .text.ADC_DelSig_1_theACLK_GetDividerRegister
                0x0000654c       0x18 .\ARM_GCC_541\Debug\Proj07_hamflyAPI_stateMachineUpgrade.a(ADC_DelSig_1_theACLK.o)
                0x0000654c                ADC_DelSig_1_theACLK_GetDividerRegister
 .text.ADC_DelSig_1_theACLK_SetModeRegister
                0x00006564       0x34 .\ARM_GCC_541\Debug\Proj07_hamflyAPI_stateMachineUpgrade.a(ADC_DelSig_1_theACLK.o)
                0x00006564                ADC_DelSig_1_theACLK_SetModeRegister
 .text.ADC_DelSig_1_theACLK_GetSourceRegister
                0x00006598       0x1c .\ARM_GCC_541\Debug\Proj07_hamflyAPI_stateMachineUpgrade.a(ADC_DelSig_1_theACLK.o)
                0x00006598                ADC_DelSig_1_theACLK_GetSourceRegister
 .text.CySetTempInt
                0x000065b4       0x7c .\ARM_GCC_541\Debug\Proj07_hamflyAPI_stateMachineUpgrade.a(CyFlash.o)
 .text.CyFlashGetSpcAlgorithm
                0x00006630       0x70 .\ARM_GCC_541\Debug\Proj07_hamflyAPI_stateMachineUpgrade.a(CyFlash.o)
                0x00006630                CyFlashGetSpcAlgorithm
 .text.CySetTemp
                0x000066a0       0x24 .\ARM_GCC_541\Debug\Proj07_hamflyAPI_stateMachineUpgrade.a(CyFlash.o)
                0x000066a0                CySetTemp
 .text.CyEEPROM_Start
                0x000066c4       0x8c .\ARM_GCC_541\Debug\Proj07_hamflyAPI_stateMachineUpgrade.a(CyFlash.o)
                0x000066c4                CyEEPROM_Start
 .text.CyHalt   0x00006750       0x18 .\ARM_GCC_541\Debug\Proj07_hamflyAPI_stateMachineUpgrade.a(CyLib.o)
                0x00006750                CyHalt
 .text.CyDelayUs
                0x00006768       0x28 .\ARM_GCC_541\Debug\Proj07_hamflyAPI_stateMachineUpgrade.a(CyLib.o)
                0x00006768                CyDelayUs
 .text.CyIntSetVector
                0x00006790       0x50 .\ARM_GCC_541\Debug\Proj07_hamflyAPI_stateMachineUpgrade.a(CyLib.o)
                0x00006790                CyIntSetVector
 .text.CyIntSetPriority
                0x000067e0       0x48 .\ARM_GCC_541\Debug\Proj07_hamflyAPI_stateMachineUpgrade.a(CyLib.o)
                0x000067e0                CyIntSetPriority
 .text.CySpcStart
                0x00006828       0x48 .\ARM_GCC_541\Debug\Proj07_hamflyAPI_stateMachineUpgrade.a(CySpc.o)
                0x00006828                CySpcStart
 .text.CySpcReadData
                0x00006870       0x54 .\ARM_GCC_541\Debug\Proj07_hamflyAPI_stateMachineUpgrade.a(CySpc.o)
                0x00006870                CySpcReadData
 .text.CySpcGetTemp
                0x000068c4       0x64 .\ARM_GCC_541\Debug\Proj07_hamflyAPI_stateMachineUpgrade.a(CySpc.o)
                0x000068c4                CySpcGetTemp
 .text.CySpcLock
                0x00006928       0x68 .\ARM_GCC_541\Debug\Proj07_hamflyAPI_stateMachineUpgrade.a(CySpc.o)
                0x00006928                CySpcLock
 .text.CySpcUnlock
                0x00006990       0x50 .\ARM_GCC_541\Debug\Proj07_hamflyAPI_stateMachineUpgrade.a(CySpc.o)
                0x00006990                CySpcUnlock
 .text.CySpcGetAlgorithm
                0x000069e0       0x44 .\ARM_GCC_541\Debug\Proj07_hamflyAPI_stateMachineUpgrade.a(CySpc.o)
                0x000069e0                CySpcGetAlgorithm
 .text.UART_DEBUG_Start
                0x00006a24       0x24 .\ARM_GCC_541\Debug\Proj07_hamflyAPI_stateMachineUpgrade.a(UART_DEBUG.o)
                0x00006a24                UART_DEBUG_Start
 .text.UART_DEBUG_Init
                0x00006a48       0x40 .\ARM_GCC_541\Debug\Proj07_hamflyAPI_stateMachineUpgrade.a(UART_DEBUG.o)
                0x00006a48                UART_DEBUG_Init
 .text.UART_DEBUG_Enable
                0x00006a88       0x60 .\ARM_GCC_541\Debug\Proj07_hamflyAPI_stateMachineUpgrade.a(UART_DEBUG.o)
                0x00006a88                UART_DEBUG_Enable
 .text.UART_DEBUG_GetChar
                0x00006ae8       0x44 .\ARM_GCC_541\Debug\Proj07_hamflyAPI_stateMachineUpgrade.a(UART_DEBUG.o)
                0x00006ae8                UART_DEBUG_GetChar
 .text.UART_DEBUG_PutChar
                0x00006b2c       0x34 .\ARM_GCC_541\Debug\Proj07_hamflyAPI_stateMachineUpgrade.a(UART_DEBUG.o)
                0x00006b2c                UART_DEBUG_PutChar
 .text.UART_DEBUG_PutString
                0x00006b60       0x44 .\ARM_GCC_541\Debug\Proj07_hamflyAPI_stateMachineUpgrade.a(UART_DEBUG.o)
                0x00006b60                UART_DEBUG_PutString
 .text.UART_DEBUG_IntClock_Start
                0x00006ba4       0x34 .\ARM_GCC_541\Debug\Proj07_hamflyAPI_stateMachineUpgrade.a(UART_DEBUG_IntClock.o)
                0x00006ba4                UART_DEBUG_IntClock_Start
 .text          0x00006bd8       0x54 .\ARM_GCC_541\Debug\Proj07_hamflyAPI_stateMachineUpgrade.a(CyBootAsmGnu.o)
                0x00006bd8                CyDelayCycles
                0x00006c16                CyEnterCriticalSection
                0x00006c1e                CyExitCriticalSection
 .text.asinf    0x00006c2c       0xa4 c:/program files (x86)/cypress/psoc creator/4.4/psoc creator/import/gnu/arm/5.4.1/bin/../lib/gcc/arm-none-eabi/5.4.1/../../../../arm-none-eabi/lib/armv7-m\libm.a(lib_a-wf_asin.o)
                0x00006c2c                asinf
 .text.atan2f   0x00006cd0        0x4 c:/program files (x86)/cypress/psoc creator/4.4/psoc creator/import/gnu/arm/5.4.1/bin/../lib/gcc/arm-none-eabi/5.4.1/../../../../arm-none-eabi/lib/armv7-m\libm.a(lib_a-wf_atan2.o)
                0x00006cd0                atan2f
 .text.__ieee754_asinf
                0x00006cd4      0x294 c:/program files (x86)/cypress/psoc creator/4.4/psoc creator/import/gnu/arm/5.4.1/bin/../lib/gcc/arm-none-eabi/5.4.1/../../../../arm-none-eabi/lib/armv7-m\libm.a(lib_a-ef_asin.o)
                0x00006cd4                __ieee754_asinf
 .text.__ieee754_atan2f
                0x00006f68      0x124 c:/program files (x86)/cypress/psoc creator/4.4/psoc creator/import/gnu/arm/5.4.1/bin/../lib/gcc/arm-none-eabi/5.4.1/../../../../arm-none-eabi/lib/armv7-m\libm.a(lib_a-ef_atan2.o)
                0x00006f68                __ieee754_atan2f
 .text.__ieee754_sqrtf
                0x0000708c       0xa8 c:/program files (x86)/cypress/psoc creator/4.4/psoc creator/import/gnu/arm/5.4.1/bin/../lib/gcc/arm-none-eabi/5.4.1/../../../../arm-none-eabi/lib/armv7-m\libm.a(lib_a-ef_sqrt.o)
                0x0000708c                __ieee754_sqrtf
 .text.matherr  0x00007134        0x4 c:/program files (x86)/cypress/psoc creator/4.4/psoc creator/import/gnu/arm/5.4.1/bin/../lib/gcc/arm-none-eabi/5.4.1/../../../../arm-none-eabi/lib/armv7-m\libm.a(lib_a-s_matherr.o)
                0x00007134                matherr
 .text.nan      0x00007138        0xc c:/program files (x86)/cypress/psoc creator/4.4/psoc creator/import/gnu/arm/5.4.1/bin/../lib/gcc/arm-none-eabi/5.4.1/../../../../arm-none-eabi/lib/armv7-m\libm.a(lib_a-s_nan.o)
                0x00007138                nan
 .text.atanf    0x00007144      0x22c c:/program files (x86)/cypress/psoc creator/4.4/psoc creator/import/gnu/arm/5.4.1/bin/../lib/gcc/arm-none-eabi/5.4.1/../../../../arm-none-eabi/lib/armv7-m\libm.a(lib_a-sf_atan.o)
                0x00007144                atanf
 .text.fabsf    0x00007370        0x8 c:/program files (x86)/cypress/psoc creator/4.4/psoc creator/import/gnu/arm/5.4.1/bin/../lib/gcc/arm-none-eabi/5.4.1/../../../../arm-none-eabi/lib/armv7-m\libm.a(lib_a-sf_fabs.o)
                0x00007370                fabsf
 .text          0x00007378      0x370 c:/program files (x86)/cypress/psoc creator/4.4/psoc creator/import/gnu/arm/5.4.1/bin/../lib/gcc/arm-none-eabi/5.4.1/armv7-m\libgcc.a(_arm_addsubdf3.o)
                0x00007378                __aeabi_drsub
                0x00007380                __aeabi_dsub
                0x00007380                __subdf3
                0x00007384                __aeabi_dadd
                0x00007384                __adddf3
                0x000075fc                __floatunsidf
                0x000075fc                __aeabi_ui2d
                0x0000761c                __floatsidf
                0x0000761c                __aeabi_i2d
                0x00007640                __aeabi_f2d
                0x00007640                __extendsfdf2
                0x0000767c                __floatundidf
                0x0000767c                __aeabi_ul2d
                0x0000768c                __floatdidf
                0x0000768c                __aeabi_l2d
 .text          0x000076e8      0x424 c:/program files (x86)/cypress/psoc creator/4.4/psoc creator/import/gnu/arm/5.4.1/bin/../lib/gcc/arm-none-eabi/5.4.1/armv7-m\libgcc.a(_arm_muldivdf3.o)
                0x000076e8                __aeabi_dmul
                0x000076e8                __muldf3
                0x0000793c                __divdf3
                0x0000793c                __aeabi_ddiv
 .text          0x00007b0c      0x110 c:/program files (x86)/cypress/psoc creator/4.4/psoc creator/import/gnu/arm/5.4.1/bin/../lib/gcc/arm-none-eabi/5.4.1/armv7-m\libgcc.a(_arm_cmpdf2.o)
                0x00007b0c                __gtdf2
                0x00007b0c                __gedf2
                0x00007b14                __ltdf2
                0x00007b14                __ledf2
                0x00007b1c                __nedf2
                0x00007b1c                __eqdf2
                0x00007b1c                __cmpdf2
                0x00007b98                __aeabi_cdrcmple
                0x00007ba8                __aeabi_cdcmpeq
                0x00007ba8                __aeabi_cdcmple
                0x00007bb8                __aeabi_dcmpeq
                0x00007bcc                __aeabi_dcmplt
                0x00007be0                __aeabi_dcmple
                0x00007bf4                __aeabi_dcmpge
                0x00007c08                __aeabi_dcmpgt
 .text          0x00007c1c       0x2c c:/program files (x86)/cypress/psoc creator/4.4/psoc creator/import/gnu/arm/5.4.1/bin/../lib/gcc/arm-none-eabi/5.4.1/armv7-m\libgcc.a(_arm_unorddf2.o)
                0x00007c1c                __unorddf2
                0x00007c1c                __aeabi_dcmpun
 .text          0x00007c48       0x50 c:/program files (x86)/cypress/psoc creator/4.4/psoc creator/import/gnu/arm/5.4.1/bin/../lib/gcc/arm-none-eabi/5.4.1/armv7-m\libgcc.a(_arm_fixdfsi.o)
                0x00007c48                __aeabi_d2iz
                0x00007c48                __fixdfsi
 .text          0x00007c98       0xa0 c:/program files (x86)/cypress/psoc creator/4.4/psoc creator/import/gnu/arm/5.4.1/bin/../lib/gcc/arm-none-eabi/5.4.1/armv7-m\libgcc.a(_arm_truncdfsf2.o)
                0x00007c98                __truncdfsf2
                0x00007c98                __aeabi_d2f
 .text          0x00007d38      0x21c c:/program files (x86)/cypress/psoc creator/4.4/psoc creator/import/gnu/arm/5.4.1/bin/../lib/gcc/arm-none-eabi/5.4.1/armv7-m\libgcc.a(_arm_addsubsf3.o)
                0x00007d38                __aeabi_frsub
                0x00007d40                __subsf3
                0x00007d40                __aeabi_fsub
                0x00007d44                __aeabi_fadd
                0x00007d44                __addsf3
                0x00007ea4                __aeabi_ui2f
                0x00007ea4                __floatunsisf
                0x00007eac                __aeabi_i2f
                0x00007eac                __floatsisf
                0x00007ec8                __aeabi_ul2f
                0x00007ec8                __floatundisf
                0x00007ed8                __aeabi_l2f
                0x00007ed8                __floatdisf
 .text          0x00007f54      0x2a0 c:/program files (x86)/cypress/psoc creator/4.4/psoc creator/import/gnu/arm/5.4.1/bin/../lib/gcc/arm-none-eabi/5.4.1/armv7-m\libgcc.a(_arm_muldivsf3.o)
                0x00007f54                __mulsf3
                0x00007f54                __aeabi_fmul
                0x000080bc                __aeabi_fdiv
                0x000080bc                __divsf3
 .text          0x000081f4       0xec c:/program files (x86)/cypress/psoc creator/4.4/psoc creator/import/gnu/arm/5.4.1/bin/../lib/gcc/arm-none-eabi/5.4.1/armv7-m\libgcc.a(_arm_cmpsf2.o)
                0x000081f4                __gesf2
                0x000081f4                __gtsf2
                0x000081fc                __lesf2
                0x000081fc                __ltsf2
                0x00008204                __nesf2
                0x00008204                __eqsf2
                0x00008204                __cmpsf2
                0x00008264                __aeabi_cfrcmple
                0x0000826c                __aeabi_cfcmpeq
                0x0000826c                __aeabi_cfcmple
                0x0000827c                __aeabi_fcmpeq
                0x00008290                __aeabi_fcmplt
                0x000082a4                __aeabi_fcmple
                0x000082b8                __aeabi_fcmpge
                0x000082cc                __aeabi_fcmpgt
 .text          0x000082e0       0x2c c:/program files (x86)/cypress/psoc creator/4.4/psoc creator/import/gnu/arm/5.4.1/bin/../lib/gcc/arm-none-eabi/5.4.1/armv7-m\libgcc.a(_arm_unordsf2.o)
                0x000082e0                __unordsf2
                0x000082e0                __aeabi_fcmpun
 .text          0x0000830c       0x4c c:/program files (x86)/cypress/psoc creator/4.4/psoc creator/import/gnu/arm/5.4.1/bin/../lib/gcc/arm-none-eabi/5.4.1/armv7-m\libgcc.a(_arm_fixsfsi.o)
                0x0000830c                __aeabi_f2iz
                0x0000830c                __fixsfsi
 .text          0x00008358       0x40 c:/program files (x86)/cypress/psoc creator/4.4/psoc creator/import/gnu/arm/5.4.1/bin/../lib/gcc/arm-none-eabi/5.4.1/armv7-m\libgcc.a(_arm_fixunssfsi.o)
                0x00008358                __fixunssfsi
                0x00008358                __aeabi_f2uiz
 .text.__errno  0x00008398        0xc c:/program files (x86)/cypress/psoc creator/4.4/psoc creator/import/gnu/arm/5.4.1/bin/../lib/gcc/arm-none-eabi/5.4.1/../../../../arm-none-eabi/lib/armv7-m\libg_nano.a(lib_a-errno.o)
                0x00008398                __errno
 .text.__libc_init_array
                0x000083a4       0x4c c:/program files (x86)/cypress/psoc creator/4.4/psoc creator/import/gnu/arm/5.4.1/bin/../lib/gcc/arm-none-eabi/5.4.1/../../../../arm-none-eabi/lib/armv7-m\libg_nano.a(lib_a-init.o)
                0x000083a4                __libc_init_array
 .text.memcpy   0x000083f0       0x16 c:/program files (x86)/cypress/psoc creator/4.4/psoc creator/import/gnu/arm/5.4.1/bin/../lib/gcc/arm-none-eabi/5.4.1/../../../../arm-none-eabi/lib/armv7-m\libg_nano.a(lib_a-memcpy-stub.o)
                0x000083f0                memcpy
 .text.memset   0x00008406       0x10 c:/program files (x86)/cypress/psoc creator/4.4/psoc creator/import/gnu/arm/5.4.1/bin/../lib/gcc/arm-none-eabi/5.4.1/../../../../arm-none-eabi/lib/armv7-m\libg_nano.a(lib_a-memset.o)
                0x00008406                memset
 .text.__cvt    0x00008416       0xc0 c:/program files (x86)/cypress/psoc creator/4.4/psoc creator/import/gnu/arm/5.4.1/bin/../lib/gcc/arm-none-eabi/5.4.1/../../../../arm-none-eabi/lib/armv7-m\libg_nano.a(lib_a-nano-vfprintf_float.o)
                0x00008416                __cvt
 .text.__exponent
                0x000084d6       0x62 c:/program files (x86)/cypress/psoc creator/4.4/psoc creator/import/gnu/arm/5.4.1/bin/../lib/gcc/arm-none-eabi/5.4.1/../../../../arm-none-eabi/lib/armv7-m\libg_nano.a(lib_a-nano-vfprintf_float.o)
                0x000084d6                __exponent
 .text._printf_float
                0x00008538      0x488 c:/program files (x86)/cypress/psoc creator/4.4/psoc creator/import/gnu/arm/5.4.1/bin/../lib/gcc/arm-none-eabi/5.4.1/../../../../arm-none-eabi/lib/armv7-m\libg_nano.a(lib_a-nano-vfprintf_float.o)
                0x00008538                _printf_float
 .text._printf_common
                0x000089c0       0xec c:/program files (x86)/cypress/psoc creator/4.4/psoc creator/import/gnu/arm/5.4.1/bin/../lib/gcc/arm-none-eabi/5.4.1/../../../../arm-none-eabi/lib/armv7-m\libg_nano.a(lib_a-nano-vfprintf_i.o)
                0x000089c0                _printf_common
 .text._printf_i
                0x00008aac      0x24c c:/program files (x86)/cypress/psoc creator/4.4/psoc creator/import/gnu/arm/5.4.1/bin/../lib/gcc/arm-none-eabi/5.4.1/../../../../arm-none-eabi/lib/armv7-m\libg_nano.a(lib_a-nano-vfprintf_i.o)
                0x00008aac                _printf_i
 .text.snprintf
                0x00008cf8       0x64 c:/program files (x86)/cypress/psoc creator/4.4/psoc creator/import/gnu/arm/5.4.1/bin/../lib/gcc/arm-none-eabi/5.4.1/../../../../arm-none-eabi/lib/armv7-m\libg_nano.a(lib_a-snprintf.o)
                0x00008cf8                sniprintf
                0x00008cf8                snprintf
 .text          0x00008d5c       0x10 c:/program files (x86)/cypress/psoc creator/4.4/psoc creator/import/gnu/arm/5.4.1/bin/../lib/gcc/arm-none-eabi/5.4.1/../../../../arm-none-eabi/lib/armv7-m\libg_nano.a(lib_a-strlen.o)
                0x00008d5c                strlen
 .text.quorem   0x00008d6c      0x116 c:/program files (x86)/cypress/psoc creator/4.4/psoc creator/import/gnu/arm/5.4.1/bin/../lib/gcc/arm-none-eabi/5.4.1/../../../../arm-none-eabi/lib/armv7-m\libg_nano.a(lib_a-dtoa.o)
 *fill*         0x00008e82        0x6 
 .text._dtoa_r  0x00008e88      0xb30 c:/program files (x86)/cypress/psoc creator/4.4/psoc creator/import/gnu/arm/5.4.1/bin/../lib/gcc/arm-none-eabi/5.4.1/../../../../arm-none-eabi/lib/armv7-m\libg_nano.a(lib_a-dtoa.o)
                0x00008e88                _dtoa_r
 .text._localeconv_r
                0x000099b8        0x8 c:/program files (x86)/cypress/psoc creator/4.4/psoc creator/import/gnu/arm/5.4.1/bin/../lib/gcc/arm-none-eabi/5.4.1/../../../../arm-none-eabi/lib/armv7-m\libg_nano.a(lib_a-locale.o)
                0x000099b8                _localeconv_r
 .text.malloc   0x000099c0       0x10 c:/program files (x86)/cypress/psoc creator/4.4/psoc creator/import/gnu/arm/5.4.1/bin/../lib/gcc/arm-none-eabi/5.4.1/../../../../arm-none-eabi/lib/armv7-m\libg_nano.a(lib_a-malloc.o)
                0x000099c0                malloc
 .text.memchr   0x000099d0       0x1c c:/program files (x86)/cypress/psoc creator/4.4/psoc creator/import/gnu/arm/5.4.1/bin/../lib/gcc/arm-none-eabi/5.4.1/../../../../arm-none-eabi/lib/armv7-m\libg_nano.a(lib_a-memchr-stub.o)
                0x000099d0                memchr
 .text._Balloc  0x000099ec       0x6a c:/program files (x86)/cypress/psoc creator/4.4/psoc creator/import/gnu/arm/5.4.1/bin/../lib/gcc/arm-none-eabi/5.4.1/../../../../arm-none-eabi/lib/armv7-m\libg_nano.a(lib_a-mprec.o)
                0x000099ec                _Balloc
 .text._Bfree   0x00009a56       0x2e c:/program files (x86)/cypress/psoc creator/4.4/psoc creator/import/gnu/arm/5.4.1/bin/../lib/gcc/arm-none-eabi/5.4.1/../../../../arm-none-eabi/lib/armv7-m\libg_nano.a(lib_a-mprec.o)
                0x00009a56                _Bfree
 .text.__multadd
                0x00009a84       0x76 c:/program files (x86)/cypress/psoc creator/4.4/psoc creator/import/gnu/arm/5.4.1/bin/../lib/gcc/arm-none-eabi/5.4.1/../../../../arm-none-eabi/lib/armv7-m\libg_nano.a(lib_a-mprec.o)
                0x00009a84                __multadd
 .text.__hi0bits
                0x00009afa       0x40 c:/program files (x86)/cypress/psoc creator/4.4/psoc creator/import/gnu/arm/5.4.1/bin/../lib/gcc/arm-none-eabi/5.4.1/../../../../arm-none-eabi/lib/armv7-m\libg_nano.a(lib_a-mprec.o)
                0x00009afa                __hi0bits
 .text.__lo0bits
                0x00009b3a       0x5a c:/program files (x86)/cypress/psoc creator/4.4/psoc creator/import/gnu/arm/5.4.1/bin/../lib/gcc/arm-none-eabi/5.4.1/../../../../arm-none-eabi/lib/armv7-m\libg_nano.a(lib_a-mprec.o)
                0x00009b3a                __lo0bits
 .text.__i2b    0x00009b94       0x12 c:/program files (x86)/cypress/psoc creator/4.4/psoc creator/import/gnu/arm/5.4.1/bin/../lib/gcc/arm-none-eabi/5.4.1/../../../../arm-none-eabi/lib/armv7-m\libg_nano.a(lib_a-mprec.o)
                0x00009b94                __i2b
 .text.__multiply
                0x00009ba6      0x120 c:/program files (x86)/cypress/psoc creator/4.4/psoc creator/import/gnu/arm/5.4.1/bin/../lib/gcc/arm-none-eabi/5.4.1/../../../../arm-none-eabi/lib/armv7-m\libg_nano.a(lib_a-mprec.o)
                0x00009ba6                __multiply
 *fill*         0x00009cc6        0x2 
 .text.__pow5mult
                0x00009cc8       0x9c c:/program files (x86)/cypress/psoc creator/4.4/psoc creator/import/gnu/arm/5.4.1/bin/../lib/gcc/arm-none-eabi/5.4.1/../../../../arm-none-eabi/lib/armv7-m\libg_nano.a(lib_a-mprec.o)
                0x00009cc8                __pow5mult
 .text.__lshift
                0x00009d64       0xa2 c:/program files (x86)/cypress/psoc creator/4.4/psoc creator/import/gnu/arm/5.4.1/bin/../lib/gcc/arm-none-eabi/5.4.1/../../../../arm-none-eabi/lib/armv7-m\libg_nano.a(lib_a-mprec.o)
                0x00009d64                __lshift
 .text.__mcmp   0x00009e06       0x38 c:/program files (x86)/cypress/psoc creator/4.4/psoc creator/import/gnu/arm/5.4.1/bin/../lib/gcc/arm-none-eabi/5.4.1/../../../../arm-none-eabi/lib/armv7-m\libg_nano.a(lib_a-mprec.o)
                0x00009e06                __mcmp
 .text.__mdiff  0x00009e3e       0xbe c:/program files (x86)/cypress/psoc creator/4.4/psoc creator/import/gnu/arm/5.4.1/bin/../lib/gcc/arm-none-eabi/5.4.1/../../../../arm-none-eabi/lib/armv7-m\libg_nano.a(lib_a-mprec.o)
                0x00009e3e                __mdiff
 .text.__d2b    0x00009efc       0x9c c:/program files (x86)/cypress/psoc creator/4.4/psoc creator/import/gnu/arm/5.4.1/bin/../lib/gcc/arm-none-eabi/5.4.1/../../../../arm-none-eabi/lib/armv7-m\libg_nano.a(lib_a-mprec.o)
                0x00009efc                __d2b
 .text._calloc_r
                0x00009f98       0x1c c:/program files (x86)/cypress/psoc creator/4.4/psoc creator/import/gnu/arm/5.4.1/bin/../lib/gcc/arm-none-eabi/5.4.1/../../../../arm-none-eabi/lib/armv7-m\libg_nano.a(lib_a-nano-callocr.o)
                0x00009f98                _calloc_r
 .text._free_r  0x00009fb4       0x98 c:/program files (x86)/cypress/psoc creator/4.4/psoc creator/import/gnu/arm/5.4.1/bin/../lib/gcc/arm-none-eabi/5.4.1/../../../../arm-none-eabi/lib/armv7-m\libg_nano.a(lib_a-nano-freer.o)
                0x00009fb4                _free_r
 .text._malloc_r
                0x0000a04c       0xbc c:/program files (x86)/cypress/psoc creator/4.4/psoc creator/import/gnu/arm/5.4.1/bin/../lib/gcc/arm-none-eabi/5.4.1/../../../../arm-none-eabi/lib/armv7-m\libg_nano.a(lib_a-nano-mallocr.o)
                0x0000a04c                _malloc_r
 .text.__ssputs_r
                0x0000a108       0xb2 c:/program files (x86)/cypress/psoc creator/4.4/psoc creator/import/gnu/arm/5.4.1/bin/../lib/gcc/arm-none-eabi/5.4.1/../../../../arm-none-eabi/lib/armv7-m\libg_nano.a(lib_a-nano-svfprintf.o)
                0x0000a108                __ssputs_r
 *fill*         0x0000a1ba        0x2 
 .text._svfprintf_r
                0x0000a1bc      0x1e8 c:/program files (x86)/cypress/psoc creator/4.4/psoc creator/import/gnu/arm/5.4.1/bin/../lib/gcc/arm-none-eabi/5.4.1/../../../../arm-none-eabi/lib/armv7-m\libg_nano.a(lib_a-nano-svfprintf.o)
                0x0000a1bc                _svfiprintf_r
                0x0000a1bc                _svfprintf_r
 .text._sbrk_r  0x0000a3a4       0x20 c:/program files (x86)/cypress/psoc creator/4.4/psoc creator/import/gnu/arm/5.4.1/bin/../lib/gcc/arm-none-eabi/5.4.1/../../../../arm-none-eabi/lib/armv7-m\libg_nano.a(lib_a-sbrkr.o)
                0x0000a3a4                _sbrk_r
 .text.memmove  0x0000a3c4       0x36 c:/program files (x86)/cypress/psoc creator/4.4/psoc creator/import/gnu/arm/5.4.1/bin/../lib/gcc/arm-none-eabi/5.4.1/../../../../arm-none-eabi/lib/armv7-m\libg_nano.a(lib_a-memmove.o)
                0x0000a3c4                memmove
 .text.__malloc_lock
                0x0000a3fa        0x2 c:/program files (x86)/cypress/psoc creator/4.4/psoc creator/import/gnu/arm/5.4.1/bin/../lib/gcc/arm-none-eabi/5.4.1/../../../../arm-none-eabi/lib/armv7-m\libg_nano.a(lib_a-mlock.o)
                0x0000a3fa                __malloc_lock
 .text.__malloc_unlock
                0x0000a3fc        0x2 c:/program files (x86)/cypress/psoc creator/4.4/psoc creator/import/gnu/arm/5.4.1/bin/../lib/gcc/arm-none-eabi/5.4.1/../../../../arm-none-eabi/lib/armv7-m\libg_nano.a(lib_a-mlock.o)
                0x0000a3fc                __malloc_unlock
 .text._realloc_r
                0x0000a3fe       0x4c c:/program files (x86)/cypress/psoc creator/4.4/psoc creator/import/gnu/arm/5.4.1/bin/../lib/gcc/arm-none-eabi/5.4.1/../../../../arm-none-eabi/lib/armv7-m\libg_nano.a(lib_a-nano-reallocr.o)
                0x0000a3fe                _realloc_r
 .text._malloc_usable_size_r
                0x0000a44a       0x14 c:/program files (x86)/cypress/psoc creator/4.4/psoc creator/import/gnu/arm/5.4.1/bin/../lib/gcc/arm-none-eabi/5.4.1/../../../../arm-none-eabi/lib/armv7-m\libg_nano.a(lib_a-nano-msizer.o)
                0x0000a44a                _malloc_usable_size_r
 *(.plt)
 *(.gnu.warning)
 *(.glue_7t)
 .glue_7t       0x0000a45e        0x0 linker stubs
 *(.glue_7)
 .glue_7        0x0000a45e        0x0 linker stubs
 *(.vfp11_veneer)
 .vfp11_veneer  0x0000a45e        0x0 linker stubs
 *(.bootloader)
 *(.ARM.extab* .gnu.linkonce.armextab.*)
 *(.gcc_except_table)

.v4_bx          0x0000a460        0x0
 .v4_bx         0x0000a460        0x0 linker stubs

.iplt           0x0000a460        0x0
 .iplt          0x0000a460        0x0 c:/program files (x86)/cypress/psoc creator/4.4/psoc creator/import/gnu/arm/5.4.1/bin/../lib/gcc/arm-none-eabi/5.4.1/armv7-m/crtbegin.o

.eh_frame_hdr
 *(.eh_frame_hdr)

.eh_frame       0x0000a460        0x4
 *(.eh_frame)
 .eh_frame      0x0000a460        0x0 c:/program files (x86)/cypress/psoc creator/4.4/psoc creator/import/gnu/arm/5.4.1/bin/../lib/gcc/arm-none-eabi/5.4.1/armv7-m/crtbegin.o
 .eh_frame      0x0000a460        0x4 c:/program files (x86)/cypress/psoc creator/4.4/psoc creator/import/gnu/arm/5.4.1/bin/../lib/gcc/arm-none-eabi/5.4.1/armv7-m/crtend.o
                [!provide]                PROVIDE (__exidx_start, .)

.ARM.exidx
 *(.ARM.exidx* .gnu.linkonce.armexidx.*)
                0x0000a464                __exidx_end = .

.rodata         0x0000a468      0x8d0
 *(.rodata .rodata.* .gnu.linkonce.r.*)
 .rodata        0x0000a468      0x21e .\ARM_GCC_541\Debug\main.o
 *fill*         0x0000a686        0x2 
 .rodata        0x0000a688      0x485 .\ARM_GCC_541\Debug\app_statemachine.o
 *fill*         0x0000ab0d        0x3 
 .rodata        0x0000ab10       0x64 .\ARM_GCC_541\Debug\cyfitter_cfg.o
                0x0000ab10                AMux_1__addrTable
                0x0000ab20                AMux_1__maskTable
                0x0000ab24                ADC_DelSig_1_AMux__addrTable
                0x0000ab2c                ADC_DelSig_1_AMux__maskTable
 .rodata.str1.4
                0x0000ab74        0xc c:/program files (x86)/cypress/psoc creator/4.4/psoc creator/import/gnu/arm/5.4.1/bin/../lib/gcc/arm-none-eabi/5.4.1/../../../../arm-none-eabi/lib/armv7-m\libm.a(lib_a-wf_asin.o)
                                  0x9 (size before relaxing)
 .rodata.atanlo
                0x0000ab80       0x10 c:/program files (x86)/cypress/psoc creator/4.4/psoc creator/import/gnu/arm/5.4.1/bin/../lib/gcc/arm-none-eabi/5.4.1/../../../../arm-none-eabi/lib/armv7-m\libm.a(lib_a-sf_atan.o)
 .rodata.atanhi
                0x0000ab90       0x10 c:/program files (x86)/cypress/psoc creator/4.4/psoc creator/import/gnu/arm/5.4.1/bin/../lib/gcc/arm-none-eabi/5.4.1/../../../../arm-none-eabi/lib/armv7-m\libm.a(lib_a-sf_atan.o)
 .rodata.str1.1
                0x0000aba0        0x2 c:/program files (x86)/cypress/psoc creator/4.4/psoc creator/import/gnu/arm/5.4.1/bin/../lib/gcc/arm-none-eabi/5.4.1/../../../../arm-none-eabi/lib/armv7-m\libg_nano.a(lib_a-impure.o)
 .rodata.str1.1
                0x0000aba2       0x12 c:/program files (x86)/cypress/psoc creator/4.4/psoc creator/import/gnu/arm/5.4.1/bin/../lib/gcc/arm-none-eabi/5.4.1/../../../../arm-none-eabi/lib/armv7-m\libg_nano.a(lib_a-nano-vfprintf_float.o)
 .rodata.str1.1
                0x0000abb4       0x22 c:/program files (x86)/cypress/psoc creator/4.4/psoc creator/import/gnu/arm/5.4.1/bin/../lib/gcc/arm-none-eabi/5.4.1/../../../../arm-none-eabi/lib/armv7-m\libg_nano.a(lib_a-nano-vfprintf_i.o)
 .rodata.str1.1
                0x0000abd6        0xd c:/program files (x86)/cypress/psoc creator/4.4/psoc creator/import/gnu/arm/5.4.1/bin/../lib/gcc/arm-none-eabi/5.4.1/../../../../arm-none-eabi/lib/armv7-m\libg_nano.a(lib_a-dtoa.o)
                                  0xf (size before relaxing)
 .rodata.str1.1
                0x0000abe3        0x8 c:/program files (x86)/cypress/psoc creator/4.4/psoc creator/import/gnu/arm/5.4.1/bin/../lib/gcc/arm-none-eabi/5.4.1/../../../../arm-none-eabi/lib/armv7-m\libg_nano.a(lib_a-locale.o)
                                  0xb (size before relaxing)
 *fill*         0x0000abeb        0x5 
 .rodata.__mprec_tens
                0x0000abf0       0xc8 c:/program files (x86)/cypress/psoc creator/4.4/psoc creator/import/gnu/arm/5.4.1/bin/../lib/gcc/arm-none-eabi/5.4.1/../../../../arm-none-eabi/lib/armv7-m\libg_nano.a(lib_a-mprec.o)
                0x0000abf0                __mprec_tens
 .rodata.p05.5408
                0x0000acb8        0xc c:/program files (x86)/cypress/psoc creator/4.4/psoc creator/import/gnu/arm/5.4.1/bin/../lib/gcc/arm-none-eabi/5.4.1/../../../../arm-none-eabi/lib/armv7-m\libg_nano.a(lib_a-mprec.o)
 *fill*         0x0000acc4        0x4 
 .rodata.__mprec_bigtens
                0x0000acc8       0x28 c:/program files (x86)/cypress/psoc creator/4.4/psoc creator/import/gnu/arm/5.4.1/bin/../lib/gcc/arm-none-eabi/5.4.1/../../../../arm-none-eabi/lib/armv7-m\libg_nano.a(lib_a-mprec.o)
                0x0000acc8                __mprec_bigtens
 .rodata.str1.1
                0x0000acf0       0x11 c:/program files (x86)/cypress/psoc creator/4.4/psoc creator/import/gnu/arm/5.4.1/bin/../lib/gcc/arm-none-eabi/5.4.1/../../../../arm-none-eabi/lib/armv7-m\libg_nano.a(lib_a-nano-svfprintf.o)
                0x0000ad04                . = ALIGN (0x4)
 *fill*         0x0000ad01        0x3 
 *(.init)
 .init          0x0000ad04        0x4 c:/program files (x86)/cypress/psoc creator/4.4/psoc creator/import/gnu/arm/5.4.1/bin/../lib/gcc/arm-none-eabi/5.4.1/armv7-m/crti.o
                0x0000ad04                _init
 .init          0x0000ad08        0x8 c:/program files (x86)/cypress/psoc creator/4.4/psoc creator/import/gnu/arm/5.4.1/bin/../lib/gcc/arm-none-eabi/5.4.1/armv7-m/crtn.o
                0x0000ad10                . = ALIGN (0x4)
                0x0000ad10                __preinit_array_start = .
 *(.preinit_array)
                0x0000ad10                __preinit_array_end = .
                0x0000ad10                . = ALIGN (0x4)
                0x0000ad10                __init_array_start = .
 *(SORT(.init_array.*))
 *(.init_array)
 .init_array    0x0000ad10        0x4 c:/program files (x86)/cypress/psoc creator/4.4/psoc creator/import/gnu/arm/5.4.1/bin/../lib/gcc/arm-none-eabi/5.4.1/armv7-m/crtbegin.o
 .init_array    0x0000ad14        0x4 .\ARM_GCC_541\Debug\Cm3Start.o
                0x0000ad18                __init_array_end = .
                0x0000ad18                . = ALIGN (0x4)
 *(.fini)
 .fini          0x0000ad18        0x4 c:/program files (x86)/cypress/psoc creator/4.4/psoc creator/import/gnu/arm/5.4.1/bin/../lib/gcc/arm-none-eabi/5.4.1/armv7-m/crti.o
                0x0000ad18                _fini
 .fini          0x0000ad1c        0x8 c:/program files (x86)/cypress/psoc creator/4.4/psoc creator/import/gnu/arm/5.4.1/bin/../lib/gcc/arm-none-eabi/5.4.1/armv7-m/crtn.o
                0x0000ad24                . = ALIGN (0x4)
                0x0000ad24                __fini_array_start = .
 *(.fini_array)
 .fini_array    0x0000ad24        0x4 c:/program files (x86)/cypress/psoc creator/4.4/psoc creator/import/gnu/arm/5.4.1/bin/../lib/gcc/arm-none-eabi/5.4.1/armv7-m/crtbegin.o
 *(SORT(.fini_array.*))
                0x0000ad28                __fini_array_end = .
                0x0000ad28                . = ALIGN (0x4)
 *crtbegin.o(.ctors)
 *(EXCLUDE_FILE(*crtend.o) .ctors)
 *(SORT(.ctors.*))
 *crtend.o(.ctors)
                0x0000ad28                . = ALIGN (0x4)
 *crtbegin.o(.dtors)
 *(EXCLUDE_FILE(*crtend.o) .dtors)
 *(SORT(.dtors.*))
 *crtend.o(.dtors)
                0x0000ad28                . = ALIGN (0x4)
                0x0000ad28                __cy_regions = .
                0x0000ad28        0x4 LONG 0xad38 __cy_region_init_ram
                0x0000ad2c        0x4 LONG 0x1fff80c8 __cy_region_start_data
                0x0000ad30        0x4 LONG 0x138 __cy_region_init_size_ram
                0x0000ad34        0x4 LONG 0x4d0 __cy_region_zero_size_ram
                0x0000ad38                __cy_regions_end = .
                0x0000ad38                . = ALIGN (0x8)
                0x0000ad38                _etext = .

.cy_checksum_exclude
                0x0000ad38        0x0
 *(.cy_checksum_exclude)

.ramvectors     0x1fff8000       0xc0
                0x1fff8000                __cy_region_start_ram = .
 *(.ramvectors)
 .ramvectors    0x1fff8000       0xc0 .\ARM_GCC_541\Debug\Cm3Start.o
                0x1fff8000                CyRamVectors

.noinit         0x1fff80c0        0x5
 *(.noinit)
 .noinit        0x1fff80c0        0x4 .\ARM_GCC_541\Debug\Cm3Start.o
 .noinit        0x1fff80c4        0x1 .\ARM_GCC_541\Debug\Proj07_hamflyAPI_stateMachineUpgrade.a(CyLib.o)
                0x1fff80c4                CyResetStatus

.data           0x1fff80c8      0x138 load address 0x0000ad38
                0x1fff80c8                __cy_region_start_data = .
 *(.jcr)
 .jcr           0x1fff80c8        0x0 c:/program files (x86)/cypress/psoc creator/4.4/psoc creator/import/gnu/arm/5.4.1/bin/../lib/gcc/arm-none-eabi/5.4.1/armv7-m/crtbegin.o
 .jcr           0x1fff80c8        0x4 c:/program files (x86)/cypress/psoc creator/4.4/psoc creator/import/gnu/arm/5.4.1/bin/../lib/gcc/arm-none-eabi/5.4.1/armv7-m/crtend.o
 *(.got.plt)
 *(.got)
 *(.shdata)
 *(.data .data.* .gnu.linkonce.d.*)
 .data          0x1fff80cc        0x4 .\ARM_GCC_541\Debug\joystick.o
 .data          0x1fff80d0       0x74 .\ARM_GCC_541\Debug\hamfly_qx_app.o
                0x1fff80d0                FreeflyAPI
 .data          0x1fff8144        0x4 .\ARM_GCC_541\Debug\Cm3Start.o
 .data          0x1fff8148        0x1 .\ARM_GCC_541\Debug\Proj07_hamflyAPI_stateMachineUpgrade.a(ADC_DelSig_1.o)
                0x1fff8148                ADC_DelSig_1_Config
 .data          0x1fff8149        0x1 .\ARM_GCC_541\Debug\Proj07_hamflyAPI_stateMachineUpgrade.a(AMux_1.o)
 .data          0x1fff814a        0x1 .\ARM_GCC_541\Debug\Proj07_hamflyAPI_stateMachineUpgrade.a(ADC_DelSig_1_AMux.o)
 *fill*         0x1fff814b        0x1 
 .data          0x1fff814c       0x10 .\ARM_GCC_541\Debug\Proj07_hamflyAPI_stateMachineUpgrade.a(CyLib.o)
                0x1fff814c                cydelay_freq_hz
                0x1fff8150                cydelay_freq_khz
                0x1fff8154                cydelay_freq_mhz
                0x1fff8158                cydelay_32k_ms
 .data.__fdlib_version
                0x1fff815c        0x1 c:/program files (x86)/cypress/psoc creator/4.4/psoc creator/import/gnu/arm/5.4.1/bin/../lib/gcc/arm-none-eabi/5.4.1/../../../../arm-none-eabi/lib/armv7-m\libm.a(lib_a-s_lib_ver.o)
                0x1fff815c                __fdlib_version
 *fill*         0x1fff815d        0x3 
 .data.impure_data
                0x1fff8160       0x60 c:/program files (x86)/cypress/psoc creator/4.4/psoc creator/import/gnu/arm/5.4.1/bin/../lib/gcc/arm-none-eabi/5.4.1/../../../../arm-none-eabi/lib/armv7-m\libg_nano.a(lib_a-impure.o)
 .data._impure_ptr
                0x1fff81c0        0x4 c:/program files (x86)/cypress/psoc creator/4.4/psoc creator/import/gnu/arm/5.4.1/bin/../lib/gcc/arm-none-eabi/5.4.1/../../../../arm-none-eabi/lib/armv7-m\libg_nano.a(lib_a-impure.o)
                0x1fff81c0                _impure_ptr
 .data.lconv    0x1fff81c4       0x38 c:/program files (x86)/cypress/psoc creator/4.4/psoc creator/import/gnu/arm/5.4.1/bin/../lib/gcc/arm-none-eabi/5.4.1/../../../../arm-none-eabi/lib/armv7-m\libg_nano.a(lib_a-locale.o)
                0x1fff8200                . = ALIGN (0x8)
 *fill*         0x1fff81fc        0x4 
 *(.ram)
                0x1fff8200                _edata = .

.igot.plt       0x1fff8200        0x0 load address 0x0000ae70
 .igot.plt      0x1fff8200        0x0 c:/program files (x86)/cypress/psoc creator/4.4/psoc creator/import/gnu/arm/5.4.1/bin/../lib/gcc/arm-none-eabi/5.4.1/armv7-m/crtbegin.o

.bss            0x1fff8200      0x4d0 load address 0x0000ae70
                0x1fff8200                PROVIDE (__bss_start__, .)
 *(.shbss)
 *(.bss .bss.* .gnu.linkonce.b.*)
 .bss           0x1fff8200       0x1c c:/program files (x86)/cypress/psoc creator/4.4/psoc creator/import/gnu/arm/5.4.1/bin/../lib/gcc/arm-none-eabi/5.4.1/armv7-m/crtbegin.o
 .bss           0x1fff821c      0x384 .\ARM_GCC_541\Debug\main.o
                0x1fff859c                g_tick_ms
 .bss           0x1fff85a0        0x8 .\ARM_GCC_541\Debug\adc_balanced.o
 .bss           0x1fff85a8       0x42 .\ARM_GCC_541\Debug\joystick.o
 *fill*         0x1fff85ea        0x2 
 .bss           0x1fff85ec        0x4 .\ARM_GCC_541\Debug\hamfly_qx_app.o
                0x1fff85ec                qx_active_gimbal_ptr
 .bss           0x1fff85f0        0x9 .\ARM_GCC_541\Debug\hamfly_qx_protocol.o
                0x1fff85f0                QX_BuildHeader_Legacy
                0x1fff85f4                QX_ParseHeader_Legacy
 *fill*         0x1fff85f9        0x3 
 .bss           0x1fff85fc        0xc .\ARM_GCC_541\Debug\Proj07_hamflyAPI_stateMachineUpgrade.a(ADC_DelSig_1.o)
                0x1fff85fc                ADC_DelSig_1_convDone
                0x1fff85fd                ADC_DelSig_1_stopConversion
                0x1fff85fe                ADC_DelSig_1_initVar
                0x1fff85ff                ADC_DelSig_1_started
                0x1fff8600                ADC_DelSig_1_Offset
 .bss           0x1fff8608        0x2 .\ARM_GCC_541\Debug\Proj07_hamflyAPI_stateMachineUpgrade.a(UART_MOVI.o)
                0x1fff8608                UART_MOVI_initVar
 .bss           0x1fff860a        0x1 .\ARM_GCC_541\Debug\Proj07_hamflyAPI_stateMachineUpgrade.a(Looptimer.o)
                0x1fff860a                Looptimer_initVar
 *fill*         0x1fff860b        0x1 
 .bss           0x1fff860c        0x8 .\ARM_GCC_541\Debug\Proj07_hamflyAPI_stateMachineUpgrade.a(CySpc.o)
                0x1fff860c                SpcLockState
 .bss           0x1fff8614        0x2 .\ARM_GCC_541\Debug\Proj07_hamflyAPI_stateMachineUpgrade.a(UART_DEBUG.o)
                0x1fff8614                UART_DEBUG_initVar
 *fill*         0x1fff8616        0x2 
 .bss.__malloc_sbrk_start
                0x1fff8618        0x4 c:/program files (x86)/cypress/psoc creator/4.4/psoc creator/import/gnu/arm/5.4.1/bin/../lib/gcc/arm-none-eabi/5.4.1/../../../../arm-none-eabi/lib/armv7-m\libg_nano.a(lib_a-nano-mallocr.o)
                0x1fff8618                __malloc_sbrk_start
 .bss.__malloc_free_list
                0x1fff861c        0x4 c:/program files (x86)/cypress/psoc creator/4.4/psoc creator/import/gnu/arm/5.4.1/bin/../lib/gcc/arm-none-eabi/5.4.1/../../../../arm-none-eabi/lib/armv7-m\libg_nano.a(lib_a-nano-mallocr.o)
                0x1fff861c                __malloc_free_list
 *(COMMON)
 COMMON         0x1fff8620       0xa4 .\ARM_GCC_541\Debug\hamfly_qx_protocol.o
                0x1fff8620                rw
                0x1fff8624                QX_Clients
                0x1fff862c                QX_CommsPorts
                0x1fff86b8                QX_Servers
                0x1fff86c0                msgPtr
 COMMON         0x1fff86c4        0x4 .\ARM_GCC_541\Debug\Proj07_hamflyAPI_stateMachineUpgrade.a(ADC_DelSig_1.o)
                0x1fff86c4                ADC_DelSig_1_CountsPerVolt
 COMMON         0x1fff86c8        0x2 .\ARM_GCC_541\Debug\Proj07_hamflyAPI_stateMachineUpgrade.a(CyFlash.o)
                0x1fff86c8                dieTemperature
 *fill*         0x1fff86ca        0x2 
 COMMON         0x1fff86cc        0x4 c:/program files (x86)/cypress/psoc creator/4.4/psoc creator/import/gnu/arm/5.4.1/bin/../lib/gcc/arm-none-eabi/5.4.1/../../../../arm-none-eabi/lib/armv7-m\libg_nano.a(lib_a-reent.o)
                0x1fff86cc                errno
                0x1fff86d0                . = ALIGN (0x8)
 *(.ram.b)
                0x1fff86d0                _end = .
                0x1fff86d0                __end = .
                0x1fff86d0                PROVIDE (end, .)
                0x1fff86d0                PROVIDE (__bss_end__, .)
                0x0000ad38                __cy_region_init_ram = LOADADDR (.data)
                0x00000138                __cy_region_init_size_ram = (_edata - ADDR (.data))
                0x000004d0                __cy_region_zero_size_ram = (_end - _edata)

.heap           0x1fff86d0       0x80 load address 0x0000ae70
                0x1fff86d0                . = _end
                0x1fff8750                . = (. + 0x80)
 *fill*         0x1fff86d0       0x80 
                0x1fff8750                __cy_heap_limit = .

.stack          0x20007800      0x800
                0x20007800                __cy_stack_limit = .
                0x20008000                . = (. + 0x800)
 *fill*         0x20007800      0x800 
                0x00000001                ASSERT ((__cy_stack_limit >= __cy_heap_limit), region RAM overflowed with stack)
                0x00000000                cy_checksum_exclude_size = (CY_APPL_LOADABLE == 0x1)?SIZEOF (.cy_checksum_exclude):0x0
                0x00000001                ASSERT ((cy_checksum_exclude_size <= CY_CHECKSUM_EXCLUDE_SIZE), CY_BOOT: Section .cy_checksum_exclude size exceedes specified limit.)

.cyloadermeta
 *(.cyloadermeta)

.cyloadablemeta
 *(.cyloadablemeta)

.cyconfigecc    0x80000000      0x950
 *(.cyconfigecc)
 .cyconfigecc   0x80000000      0x950 .\ARM_GCC_541\Debug\cymetadata.o
                0x80000000                cy_meta_configecc

.cycustnvl      0x90000000        0x4
 *(.cycustnvl)
 .cycustnvl     0x90000000        0x4 .\ARM_GCC_541\Debug\cymetadata.o
                0x90000000                cy_meta_custnvl

.cywolatch      0x90100000        0x4
 *(.cywolatch)
 .cywolatch     0x90100000        0x4 .\ARM_GCC_541\Debug\cymetadata.o
                0x90100000                cy_meta_wonvl

.cyeeprom       0x90200000        0x0
 *(.cyeeprom)
                0x00000001                ASSERT ((. <= ((0x90200000 + ee_offset) + ee_size)), .cyeeprom data will not fit in EEPROM)

.cyflashprotect
                0x90400000      0x100
 *(.cyflashprotect)
 .cyflashprotect
                0x90400000      0x100 .\ARM_GCC_541\Debug\cymetadata.o
                0x90400000                cy_meta_flashprotect

.cymeta         0x90500000        0xc
 *(.cymeta)
 .cymeta        0x90500000        0xc .\ARM_GCC_541\Debug\cymetadata.o
                0x90500000                cy_metadata

.rel.dyn        0x0000ae70        0x0 load address 0x9050000c
 .rel.iplt      0x0000ae70        0x0 c:/program files (x86)/cypress/psoc creator/4.4/psoc creator/import/gnu/arm/5.4.1/bin/../lib/gcc/arm-none-eabi/5.4.1/armv7-m/crtbegin.o

.stab
 *(.stab)

.stabstr
 *(.stabstr)

.debug
 *(.debug)

.line
 *(.line)

.debug_srcinfo
 *(.debug_srcinfo)

.debug_sfnames
 *(.debug_sfnames)

.debug_aranges  0x00000000     0x1330
 *(.debug_aranges)
 .debug_aranges
                0x00000000       0x68 .\ARM_GCC_541\Debug\main.o
 .debug_aranges
                0x00000068       0x40 .\ARM_GCC_541\Debug\adc_balanced.o
 .debug_aranges
                0x000000a8       0xb0 .\ARM_GCC_541\Debug\joystick.o
 .debug_aranges
                0x00000158       0x58 .\ARM_GCC_541\Debug\psoc_eeprom.o
 .debug_aranges
                0x000001b0       0x20 .\ARM_GCC_541\Debug\app_ctx.o
 .debug_aranges
                0x000001d0       0xf0 .\ARM_GCC_541\Debug\app_statemachine.o
 .debug_aranges
                0x000002c0       0x48 .\ARM_GCC_541\Debug\hamfly_comm_rb.o
 .debug_aranges
                0x00000308       0xc0 .\ARM_GCC_541\Debug\hamfly_core_gimbal.o
 .debug_aranges
                0x000003c8       0x78 .\ARM_GCC_541\Debug\hamfly_core_telemetry.o
 .debug_aranges
                0x00000440       0x48 .\ARM_GCC_541\Debug\hamfly_qx_app.o
 .debug_aranges
                0x00000488      0x228 .\ARM_GCC_541\Debug\hamfly_qx_protocol.o
 .debug_aranges
                0x000006b0       0x80 .\ARM_GCC_541\Debug\cyfitter_cfg.o
 .debug_aranges
                0x00000730       0x18 .\ARM_GCC_541\Debug\cymetadata.o
 .debug_aranges
                0x00000748       0x48 .\ARM_GCC_541\Debug\Cm3Start.o
 .debug_aranges
                0x00000790       0xe8 .\ARM_GCC_541\Debug\Proj07_hamflyAPI_stateMachineUpgrade.a(ADC_DelSig_1.o)
 .debug_aranges
                0x00000878       0x38 .\ARM_GCC_541\Debug\Proj07_hamflyAPI_stateMachineUpgrade.a(ADC_DelSig_1_INT.o)
 .debug_aranges
                0x000008b0       0x30 .\ARM_GCC_541\Debug\Proj07_hamflyAPI_stateMachineUpgrade.a(AMux_1.o)
 .debug_aranges
                0x000008e0       0x80 .\ARM_GCC_541\Debug\Proj07_hamflyAPI_stateMachineUpgrade.a(isr_adc.o)
 .debug_aranges
                0x00000960       0xf0 .\ARM_GCC_541\Debug\Proj07_hamflyAPI_stateMachineUpgrade.a(UART_MOVI.o)
 .debug_aranges
                0x00000a50       0x80 .\ARM_GCC_541\Debug\Proj07_hamflyAPI_stateMachineUpgrade.a(isr_rx_movi.o)
 .debug_aranges
                0x00000ad0       0x88 .\ARM_GCC_541\Debug\Proj07_hamflyAPI_stateMachineUpgrade.a(Looptimer.o)
 .debug_aranges
                0x00000b58       0x80 .\ARM_GCC_541\Debug\Proj07_hamflyAPI_stateMachineUpgrade.a(isr_Looptimer.o)
 .debug_aranges
                0x00000bd8       0x78 .\ARM_GCC_541\Debug\Proj07_hamflyAPI_stateMachineUpgrade.a(EEPROM_CONFIG.o)
 .debug_aranges
                0x00000c50       0x30 .\ARM_GCC_541\Debug\Proj07_hamflyAPI_stateMachineUpgrade.a(ADC_DelSig_1_AMux.o)
 .debug_aranges
                0x00000c80       0x70 .\ARM_GCC_541\Debug\Proj07_hamflyAPI_stateMachineUpgrade.a(ADC_DelSig_1_Ext_CP_Clk.o)
 .debug_aranges
                0x00000cf0       0x80 .\ARM_GCC_541\Debug\Proj07_hamflyAPI_stateMachineUpgrade.a(ADC_DelSig_1_theACLK.o)
 .debug_aranges
                0x00000d70       0x88 .\ARM_GCC_541\Debug\Proj07_hamflyAPI_stateMachineUpgrade.a(CyFlash.o)
 .debug_aranges
                0x00000df8      0x2a0 .\ARM_GCC_541\Debug\Proj07_hamflyAPI_stateMachineUpgrade.a(CyLib.o)
 .debug_aranges
                0x00001098       0x98 .\ARM_GCC_541\Debug\Proj07_hamflyAPI_stateMachineUpgrade.a(cyPm.o)
 .debug_aranges
                0x00001130       0x80 .\ARM_GCC_541\Debug\Proj07_hamflyAPI_stateMachineUpgrade.a(CySpc.o)
 .debug_aranges
                0x000011b0       0xf0 .\ARM_GCC_541\Debug\Proj07_hamflyAPI_stateMachineUpgrade.a(UART_DEBUG.o)
 .debug_aranges
                0x000012a0       0x70 .\ARM_GCC_541\Debug\Proj07_hamflyAPI_stateMachineUpgrade.a(UART_DEBUG_IntClock.o)
 .debug_aranges
                0x00001310       0x20 .\ARM_GCC_541\Debug\Proj07_hamflyAPI_stateMachineUpgrade.a(CyBootAsmGnu.o)

.debug_pubnames
 *(.debug_pubnames)

.debug_info     0x00000000     0xd014
 *(.debug_info .gnu.linkonce.wi.*)
 .debug_info    0x00000000      0xdcd .\ARM_GCC_541\Debug\main.o
 .debug_info    0x00000dcd      0x1f7 .\ARM_GCC_541\Debug\adc_balanced.o
 .debug_info    0x00000fc4      0x6c5 .\ARM_GCC_541\Debug\joystick.o
 .debug_info    0x00001689      0x2db .\ARM_GCC_541\Debug\psoc_eeprom.o
 .debug_info    0x00001964      0x9ba .\ARM_GCC_541\Debug\app_ctx.o
 .debug_info    0x0000231e     0x11ab .\ARM_GCC_541\Debug\app_statemachine.o
 .debug_info    0x000034c9      0x23c .\ARM_GCC_541\Debug\hamfly_comm_rb.o
 .debug_info    0x00003705     0x155c .\ARM_GCC_541\Debug\hamfly_core_gimbal.o
 .debug_info    0x00004c61      0xaf2 .\ARM_GCC_541\Debug\hamfly_core_telemetry.o
 .debug_info    0x00005753      0xef5 .\ARM_GCC_541\Debug\hamfly_qx_app.o
 .debug_info    0x00006648     0x1aff .\ARM_GCC_541\Debug\hamfly_qx_protocol.o
 .debug_info    0x00008147      0x59a .\ARM_GCC_541\Debug\cyfitter_cfg.o
 .debug_info    0x000086e1      0x139 .\ARM_GCC_541\Debug\cymetadata.o
 .debug_info    0x0000881a      0x32b .\ARM_GCC_541\Debug\Cm3Start.o
 .debug_info    0x00008b45      0x72c .\ARM_GCC_541\Debug\Proj07_hamflyAPI_stateMachineUpgrade.a(ADC_DelSig_1.o)
 .debug_info    0x00009271       0xd3 .\ARM_GCC_541\Debug\Proj07_hamflyAPI_stateMachineUpgrade.a(ADC_DelSig_1_INT.o)
 .debug_info    0x00009344       0xf7 .\ARM_GCC_541\Debug\Proj07_hamflyAPI_stateMachineUpgrade.a(AMux_1.o)
 .debug_info    0x0000943b      0x241 .\ARM_GCC_541\Debug\Proj07_hamflyAPI_stateMachineUpgrade.a(isr_adc.o)
 .debug_info    0x0000967c      0x50a .\ARM_GCC_541\Debug\Proj07_hamflyAPI_stateMachineUpgrade.a(UART_MOVI.o)
 .debug_info    0x00009b86      0x241 .\ARM_GCC_541\Debug\Proj07_hamflyAPI_stateMachineUpgrade.a(isr_rx_movi.o)
 .debug_info    0x00009dc7      0x245 .\ARM_GCC_541\Debug\Proj07_hamflyAPI_stateMachineUpgrade.a(Looptimer.o)
 .debug_info    0x0000a00c      0x241 .\ARM_GCC_541\Debug\Proj07_hamflyAPI_stateMachineUpgrade.a(isr_Looptimer.o)
 .debug_info    0x0000a24d      0x359 .\ARM_GCC_541\Debug\Proj07_hamflyAPI_stateMachineUpgrade.a(EEPROM_CONFIG.o)
 .debug_info    0x0000a5a6      0x10a .\ARM_GCC_541\Debug\Proj07_hamflyAPI_stateMachineUpgrade.a(ADC_DelSig_1_AMux.o)
 .debug_info    0x0000a6b0      0x25d .\ARM_GCC_541\Debug\Proj07_hamflyAPI_stateMachineUpgrade.a(ADC_DelSig_1_Ext_CP_Clk.o)
 .debug_info    0x0000a90d      0x299 .\ARM_GCC_541\Debug\Proj07_hamflyAPI_stateMachineUpgrade.a(ADC_DelSig_1_theACLK.o)
 .debug_info    0x0000aba6      0x3b9 .\ARM_GCC_541\Debug\Proj07_hamflyAPI_stateMachineUpgrade.a(CyFlash.o)
 .debug_info    0x0000af5f      0xe51 .\ARM_GCC_541\Debug\Proj07_hamflyAPI_stateMachineUpgrade.a(CyLib.o)
 .debug_info    0x0000bdb0      0x57a .\ARM_GCC_541\Debug\Proj07_hamflyAPI_stateMachineUpgrade.a(cyPm.o)
 .debug_info    0x0000c32a      0x4c0 .\ARM_GCC_541\Debug\Proj07_hamflyAPI_stateMachineUpgrade.a(CySpc.o)
 .debug_info    0x0000c7ea      0x50a .\ARM_GCC_541\Debug\Proj07_hamflyAPI_stateMachineUpgrade.a(UART_DEBUG.o)
 .debug_info    0x0000ccf4      0x25d .\ARM_GCC_541\Debug\Proj07_hamflyAPI_stateMachineUpgrade.a(UART_DEBUG_IntClock.o)
 .debug_info    0x0000cf51       0xc3 .\ARM_GCC_541\Debug\Proj07_hamflyAPI_stateMachineUpgrade.a(CyBootAsmGnu.o)

.debug_abbrev   0x00000000     0x2dc6
 *(.debug_abbrev)
 .debug_abbrev  0x00000000      0x1ef .\ARM_GCC_541\Debug\main.o
 .debug_abbrev  0x000001ef      0x111 .\ARM_GCC_541\Debug\adc_balanced.o
 .debug_abbrev  0x00000300      0x267 .\ARM_GCC_541\Debug\joystick.o
 .debug_abbrev  0x00000567      0x13f .\ARM_GCC_541\Debug\psoc_eeprom.o
 .debug_abbrev  0x000006a6      0x11b .\ARM_GCC_541\Debug\app_ctx.o
 .debug_abbrev  0x000007c1      0x2ab .\ARM_GCC_541\Debug\app_statemachine.o
 .debug_abbrev  0x00000a6c      0x124 .\ARM_GCC_541\Debug\hamfly_comm_rb.o
 .debug_abbrev  0x00000b90      0x280 .\ARM_GCC_541\Debug\hamfly_core_gimbal.o
 .debug_abbrev  0x00000e10      0x1a3 .\ARM_GCC_541\Debug\hamfly_core_telemetry.o
 .debug_abbrev  0x00000fb3      0x1fa .\ARM_GCC_541\Debug\hamfly_qx_app.o
 .debug_abbrev  0x000011ad      0x277 .\ARM_GCC_541\Debug\hamfly_qx_protocol.o
 .debug_abbrev  0x00001424      0x1ca .\ARM_GCC_541\Debug\cyfitter_cfg.o
 .debug_abbrev  0x000015ee       0x77 .\ARM_GCC_541\Debug\cymetadata.o
 .debug_abbrev  0x00001665      0x1d6 .\ARM_GCC_541\Debug\Cm3Start.o
 .debug_abbrev  0x0000183b      0x19d .\ARM_GCC_541\Debug\Proj07_hamflyAPI_stateMachineUpgrade.a(ADC_DelSig_1.o)
 .debug_abbrev  0x000019d8       0x42 .\ARM_GCC_541\Debug\Proj07_hamflyAPI_stateMachineUpgrade.a(ADC_DelSig_1_INT.o)
 .debug_abbrev  0x00001a1a       0x87 .\ARM_GCC_541\Debug\Proj07_hamflyAPI_stateMachineUpgrade.a(AMux_1.o)
 .debug_abbrev  0x00001aa1      0x172 .\ARM_GCC_541\Debug\Proj07_hamflyAPI_stateMachineUpgrade.a(isr_adc.o)
 .debug_abbrev  0x00001c13      0x163 .\ARM_GCC_541\Debug\Proj07_hamflyAPI_stateMachineUpgrade.a(UART_MOVI.o)
 .debug_abbrev  0x00001d76      0x172 .\ARM_GCC_541\Debug\Proj07_hamflyAPI_stateMachineUpgrade.a(isr_rx_movi.o)
 .debug_abbrev  0x00001ee8       0xe9 .\ARM_GCC_541\Debug\Proj07_hamflyAPI_stateMachineUpgrade.a(Looptimer.o)
 .debug_abbrev  0x00001fd1      0x172 .\ARM_GCC_541\Debug\Proj07_hamflyAPI_stateMachineUpgrade.a(isr_Looptimer.o)
 .debug_abbrev  0x00002143      0x117 .\ARM_GCC_541\Debug\Proj07_hamflyAPI_stateMachineUpgrade.a(EEPROM_CONFIG.o)
 .debug_abbrev  0x0000225a       0x6f .\ARM_GCC_541\Debug\Proj07_hamflyAPI_stateMachineUpgrade.a(ADC_DelSig_1_AMux.o)
 .debug_abbrev  0x000022c9      0x11d .\ARM_GCC_541\Debug\Proj07_hamflyAPI_stateMachineUpgrade.a(ADC_DelSig_1_Ext_CP_Clk.o)
 .debug_abbrev  0x000023e6      0x11d .\ARM_GCC_541\Debug\Proj07_hamflyAPI_stateMachineUpgrade.a(ADC_DelSig_1_theACLK.o)
 .debug_abbrev  0x00002503      0x14b .\ARM_GCC_541\Debug\Proj07_hamflyAPI_stateMachineUpgrade.a(CyFlash.o)
 .debug_abbrev  0x0000264e      0x217 .\ARM_GCC_541\Debug\Proj07_hamflyAPI_stateMachineUpgrade.a(CyLib.o)
 .debug_abbrev  0x00002865      0x161 .\ARM_GCC_541\Debug\Proj07_hamflyAPI_stateMachineUpgrade.a(cyPm.o)
 .debug_abbrev  0x000029c6      0x16c .\ARM_GCC_541\Debug\Proj07_hamflyAPI_stateMachineUpgrade.a(CySpc.o)
 .debug_abbrev  0x00002b32      0x163 .\ARM_GCC_541\Debug\Proj07_hamflyAPI_stateMachineUpgrade.a(UART_DEBUG.o)
 .debug_abbrev  0x00002c95      0x11d .\ARM_GCC_541\Debug\Proj07_hamflyAPI_stateMachineUpgrade.a(UART_DEBUG_IntClock.o)
 .debug_abbrev  0x00002db2       0x14 .\ARM_GCC_541\Debug\Proj07_hamflyAPI_stateMachineUpgrade.a(CyBootAsmGnu.o)

.debug_line     0x00000000     0x5f12
 *(.debug_line)
 .debug_line    0x00000000      0x417 .\ARM_GCC_541\Debug\main.o
 .debug_line    0x00000417      0x1f0 .\ARM_GCC_541\Debug\adc_balanced.o
 .debug_line    0x00000607      0x459 .\ARM_GCC_541\Debug\joystick.o
 .debug_line    0x00000a60      0x24b .\ARM_GCC_541\Debug\psoc_eeprom.o
 .debug_line    0x00000cab      0x209 .\ARM_GCC_541\Debug\app_ctx.o
 .debug_line    0x00000eb4      0x5f6 .\ARM_GCC_541\Debug\app_statemachine.o
 .debug_line    0x000014aa      0x1ee .\ARM_GCC_541\Debug\hamfly_comm_rb.o
 .debug_line    0x00001698        0x0 .\ARM_GCC_541\Debug\hamfly_comm_txbuf.o
 .debug_line    0x00001698      0x51a .\ARM_GCC_541\Debug\hamfly_core_gimbal.o
 .debug_line    0x00001bb2      0x2fb .\ARM_GCC_541\Debug\hamfly_core_telemetry.o
 .debug_line    0x00001ead      0x4b1 .\ARM_GCC_541\Debug\hamfly_qx_app.o
 .debug_line    0x0000235e      0xd66 .\ARM_GCC_541\Debug\hamfly_qx_protocol.o
 .debug_line    0x000030c4      0x27c .\ARM_GCC_541\Debug\cyfitter_cfg.o
 .debug_line    0x00003340      0x141 .\ARM_GCC_541\Debug\cymetadata.o
 .debug_line    0x00003481      0x1dc .\ARM_GCC_541\Debug\Cm3Start.o
 .debug_line    0x0000365d      0x365 .\ARM_GCC_541\Debug\Proj07_hamflyAPI_stateMachineUpgrade.a(ADC_DelSig_1.o)
 .debug_line    0x000039c2       0x95 .\ARM_GCC_541\Debug\Proj07_hamflyAPI_stateMachineUpgrade.a(ADC_DelSig_1_INT.o)
 .debug_line    0x00003a57       0x9b .\ARM_GCC_541\Debug\Proj07_hamflyAPI_stateMachineUpgrade.a(AMux_1.o)
 .debug_line    0x00003af2      0x142 .\ARM_GCC_541\Debug\Proj07_hamflyAPI_stateMachineUpgrade.a(isr_adc.o)
 .debug_line    0x00003c34      0x2e7 .\ARM_GCC_541\Debug\Proj07_hamflyAPI_stateMachineUpgrade.a(UART_MOVI.o)
 .debug_line    0x00003f1b      0x156 .\ARM_GCC_541\Debug\Proj07_hamflyAPI_stateMachineUpgrade.a(isr_rx_movi.o)
 .debug_line    0x00004071      0x161 .\ARM_GCC_541\Debug\Proj07_hamflyAPI_stateMachineUpgrade.a(Looptimer.o)
 .debug_line    0x000041d2      0x158 .\ARM_GCC_541\Debug\Proj07_hamflyAPI_stateMachineUpgrade.a(isr_Looptimer.o)
 .debug_line    0x0000432a      0x22d .\ARM_GCC_541\Debug\Proj07_hamflyAPI_stateMachineUpgrade.a(EEPROM_CONFIG.o)
 .debug_line    0x00004557       0xa6 .\ARM_GCC_541\Debug\Proj07_hamflyAPI_stateMachineUpgrade.a(ADC_DelSig_1_AMux.o)
 .debug_line    0x000045fd      0x1b6 .\ARM_GCC_541\Debug\Proj07_hamflyAPI_stateMachineUpgrade.a(ADC_DelSig_1_Ext_CP_Clk.o)
 .debug_line    0x000047b3      0x1d7 .\ARM_GCC_541\Debug\Proj07_hamflyAPI_stateMachineUpgrade.a(ADC_DelSig_1_theACLK.o)
 .debug_line    0x0000498a      0x22f .\ARM_GCC_541\Debug\Proj07_hamflyAPI_stateMachineUpgrade.a(CyFlash.o)
 .debug_line    0x00004bb9      0x883 .\ARM_GCC_541\Debug\Proj07_hamflyAPI_stateMachineUpgrade.a(CyLib.o)
 .debug_line    0x0000543c      0x38e .\ARM_GCC_541\Debug\Proj07_hamflyAPI_stateMachineUpgrade.a(cyPm.o)
 .debug_line    0x000057ca      0x231 .\ARM_GCC_541\Debug\Proj07_hamflyAPI_stateMachineUpgrade.a(CySpc.o)
 .debug_line    0x000059fb      0x2e8 .\ARM_GCC_541\Debug\Proj07_hamflyAPI_stateMachineUpgrade.a(UART_DEBUG.o)
 .debug_line    0x00005ce3      0x1b2 .\ARM_GCC_541\Debug\Proj07_hamflyAPI_stateMachineUpgrade.a(UART_DEBUG_IntClock.o)
 .debug_line    0x00005e95       0x7d .\ARM_GCC_541\Debug\Proj07_hamflyAPI_stateMachineUpgrade.a(CyBootAsmGnu.o)

.debug_frame    0x00000000     0x5cec
 *(.debug_frame)
 .debug_frame   0x00000000      0x19c .\ARM_GCC_541\Debug\main.o
 .debug_frame   0x0000019c       0xc8 .\ARM_GCC_541\Debug\adc_balanced.o
 .debug_frame   0x00000264      0x310 .\ARM_GCC_541\Debug\joystick.o
 .debug_frame   0x00000574      0x138 .\ARM_GCC_541\Debug\psoc_eeprom.o
 .debug_frame   0x000006ac       0x38 .\ARM_GCC_541\Debug\app_ctx.o
 .debug_frame   0x000006e4      0x450 .\ARM_GCC_541\Debug\app_statemachine.o
 .debug_frame   0x00000b34      0x100 .\ARM_GCC_541\Debug\hamfly_comm_rb.o
 .debug_frame   0x00000c34      0x374 .\ARM_GCC_541\Debug\hamfly_core_gimbal.o
 .debug_frame   0x00000fa8      0x1f4 .\ARM_GCC_541\Debug\hamfly_core_telemetry.o
 .debug_frame   0x0000119c       0xe8 .\ARM_GCC_541\Debug\hamfly_qx_app.o
 .debug_frame   0x00001284      0xab8 .\ARM_GCC_541\Debug\hamfly_qx_protocol.o
 .debug_frame   0x00001d3c      0x20c .\ARM_GCC_541\Debug\cyfitter_cfg.o
 .debug_frame   0x00001f48       0xd8 .\ARM_GCC_541\Debug\Cm3Start.o
 .debug_frame   0x00002020      0x40c .\ARM_GCC_541\Debug\Proj07_hamflyAPI_stateMachineUpgrade.a(ADC_DelSig_1.o)
 .debug_frame   0x0000242c       0xa0 .\ARM_GCC_541\Debug\Proj07_hamflyAPI_stateMachineUpgrade.a(ADC_DelSig_1_INT.o)
 .debug_frame   0x000024cc       0x7c .\ARM_GCC_541\Debug\Proj07_hamflyAPI_stateMachineUpgrade.a(AMux_1.o)
 .debug_frame   0x00002548      0x1e8 .\ARM_GCC_541\Debug\Proj07_hamflyAPI_stateMachineUpgrade.a(isr_adc.o)
 .debug_frame   0x00002730      0x42c .\ARM_GCC_541\Debug\Proj07_hamflyAPI_stateMachineUpgrade.a(UART_MOVI.o)
 .debug_frame   0x00002b5c      0x1e8 .\ARM_GCC_541\Debug\Proj07_hamflyAPI_stateMachineUpgrade.a(isr_rx_movi.o)
 .debug_frame   0x00002d44      0x208 .\ARM_GCC_541\Debug\Proj07_hamflyAPI_stateMachineUpgrade.a(Looptimer.o)
 .debug_frame   0x00002f4c      0x1e8 .\ARM_GCC_541\Debug\Proj07_hamflyAPI_stateMachineUpgrade.a(isr_Looptimer.o)
 .debug_frame   0x00003134      0x1c0 .\ARM_GCC_541\Debug\Proj07_hamflyAPI_stateMachineUpgrade.a(EEPROM_CONFIG.o)
 .debug_frame   0x000032f4       0x88 .\ARM_GCC_541\Debug\Proj07_hamflyAPI_stateMachineUpgrade.a(ADC_DelSig_1_AMux.o)
 .debug_frame   0x0000337c      0x1b4 .\ARM_GCC_541\Debug\Proj07_hamflyAPI_stateMachineUpgrade.a(ADC_DelSig_1_Ext_CP_Clk.o)
 .debug_frame   0x00003530      0x200 .\ARM_GCC_541\Debug\Proj07_hamflyAPI_stateMachineUpgrade.a(ADC_DelSig_1_theACLK.o)
 .debug_frame   0x00003730      0x238 .\ARM_GCC_541\Debug\Proj07_hamflyAPI_stateMachineUpgrade.a(CyFlash.o)
 .debug_frame   0x00003968      0xc0c .\ARM_GCC_541\Debug\Proj07_hamflyAPI_stateMachineUpgrade.a(CyLib.o)
 .debug_frame   0x00004574      0x234 .\ARM_GCC_541\Debug\Proj07_hamflyAPI_stateMachineUpgrade.a(cyPm.o)