Archive member included to satisfy reference by file (symbol)

.\ARM_GCC_541\Debug\Proj07_hamflyAPI_stateMachineUpgrade.a(ADC_DelSig_1.o)
                              .\ARM_GCC_541\Debug\adc_balanced.o (ADC_DelSig_1_Start)
.\ARM_GCC_541\Debug\Proj07_hamflyAPI_stateMachineUpgrade.a(ADC_DelSig_1_INT.o)
                              .\ARM_GCC_541\Debug\Proj07_hamflyAPI_stateMachineUpgrade.a(ADC_DelSig_1.o) (ADC_DelSig_1_ISR1)
.\ARM_GCC_541\Debug\Proj07_hamflyAPI_stateMachineUpgrade.a(AMux_1.o)
                              .\ARM_GCC_541\Debug\adc_balanced.o (AMux_1_Start)
.\ARM_GCC_541\Debug\Proj07_hamflyAPI_stateMachineUpgrade.a(isr_adc.o)
                              .\ARM_GCC_541\Debug\adc_balanced.o (isr_adc_StartEx)
.\ARM_GCC_541\Debug\Proj07_hamflyAPI_stateMachineUpgrade.a(UART_MOVI.o)
                              .\ARM_GCC_541\Debug\main.o (UART_MOVI_Start)
.\ARM_GCC_541\Debug\Proj07_hamflyAPI_stateMachineUpgrade.a(isr_rx_movi.o)
                              .\ARM_GCC_541\Debug\main.o (isr_rx_movi_StartEx)
.\ARM_GCC_541\Debug\Proj07_hamflyAPI_stateMachineUpgrade.a(Looptimer.o)
                              .\ARM_GCC_541\Debug\main.o (Looptimer_Start)
.\ARM_GCC_541\Debug\Proj07_hamflyAPI_stateMachineUpgrade.a(isr_Looptimer.o)
                              .\ARM_GCC_541\Debug\main.o (isr_Looptimer_StartEx)
.\ARM_GCC_541\Debug\Proj07_hamflyAPI_stateMachineUpgrade.a(EEPROM_CONFIG.o)
                              .\ARM_GCC_541\Debug\psoc_eeprom.o (EEPROM_CONFIG_Start)
.\ARM_GCC_541\Debug\Proj07_hamflyAPI_stateMachineUpgrade.a(ADC_DelSig_1_AMux.o)
                              .\ARM_GCC_541\Debug\Proj07_hamflyAPI_stateMachineUpgrade.a(ADC_DelSig_1.o) (ADC_DelSig_1_AMux_Select)
.\ARM_GCC_541\Debug\Proj07_hamflyAPI_stateMachineUpgrade.a(ADC_DelSig_1_Ext_CP_Clk.o)
                              .\ARM_GCC_541\Debug\Proj07_hamflyAPI_stateMachineUpgrade.a(ADC_DelSig_1.o) (ADC_DelSig_1_Ext_CP_Clk_SetDividerRegister)
.\ARM_GCC_541\Debug\Proj07_hamflyAPI_stateMachineUpgrade.a(ADC_DelSig_1_theACLK.o)
                              .\ARM_GCC_541\Debug\Proj07_hamflyAPI_stateMachineUpgrade.a(ADC_DelSig_1.o) (ADC_DelSig_1_theACLK_SetDividerRegister)
.\ARM_GCC_541\Debug\Proj07_hamflyAPI_stateMachineUpgrade.a(CyFlash.o)
                              .\ARM_GCC_541\Debug\Proj07_hamflyAPI_stateMachineUpgrade.a(EEPROM_CONFIG.o) (dieTemperature)
.\ARM_GCC_541\Debug\Proj07_hamflyAPI_stateMachineUpgrade.a(CyLib.o)
                              .\ARM_GCC_541\Debug\Cm3Start.o (CyResetStatus)
.\ARM_GCC_541\Debug\Proj07_hamflyAPI_stateMachineUpgrade.a(cyPm.o)
                              .\ARM_GCC_541\Debug\Proj07_hamflyAPI_stateMachineUpgrade.a(CyLib.o) (CyPmReadStatus)
.\ARM_GCC_541\Debug\Proj07_hamflyAPI_stateMachineUpgrade.a(CySpc.o)
                              .\ARM_GCC_541\Debug\Proj07_hamflyAPI_stateMachineUpgrade.a(EEPROM_CONFIG.o) (CySpcStart)
.\ARM_GCC_541\Debug\Proj07_hamflyAPI_stateMachineUpgrade.a(UART_DEBUG.o)
                              .\ARM_GCC_541\Debug\main.o (UART_DEBUG_Start)
.\ARM_GCC_541\Debug\Proj07_hamflyAPI_stateMachineUpgrade.a(UART_DEBUG_IntClock.o)
                              .\ARM_GCC_541\Debug\Proj07_hamflyAPI_stateMachineUpgrade.a(UART_DEBUG.o) (UART_DEBUG_IntClock_Start)
.\ARM_GCC_541\Debug\Proj07_hamflyAPI_stateMachineUpgrade.a(UART_SBC.o)
                              .\ARM_GCC_541\Debug\main.o (UART_SBC_Start)
.\ARM_GCC_541\Debug\Proj07_hamflyAPI_stateMachineUpgrade.a(isr_rx_sbc.o)
                              .\ARM_GCC_541\Debug\main.o (isr_rx_sbc_StartEx)
.\ARM_GCC_541\Debug\Proj07_hamflyAPI_stateMachineUpgrade.a(UART_SBC_IntClock.o)
                              .\ARM_GCC_541\Debug\Proj07_hamflyAPI_stateMachineUpgrade.a(UART_SBC.o) (UART_SBC_IntClock_Start)
.\ARM_GCC_541\Debug\Proj07_hamflyAPI_stateMachineUpgrade.a(Pin_Debug_SuperLoop.o)
                              .\ARM_GCC_541\Debug\main.o (Pin_Debug_SuperLoop_Write)
.\ARM_GCC_541\Debug\Proj07_hamflyAPI_stateMachineUpgrade.a(Pin_Debug_CoarseCentroid.o)
                              .\ARM_GCC_541\Debug\sbc_comms.o (Pin_Debug_CoarseCentroid_Write)
.\ARM_GCC_541\Debug\Proj07_hamflyAPI_stateMachineUpgrade.a(Pin_SwitchAuto.o)
                              .\ARM_GCC_541\Debug\app_statemachine.o (Pin_SwitchAuto_Read)
.\ARM_GCC_541\Debug\Proj07_hamflyAPI_stateMachineUpgrade.a(CyBootAsmGnu.o)
                              .\ARM_GCC_541\Debug\cyfitter_cfg.o (CyDelayCycles)
c:/program files (x86)/cypress/psoc creator/4.4/psoc creator/import/gnu/arm/5.4.1/bin/../lib/gcc/arm-none-eabi/5.4.1/../../../../arm-none-eabi/lib/armv7-m\libm.a(lib_a-s_cos.o)
                              .\ARM_GCC_541\Debug\hamfly_core_gimbal.o (cos)
c:/program files (x86)/cypress/psoc creator/4.4/psoc creator/import/gnu/arm/5.4.1/bin/../lib/gcc/arm-none-eabi/5.4.1/../../../../arm-none-eabi/lib/armv7-m\libm.a(lib_a-sf_cos.o)
                              .\ARM_GCC_541\Debug\app_state_auto.o (cosf)
[...]
Memory Configuration

Name             Origin             Length             Attributes
rom              0x00000000         0x00040000         xr
ram              0x1fff8000         0x00010000         xrw
*default*        0x00000000         0xffffffff

Linker script and memory map

LOAD c:/program files (x86)/cypress/psoc creator/4.4/psoc creator/import/gnu/arm/5.4.1/bin/../lib/gcc/arm-none-eabi/5.4.1/armv7-m/crti.o
LOAD c:/program files (x86)/cypress/psoc creator/4.4/psoc creator/import/gnu/arm/5.4.1/bin/../lib/gcc/arm-none-eabi/5.4.1/armv7-m/crtbegin.o
LOAD c:/program files (x86)/cypress/psoc creator/4.4/psoc creator/import/gnu/arm/5.4.1/bin/../lib/gcc/arm-none-eabi/5.4.1/../../../../arm-none-eabi/lib/armv7-m/crt0.o
START GROUP
LOAD .\ARM_GCC_541\Debug\main.o
LOAD .\ARM_GCC_541\Debug\adc_balanced.o
LOAD .\ARM_GCC_541\Debug\joystick.o
LOAD .\ARM_GCC_541\Debug\psoc_eeprom.o
LOAD .\ARM_GCC_541\Debug\app_ctx.o
LOAD .\ARM_GCC_541\Debug\app_statemachine.o
LOAD .\ARM_GCC_541\Debug\sbc_comms.o
LOAD .\ARM_GCC_541\Debug\telemetry.o
LOAD .\ARM_GCC_541\Debug\app_state_stby.o
LOAD .\ARM_GCC_541\Debug\app_state_manu.o
LOAD .\ARM_GCC_541\Debug\app_state_auto.o
LOAD .\ARM_GCC_541\Debug\app_state_error.o
LOAD .\ARM_GCC_541\Debug\utils.o
LOAD .\ARM_GCC_541\Debug\hamfly_comm_rb.o
LOAD .\ARM_GCC_541\Debug\hamfly_comm_txbuf.o
LOAD .\ARM_GCC_541\Debug\hamfly_core_gimbal.o
LOAD .\ARM_GCC_541\Debug\hamfly_core_telemetry.o
LOAD .\ARM_GCC_541\Debug\hamfly_qx_app.o
LOAD .\ARM_GCC_541\Debug\hamfly_qx_protocol.o
LOAD .\ARM_GCC_541\Debug\cyfitter_cfg.o
LOAD .\ARM_GCC_541\Debug\cymetadata.o
LOAD .\ARM_GCC_541\Debug\Cm3Start.o
LOAD .\ARM_GCC_541\Debug\Proj07_hamflyAPI_stateMachineUpgrade.a
LOAD C:\Program Files (x86)\Cypress\PSoC Creator\4.4\PSoC Creator\psoc\content\cycomponentlibrary\CyComponentLibrary.cylib\CortexM3\ARM_GCC_541\Debug\CyComponentLibrary.a
LOAD c:/program files (x86)/cypress/psoc creator/4.4/psoc creator/import/gnu/arm/5.4.1/bin/../lib/gcc/arm-none-eabi/5.4.1/../../../../arm-none-eabi/lib/armv7-m\libm.a
END GROUP
START GROUP
LOAD c:/program files (x86)/cypress/psoc creator/4.4/psoc creator/import/gnu/arm/5.4.1/bin/../lib/gcc/arm-none-eabi/5.4.1/armv7-m\libgcc.a
LOAD c:/program files (x86)/cypress/psoc creator/4.4/psoc creator/import/gnu/arm/5.4.1/bin/../lib/gcc/arm-none-eabi/5.4.1/../../../../arm-none-eabi/lib/armv7-m\libg_nano.a
LOAD c:/program files (x86)/cypress/psoc creator/4.4/psoc creator/import/gnu/arm/5.4.1/bin/../lib/gcc/arm-none-eabi/5.4.1/../../../../arm-none-eabi/lib/armv7-m\libc_nano.a
END GROUP
START GROUP
LOAD c:/program files (x86)/cypress/psoc creator/4.4/psoc creator/import/gnu/arm/5.4.1/bin/../lib/gcc/arm-none-eabi/5.4.1/armv7-m\libgcc.a
LOAD c:/program files (x86)/cypress/psoc creator/4.4/psoc creator/import/gnu/arm/5.4.1/bin/../lib/gcc/arm-none-eabi/5.4.1/../../../../arm-none-eabi/lib/armv7-m\libc_nano.a
END GROUP
LOAD c:/program files (x86)/cypress/psoc creator/4.4/psoc creator/import/gnu/arm/5.4.1/bin/../lib/gcc/arm-none-eabi/5.4.1/armv7-m/crtend.o
LOAD c:/program files (x86)/cypress/psoc creator/4.4/psoc creator/import/gnu/arm/5.4.1/bin/../lib/gcc/arm-none-eabi/5.4.1/armv7-m/crtn.o
START GROUP
LOAD c:/program files (x86)/cypress/psoc creator/4.4/psoc creator/import/gnu/arm/5.4.1/bin/../lib/gcc/arm-none-eabi/5.4.1/armv7-m\libgcc.a
LOAD c:/program files (x86)/cypress/psoc creator/4.4/psoc creator/import/gnu/arm/5.4.1/bin/../lib/gcc/arm-none-eabi/5.4.1/../../../../arm-none-eabi/lib/armv7-m\libc.a
LOAD c:/program files (x86)/cypress/psoc creator/4.4/psoc creator/import/gnu/arm/5.4.1/bin/../lib/gcc/arm-none-eabi/5.4.1/../../../../arm-none-eabi/lib/armv7-m\libnosys.a
END GROUP
                0x00000000                CY_APPL_ORIGIN = 0x0
                0x00000100                CY_FLASH_ROW_SIZE = 0x100
                0x00000020                CY_ECC_ROW_SIZE = 0x20
                0x00000000                CY_EE_IN_BTLDR = 0x0
                0x00000000                CY_APPL_LOADABLE = 0x0
                0x00000800                CY_EE_SIZE = 0x800
                0x00000001                CY_APPL_NUM = 0x1
                0x00000001                CY_APPL_MAX = 0x1
                0x00000040                CY_METADATA_SIZE = 0x40
                0x00000000                CY_APPL_LOADABLE = 0x0
                0x00000000                CY_CHECKSUM_EXCLUDE_SIZE = ALIGN (0x0, CY_FLASH_ROW_SIZE)
                [!provide]                PROVIDE (__cy_heap_start, _end)
                0x00000001                PROVIDE (__cy_region_num, ((__cy_regions_end - __cy_regions) / 0x10))
                0x20008000                PROVIDE (__cy_stack, (ORIGIN (ram) + LENGTH (ram)))
                [!provide]                PROVIDE (__cy_heap_end, (__cy_stack - 0x800))

.cybootloader   0x00000000        0x0
 *(.cybootloader)
                0x00000000                appl1_start = CY_APPL_ORIGIN?CY_APPL_ORIGIN:ALIGN (CY_FLASH_ROW_SIZE)
                0x0001ff00                appl2_start = (appl1_start + ALIGN ((((LENGTH (rom) - appl1_start) - (0x2 * CY_FLASH_ROW_SIZE)) / 0x2), CY_FLASH_ROW_SIZE))
                0x00000000                appl_start = (CY_APPL_NUM == 0x1)?appl1_start:appl2_start
                0x00000000                ecc_offset = ((appl_start / CY_FLASH_ROW_SIZE) * CY_ECC_ROW_SIZE)
                0x00000000                ee_offset = (CY_APPL_LOADABLE && ! (CY_EE_IN_BTLDR))?((CY_EE_SIZE / CY_APPL_MAX) * (CY_APPL_NUM - 0x1)):0x0
                0x00000800                ee_size = (CY_APPL_LOADABLE && ! (CY_EE_IN_BTLDR))?(CY_EE_SIZE / CY_APPL_MAX):CY_EE_SIZE
                [!provide]                PROVIDE (CY_ECC_OFFSET, ecc_offset)

.text           0x00000000     0xdfa6
 CREATE_OBJECT_SYMBOLS
                0x00000000                PROVIDE (__cy_interrupt_vector, RomVectors)
 *(.romvectors)
 .romvectors    0x00000000       0x10 .\ARM_GCC_541\Debug\Cm3Start.o
                0x00000000                RomVectors
                0x00000001                ASSERT ((. != __cy_interrupt_vector), No interrupt vector)
                0x00000001                ASSERT (CY_APPL_ORIGIN?(SIZEOF (.cybootloader) <= CY_APPL_ORIGIN):0x1, Wrong image location)
                0x00000010                PROVIDE (__cy_reset, Reset)
 *(.text.Reset)
 .text.Reset    0x00000010       0x18 .\ARM_GCC_541\Debug\Cm3Start.o
                0x00000010                Reset
                0x00000001                ASSERT ((. != __cy_reset), No reset code)
 *(.dma_init)
                0x00000001                ASSERT ((((appl_start + .) <= 0x10000) || 0x1), DMA Init must be within the first 64k of flash)
 *(.text .text.* .gnu.linkonce.t.*)
 .text          0x00000028       0x5c c:/program files (x86)/cypress/psoc creator/4.4/psoc creator/import/gnu/arm/5.4.1/bin/../lib/gcc/arm-none-eabi/5.4.1/armv7-m/crtbegin.o
 .text._hamfly_psoc5_putc
                0x00000084       0x1c .\ARM_GCC_541\Debug\main.o
 .text.psoc_get_tick
                0x000000a0       0x1c .\ARM_GCC_541\Debug\main.o
 .text.isr_rx_movi_Handler
                0x000000bc       0x58 .\ARM_GCC_541\Debug\main.o
                0x000000bc                isr_rx_movi_Handler
 .text.isr_Looptimer_Handler
                0x00000114       0x1c .\ARM_GCC_541\Debug\main.o
                0x00000114                isr_Looptimer_Handler
 .text.isr_rx_sbc_Handler
                0x00000130       0x50 .\ARM_GCC_541\Debug\main.o
                0x00000130                isr_rx_sbc_Handler
 .text.decomp   0x00000180       0xa8 .\ARM_GCC_541\Debug\main.o
 .text.main     0x00000228      0x33c .\ARM_GCC_541\Debug\main.o
                0x00000228                main
 .text.isr_adc_Handler
                0x00000564       0x18 .\ARM_GCC_541\Debug\adc_balanced.o
                0x00000564                isr_adc_Handler
 .text.adc_balanced_init
                0x0000057c       0x6c .\ARM_GCC_541\Debug\adc_balanced.o
                0x0000057c                adc_balanced_init
 .text.adc_balanced_advance_on_eoc
                0x000005e8       0x64 .\ARM_GCC_541\Debug\adc_balanced.o
 .text.adc_balanced_poll_frame
                0x0000064c       0x6c .\ARM_GCC_541\Debug\adc_balanced.o
                0x0000064c                adc_balanced_poll_frame
 .text.joystick_set_sensitivity
                0x000006b8       0x48 .\ARM_GCC_541\Debug\joystick.o
                0x000006b8                joystick_set_sensitivity
 .text.normalize_axis
                0x00000700       0xd0 .\ARM_GCC_541\Debug\joystick.o
 .text.apply_deadband
                0x000007d0       0x90 .\ARM_GCC_541\Debug\joystick.o
 .text.joystick_validate
                0x00000860       0x94 .\ARM_GCC_541\Debug\joystick.o
                0x00000860                joystick_validate
 .text.cal_begin_range_capture
                0x000008f4       0x84 .\ARM_GCC_541\Debug\joystick.o
 .text.cal_update_ranges
                0x00000978       0x98 .\ARM_GCC_541\Debug\joystick.o
 .text.cal_start_center_capture
                0x00000a10       0x44 .\ARM_GCC_541\Debug\joystick.o
 .text.cal_center_capture_update
                0x00000a54       0xa8 .\ARM_GCC_541\Debug\joystick.o
 .text.cal_save_or_restart
                0x00000afc       0x44 .\ARM_GCC_541\Debug\joystick.o
 .text.joystick_init
                0x00000b40       0xa4 .\ARM_GCC_541\Debug\joystick.o
                0x00000b40                joystick_init
 .text.joystick_on_sample
                0x00000be4       0x48 .\ARM_GCC_541\Debug\joystick.o
                0x00000be4                joystick_on_sample
 .text.joystick_on_key
                0x00000c2c       0x70 .\ARM_GCC_541\Debug\joystick.o
                0x00000c2c                joystick_on_key
 .text.joystick_cal_state
                0x00000c9c       0x14 .\ARM_GCC_541\Debug\joystick.o
                0x00000c9c                joystick_cal_state
 .text.joystick_get_cmd
                0x00000cb0       0xe8 .\ARM_GCC_541\Debug\joystick.o
                0x00000cb0                joystick_get_cmd
 .text.joystick_load
                0x00000d98       0x4c .\ARM_GCC_541\Debug\joystick.o
                0x00000d98                joystick_load
 .text.slot_id_to_row
                0x00000de4       0x2c .\ARM_GCC_541\Debug\psoc_eeprom.o
 .text.read_row_byte
                0x00000e10       0x38 .\ARM_GCC_541\Debug\psoc_eeprom.o
 .text.read_row_data
                0x00000e48       0x3c .\ARM_GCC_541\Debug\psoc_eeprom.o
 .text.psoc_eeprom_init
                0x00000e84        0xc .\ARM_GCC_541\Debug\psoc_eeprom.o
                0x00000e84                psoc_eeprom_init
 .text.psoc_eeprom_read
                0x00000e90       0x7c .\ARM_GCC_541\Debug\psoc_eeprom.o
                0x00000e90                psoc_eeprom_read
 .text.app_ctx_init
                0x00000f0c       0x70 .\ARM_GCC_541\Debug\app_ctx.o
                0x00000f0c                app_ctx_init
 .text.depth_of
                0x00000f7c       0x34 .\ARM_GCC_541\Debug\app_statemachine.o
 .text.lca      0x00000fb0       0x80 .\ARM_GCC_541\Debug\app_statemachine.o
 .text.app_transition
                0x00001030      0x150 .\ARM_GCC_541\Debug\app_statemachine.o
                0x00001030                app_transition
 .text.app_start
                0x00001180       0x28 .\ARM_GCC_541\Debug\app_statemachine.o
                0x00001180                app_start
 .text.app_raise_error
                0x000011a8       0x68 .\ARM_GCC_541\Debug\app_statemachine.o
                0x000011a8                app_raise_error
 .text.app_state_name
                0x00001210       0x20 .\ARM_GCC_541\Debug\app_statemachine.o
                0x00001210                app_state_name
 .text.app_telem_tick
                0x00001230       0xb8 .\ARM_GCC_541\Debug\app_statemachine.o
                0x00001230                app_telem_tick
 .text.build_defer
                0x000012e8       0x30 .\ARM_GCC_541\Debug\app_statemachine.o
                0x000012e8                build_defer
 .text.build_hold
                0x00001318       0x30 .\ARM_GCC_541\Debug\app_statemachine.o
                0x00001318                build_hold
 .text.app_build_control
                0x00001348       0x50 .\ARM_GCC_541\Debug\app_statemachine.o
                0x00001348                app_build_control
 .text.set_origin
                0x00001398       0x88 .\ARM_GCC_541\Debug\app_statemachine.o
                0x00001398                set_origin
 .text.print_help
                0x00001420       0x1c .\ARM_GCC_541\Debug\app_statemachine.o
 .text.handle_global_key
                0x0000143c       0xa0 .\ARM_GCC_541\Debug\app_statemachine.o
 .text.leaf_traps_nav
                0x000014dc       0x3c .\ARM_GCC_541\Debug\app_statemachine.o
 .text.handle_nav_key
                0x00001518       0x48 .\ARM_GCC_541\Debug\app_statemachine.o
 .text.app_dispatch_key
                0x00001560       0xa0 .\ARM_GCC_541\Debug\app_statemachine.o
                0x00001560                app_dispatch_key
 .text.sbc_state_is_requestable
                0x00001600       0x24 .\ARM_GCC_541\Debug\app_statemachine.o
 .text.app_sbc_tick
                0x00001624       0xf4 .\ARM_GCC_541\Debug\app_statemachine.o
                0x00001624                app_sbc_tick
 .text.sbc_init
                0x00001718       0x98 .\ARM_GCC_541\Debug\sbc_comms.o
                0x00001718                sbc_init
 .text.decode_centroid
                0x000017b0      0x114 .\ARM_GCC_541\Debug\sbc_comms.o
 .text.sbc_on_rx_byte
                0x000018c4      0x248 .\ARM_GCC_541\Debug\sbc_comms.o
                0x000018c4                sbc_on_rx_byte
 .text.sbc_on_uart_err_flags
                0x00001b0c       0x30 .\ARM_GCC_541\Debug\sbc_comms.o
                0x00001b0c                sbc_on_uart_err_flags
 .text.sbc_get_centroid
                0x00001b3c       0xa0 .\ARM_GCC_541\Debug\sbc_comms.o
                0x00001b3c                sbc_get_centroid
 .text.sbc_discard_centroid
                0x00001bdc       0x4c .\ARM_GCC_541\Debug\sbc_comms.o
                0x00001bdc                sbc_discard_centroid
 .text.sbc_unknown_magic
                0x00001c28       0x14 .\ARM_GCC_541\Debug\sbc_comms.o
                0x00001c28                sbc_unknown_magic
 .text.sbc_rx_pkt_count
                0x00001c3c       0x14 .\ARM_GCC_541\Debug\sbc_comms.o
                0x00001c3c                sbc_rx_pkt_count
 .text.sbc_last_centroid_dt_ms
                0x00001c50       0x2c .\ARM_GCC_541\Debug\sbc_comms.o
                0x00001c50                sbc_last_centroid_dt_ms
 .text.sbc_last_rx_ms
                0x00001c7c       0x2c .\ARM_GCC_541\Debug\sbc_comms.o
                0x00001c7c                sbc_last_rx_ms
 .text.sbc_crc_errors
                0x00001ca8       0x14 .\ARM_GCC_541\Debug\sbc_comms.o
                0x00001ca8                sbc_crc_errors
 .text.sbc_uart_errors
                0x00001cbc       0x14 .\ARM_GCC_541\Debug\sbc_comms.o
                0x00001cbc                sbc_uart_errors
 .text.sbc_send_frame
                0x00001cd0       0x8c .\ARM_GCC_541\Debug\sbc_comms.o
                0x00001cd0                sbc_send_frame
 .text.sbc_get_state_req
                0x00001d5c       0x4c .\ARM_GCC_541\Debug\sbc_comms.o
                0x00001d5c                sbc_get_state_req
 .text.sbc_get_gps_target
                0x00001da8       0x4c .\ARM_GCC_541\Debug\sbc_comms.o
                0x00001da8                sbc_get_gps_target
 .text.sbc_send_state_ack
                0x00001df4       0x30 .\ARM_GCC_541\Debug\sbc_comms.o
                0x00001df4                sbc_send_state_ack
 .text.sat_i16  0x00001e24       0x4c .\ARM_GCC_541\Debug\telemetry.o
 .text.sat_u32  0x00001e70       0x44 .\ARM_GCC_541\Debug\telemetry.o
 .text.sat_u16  0x00001eb4       0x48 .\ARM_GCC_541\Debug\telemetry.o
 .text.telemetry_collect_hot
                0x00001efc      0x164 .\ARM_GCC_541\Debug\telemetry.o
                0x00001efc                telemetry_collect_hot
 .text.telemetry_collect_link
                0x00002060       0x64 .\ARM_GCC_541\Debug\telemetry.o
                0x00002060                telemetry_collect_link
 .text.telemetry_collect_power
                0x000020c4       0xc0 .\ARM_GCC_541\Debug\telemetry.o
                0x000020c4                telemetry_collect_power
 .text.telemetry_collect_env
                0x00002184       0x80 .\ARM_GCC_541\Debug\telemetry.o
                0x00002184                telemetry_collect_env
 .text.telemetry_collect_gps
                0x00002204       0xa8 .\ARM_GCC_541\Debug\telemetry.o
                0x00002204                telemetry_collect_gps
 .text.telemetry_collect_baro
                0x000022ac       0x90 .\ARM_GCC_541\Debug\telemetry.o
                0x000022ac                telemetry_collect_baro
 .text.telemetry_collect_mag
                0x0000233c       0xcc .\ARM_GCC_541\Debug\telemetry.o
                0x0000233c                telemetry_collect_mag
 .text.encode_hot
                0x00002408      0x11c .\ARM_GCC_541\Debug\telemetry.o
 .text.encode_link
                0x00002524       0x94 .\ARM_GCC_541\Debug\telemetry.o
 .text.encode_power
                0x000025b8       0x9c .\ARM_GCC_541\Debug\telemetry.o
 .text.encode_env
                0x00002654       0x58 .\ARM_GCC_541\Debug\telemetry.o
 .text.encode_gps
                0x000026ac       0xe8 .\ARM_GCC_541\Debug\telemetry.o
 .text.encode_baro
                0x00002794       0x64 .\ARM_GCC_541\Debug\telemetry.o
 .text.encode_mag
                0x000027f8       0x8c .\ARM_GCC_541\Debug\telemetry.o
 .text.telemetry_send_hot_sbc
                0x00002884       0x44 .\ARM_GCC_541\Debug\telemetry.o
                0x00002884                telemetry_send_hot_sbc
 .text.telemetry_send_link_sbc
                0x000028c8       0x44 .\ARM_GCC_541\Debug\telemetry.o
                0x000028c8                telemetry_send_link_sbc
 .text.telemetry_send_power_sbc
                0x0000290c       0x44 .\ARM_GCC_541\Debug\telemetry.o
                0x0000290c                telemetry_send_power_sbc
 .text.telemetry_send_env_sbc
                0x00002950       0x44 .\ARM_GCC_541\Debug\telemetry.o
                0x00002950                telemetry_send_env_sbc
 .text.telemetry_send_gps_sbc
                0x00002994       0x44 .\ARM_GCC_541\Debug\telemetry.o
                0x00002994                telemetry_send_gps_sbc
 .text.telemetry_send_baro_sbc
                0x000029d8       0x44 .\ARM_GCC_541\Debug\telemetry.o
                0x000029d8                telemetry_send_baro_sbc
 .text.telemetry_send_mag_sbc
                0x00002a1c       0x44 .\ARM_GCC_541\Debug\telemetry.o
                0x00002a1c                telemetry_send_mag_sbc
 .text.telemetry_pump
                0x00002a60       0xd8 .\ARM_GCC_541\Debug\telemetry.o
                0x00002a60                telemetry_pump
 .text.entry_stby_defer
                0x00002b38       0x20 .\ARM_GCC_541\Debug\app_state_stby.o
                0x00002b38                entry_stby_defer
 .text.entry_stby_hold
                0x00002b58       0x1c .\ARM_GCC_541\Debug\app_state_stby.o
                0x00002b58                entry_stby_hold
 .text.app_stby_tick
                0x00002b74       0xb8 .\ARM_GCC_541\Debug\app_state_stby.o
                0x00002b74                app_stby_tick
 .text.key_stby_hold
                0x00002c2c       0x2c .\ARM_GCC_541\Debug\app_state_stby.o
                0x00002c2c                key_stby_hold
 .text.guard_manu_joystick
                0x00002c58       0x20 .\ARM_GCC_541\Debug\app_state_manu.o
                0x00002c58                guard_manu_joystick
 .text.entry_manu_joystick
                0x00002c78       0x1c .\ARM_GCC_541\Debug\app_state_manu.o
                0x00002c78                entry_manu_joystick
 .text.exit_manu_joystick
                0x00002c94       0x1c .\ARM_GCC_541\Debug\app_state_manu.o
                0x00002c94                exit_manu_joystick
 .text.build_manu_joystick
                0x00002cb0       0xa4 .\ARM_GCC_541\Debug\app_state_manu.o
                0x00002cb0                build_manu_joystick
 .text.key_manu_joystick
                0x00002d54       0x9c .\ARM_GCC_541\Debug\app_state_manu.o
                0x00002d54                key_manu_joystick
 .text.app_manual_tick
                0x00002df0       0xc4 .\ARM_GCC_541\Debug\app_state_manu.o
                0x00002df0                app_manual_tick
 .text.guard_auto_parent
                0x00002eb4       0x24 .\ARM_GCC_541\Debug\app_state_auto.o
                0x00002eb4                guard_auto_parent
 .text.guard_auto_home
                0x00002ed8       0x18 .\ARM_GCC_541\Debug\app_state_auto.o
                0x00002ed8                guard_auto_home
 .text.guard_auto_acq_gps
                0x00002ef0       0x18 .\ARM_GCC_541\Debug\app_state_auto.o
                0x00002ef0                guard_auto_acq_gps
 .text.app_auto_tick
                0x00002f08      0x348 .\ARM_GCC_541\Debug\app_state_auto.o
                0x00002f08                app_auto_tick
 .text.entry_auto_home
                0x00003250       0xac .\ARM_GCC_541\Debug\app_state_auto.o
                0x00003250                entry_auto_home
 .text.exit_auto_home
                0x000032fc       0x24 .\ARM_GCC_541\Debug\app_state_auto.o
                0x000032fc                exit_auto_home
 .text.key_auto_home
                0x00003320       0x28 .\ARM_GCC_541\Debug\app_state_auto.o
                0x00003320                key_auto_home
 .text.build_auto_home
                0x00003348       0x74 .\ARM_GCC_541\Debug\app_state_auto.o
                0x00003348                build_auto_home
 .text.entry_auto_hold
                0x000033bc       0x28 .\ARM_GCC_541\Debug\app_state_auto.o
                0x000033bc                entry_auto_hold
 .text.key_auto_hold
                0x000033e4       0x2c .\ARM_GCC_541\Debug\app_state_auto.o
                0x000033e4                key_auto_hold
 .text.gps_bearing_deg
                0x00003410       0xf8 .\ARM_GCC_541\Debug\app_state_auto.o
 .text.gps_elev_deg
                0x00003508      0x15c .\ARM_GCC_541\Debug\app_state_auto.o
 .text.gps_start_slew
                0x00003664       0x3c .\ARM_GCC_541\Debug\app_state_auto.o
 .text.gps_update_pointing
                0x000036a0       0xe8 .\ARM_GCC_541\Debug\app_state_auto.o
 .text.gps_check_settle
                0x00003788      0x1d0 .\ARM_GCC_541\Debug\app_state_auto.o
 .text.entry_auto_acq_gps
                0x00003958       0x48 .\ARM_GCC_541\Debug\app_state_auto.o
                0x00003958                entry_auto_acq_gps
 .text.exit_auto_acq_gps
                0x000039a0       0x38 .\ARM_GCC_541\Debug\app_state_auto.o
                0x000039a0                exit_auto_acq_gps
 .text.key_auto_acq_gps
                0x000039d8       0x28 .\ARM_GCC_541\Debug\app_state_auto.o
                0x000039d8                key_auto_acq_gps
 .text.build_auto_acq_gps
                0x00003a00       0xa8 .\ARM_GCC_541\Debug\app_state_auto.o
                0x00003a00                build_auto_acq_gps
 .text.entry_auto_acq_spiral
                0x00003aa8       0x1c .\ARM_GCC_541\Debug\app_state_auto.o
                0x00003aa8                entry_auto_acq_spiral
 .text.entry_auto_tracking
                0x00003ac4       0x2c .\ARM_GCC_541\Debug\app_state_auto.o
                0x00003ac4                entry_auto_tracking
 .text.key_auto_tracking
                0x00003af0       0x28 .\ARM_GCC_541\Debug\app_state_auto.o
                0x00003af0                key_auto_tracking
 .text.build_auto_tracking
                0x00003b18      0x120 .\ARM_GCC_541\Debug\app_state_auto.o
                0x00003b18                build_auto_tracking
 .text.entry_auto_loss
                0x00003c38       0x1c .\ARM_GCC_541\Debug\app_state_auto.o
                0x00003c38                entry_auto_loss
 .text.key_auto_loss
                0x00003c54       0x3c .\ARM_GCC_541\Debug\app_state_auto.o
                0x00003c54                key_auto_loss
 .text.entry_auto_no_lock
                0x00003c90       0x1c .\ARM_GCC_541\Debug\app_state_auto.o
                0x00003c90                entry_auto_no_lock
 .text.key_auto_no_lock
                0x00003cac       0x3c .\ARM_GCC_541\Debug\app_state_auto.o
                0x00003cac                key_auto_no_lock
 .text.sev_str  0x00003ce8       0x40 .\ARM_GCC_541\Debug\app_state_error.o
 .text.entry_error_active
                0x00003d28       0x78 .\ARM_GCC_541\Debug\app_state_error.o
                0x00003d28                entry_error_active
 .text.key_error_active
                0x00003da0       0x48 .\ARM_GCC_541\Debug\app_state_error.o
                0x00003da0                key_error_active
 .text.entry_error_kill
                0x00003de8       0x2c .\ARM_GCC_541\Debug\app_state_error.o
                0x00003de8                entry_error_kill
 .text.key_error_kill
                0x00003e14       0x18 .\ARM_GCC_541\Debug\app_state_error.o
                0x00003e14                key_error_kill
 .text.build_error
                0x00003e2c       0x28 .\ARM_GCC_541\Debug\app_state_error.o
                0x00003e2c                build_error
 .text.gimbal_pan_tilt_deg
                0x00003e54       0x54 .\ARM_GCC_541\Debug\utils.o
                0x00003e54                gimbal_pan_tilt_deg
 .text.nudge_apply
                0x00003ea8      0x1f4 .\ARM_GCC_541\Debug\utils.o
                0x00003ea8                nudge_apply
 .text.handle_nudge_key
                0x0000409c      0x114 .\ARM_GCC_541\Debug\utils.o
                0x0000409c                handle_nudge_key
 .text.rb_next  0x000041b0       0x28 .\ARM_GCC_541\Debug\hamfly_comm_rb.o
 .text.hamfly_rb_init
                0x000041d8       0x2c .\ARM_GCC_541\Debug\hamfly_comm_rb.o
                0x000041d8                hamfly_rb_init
 .text.hamfly_rb_push
                0x00004204       0x64 .\ARM_GCC_541\Debug\hamfly_comm_rb.o
                0x00004204                hamfly_rb_push
 .text.hamfly_rb_pop
                0x00004268       0x58 .\ARM_GCC_541\Debug\hamfly_comm_rb.o
                0x00004268                hamfly_rb_pop
 .text.load_freefly_control
                0x000042c0       0x50 .\ARM_GCC_541\Debug\hamfly_core_gimbal.o
 .text.copy_qx287_to_telemetry
                0x00004310       0x1c .\ARM_GCC_541\Debug\hamfly_core_gimbal.o
 .text.drain_rb
                0x0000432c       0x44 .\ARM_GCC_541\Debug\hamfly_core_gimbal.o
 .text.hamfly_init
                0x00004370       0x5c .\ARM_GCC_541\Debug\hamfly_core_gimbal.o
                0x00004370                hamfly_init
 .text.hamfly_on_rx_byte
                0x000043cc       0x3c .\ARM_GCC_541\Debug\hamfly_core_gimbal.o
                0x000043cc                hamfly_on_rx_byte
 .text.hamfly_on_uart_err_flags
                0x00004408       0x30 .\ARM_GCC_541\Debug\hamfly_core_gimbal.o
                0x00004408                hamfly_on_uart_err_flags
 .text.hamfly_pump
                0x00004438      0x27c .\ARM_GCC_541\Debug\hamfly_core_gimbal.o
                0x00004438                hamfly_pump
 .text.hamfly_send_control
                0x000046b4       0x7c .\ARM_GCC_541\Debug\hamfly_core_gimbal.o
                0x000046b4                hamfly_send_control
 .text.hamfly_kill
                0x00004730       0x3c .\ARM_GCC_541\Debug\hamfly_core_gimbal.o
                0x00004730                hamfly_kill
 .text.hamfly_request_attr
                0x0000476c       0xa8 .\ARM_GCC_541\Debug\hamfly_core_gimbal.o
                0x0000476c                hamfly_request_attr
 .text.hamfly_get_telemetry
                0x00004814       0x30 .\ARM_GCC_541\Debug\hamfly_core_gimbal.o
                0x00004814                hamfly_get_telemetry
 .text.rd_be32  0x00004844       0x34 .\ARM_GCC_541\Debug\hamfly_core_telemetry.o
 .text.rd_be16  0x00004878       0x28 .\ARM_GCC_541\Debug\hamfly_core_telemetry.o
 .text.rd_be_u16
                0x000048a0       0x28 .\ARM_GCC_541\Debug\hamfly_core_telemetry.o
 .text.rd_le16  0x000048c8       0x24 .\ARM_GCC_541\Debug\hamfly_core_telemetry.o
 .text.hamfly_telemetry_to_euler
                0x000048ec      0x1d4 .\ARM_GCC_541\Debug\hamfly_core_telemetry.o
                0x000048ec                hamfly_telemetry_to_euler
 .text.hamfly_decode_qx287
                0x00004ac0       0x68 .\ARM_GCC_541\Debug\hamfly_core_telemetry.o
                0x00004ac0                hamfly_decode_qx287
 .text.hamfly_decode_gps
                0x00004b28      0x1a0 .\ARM_GCC_541\Debug\hamfly_core_telemetry.o
                0x00004b28                hamfly_decode_gps
 .text.hamfly_decode_baro
                0x00004cc8       0x78 .\ARM_GCC_541\Debug\hamfly_core_telemetry.o
                0x00004cc8                hamfly_decode_baro
 .text.hamfly_decode_attitude
                0x00004d40      0x144 .\ARM_GCC_541\Debug\hamfly_core_telemetry.o
                0x00004d40                hamfly_decode_attitude
 .text.hamfly_decode_sysstat
                0x00004e84      0x1c8 .\ARM_GCC_541\Debug\hamfly_core_telemetry.o
                0x00004e84                hamfly_decode_sysstat
 .text.hamfly_decode_mag
                0x0000504c      0x18c .\ARM_GCC_541\Debug\hamfly_core_telemetry.o
                0x0000504c                hamfly_decode_mag
 .text.hamfly_decode_sysecho
                0x000051d8       0x7c .\ARM_GCC_541\Debug\hamfly_core_telemetry.o
                0x000051d8                hamfly_decode_sysecho
 .text.ff_api_init
                0x00005254       0x7c .\ARM_GCC_541\Debug\hamfly_qx_app.o
 .text.ff_api_send
                0x000052d0       0x44 .\ARM_GCC_541\Debug\hamfly_qx_app.o
 .text.QX_ParsePacket_Cli_MoVI_Ctrl_CB
                0x00005314      0x884 .\ARM_GCC_541\Debug\hamfly_qx_app.o
 .text.QX_SendMsg2CommsPort_CB
                0x00005b98       0x64 .\ARM_GCC_541\Debug\hamfly_qx_app.o
                0x00005b98                QX_SendMsg2CommsPort_CB
 .text.QX_FwdMsg_CB
                0x00005bfc       0x14 .\ARM_GCC_541\Debug\hamfly_qx_app.o
                0x00005bfc                QX_FwdMsg_CB
 .text.QX_GetTicks_ms
                0x00005c10       0x34 .\ARM_GCC_541\Debug\hamfly_qx_app.o
                0x00005c10                QX_GetTicks_ms
 .text.QX_Parser_SetMsgPtr
                0x00005c44       0x1c .\ARM_GCC_541\Debug\hamfly_qx_protocol.o
                0x00005c44                QX_Parser_SetMsgPtr
 .text.QX_Parser_AdvMsgPtr
                0x00005c60       0x1c .\ARM_GCC_541\Debug\hamfly_qx_protocol.o
                0x00005c60                QX_Parser_AdvMsgPtr
 .text.QX_Parser_GetMsgPtr
                0x00005c7c       0x14 .\ARM_GCC_541\Debug\hamfly_qx_protocol.o
                0x00005c7c                QX_Parser_GetMsgPtr
 .text.QX_Parser_SetDir_Read
                0x00005c90       0x18 .\ARM_GCC_541\Debug\hamfly_qx_protocol.o
                0x00005c90                QX_Parser_SetDir_Read
 .text.QX_Parser_SetDir_WriteAbs
                0x00005ca8       0x18 .\ARM_GCC_541\Debug\hamfly_qx_protocol.o
                0x00005ca8                QX_Parser_SetDir_WriteAbs
 .text.AddFloatAsSignedShort
                0x00005cc0       0xc8 .\ARM_GCC_541\Debug\hamfly_qx_protocol.o
                0x00005cc0                AddFloatAsSignedShort
 .text.GetFloatAsSignedShort
                0x00005d88      0x170 .\ARM_GCC_541\Debug\hamfly_qx_protocol.o
                0x00005d88                GetFloatAsSignedShort
 .text.AddSignedShortAsSignedShort
                0x00005ef8       0x58 .\ARM_GCC_541\Debug\hamfly_qx_protocol.o
                0x00005ef8                AddSignedShortAsSignedShort
 .text.GetSignedShortAsSignedShort
                0x00005f50      0x15c .\ARM_GCC_541\Debug\hamfly_qx_protocol.o
                0x00005f50                GetSignedShortAsSignedShort
 .text.AddUnsignedCharAsUnsignedChar
                0x000060ac       0x3c .\ARM_GCC_541\Debug\hamfly_qx_protocol.o
                0x000060ac                AddUnsignedCharAsUnsignedChar
 .text.GetUnsignedCharAsUnsignedChar
                0x000060e8       0xc8 .\ARM_GCC_541\Debug\hamfly_qx_protocol.o
                0x000060e8                GetUnsignedCharAsUnsignedChar
 .text.AddUnsignedShortAsUnsignedShort
                0x000061b0       0x54 .\ARM_GCC_541\Debug\hamfly_qx_protocol.o
                0x000061b0                AddUnsignedShortAsUnsignedShort
 .text.GetUnsignedShortAsUnsignedShort
                0x00006204       0xf8 .\ARM_GCC_541\Debug\hamfly_qx_protocol.o
                0x00006204                GetUnsignedShortAsUnsignedShort
 .text.AddBitsAsByte
                0x000062fc       0xcc .\ARM_GCC_541\Debug\hamfly_qx_protocol.o
                0x000062fc                AddBitsAsByte
 .text.GetBitsAsByte
                0x000063c8       0xdc .\ARM_GCC_541\Debug\hamfly_qx_protocol.o
                0x000063c8                GetBitsAsByte
 .text.QX_InitMsg
                0x000064a4       0x30 .\ARM_GCC_541\Debug\hamfly_qx_protocol.o
 .text.QX_RxMsg
                0x000064d4       0xec .\ARM_GCC_541\Debug\hamfly_qx_protocol.o
 .text.QX_Srv_Rx_Read
                0x000065c0       0x90 .\ARM_GCC_541\Debug\hamfly_qx_protocol.o
 .text.QX_Srv_Rx_Write
                0x00006650       0xc4 .\ARM_GCC_541\Debug\hamfly_qx_protocol.o
 .text.QX_Cli_Rx_CurVal
                0x00006714       0x3c .\ARM_GCC_541\Debug\hamfly_qx_protocol.o
 .text.QX_TxMsg_Setup
                0x00006750       0x4c .\ARM_GCC_541\Debug\hamfly_qx_protocol.o
 .text.QX_TxMsg_Finish
                0x0000679c      0x1dc .\ARM_GCC_541\Debug\hamfly_qx_protocol.o
 .text.QX_BuildHeader
                0x00006978      0x188 .\ARM_GCC_541\Debug\hamfly_qx_protocol.o
 .text.QX_ParseHeader
                0x00006b00      0x114 .\ARM_GCC_541\Debug\hamfly_qx_protocol.o
 .text.QX_Calc8bChecksum
                0x00006c14       0x3c .\ARM_GCC_541\Debug\hamfly_qx_protocol.o
 .text.QX_AddExtdValToBuf
                0x00006c50       0x88 .\ARM_GCC_541\Debug\hamfly_qx_protocol.o
 .text.QX_GetExtdValFromBuf
                0x00006cd8       0x6c .\ARM_GCC_541\Debug\hamfly_qx_protocol.o
 .text.QX_compute_crc32
                0x00006d44       0x4c .\ARM_GCC_541\Debug\hamfly_qx_protocol.o
 .text.QX_accumulate_crc32
                0x00006d90       0x54 .\ARM_GCC_541\Debug\hamfly_qx_protocol.o
                0x00006d90                QX_accumulate_crc32
 .text.QX_InitCli
                0x00006de4       0x24 .\ARM_GCC_541\Debug\hamfly_qx_protocol.o
                0x00006de4                QX_InitCli
 .text.QX_InitTxOptions
                0x00006e08       0x3c .\ARM_GCC_541\Debug\hamfly_qx_protocol.o
                0x00006e08                QX_InitTxOptions
 .text.QX_SendPacket_Srv_CurVal
                0x00006e44       0x98 .\ARM_GCC_541\Debug\hamfly_qx_protocol.o
                0x00006e44                QX_SendPacket_Srv_CurVal
 .text.QX_SendPacket_Cli_Read
                0x00006edc       0x80 .\ARM_GCC_541\Debug\hamfly_qx_protocol.o
                0x00006edc                QX_SendPacket_Cli_Read
 .text.QX_SendPacket_Cli_WriteABS
                0x00006f5c       0x98 .\ARM_GCC_541\Debug\hamfly_qx_protocol.o
                0x00006f5c                QX_SendPacket_Cli_WriteABS
 .text.QX_StreamRxCharSM
                0x00006ff4      0x6e0 .\ARM_GCC_541\Debug\hamfly_qx_protocol.o
                0x00006ff4                QX_StreamRxCharSM
 .text.CYMEMZERO
                0x000076d4       0x1c .\ARM_GCC_541\Debug\cyfitter_cfg.o
 .text.CYCONFIGCPY
                0x000076f0       0x20 .\ARM_GCC_541\Debug\cyfitter_cfg.o
 .text.CyClockStartupError
                0x00007710        0xc .\ARM_GCC_541\Debug\cyfitter_cfg.o
 .text.cfg_write_bytes32
                0x0000771c       0x74 .\ARM_GCC_541\Debug\cyfitter_cfg.o
 .text.ClockSetup
                0x00007790      0x194 .\ARM_GCC_541\Debug\cyfitter_cfg.o
 .text.AnalogSetDefault
                0x00007924       0x44 .\ARM_GCC_541\Debug\cyfitter_cfg.o
 .text.AMux_1_Set
                0x00007968       0x6c .\ARM_GCC_541\Debug\cyfitter_cfg.o
                0x00007968                AMux_1_Set
 .text.AMux_1_Unset
                0x000079d4       0x74 .\ARM_GCC_541\Debug\cyfitter_cfg.o
                0x000079d4                AMux_1_Unset
 .text.ADC_DelSig_1_AMux_Set
                0x00007a48       0x40 .\ARM_GCC_541\Debug\cyfitter_cfg.o
                0x00007a48                ADC_DelSig_1_AMux_Set
 .text.ADC_DelSig_1_AMux_Unset
                0x00007a88       0x44 .\ARM_GCC_541\Debug\cyfitter_cfg.o
                0x00007a88                ADC_DelSig_1_AMux_Unset
 .text.cyfitter_cfg
                0x00007acc      0x1ac .\ARM_GCC_541\Debug\cyfitter_cfg.o
                0x00007acc                cyfitter_cfg
 .text.IntDefaultHandler
                0x00007c78       0x14 .\ARM_GCC_541\Debug\Cm3Start.o
                0x00007c78                IntDefaultHandler
 .text._sbrk    0x00007c8c       0x50 .\ARM_GCC_541\Debug\Cm3Start.o
                0x00007c8c                _sbrk
 .text.Start_c  0x00007cdc       0x98 .\ARM_GCC_541\Debug\Cm3Start.o
                0x00007cdc                Start_c
 .text.initialize_psoc
                0x00007d74       0x90 .\ARM_GCC_541\Debug\Cm3Start.o
                0x00007d74                initialize_psoc
 .text.ADC_DelSig_1_Init
                0x00007e04      0x11c .\ARM_GCC_541\Debug\Proj07_hamflyAPI_stateMachineUpgrade.a(ADC_DelSig_1.o)
                0x00007e04                ADC_DelSig_1_Init
 .text.ADC_DelSig_1_Enable
                0x00007f20      0x158 .\ARM_GCC_541\Debug\Proj07_hamflyAPI_stateMachineUpgrade.a(ADC_DelSig_1.o)
                0x00007f20                ADC_DelSig_1_Enable
 .text.ADC_DelSig_1_Start
                0x00008078       0x30 .\ARM_GCC_541\Debug\Proj07_hamflyAPI_stateMachineUpgrade.a(ADC_DelSig_1.o)
                0x00008078                ADC_DelSig_1_Start
 .text.ADC_DelSig_1_StartConvert
                0x000080a8       0x20 .\ARM_GCC_541\Debug\Proj07_hamflyAPI_stateMachineUpgrade.a(ADC_DelSig_1.o)
                0x000080a8                ADC_DelSig_1_StartConvert
 .text.ADC_DelSig_1_StopConvert
                0x000080c8       0x20 .\ARM_GCC_541\Debug\Proj07_hamflyAPI_stateMachineUpgrade.a(ADC_DelSig_1.o)
                0x000080c8                ADC_DelSig_1_StopConvert
 .text.ADC_DelSig_1_GetResult16
                0x000080e8       0x7c .\ARM_GCC_541\Debug\Proj07_hamflyAPI_stateMachineUpgrade.a(ADC_DelSig_1.o)
                0x000080e8                ADC_DelSig_1_GetResult16
 .text.ADC_DelSig_1_InitConfig
                0x00008164      0x164 .\ARM_GCC_541\Debug\Proj07_hamflyAPI_stateMachineUpgrade.a(ADC_DelSig_1.o)
 .text.ADC_DelSig_1_GainCompensation
                0x000082c8      0x170 .\ARM_GCC_541\Debug\Proj07_hamflyAPI_stateMachineUpgrade.a(ADC_DelSig_1.o)
 .text.ADC_DelSig_1_SetDSMRef0Reg
                0x00008438       0x7c .\ARM_GCC_541\Debug\Proj07_hamflyAPI_stateMachineUpgrade.a(ADC_DelSig_1.o)
 .text.ADC_DelSig_1_ISR1
                0x000084b4        0xc .\ARM_GCC_541\Debug\Proj07_hamflyAPI_stateMachineUpgrade.a(ADC_DelSig_1_INT.o)
                0x000084b4                ADC_DelSig_1_ISR1
 .text.AMux_1_Start
                0x000084c0       0x34 .\ARM_GCC_541\Debug\Proj07_hamflyAPI_stateMachineUpgrade.a(AMux_1.o)
                0x000084c0                AMux_1_Start
 .text.AMux_1_FastSelect
                0x000084f4       0x38 .\ARM_GCC_541\Debug\Proj07_hamflyAPI_stateMachineUpgrade.a(AMux_1.o)
                0x000084f4                AMux_1_FastSelect
 .text.isr_adc_StartEx
                0x0000852c       0x24 .\ARM_GCC_541\Debug\Proj07_hamflyAPI_stateMachineUpgrade.a(isr_adc.o)
                0x0000852c                isr_adc_StartEx
 .text.isr_adc_SetVector
                0x00008550       0x24 .\ARM_GCC_541\Debug\Proj07_hamflyAPI_stateMachineUpgrade.a(isr_adc.o)
                0x00008550                isr_adc_SetVector
 .text.isr_adc_SetPriority
                0x00008574       0x24 .\ARM_GCC_541\Debug\Proj07_hamflyAPI_stateMachineUpgrade.a(isr_adc.o)
                0x00008574                isr_adc_SetPriority
 .text.isr_adc_Enable
                0x00008598       0x18 .\ARM_GCC_541\Debug\Proj07_hamflyAPI_stateMachineUpgrade.a(isr_adc.o)
                0x00008598                isr_adc_Enable
 .text.isr_adc_Disable
                0x000085b0       0x18 .\ARM_GCC_541\Debug\Proj07_hamflyAPI_stateMachineUpgrade.a(isr_adc.o)
                0x000085b0                isr_adc_Disable
 .text.isr_adc_ClearPending
                0x000085c8       0x18 .\ARM_GCC_541\Debug\Proj07_hamflyAPI_stateMachineUpgrade.a(isr_adc.o)
                0x000085c8                isr_adc_ClearPending
 .text.UART_MOVI_Start
                0x000085e0       0x24 .\ARM_GCC_541\Debug\Proj07_hamflyAPI_stateMachineUpgrade.a(UART_MOVI.o)
                0x000085e0                UART_MOVI_Start
 .text.UART_MOVI_Init
                0x00008604       0x40 .\ARM_GCC_541\Debug\Proj07_hamflyAPI_stateMachineUpgrade.a(UART_MOVI.o)
                0x00008604                UART_MOVI_Init
 .text.UART_MOVI_Enable
                0x00008644       0x5c .\ARM_GCC_541\Debug\Proj07_hamflyAPI_stateMachineUpgrade.a(UART_MOVI.o)
                0x00008644                UART_MOVI_Enable
 .text.UART_MOVI_ReadRxData
                0x000086a0       0x1c .\ARM_GCC_541\Debug\Proj07_hamflyAPI_stateMachineUpgrade.a(UART_MOVI.o)
                0x000086a0                UART_MOVI_ReadRxData
 .text.UART_MOVI_GetRxBufferSize
                0x000086bc       0x2c .\ARM_GCC_541\Debug\Proj07_hamflyAPI_stateMachineUpgrade.a(UART_MOVI.o)
                0x000086bc                UART_MOVI_GetRxBufferSize
 .text.UART_MOVI_ClearRxBuffer
                0x000086e8       0x44 .\ARM_GCC_541\Debug\Proj07_hamflyAPI_stateMachineUpgrade.a(UART_MOVI.o)
                0x000086e8                UART_MOVI_ClearRxBuffer
 .text.UART_MOVI_PutChar
                0x0000872c       0x34 .\ARM_GCC_541\Debug\Proj07_hamflyAPI_stateMachineUpgrade.a(UART_MOVI.o)
                0x0000872c                UART_MOVI_PutChar
 .text.UART_MOVI_ClearTxBuffer
                0x00008760       0x44 .\ARM_GCC_541\Debug\Proj07_hamflyAPI_stateMachineUpgrade.a(UART_MOVI.o)
                0x00008760                UART_MOVI_ClearTxBuffer
 .text.isr_rx_movi_StartEx
                0x000087a4       0x24 .\ARM_GCC_541\Debug\Proj07_hamflyAPI_stateMachineUpgrade.a(isr_rx_movi.o)
                0x000087a4                isr_rx_movi_StartEx
 .text.isr_rx_movi_SetVector
                0x000087c8       0x24 .\ARM_GCC_541\Debug\Proj07_hamflyAPI_stateMachineUpgrade.a(isr_rx_movi.o)
                0x000087c8                isr_rx_movi_SetVector
 .text.isr_rx_movi_SetPriority
                0x000087ec       0x24 .\ARM_GCC_541\Debug\Proj07_hamflyAPI_stateMachineUpgrade.a(isr_rx_movi.o)
                0x000087ec                isr_rx_movi_SetPriority
 .text.isr_rx_movi_Enable
                0x00008810       0x18 .\ARM_GCC_541\Debug\Proj07_hamflyAPI_stateMachineUpgrade.a(isr_rx_movi.o)
                0x00008810                isr_rx_movi_Enable
 .text.isr_rx_movi_Disable
                0x00008828       0x18 .\ARM_GCC_541\Debug\Proj07_hamflyAPI_stateMachineUpgrade.a(isr_rx_movi.o)
                0x00008828                isr_rx_movi_Disable
 .text.Looptimer_Init
                0x00008840       0xa0 .\ARM_GCC_541\Debug\Proj07_hamflyAPI_stateMachineUpgrade.a(Looptimer.o)
                0x00008840                Looptimer_Init
 .text.Looptimer_Enable
                0x000088e0       0x48 .\ARM_GCC_541\Debug\Proj07_hamflyAPI_stateMachineUpgrade.a(Looptimer.o)
                0x000088e0                Looptimer_Enable
 .text.Looptimer_Start
                0x00008928       0x24 .\ARM_GCC_541\Debug\Proj07_hamflyAPI_stateMachineUpgrade.a(Looptimer.o)
                0x00008928                Looptimer_Start
 .text.Looptimer_SetInterruptMode
                0x0000894c       0x20 .\ARM_GCC_541\Debug\Proj07_hamflyAPI_stateMachineUpgrade.a(Looptimer.o)
                0x0000894c                Looptimer_SetInterruptMode
 .text.Looptimer_ReadStatusRegister
                0x0000896c       0x18 .\ARM_GCC_541\Debug\Proj07_hamflyAPI_stateMachineUpgrade.a(Looptimer.o)
                0x0000896c                Looptimer_ReadStatusRegister
 .text.Looptimer_WritePeriod
                0x00008984       0x24 .\ARM_GCC_541\Debug\Proj07_hamflyAPI_stateMachineUpgrade.a(Looptimer.o)
                0x00008984                Looptimer_WritePeriod
 .text.Looptimer_WriteCounter
                0x000089a8       0x20 .\ARM_GCC_541\Debug\Proj07_hamflyAPI_stateMachineUpgrade.a(Looptimer.o)
                0x000089a8                Looptimer_WriteCounter
 .text.isr_Looptimer_StartEx
                0x000089c8       0x24 .\ARM_GCC_541\Debug\Proj07_hamflyAPI_stateMachineUpgrade.a(isr_Looptimer.o)
                0x000089c8                isr_Looptimer_StartEx
 .text.isr_Looptimer_SetVector
                0x000089ec       0x24 .\ARM_GCC_541\Debug\Proj07_hamflyAPI_stateMachineUpgrade.a(isr_Looptimer.o)
                0x000089ec                isr_Looptimer_SetVector
 .text.isr_Looptimer_SetPriority
                0x00008a10       0x24 .\ARM_GCC_541\Debug\Proj07_hamflyAPI_stateMachineUpgrade.a(isr_Looptimer.o)
                0x00008a10                isr_Looptimer_SetPriority
 .text.isr_Looptimer_Enable
                0x00008a34       0x18 .\ARM_GCC_541\Debug\Proj07_hamflyAPI_stateMachineUpgrade.a(isr_Looptimer.o)
                0x00008a34                isr_Looptimer_Enable
 .text.isr_Looptimer_Disable
                0x00008a4c       0x18 .\ARM_GCC_541\Debug\Proj07_hamflyAPI_stateMachineUpgrade.a(isr_Looptimer.o)
                0x00008a4c                isr_Looptimer_Disable
 .text.EEPROM_CONFIG_Enable
                0x00008a64       0x10 .\ARM_GCC_541\Debug\Proj07_hamflyAPI_stateMachineUpgrade.a(EEPROM_CONFIG.o)
                0x00008a64                EEPROM_CONFIG_Enable
 .text.EEPROM_CONFIG_Start
                0x00008a74        0xc .\ARM_GCC_541\Debug\Proj07_hamflyAPI_stateMachineUpgrade.a(EEPROM_CONFIG.o)
                0x00008a74                EEPROM_CONFIG_Start
 .text.ADC_DelSig_1_AMux_Start
                0x00008a80       0x34 .\ARM_GCC_541\Debug\Proj07_hamflyAPI_stateMachineUpgrade.a(ADC_DelSig_1_AMux.o)
                0x00008a80                ADC_DelSig_1_AMux_Start
 .text.ADC_DelSig_1_AMux_Select
                0x00008ab4       0x28 .\ARM_GCC_541\Debug\Proj07_hamflyAPI_stateMachineUpgrade.a(ADC_DelSig_1_AMux.o)
                0x00008ab4                ADC_DelSig_1_AMux_Select
 .text.ADC_DelSig_1_Ext_CP_Clk_SetDividerRegister
                0x00008adc      0x164 .\ARM_GCC_541\Debug\Proj07_hamflyAPI_stateMachineUpgrade.a(ADC_DelSig_1_Ext_CP_Clk.o)
                0x00008adc                ADC_DelSig_1_Ext_CP_Clk_SetDividerRegister
 .text.ADC_DelSig_1_Ext_CP_Clk_GetDividerRegister
                0x00008c40       0x18 .\ARM_GCC_541\Debug\Proj07_hamflyAPI_stateMachineUpgrade.a(ADC_DelSig_1_Ext_CP_Clk.o)
                0x00008c40                ADC_DelSig_1_Ext_CP_Clk_GetDividerRegister
 .text.ADC_DelSig_1_Ext_CP_Clk_SetModeRegister
                0x00008c58       0x34 .\ARM_GCC_541\Debug\Proj07_hamflyAPI_stateMachineUpgrade.a(ADC_DelSig_1_Ext_CP_Clk.o)
                0x00008c58                ADC_DelSig_1_Ext_CP_Clk_SetModeRegister
 .text.ADC_DelSig_1_Ext_CP_Clk_GetSourceRegister
                0x00008c8c       0x1c .\ARM_GCC_541\Debug\Proj07_hamflyAPI_stateMachineUpgrade.a(ADC_DelSig_1_Ext_CP_Clk.o)
                0x00008c8c                ADC_DelSig_1_Ext_CP_Clk_GetSourceRegister
 .text.ADC_DelSig_1_theACLK_SetDividerRegister
                0x00008ca8      0x164 .\ARM_GCC_541\Debug\Proj07_hamflyAPI_stateMachineUpgrade.a(ADC_DelSig_1_theACLK.o)
                0x00008ca8                ADC_DelSig_1_theACLK_SetDividerRegister
 .text.ADC_DelSig_1_theACLK_GetDividerRegister
                0x00008e0c       0x18 .\ARM_GCC_541\Debug\Proj07_hamflyAPI_stateMachineUpgrade.a(ADC_DelSig_1_theACLK.o)
                0x00008e0c                ADC_DelSig_1_theACLK_GetDividerRegister
 .text.ADC_DelSig_1_theACLK_SetModeRegister
                0x00008e24       0x34 .\ARM_GCC_541\Debug\Proj07_hamflyAPI_stateMachineUpgrade.a(ADC_DelSig_1_theACLK.o)
                0x00008e24                ADC_DelSig_1_theACLK_SetModeRegister
 .text.ADC_DelSig_1_theACLK_GetSourceRegister
                0x00008e58       0x1c .\ARM_GCC_541\Debug\Proj07_hamflyAPI_stateMachineUpgrade.a(ADC_DelSig_1_theACLK.o)
                0x00008e58                ADC_DelSig_1_theACLK_GetSourceRegister
 .text.CySetTempInt
                0x00008e74       0x7c .\ARM_GCC_541\Debug\Proj07_hamflyAPI_stateMachineUpgrade.a(CyFlash.o)
 .text.CyFlashGetSpcAlgorithm
                0x00008ef0       0x70 .\ARM_GCC_541\Debug\Proj07_hamflyAPI_stateMachineUpgrade.a(CyFlash.o)
                0x00008ef0                CyFlashGetSpcAlgorithm
 .text.CySetTemp
                0x00008f60       0x24 .\ARM_GCC_541\Debug\Proj07_hamflyAPI_stateMachineUpgrade.a(CyFlash.o)
                0x00008f60                CySetTemp
 .text.CyEEPROM_Start
                0x00008f84       0x8c .\ARM_GCC_541\Debug\Proj07_hamflyAPI_stateMachineUpgrade.a(CyFlash.o)
                0x00008f84                CyEEPROM_Start
 .text.CyHalt   0x00009010       0x18 .\ARM_GCC_541\Debug\Proj07_hamflyAPI_stateMachineUpgrade.a(CyLib.o)
                0x00009010                CyHalt
 .text.CyDelayUs
                0x00009028       0x28 .\ARM_GCC_541\Debug\Proj07_hamflyAPI_stateMachineUpgrade.a(CyLib.o)
                0x00009028                CyDelayUs
 .text.CyIntSetVector
                0x00009050       0x50 .\ARM_GCC_541\Debug\Proj07_hamflyAPI_stateMachineUpgrade.a(CyLib.o)
                0x00009050                CyIntSetVector
 .text.CyIntSetPriority
                0x000090a0       0x48 .\ARM_GCC_541\Debug\Proj07_hamflyAPI_stateMachineUpgrade.a(CyLib.o)
                0x000090a0                CyIntSetPriority
 .text.CySpcStart
                0x000090e8       0x48 .\ARM_GCC_541\Debug\Proj07_hamflyAPI_stateMachineUpgrade.a(CySpc.o)
                0x000090e8                CySpcStart
 .text.CySpcReadData
                0x00009130       0x54 .\ARM_GCC_541\Debug\Proj07_hamflyAPI_stateMachineUpgrade.a(CySpc.o)
                0x00009130                CySpcReadData
 .text.CySpcGetTemp
                0x00009184       0x64 .\ARM_GCC_541\Debug\Proj07_hamflyAPI_stateMachineUpgrade.a(CySpc.o)
                0x00009184                CySpcGetTemp
 .text.CySpcLock
                0x000091e8       0x68 .\ARM_GCC_541\Debug\Proj07_hamflyAPI_stateMachineUpgrade.a(CySpc.o)
                0x000091e8                CySpcLock
 .text.CySpcUnlock
                0x00009250       0x50 .\ARM_GCC_541\Debug\Proj07_hamflyAPI_stateMachineUpgrade.a(CySpc.o)
                0x00009250                CySpcUnlock
 .text.CySpcGetAlgorithm
                0x000092a0       0x44 .\ARM_GCC_541\Debug\Proj07_hamflyAPI_stateMachineUpgrade.a(CySpc.o)
                0x000092a0                CySpcGetAlgorithm
 .text.UART_DEBUG_Start
                0x000092e4       0x24 .\ARM_GCC_541\Debug\Proj07_hamflyAPI_stateMachineUpgrade.a(UART_DEBUG.o)
                0x000092e4                UART_DEBUG_Start
 .text.UART_DEBUG_Init
                0x00009308       0x40 .\ARM_GCC_541\Debug\Proj07_hamflyAPI_stateMachineUpgrade.a(UART_DEBUG.o)
                0x00009308                UART_DEBUG_Init
 .text.UART_DEBUG_Enable
                0x00009348       0x60 .\ARM_GCC_541\Debug\Proj07_hamflyAPI_stateMachineUpgrade.a(UART_DEBUG.o)
                0x00009348                UART_DEBUG_Enable
 .text.UART_DEBUG_GetChar
                0x000093a8       0x44 .\ARM_GCC_541\Debug\Proj07_hamflyAPI_stateMachineUpgrade.a(UART_DEBUG.o)
                0x000093a8                UART_DEBUG_GetChar
 .text.UART_DEBUG_PutChar
                0x000093ec       0x34 .\ARM_GCC_541\Debug\Proj07_hamflyAPI_stateMachineUpgrade.a(UART_DEBUG.o)
                0x000093ec                UART_DEBUG_PutChar
 .text.UART_DEBUG_PutString
                0x00009420       0x44 .\ARM_GCC_541\Debug\Proj07_hamflyAPI_stateMachineUpgrade.a(UART_DEBUG.o)
                0x00009420                UART_DEBUG_PutString
 .text.UART_DEBUG_IntClock_Start
                0x00009464       0x34 .\ARM_GCC_541\Debug\Proj07_hamflyAPI_stateMachineUpgrade.a(UART_DEBUG_IntClock.o)
                0x00009464                UART_DEBUG_IntClock_Start
 .text.UART_SBC_Start
                0x00009498       0x24 .\ARM_GCC_541\Debug\Proj07_hamflyAPI_stateMachineUpgrade.a(UART_SBC.o)
                0x00009498                UART_SBC_Start
 .text.UART_SBC_Init
                0x000094bc       0x40 .\ARM_GCC_541\Debug\Proj07_hamflyAPI_stateMachineUpgrade.a(UART_SBC.o)
                0x000094bc                UART_SBC_Init
 .text.UART_SBC_Enable
                0x000094fc       0x60 .\ARM_GCC_541\Debug\Proj07_hamflyAPI_stateMachineUpgrade.a(UART_SBC.o)
                0x000094fc                UART_SBC_Enable
 .text.UART_SBC_ReadRxData
                0x0000955c       0x1c .\ARM_GCC_541\Debug\Proj07_hamflyAPI_stateMachineUpgrade.a(UART_SBC.o)
                0x0000955c                UART_SBC_ReadRxData
 .text.UART_SBC_GetRxBufferSize
                0x00009578       0x2c .\ARM_GCC_541\Debug\Proj07_hamflyAPI_stateMachineUpgrade.a(UART_SBC.o)
                0x00009578                UART_SBC_GetRxBufferSize
 .text.UART_SBC_ClearRxBuffer
                0x000095a4       0x44 .\ARM_GCC_541\Debug\Proj07_hamflyAPI_stateMachineUpgrade.a(UART_SBC.o)
                0x000095a4                UART_SBC_ClearRxBuffer
 .text.UART_SBC_PutChar
                0x000095e8       0x34 .\ARM_GCC_541\Debug\Proj07_hamflyAPI_stateMachineUpgrade.a(UART_SBC.o)
                0x000095e8                UART_SBC_PutChar
 .text.UART_SBC_ClearTxBuffer
                0x0000961c       0x44 .\ARM_GCC_541\Debug\Proj07_hamflyAPI_stateMachineUpgrade.a(UART_SBC.o)
                0x0000961c                UART_SBC_ClearTxBuffer
 .text.isr_rx_sbc_StartEx
                0x00009660       0x24 .\ARM_GCC_541\Debug\Proj07_hamflyAPI_stateMachineUpgrade.a(isr_rx_sbc.o)
                0x00009660                isr_rx_sbc_StartEx
 .text.isr_rx_sbc_SetVector
                0x00009684       0x24 .\ARM_GCC_541\Debug\Proj07_hamflyAPI_stateMachineUpgrade.a(isr_rx_sbc.o)
                0x00009684                isr_rx_sbc_SetVector
 .text.isr_rx_sbc_SetPriority
                0x000096a8       0x24 .\ARM_GCC_541\Debug\Proj07_hamflyAPI_stateMachineUpgrade.a(isr_rx_sbc.o)
                0x000096a8                isr_rx_sbc_SetPriority
 .text.isr_rx_sbc_Enable
                0x000096cc       0x18 .\ARM_GCC_541\Debug\Proj07_hamflyAPI_stateMachineUpgrade.a(isr_rx_sbc.o)
                0x000096cc                isr_rx_sbc_Enable
 .text.isr_rx_sbc_Disable
                0x000096e4       0x18 .\ARM_GCC_541\Debug\Proj07_hamflyAPI_stateMachineUpgrade.a(isr_rx_sbc.o)
                0x000096e4                isr_rx_sbc_Disable
 .text.UART_SBC_IntClock_Start
                0x000096fc       0x34 .\ARM_GCC_541\Debug\Proj07_hamflyAPI_stateMachineUpgrade.a(UART_SBC_IntClock.o)
                0x000096fc                UART_SBC_IntClock_Start
 .text.Pin_Debug_SuperLoop_Write
                0x00009730       0x3c .\ARM_GCC_541\Debug\Proj07_hamflyAPI_stateMachineUpgrade.a(Pin_Debug_SuperLoop.o)
                0x00009730                Pin_Debug_SuperLoop_Write
 .text.Pin_Debug_SuperLoop_Read
                0x0000976c       0x20 .\ARM_GCC_541\Debug\Proj07_hamflyAPI_stateMachineUpgrade.a(Pin_Debug_SuperLoop.o)
                0x0000976c                Pin_Debug_SuperLoop_Read
 .text.Pin_Debug_CoarseCentroid_Write
                0x0000978c       0x3c .\ARM_GCC_541\Debug\Proj07_hamflyAPI_stateMachineUpgrade.a(Pin_Debug_CoarseCentroid.o)
                0x0000978c                Pin_Debug_CoarseCentroid_Write
 .text.Pin_Debug_CoarseCentroid_Read
                0x000097c8       0x20 .\ARM_GCC_541\Debug\Proj07_hamflyAPI_stateMachineUpgrade.a(Pin_Debug_CoarseCentroid.o)
                0x000097c8                Pin_Debug_CoarseCentroid_Read
 .text.Pin_SwitchAuto_Read
                0x000097e8       0x20 .\ARM_GCC_541\Debug\Proj07_hamflyAPI_stateMachineUpgrade.a(Pin_SwitchAuto.o)
                0x000097e8                Pin_SwitchAuto_Read
 .text          0x00009808       0x54 .\ARM_GCC_541\Debug\Proj07_hamflyAPI_stateMachineUpgrade.a(CyBootAsmGnu.o)
                0x00009808                CyDelayCycles
                0x00009846                CyEnterCriticalSection
                0x0000984e                CyExitCriticalSection
 .text.cosf     0x0000985c       0x78 c:/program files (x86)/cypress/psoc creator/4.4/psoc creator/import/gnu/arm/5.4.1/bin/../lib/gcc/arm-none-eabi/5.4.1/../../../../arm-none-eabi/lib/armv7-m\libm.a(lib_a-sf_cos.o)
                0x0000985c                cosf
 .text.sinf     0x000098d4       0x7c c:/program files (x86)/cypress/psoc creator/4.4/psoc creator/import/gnu/arm/5.4.1/bin/../lib/gcc/arm-none-eabi/5.4.1/../../../../arm-none-eabi/lib/armv7-m\libm.a(lib_a-sf_sin.o)
                0x000098d4                sinf
 .text.asinf    0x00009950       0xa4 c:/program files (x86)/cypress/psoc creator/4.4/psoc creator/import/gnu/arm/5.4.1/bin/../lib/gcc/arm-none-eabi/5.4.1/../../../../arm-none-eabi/lib/armv7-m\libm.a(lib_a-wf_asin.o)
                0x00009950                asinf
 .text.atan2f   0x000099f4        0x4 c:/program files (x86)/cypress/psoc creator/4.4/psoc creator/import/gnu/arm/5.4.1/bin/../lib/gcc/arm-none-eabi/5.4.1/../../../../arm-none-eabi/lib/armv7-m\libm.a(lib_a-wf_atan2.o)
                0x000099f4                atan2f
 .text.sqrtf    0x000099f8       0x9c c:/program files (x86)/cypress/psoc creator/4.4/psoc creator/import/gnu/arm/5.4.1/bin/../lib/gcc/arm-none-eabi/5.4.1/../../../../arm-none-eabi/lib/armv7-m\libm.a(lib_a-wf_sqrt.o)
                0x000099f8                sqrtf
 .text.__ieee754_asinf
                0x00009a94      0x294 c:/program files (x86)/cypress/psoc creator/4.4/psoc creator/import/gnu/arm/5.4.1/bin/../lib/gcc/arm-none-eabi/5.4.1/../../../../arm-none-eabi/lib/armv7-m\libm.a(lib_a-ef_asin.o)
                0x00009a94                __ieee754_asinf
 .text.__ieee754_atan2f
                0x00009d28      0x124 c:/program files (x86)/cypress/psoc creator/4.4/psoc creator/import/gnu/arm/5.4.1/bin/../lib/gcc/arm-none-eabi/5.4.1/../../../../arm-none-eabi/lib/armv7-m\libm.a(lib_a-ef_atan2.o)
                0x00009d28                __ieee754_atan2f
 .text.__ieee754_rem_pio2f
                0x00009e4c      0x2e4 c:/program files (x86)/cypress/psoc creator/4.4/psoc creator/import/gnu/arm/5.4.1/bin/../lib/gcc/arm-none-eabi/5.4.1/../../../../arm-none-eabi/lib/armv7-m\libm.a(lib_a-ef_rem_pio2.o)
                0x00009e4c                __ieee754_rem_pio2f
 .text.__ieee754_sqrtf
                0x0000a130       0xa8 c:/program files (x86)/cypress/psoc creator/4.4/psoc creator/import/gnu/arm/5.4.1/bin/../lib/gcc/arm-none-eabi/5.4.1/../../../../arm-none-eabi/lib/armv7-m\libm.a(lib_a-ef_sqrt.o)
                0x0000a130                __ieee754_sqrtf
 .text.__kernel_cosf
                0x0000a1d8      0x188 c:/program files (x86)/cypress/psoc creator/4.4/psoc creator/import/gnu/arm/5.4.1/bin/../lib/gcc/arm-none-eabi/5.4.1/../../../../arm-none-eabi/lib/armv7-m\libm.a(lib_a-kf_cos.o)
                0x0000a1d8                __kernel_cosf
 .text.__kernel_rem_pio2f
                0x0000a360      0x6a0 c:/program files (x86)/cypress/psoc creator/4.4/psoc creator/import/gnu/arm/5.4.1/bin/../lib/gcc/arm-none-eabi/5.4.1/../../../../arm-none-eabi/lib/armv7-m\libm.a(lib_a-kf_rem_pio2.o)
                0x0000a360                __kernel_rem_pio2f
 .text.__kernel_sinf
                0x0000aa00       0xec c:/program files (x86)/cypress/psoc creator/4.4/psoc creator/import/gnu/arm/5.4.1/bin/../lib/gcc/arm-none-eabi/5.4.1/../../../../arm-none-eabi/lib/armv7-m\libm.a(lib_a-kf_sin.o)
                0x0000aa00                __kernel_sinf
 .text.matherr  0x0000aaec        0x4 c:/program files (x86)/cypress/psoc creator/4.4/psoc creator/import/gnu/arm/5.4.1/bin/../lib/gcc/arm-none-eabi/5.4.1/../../../../arm-none-eabi/lib/armv7-m\libm.a(lib_a-s_matherr.o)
                0x0000aaec                matherr
 .text.nan      0x0000aaf0        0xc c:/program files (x86)/cypress/psoc creator/4.4/psoc creator/import/gnu/arm/5.4.1/bin/../lib/gcc/arm-none-eabi/5.4.1/../../../../arm-none-eabi/lib/armv7-m\libm.a(lib_a-s_nan.o)
                0x0000aaf0                nan
 .text.atanf    0x0000aafc      0x22c c:/program files (x86)/cypress/psoc creator/4.4/psoc creator/import/gnu/arm/5.4.1/bin/../lib/gcc/arm-none-eabi/5.4.1/../../../../arm-none-eabi/lib/armv7-m\libm.a(lib_a-sf_atan.o)
                0x0000aafc                atanf
 .text.fabsf    0x0000ad28        0x8 c:/program files (x86)/cypress/psoc creator/4.4/psoc creator/import/gnu/arm/5.4.1/bin/../lib/gcc/arm-none-eabi/5.4.1/../../../../arm-none-eabi/lib/armv7-m\libm.a(lib_a-sf_fabs.o)
                0x0000ad28                fabsf
 .text.floorf   0x0000ad30       0x8c c:/program files (x86)/cypress/psoc creator/4.4/psoc creator/import/gnu/arm/5.4.1/bin/../lib/gcc/arm-none-eabi/5.4.1/../../../../arm-none-eabi/lib/armv7-m\libm.a(lib_a-sf_floor.o)
                0x0000ad30                floorf
 .text.scalbnf  0x0000adbc       0xb0 c:/program files (x86)/cypress/psoc creator/4.4/psoc creator/import/gnu/arm/5.4.1/bin/../lib/gcc/arm-none-eabi/5.4.1/../../../../arm-none-eabi/lib/armv7-m\libm.a(lib_a-sf_scalbn.o)
                0x0000adbc                scalbnf
 .text.copysignf
                0x0000ae6c        0xc c:/program files (x86)/cypress/psoc creator/4.4/psoc creator/import/gnu/arm/5.4.1/bin/../lib/gcc/arm-none-eabi/5.4.1/../../../../arm-none-eabi/lib/armv7-m\libm.a(lib_a-sf_copysign.o)
                0x0000ae6c                copysignf
 .text          0x0000ae78      0x370 c:/program files (x86)/cypress/psoc creator/4.4/psoc creator/import/gnu/arm/5.4.1/bin/../lib/gcc/arm-none-eabi/5.4.1/armv7-m\libgcc.a(_arm_addsubdf3.o)
                0x0000ae78                __aeabi_drsub
                0x0000ae80                __aeabi_dsub
                0x0000ae80                __subdf3
                0x0000ae84                __aeabi_dadd
                0x0000ae84                __adddf3
                0x0000b0fc                __floatunsidf
                0x0000b0fc                __aeabi_ui2d
                0x0000b11c                __floatsidf
                0x0000b11c                __aeabi_i2d
                0x0000b140                __aeabi_f2d
                0x0000b140                __extendsfdf2
                0x0000b17c                __floatundidf
                0x0000b17c                __aeabi_ul2d
                0x0000b18c                __floatdidf
                0x0000b18c                __aeabi_l2d
 .text          0x0000b1e8      0x424 c:/program files (x86)/cypress/psoc creator/4.4/psoc creator/import/gnu/arm/5.4.1/bin/../lib/gcc/arm-none-eabi/5.4.1/armv7-m\libgcc.a(_arm_muldivdf3.o)
                0x0000b1e8                __aeabi_dmul
                0x0000b1e8                __muldf3
                0x0000b43c                __divdf3
                0x0000b43c                __aeabi_ddiv
 .text          0x0000b60c      0x110 c:/program files (x86)/cypress/psoc creator/4.4/psoc creator/import/gnu/arm/5.4.1/bin/../lib/gcc/arm-none-eabi/5.4.1/armv7-m\libgcc.a(_arm_cmpdf2.o)
                0x0000b60c                __gtdf2
                0x0000b60c                __gedf2
                0x0000b614                __ltdf2
                0x0000b614                __ledf2
                0x0000b61c                __nedf2
                0x0000b61c                __eqdf2
                0x0000b61c                __cmpdf2
                0x0000b698                __aeabi_cdrcmple
                0x0000b6a8                __aeabi_cdcmpeq
                0x0000b6a8                __aeabi_cdcmple
                0x0000b6b8                __aeabi_dcmpeq
                0x0000b6cc                __aeabi_dcmplt
                0x0000b6e0                __aeabi_dcmple
                0x0000b6f4                __aeabi_dcmpge
                0x0000b708                __aeabi_dcmpgt
 .text          0x0000b71c       0x2c c:/program files (x86)/cypress/psoc creator/4.4/psoc creator/import/gnu/arm/5.4.1/bin/../lib/gcc/arm-none-eabi/5.4.1/armv7-m\libgcc.a(_arm_unorddf2.o)
                0x0000b71c                __unorddf2
                0x0000b71c                __aeabi_dcmpun
 .text          0x0000b748       0x50 c:/program files (x86)/cypress/psoc creator/4.4/psoc creator/import/gnu/arm/5.4.1/bin/../lib/gcc/arm-none-eabi/5.4.1/armv7-m\libgcc.a(_arm_fixdfsi.o)
                0x0000b748                __aeabi_d2iz
                0x0000b748                __fixdfsi
 .text          0x0000b798       0xa0 c:/program files (x86)/cypress/psoc creator/4.4/psoc creator/import/gnu/arm/5.4.1/bin/../lib/gcc/arm-none-eabi/5.4.1/armv7-m\libgcc.a(_arm_truncdfsf2.o)
                0x0000b798                __truncdfsf2
                0x0000b798                __aeabi_d2f
 .text          0x0000b838      0x21c c:/program files (x86)/cypress/psoc creator/4.4/psoc creator/import/gnu/arm/5.4.1/bin/../lib/gcc/arm-none-eabi/5.4.1/armv7-m\libgcc.a(_arm_addsubsf3.o)
                0x0000b838                __aeabi_frsub
                0x0000b840                __subsf3
                0x0000b840                __aeabi_fsub
                0x0000b844                __aeabi_fadd
                0x0000b844                __addsf3
                0x0000b9a4                __aeabi_ui2f
                0x0000b9a4                __floatunsisf
                0x0000b9ac                __aeabi_i2f
                0x0000b9ac                __floatsisf
                0x0000b9c8                __aeabi_ul2f
                0x0000b9c8                __floatundisf
                0x0000b9d8                __aeabi_l2f
                0x0000b9d8                __floatdisf
 .text          0x0000ba54      0x2a0 c:/program files (x86)/cypress/psoc creator/4.4/psoc creator/import/gnu/arm/5.4.1/bin/../lib/gcc/arm-none-eabi/5.4.1/armv7-m\libgcc.a(_arm_muldivsf3.o)
                0x0000ba54                __mulsf3
                0x0000ba54                __aeabi_fmul
                0x0000bbbc                __aeabi_fdiv
                0x0000bbbc                __divsf3
 .text          0x0000bcf4       0xec c:/program files (x86)/cypress/psoc creator/4.4/psoc creator/import/gnu/arm/5.4.1/bin/../lib/gcc/arm-none-eabi/5.4.1/armv7-m\libgcc.a(_arm_cmpsf2.o)
                0x0000bcf4                __gesf2
                0x0000bcf4                __gtsf2
                0x0000bcfc                __lesf2
                0x0000bcfc                __ltsf2
                0x0000bd04                __nesf2
                0x0000bd04                __eqsf2
                0x0000bd04                __cmpsf2
                0x0000bd64                __aeabi_cfrcmple
                0x0000bd6c                __aeabi_cfcmpeq
                0x0000bd6c                __aeabi_cfcmple
                0x0000bd7c                __aeabi_fcmpeq
                0x0000bd90                __aeabi_fcmplt
                0x0000bda4                __aeabi_fcmple
                0x0000bdb8                __aeabi_fcmpge
                0x0000bdcc                __aeabi_fcmpgt
 .text          0x0000bde0       0x2c c:/program files (x86)/cypress/psoc creator/4.4/psoc creator/import/gnu/arm/5.4.1/bin/../lib/gcc/arm-none-eabi/5.4.1/armv7-m\libgcc.a(_arm_unordsf2.o)
                0x0000bde0                __unordsf2
                0x0000bde0                __aeabi_fcmpun
 .text          0x0000be0c       0x4c c:/program files (x86)/cypress/psoc creator/4.4/psoc creator/import/gnu/arm/5.4.1/bin/../lib/gcc/arm-none-eabi/5.4.1/armv7-m\libgcc.a(_arm_fixsfsi.o)
                0x0000be0c                __aeabi_f2iz
                0x0000be0c                __fixsfsi
 .text          0x0000be58       0x40 c:/program files (x86)/cypress/psoc creator/4.4/psoc creator/import/gnu/arm/5.4.1/bin/../lib/gcc/arm-none-eabi/5.4.1/armv7-m\libgcc.a(_arm_fixunssfsi.o)
                0x0000be58                __fixunssfsi
                0x0000be58                __aeabi_f2uiz
 .text.__errno  0x0000be98        0xc c:/program files (x86)/cypress/psoc creator/4.4/psoc creator/import/gnu/arm/5.4.1/bin/../lib/gcc/arm-none-eabi/5.4.1/../../../../arm-none-eabi/lib/armv7-m\libg_nano.a(lib_a-errno.o)
                0x0000be98                __errno
 .text.__libc_init_array
                0x0000bea4       0x4c c:/program files (x86)/cypress/psoc creator/4.4/psoc creator/import/gnu/arm/5.4.1/bin/../lib/gcc/arm-none-eabi/5.4.1/../../../../arm-none-eabi/lib/armv7-m\libg_nano.a(lib_a-init.o)
                0x0000bea4                __libc_init_array
 .text.memcpy   0x0000bef0       0x16 c:/program files (x86)/cypress/psoc creator/4.4/psoc creator/import/gnu/arm/5.4.1/bin/../lib/gcc/arm-none-eabi/5.4.1/../../../../arm-none-eabi/lib/armv7-m\libg_nano.a(lib_a-memcpy-stub.o)
                0x0000bef0                memcpy
 .text.memset   0x0000bf06       0x10 c:/program files (x86)/cypress/psoc creator/4.4/psoc creator/import/gnu/arm/5.4.1/bin/../lib/gcc/arm-none-eabi/5.4.1/../../../../arm-none-eabi/lib/armv7-m\libg_nano.a(lib_a-memset.o)
                0x0000bf06                memset
 .text.__cvt    0x0000bf16       0xc0 c:/program files (x86)/cypress/psoc creator/4.4/psoc creator/import/gnu/arm/5.4.1/bin/../lib/gcc/arm-none-eabi/5.4.1/../../../../arm-none-eabi/lib/armv7-m\libg_nano.a(lib_a-nano-vfprintf_float.o)
                0x0000bf16                __cvt
 .text.__exponent
                0x0000bfd6       0x62 c:/program files (x86)/cypress/psoc creator/4.4/psoc creator/import/gnu/arm/5.4.1/bin/../lib/gcc/arm-none-eabi/5.4.1/../../../../arm-none-eabi/lib/armv7-m\libg_nano.a(lib_a-nano-vfprintf_float.o)
                0x0000bfd6                __exponent
 .text._printf_float
                0x0000c038      0x488 c:/program files (x86)/cypress/psoc creator/4.4/psoc creator/import/gnu/arm/5.4.1/bin/../lib/gcc/arm-none-eabi/5.4.1/../../../../arm-none-eabi/lib/armv7-m\libg_nano.a(lib_a-nano-vfprintf_float.o)
                0x0000c038                _printf_float
 .text._printf_common
                0x0000c4c0       0xec c:/program files (x86)/cypress/psoc creator/4.4/psoc creator/import/gnu/arm/5.4.1/bin/../lib/gcc/arm-none-eabi/5.4.1/../../../../arm-none-eabi/lib/armv7-m\libg_nano.a(lib_a-nano-vfprintf_i.o)
                0x0000c4c0                _printf_common
 .text._printf_i
                0x0000c5ac      0x24c c:/program files (x86)/cypress/psoc creator/4.4/psoc creator/import/gnu/arm/5.4.1/bin/../lib/gcc/arm-none-eabi/5.4.1/../../../../arm-none-eabi/lib/armv7-m\libg_nano.a(lib_a-nano-vfprintf_i.o)
                0x0000c5ac                _printf_i
 .text.snprintf
                0x0000c7f8       0x64 c:/program files (x86)/cypress/psoc creator/4.4/psoc creator/import/gnu/arm/5.4.1/bin/../lib/gcc/arm-none-eabi/5.4.1/../../../../arm-none-eabi/lib/armv7-m\libg_nano.a(lib_a-snprintf.o)
                0x0000c7f8                sniprintf
                0x0000c7f8                snprintf
 .text.sprintf  0x0000c85c       0x48 c:/program files (x86)/cypress/psoc creator/4.4/psoc creator/import/gnu/arm/5.4.1/bin/../lib/gcc/arm-none-eabi/5.4.1/../../../../arm-none-eabi/lib/armv7-m\libg_nano.a(lib_a-sprintf.o)
                0x0000c85c                siprintf
                0x0000c85c                sprintf
 .text          0x0000c8a4       0x10 c:/program files (x86)/cypress/psoc creator/4.4/psoc creator/import/gnu/arm/5.4.1/bin/../lib/gcc/arm-none-eabi/5.4.1/../../../../arm-none-eabi/lib/armv7-m\libg_nano.a(lib_a-strlen.o)
                0x0000c8a4                strlen
 .text.quorem   0x0000c8b4      0x116 c:/program files (x86)/cypress/psoc creator/4.4/psoc creator/import/gnu/arm/5.4.1/bin/../lib/gcc/arm-none-eabi/5.4.1/../../../../arm-none-eabi/lib/armv7-m\libg_nano.a(lib_a-dtoa.o)
 *fill*         0x0000c9ca        0x6 
 .text._dtoa_r  0x0000c9d0      0xb30 c:/program files (x86)/cypress/psoc creator/4.4/psoc creator/import/gnu/arm/5.4.1/bin/../lib/gcc/arm-none-eabi/5.4.1/../../../../arm-none-eabi/lib/armv7-m\libg_nano.a(lib_a-dtoa.o)
                0x0000c9d0                _dtoa_r
 .text._localeconv_r
                0x0000d500        0x8 c:/program files (x86)/cypress/psoc creator/4.4/psoc creator/import/gnu/arm/5.4.1/bin/../lib/gcc/arm-none-eabi/5.4.1/../../../../arm-none-eabi/lib/armv7-m\libg_nano.a(lib_a-locale.o)
                0x0000d500                _localeconv_r
 .text.malloc   0x0000d508       0x10 c:/program files (x86)/cypress/psoc creator/4.4/psoc creator/import/gnu/arm/5.4.1/bin/../lib/gcc/arm-none-eabi/5.4.1/../../../../arm-none-eabi/lib/armv7-m\libg_nano.a(lib_a-malloc.o)
                0x0000d508                malloc
 .text.memchr   0x0000d518       0x1c c:/program files (x86)/cypress/psoc creator/4.4/psoc creator/import/gnu/arm/5.4.1/bin/../lib/gcc/arm-none-eabi/5.4.1/../../../../arm-none-eabi/lib/armv7-m\libg_nano.a(lib_a-memchr-stub.o)
                0x0000d518                memchr
 .text._Balloc  0x0000d534       0x6a c:/program files (x86)/cypress/psoc creator/4.4/psoc creator/import/gnu/arm/5.4.1/bin/../lib/gcc/arm-none-eabi/5.4.1/../../../../arm-none-eabi/lib/armv7-m\libg_nano.a(lib_a-mprec.o)
                0x0000d534                _Balloc
 .text._Bfree   0x0000d59e       0x2e c:/program files (x86)/cypress/psoc creator/4.4/psoc creator/import/gnu/arm/5.4.1/bin/../lib/gcc/arm-none-eabi/5.4.1/../../../../arm-none-eabi/lib/armv7-m\libg_nano.a(lib_a-mprec.o)
                0x0000d59e                _Bfree
 .text.__multadd
                0x0000d5cc       0x76 c:/program files (x86)/cypress/psoc creator/4.4/psoc creator/import/gnu/arm/5.4.1/bin/../lib/gcc/arm-none-eabi/5.4.1/../../../../arm-none-eabi/lib/armv7-m\libg_nano.a(lib_a-mprec.o)
                0x0000d5cc                __multadd
 .text.__hi0bits
                0x0000d642       0x40 c:/program files (x86)/cypress/psoc creator/4.4/psoc creator/import/gnu/arm/5.4.1/bin/../lib/gcc/arm-none-eabi/5.4.1/../../../../arm-none-eabi/lib/armv7-m\libg_nano.a(lib_a-mprec.o)
                0x0000d642                __hi0bits
 .text.__lo0bits
                0x0000d682       0x5a c:/program files (x86)/cypress/psoc creator/4.4/psoc creator/import/gnu/arm/5.4.1/bin/../lib/gcc/arm-none-eabi/5.4.1/../../../../arm-none-eabi/lib/armv7-m\libg_nano.a(lib_a-mprec.o)
                0x0000d682                __lo0bits
 .text.__i2b    0x0000d6dc       0x12 c:/program files (x86)/cypress/psoc creator/4.4/psoc creator/import/gnu/arm/5.4.1/bin/../lib/gcc/arm-none-eabi/5.4.1/../../../../arm-none-eabi/lib/armv7-m\libg_nano.a(lib_a-mprec.o)
                0x0000d6dc                __i2b
 .text.__multiply
                0x0000d6ee      0x120 c:/program files (x86)/cypress/psoc creator/4.4/psoc creator/import/gnu/arm/5.4.1/bin/../lib/gcc/arm-none-eabi/5.4.1/../../../../arm-none-eabi/lib/armv7-m\libg_nano.a(lib_a-mprec.o)
                0x0000d6ee                __multiply
 *fill*         0x0000d80e        0x2 
 .text.__pow5mult
                0x0000d810       0x9c c:/program files (x86)/cypress/psoc creator/4.4/psoc creator/import/gnu/arm/5.4.1/bin/../lib/gcc/arm-none-eabi/5.4.1/../../../../arm-none-eabi/lib/armv7-m\libg_nano.a(lib_a-mprec.o)
                0x0000d810                __pow5mult
 .text.__lshift
                0x0000d8ac       0xa2 c:/program files (x86)/cypress/psoc creator/4.4/psoc creator/import/gnu/arm/5.4.1/bin/../lib/gcc/arm-none-eabi/5.4.1/../../../../arm-none-eabi/lib/armv7-m\libg_nano.a(lib_a-mprec.o)
                0x0000d8ac                __lshift
 .text.__mcmp   0x0000d94e       0x38 c:/program files (x86)/cypress/psoc creator/4.4/psoc creator/import/gnu/arm/5.4.1/bin/../lib/gcc/arm-none-eabi/5.4.1/../../../../arm-none-eabi/lib/armv7-m\libg_nano.a(lib_a-mprec.o)
                0x0000d94e                __mcmp
 .text.__mdiff  0x0000d986       0xbe c:/program files (x86)/cypress/psoc creator/4.4/psoc creator/import/gnu/arm/5.4.1/bin/../lib/gcc/arm-none-eabi/5.4.1/../../../../arm-none-eabi/lib/armv7-m\libg_nano.a(lib_a-mprec.o)
                0x0000d986                __mdiff
 .text.__d2b    0x0000da44       0x9c c:/program files (x86)/cypress/psoc creator/4.4/psoc creator/import/gnu/arm/5.4.1/bin/../lib/gcc/arm-none-eabi/5.4.1/../../../../arm-none-eabi/lib/armv7-m\libg_nano.a(lib_a-mprec.o)
                0x0000da44                __d2b
 .text._calloc_r
                0x0000dae0       0x1c c:/program files (x86)/cypress/psoc creator/4.4/psoc creator/import/gnu/arm/5.4.1/bin/../lib/gcc/arm-none-eabi/5.4.1/../../../../arm-none-eabi/lib/armv7-m\libg_nano.a(lib_a-nano-callocr.o)
                0x0000dae0                _calloc_r
 .text._free_r  0x0000dafc       0x98 c:/program files (x86)/cypress/psoc creator/4.4/psoc creator/import/gnu/arm/5.4.1/bin/../lib/gcc/arm-none-eabi/5.4.1/../../../../arm-none-eabi/lib/armv7-m\libg_nano.a(lib_a-nano-freer.o)
                0x0000dafc                _free_r
 .text._malloc_r
                0x0000db94       0xbc c:/program files (x86)/cypress/psoc creator/4.4/psoc creator/import/gnu/arm/5.4.1/bin/../lib/gcc/arm-none-eabi/5.4.1/../../../../arm-none-eabi/lib/armv7-m\libg_nano.a(lib_a-nano-mallocr.o)
                0x0000db94                _malloc_r
 .text.__ssputs_r
                0x0000dc50       0xb2 c:/program files (x86)/cypress/psoc creator/4.4/psoc creator/import/gnu/arm/5.4.1/bin/../lib/gcc/arm-none-eabi/5.4.1/../../../../arm-none-eabi/lib/armv7-m\libg_nano.a(lib_a-nano-svfprintf.o)
                0x0000dc50                __ssputs_r
 *fill*         0x0000dd02        0x2 
 .text._svfprintf_r
                0x0000dd04      0x1e8 c:/program files (x86)/cypress/psoc creator/4.4/psoc creator/import/gnu/arm/5.4.1/bin/../lib/gcc/arm-none-eabi/5.4.1/../../../../arm-none-eabi/lib/armv7-m\libg_nano.a(lib_a-nano-svfprintf.o)
                0x0000dd04                _svfiprintf_r
                0x0000dd04                _svfprintf_r
 .text._sbrk_r  0x0000deec       0x20 c:/program files (x86)/cypress/psoc creator/4.4/psoc creator/import/gnu/arm/5.4.1/bin/../lib/gcc/arm-none-eabi/5.4.1/../../../../arm-none-eabi/lib/armv7-m\libg_nano.a(lib_a-sbrkr.o)
                0x0000deec                _sbrk_r
 .text.memmove  0x0000df0c       0x36 c:/program files (x86)/cypress/psoc creator/4.4/psoc creator/import/gnu/arm/5.4.1/bin/../lib/gcc/arm-none-eabi/5.4.1/../../../../arm-none-eabi/lib/armv7-m\libg_nano.a(lib_a-memmove.o)
                0x0000df0c                memmove
 .text.__malloc_lock
                0x0000df42        0x2 c:/program files (x86)/cypress/psoc creator/4.4/psoc creator/import/gnu/arm/5.4.1/bin/../lib/gcc/arm-none-eabi/5.4.1/../../../../arm-none-eabi/lib/armv7-m\libg_nano.a(lib_a-mlock.o)
                0x0000df42                __malloc_lock
 .text.__malloc_unlock
                0x0000df44        0x2 c:/program files (x86)/cypress/psoc creator/4.4/psoc creator/import/gnu/arm/5.4.1/bin/../lib/gcc/arm-none-eabi/5.4.1/../../../../arm-none-eabi/lib/armv7-m\libg_nano.a(lib_a-mlock.o)
                0x0000df44                __malloc_unlock
 .text._realloc_r
                0x0000df46       0x4c c:/program files (x86)/cypress/psoc creator/4.4/psoc creator/import/gnu/arm/5.4.1/bin/../lib/gcc/arm-none-eabi/5.4.1/../../../../arm-none-eabi/lib/armv7-m\libg_nano.a(lib_a-nano-reallocr.o)
                0x0000df46                _realloc_r
 .text._malloc_usable_size_r
                0x0000df92       0x14 c:/program files (x86)/cypress/psoc creator/4.4/psoc creator/import/gnu/arm/5.4.1/bin/../lib/gcc/arm-none-eabi/5.4.1/../../../../arm-none-eabi/lib/armv7-m\libg_nano.a(lib_a-nano-msizer.o)
                0x0000df92                _malloc_usable_size_r
 *(.plt)
 *(.gnu.warning)
 *(.glue_7t)
 .glue_7t       0x0000dfa6        0x0 linker stubs
 *(.glue_7)
 .glue_7        0x0000dfa6        0x0 linker stubs
 *(.vfp11_veneer)
 .vfp11_veneer  0x0000dfa6        0x0 linker stubs
 *(.bootloader)
 *(.ARM.extab* .gnu.linkonce.armextab.*)
 *(.gcc_except_table)

.v4_bx          0x0000dfa8        0x0
 .v4_bx         0x0000dfa8        0x0 linker stubs

.iplt           0x0000dfa8        0x0
 .iplt          0x0000dfa8        0x0 c:/program files (x86)/cypress/psoc creator/4.4/psoc creator/import/gnu/arm/5.4.1/bin/../lib/gcc/arm-none-eabi/5.4.1/armv7-m/crtbegin.o

.eh_frame_hdr
 *(.eh_frame_hdr)

.eh_frame       0x0000dfa8        0x4
 *(.eh_frame)
 .eh_frame      0x0000dfa8        0x0 c:/program files (x86)/cypress/psoc creator/4.4/psoc creator/import/gnu/arm/5.4.1/bin/../lib/gcc/arm-none-eabi/5.4.1/armv7-m/crtbegin.o
 .eh_frame      0x0000dfa8        0x4 c:/program files (x86)/cypress/psoc creator/4.4/psoc creator/import/gnu/arm/5.4.1/bin/../lib/gcc/arm-none-eabi/5.4.1/armv7-m/crtend.o
                [!provide]                PROVIDE (__exidx_start, .)

.ARM.exidx
 *(.ARM.exidx* .gnu.linkonce.armexidx.*)
                0x0000dfac                __exidx_end = .

.rodata         0x0000dfb0     0x12e0
 *(.rodata .rodata.* .gnu.linkonce.r.*)
 .rodata        0x0000dfb0      0x236 .\ARM_GCC_541\Debug\main.o
 *fill*         0x0000e1e6        0x2 
 .rodata        0x0000e1e8      0x3f4 .\ARM_GCC_541\Debug\app_statemachine.o
 .rodata        0x0000e5dc      0x100 .\ARM_GCC_541\Debug\sbc_comms.o
 .rodata        0x0000e6dc       0xb9 .\ARM_GCC_541\Debug\app_state_stby.o
 *fill*         0x0000e795        0x3 
 .rodata        0x0000e798       0x4f .\ARM_GCC_541\Debug\app_state_manu.o
 *fill*         0x0000e7e7        0x1 
 .rodata        0x0000e7e8      0x376 .\ARM_GCC_541\Debug\app_state_auto.o
 *fill*         0x0000eb5e        0x2 
 .rodata        0x0000eb60       0xc5 .\ARM_GCC_541\Debug\app_state_error.o
 *fill*         0x0000ec25        0x3 
 .rodata        0x0000ec28       0x4b .\ARM_GCC_541\Debug\utils.o
 *fill*         0x0000ec73        0x1 
 .rodata        0x0000ec74        0x4 .\ARM_GCC_541\Debug\hamfly_core_telemetry.o
 .rodata        0x0000ec78       0x7a .\ARM_GCC_541\Debug\cyfitter_cfg.o
                0x0000ec78                AMux_1__addrTable
                0x0000ec88                AMux_1__maskTable
                0x0000ec8c                ADC_DelSig_1_AMux__addrTable
                0x0000ec94                ADC_DelSig_1_AMux__maskTable
 *fill*         0x0000ecf2        0x2 
 .rodata.str1.4
                0x0000ecf4        0x9 c:/program files (x86)/cypress/psoc creator/4.4/psoc creator/import/gnu/arm/5.4.1/bin/../lib/gcc/arm-none-eabi/5.4.1/../../../../arm-none-eabi/lib/armv7-m\libm.a(lib_a-wf_asin.o)
 *fill*         0x0000ecfd        0x3 
 .rodata.str1.4
                0x0000ed00        0x8 c:/program files (x86)/cypress/psoc creator/4.4/psoc creator/import/gnu/arm/5.4.1/bin/../lib/gcc/arm-none-eabi/5.4.1/../../../../arm-none-eabi/lib/armv7-m\libm.a(lib_a-wf_sqrt.o)
                                  0x6 (size before relaxing)
 .rodata.npio2_hw
                0x0000ed08       0x80 c:/program files (x86)/cypress/psoc creator/4.4/psoc creator/import/gnu/arm/5.4.1/bin/../lib/gcc/arm-none-eabi/5.4.1/../../../../arm-none-eabi/lib/armv7-m\libm.a(lib_a-ef_rem_pio2.o)
 .rodata.two_over_pi
                0x0000ed88      0x318 c:/program files (x86)/cypress/psoc creator/4.4/psoc creator/import/gnu/arm/5.4.1/bin/../lib/gcc/arm-none-eabi/5.4.1/../../../../arm-none-eabi/lib/armv7-m\libm.a(lib_a-ef_rem_pio2.o)
 .rodata.init_jk
                0x0000f0a0        0xc c:/program files (x86)/cypress/psoc creator/4.4/psoc creator/import/gnu/arm/5.4.1/bin/../lib/gcc/arm-none-eabi/5.4.1/../../../../arm-none-eabi/lib/armv7-m\libm.a(lib_a-kf_rem_pio2.o)
 .rodata.PIo2   0x0000f0ac       0x2c c:/program files (x86)/cypress/psoc creator/4.4/psoc creator/import/gnu/arm/5.4.1/bin/../lib/gcc/arm-none-eabi/5.4.1/../../../../arm-none-eabi/lib/armv7-m\libm.a(lib_a-kf_rem_pio2.o)
 .rodata.atanlo
                0x0000f0d8       0x10 c:/program files (x86)/cypress/psoc creator/4.4/psoc creator/import/gnu/arm/5.4.1/bin/../lib/gcc/arm-none-eabi/5.4.1/../../../../arm-none-eabi/lib/armv7-m\libm.a(lib_a-sf_atan.o)
 .rodata.atanhi
                0x0000f0e8       0x10 c:/program files (x86)/cypress/psoc creator/4.4/psoc creator/import/gnu/arm/5.4.1/bin/../lib/gcc/arm-none-eabi/5.4.1/../../../../arm-none-eabi/lib/armv7-m\libm.a(lib_a-sf_atan.o)
 .rodata.str1.1
                0x0000f0f8        0x2 c:/program files (x86)/cypress/psoc creator/4.4/psoc creator/import/gnu/arm/5.4.1/bin/../lib/gcc/arm-none-eabi/5.4.1/../../../../arm-none-eabi/lib/armv7-m\libg_nano.a(lib_a-impure.o)
 .rodata.str1.1
                0x0000f0fa       0x12 c:/program files (x86)/cypress/psoc creator/4.4/psoc creator/import/gnu/arm/5.4.1/bin/../lib/gcc/arm-none-eabi/5.4.1/../../../../arm-none-eabi/lib/armv7-m\libg_nano.a(lib_a-nano-vfprintf_float.o)
 .rodata.str1.1
                0x0000f10c       0x22 c:/program files (x86)/cypress/psoc creator/4.4/psoc creator/import/gnu/arm/5.4.1/bin/../lib/gcc/arm-none-eabi/5.4.1/../../../../arm-none-eabi/lib/armv7-m\libg_nano.a(lib_a-nano-vfprintf_i.o)
 .rodata.str1.1
                0x0000f12e        0xd c:/program files (x86)/cypress/psoc creator/4.4/psoc creator/import/gnu/arm/5.4.1/bin/../lib/gcc/arm-none-eabi/5.4.1/../../../../arm-none-eabi/lib/armv7-m\libg_nano.a(lib_a-dtoa.o)
                                  0xf (size before relaxing)
 .rodata.str1.1
                0x0000f13b        0x8 c:/program files (x86)/cypress/psoc creator/4.4/psoc creator/import/gnu/arm/5.4.1/bin/../lib/gcc/arm-none-eabi/5.4.1/../../../../arm-none-eabi/lib/armv7-m\libg_nano.a(lib_a-locale.o)
                                  0xb (size before relaxing)
 *fill*         0x0000f143        0x5 
 .rodata.__mprec_tens
                0x0000f148       0xc8 c:/program files (x86)/cypress/psoc creator/4.4/psoc creator/import/gnu/arm/5.4.1/bin/../lib/gcc/arm-none-eabi/5.4.1/../../../../arm-none-eabi/lib/armv7-m\libg_nano.a(lib_a-mprec.o)
                0x0000f148                __mprec_tens
 .rodata.p05.5408
                0x0000f210        0xc c:/program files (x86)/cypress/psoc creator/4.4/psoc creator/import/gnu/arm/5.4.1/bin/../lib/gcc/arm-none-eabi/5.4.1/../../../../arm-none-eabi/lib/armv7-m\libg_nano.a(lib_a-mprec.o)
 *fill*         0x0000f21c        0x4 
 .rodata.__mprec_bigtens
                0x0000f220       0x28 c:/program files (x86)/cypress/psoc creator/4.4/psoc creator/import/gnu/arm/5.4.1/bin/../lib/gcc/arm-none-eabi/5.4.1/../../../../arm-none-eabi/lib/armv7-m\libg_nano.a(lib_a-mprec.o)
                0x0000f220                __mprec_bigtens
 .rodata.str1.1
                0x0000f248       0x11 c:/program files (x86)/cypress/psoc creator/4.4/psoc creator/import/gnu/arm/5.4.1/bin/../lib/gcc/arm-none-eabi/5.4.1/../../../../arm-none-eabi/lib/armv7-m\libg_nano.a(lib_a-nano-svfprintf.o)
                0x0000f25c                . = ALIGN (0x4)
 *fill*         0x0000f259        0x3 
 *(.init)
 .init          0x0000f25c        0x4 c:/program files (x86)/cypress/psoc creator/4.4/psoc creator/import/gnu/arm/5.4.1/bin/../lib/gcc/arm-none-eabi/5.4.1/armv7-m/crti.o
                0x0000f25c                _init
 .init          0x0000f260        0x8 c:/program files (x86)/cypress/psoc creator/4.4/psoc creator/import/gnu/arm/5.4.1/bin/../lib/gcc/arm-none-eabi/5.4.1/armv7-m/crtn.o
                0x0000f268                . = ALIGN (0x4)
                0x0000f268                __preinit_array_start = .
 *(.preinit_array)
                0x0000f268                __preinit_array_end = .
                0x0000f268                . = ALIGN (0x4)
                0x0000f268                __init_array_start = .
 *(SORT(.init_array.*))
 *(.init_array)
 .init_array    0x0000f268        0x4 c:/program files (x86)/cypress/psoc creator/4.4/psoc creator/import/gnu/arm/5.4.1/bin/../lib/gcc/arm-none-eabi/5.4.1/armv7-m/crtbegin.o
 .init_array    0x0000f26c        0x4 .\ARM_GCC_541\Debug\Cm3Start.o
                0x0000f270                __init_array_end = .
                0x0000f270                . = ALIGN (0x4)
 *(.fini)
 .fini          0x0000f270        0x4 c:/program files (x86)/cypress/psoc creator/4.4/psoc creator/import/gnu/arm/5.4.1/bin/../lib/gcc/arm-none-eabi/5.4.1/armv7-m/crti.o
                0x0000f270                _fini
 .fini          0x0000f274        0x8 c:/program files (x86)/cypress/psoc creator/4.4/psoc creator/import/gnu/arm/5.4.1/bin/../lib/gcc/arm-none-eabi/5.4.1/armv7-m/crtn.o
                0x0000f27c                . = ALIGN (0x4)
                0x0000f27c                __fini_array_start = .
 *(.fini_array)
 .fini_array    0x0000f27c        0x4 c:/program files (x86)/cypress/psoc creator/4.4/psoc creator/import/gnu/arm/5.4.1/bin/../lib/gcc/arm-none-eabi/5.4.1/armv7-m/crtbegin.o
 *(SORT(.fini_array.*))
                0x0000f280                __fini_array_end = .
                0x0000f280                . = ALIGN (0x4)
 *crtbegin.o(.ctors)
 *(EXCLUDE_FILE(*crtend.o) .ctors)
 *(SORT(.ctors.*))
 *crtend.o(.ctors)
                0x0000f280                . = ALIGN (0x4)
 *crtbegin.o(.dtors)
 *(EXCLUDE_FILE(*crtend.o) .dtors)
 *(SORT(.dtors.*))
 *crtend.o(.dtors)
                0x0000f280                . = ALIGN (0x4)
                0x0000f280                __cy_regions = .
                0x0000f280        0x4 LONG 0xf290 __cy_region_init_ram
                0x0000f284        0x4 LONG 0x1fff80c8 __cy_region_start_data
                0x0000f288        0x4 LONG 0x170 __cy_region_init_size_ram
                0x0000f28c        0x4 LONG 0x568 __cy_region_zero_size_ram
                0x0000f290                __cy_regions_end = .
                0x0000f290                . = ALIGN (0x8)
                0x0000f290                _etext = .

.cy_checksum_exclude
                0x0000f290        0x0
 *(.cy_checksum_exclude)

.ramvectors     0x1fff8000       0xc0
                0x1fff8000                __cy_region_start_ram = .
 *(.ramvectors)
 .ramvectors    0x1fff8000       0xc0 .\ARM_GCC_541\Debug\Cm3Start.o
                0x1fff8000                CyRamVectors

.noinit         0x1fff80c0        0x5
 *(.noinit)
 .noinit        0x1fff80c0        0x4 .\ARM_GCC_541\Debug\Cm3Start.o
 .noinit        0x1fff80c4        0x1 .\ARM_GCC_541\Debug\Proj07_hamflyAPI_stateMachineUpgrade.a(CyLib.o)
                0x1fff80c4                CyResetStatus

.data           0x1fff80c8      0x170 load address 0x0000f290
                0x1fff80c8                __cy_region_start_data = .
 *(.jcr)
 .jcr           0x1fff80c8        0x0 c:/program files (x86)/cypress/psoc creator/4.4/psoc creator/import/gnu/arm/5.4.1/bin/../lib/gcc/arm-none-eabi/5.4.1/armv7-m/crtbegin.o
 .jcr           0x1fff80c8        0x4 c:/program files (x86)/cypress/psoc creator/4.4/psoc creator/import/gnu/arm/5.4.1/bin/../lib/gcc/arm-none-eabi/5.4.1/armv7-m/crtend.o
 *(.got.plt)
 *(.got)
 *(.shdata)
 *(.data .data.* .gnu.linkonce.d.*)
 .data          0x1fff80cc        0x4 .\ARM_GCC_541\Debug\joystick.o
 .data          0x1fff80d0       0x30 .\ARM_GCC_541\Debug\telemetry.o
 .data          0x1fff8100        0x8 .\ARM_GCC_541\Debug\app_state_auto.o
 .data          0x1fff8108       0x74 .\ARM_GCC_541\Debug\hamfly_qx_app.o
                0x1fff8108                FreeflyAPI
 .data          0x1fff817c        0x4 .\ARM_GCC_541\Debug\Cm3Start.o
 .data          0x1fff8180        0x1 .\ARM_GCC_541\Debug\Proj07_hamflyAPI_stateMachineUpgrade.a(ADC_DelSig_1.o)
                0x1fff8180                ADC_DelSig_1_Config
 .data          0x1fff8181        0x1 .\ARM_GCC_541\Debug\Proj07_hamflyAPI_stateMachineUpgrade.a(AMux_1.o)
 .data          0x1fff8182        0x1 .\ARM_GCC_541\Debug\Proj07_hamflyAPI_stateMachineUpgrade.a(ADC_DelSig_1_AMux.o)
 *fill*         0x1fff8183        0x1 
 .data          0x1fff8184       0x10 .\ARM_GCC_541\Debug\Proj07_hamflyAPI_stateMachineUpgrade.a(CyLib.o)
                0x1fff8184                cydelay_freq_hz
                0x1fff8188                cydelay_freq_khz
                0x1fff818c                cydelay_freq_mhz
                0x1fff8190                cydelay_32k_ms
 .data.__fdlib_version
                0x1fff8194        0x1 c:/program files (x86)/cypress/psoc creator/4.4/psoc creator/import/gnu/arm/5.4.1/bin/../lib/gcc/arm-none-eabi/5.4.1/../../../../arm-none-eabi/lib/armv7-m\libm.a(lib_a-s_lib_ver.o)
                0x1fff8194                __fdlib_version
 *fill*         0x1fff8195        0x3 
 .data.impure_data
                0x1fff8198       0x60 c:/program files (x86)/cypress/psoc creator/4.4/psoc creator/import/gnu/arm/5.4.1/bin/../lib/gcc/arm-none-eabi/5.4.1/../../../../arm-none-eabi/lib/armv7-m\libg_nano.a(lib_a-impure.o)
 .data._impure_ptr
                0x1fff81f8        0x4 c:/program files (x86)/cypress/psoc creator/4.4/psoc creator/import/gnu/arm/5.4.1/bin/../lib/gcc/arm-none-eabi/5.4.1/../../../../arm-none-eabi/lib/armv7-m\libg_nano.a(lib_a-impure.o)
                0x1fff81f8                _impure_ptr
 .data.lconv    0x1fff81fc       0x38 c:/program files (x86)/cypress/psoc creator/4.4/psoc creator/import/gnu/arm/5.4.1/bin/../lib/gcc/arm-none-eabi/5.4.1/../../../../arm-none-eabi/lib/armv7-m\libg_nano.a(lib_a-locale.o)
                0x1fff8238                . = ALIGN (0x8)
 *fill*         0x1fff8234        0x4 
 *(.ram)
                0x1fff8238                _edata = .

.igot.plt       0x1fff8238        0x0 load address 0x0000f400
 .igot.plt      0x1fff8238        0x0 c:/program files (x86)/cypress/psoc creator/4.4/psoc creator/import/gnu/arm/5.4.1/bin/../lib/gcc/arm-none-eabi/5.4.1/armv7-m/crtbegin.o

.bss            0x1fff8238      0x568 load address 0x0000f400
                0x1fff8238                PROVIDE (__bss_start__, .)
 *(.shbss)
 *(.bss .bss.* .gnu.linkonce.b.*)
 .bss           0x1fff8238       0x1c c:/program files (x86)/cypress/psoc creator/4.4/psoc creator/import/gnu/arm/5.4.1/bin/../lib/gcc/arm-none-eabi/5.4.1/armv7-m/crtbegin.o
 .bss           0x1fff8254      0x384 .\ARM_GCC_541\Debug\main.o
                0x1fff85d4                g_tick_ms
 .bss           0x1fff85d8        0x8 .\ARM_GCC_541\Debug\adc_balanced.o
 .bss           0x1fff85e0       0x42 .\ARM_GCC_541\Debug\joystick.o
 *fill*         0x1fff8622        0x2 
 .bss           0x1fff8624        0x8 .\ARM_GCC_541\Debug\app_statemachine.o
 .bss           0x1fff862c       0x89 .\ARM_GCC_541\Debug\sbc_comms.o
 *fill*         0x1fff86b5        0x3 