Archive member included to satisfy reference by file (symbol)

.\ARM_GCC_541\Debug\Proj07_hamflyAPI_stateMachineUpgrade.a(ADC_DelSig_1.o)
                              .\ARM_GCC_541\Debug\adc_balanced.o (ADC_DelSig_1_Start)
.\ARM_GCC_541\Debug\Proj07_hamflyAPI_stateMachineUpgrade.a(ADC_DelSig_1_INT.o)
                              .\ARM_GCC_541\Debug\Proj07_hamflyAPI_stateMachineUpgrade.a(ADC_DelSig_1.o) (ADC_DelSig_1_ISR1)
.\ARM_GCC_541\Debug\Proj07_hamflyAPI_stateMachineUpgrade.a(AMux_1.o)
                              .\ARM_GCC_541\Debug\adc_balanced.o (AMux_1_Start)
.\ARM_GCC_541\Debug\Proj07_hamflyAPI_stateMachineUpgrade.a(isr_adc.o)
                              .\ARM_GCC_541\Debug\adc_balanced.o (isr_adc_StartEx)
.\ARM_GCC_541\Debug\Proj07_hamflyAPI_stateMachineUpgrade.a(UART_MOVI.o)
                              .\ARM_GCC_541\Debug\main.o (UART_MOVI_Start)
.\ARM_GCC_541\Debug\Proj07_hamflyAPI_stateMachineUpgrade.a(isr_rx_movi.o)
                              .\ARM_GCC_541\Debug\main.o (isr_rx_movi_StartEx)
.\ARM_GCC_541\Debug\Proj07_hamflyAPI_stateMachineUpgrade.a(Looptimer.o)
                              .\ARM_GCC_541\Debug\main.o (Looptimer_Start)
.\ARM_GCC_541\Debug\Proj07_hamflyAPI_stateMachineUpgrade.a(isr_Looptimer.o)
                              .\ARM_GCC_541\Debug\main.o (isr_Looptimer_StartEx)
.\ARM_GCC_541\Debug\Proj07_hamflyAPI_stateMachineUpgrade.a(EEPROM_CONFIG.o)
                              .\ARM_GCC_541\Debug\psoc_eeprom.o (EEPROM_CONFIG_Start)
.\ARM_GCC_541\Debug\Proj07_hamflyAPI_stateMachineUpgrade.a(ADC_DelSig_1_AMux.o)
                              .\ARM_GCC_541\Debug\Proj07_hamflyAPI_stateMachineUpgrade.a(ADC_DelSig_1.o) (ADC_DelSig_1_AMux_Select)
.\ARM_GCC_541\Debug\Proj07_hamflyAPI_stateMachineUpgrade.a(ADC_DelSig_1_Ext_CP_Clk.o)
                              .\ARM_GCC_541\Debug\Proj07_hamflyAPI_stateMachineUpgrade.a(ADC_DelSig_1.o) (ADC_DelSig_1_Ext_CP_Clk_SetDividerRegister)
.\ARM_GCC_541\Debug\Proj07_hamflyAPI_stateMachineUpgrade.a(ADC_DelSig_1_theACLK.o)
                              .\ARM_GCC_541\Debug\Proj07_hamflyAPI_stateMachineUpgrade.a(ADC_DelSig_1.o) (ADC_DelSig_1_theACLK_SetDividerRegister)
.\ARM_GCC_541\Debug\Proj07_hamflyAPI_stateMachineUpgrade.a(CyFlash.o)
                              .\ARM_GCC_541\Debug\Proj07_hamflyAPI_stateMachineUpgrade.a(EEPROM_CONFIG.o) (dieTemperature)
.\ARM_GCC_541\Debug\Proj07_hamflyAPI_stateMachineUpgrade.a(CyLib.o)
                              .\ARM_GCC_541\Debug\Cm3Start.o (CyResetStatus)
.\ARM_GCC_541\Debug\Proj07_hamflyAPI_stateMachineUpgrade.a(cyPm.o)
                              .\ARM_GCC_541\Debug\Proj07_hamflyAPI_stateMachineUpgrade.a(CyLib.o) (CyPmReadStatus)
.\ARM_GCC_541\Debug\Proj07_hamflyAPI_stateMachineUpgrade.a(CySpc.o)
                              .\ARM_GCC_541\Debug\Proj07_hamflyAPI_stateMachineUpgrade.a(EEPROM_CONFIG.o) (CySpcStart)
.\ARM_GCC_541\Debug\Proj07_hamflyAPI_stateMachineUpgrade.a(UART_DEBUG.o)
                              .\ARM_GCC_541\Debug\main.o (UART_DEBUG_Start)
.\ARM_GCC_541\Debug\Proj07_hamflyAPI_stateMachineUpgrade.a(UART_DEBUG_IntClock.o)
                              .\ARM_GCC_541\Debug\Proj07_hamflyAPI_stateMachineUpgrade.a(UART_DEBUG.o) (UART_DEBUG_IntClock_Start)
.\ARM_GCC_541\Debug\Proj07_hamflyAPI_stateMachineUpgrade.a(UART_SBC.o)
                              .\ARM_GCC_541\Debug\main.o (UART_SBC_Start)
.\ARM_GCC_541\Debug\Proj07_hamflyAPI_stateMachineUpgrade.a(isr_rx_sbc.o)
                              .\ARM_GCC_541\Debug\main.o (isr_rx_sbc_StartEx)
.\ARM_GCC_541\Debug\Proj07_hamflyAPI_stateMachineUpgrade.a(UART_SBC_IntClock.o)
                              .\ARM_GCC_541\Debug\Proj07_hamflyAPI_stateMachineUpgrade.a(UART_SBC.o) (UART_SBC_IntClock_Start)
.\ARM_GCC_541\Debug\Proj07_hamflyAPI_stateMachineUpgrade.a(CyBootAsmGnu.o)
                              .\ARM_GCC_541\Debug\cyfitter_cfg.o (CyDelayCycles)
c:/program files (x86)/cypress/psoc creator/4.4/psoc creator/import/gnu/arm/5.4.1/bin/../lib/gcc/arm-none-eabi/5.4.1/../../../../arm-none-eabi/lib/armv7-m\libm.a(lib_a-s_cos.o)
                              .\ARM_GCC_541\Debug\hamfly_core_gimbal.o (cos)
c:/program files (x86)/cypress/psoc creator/4.4/psoc creator/import/gnu/arm/5.4.1/bin/../lib/gcc/arm-none-eabi/5.4.1/../../../../arm-none-eabi/lib/armv7-m\libm.a(lib_a-sf_cos.o)
                              .\ARM_GCC_541\Debug\app_statemachine.o (cosf)
c:/program files (x86)/cypress/psoc creator/4.4/psoc creator/import/gnu/arm/5.4.1/bin/../lib/gcc/arm-none-eabi/5.4.1/../../../../arm-none-eabi/lib/armv7-m\libm.a(lib_a-sf_sin.o)
                              .\ARM_GCC_541\Debug\app_statemachine.o (sinf)
c:/program files (x86)/cypress/psoc creator/4.4/psoc creator/import/gnu/arm/5.4.1/bin/../lib/gcc/arm-none-eabi/5.4.1/../../../../arm-none-eabi/lib/armv7-m\libm.a(lib_a-w_atan2.o)
                              .\ARM_GCC_541\Debug\hamfly_core_gimbal.o (atan2)
[...]
Memory Configuration

Name             Origin             Length             Attributes
rom              0x00000000         0x00040000         xr
ram              0x1fff8000         0x00010000         xrw
*default*        0x00000000         0xffffffff

Linker script and memory map

LOAD c:/program files (x86)/cypress/psoc creator/4.4/psoc creator/import/gnu/arm/5.4.1/bin/../lib/gcc/arm-none-eabi/5.4.1/armv7-m/crti.o
LOAD c:/program files (x86)/cypress/psoc creator/4.4/psoc creator/import/gnu/arm/5.4.1/bin/../lib/gcc/arm-none-eabi/5.4.1/armv7-m/crtbegin.o
LOAD c:/program files (x86)/cypress/psoc creator/4.4/psoc creator/import/gnu/arm/5.4.1/bin/../lib/gcc/arm-none-eabi/5.4.1/../../../../arm-none-eabi/lib/armv7-m/crt0.o
START GROUP
LOAD .\ARM_GCC_541\Debug\main.o
LOAD .\ARM_GCC_541\Debug\adc_balanced.o
LOAD .\ARM_GCC_541\Debug\joystick.o
LOAD .\ARM_GCC_541\Debug\psoc_eeprom.o
LOAD .\ARM_GCC_541\Debug\app_ctx.o
LOAD .\ARM_GCC_541\Debug\app_statemachine.o
LOAD .\ARM_GCC_541\Debug\sbc_comms.o
LOAD .\ARM_GCC_541\Debug\telemetry.o
LOAD .\ARM_GCC_541\Debug\hamfly_comm_rb.o
LOAD .\ARM_GCC_541\Debug\hamfly_comm_txbuf.o
LOAD .\ARM_GCC_541\Debug\hamfly_core_gimbal.o
LOAD .\ARM_GCC_541\Debug\hamfly_core_telemetry.o
LOAD .\ARM_GCC_541\Debug\hamfly_qx_app.o
LOAD .\ARM_GCC_541\Debug\hamfly_qx_protocol.o
LOAD .\ARM_GCC_541\Debug\cyfitter_cfg.o
LOAD .\ARM_GCC_541\Debug\cymetadata.o
LOAD .\ARM_GCC_541\Debug\Cm3Start.o
LOAD .\ARM_GCC_541\Debug\Proj07_hamflyAPI_stateMachineUpgrade.a
LOAD C:\Program Files (x86)\Cypress\PSoC Creator\4.4\PSoC Creator\psoc\content\cycomponentlibrary\CyComponentLibrary.cylib\CortexM3\ARM_GCC_541\Debug\CyComponentLibrary.a
LOAD c:/program files (x86)/cypress/psoc creator/4.4/psoc creator/import/gnu/arm/5.4.1/bin/../lib/gcc/arm-none-eabi/5.4.1/../../../../arm-none-eabi/lib/armv7-m\libm.a
END GROUP
START GROUP
LOAD c:/program files (x86)/cypress/psoc creator/4.4/psoc creator/import/gnu/arm/5.4.1/bin/../lib/gcc/arm-none-eabi/5.4.1/armv7-m\libgcc.a
LOAD c:/program files (x86)/cypress/psoc creator/4.4/psoc creator/import/gnu/arm/5.4.1/bin/../lib/gcc/arm-none-eabi/5.4.1/../../../../arm-none-eabi/lib/armv7-m\libg_nano.a
LOAD c:/program files (x86)/cypress/psoc creator/4.4/psoc creator/import/gnu/arm/5.4.1/bin/../lib/gcc/arm-none-eabi/5.4.1/../../../../arm-none-eabi/lib/armv7-m\libc_nano.a
END GROUP
START GROUP
LOAD c:/program files (x86)/cypress/psoc creator/4.4/psoc creator/import/gnu/arm/5.4.1/bin/../lib/gcc/arm-none-eabi/5.4.1/armv7-m\libgcc.a
LOAD c:/program files (x86)/cypress/psoc creator/4.4/psoc creator/import/gnu/arm/5.4.1/bin/../lib/gcc/arm-none-eabi/5.4.1/../../../../arm-none-eabi/lib/armv7-m\libc_nano.a
END GROUP
LOAD c:/program files (x86)/cypress/psoc creator/4.4/psoc creator/import/gnu/arm/5.4.1/bin/../lib/gcc/arm-none-eabi/5.4.1/armv7-m/crtend.o
LOAD c:/program files (x86)/cypress/psoc creator/4.4/psoc creator/import/gnu/arm/5.4.1/bin/../lib/gcc/arm-none-eabi/5.4.1/armv7-m/crtn.o
START GROUP
LOAD c:/program files (x86)/cypress/psoc creator/4.4/psoc creator/import/gnu/arm/5.4.1/bin/../lib/gcc/arm-none-eabi/5.4.1/armv7-m\libgcc.a
LOAD c:/program files (x86)/cypress/psoc creator/4.4/psoc creator/import/gnu/arm/5.4.1/bin/../lib/gcc/arm-none-eabi/5.4.1/../../../../arm-none-eabi/lib/armv7-m\libc.a
LOAD c:/program files (x86)/cypress/psoc creator/4.4/psoc creator/import/gnu/arm/5.4.1/bin/../lib/gcc/arm-none-eabi/5.4.1/../../../../arm-none-eabi/lib/armv7-m\libnosys.a
END GROUP
                0x00000000                CY_APPL_ORIGIN = 0x0
                0x00000100                CY_FLASH_ROW_SIZE = 0x100
                0x00000020                CY_ECC_ROW_SIZE = 0x20
                0x00000000                CY_EE_IN_BTLDR = 0x0
                0x00000000                CY_APPL_LOADABLE = 0x0
                0x00000800                CY_EE_SIZE = 0x800
                0x00000001                CY_APPL_NUM = 0x1
                0x00000001                CY_APPL_MAX = 0x1
                0x00000040                CY_METADATA_SIZE = 0x40
                0x00000000                CY_APPL_LOADABLE = 0x0
                0x00000000                CY_CHECKSUM_EXCLUDE_SIZE = ALIGN (0x0, CY_FLASH_ROW_SIZE)
                [!provide]                PROVIDE (__cy_heap_start, _end)
                0x00000001                PROVIDE (__cy_region_num, ((__cy_regions_end - __cy_regions) / 0x10))
                0x20008000                PROVIDE (__cy_stack, (ORIGIN (ram) + LENGTH (ram)))
                [!provide]                PROVIDE (__cy_heap_end, (__cy_stack - 0x800))

.cybootloader   0x00000000        0x0
 *(.cybootloader)
                0x00000000                appl1_start = CY_APPL_ORIGIN?CY_APPL_ORIGIN:ALIGN (CY_FLASH_ROW_SIZE)
                0x0001ff00                appl2_start = (appl1_start + ALIGN ((((LENGTH (rom) - appl1_start) - (0x2 * CY_FLASH_ROW_SIZE)) / 0x2), CY_FLASH_ROW_SIZE))
                0x00000000                appl_start = (CY_APPL_NUM == 0x1)?appl1_start:appl2_start
                0x00000000                ecc_offset = ((appl_start / CY_FLASH_ROW_SIZE) * CY_ECC_ROW_SIZE)
                0x00000000                ee_offset = (CY_APPL_LOADABLE && ! (CY_EE_IN_BTLDR))?((CY_EE_SIZE / CY_APPL_MAX) * (CY_APPL_NUM - 0x1)):0x0
                0x00000800                ee_size = (CY_APPL_LOADABLE && ! (CY_EE_IN_BTLDR))?(CY_EE_SIZE / CY_APPL_MAX):CY_EE_SIZE
                [!provide]                PROVIDE (CY_ECC_OFFSET, ecc_offset)

.text           0x00000000     0xd8fe
 CREATE_OBJECT_SYMBOLS
                0x00000000                PROVIDE (__cy_interrupt_vector, RomVectors)
 *(.romvectors)
 .romvectors    0x00000000       0x10 .\ARM_GCC_541\Debug\Cm3Start.o
                0x00000000                RomVectors
                0x00000001                ASSERT ((. != __cy_interrupt_vector), No interrupt vector)
                0x00000001                ASSERT (CY_APPL_ORIGIN?(SIZEOF (.cybootloader) <= CY_APPL_ORIGIN):0x1, Wrong image location)
                0x00000010                PROVIDE (__cy_reset, Reset)
 *(.text.Reset)
 .text.Reset    0x00000010       0x18 .\ARM_GCC_541\Debug\Cm3Start.o
                0x00000010                Reset
                0x00000001                ASSERT ((. != __cy_reset), No reset code)
 *(.dma_init)
                0x00000001                ASSERT ((((appl_start + .) <= 0x10000) || 0x1), DMA Init must be within the first 64k of flash)
 *(.text .text.* .gnu.linkonce.t.*)
 .text          0x00000028       0x5c c:/program files (x86)/cypress/psoc creator/4.4/psoc creator/import/gnu/arm/5.4.1/bin/../lib/gcc/arm-none-eabi/5.4.1/armv7-m/crtbegin.o
 .text._hamfly_psoc5_putc
                0x00000084       0x1c .\ARM_GCC_541\Debug\main.o
 .text.psoc_get_tick
                0x000000a0       0x1c .\ARM_GCC_541\Debug\main.o
 .text.isr_rx_movi_Handler
                0x000000bc       0x58 .\ARM_GCC_541\Debug\main.o
                0x000000bc                isr_rx_movi_Handler
 .text.isr_Looptimer_Handler
                0x00000114       0x1c .\ARM_GCC_541\Debug\main.o
                0x00000114                isr_Looptimer_Handler
 .text.isr_rx_sbc_Handler
                0x00000130       0x50 .\ARM_GCC_541\Debug\main.o
                0x00000130                isr_rx_sbc_Handler
 .text.decomp   0x00000180       0xa8 .\ARM_GCC_541\Debug\main.o
 .text.mode_str
                0x00000228       0x38 .\ARM_GCC_541\Debug\main.o
 .text.main     0x00000260      0x30c .\ARM_GCC_541\Debug\main.o
                0x00000260                main
 .text.isr_adc_Handler
                0x0000056c       0x18 .\ARM_GCC_541\Debug\adc_balanced.o
                0x0000056c                isr_adc_Handler
 .text.adc_balanced_init
                0x00000584       0x6c .\ARM_GCC_541\Debug\adc_balanced.o
                0x00000584                adc_balanced_init
 .text.adc_balanced_advance_on_eoc
                0x000005f0       0x64 .\ARM_GCC_541\Debug\adc_balanced.o
 .text.adc_balanced_poll_frame
                0x00000654       0x6c .\ARM_GCC_541\Debug\adc_balanced.o
                0x00000654                adc_balanced_poll_frame
 .text.joystick_set_sensitivity
                0x000006c0       0x48 .\ARM_GCC_541\Debug\joystick.o
                0x000006c0                joystick_set_sensitivity
 .text.normalize_axis
                0x00000708       0xd0 .\ARM_GCC_541\Debug\joystick.o
 .text.apply_deadband
                0x000007d8       0x90 .\ARM_GCC_541\Debug\joystick.o
 .text.joystick_validate
                0x00000868       0x94 .\ARM_GCC_541\Debug\joystick.o
                0x00000868                joystick_validate
 .text.cal_begin_range_capture
                0x000008fc       0x84 .\ARM_GCC_541\Debug\joystick.o
 .text.cal_update_ranges
                0x00000980       0x98 .\ARM_GCC_541\Debug\joystick.o
 .text.cal_start_center_capture
                0x00000a18       0x44 .\ARM_GCC_541\Debug\joystick.o
 .text.cal_center_capture_update
                0x00000a5c       0xa8 .\ARM_GCC_541\Debug\joystick.o
 .text.cal_save_or_restart
                0x00000b04       0x44 .\ARM_GCC_541\Debug\joystick.o
 .text.joystick_init
                0x00000b48       0xa4 .\ARM_GCC_541\Debug\joystick.o
                0x00000b48                joystick_init
 .text.joystick_on_sample
                0x00000bec       0x48 .\ARM_GCC_541\Debug\joystick.o
                0x00000bec                joystick_on_sample
 .text.joystick_on_key
                0x00000c34       0x70 .\ARM_GCC_541\Debug\joystick.o
                0x00000c34                joystick_on_key
 .text.joystick_cal_state
                0x00000ca4       0x14 .\ARM_GCC_541\Debug\joystick.o
                0x00000ca4                joystick_cal_state
 .text.joystick_get_cmd
                0x00000cb8       0xe8 .\ARM_GCC_541\Debug\joystick.o
                0x00000cb8                joystick_get_cmd
 .text.joystick_load
                0x00000da0       0x4c .\ARM_GCC_541\Debug\joystick.o
                0x00000da0                joystick_load
 .text.slot_id_to_row
                0x00000dec       0x2c .\ARM_GCC_541\Debug\psoc_eeprom.o
 .text.read_row_byte
                0x00000e18       0x38 .\ARM_GCC_541\Debug\psoc_eeprom.o
 .text.read_row_data
                0x00000e50       0x3c .\ARM_GCC_541\Debug\psoc_eeprom.o
 .text.psoc_eeprom_init
                0x00000e8c        0xc .\ARM_GCC_541\Debug\psoc_eeprom.o
                0x00000e8c                psoc_eeprom_init
 .text.psoc_eeprom_read
                0x00000e98       0x7c .\ARM_GCC_541\Debug\psoc_eeprom.o
                0x00000e98                psoc_eeprom_read
 .text.app_ctx_init
                0x00000f14       0x78 .\ARM_GCC_541\Debug\app_ctx.o
                0x00000f14                app_ctx_init
 .text.depth_of
                0x00000f8c       0x34 .\ARM_GCC_541\Debug\app_statemachine.o
 .text.lca      0x00000fc0       0x80 .\ARM_GCC_541\Debug\app_statemachine.o
 .text.transition
                0x00001040       0xf0 .\ARM_GCC_541\Debug\app_statemachine.o
 .text.app_start
                0x00001130       0x28 .\ARM_GCC_541\Debug\app_statemachine.o
                0x00001130                app_start
 .text.app_raise_error
                0x00001158       0x68 .\ARM_GCC_541\Debug\app_statemachine.o
                0x00001158                app_raise_error
 .text.app_state_name
                0x000011c0       0x20 .\ARM_GCC_541\Debug\app_statemachine.o
                0x000011c0                app_state_name
 .text.app_telem_tick
                0x000011e0       0x80 .\ARM_GCC_541\Debug\app_statemachine.o
                0x000011e0                app_telem_tick
 .text.entry_stby_defer
                0x00001260       0x1c .\ARM_GCC_541\Debug\app_statemachine.o
 .text.entry_stby_hold
                0x0000127c       0x1c .\ARM_GCC_541\Debug\app_statemachine.o
 .text.entry_manu_joystick
                0x00001298       0x20 .\ARM_GCC_541\Debug\app_statemachine.o
 .text.exit_manu_joystick
                0x000012b8       0x18 .\ARM_GCC_541\Debug\app_statemachine.o
 .text.app_auto_tick
                0x000012d0      0x1e0 .\ARM_GCC_541\Debug\app_statemachine.o
                0x000012d0                app_auto_tick
 .text.entry_auto_home
                0x000014b0       0xa0 .\ARM_GCC_541\Debug\app_statemachine.o
 .text.exit_auto_home
                0x00001550       0x1c .\ARM_GCC_541\Debug\app_statemachine.o
 .text.key_auto_home
                0x0000156c       0x28 .\ARM_GCC_541\Debug\app_statemachine.o
 .text.build_auto_home
                0x00001594       0x7c .\ARM_GCC_541\Debug\app_statemachine.o
 .text.gps_bearing_deg
                0x00001610       0xf8 .\ARM_GCC_541\Debug\app_statemachine.o
 .text.gps_elev_deg
                0x00001708      0x15c .\ARM_GCC_541\Debug\app_statemachine.o
 .text.gps_start_slew
                0x00001864       0x3c .\ARM_GCC_541\Debug\app_statemachine.o
 .text.gps_update_pointing
                0x000018a0       0xe8 .\ARM_GCC_541\Debug\app_statemachine.o
 .text.gps_check_settle
                0x00001988      0x1c0 .\ARM_GCC_541\Debug\app_statemachine.o
 .text.entry_auto_acq_gps
                0x00001b48       0x48 .\ARM_GCC_541\Debug\app_statemachine.o
 .text.exit_auto_acq_gps
                0x00001b90       0x24 .\ARM_GCC_541\Debug\app_statemachine.o
 .text.key_auto_acq_gps
                0x00001bb4       0x28 .\ARM_GCC_541\Debug\app_statemachine.o
 .text.build_auto_acq_gps
                0x00001bdc       0xb0 .\ARM_GCC_541\Debug\app_statemachine.o
 .text.entry_auto_acq_spiral
                0x00001c8c       0x1c .\ARM_GCC_541\Debug\app_statemachine.o
 .text.entry_auto_tracking
                0x00001ca8       0x2c .\ARM_GCC_541\Debug\app_statemachine.o
 .text.key_auto_tracking
                0x00001cd4       0x28 .\ARM_GCC_541\Debug\app_statemachine.o
 .text.build_auto_tracking
                0x00001cfc      0x128 .\ARM_GCC_541\Debug\app_statemachine.o
 .text.entry_auto_loss
                0x00001e24       0x1c .\ARM_GCC_541\Debug\app_statemachine.o
 .text.key_auto_loss
                0x00001e40       0x28 .\ARM_GCC_541\Debug\app_statemachine.o
 .text.entry_auto_no_lock
                0x00001e68       0x1c .\ARM_GCC_541\Debug\app_statemachine.o
 .text.key_auto_no_lock
                0x00001e84       0x28 .\ARM_GCC_541\Debug\app_statemachine.o
 .text.sev_str  0x00001eac       0x40 .\ARM_GCC_541\Debug\app_statemachine.o
 .text.entry_error_active
                0x00001eec       0x80 .\ARM_GCC_541\Debug\app_statemachine.o
 .text.manu_pan_tilt_deg
                0x00001f6c       0x54 .\ARM_GCC_541\Debug\app_statemachine.o
 .text.set_origin
                0x00001fc0       0x6c .\ARM_GCC_541\Debug\app_statemachine.o
 .text.print_help
                0x0000202c       0x1c .\ARM_GCC_541\Debug\app_statemachine.o
 .text.handle_global_key
                0x00002048       0x94 .\ARM_GCC_541\Debug\app_statemachine.o
 .text.leaf_traps_nav
                0x000020dc       0x3c .\ARM_GCC_541\Debug\app_statemachine.o
 .text.handle_nav_key
                0x00002118       0x48 .\ARM_GCC_541\Debug\app_statemachine.o
 .text.key_error_active
                0x00002160       0x40 .\ARM_GCC_541\Debug\app_statemachine.o
 .text.app_dispatch_key
                0x000021a0       0xa0 .\ARM_GCC_541\Debug\app_statemachine.o
                0x000021a0                app_dispatch_key
 .text.build_zero
                0x00002240       0x1c .\ARM_GCC_541\Debug\app_statemachine.o
 .text.build_stby
                0x0000225c       0x1c .\ARM_GCC_541\Debug\app_statemachine.o
 .text.build_manu_joystick
                0x00002278       0xa8 .\ARM_GCC_541\Debug\app_statemachine.o
 .text.build_error
                0x00002320       0x28 .\ARM_GCC_541\Debug\app_statemachine.o
 .text.app_build_control
                0x00002348       0x3c .\ARM_GCC_541\Debug\app_statemachine.o
                0x00002348                app_build_control
 .text.nudge_apply
                0x00002384      0x1b8 .\ARM_GCC_541\Debug\app_statemachine.o
 .text.key_manu_joystick
                0x0000253c      0x224 .\ARM_GCC_541\Debug\app_statemachine.o
 .text.app_manual_tick
                0x00002760       0xc4 .\ARM_GCC_541\Debug\app_statemachine.o
                0x00002760                app_manual_tick
 .text.sbc_state_is_requestable
                0x00002824       0x24 .\ARM_GCC_541\Debug\app_statemachine.o
 .text.app_sbc_tick
                0x00002848       0xf4 .\ARM_GCC_541\Debug\app_statemachine.o
                0x00002848                app_sbc_tick
 .text.sbc_init
                0x0000293c       0x98 .\ARM_GCC_541\Debug\sbc_comms.o
                0x0000293c                sbc_init
 .text.decode_centroid
                0x000029d4      0x114 .\ARM_GCC_541\Debug\sbc_comms.o
 .text.sbc_on_rx_byte
                0x00002ae8      0x248 .\ARM_GCC_541\Debug\sbc_comms.o
                0x00002ae8                sbc_on_rx_byte
 .text.sbc_on_uart_err_flags
                0x00002d30       0x30 .\ARM_GCC_541\Debug\sbc_comms.o
                0x00002d30                sbc_on_uart_err_flags
 .text.sbc_get_centroid
                0x00002d60       0x88 .\ARM_GCC_541\Debug\sbc_comms.o
                0x00002d60                sbc_get_centroid
 .text.sbc_unknown_magic
                0x00002de8       0x14 .\ARM_GCC_541\Debug\sbc_comms.o
                0x00002de8                sbc_unknown_magic
 .text.sbc_rx_pkt_count
                0x00002dfc       0x14 .\ARM_GCC_541\Debug\sbc_comms.o
                0x00002dfc                sbc_rx_pkt_count
 .text.sbc_last_centroid_dt_ms
                0x00002e10       0x2c .\ARM_GCC_541\Debug\sbc_comms.o
                0x00002e10                sbc_last_centroid_dt_ms
 .text.sbc_crc_errors
                0x00002e3c       0x14 .\ARM_GCC_541\Debug\sbc_comms.o
                0x00002e3c                sbc_crc_errors
 .text.sbc_uart_errors
                0x00002e50       0x14 .\ARM_GCC_541\Debug\sbc_comms.o
                0x00002e50                sbc_uart_errors
 .text.sbc_send_frame
                0x00002e64       0x8c .\ARM_GCC_541\Debug\sbc_comms.o
                0x00002e64                sbc_send_frame
 .text.sbc_get_state_req
                0x00002ef0       0x4c .\ARM_GCC_541\Debug\sbc_comms.o
                0x00002ef0                sbc_get_state_req
 .text.sbc_get_gps_target
                0x00002f3c       0x4c .\ARM_GCC_541\Debug\sbc_comms.o
                0x00002f3c                sbc_get_gps_target
 .text.sbc_send_state_ack
                0x00002f88       0x30 .\ARM_GCC_541\Debug\sbc_comms.o
                0x00002f88                sbc_send_state_ack
 .text.sat_i16  0x00002fb8       0x4c .\ARM_GCC_541\Debug\telemetry.o
 .text.sat_u32  0x00003004       0x44 .\ARM_GCC_541\Debug\telemetry.o
 .text.sat_u16  0x00003048       0x48 .\ARM_GCC_541\Debug\telemetry.o
 .text.telemetry_collect_hot
                0x00003090      0x164 .\ARM_GCC_541\Debug\telemetry.o
                0x00003090                telemetry_collect_hot
 .text.telemetry_collect_link
                0x000031f4       0x64 .\ARM_GCC_541\Debug\telemetry.o
                0x000031f4                telemetry_collect_link
 .text.telemetry_collect_power
                0x00003258       0xc0 .\ARM_GCC_541\Debug\telemetry.o
                0x00003258                telemetry_collect_power
 .text.telemetry_collect_env
                0x00003318       0x80 .\ARM_GCC_541\Debug\telemetry.o
                0x00003318                telemetry_collect_env
 .text.telemetry_collect_gps
                0x00003398       0xa8 .\ARM_GCC_541\Debug\telemetry.o
                0x00003398                telemetry_collect_gps
 .text.telemetry_collect_baro
                0x00003440       0x90 .\ARM_GCC_541\Debug\telemetry.o
                0x00003440                telemetry_collect_baro
 .text.telemetry_collect_mag
                0x000034d0       0xcc .\ARM_GCC_541\Debug\telemetry.o
                0x000034d0                telemetry_collect_mag
 .text.encode_hot
                0x0000359c      0x11c .\ARM_GCC_541\Debug\telemetry.o
 .text.encode_link
                0x000036b8       0x94 .\ARM_GCC_541\Debug\telemetry.o
 .text.encode_power
                0x0000374c       0x9c .\ARM_GCC_541\Debug\telemetry.o
 .text.encode_env
                0x000037e8       0x58 .\ARM_GCC_541\Debug\telemetry.o
 .text.encode_gps
                0x00003840       0xe8 .\ARM_GCC_541\Debug\telemetry.o
 .text.encode_baro
                0x00003928       0x64 .\ARM_GCC_541\Debug\telemetry.o
 .text.encode_mag
                0x0000398c       0x8c .\ARM_GCC_541\Debug\telemetry.o
 .text.telemetry_send_hot_sbc
                0x00003a18       0x44 .\ARM_GCC_541\Debug\telemetry.o
                0x00003a18                telemetry_send_hot_sbc
 .text.telemetry_send_link_sbc
                0x00003a5c       0x44 .\ARM_GCC_541\Debug\telemetry.o
                0x00003a5c                telemetry_send_link_sbc
 .text.telemetry_send_power_sbc
                0x00003aa0       0x44 .\ARM_GCC_541\Debug\telemetry.o
                0x00003aa0                telemetry_send_power_sbc
 .text.telemetry_send_env_sbc
                0x00003ae4       0x44 .\ARM_GCC_541\Debug\telemetry.o
                0x00003ae4                telemetry_send_env_sbc
 .text.telemetry_send_gps_sbc
                0x00003b28       0x44 .\ARM_GCC_541\Debug\telemetry.o
                0x00003b28                telemetry_send_gps_sbc
 .text.telemetry_send_baro_sbc
                0x00003b6c       0x44 .\ARM_GCC_541\Debug\telemetry.o
                0x00003b6c                telemetry_send_baro_sbc
 .text.telemetry_send_mag_sbc
                0x00003bb0       0x44 .\ARM_GCC_541\Debug\telemetry.o
                0x00003bb0                telemetry_send_mag_sbc
 .text.telemetry_pump
                0x00003bf4       0xd8 .\ARM_GCC_541\Debug\telemetry.o
                0x00003bf4                telemetry_pump
 .text.rb_next  0x00003ccc       0x28 .\ARM_GCC_541\Debug\hamfly_comm_rb.o
 .text.hamfly_rb_init
                0x00003cf4       0x2c .\ARM_GCC_541\Debug\hamfly_comm_rb.o
                0x00003cf4                hamfly_rb_init
 .text.hamfly_rb_push
                0x00003d20       0x64 .\ARM_GCC_541\Debug\hamfly_comm_rb.o
                0x00003d20                hamfly_rb_push
 .text.hamfly_rb_pop
                0x00003d84       0x58 .\ARM_GCC_541\Debug\hamfly_comm_rb.o
                0x00003d84                hamfly_rb_pop
 .text.load_freefly_control
                0x00003ddc       0x50 .\ARM_GCC_541\Debug\hamfly_core_gimbal.o
 .text.copy_qx287_to_telemetry
                0x00003e2c       0x1c .\ARM_GCC_541\Debug\hamfly_core_gimbal.o
 .text.drain_rb
                0x00003e48       0x44 .\ARM_GCC_541\Debug\hamfly_core_gimbal.o
 .text.hamfly_init
                0x00003e8c       0x5c .\ARM_GCC_541\Debug\hamfly_core_gimbal.o
                0x00003e8c                hamfly_init
 .text.hamfly_on_rx_byte
                0x00003ee8       0x3c .\ARM_GCC_541\Debug\hamfly_core_gimbal.o
                0x00003ee8                hamfly_on_rx_byte
 .text.hamfly_on_uart_err_flags
                0x00003f24       0x30 .\ARM_GCC_541\Debug\hamfly_core_gimbal.o
                0x00003f24                hamfly_on_uart_err_flags
 .text.hamfly_pump
                0x00003f54      0x27c .\ARM_GCC_541\Debug\hamfly_core_gimbal.o
                0x00003f54                hamfly_pump
 .text.hamfly_send_control
                0x000041d0       0x7c .\ARM_GCC_541\Debug\hamfly_core_gimbal.o
                0x000041d0                hamfly_send_control
 .text.hamfly_kill
                0x0000424c       0x3c .\ARM_GCC_541\Debug\hamfly_core_gimbal.o
                0x0000424c                hamfly_kill
 .text.hamfly_request_attr
                0x00004288       0xa8 .\ARM_GCC_541\Debug\hamfly_core_gimbal.o
                0x00004288                hamfly_request_attr
 .text.hamfly_get_telemetry
                0x00004330       0x30 .\ARM_GCC_541\Debug\hamfly_core_gimbal.o
                0x00004330                hamfly_get_telemetry
 .text.rd_be32  0x00004360       0x34 .\ARM_GCC_541\Debug\hamfly_core_telemetry.o
 .text.rd_be16  0x00004394       0x28 .\ARM_GCC_541\Debug\hamfly_core_telemetry.o
 .text.rd_be_u16
                0x000043bc       0x28 .\ARM_GCC_541\Debug\hamfly_core_telemetry.o
 .text.rd_le16  0x000043e4       0x24 .\ARM_GCC_541\Debug\hamfly_core_telemetry.o
 .text.hamfly_telemetry_to_euler
                0x00004408      0x1d4 .\ARM_GCC_541\Debug\hamfly_core_telemetry.o
                0x00004408                hamfly_telemetry_to_euler
 .text.hamfly_decode_qx287
                0x000045dc       0x68 .\ARM_GCC_541\Debug\hamfly_core_telemetry.o
                0x000045dc                hamfly_decode_qx287
 .text.hamfly_decode_gps
                0x00004644      0x1a0 .\ARM_GCC_541\Debug\hamfly_core_telemetry.o
                0x00004644                hamfly_decode_gps
 .text.hamfly_decode_baro
                0x000047e4       0x78 .\ARM_GCC_541\Debug\hamfly_core_telemetry.o
                0x000047e4                hamfly_decode_baro
 .text.hamfly_decode_attitude
                0x0000485c      0x144 .\ARM_GCC_541\Debug\hamfly_core_telemetry.o
                0x0000485c                hamfly_decode_attitude
 .text.hamfly_decode_sysstat
                0x000049a0      0x1c8 .\ARM_GCC_541\Debug\hamfly_core_telemetry.o
                0x000049a0                hamfly_decode_sysstat
 .text.hamfly_decode_mag
                0x00004b68      0x18c .\ARM_GCC_541\Debug\hamfly_core_telemetry.o
                0x00004b68                hamfly_decode_mag
 .text.hamfly_decode_sysecho
                0x00004cf4       0x7c .\ARM_GCC_541\Debug\hamfly_core_telemetry.o
                0x00004cf4                hamfly_decode_sysecho
 .text.ff_api_init
                0x00004d70       0x7c .\ARM_GCC_541\Debug\hamfly_qx_app.o
 .text.ff_api_send
                0x00004dec       0x44 .\ARM_GCC_541\Debug\hamfly_qx_app.o
 .text.QX_ParsePacket_Cli_MoVI_Ctrl_CB
                0x00004e30      0x884 .\ARM_GCC_541\Debug\hamfly_qx_app.o
 .text.QX_SendMsg2CommsPort_CB
                0x000056b4       0x64 .\ARM_GCC_541\Debug\hamfly_qx_app.o
                0x000056b4                QX_SendMsg2CommsPort_CB
 .text.QX_FwdMsg_CB
                0x00005718       0x14 .\ARM_GCC_541\Debug\hamfly_qx_app.o
                0x00005718                QX_FwdMsg_CB
 .text.QX_GetTicks_ms
                0x0000572c       0x34 .\ARM_GCC_541\Debug\hamfly_qx_app.o
                0x0000572c                QX_GetTicks_ms
 .text.QX_Parser_SetMsgPtr
                0x00005760       0x1c .\ARM_GCC_541\Debug\hamfly_qx_protocol.o
                0x00005760                QX_Parser_SetMsgPtr
 .text.QX_Parser_AdvMsgPtr
                0x0000577c       0x1c .\ARM_GCC_541\Debug\hamfly_qx_protocol.o
                0x0000577c                QX_Parser_AdvMsgPtr
 .text.QX_Parser_GetMsgPtr
                0x00005798       0x14 .\ARM_GCC_541\Debug\hamfly_qx_protocol.o
                0x00005798                QX_Parser_GetMsgPtr
 .text.QX_Parser_SetDir_Read
                0x000057ac       0x18 .\ARM_GCC_541\Debug\hamfly_qx_protocol.o
                0x000057ac                QX_Parser_SetDir_Read
 .text.QX_Parser_SetDir_WriteAbs
                0x000057c4       0x18 .\ARM_GCC_541\Debug\hamfly_qx_protocol.o
                0x000057c4                QX_Parser_SetDir_WriteAbs
 .text.AddFloatAsSignedShort
                0x000057dc       0xc8 .\ARM_GCC_541\Debug\hamfly_qx_protocol.o
                0x000057dc                AddFloatAsSignedShort
 .text.GetFloatAsSignedShort
                0x000058a4      0x170 .\ARM_GCC_541\Debug\hamfly_qx_protocol.o
                0x000058a4                GetFloatAsSignedShort
 .text.AddSignedShortAsSignedShort
                0x00005a14       0x58 .\ARM_GCC_541\Debug\hamfly_qx_protocol.o
                0x00005a14                AddSignedShortAsSignedShort
 .text.GetSignedShortAsSignedShort
                0x00005a6c      0x15c .\ARM_GCC_541\Debug\hamfly_qx_protocol.o
                0x00005a6c                GetSignedShortAsSignedShort
 .text.AddUnsignedCharAsUnsignedChar
                0x00005bc8       0x3c .\ARM_GCC_541\Debug\hamfly_qx_protocol.o
                0x00005bc8                AddUnsignedCharAsUnsignedChar
 .text.GetUnsignedCharAsUnsignedChar
                0x00005c04       0xc8 .\ARM_GCC_541\Debug\hamfly_qx_protocol.o
                0x00005c04                GetUnsignedCharAsUnsignedChar
 .text.AddUnsignedShortAsUnsignedShort
                0x00005ccc       0x54 .\ARM_GCC_541\Debug\hamfly_qx_protocol.o
                0x00005ccc                AddUnsignedShortAsUnsignedShort
 .text.GetUnsignedShortAsUnsignedShort
                0x00005d20       0xf8 .\ARM_GCC_541\Debug\hamfly_qx_protocol.o
                0x00005d20                GetUnsignedShortAsUnsignedShort
 .text.AddBitsAsByte
                0x00005e18       0xcc .\ARM_GCC_541\Debug\hamfly_qx_protocol.o
                0x00005e18                AddBitsAsByte
 .text.GetBitsAsByte
                0x00005ee4       0xdc .\ARM_GCC_541\Debug\hamfly_qx_protocol.o
                0x00005ee4                GetBitsAsByte
 .text.QX_InitMsg
                0x00005fc0       0x30 .\ARM_GCC_541\Debug\hamfly_qx_protocol.o
 .text.QX_RxMsg
                0x00005ff0       0xec .\ARM_GCC_541\Debug\hamfly_qx_protocol.o
 .text.QX_Srv_Rx_Read
                0x000060dc       0x90 .\ARM_GCC_541\Debug\hamfly_qx_protocol.o
 .text.QX_Srv_Rx_Write
                0x0000616c       0xc4 .\ARM_GCC_541\Debug\hamfly_qx_protocol.o
 .text.QX_Cli_Rx_CurVal
                0x00006230       0x3c .\ARM_GCC_541\Debug\hamfly_qx_protocol.o
 .text.QX_TxMsg_Setup
                0x0000626c       0x4c .\ARM_GCC_541\Debug\hamfly_qx_protocol.o
 .text.QX_TxMsg_Finish
                0x000062b8      0x1dc .\ARM_GCC_541\Debug\hamfly_qx_protocol.o
 .text.QX_BuildHeader
                0x00006494      0x188 .\ARM_GCC_541\Debug\hamfly_qx_protocol.o
 .text.QX_ParseHeader
                0x0000661c      0x114 .\ARM_GCC_541\Debug\hamfly_qx_protocol.o
 .text.QX_Calc8bChecksum
                0x00006730       0x3c .\ARM_GCC_541\Debug\hamfly_qx_protocol.o
 .text.QX_AddExtdValToBuf
                0x0000676c       0x88 .\ARM_GCC_541\Debug\hamfly_qx_protocol.o
 .text.QX_GetExtdValFromBuf
                0x000067f4       0x6c .\ARM_GCC_541\Debug\hamfly_qx_protocol.o
 .text.QX_compute_crc32
                0x00006860       0x4c .\ARM_GCC_541\Debug\hamfly_qx_protocol.o
 .text.QX_accumulate_crc32
                0x000068ac       0x54 .\ARM_GCC_541\Debug\hamfly_qx_protocol.o
                0x000068ac                QX_accumulate_crc32
 .text.QX_InitCli
                0x00006900       0x24 .\ARM_GCC_541\Debug\hamfly_qx_protocol.o
                0x00006900                QX_InitCli
 .text.QX_InitTxOptions
                0x00006924       0x3c .\ARM_GCC_541\Debug\hamfly_qx_protocol.o
                0x00006924                QX_InitTxOptions
 .text.QX_SendPacket_Srv_CurVal
                0x00006960       0x98 .\ARM_GCC_541\Debug\hamfly_qx_protocol.o
                0x00006960                QX_SendPacket_Srv_CurVal
 .text.QX_SendPacket_Cli_Read
                0x000069f8       0x80 .\ARM_GCC_541\Debug\hamfly_qx_protocol.o
                0x000069f8                QX_SendPacket_Cli_Read
 .text.QX_SendPacket_Cli_WriteABS
                0x00006a78       0x98 .\ARM_GCC_541\Debug\hamfly_qx_protocol.o
                0x00006a78                QX_SendPacket_Cli_WriteABS
 .text.QX_StreamRxCharSM
                0x00006b10      0x6e0 .\ARM_GCC_541\Debug\hamfly_qx_protocol.o
                0x00006b10                QX_StreamRxCharSM
 .text.CYMEMZERO
                0x000071f0       0x1c .\ARM_GCC_541\Debug\cyfitter_cfg.o
 .text.CYCONFIGCPY
                0x0000720c       0x20 .\ARM_GCC_541\Debug\cyfitter_cfg.o
 .text.CyClockStartupError
                0x0000722c        0xc .\ARM_GCC_541\Debug\cyfitter_cfg.o
 .text.cfg_write_bytes32
                0x00007238       0x74 .\ARM_GCC_541\Debug\cyfitter_cfg.o
 .text.ClockSetup
                0x000072ac      0x180 .\ARM_GCC_541\Debug\cyfitter_cfg.o
 .text.AnalogSetDefault
                0x0000742c       0x44 .\ARM_GCC_541\Debug\cyfitter_cfg.o
 .text.AMux_1_Set
                0x00007470       0x6c .\ARM_GCC_541\Debug\cyfitter_cfg.o
                0x00007470                AMux_1_Set
 .text.AMux_1_Unset
                0x000074dc       0x74 .\ARM_GCC_541\Debug\cyfitter_cfg.o
                0x000074dc                AMux_1_Unset
 .text.ADC_DelSig_1_AMux_Set
                0x00007550       0x40 .\ARM_GCC_541\Debug\cyfitter_cfg.o
                0x00007550                ADC_DelSig_1_AMux_Set
 .text.ADC_DelSig_1_AMux_Unset
                0x00007590       0x44 .\ARM_GCC_541\Debug\cyfitter_cfg.o
                0x00007590                ADC_DelSig_1_AMux_Unset
 .text.cyfitter_cfg
                0x000075d4      0x1ac .\ARM_GCC_541\Debug\cyfitter_cfg.o
                0x000075d4                cyfitter_cfg
 .text.IntDefaultHandler
                0x00007780       0x14 .\ARM_GCC_541\Debug\Cm3Start.o
                0x00007780                IntDefaultHandler
 .text._sbrk    0x00007794       0x50 .\ARM_GCC_541\Debug\Cm3Start.o
                0x00007794                _sbrk
 .text.Start_c  0x000077e4       0x98 .\ARM_GCC_541\Debug\Cm3Start.o
                0x000077e4                Start_c
 .text.initialize_psoc
                0x0000787c       0x90 .\ARM_GCC_541\Debug\Cm3Start.o
                0x0000787c                initialize_psoc
 .text.ADC_DelSig_1_Init
                0x0000790c      0x11c .\ARM_GCC_541\Debug\Proj07_hamflyAPI_stateMachineUpgrade.a(ADC_DelSig_1.o)
                0x0000790c                ADC_DelSig_1_Init
 .text.ADC_DelSig_1_Enable
                0x00007a28      0x158 .\ARM_GCC_541\Debug\Proj07_hamflyAPI_stateMachineUpgrade.a(ADC_DelSig_1.o)
                0x00007a28                ADC_DelSig_1_Enable
 .text.ADC_DelSig_1_Start
                0x00007b80       0x30 .\ARM_GCC_541\Debug\Proj07_hamflyAPI_stateMachineUpgrade.a(ADC_DelSig_1.o)
                0x00007b80                ADC_DelSig_1_Start
 .text.ADC_DelSig_1_StartConvert
                0x00007bb0       0x20 .\ARM_GCC_541\Debug\Proj07_hamflyAPI_stateMachineUpgrade.a(ADC_DelSig_1.o)
                0x00007bb0                ADC_DelSig_1_StartConvert
 .text.ADC_DelSig_1_StopConvert
                0x00007bd0       0x20 .\ARM_GCC_541\Debug\Proj07_hamflyAPI_stateMachineUpgrade.a(ADC_DelSig_1.o)
                0x00007bd0                ADC_DelSig_1_StopConvert
 .text.ADC_DelSig_1_GetResult16
                0x00007bf0       0x7c .\ARM_GCC_541\Debug\Proj07_hamflyAPI_stateMachineUpgrade.a(ADC_DelSig_1.o)
                0x00007bf0                ADC_DelSig_1_GetResult16
 .text.ADC_DelSig_1_InitConfig
                0x00007c6c      0x164 .\ARM_GCC_541\Debug\Proj07_hamflyAPI_stateMachineUpgrade.a(ADC_DelSig_1.o)
 .text.ADC_DelSig_1_GainCompensation
                0x00007dd0      0x170 .\ARM_GCC_541\Debug\Proj07_hamflyAPI_stateMachineUpgrade.a(ADC_DelSig_1.o)
 .text.ADC_DelSig_1_SetDSMRef0Reg
                0x00007f40       0x7c .\ARM_GCC_541\Debug\Proj07_hamflyAPI_stateMachineUpgrade.a(ADC_DelSig_1.o)
 .text.ADC_DelSig_1_ISR1
                0x00007fbc        0xc .\ARM_GCC_541\Debug\Proj07_hamflyAPI_stateMachineUpgrade.a(ADC_DelSig_1_INT.o)
                0x00007fbc                ADC_DelSig_1_ISR1
 .text.AMux_1_Start
                0x00007fc8       0x34 .\ARM_GCC_541\Debug\Proj07_hamflyAPI_stateMachineUpgrade.a(AMux_1.o)
                0x00007fc8                AMux_1_Start
 .text.AMux_1_FastSelect
                0x00007ffc       0x38 .\ARM_GCC_541\Debug\Proj07_hamflyAPI_stateMachineUpgrade.a(AMux_1.o)
                0x00007ffc                AMux_1_FastSelect
 .text.isr_adc_StartEx
                0x00008034       0x24 .\ARM_GCC_541\Debug\Proj07_hamflyAPI_stateMachineUpgrade.a(isr_adc.o)
                0x00008034                isr_adc_StartEx
 .text.isr_adc_SetVector
                0x00008058       0x24 .\ARM_GCC_541\Debug\Proj07_hamflyAPI_stateMachineUpgrade.a(isr_adc.o)
                0x00008058                isr_adc_SetVector
 .text.isr_adc_SetPriority
                0x0000807c       0x24 .\ARM_GCC_541\Debug\Proj07_hamflyAPI_stateMachineUpgrade.a(isr_adc.o)
                0x0000807c                isr_adc_SetPriority
 .text.isr_adc_Enable
                0x000080a0       0x18 .\ARM_GCC_541\Debug\Proj07_hamflyAPI_stateMachineUpgrade.a(isr_adc.o)
                0x000080a0                isr_adc_Enable
 .text.isr_adc_Disable
                0x000080b8       0x18 .\ARM_GCC_541\Debug\Proj07_hamflyAPI_stateMachineUpgrade.a(isr_adc.o)
                0x000080b8                isr_adc_Disable
 .text.isr_adc_ClearPending
                0x000080d0       0x18 .\ARM_GCC_541\Debug\Proj07_hamflyAPI_stateMachineUpgrade.a(isr_adc.o)
                0x000080d0                isr_adc_ClearPending
 .text.UART_MOVI_Start
                0x000080e8       0x24 .\ARM_GCC_541\Debug\Proj07_hamflyAPI_stateMachineUpgrade.a(UART_MOVI.o)
                0x000080e8                UART_MOVI_Start
 .text.UART_MOVI_Init
                0x0000810c       0x40 .\ARM_GCC_541\Debug\Proj07_hamflyAPI_stateMachineUpgrade.a(UART_MOVI.o)
                0x0000810c                UART_MOVI_Init
 .text.UART_MOVI_Enable
                0x0000814c       0x5c .\ARM_GCC_541\Debug\Proj07_hamflyAPI_stateMachineUpgrade.a(UART_MOVI.o)
                0x0000814c                UART_MOVI_Enable
 .text.UART_MOVI_ClearRxBuffer
                0x000081a8       0x44 .\ARM_GCC_541\Debug\Proj07_hamflyAPI_stateMachineUpgrade.a(UART_MOVI.o)
                0x000081a8                UART_MOVI_ClearRxBuffer
 .text.UART_MOVI_PutChar
                0x000081ec       0x34 .\ARM_GCC_541\Debug\Proj07_hamflyAPI_stateMachineUpgrade.a(UART_MOVI.o)
                0x000081ec                UART_MOVI_PutChar
 .text.UART_MOVI_ClearTxBuffer
                0x00008220       0x44 .\ARM_GCC_541\Debug\Proj07_hamflyAPI_stateMachineUpgrade.a(UART_MOVI.o)
                0x00008220                UART_MOVI_ClearTxBuffer
 .text.isr_rx_movi_StartEx
                0x00008264       0x24 .\ARM_GCC_541\Debug\Proj07_hamflyAPI_stateMachineUpgrade.a(isr_rx_movi.o)
                0x00008264                isr_rx_movi_StartEx
 .text.isr_rx_movi_SetVector
                0x00008288       0x24 .\ARM_GCC_541\Debug\Proj07_hamflyAPI_stateMachineUpgrade.a(isr_rx_movi.o)
                0x00008288                isr_rx_movi_SetVector
 .text.isr_rx_movi_SetPriority
                0x000082ac       0x24 .\ARM_GCC_541\Debug\Proj07_hamflyAPI_stateMachineUpgrade.a(isr_rx_movi.o)
                0x000082ac                isr_rx_movi_SetPriority
 .text.isr_rx_movi_Enable
                0x000082d0       0x18 .\ARM_GCC_541\Debug\Proj07_hamflyAPI_stateMachineUpgrade.a(isr_rx_movi.o)
                0x000082d0                isr_rx_movi_Enable
 .text.isr_rx_movi_Disable
                0x000082e8       0x18 .\ARM_GCC_541\Debug\Proj07_hamflyAPI_stateMachineUpgrade.a(isr_rx_movi.o)
                0x000082e8                isr_rx_movi_Disable
 .text.Looptimer_Init
                0x00008300       0xa0 .\ARM_GCC_541\Debug\Proj07_hamflyAPI_stateMachineUpgrade.a(Looptimer.o)
                0x00008300                Looptimer_Init
 .text.Looptimer_Enable
                0x000083a0       0x48 .\ARM_GCC_541\Debug\Proj07_hamflyAPI_stateMachineUpgrade.a(Looptimer.o)
                0x000083a0                Looptimer_Enable
 .text.Looptimer_Start
                0x000083e8       0x24 .\ARM_GCC_541\Debug\Proj07_hamflyAPI_stateMachineUpgrade.a(Looptimer.o)
                0x000083e8                Looptimer_Start
 .text.Looptimer_SetInterruptMode
                0x0000840c       0x20 .\ARM_GCC_541\Debug\Proj07_hamflyAPI_stateMachineUpgrade.a(Looptimer.o)
                0x0000840c                Looptimer_SetInterruptMode
 .text.Looptimer_ReadStatusRegister
                0x0000842c       0x18 .\ARM_GCC_541\Debug\Proj07_hamflyAPI_stateMachineUpgrade.a(Looptimer.o)
                0x0000842c                Looptimer_ReadStatusRegister
 .text.Looptimer_WritePeriod
                0x00008444       0x24 .\ARM_GCC_541\Debug\Proj07_hamflyAPI_stateMachineUpgrade.a(Looptimer.o)
                0x00008444                Looptimer_WritePeriod
 .text.Looptimer_WriteCounter
                0x00008468       0x20 .\ARM_GCC_541\Debug\Proj07_hamflyAPI_stateMachineUpgrade.a(Looptimer.o)
                0x00008468                Looptimer_WriteCounter
 .text.isr_Looptimer_StartEx
                0x00008488       0x24 .\ARM_GCC_541\Debug\Proj07_hamflyAPI_stateMachineUpgrade.a(isr_Looptimer.o)
                0x00008488                isr_Looptimer_StartEx
 .text.isr_Looptimer_SetVector
                0x000084ac       0x24 .\ARM_GCC_541\Debug\Proj07_hamflyAPI_stateMachineUpgrade.a(isr_Looptimer.o)
                0x000084ac                isr_Looptimer_SetVector
 .text.isr_Looptimer_SetPriority
                0x000084d0       0x24 .\ARM_GCC_541\Debug\Proj07_hamflyAPI_stateMachineUpgrade.a(isr_Looptimer.o)
                0x000084d0                isr_Looptimer_SetPriority
 .text.isr_Looptimer_Enable
                0x000084f4       0x18 .\ARM_GCC_541\Debug\Proj07_hamflyAPI_stateMachineUpgrade.a(isr_Looptimer.o)
                0x000084f4                isr_Looptimer_Enable
 .text.isr_Looptimer_Disable
                0x0000850c       0x18 .\ARM_GCC_541\Debug\Proj07_hamflyAPI_stateMachineUpgrade.a(isr_Looptimer.o)
                0x0000850c                isr_Looptimer_Disable
 .text.EEPROM_CONFIG_Enable
                0x00008524       0x10 .\ARM_GCC_541\Debug\Proj07_hamflyAPI_stateMachineUpgrade.a(EEPROM_CONFIG.o)
                0x00008524                EEPROM_CONFIG_Enable
 .text.EEPROM_CONFIG_Start
                0x00008534        0xc .\ARM_GCC_541\Debug\Proj07_hamflyAPI_stateMachineUpgrade.a(EEPROM_CONFIG.o)
                0x00008534                EEPROM_CONFIG_Start
 .text.ADC_DelSig_1_AMux_Start
                0x00008540       0x34 .\ARM_GCC_541\Debug\Proj07_hamflyAPI_stateMachineUpgrade.a(ADC_DelSig_1_AMux.o)
                0x00008540                ADC_DelSig_1_AMux_Start
 .text.ADC_DelSig_1_AMux_Select
                0x00008574       0x28 .\ARM_GCC_541\Debug\Proj07_hamflyAPI_stateMachineUpgrade.a(ADC_DelSig_1_AMux.o)
                0x00008574                ADC_DelSig_1_AMux_Select
 .text.ADC_DelSig_1_Ext_CP_Clk_SetDividerRegister
                0x0000859c      0x164 .\ARM_GCC_541\Debug\Proj07_hamflyAPI_stateMachineUpgrade.a(ADC_DelSig_1_Ext_CP_Clk.o)
                0x0000859c                ADC_DelSig_1_Ext_CP_Clk_SetDividerRegister
 .text.ADC_DelSig_1_Ext_CP_Clk_GetDividerRegister
                0x00008700       0x18 .\ARM_GCC_541\Debug\Proj07_hamflyAPI_stateMachineUpgrade.a(ADC_DelSig_1_Ext_CP_Clk.o)
                0x00008700                ADC_DelSig_1_Ext_CP_Clk_GetDividerRegister
 .text.ADC_DelSig_1_Ext_CP_Clk_SetModeRegister
                0x00008718       0x34 .\ARM_GCC_541\Debug\Proj07_hamflyAPI_stateMachineUpgrade.a(ADC_DelSig_1_Ext_CP_Clk.o)
                0x00008718                ADC_DelSig_1_Ext_CP_Clk_SetModeRegister
 .text.ADC_DelSig_1_Ext_CP_Clk_GetSourceRegister
                0x0000874c       0x1c .\ARM_GCC_541\Debug\Proj07_hamflyAPI_stateMachineUpgrade.a(ADC_DelSig_1_Ext_CP_Clk.o)
                0x0000874c                ADC_DelSig_1_Ext_CP_Clk_GetSourceRegister
 .text.ADC_DelSig_1_theACLK_SetDividerRegister
                0x00008768      0x164 .\ARM_GCC_541\Debug\Proj07_hamflyAPI_stateMachineUpgrade.a(ADC_DelSig_1_theACLK.o)
                0x00008768                ADC_DelSig_1_theACLK_SetDividerRegister
 .text.ADC_DelSig_1_theACLK_GetDividerRegister
                0x000088cc       0x18 .\ARM_GCC_541\Debug\Proj07_hamflyAPI_stateMachineUpgrade.a(ADC_DelSig_1_theACLK.o)
                0x000088cc                ADC_DelSig_1_theACLK_GetDividerRegister
 .text.ADC_DelSig_1_theACLK_SetModeRegister
                0x000088e4       0x34 .\ARM_GCC_541\Debug\Proj07_hamflyAPI_stateMachineUpgrade.a(ADC_DelSig_1_theACLK.o)
                0x000088e4                ADC_DelSig_1_theACLK_SetModeRegister
 .text.ADC_DelSig_1_theACLK_GetSourceRegister
                0x00008918       0x1c .\ARM_GCC_541\Debug\Proj07_hamflyAPI_stateMachineUpgrade.a(ADC_DelSig_1_theACLK.o)
                0x00008918                ADC_DelSig_1_theACLK_GetSourceRegister
 .text.CySetTempInt
                0x00008934       0x7c .\ARM_GCC_541\Debug\Proj07_hamflyAPI_stateMachineUpgrade.a(CyFlash.o)
 .text.CyFlashGetSpcAlgorithm
                0x000089b0       0x70 .\ARM_GCC_541\Debug\Proj07_hamflyAPI_stateMachineUpgrade.a(CyFlash.o)
                0x000089b0                CyFlashGetSpcAlgorithm
 .text.CySetTemp
                0x00008a20       0x24 .\ARM_GCC_541\Debug\Proj07_hamflyAPI_stateMachineUpgrade.a(CyFlash.o)
                0x00008a20                CySetTemp
 .text.CyEEPROM_Start
                0x00008a44       0x8c .\ARM_GCC_541\Debug\Proj07_hamflyAPI_stateMachineUpgrade.a(CyFlash.o)
                0x00008a44                CyEEPROM_Start
 .text.CyHalt   0x00008ad0       0x18 .\ARM_GCC_541\Debug\Proj07_hamflyAPI_stateMachineUpgrade.a(CyLib.o)
                0x00008ad0                CyHalt
 .text.CyDelayUs
                0x00008ae8       0x28 .\ARM_GCC_541\Debug\Proj07_hamflyAPI_stateMachineUpgrade.a(CyLib.o)
                0x00008ae8                CyDelayUs
 .text.CyIntSetVector
                0x00008b10       0x50 .\ARM_GCC_541\Debug\Proj07_hamflyAPI_stateMachineUpgrade.a(CyLib.o)
                0x00008b10                CyIntSetVector
 .text.CyIntSetPriority
                0x00008b60       0x48 .\ARM_GCC_541\Debug\Proj07_hamflyAPI_stateMachineUpgrade.a(CyLib.o)
                0x00008b60                CyIntSetPriority
 .text.CySpcStart
                0x00008ba8       0x48 .\ARM_GCC_541\Debug\Proj07_hamflyAPI_stateMachineUpgrade.a(CySpc.o)
                0x00008ba8                CySpcStart
 .text.CySpcReadData
                0x00008bf0       0x54 .\ARM_GCC_541\Debug\Proj07_hamflyAPI_stateMachineUpgrade.a(CySpc.o)
                0x00008bf0                CySpcReadData
 .text.CySpcGetTemp
                0x00008c44       0x64 .\ARM_GCC_541\Debug\Proj07_hamflyAPI_stateMachineUpgrade.a(CySpc.o)
                0x00008c44                CySpcGetTemp
 .text.CySpcLock
                0x00008ca8       0x68 .\ARM_GCC_541\Debug\Proj07_hamflyAPI_stateMachineUpgrade.a(CySpc.o)
                0x00008ca8                CySpcLock
 .text.CySpcUnlock
                0x00008d10       0x50 .\ARM_GCC_541\Debug\Proj07_hamflyAPI_stateMachineUpgrade.a(CySpc.o)
                0x00008d10                CySpcUnlock
 .text.CySpcGetAlgorithm
                0x00008d60       0x44 .\ARM_GCC_541\Debug\Proj07_hamflyAPI_stateMachineUpgrade.a(CySpc.o)
                0x00008d60                CySpcGetAlgorithm
 .text.UART_DEBUG_Start
                0x00008da4       0x24 .\ARM_GCC_541\Debug\Proj07_hamflyAPI_stateMachineUpgrade.a(UART_DEBUG.o)
                0x00008da4                UART_DEBUG_Start
 .text.UART_DEBUG_Init
                0x00008dc8       0x40 .\ARM_GCC_541\Debug\Proj07_hamflyAPI_stateMachineUpgrade.a(UART_DEBUG.o)
                0x00008dc8                UART_DEBUG_Init
 .text.UART_DEBUG_Enable
                0x00008e08       0x60 .\ARM_GCC_541\Debug\Proj07_hamflyAPI_stateMachineUpgrade.a(UART_DEBUG.o)
                0x00008e08                UART_DEBUG_Enable
 .text.UART_DEBUG_GetChar
                0x00008e68       0x44 .\ARM_GCC_541\Debug\Proj07_hamflyAPI_stateMachineUpgrade.a(UART_DEBUG.o)
                0x00008e68                UART_DEBUG_GetChar
 .text.UART_DEBUG_PutChar
                0x00008eac       0x34 .\ARM_GCC_541\Debug\Proj07_hamflyAPI_stateMachineUpgrade.a(UART_DEBUG.o)
                0x00008eac                UART_DEBUG_PutChar
 .text.UART_DEBUG_PutString
                0x00008ee0       0x44 .\ARM_GCC_541\Debug\Proj07_hamflyAPI_stateMachineUpgrade.a(UART_DEBUG.o)
                0x00008ee0                UART_DEBUG_PutString
 .text.UART_DEBUG_IntClock_Start
                0x00008f24       0x34 .\ARM_GCC_541\Debug\Proj07_hamflyAPI_stateMachineUpgrade.a(UART_DEBUG_IntClock.o)
                0x00008f24                UART_DEBUG_IntClock_Start
 .text.UART_SBC_Start
                0x00008f58       0x24 .\ARM_GCC_541\Debug\Proj07_hamflyAPI_stateMachineUpgrade.a(UART_SBC.o)
                0x00008f58                UART_SBC_Start
 .text.UART_SBC_Init
                0x00008f7c       0x40 .\ARM_GCC_541\Debug\Proj07_hamflyAPI_stateMachineUpgrade.a(UART_SBC.o)
                0x00008f7c                UART_SBC_Init
 .text.UART_SBC_Enable
                0x00008fbc       0x60 .\ARM_GCC_541\Debug\Proj07_hamflyAPI_stateMachineUpgrade.a(UART_SBC.o)
                0x00008fbc                UART_SBC_Enable
 .text.UART_SBC_ClearRxBuffer
                0x0000901c       0x44 .\ARM_GCC_541\Debug\Proj07_hamflyAPI_stateMachineUpgrade.a(UART_SBC.o)
                0x0000901c                UART_SBC_ClearRxBuffer
 .text.UART_SBC_PutChar
                0x00009060       0x34 .\ARM_GCC_541\Debug\Proj07_hamflyAPI_stateMachineUpgrade.a(UART_SBC.o)
                0x00009060                UART_SBC_PutChar
 .text.UART_SBC_ClearTxBuffer
                0x00009094       0x44 .\ARM_GCC_541\Debug\Proj07_hamflyAPI_stateMachineUpgrade.a(UART_SBC.o)
                0x00009094                UART_SBC_ClearTxBuffer
 .text.isr_rx_sbc_StartEx
                0x000090d8       0x24 .\ARM_GCC_541\Debug\Proj07_hamflyAPI_stateMachineUpgrade.a(isr_rx_sbc.o)
                0x000090d8                isr_rx_sbc_StartEx
 .text.isr_rx_sbc_SetVector
                0x000090fc       0x24 .\ARM_GCC_541\Debug\Proj07_hamflyAPI_stateMachineUpgrade.a(isr_rx_sbc.o)
                0x000090fc                isr_rx_sbc_SetVector
 .text.isr_rx_sbc_SetPriority
                0x00009120       0x24 .\ARM_GCC_541\Debug\Proj07_hamflyAPI_stateMachineUpgrade.a(isr_rx_sbc.o)
                0x00009120                isr_rx_sbc_SetPriority
 .text.isr_rx_sbc_Enable
                0x00009144       0x18 .\ARM_GCC_541\Debug\Proj07_hamflyAPI_stateMachineUpgrade.a(isr_rx_sbc.o)
                0x00009144                isr_rx_sbc_Enable
 .text.isr_rx_sbc_Disable
                0x0000915c       0x18 .\ARM_GCC_541\Debug\Proj07_hamflyAPI_stateMachineUpgrade.a(isr_rx_sbc.o)
                0x0000915c                isr_rx_sbc_Disable
 .text.UART_SBC_IntClock_Start
                0x00009174       0x34 .\ARM_GCC_541\Debug\Proj07_hamflyAPI_stateMachineUpgrade.a(UART_SBC_IntClock.o)
                0x00009174                UART_SBC_IntClock_Start
 .text          0x000091a8       0x54 .\ARM_GCC_541\Debug\Proj07_hamflyAPI_stateMachineUpgrade.a(CyBootAsmGnu.o)
                0x000091a8                CyDelayCycles
                0x000091e6                CyEnterCriticalSection
                0x000091ee                CyExitCriticalSection
 .text.cosf     0x000091fc       0x78 c:/program files (x86)/cypress/psoc creator/4.4/psoc creator/import/gnu/arm/5.4.1/bin/../lib/gcc/arm-none-eabi/5.4.1/../../../../arm-none-eabi/lib/armv7-m\libm.a(lib_a-sf_cos.o)
                0x000091fc                cosf
 .text.sinf     0x00009274       0x7c c:/program files (x86)/cypress/psoc creator/4.4/psoc creator/import/gnu/arm/5.4.1/bin/../lib/gcc/arm-none-eabi/5.4.1/../../../../arm-none-eabi/lib/armv7-m\libm.a(lib_a-sf_sin.o)
                0x00009274                sinf
 .text.asinf    0x000092f0       0xa4 c:/program files (x86)/cypress/psoc creator/4.4/psoc creator/import/gnu/arm/5.4.1/bin/../lib/gcc/arm-none-eabi/5.4.1/../../../../arm-none-eabi/lib/armv7-m\libm.a(lib_a-wf_asin.o)
                0x000092f0                asinf
 .text.atan2f   0x00009394        0x4 c:/program files (x86)/cypress/psoc creator/4.4/psoc creator/import/gnu/arm/5.4.1/bin/../lib/gcc/arm-none-eabi/5.4.1/../../../../arm-none-eabi/lib/armv7-m\libm.a(lib_a-wf_atan2.o)
                0x00009394                atan2f
 .text.sqrtf    0x00009398       0x9c c:/program files (x86)/cypress/psoc creator/4.4/psoc creator/import/gnu/arm/5.4.1/bin/../lib/gcc/arm-none-eabi/5.4.1/../../../../arm-none-eabi/lib/armv7-m\libm.a(lib_a-wf_sqrt.o)
                0x00009398                sqrtf
 .text.__ieee754_asinf
                0x00009434      0x294 c:/program files (x86)/cypress/psoc creator/4.4/psoc creator/import/gnu/arm/5.4.1/bin/../lib/gcc/arm-none-eabi/5.4.1/../../../../arm-none-eabi/lib/armv7-m\libm.a(lib_a-ef_asin.o)
                0x00009434                __ieee754_asinf
 .text.__ieee754_atan2f
                0x000096c8      0x124 c:/program files (x86)/cypress/psoc creator/4.4/psoc creator/import/gnu/arm/5.4.1/bin/../lib/gcc/arm-none-eabi/5.4.1/../../../../arm-none-eabi/lib/armv7-m\libm.a(lib_a-ef_atan2.o)
                0x000096c8                __ieee754_atan2f
 .text.__ieee754_rem_pio2f
                0x000097ec      0x2e4 c:/program files (x86)/cypress/psoc creator/4.4/psoc creator/import/gnu/arm/5.4.1/bin/../lib/gcc/arm-none-eabi/5.4.1/../../../../arm-none-eabi/lib/armv7-m\libm.a(lib_a-ef_rem_pio2.o)
                0x000097ec                __ieee754_rem_pio2f
 .text.__ieee754_sqrtf
                0x00009ad0       0xa8 c:/program files (x86)/cypress/psoc creator/4.4/psoc creator/import/gnu/arm/5.4.1/bin/../lib/gcc/arm-none-eabi/5.4.1/../../../../arm-none-eabi/lib/armv7-m\libm.a(lib_a-ef_sqrt.o)
                0x00009ad0                __ieee754_sqrtf
 .text.__kernel_cosf
                0x00009b78      0x188 c:/program files (x86)/cypress/psoc creator/4.4/psoc creator/import/gnu/arm/5.4.1/bin/../lib/gcc/arm-none-eabi/5.4.1/../../../../arm-none-eabi/lib/armv7-m\libm.a(lib_a-kf_cos.o)
                0x00009b78                __kernel_cosf
 .text.__kernel_rem_pio2f
                0x00009d00      0x6a0 c:/program files (x86)/cypress/psoc creator/4.4/psoc creator/import/gnu/arm/5.4.1/bin/../lib/gcc/arm-none-eabi/5.4.1/../../../../arm-none-eabi/lib/armv7-m\libm.a(lib_a-kf_rem_pio2.o)
                0x00009d00                __kernel_rem_pio2f
 .text.__kernel_sinf
                0x0000a3a0       0xec c:/program files (x86)/cypress/psoc creator/4.4/psoc creator/import/gnu/arm/5.4.1/bin/../lib/gcc/arm-none-eabi/5.4.1/../../../../arm-none-eabi/lib/armv7-m\libm.a(lib_a-kf_sin.o)
                0x0000a3a0                __kernel_sinf
 .text.matherr  0x0000a48c        0x4 c:/program files (x86)/cypress/psoc creator/4.4/psoc creator/import/gnu/arm/5.4.1/bin/../lib/gcc/arm-none-eabi/5.4.1/../../../../arm-none-eabi/lib/armv7-m\libm.a(lib_a-s_matherr.o)
                0x0000a48c                matherr
 .text.nan      0x0000a490        0xc c:/program files (x86)/cypress/psoc creator/4.4/psoc creator/import/gnu/arm/5.4.1/bin/../lib/gcc/arm-none-eabi/5.4.1/../../../../arm-none-eabi/lib/armv7-m\libm.a(lib_a-s_nan.o)
                0x0000a490                nan
 .text.atanf    0x0000a49c      0x22c c:/program files (x86)/cypress/psoc creator/4.4/psoc creator/import/gnu/arm/5.4.1/bin/../lib/gcc/arm-none-eabi/5.4.1/../../../../arm-none-eabi/lib/armv7-m\libm.a(lib_a-sf_atan.o)
                0x0000a49c                atanf
 .text.fabsf    0x0000a6c8        0x8 c:/program files (x86)/cypress/psoc creator/4.4/psoc creator/import/gnu/arm/5.4.1/bin/../lib/gcc/arm-none-eabi/5.4.1/../../../../arm-none-eabi/lib/armv7-m\libm.a(lib_a-sf_fabs.o)
                0x0000a6c8                fabsf
 .text.floorf   0x0000a6d0       0x8c c:/program files (x86)/cypress/psoc creator/4.4/psoc creator/import/gnu/arm/5.4.1/bin/../lib/gcc/arm-none-eabi/5.4.1/../../../../arm-none-eabi/lib/armv7-m\libm.a(lib_a-sf_floor.o)
                0x0000a6d0                floorf
 .text.scalbnf  0x0000a75c       0xb0 c:/program files (x86)/cypress/psoc creator/4.4/psoc creator/import/gnu/arm/5.4.1/bin/../lib/gcc/arm-none-eabi/5.4.1/../../../../arm-none-eabi/lib/armv7-m\libm.a(lib_a-sf_scalbn.o)
                0x0000a75c                scalbnf
 .text.copysignf
                0x0000a80c        0xc c:/program files (x86)/cypress/psoc creator/4.4/psoc creator/import/gnu/arm/5.4.1/bin/../lib/gcc/arm-none-eabi/5.4.1/../../../../arm-none-eabi/lib/armv7-m\libm.a(lib_a-sf_copysign.o)
                0x0000a80c                copysignf
 .text          0x0000a818      0x370 c:/program files (x86)/cypress/psoc creator/4.4/psoc creator/import/gnu/arm/5.4.1/bin/../lib/gcc/arm-none-eabi/5.4.1/armv7-m\libgcc.a(_arm_addsubdf3.o)
                0x0000a818                __aeabi_drsub
                0x0000a820                __aeabi_dsub
                0x0000a820                __subdf3
                0x0000a824                __aeabi_dadd
                0x0000a824                __adddf3
                0x0000aa9c                __floatunsidf
                0x0000aa9c                __aeabi_ui2d
                0x0000aabc                __floatsidf
                0x0000aabc                __aeabi_i2d
                0x0000aae0                __aeabi_f2d
                0x0000aae0                __extendsfdf2
                0x0000ab1c                __floatundidf
                0x0000ab1c                __aeabi_ul2d
                0x0000ab2c                __floatdidf
                0x0000ab2c                __aeabi_l2d
 .text          0x0000ab88      0x424 c:/program files (x86)/cypress/psoc creator/4.4/psoc creator/import/gnu/arm/5.4.1/bin/../lib/gcc/arm-none-eabi/5.4.1/armv7-m\libgcc.a(_arm_muldivdf3.o)
                0x0000ab88                __aeabi_dmul
                0x0000ab88                __muldf3
                0x0000addc                __divdf3
                0x0000addc                __aeabi_ddiv
 .text          0x0000afac      0x110 c:/program files (x86)/cypress/psoc creator/4.4/psoc creator/import/gnu/arm/5.4.1/bin/../lib/gcc/arm-none-eabi/5.4.1/armv7-m\libgcc.a(_arm_cmpdf2.o)
                0x0000afac                __gtdf2
                0x0000afac                __gedf2
                0x0000afb4                __ltdf2
                0x0000afb4                __ledf2
                0x0000afbc                __nedf2
                0x0000afbc                __eqdf2
                0x0000afbc                __cmpdf2
                0x0000b038                __aeabi_cdrcmple
                0x0000b048                __aeabi_cdcmpeq
                0x0000b048                __aeabi_cdcmple
                0x0000b058                __aeabi_dcmpeq
                0x0000b06c                __aeabi_dcmplt
                0x0000b080                __aeabi_dcmple
                0x0000b094                __aeabi_dcmpge
                0x0000b0a8                __aeabi_dcmpgt
 .text          0x0000b0bc       0x2c c:/program files (x86)/cypress/psoc creator/4.4/psoc creator/import/gnu/arm/5.4.1/bin/../lib/gcc/arm-none-eabi/5.4.1/armv7-m\libgcc.a(_arm_unorddf2.o)
                0x0000b0bc                __unorddf2
                0x0000b0bc                __aeabi_dcmpun
 .text          0x0000b0e8       0x50 c:/program files (x86)/cypress/psoc creator/4.4/psoc creator/import/gnu/arm/5.4.1/bin/../lib/gcc/arm-none-eabi/5.4.1/armv7-m\libgcc.a(_arm_fixdfsi.o)
                0x0000b0e8                __aeabi_d2iz
                0x0000b0e8                __fixdfsi
 .text          0x0000b138       0xa0 c:/program files (x86)/cypress/psoc creator/4.4/psoc creator/import/gnu/arm/5.4.1/bin/../lib/gcc/arm-none-eabi/5.4.1/armv7-m\libgcc.a(_arm_truncdfsf2.o)
                0x0000b138                __truncdfsf2
                0x0000b138                __aeabi_d2f
 .text          0x0000b1d8      0x21c c:/program files (x86)/cypress/psoc creator/4.4/psoc creator/import/gnu/arm/5.4.1/bin/../lib/gcc/arm-none-eabi/5.4.1/armv7-m\libgcc.a(_arm_addsubsf3.o)
                0x0000b1d8                __aeabi_frsub
                0x0000b1e0                __subsf3
                0x0000b1e0                __aeabi_fsub
                0x0000b1e4                __aeabi_fadd
                0x0000b1e4                __addsf3
                0x0000b344                __aeabi_ui2f
                0x0000b344                __floatunsisf
                0x0000b34c                __aeabi_i2f
                0x0000b34c                __floatsisf
                0x0000b368                __aeabi_ul2f
                0x0000b368                __floatundisf
                0x0000b378                __aeabi_l2f
                0x0000b378                __floatdisf
 .text          0x0000b3f4      0x2a0 c:/program files (x86)/cypress/psoc creator/4.4/psoc creator/import/gnu/arm/5.4.1/bin/../lib/gcc/arm-none-eabi/5.4.1/armv7-m\libgcc.a(_arm_muldivsf3.o)
                0x0000b3f4                __mulsf3
                0x0000b3f4                __aeabi_fmul
                0x0000b55c                __aeabi_fdiv
                0x0000b55c                __divsf3
 .text          0x0000b694       0xec c:/program files (x86)/cypress/psoc creator/4.4/psoc creator/import/gnu/arm/5.4.1/bin/../lib/gcc/arm-none-eabi/5.4.1/armv7-m\libgcc.a(_arm_cmpsf2.o)
                0x0000b694                __gesf2
                0x0000b694                __gtsf2
                0x0000b69c                __lesf2
                0x0000b69c                __ltsf2
                0x0000b6a4                __nesf2
                0x0000b6a4                __eqsf2
                0x0000b6a4                __cmpsf2
                0x0000b704                __aeabi_cfrcmple
                0x0000b70c                __aeabi_cfcmpeq
                0x0000b70c                __aeabi_cfcmple
                0x0000b71c                __aeabi_fcmpeq
                0x0000b730                __aeabi_fcmplt
                0x0000b744                __aeabi_fcmple
                0x0000b758                __aeabi_fcmpge
                0x0000b76c                __aeabi_fcmpgt
 .text          0x0000b780       0x2c c:/program files (x86)/cypress/psoc creator/4.4/psoc creator/import/gnu/arm/5.4.1/bin/../lib/gcc/arm-none-eabi/5.4.1/armv7-m\libgcc.a(_arm_unordsf2.o)
                0x0000b780                __unordsf2
                0x0000b780                __aeabi_fcmpun
 .text          0x0000b7ac       0x4c c:/program files (x86)/cypress/psoc creator/4.4/psoc creator/import/gnu/arm/5.4.1/bin/../lib/gcc/arm-none-eabi/5.4.1/armv7-m\libgcc.a(_arm_fixsfsi.o)
                0x0000b7ac                __aeabi_f2iz
                0x0000b7ac                __fixsfsi
 .text          0x0000b7f8       0x40 c:/program files (x86)/cypress/psoc creator/4.4/psoc creator/import/gnu/arm/5.4.1/bin/../lib/gcc/arm-none-eabi/5.4.1/armv7-m\libgcc.a(_arm_fixunssfsi.o)
                0x0000b7f8                __fixunssfsi
                0x0000b7f8                __aeabi_f2uiz
 .text.__errno  0x0000b838        0xc c:/program files (x86)/cypress/psoc creator/4.4/psoc creator/import/gnu/arm/5.4.1/bin/../lib/gcc/arm-none-eabi/5.4.1/../../../../arm-none-eabi/lib/armv7-m\libg_nano.a(lib_a-errno.o)
                0x0000b838                __errno
 .text.__libc_init_array
                0x0000b844       0x4c c:/program files (x86)/cypress/psoc creator/4.4/psoc creator/import/gnu/arm/5.4.1/bin/../lib/gcc/arm-none-eabi/5.4.1/../../../../arm-none-eabi/lib/armv7-m\libg_nano.a(lib_a-init.o)
                0x0000b844                __libc_init_array
 .text.memcpy   0x0000b890       0x16 c:/program files (x86)/cypress/psoc creator/4.4/psoc creator/import/gnu/arm/5.4.1/bin/../lib/gcc/arm-none-eabi/5.4.1/../../../../arm-none-eabi/lib/armv7-m\libg_nano.a(lib_a-memcpy-stub.o)
                0x0000b890                memcpy
 .text.memset   0x0000b8a6       0x10 c:/program files (x86)/cypress/psoc creator/4.4/psoc creator/import/gnu/arm/5.4.1/bin/../lib/gcc/arm-none-eabi/5.4.1/../../../../arm-none-eabi/lib/armv7-m\libg_nano.a(lib_a-memset.o)
                0x0000b8a6                memset
 .text.__cvt    0x0000b8b6       0xc0 c:/program files (x86)/cypress/psoc creator/4.4/psoc creator/import/gnu/arm/5.4.1/bin/../lib/gcc/arm-none-eabi/5.4.1/../../../../arm-none-eabi/lib/armv7-m\libg_nano.a(lib_a-nano-vfprintf_float.o)
                0x0000b8b6                __cvt
 .text.__exponent
                0x0000b976       0x62 c:/program files (x86)/cypress/psoc creator/4.4/psoc creator/import/gnu/arm/5.4.1/bin/../lib/gcc/arm-none-eabi/5.4.1/../../../../arm-none-eabi/lib/armv7-m\libg_nano.a(lib_a-nano-vfprintf_float.o)
                0x0000b976                __exponent
 .text._printf_float
                0x0000b9d8      0x488 c:/program files (x86)/cypress/psoc creator/4.4/psoc creator/import/gnu/arm/5.4.1/bin/../lib/gcc/arm-none-eabi/5.4.1/../../../../arm-none-eabi/lib/armv7-m\libg_nano.a(lib_a-nano-vfprintf_float.o)
                0x0000b9d8                _printf_float
 .text._printf_common
                0x0000be60       0xec c:/program files (x86)/cypress/psoc creator/4.4/psoc creator/import/gnu/arm/5.4.1/bin/../lib/gcc/arm-none-eabi/5.4.1/../../../../arm-none-eabi/lib/armv7-m\libg_nano.a(lib_a-nano-vfprintf_i.o)
                0x0000be60                _printf_common
 .text._printf_i
                0x0000bf4c      0x24c c:/program files (x86)/cypress/psoc creator/4.4/psoc creator/import/gnu/arm/5.4.1/bin/../lib/gcc/arm-none-eabi/5.4.1/../../../../arm-none-eabi/lib/armv7-m\libg_nano.a(lib_a-nano-vfprintf_i.o)
                0x0000bf4c                _printf_i
 .text.snprintf
                0x0000c198       0x64 c:/program files (x86)/cypress/psoc creator/4.4/psoc creator/import/gnu/arm/5.4.1/bin/../lib/gcc/arm-none-eabi/5.4.1/../../../../arm-none-eabi/lib/armv7-m\libg_nano.a(lib_a-snprintf.o)
                0x0000c198                sniprintf
                0x0000c198                snprintf
 .text          0x0000c1fc       0x10 c:/program files (x86)/cypress/psoc creator/4.4/psoc creator/import/gnu/arm/5.4.1/bin/../lib/gcc/arm-none-eabi/5.4.1/../../../../arm-none-eabi/lib/armv7-m\libg_nano.a(lib_a-strlen.o)
                0x0000c1fc                strlen
 .text.quorem   0x0000c20c      0x116 c:/program files (x86)/cypress/psoc creator/4.4/psoc creator/import/gnu/arm/5.4.1/bin/../lib/gcc/arm-none-eabi/5.4.1/../../../../arm-none-eabi/lib/armv7-m\libg_nano.a(lib_a-dtoa.o)
 *fill*         0x0000c322        0x6 
 .text._dtoa_r  0x0000c328      0xb30 c:/program files (x86)/cypress/psoc creator/4.4/psoc creator/import/gnu/arm/5.4.1/bin/../lib/gcc/arm-none-eabi/5.4.1/../../../../arm-none-eabi/lib/armv7-m\libg_nano.a(lib_a-dtoa.o)
                0x0000c328                _dtoa_r
 .text._localeconv_r
                0x0000ce58        0x8 c:/program files (x86)/cypress/psoc creator/4.4/psoc creator/import/gnu/arm/5.4.1/bin/../lib/gcc/arm-none-eabi/5.4.1/../../../../arm-none-eabi/lib/armv7-m\libg_nano.a(lib_a-locale.o)
                0x0000ce58                _localeconv_r
 .text.malloc   0x0000ce60       0x10 c:/program files (x86)/cypress/psoc creator/4.4/psoc creator/import/gnu/arm/5.4.1/bin/../lib/gcc/arm-none-eabi/5.4.1/../../../../arm-none-eabi/lib/armv7-m\libg_nano.a(lib_a-malloc.o)
                0x0000ce60                malloc
 .text.memchr   0x0000ce70       0x1c c:/program files (x86)/cypress/psoc creator/4.4/psoc creator/import/gnu/arm/5.4.1/bin/../lib/gcc/arm-none-eabi/5.4.1/../../../../arm-none-eabi/lib/armv7-m\libg_nano.a(lib_a-memchr-stub.o)
                0x0000ce70                memchr
 .text._Balloc  0x0000ce8c       0x6a c:/program files (x86)/cypress/psoc creator/4.4/psoc creator/import/gnu/arm/5.4.1/bin/../lib/gcc/arm-none-eabi/5.4.1/../../../../arm-none-eabi/lib/armv7-m\libg_nano.a(lib_a-mprec.o)
                0x0000ce8c                _Balloc
 .text._Bfree   0x0000cef6       0x2e c:/program files (x86)/cypress/psoc creator/4.4/psoc creator/import/gnu/arm/5.4.1/bin/../lib/gcc/arm-none-eabi/5.4.1/../../../../arm-none-eabi/lib/armv7-m\libg_nano.a(lib_a-mprec.o)
                0x0000cef6                _Bfree
 .text.__multadd
                0x0000cf24       0x76 c:/program files (x86)/cypress/psoc creator/4.4/psoc creator/import/gnu/arm/5.4.1/bin/../lib/gcc/arm-none-eabi/5.4.1/../../../../arm-none-eabi/lib/armv7-m\libg_nano.a(lib_a-mprec.o)
                0x0000cf24                __multadd
 .text.__hi0bits
                0x0000cf9a       0x40 c:/program files (x86)/cypress/psoc creator/4.4/psoc creator/import/gnu/arm/5.4.1/bin/../lib/gcc/arm-none-eabi/5.4.1/../../../../arm-none-eabi/lib/armv7-m\libg_nano.a(lib_a-mprec.o)
                0x0000cf9a                __hi0bits
 .text.__lo0bits
                0x0000cfda       0x5a c:/program files (x86)/cypress/psoc creator/4.4/psoc creator/import/gnu/arm/5.4.1/bin/../lib/gcc/arm-none-eabi/5.4.1/../../../../arm-none-eabi/lib/armv7-m\libg_nano.a(lib_a-mprec.o)
                0x0000cfda                __lo0bits
 .text.__i2b    0x0000d034       0x12 c:/program files (x86)/cypress/psoc creator/4.4/psoc creator/import/gnu/arm/5.4.1/bin/../lib/gcc/arm-none-eabi/5.4.1/../../../../arm-none-eabi/lib/armv7-m\libg_nano.a(lib_a-mprec.o)
                0x0000d034                __i2b
 .text.__multiply
                0x0000d046      0x120 c:/program files (x86)/cypress/psoc creator/4.4/psoc creator/import/gnu/arm/5.4.1/bin/../lib/gcc/arm-none-eabi/5.4.1/../../../../arm-none-eabi/lib/armv7-m\libg_nano.a(lib_a-mprec.o)
                0x0000d046                __multiply
 *fill*         0x0000d166        0x2 
 .text.__pow5mult
                0x0000d168       0x9c c:/program files (x86)/cypress/psoc creator/4.4/psoc creator/import/gnu/arm/5.4.1/bin/../lib/gcc/arm-none-eabi/5.4.1/../../../../arm-none-eabi/lib/armv7-m\libg_nano.a(lib_a-mprec.o)
                0x0000d168                __pow5mult
 .text.__lshift
                0x0000d204       0xa2 c:/program files (x86)/cypress/psoc creator/4.4/psoc creator/import/gnu/arm/5.4.1/bin/../lib/gcc/arm-none-eabi/5.4.1/../../../../arm-none-eabi/lib/armv7-m\libg_nano.a(lib_a-mprec.o)
                0x0000d204                __lshift
 .text.__mcmp   0x0000d2a6       0x38 c:/program files (x86)/cypress/psoc creator/4.4/psoc creator/import/gnu/arm/5.4.1/bin/../lib/gcc/arm-none-eabi/5.4.1/../../../../arm-none-eabi/lib/armv7-m\libg_nano.a(lib_a-mprec.o)
                0x0000d2a6                __mcmp
 .text.__mdiff  0x0000d2de       0xbe c:/program files (x86)/cypress/psoc creator/4.4/psoc creator/import/gnu/arm/5.4.1/bin/../lib/gcc/arm-none-eabi/5.4.1/../../../../arm-none-eabi/lib/armv7-m\libg_nano.a(lib_a-mprec.o)
                0x0000d2de                __mdiff
 .text.__d2b    0x0000d39c       0x9c c:/program files (x86)/cypress/psoc creator/4.4/psoc creator/import/gnu/arm/5.4.1/bin/../lib/gcc/arm-none-eabi/5.4.1/../../../../arm-none-eabi/lib/armv7-m\libg_nano.a(lib_a-mprec.o)
                0x0000d39c                __d2b
 .text._calloc_r
                0x0000d438       0x1c c:/program files (x86)/cypress/psoc creator/4.4/psoc creator/import/gnu/arm/5.4.1/bin/../lib/gcc/arm-none-eabi/5.4.1/../../../../arm-none-eabi/lib/armv7-m\libg_nano.a(lib_a-nano-callocr.o)
                0x0000d438                _calloc_r
 .text._free_r  0x0000d454       0x98 c:/program files (x86)/cypress/psoc creator/4.4/psoc creator/import/gnu/arm/5.4.1/bin/../lib/gcc/arm-none-eabi/5.4.1/../../../../arm-none-eabi/lib/armv7-m\libg_nano.a(lib_a-nano-freer.o)
                0x0000d454                _free_r
 .text._malloc_r
                0x0000d4ec       0xbc c:/program files (x86)/cypress/psoc creator/4.4/psoc creator/import/gnu/arm/5.4.1/bin/../lib/gcc/arm-none-eabi/5.4.1/../../../../arm-none-eabi/lib/armv7-m\libg_nano.a(lib_a-nano-mallocr.o)
                0x0000d4ec                _malloc_r
 .text.__ssputs_r
                0x0000d5a8       0xb2 c:/program files (x86)/cypress/psoc creator/4.4/psoc creator/import/gnu/arm/5.4.1/bin/../lib/gcc/arm-none-eabi/5.4.1/../../../../arm-none-eabi/lib/armv7-m\libg_nano.a(lib_a-nano-svfprintf.o)
                0x0000d5a8                __ssputs_r
 *fill*         0x0000d65a        0x2 
 .text._svfprintf_r
                0x0000d65c      0x1e8 c:/program files (x86)/cypress/psoc creator/4.4/psoc creator/import/gnu/arm/5.4.1/bin/../lib/gcc/arm-none-eabi/5.4.1/../../../../arm-none-eabi/lib/armv7-m\libg_nano.a(lib_a-nano-svfprintf.o)
                0x0000d65c                _svfiprintf_r
                0x0000d65c                _svfprintf_r
 .text._sbrk_r  0x0000d844       0x20 c:/program files (x86)/cypress/psoc creator/4.4/psoc creator/import/gnu/arm/5.4.1/bin/../lib/gcc/arm-none-eabi/5.4.1/../../../../arm-none-eabi/lib/armv7-m\libg_nano.a(lib_a-sbrkr.o)
                0x0000d844                _sbrk_r
 .text.memmove  0x0000d864       0x36 c:/program files (x86)/cypress/psoc creator/4.4/psoc creator/import/gnu/arm/5.4.1/bin/../lib/gcc/arm-none-eabi/5.4.1/../../../../arm-none-eabi/lib/armv7-m\libg_nano.a(lib_a-memmove.o)
                0x0000d864                memmove
 .text.__malloc_lock
                0x0000d89a        0x2 c:/program files (x86)/cypress/psoc creator/4.4/psoc creator/import/gnu/arm/5.4.1/bin/../lib/gcc/arm-none-eabi/5.4.1/../../../../arm-none-eabi/lib/armv7-m\libg_nano.a(lib_a-mlock.o)
                0x0000d89a                __malloc_lock
 .text.__malloc_unlock
                0x0000d89c        0x2 c:/program files (x86)/cypress/psoc creator/4.4/psoc creator/import/gnu/arm/5.4.1/bin/../lib/gcc/arm-none-eabi/5.4.1/../../../../arm-none-eabi/lib/armv7-m\libg_nano.a(lib_a-mlock.o)
                0x0000d89c                __malloc_unlock
 .text._realloc_r
                0x0000d89e       0x4c c:/program files (x86)/cypress/psoc creator/4.4/psoc creator/import/gnu/arm/5.4.1/bin/../lib/gcc/arm-none-eabi/5.4.1/../../../../arm-none-eabi/lib/armv7-m\libg_nano.a(lib_a-nano-reallocr.o)
                0x0000d89e                _realloc_r
 .text._malloc_usable_size_r
                0x0000d8ea       0x14 c:/program files (x86)/cypress/psoc creator/4.4/psoc creator/import/gnu/arm/5.4.1/bin/../lib/gcc/arm-none-eabi/5.4.1/../../../../arm-none-eabi/lib/armv7-m\libg_nano.a(lib_a-nano-msizer.o)
                0x0000d8ea                _malloc_usable_size_r
 *(.plt)
 *(.gnu.warning)
 *(.glue_7t)
 .glue_7t       0x0000d8fe        0x0 linker stubs
 *(.glue_7)
 .glue_7        0x0000d8fe        0x0 linker stubs
 *(.vfp11_veneer)
 .vfp11_veneer  0x0000d8fe        0x0 linker stubs
 *(.bootloader)
 *(.ARM.extab* .gnu.linkonce.armextab.*)
 *(.gcc_except_table)

.v4_bx          0x0000d900        0x0
 .v4_bx         0x0000d900        0x0 linker stubs

.iplt           0x0000d900        0x0
 .iplt          0x0000d900        0x0 c:/program files (x86)/cypress/psoc creator/4.4/psoc creator/import/gnu/arm/5.4.1/bin/../lib/gcc/arm-none-eabi/5.4.1/armv7-m/crtbegin.o

.eh_frame_hdr
 *(.eh_frame_hdr)

.eh_frame       0x0000d900        0x4
 *(.eh_frame)
 .eh_frame      0x0000d900        0x0 c:/program files (x86)/cypress/psoc creator/4.4/psoc creator/import/gnu/arm/5.4.1/bin/../lib/gcc/arm-none-eabi/5.4.1/armv7-m/crtbegin.o
 .eh_frame      0x0000d900        0x4 c:/program files (x86)/cypress/psoc creator/4.4/psoc creator/import/gnu/arm/5.4.1/bin/../lib/gcc/arm-none-eabi/5.4.1/armv7-m/crtend.o
                [!provide]                PROVIDE (__exidx_start, .)

.ARM.exidx
 *(.ARM.exidx* .gnu.linkonce.armexidx.*)
                0x0000d904                __exidx_end = .

.rodata         0x0000d908     0x1030
 *(.rodata .rodata.* .gnu.linkonce.r.*)
 .rodata        0x0000d908      0x23e .\ARM_GCC_541\Debug\main.o
 *fill*         0x0000db46        0x2 
 .rodata        0x0000db48      0x6f6 .\ARM_GCC_541\Debug\app_statemachine.o
 *fill*         0x0000e23e        0x2 
 .rodata        0x0000e240      0x100 .\ARM_GCC_541\Debug\sbc_comms.o
 .rodata        0x0000e340        0x4 .\ARM_GCC_541\Debug\hamfly_core_telemetry.o
 .rodata        0x0000e344       0x56 .\ARM_GCC_541\Debug\cyfitter_cfg.o
                0x0000e344                AMux_1__addrTable
                0x0000e354                AMux_1__maskTable
                0x0000e358                ADC_DelSig_1_AMux__addrTable
                0x0000e360                ADC_DelSig_1_AMux__maskTable
 *fill*         0x0000e39a        0x2 
 .rodata.str1.4
                0x0000e39c        0x9 c:/program files (x86)/cypress/psoc creator/4.4/psoc creator/import/gnu/arm/5.4.1/bin/../lib/gcc/arm-none-eabi/5.4.1/../../../../arm-none-eabi/lib/armv7-m\libm.a(lib_a-wf_asin.o)
 *fill*         0x0000e3a5        0x3 
 .rodata.str1.4
                0x0000e3a8        0x8 c:/program files (x86)/cypress/psoc creator/4.4/psoc creator/import/gnu/arm/5.4.1/bin/../lib/gcc/arm-none-eabi/5.4.1/../../../../arm-none-eabi/lib/armv7-m\libm.a(lib_a-wf_sqrt.o)
                                  0x6 (size before relaxing)
 .rodata.npio2_hw
                0x0000e3b0       0x80 c:/program files (x86)/cypress/psoc creator/4.4/psoc creator/import/gnu/arm/5.4.1/bin/../lib/gcc/arm-none-eabi/5.4.1/../../../../arm-none-eabi/lib/armv7-m\libm.a(lib_a-ef_rem_pio2.o)
 .rodata.two_over_pi
                0x0000e430      0x318 c:/program files (x86)/cypress/psoc creator/4.4/psoc creator/import/gnu/arm/5.4.1/bin/../lib/gcc/arm-none-eabi/5.4.1/../../../../arm-none-eabi/lib/armv7-m\libm.a(lib_a-ef_rem_pio2.o)
 .rodata.init_jk
                0x0000e748        0xc c:/program files (x86)/cypress/psoc creator/4.4/psoc creator/import/gnu/arm/5.4.1/bin/../lib/gcc/arm-none-eabi/5.4.1/../../../../arm-none-eabi/lib/armv7-m\libm.a(lib_a-kf_rem_pio2.o)
 .rodata.PIo2   0x0000e754       0x2c c:/program files (x86)/cypress/psoc creator/4.4/psoc creator/import/gnu/arm/5.4.1/bin/../lib/gcc/arm-none-eabi/5.4.1/../../../../arm-none-eabi/lib/armv7-m\libm.a(lib_a-kf_rem_pio2.o)
 .rodata.atanlo
                0x0000e780       0x10 c:/program files (x86)/cypress/psoc creator/4.4/psoc creator/import/gnu/arm/5.4.1/bin/../lib/gcc/arm-none-eabi/5.4.1/../../../../arm-none-eabi/lib/armv7-m\libm.a(lib_a-sf_atan.o)
 .rodata.atanhi
                0x0000e790       0x10 c:/program files (x86)/cypress/psoc creator/4.4/psoc creator/import/gnu/arm/5.4.1/bin/../lib/gcc/arm-none-eabi/5.4.1/../../../../arm-none-eabi/lib/armv7-m\libm.a(lib_a-sf_atan.o)
 .rodata.str1.1
                0x0000e7a0        0x2 c:/program files (x86)/cypress/psoc creator/4.4/psoc creator/import/gnu/arm/5.4.1/bin/../lib/gcc/arm-none-eabi/5.4.1/../../../../arm-none-eabi/lib/armv7-m\libg_nano.a(lib_a-impure.o)
 .rodata.str1.1
                0x0000e7a2       0x12 c:/program files (x86)/cypress/psoc creator/4.4/psoc creator/import/gnu/arm/5.4.1/bin/../lib/gcc/arm-none-eabi/5.4.1/../../../../arm-none-eabi/lib/armv7-m\libg_nano.a(lib_a-nano-vfprintf_float.o)
 .rodata.str1.1
                0x0000e7b4       0x22 c:/program files (x86)/cypress/psoc creator/4.4/psoc creator/import/gnu/arm/5.4.1/bin/../lib/gcc/arm-none-eabi/5.4.1/../../../../arm-none-eabi/lib/armv7-m\libg_nano.a(lib_a-nano-vfprintf_i.o)
 .rodata.str1.1
                0x0000e7d6        0xd c:/program files (x86)/cypress/psoc creator/4.4/psoc creator/import/gnu/arm/5.4.1/bin/../lib/gcc/arm-none-eabi/5.4.1/../../../../arm-none-eabi/lib/armv7-m\libg_nano.a(lib_a-dtoa.o)
                                  0xf (size before relaxing)
 .rodata.str1.1
                0x0000e7e3        0x8 c:/program files (x86)/cypress/psoc creator/4.4/psoc creator/import/gnu/arm/5.4.1/bin/../lib/gcc/arm-none-eabi/5.4.1/../../../../arm-none-eabi/lib/armv7-m\libg_nano.a(lib_a-locale.o)
                                  0xb (size before relaxing)
 *fill*         0x0000e7eb        0x5 
 .rodata.__mprec_tens
                0x0000e7f0       0xc8 c:/program files (x86)/cypress/psoc creator/4.4/psoc creator/import/gnu/arm/5.4.1/bin/../lib/gcc/arm-none-eabi/5.4.1/../../../../arm-none-eabi/lib/armv7-m\libg_nano.a(lib_a-mprec.o)
                0x0000e7f0                __mprec_tens
 .rodata.p05.5408
                0x0000e8b8        0xc c:/program files (x86)/cypress/psoc creator/4.4/psoc creator/import/gnu/arm/5.4.1/bin/../lib/gcc/arm-none-eabi/5.4.1/../../../../arm-none-eabi/lib/armv7-m\libg_nano.a(lib_a-mprec.o)
 *fill*         0x0000e8c4        0x4 
 .rodata.__mprec_bigtens
                0x0000e8c8       0x28 c:/program files (x86)/cypress/psoc creator/4.4/psoc creator/import/gnu/arm/5.4.1/bin/../lib/gcc/arm-none-eabi/5.4.1/../../../../arm-none-eabi/lib/armv7-m\libg_nano.a(lib_a-mprec.o)
                0x0000e8c8                __mprec_bigtens
 .rodata.str1.1
                0x0000e8f0       0x11 c:/program files (x86)/cypress/psoc creator/4.4/psoc creator/import/gnu/arm/5.4.1/bin/../lib/gcc/arm-none-eabi/5.4.1/../../../../arm-none-eabi/lib/armv7-m\libg_nano.a(lib_a-nano-svfprintf.o)
                0x0000e904                . = ALIGN (0x4)
 *fill*         0x0000e901        0x3 
 *(.init)
 .init          0x0000e904        0x4 c:/program files (x86)/cypress/psoc creator/4.4/psoc creator/import/gnu/arm/5.4.1/bin/../lib/gcc/arm-none-eabi/5.4.1/armv7-m/crti.o
                0x0000e904                _init
 .init          0x0000e908        0x8 c:/program files (x86)/cypress/psoc creator/4.4/psoc creator/import/gnu/arm/5.4.1/bin/../lib/gcc/arm-none-eabi/5.4.1/armv7-m/crtn.o
                0x0000e910                . = ALIGN (0x4)
                0x0000e910                __preinit_array_start = .
 *(.preinit_array)
                0x0000e910                __preinit_array_end = .
                0x0000e910                . = ALIGN (0x4)
                0x0000e910                __init_array_start = .
 *(SORT(.init_array.*))
 *(.init_array)
 .init_array    0x0000e910        0x4 c:/program files (x86)/cypress/psoc creator/4.4/psoc creator/import/gnu/arm/5.4.1/bin/../lib/gcc/arm-none-eabi/5.4.1/armv7-m/crtbegin.o
 .init_array    0x0000e914        0x4 .\ARM_GCC_541\Debug\Cm3Start.o
                0x0000e918                __init_array_end = .
                0x0000e918                . = ALIGN (0x4)
 *(.fini)
 .fini          0x0000e918        0x4 c:/program files (x86)/cypress/psoc creator/4.4/psoc creator/import/gnu/arm/5.4.1/bin/../lib/gcc/arm-none-eabi/5.4.1/armv7-m/crti.o
                0x0000e918                _fini
 .fini          0x0000e91c        0x8 c:/program files (x86)/cypress/psoc creator/4.4/psoc creator/import/gnu/arm/5.4.1/bin/../lib/gcc/arm-none-eabi/5.4.1/armv7-m/crtn.o
                0x0000e924                . = ALIGN (0x4)
                0x0000e924                __fini_array_start = .
 *(.fini_array)
 .fini_array    0x0000e924        0x4 c:/program files (x86)/cypress/psoc creator/4.4/psoc creator/import/gnu/arm/5.4.1/bin/../lib/gcc/arm-none-eabi/5.4.1/armv7-m/crtbegin.o
 *(SORT(.fini_array.*))
                0x0000e928                __fini_array_end = .
                0x0000e928                . = ALIGN (0x4)
 *crtbegin.o(.ctors)
 *(EXCLUDE_FILE(*crtend.o) .ctors)
 *(SORT(.ctors.*))
 *crtend.o(.ctors)
                0x0000e928                . = ALIGN (0x4)
 *crtbegin.o(.dtors)
 *(EXCLUDE_FILE(*crtend.o) .dtors)
 *(SORT(.dtors.*))
 *crtend.o(.dtors)
                0x0000e928                . = ALIGN (0x4)
                0x0000e928                __cy_regions = .
                0x0000e928        0x4 LONG 0xe938 __cy_region_init_ram
                0x0000e92c        0x4 LONG 0x1fff80c8 __cy_region_start_data
                0x0000e930        0x4 LONG 0x170 __cy_region_init_size_ram
                0x0000e934        0x4 LONG 0x568 __cy_region_zero_size_ram
                0x0000e938                __cy_regions_end = .
                0x0000e938                . = ALIGN (0x8)
                0x0000e938                _etext = .

.cy_checksum_exclude
                0x0000e938        0x0
 *(.cy_checksum_exclude)

.ramvectors     0x1fff8000       0xc0
                0x1fff8000                __cy_region_start_ram = .
 *(.ramvectors)
 .ramvectors    0x1fff8000       0xc0 .\ARM_GCC_541\Debug\Cm3Start.o
                0x1fff8000                CyRamVectors

.noinit         0x1fff80c0        0x5
 *(.noinit)
 .noinit        0x1fff80c0        0x4 .\ARM_GCC_541\Debug\Cm3Start.o
 .noinit        0x1fff80c4        0x1 .\ARM_GCC_541\Debug\Proj07_hamflyAPI_stateMachineUpgrade.a(CyLib.o)
                0x1fff80c4                CyResetStatus

.data           0x1fff80c8      0x170 load address 0x0000e938
                0x1fff80c8                __cy_region_start_data = .
 *(.jcr)
 .jcr           0x1fff80c8        0x0 c:/program files (x86)/cypress/psoc creator/4.4/psoc creator/import/gnu/arm/5.4.1/bin/../lib/gcc/arm-none-eabi/5.4.1/armv7-m/crtbegin.o
 .jcr           0x1fff80c8        0x4 c:/program files (x86)/cypress/psoc creator/4.4/psoc creator/import/gnu/arm/5.4.1/bin/../lib/gcc/arm-none-eabi/5.4.1/armv7-m/crtend.o
 *(.got.plt)
 *(.got)
 *(.shdata)
 *(.data .data.* .gnu.linkonce.d.*)
 .data          0x1fff80cc        0x4 .\ARM_GCC_541\Debug\joystick.o
 .data          0x1fff80d0        0x8 .\ARM_GCC_541\Debug\app_statemachine.o
 .data          0x1fff80d8       0x30 .\ARM_GCC_541\Debug\telemetry.o
 .data          0x1fff8108       0x74 .\ARM_GCC_541\Debug\hamfly_qx_app.o
                0x1fff8108                FreeflyAPI
 .data          0x1fff817c        0x4 .\ARM_GCC_541\Debug\Cm3Start.o
 .data          0x1fff8180        0x1 .\ARM_GCC_541\Debug\Proj07_hamflyAPI_stateMachineUpgrade.a(ADC_DelSig_1.o)
                0x1fff8180                ADC_DelSig_1_Config
 .data          0x1fff8181        0x1 .\ARM_GCC_541\Debug\Proj07_hamflyAPI_stateMachineUpgrade.a(AMux_1.o)
 .data          0x1fff8182        0x1 .\ARM_GCC_541\Debug\Proj07_hamflyAPI_stateMachineUpgrade.a(ADC_DelSig_1_AMux.o)
 *fill*         0x1fff8183        0x1 
 .data          0x1fff8184       0x10 .\ARM_GCC_541\Debug\Proj07_hamflyAPI_stateMachineUpgrade.a(CyLib.o)
                0x1fff8184                cydelay_freq_hz
                0x1fff8188                cydelay_freq_khz
                0x1fff818c                cydelay_freq_mhz
                0x1fff8190                cydelay_32k_ms
 .data.__fdlib_version
                0x1fff8194        0x1 c:/program files (x86)/cypress/psoc creator/4.4/psoc creator/import/gnu/arm/5.4.1/bin/../lib/gcc/arm-none-eabi/5.4.1/../../../../arm-none-eabi/lib/armv7-m\libm.a(lib_a-s_lib_ver.o)
                0x1fff8194                __fdlib_version
 *fill*         0x1fff8195        0x3 
 .data.impure_data
                0x1fff8198       0x60 c:/program files (x86)/cypress/psoc creator/4.4/psoc creator/import/gnu/arm/5.4.1/bin/../lib/gcc/arm-none-eabi/5.4.1/../../../../arm-none-eabi/lib/armv7-m\libg_nano.a(lib_a-impure.o)
 .data._impure_ptr
                0x1fff81f8        0x4 c:/program files (x86)/cypress/psoc creator/4.4/psoc creator/import/gnu/arm/5.4.1/bin/../lib/gcc/arm-none-eabi/5.4.1/../../../../arm-none-eabi/lib/armv7-m\libg_nano.a(lib_a-impure.o)
                0x1fff81f8                _impure_ptr
 .data.lconv    0x1fff81fc       0x38 c:/program files (x86)/cypress/psoc creator/4.4/psoc creator/import/gnu/arm/5.4.1/bin/../lib/gcc/arm-none-eabi/5.4.1/../../../../arm-none-eabi/lib/armv7-m\libg_nano.a(lib_a-locale.o)
                0x1fff8238                . = ALIGN (0x8)
 *fill*         0x1fff8234        0x4 
 *(.ram)
                0x1fff8238                _edata = .

.igot.plt       0x1fff8238        0x0 load address 0x0000eaa8
 .igot.plt      0x1fff8238        0x0 c:/program files (x86)/cypress/psoc creator/4.4/psoc creator/import/gnu/arm/5.4.1/bin/../lib/gcc/arm-none-eabi/5.4.1/armv7-m/crtbegin.o

.bss            0x1fff8238      0x568 load address 0x0000eaa8
                0x1fff8238                PROVIDE (__bss_start__, .)
 *(.shbss)
 *(.bss .bss.* .gnu.linkonce.b.*)
 .bss           0x1fff8238       0x1c c:/program files (x86)/cypress/psoc creator/4.4/psoc creator/import/gnu/arm/5.4.1/bin/../lib/gcc/arm-none-eabi/5.4.1/armv7-m/crtbegin.o
 .bss           0x1fff8254      0x384 .\ARM_GCC_541\Debug\main.o
                0x1fff85d4                g_tick_ms
 .bss           0x1fff85d8        0x8 .\ARM_GCC_541\Debug\adc_balanced.o
 .bss           0x1fff85e0       0x42 .\ARM_GCC_541\Debug\joystick.o
 *fill*         0x1fff8622        0x2 
 .bss           0x1fff8624        0xc .\ARM_GCC_541\Debug\app_statemachine.o
 .bss           0x1fff8630       0x89 .\ARM_GCC_541\Debug\sbc_comms.o
 *fill*         0x1fff86b9        0x3 
 .bss           0x1fff86bc        0x4 .\ARM_GCC_541\Debug\hamfly_qx_app.o
                0x1fff86bc                qx_active_gimbal_ptr
 .bss           0x1fff86c0        0x9 .\ARM_GCC_541\Debug\hamfly_qx_protocol.o
                0x1fff86c0                QX_BuildHeader_Legacy
                0x1fff86c4                QX_ParseHeader_Legacy
 *fill*         0x1fff86c9        0x3 
 .bss           0x1fff86cc        0xc .\ARM_GCC_541\Debug\Proj07_hamflyAPI_stateMachineUpgrade.a(ADC_DelSig_1.o)
                0x1fff86cc                ADC_DelSig_1_convDone
                0x1fff86cd                ADC_DelSig_1_stopConversion
                0x1fff86ce                ADC_DelSig_1_initVar
                0x1fff86cf                ADC_DelSig_1_started
                0x1fff86d0                ADC_DelSig_1_Offset
 .bss           0x1fff86d8        0x2 .\ARM_GCC_541\Debug\Proj07_hamflyAPI_stateMachineUpgrade.a(UART_MOVI.o)
                0x1fff86d8                UART_MOVI_initVar
 .bss           0x1fff86da        0x1 .\ARM_GCC_541\Debug\Proj07_hamflyAPI_stateMachineUpgrade.a(Looptimer.o)
                0x1fff86da                Looptimer_initVar
 *fill*         0x1fff86db        0x1 
 .bss           0x1fff86dc        0x8 .\ARM_GCC_541\Debug\Proj07_hamflyAPI_stateMachineUpgrade.a(CySpc.o)
                0x1fff86dc                SpcLockState
 .bss           0x1fff86e4        0x2 .\ARM_GCC_541\Debug\Proj07_hamflyAPI_stateMachineUpgrade.a(UART_DEBUG.o)
                0x1fff86e4                UART_DEBUG_initVar
 .bss           0x1fff86e6        0x2 .\ARM_GCC_541\Debug\Proj07_hamflyAPI_stateMachineUpgrade.a(UART_SBC.o)
                0x1fff86e6                UART_SBC_initVar
 .bss.__malloc_sbrk_start
                0x1fff86e8        0x4 c:/program files (x86)/cypress/psoc creator/4.4/psoc creator/import/gnu/arm/5.4.1/bin/../lib/gcc/arm-none-eabi/5.4.1/../../../../arm-none-eabi/lib/armv7-m\libg_nano.a(lib_a-nano-mallocr.o)
                0x1fff86e8                __malloc_sbrk_start
 .bss.__malloc_free_list
                0x1fff86ec        0x4 c:/program files (x86)/cypress/psoc creator/4.4/psoc creator/import/gnu/arm/5.4.1/bin/../lib/gcc/arm-none-eabi/5.4.1/../../../../arm-none-eabi/lib/armv7-m\libg_nano.a(lib_a-nano-mallocr.o)
                0x1fff86ec                __malloc_free_list
 *(COMMON)
 COMMON         0x1fff86f0       0xa4 .\ARM_GCC_541\Debug\hamfly_qx_protocol.o
                0x1fff86f0                rw
                0x1fff86f4                QX_Clients
                0x1fff86fc                QX_CommsPorts
                0x1fff8788                QX_Servers
                0x1fff8790                msgPtr
 COMMON         0x1fff8794        0x4 .\ARM_GCC_541\Debug\Proj07_hamflyAPI_stateMachineUpgrade.a(ADC_DelSig_1.o)
                0x1fff8794                ADC_DelSig_1_CountsPerVolt
 COMMON         0x1fff8798        0x2 .\ARM_GCC_541\Debug\Proj07_hamflyAPI_stateMachineUpgrade.a(CyFlash.o)
                0x1fff8798                dieTemperature
 *fill*         0x1fff879a        0x2 
 COMMON         0x1fff879c        0x4 c:/program files (x86)/cypress/psoc creator/4.4/psoc creator/import/gnu/arm/5.4.1/bin/../lib/gcc/arm-none-eabi/5.4.1/../../../../arm-none-eabi/lib/armv7-m\libg_nano.a(lib_a-reent.o)
                0x1fff879c                errno
                0x1fff87a0                . = ALIGN (0x8)
 *(.ram.b)
                0x1fff87a0                _end = .
                0x1fff87a0                __end = .
                0x1fff87a0                PROVIDE (end, .)
                0x1fff87a0                PROVIDE (__bss_end__, .)
                0x0000e938                __cy_region_init_ram = LOADADDR (.data)
                0x00000170                __cy_region_init_size_ram = (_edata - ADDR (.data))
                0x00000568                __cy_region_zero_size_ram = (_end - _edata)

.heap           0x1fff87a0       0x80 load address 0x0000eaa8
                0x1fff87a0                . = _end
                0x1fff8820                . = (. + 0x80)
 *fill*         0x1fff87a0       0x80 
                0x1fff8820                __cy_heap_limit = .

.stack          0x20007800      0x800
                0x20007800                __cy_stack_limit = .
                0x20008000                . = (. + 0x800)
 *fill*         0x20007800      0x800 
                0x00000001                ASSERT ((__cy_stack_limit >= __cy_heap_limit), region RAM overflowed with stack)
                0x00000000                cy_checksum_exclude_size = (CY_APPL_LOADABLE == 0x1)?SIZEOF (.cy_checksum_exclude):0x0
                0x00000001                ASSERT ((cy_checksum_exclude_size <= CY_CHECKSUM_EXCLUDE_SIZE), CY_BOOT: Section .cy_checksum_exclude size exceedes specified limit.)

.cyloadermeta
 *(.cyloadermeta)

.cyloadablemeta
 *(.cyloadablemeta)

.cyconfigecc    0x80000000      0x960
 *(.cyconfigecc)
 .cyconfigecc   0x80000000      0x960 .\ARM_GCC_541\Debug\cymetadata.o
                0x80000000                cy_meta_configecc

.cycustnvl      0x90000000        0x4
 *(.cycustnvl)
 .cycustnvl     0x90000000        0x4 .\ARM_GCC_541\Debug\cymetadata.o
                0x90000000                cy_meta_custnvl

.cywolatch      0x90100000        0x4
 *(.cywolatch)
 .cywolatch     0x90100000        0x4 .\ARM_GCC_541\Debug\cymetadata.o
                0x90100000                cy_meta_wonvl

.cyeeprom       0x90200000        0x0
 *(.cyeeprom)
                0x00000001                ASSERT ((. <= ((0x90200000 + ee_offset) + ee_size)), .cyeeprom data will not fit in EEPROM)

.cyflashprotect
                0x90400000      0x100
 *(.cyflashprotect)
 .cyflashprotect
                0x90400000      0x100 .\ARM_GCC_541\Debug\cymetadata.o
                0x90400000                cy_meta_flashprotect

.cymeta         0x90500000        0xc
 *(.cymeta)
 .cymeta        0x90500000        0xc .\ARM_GCC_541\Debug\cymetadata.o
                0x90500000                cy_metadata

.rel.dyn        0x0000eaa8        0x0 load address 0x9050000c
 .rel.iplt      0x0000eaa8        0x0 c:/program files (x86)/cypress/psoc creator/4.4/psoc creator/import/gnu/arm/5.4.1/bin/../lib/gcc/arm-none-eabi/5.4.1/armv7-m/crtbegin.o

.stab
 *(.stab)

.stabstr
 *(.stabstr)

.debug
 *(.debug)

.line
 *(.line)

.debug_srcinfo
 *(.debug_srcinfo)

.debug_sfnames
 *(.debug_sfnames)

.debug_aranges  0x00000000     0x1760
 *(.debug_aranges)
 .debug_aranges
                0x00000000       0x70 .\ARM_GCC_541\Debug\main.o
 .debug_aranges
                0x00000070       0x40 .\ARM_GCC_541\Debug\adc_balanced.o
 .debug_aranges
                0x000000b0       0xb0 .\ARM_GCC_541\Debug\joystick.o
 .debug_aranges