Archive member included to satisfy reference by file (symbol)

.\ARM_GCC_541\Debug\Proj07_hamflyAPI_stateMachineUpgrade.a(ADC_DelSig_1.o)
                              .\ARM_GCC_541\Debug\adc_balanced.o (ADC_DelSig_1_Start)
.\ARM_GCC_541\Debug\Proj07_hamflyAPI_stateMachineUpgrade.a(ADC_DelSig_1_INT.o)
                              .\ARM_GCC_541\Debug\Proj07_hamflyAPI_stateMachineUpgrade.a(ADC_DelSig_1.o) (ADC_DelSig_1_ISR1)
.\ARM_GCC_541\Debug\Proj07_hamflyAPI_stateMachineUpgrade.a(AMux_1.o)
                              .\ARM_GCC_541\Debug\adc_balanced.o (AMux_1_Start)
.\ARM_GCC_541\Debug\Proj07_hamflyAPI_stateMachineUpgrade.a(isr_adc.o)
                              .\ARM_GCC_541\Debug\adc_balanced.o (isr_adc_StartEx)
.\ARM_GCC_541\Debug\Proj07_hamflyAPI_stateMachineUpgrade.a(UART_MOVI.o)
                              .\ARM_GCC_541\Debug\main.o (UART_MOVI_Start)
.\ARM_GCC_541\Debug\Proj07_hamflyAPI_stateMachineUpgrade.a(isr_rx_movi.o)
                              .\ARM_GCC_541\Debug\main.o (isr_rx_movi_StartEx)
.\ARM_GCC_541\Debug\Proj07_hamflyAPI_stateMachineUpgrade.a(Looptimer.o)
                              .\ARM_GCC_541\Debug\main.o (Looptimer_Start)
.\ARM_GCC_541\Debug\Proj07_hamflyAPI_stateMachineUpgrade.a(isr_Looptimer.o)
                              .\ARM_GCC_541\Debug\main.o (isr_Looptimer_StartEx)
.\ARM_GCC_541\Debug\Proj07_hamflyAPI_stateMachineUpgrade.a(EEPROM_CONFIG.o)
                              .\ARM_GCC_541\Debug\psoc_eeprom.o (EEPROM_CONFIG_Start)
.\ARM_GCC_541\Debug\Proj07_hamflyAPI_stateMachineUpgrade.a(ADC_DelSig_1_AMux.o)
                              .\ARM_GCC_541\Debug\Proj07_hamflyAPI_stateMachineUpgrade.a(ADC_DelSig_1.o) (ADC_DelSig_1_AMux_Select)
.\ARM_GCC_541\Debug\Proj07_hamflyAPI_stateMachineUpgrade.a(ADC_DelSig_1_Ext_CP_Clk.o)
                              .\ARM_GCC_541\Debug\Proj07_hamflyAPI_stateMachineUpgrade.a(ADC_DelSig_1.o) (ADC_DelSig_1_Ext_CP_Clk_SetDividerRegister)
.\ARM_GCC_541\Debug\Proj07_hamflyAPI_stateMachineUpgrade.a(ADC_DelSig_1_theACLK.o)
                              .\ARM_GCC_541\Debug\Proj07_hamflyAPI_stateMachineUpgrade.a(ADC_DelSig_1.o) (ADC_DelSig_1_theACLK_SetDividerRegister)
.\ARM_GCC_541\Debug\Proj07_hamflyAPI_stateMachineUpgrade.a(CyFlash.o)
                              .\ARM_GCC_541\Debug\Proj07_hamflyAPI_stateMachineUpgrade.a(EEPROM_CONFIG.o) (dieTemperature)
.\ARM_GCC_541\Debug\Proj07_hamflyAPI_stateMachineUpgrade.a(CyLib.o)
                              .\ARM_GCC_541\Debug\Cm3Start.o (CyResetStatus)
.\ARM_GCC_541\Debug\Proj07_hamflyAPI_stateMachineUpgrade.a(cyPm.o)
                              .\ARM_GCC_541\Debug\Proj07_hamflyAPI_stateMachineUpgrade.a(CyLib.o) (CyPmReadStatus)
.\ARM_GCC_541\Debug\Proj07_hamflyAPI_stateMachineUpgrade.a(CySpc.o)
                              .\ARM_GCC_541\Debug\Proj07_hamflyAPI_stateMachineUpgrade.a(EEPROM_CONFIG.o) (CySpcStart)
.\ARM_GCC_541\Debug\Proj07_hamflyAPI_stateMachineUpgrade.a(UART_DEBUG.o)
                              .\ARM_GCC_541\Debug\main.o (UART_DEBUG_Start)
.\ARM_GCC_541\Debug\Proj07_hamflyAPI_stateMachineUpgrade.a(UART_DEBUG_IntClock.o)
                              .\ARM_GCC_541\Debug\Proj07_hamflyAPI_stateMachineUpgrade.a(UART_DEBUG.o) (UART_DEBUG_IntClock_Start)
.\ARM_GCC_541\Debug\Proj07_hamflyAPI_stateMachineUpgrade.a(UART_SBC.o)
                              .\ARM_GCC_541\Debug\main.o (UART_SBC_Start)
.\ARM_GCC_541\Debug\Proj07_hamflyAPI_stateMachineUpgrade.a(isr_rx_sbc.o)
                              .\ARM_GCC_541\Debug\main.o (isr_rx_sbc_StartEx)
.\ARM_GCC_541\Debug\Proj07_hamflyAPI_stateMachineUpgrade.a(UART_SBC_IntClock.o)
                              .\ARM_GCC_541\Debug\Proj07_hamflyAPI_stateMachineUpgrade.a(UART_SBC.o) (UART_SBC_IntClock_Start)
.\ARM_GCC_541\Debug\Proj07_hamflyAPI_stateMachineUpgrade.a(Pin_Debug_SuperLoop.o)
                              .\ARM_GCC_541\Debug\main.o (Pin_Debug_SuperLoop_Write)
.\ARM_GCC_541\Debug\Proj07_hamflyAPI_stateMachineUpgrade.a(Pin_Debug_CoarseCentroid.o)
                              .\ARM_GCC_541\Debug\sbc_comms.o (Pin_Debug_CoarseCentroid_Write)
.\ARM_GCC_541\Debug\Proj07_hamflyAPI_stateMachineUpgrade.a(CyBootAsmGnu.o)
                              .\ARM_GCC_541\Debug\cyfitter_cfg.o (CyDelayCycles)
c:/program files (x86)/cypress/psoc creator/4.4/psoc creator/import/gnu/arm/5.4.1/bin/../lib/gcc/arm-none-eabi/5.4.1/../../../../arm-none-eabi/lib/armv7-m\libm.a(lib_a-s_cos.o)
                              .\ARM_GCC_541\Debug\hamfly_core_gimbal.o (cos)
c:/program files (x86)/cypress/psoc creator/4.4/psoc creator/import/gnu/arm/5.4.1/bin/../lib/gcc/arm-none-eabi/5.4.1/../../../../arm-none-eabi/lib/armv7-m\libm.a(lib_a-sf_cos.o)
                              .\ARM_GCC_541\Debug\app_state_auto.o (cosf)
c:/program files (x86)/cypress/psoc creator/4.4/psoc creator/import/gnu/arm/5.4.1/bin/../lib/gcc/arm-none-eabi/5.4.1/../../../../arm-none-eabi/lib/armv7-m\libm.a(lib_a-sf_sin.o)
[...]
Memory Configuration

Name             Origin             Length             Attributes
rom              0x00000000         0x00040000         xr
ram              0x1fff8000         0x00010000         xrw
*default*        0x00000000         0xffffffff

Linker script and memory map

LOAD c:/program files (x86)/cypress/psoc creator/4.4/psoc creator/import/gnu/arm/5.4.1/bin/../lib/gcc/arm-none-eabi/5.4.1/armv7-m/crti.o
LOAD c:/program files (x86)/cypress/psoc creator/4.4/psoc creator/import/gnu/arm/5.4.1/bin/../lib/gcc/arm-none-eabi/5.4.1/armv7-m/crtbegin.o
LOAD c:/program files (x86)/cypress/psoc creator/4.4/psoc creator/import/gnu/arm/5.4.1/bin/../lib/gcc/arm-none-eabi/5.4.1/../../../../arm-none-eabi/lib/armv7-m/crt0.o
START GROUP
LOAD .\ARM_GCC_541\Debug\main.o
LOAD .\ARM_GCC_541\Debug\adc_balanced.o
LOAD .\ARM_GCC_541\Debug\joystick.o
LOAD .\ARM_GCC_541\Debug\psoc_eeprom.o
LOAD .\ARM_GCC_541\Debug\app_ctx.o
LOAD .\ARM_GCC_541\Debug\app_statemachine.o
LOAD .\ARM_GCC_541\Debug\sbc_comms.o
LOAD .\ARM_GCC_541\Debug\telemetry.o
LOAD .\ARM_GCC_541\Debug\app_state_stby.o
LOAD .\ARM_GCC_541\Debug\app_state_manu.o
LOAD .\ARM_GCC_541\Debug\app_state_auto.o
LOAD .\ARM_GCC_541\Debug\app_state_error.o
LOAD .\ARM_GCC_541\Debug\hamfly_comm_rb.o
LOAD .\ARM_GCC_541\Debug\hamfly_comm_txbuf.o
LOAD .\ARM_GCC_541\Debug\hamfly_core_gimbal.o
LOAD .\ARM_GCC_541\Debug\hamfly_core_telemetry.o
LOAD .\ARM_GCC_541\Debug\hamfly_qx_app.o
LOAD .\ARM_GCC_541\Debug\hamfly_qx_protocol.o
LOAD .\ARM_GCC_541\Debug\cyfitter_cfg.o
LOAD .\ARM_GCC_541\Debug\cymetadata.o
LOAD .\ARM_GCC_541\Debug\Cm3Start.o
LOAD .\ARM_GCC_541\Debug\Proj07_hamflyAPI_stateMachineUpgrade.a
LOAD C:\Program Files (x86)\Cypress\PSoC Creator\4.4\PSoC Creator\psoc\content\cycomponentlibrary\CyComponentLibrary.cylib\CortexM3\ARM_GCC_541\Debug\CyComponentLibrary.a
LOAD c:/program files (x86)/cypress/psoc creator/4.4/psoc creator/import/gnu/arm/5.4.1/bin/../lib/gcc/arm-none-eabi/5.4.1/../../../../arm-none-eabi/lib/armv7-m\libm.a
END GROUP
START GROUP
LOAD c:/program files (x86)/cypress/psoc creator/4.4/psoc creator/import/gnu/arm/5.4.1/bin/../lib/gcc/arm-none-eabi/5.4.1/armv7-m\libgcc.a
LOAD c:/program files (x86)/cypress/psoc creator/4.4/psoc creator/import/gnu/arm/5.4.1/bin/../lib/gcc/arm-none-eabi/5.4.1/../../../../arm-none-eabi/lib/armv7-m\libg_nano.a
LOAD c:/program files (x86)/cypress/psoc creator/4.4/psoc creator/import/gnu/arm/5.4.1/bin/../lib/gcc/arm-none-eabi/5.4.1/../../../../arm-none-eabi/lib/armv7-m\libc_nano.a
END GROUP
START GROUP
LOAD c:/program files (x86)/cypress/psoc creator/4.4/psoc creator/import/gnu/arm/5.4.1/bin/../lib/gcc/arm-none-eabi/5.4.1/armv7-m\libgcc.a
LOAD c:/program files (x86)/cypress/psoc creator/4.4/psoc creator/import/gnu/arm/5.4.1/bin/../lib/gcc/arm-none-eabi/5.4.1/../../../../arm-none-eabi/lib/armv7-m\libc_nano.a
END GROUP
LOAD c:/program files (x86)/cypress/psoc creator/4.4/psoc creator/import/gnu/arm/5.4.1/bin/../lib/gcc/arm-none-eabi/5.4.1/armv7-m/crtend.o
LOAD c:/program files (x86)/cypress/psoc creator/4.4/psoc creator/import/gnu/arm/5.4.1/bin/../lib/gcc/arm-none-eabi/5.4.1/armv7-m/crtn.o
START GROUP
LOAD c:/program files (x86)/cypress/psoc creator/4.4/psoc creator/import/gnu/arm/5.4.1/bin/../lib/gcc/arm-none-eabi/5.4.1/armv7-m\libgcc.a
LOAD c:/program files (x86)/cypress/psoc creator/4.4/psoc creator/import/gnu/arm/5.4.1/bin/../lib/gcc/arm-none-eabi/5.4.1/../../../../arm-none-eabi/lib/armv7-m\libc.a
LOAD c:/program files (x86)/cypress/psoc creator/4.4/psoc creator/import/gnu/arm/5.4.1/bin/../lib/gcc/arm-none-eabi/5.4.1/../../../../arm-none-eabi/lib/armv7-m\libnosys.a
END GROUP
                0x00000000                CY_APPL_ORIGIN = 0x0
                0x00000100                CY_FLASH_ROW_SIZE = 0x100
                0x00000020                CY_ECC_ROW_SIZE = 0x20
                0x00000000                CY_EE_IN_BTLDR = 0x0
                0x00000000                CY_APPL_LOADABLE = 0x0
                0x00000800                CY_EE_SIZE = 0x800
                0x00000001                CY_APPL_NUM = 0x1
                0x00000001                CY_APPL_MAX = 0x1
                0x00000040                CY_METADATA_SIZE = 0x40
                0x00000000                CY_APPL_LOADABLE = 0x0
                0x00000000                CY_CHECKSUM_EXCLUDE_SIZE = ALIGN (0x0, CY_FLASH_ROW_SIZE)
                [!provide]                PROVIDE (__cy_heap_start, _end)
                0x00000001                PROVIDE (__cy_region_num, ((__cy_regions_end - __cy_regions) / 0x10))
                0x20008000                PROVIDE (__cy_stack, (ORIGIN (ram) + LENGTH (ram)))
                [!provide]                PROVIDE (__cy_heap_end, (__cy_stack - 0x800))

.cybootloader   0x00000000        0x0
 *(.cybootloader)
                0x00000000                appl1_start = CY_APPL_ORIGIN?CY_APPL_ORIGIN:ALIGN (CY_FLASH_ROW_SIZE)
                0x0001ff00                appl2_start = (appl1_start + ALIGN ((((LENGTH (rom) - appl1_start) - (0x2 * CY_FLASH_ROW_SIZE)) / 0x2), CY_FLASH_ROW_SIZE))
                0x00000000                appl_start = (CY_APPL_NUM == 0x1)?appl1_start:appl2_start
                0x00000000                ecc_offset = ((appl_start / CY_FLASH_ROW_SIZE) * CY_ECC_ROW_SIZE)
                0x00000000                ee_offset = (CY_APPL_LOADABLE && ! (CY_EE_IN_BTLDR))?((CY_EE_SIZE / CY_APPL_MAX) * (CY_APPL_NUM - 0x1)):0x0
                0x00000800                ee_size = (CY_APPL_LOADABLE && ! (CY_EE_IN_BTLDR))?(CY_EE_SIZE / CY_APPL_MAX):CY_EE_SIZE
                [!provide]                PROVIDE (CY_ECC_OFFSET, ecc_offset)

.text           0x00000000     0xd476
 CREATE_OBJECT_SYMBOLS
                0x00000000                PROVIDE (__cy_interrupt_vector, RomVectors)
 *(.romvectors)
 .romvectors    0x00000000       0x10 .\ARM_GCC_541\Debug\Cm3Start.o
                0x00000000                RomVectors
                0x00000001                ASSERT ((. != __cy_interrupt_vector), No interrupt vector)
                0x00000001                ASSERT (CY_APPL_ORIGIN?(SIZEOF (.cybootloader) <= CY_APPL_ORIGIN):0x1, Wrong image location)
                0x00000010                PROVIDE (__cy_reset, Reset)
 *(.text.Reset)
 .text.Reset    0x00000010       0x18 .\ARM_GCC_541\Debug\Cm3Start.o
                0x00000010                Reset
                0x00000001                ASSERT ((. != __cy_reset), No reset code)
 *(.dma_init)
                0x00000001                ASSERT ((((appl_start + .) <= 0x10000) || 0x1), DMA Init must be within the first 64k of flash)
 *(.text .text.* .gnu.linkonce.t.*)
 .text          0x00000028       0x5c c:/program files (x86)/cypress/psoc creator/4.4/psoc creator/import/gnu/arm/5.4.1/bin/../lib/gcc/arm-none-eabi/5.4.1/armv7-m/crtbegin.o
 .text._hamfly_psoc5_putc
                0x00000084       0x1c .\ARM_GCC_541\Debug\main.o
 .text.psoc_get_tick
                0x000000a0       0x1c .\ARM_GCC_541\Debug\main.o
 .text.isr_rx_movi_Handler
                0x000000bc       0x58 .\ARM_GCC_541\Debug\main.o
                0x000000bc                isr_rx_movi_Handler
 .text.isr_Looptimer_Handler
                0x00000114       0x1c .\ARM_GCC_541\Debug\main.o
                0x00000114                isr_Looptimer_Handler
 .text.isr_rx_sbc_Handler
                0x00000130       0x50 .\ARM_GCC_541\Debug\main.o
                0x00000130                isr_rx_sbc_Handler
 .text.decomp   0x00000180       0xa8 .\ARM_GCC_541\Debug\main.o
 .text.main     0x00000228      0x30c .\ARM_GCC_541\Debug\main.o
                0x00000228                main
 .text.isr_adc_Handler
                0x00000534       0x18 .\ARM_GCC_541\Debug\adc_balanced.o
                0x00000534                isr_adc_Handler
 .text.adc_balanced_init
                0x0000054c       0x6c .\ARM_GCC_541\Debug\adc_balanced.o
                0x0000054c                adc_balanced_init
 .text.adc_balanced_advance_on_eoc
                0x000005b8       0x64 .\ARM_GCC_541\Debug\adc_balanced.o
 .text.adc_balanced_poll_frame
                0x0000061c       0x6c .\ARM_GCC_541\Debug\adc_balanced.o
                0x0000061c                adc_balanced_poll_frame
 .text.joystick_set_sensitivity
                0x00000688       0x48 .\ARM_GCC_541\Debug\joystick.o
                0x00000688                joystick_set_sensitivity
 .text.normalize_axis
                0x000006d0       0xd0 .\ARM_GCC_541\Debug\joystick.o
 .text.apply_deadband
                0x000007a0       0x90 .\ARM_GCC_541\Debug\joystick.o
 .text.joystick_validate
                0x00000830       0x94 .\ARM_GCC_541\Debug\joystick.o
                0x00000830                joystick_validate
 .text.cal_begin_range_capture
                0x000008c4       0x84 .\ARM_GCC_541\Debug\joystick.o
 .text.cal_update_ranges
                0x00000948       0x98 .\ARM_GCC_541\Debug\joystick.o
 .text.cal_start_center_capture
                0x000009e0       0x44 .\ARM_GCC_541\Debug\joystick.o
 .text.cal_center_capture_update
                0x00000a24       0xa8 .\ARM_GCC_541\Debug\joystick.o
 .text.cal_save_or_restart
                0x00000acc       0x44 .\ARM_GCC_541\Debug\joystick.o
 .text.joystick_init
                0x00000b10       0xa4 .\ARM_GCC_541\Debug\joystick.o
                0x00000b10                joystick_init
 .text.joystick_on_sample
                0x00000bb4       0x48 .\ARM_GCC_541\Debug\joystick.o
                0x00000bb4                joystick_on_sample
 .text.joystick_on_key
                0x00000bfc       0x70 .\ARM_GCC_541\Debug\joystick.o
                0x00000bfc                joystick_on_key
 .text.joystick_cal_state
                0x00000c6c       0x14 .\ARM_GCC_541\Debug\joystick.o
                0x00000c6c                joystick_cal_state
 .text.joystick_get_cmd
                0x00000c80       0xe8 .\ARM_GCC_541\Debug\joystick.o
                0x00000c80                joystick_get_cmd
 .text.joystick_load
                0x00000d68       0x4c .\ARM_GCC_541\Debug\joystick.o
                0x00000d68                joystick_load
 .text.slot_id_to_row
                0x00000db4       0x2c .\ARM_GCC_541\Debug\psoc_eeprom.o
 .text.read_row_byte
                0x00000de0       0x38 .\ARM_GCC_541\Debug\psoc_eeprom.o
 .text.read_row_data
                0x00000e18       0x3c .\ARM_GCC_541\Debug\psoc_eeprom.o
 .text.psoc_eeprom_init
                0x00000e54        0xc .\ARM_GCC_541\Debug\psoc_eeprom.o
                0x00000e54                psoc_eeprom_init
 .text.psoc_eeprom_read
                0x00000e60       0x7c .\ARM_GCC_541\Debug\psoc_eeprom.o
                0x00000e60                psoc_eeprom_read
 .text.app_ctx_init
                0x00000edc       0x70 .\ARM_GCC_541\Debug\app_ctx.o
                0x00000edc                app_ctx_init
 .text.depth_of
                0x00000f4c       0x34 .\ARM_GCC_541\Debug\app_statemachine.o
 .text.lca      0x00000f80       0x80 .\ARM_GCC_541\Debug\app_statemachine.o
 .text.app_transition
                0x00001000      0x120 .\ARM_GCC_541\Debug\app_statemachine.o
                0x00001000                app_transition
 .text.app_start
                0x00001120       0x28 .\ARM_GCC_541\Debug\app_statemachine.o
                0x00001120                app_start
 .text.app_raise_error
                0x00001148       0x68 .\ARM_GCC_541\Debug\app_statemachine.o
                0x00001148                app_raise_error
 .text.app_state_name
                0x000011b0       0x20 .\ARM_GCC_541\Debug\app_statemachine.o
                0x000011b0                app_state_name
 .text.app_telem_tick
                0x000011d0       0x80 .\ARM_GCC_541\Debug\app_statemachine.o
                0x000011d0                app_telem_tick
 .text.build_defer
                0x00001250       0x30 .\ARM_GCC_541\Debug\app_statemachine.o
                0x00001250                build_defer
 .text.build_hold
                0x00001280       0x30 .\ARM_GCC_541\Debug\app_statemachine.o
                0x00001280                build_hold
 .text.app_build_control
                0x000012b0       0x3c .\ARM_GCC_541\Debug\app_statemachine.o
                0x000012b0                app_build_control
 .text.set_origin
                0x000012ec       0x6c .\ARM_GCC_541\Debug\app_statemachine.o
 .text.print_help
                0x00001358       0x1c .\ARM_GCC_541\Debug\app_statemachine.o
 .text.handle_global_key
                0x00001374       0x94 .\ARM_GCC_541\Debug\app_statemachine.o
 .text.leaf_traps_nav
                0x00001408       0x3c .\ARM_GCC_541\Debug\app_statemachine.o
 .text.handle_nav_key
                0x00001444       0x48 .\ARM_GCC_541\Debug\app_statemachine.o
 .text.app_dispatch_key
                0x0000148c       0xa0 .\ARM_GCC_541\Debug\app_statemachine.o
                0x0000148c                app_dispatch_key
 .text.sbc_state_is_requestable
                0x0000152c       0x24 .\ARM_GCC_541\Debug\app_statemachine.o
 .text.app_sbc_tick
                0x00001550       0xf4 .\ARM_GCC_541\Debug\app_statemachine.o
                0x00001550                app_sbc_tick
 .text.sbc_init
                0x00001644       0x98 .\ARM_GCC_541\Debug\sbc_comms.o
                0x00001644                sbc_init
 .text.decode_centroid
                0x000016dc      0x114 .\ARM_GCC_541\Debug\sbc_comms.o
 .text.sbc_on_rx_byte
                0x000017f0      0x248 .\ARM_GCC_541\Debug\sbc_comms.o
                0x000017f0                sbc_on_rx_byte
 .text.sbc_on_uart_err_flags
                0x00001a38       0x30 .\ARM_GCC_541\Debug\sbc_comms.o
                0x00001a38                sbc_on_uart_err_flags
 .text.sbc_get_centroid
                0x00001a68       0xa0 .\ARM_GCC_541\Debug\sbc_comms.o
                0x00001a68                sbc_get_centroid
 .text.sbc_unknown_magic
                0x00001b08       0x14 .\ARM_GCC_541\Debug\sbc_comms.o
                0x00001b08                sbc_unknown_magic
 .text.sbc_rx_pkt_count
                0x00001b1c       0x14 .\ARM_GCC_541\Debug\sbc_comms.o
                0x00001b1c                sbc_rx_pkt_count
 .text.sbc_last_centroid_dt_ms
                0x00001b30       0x2c .\ARM_GCC_541\Debug\sbc_comms.o
                0x00001b30                sbc_last_centroid_dt_ms
 .text.sbc_crc_errors
                0x00001b5c       0x14 .\ARM_GCC_541\Debug\sbc_comms.o
                0x00001b5c                sbc_crc_errors
 .text.sbc_uart_errors
                0x00001b70       0x14 .\ARM_GCC_541\Debug\sbc_comms.o
                0x00001b70                sbc_uart_errors
 .text.sbc_send_frame
                0x00001b84       0x8c .\ARM_GCC_541\Debug\sbc_comms.o
                0x00001b84                sbc_send_frame
 .text.sbc_get_state_req
                0x00001c10       0x4c .\ARM_GCC_541\Debug\sbc_comms.o
                0x00001c10                sbc_get_state_req
 .text.sbc_get_gps_target
                0x00001c5c       0x4c .\ARM_GCC_541\Debug\sbc_comms.o
                0x00001c5c                sbc_get_gps_target
 .text.sbc_send_state_ack
                0x00001ca8       0x30 .\ARM_GCC_541\Debug\sbc_comms.o
                0x00001ca8                sbc_send_state_ack
 .text.sat_i16  0x00001cd8       0x4c .\ARM_GCC_541\Debug\telemetry.o
 .text.sat_u32  0x00001d24       0x44 .\ARM_GCC_541\Debug\telemetry.o
 .text.sat_u16  0x00001d68       0x48 .\ARM_GCC_541\Debug\telemetry.o
 .text.telemetry_collect_hot
                0x00001db0      0x164 .\ARM_GCC_541\Debug\telemetry.o
                0x00001db0                telemetry_collect_hot
 .text.telemetry_collect_link
                0x00001f14       0x64 .\ARM_GCC_541\Debug\telemetry.o
                0x00001f14                telemetry_collect_link
 .text.telemetry_collect_power
                0x00001f78       0xc0 .\ARM_GCC_541\Debug\telemetry.o
                0x00001f78                telemetry_collect_power
 .text.telemetry_collect_env
                0x00002038       0x80 .\ARM_GCC_541\Debug\telemetry.o
                0x00002038                telemetry_collect_env
 .text.telemetry_collect_gps
                0x000020b8       0xa8 .\ARM_GCC_541\Debug\telemetry.o
                0x000020b8                telemetry_collect_gps
 .text.telemetry_collect_baro
                0x00002160       0x90 .\ARM_GCC_541\Debug\telemetry.o
                0x00002160                telemetry_collect_baro
 .text.telemetry_collect_mag
                0x000021f0       0xcc .\ARM_GCC_541\Debug\telemetry.o
                0x000021f0                telemetry_collect_mag
 .text.encode_hot
                0x000022bc      0x11c .\ARM_GCC_541\Debug\telemetry.o
 .text.encode_link
                0x000023d8       0x94 .\ARM_GCC_541\Debug\telemetry.o
 .text.encode_power
                0x0000246c       0x9c .\ARM_GCC_541\Debug\telemetry.o
 .text.encode_env
                0x00002508       0x58 .\ARM_GCC_541\Debug\telemetry.o
 .text.encode_gps
                0x00002560       0xe8 .\ARM_GCC_541\Debug\telemetry.o
 .text.encode_baro
                0x00002648       0x64 .\ARM_GCC_541\Debug\telemetry.o
 .text.encode_mag
                0x000026ac       0x8c .\ARM_GCC_541\Debug\telemetry.o
 .text.telemetry_send_hot_sbc
                0x00002738       0x44 .\ARM_GCC_541\Debug\telemetry.o
                0x00002738                telemetry_send_hot_sbc
 .text.telemetry_send_link_sbc
                0x0000277c       0x44 .\ARM_GCC_541\Debug\telemetry.o
                0x0000277c                telemetry_send_link_sbc
 .text.telemetry_send_power_sbc
                0x000027c0       0x44 .\ARM_GCC_541\Debug\telemetry.o
                0x000027c0                telemetry_send_power_sbc
 .text.telemetry_send_env_sbc
                0x00002804       0x44 .\ARM_GCC_541\Debug\telemetry.o
                0x00002804                telemetry_send_env_sbc
 .text.telemetry_send_gps_sbc
                0x00002848       0x44 .\ARM_GCC_541\Debug\telemetry.o
                0x00002848                telemetry_send_gps_sbc
 .text.telemetry_send_baro_sbc
                0x0000288c       0x44 .\ARM_GCC_541\Debug\telemetry.o
                0x0000288c                telemetry_send_baro_sbc
 .text.telemetry_send_mag_sbc
                0x000028d0       0x44 .\ARM_GCC_541\Debug\telemetry.o
                0x000028d0                telemetry_send_mag_sbc
 .text.telemetry_pump
                0x00002914       0xd8 .\ARM_GCC_541\Debug\telemetry.o
                0x00002914                telemetry_pump
 .text.entry_stby_defer
                0x000029ec       0x1c .\ARM_GCC_541\Debug\app_state_stby.o
                0x000029ec                entry_stby_defer
 .text.entry_stby_hold
                0x00002a08       0x1c .\ARM_GCC_541\Debug\app_state_stby.o
                0x00002a08                entry_stby_hold
 .text.entry_manu_joystick
                0x00002a24       0x1c .\ARM_GCC_541\Debug\app_state_manu.o
                0x00002a24                entry_manu_joystick
 .text.exit_manu_joystick
                0x00002a40       0x1c .\ARM_GCC_541\Debug\app_state_manu.o
                0x00002a40                exit_manu_joystick
 .text.build_manu_joystick
                0x00002a5c       0xa4 .\ARM_GCC_541\Debug\app_state_manu.o
                0x00002a5c                build_manu_joystick
 .text.nudge_apply
                0x00002b00      0x1b8 .\ARM_GCC_541\Debug\app_state_manu.o
 .text.key_manu_joystick
                0x00002cb8      0x224 .\ARM_GCC_541\Debug\app_state_manu.o
                0x00002cb8                key_manu_joystick
 .text.app_manual_tick
                0x00002edc       0xc4 .\ARM_GCC_541\Debug\app_state_manu.o
                0x00002edc                app_manual_tick
 .text.guard_auto_home
                0x00002fa0       0x38 .\ARM_GCC_541\Debug\app_state_auto.o
                0x00002fa0                guard_auto_home
 .text.guard_auto_acq_gps
                0x00002fd8       0x18 .\ARM_GCC_541\Debug\app_state_auto.o
                0x00002fd8                guard_auto_acq_gps
 .text.app_auto_tick
                0x00002ff0      0x1e0 .\ARM_GCC_541\Debug\app_state_auto.o
                0x00002ff0                app_auto_tick
 .text.entry_auto_home
                0x000031d0       0xa0 .\ARM_GCC_541\Debug\app_state_auto.o
                0x000031d0                entry_auto_home
 .text.exit_auto_home
                0x00003270       0x1c .\ARM_GCC_541\Debug\app_state_auto.o
                0x00003270                exit_auto_home
 .text.key_auto_home
                0x0000328c       0x28 .\ARM_GCC_541\Debug\app_state_auto.o
                0x0000328c                key_auto_home
 .text.build_auto_home
                0x000032b4       0x74 .\ARM_GCC_541\Debug\app_state_auto.o
                0x000032b4                build_auto_home
 .text.gps_bearing_deg
                0x00003328       0xf8 .\ARM_GCC_541\Debug\app_state_auto.o
 .text.gps_elev_deg
                0x00003420      0x15c .\ARM_GCC_541\Debug\app_state_auto.o
 .text.gps_start_slew
                0x0000357c       0x3c .\ARM_GCC_541\Debug\app_state_auto.o
 .text.gps_update_pointing
                0x000035b8       0xe8 .\ARM_GCC_541\Debug\app_state_auto.o
 .text.gps_check_settle
                0x000036a0      0x1c0 .\ARM_GCC_541\Debug\app_state_auto.o
 .text.entry_auto_acq_gps
                0x00003860       0x48 .\ARM_GCC_541\Debug\app_state_auto.o
                0x00003860                entry_auto_acq_gps
 .text.exit_auto_acq_gps
                0x000038a8       0x24 .\ARM_GCC_541\Debug\app_state_auto.o
                0x000038a8                exit_auto_acq_gps
 .text.key_auto_acq_gps
                0x000038cc       0x28 .\ARM_GCC_541\Debug\app_state_auto.o
                0x000038cc                key_auto_acq_gps
 .text.build_auto_acq_gps
                0x000038f4       0xa8 .\ARM_GCC_541\Debug\app_state_auto.o
                0x000038f4                build_auto_acq_gps
 .text.entry_auto_acq_spiral
                0x0000399c       0x1c .\ARM_GCC_541\Debug\app_state_auto.o
                0x0000399c                entry_auto_acq_spiral
 .text.entry_auto_tracking
                0x000039b8       0x2c .\ARM_GCC_541\Debug\app_state_auto.o
                0x000039b8                entry_auto_tracking
 .text.key_auto_tracking
                0x000039e4       0x28 .\ARM_GCC_541\Debug\app_state_auto.o
                0x000039e4                key_auto_tracking
 .text.build_auto_tracking
                0x00003a0c      0x120 .\ARM_GCC_541\Debug\app_state_auto.o
                0x00003a0c                build_auto_tracking
 .text.entry_auto_loss
                0x00003b2c       0x1c .\ARM_GCC_541\Debug\app_state_auto.o
                0x00003b2c                entry_auto_loss
 .text.key_auto_loss
                0x00003b48       0x28 .\ARM_GCC_541\Debug\app_state_auto.o
                0x00003b48                key_auto_loss
 .text.entry_auto_no_lock
                0x00003b70       0x1c .\ARM_GCC_541\Debug\app_state_auto.o
                0x00003b70                entry_auto_no_lock
 .text.key_auto_no_lock
                0x00003b8c       0x28 .\ARM_GCC_541\Debug\app_state_auto.o
                0x00003b8c                key_auto_no_lock
 .text.sev_str  0x00003bb4       0x40 .\ARM_GCC_541\Debug\app_state_error.o
 .text.entry_error_active
                0x00003bf4       0x80 .\ARM_GCC_541\Debug\app_state_error.o
                0x00003bf4                entry_error_active
 .text.key_error_active
                0x00003c74       0x40 .\ARM_GCC_541\Debug\app_state_error.o
                0x00003c74                key_error_active
 .text.build_error
                0x00003cb4       0x28 .\ARM_GCC_541\Debug\app_state_error.o
                0x00003cb4                build_error
 .text.rb_next  0x00003cdc       0x28 .\ARM_GCC_541\Debug\hamfly_comm_rb.o
 .text.hamfly_rb_init
                0x00003d04       0x2c .\ARM_GCC_541\Debug\hamfly_comm_rb.o
                0x00003d04                hamfly_rb_init
 .text.hamfly_rb_push
                0x00003d30       0x64 .\ARM_GCC_541\Debug\hamfly_comm_rb.o
                0x00003d30                hamfly_rb_push
 .text.hamfly_rb_pop
                0x00003d94       0x58 .\ARM_GCC_541\Debug\hamfly_comm_rb.o
                0x00003d94                hamfly_rb_pop
 .text.load_freefly_control
                0x00003dec       0x50 .\ARM_GCC_541\Debug\hamfly_core_gimbal.o
 .text.copy_qx287_to_telemetry
                0x00003e3c       0x1c .\ARM_GCC_541\Debug\hamfly_core_gimbal.o
 .text.drain_rb
                0x00003e58       0x44 .\ARM_GCC_541\Debug\hamfly_core_gimbal.o
 .text.hamfly_init
                0x00003e9c       0x5c .\ARM_GCC_541\Debug\hamfly_core_gimbal.o
                0x00003e9c                hamfly_init
 .text.hamfly_on_rx_byte
                0x00003ef8       0x3c .\ARM_GCC_541\Debug\hamfly_core_gimbal.o
                0x00003ef8                hamfly_on_rx_byte
 .text.hamfly_on_uart_err_flags
                0x00003f34       0x30 .\ARM_GCC_541\Debug\hamfly_core_gimbal.o
                0x00003f34                hamfly_on_uart_err_flags
 .text.hamfly_pump
                0x00003f64      0x27c .\ARM_GCC_541\Debug\hamfly_core_gimbal.o
                0x00003f64                hamfly_pump
 .text.hamfly_send_control
                0x000041e0       0x7c .\ARM_GCC_541\Debug\hamfly_core_gimbal.o
                0x000041e0                hamfly_send_control
 .text.hamfly_kill
                0x0000425c       0x3c .\ARM_GCC_541\Debug\hamfly_core_gimbal.o
                0x0000425c                hamfly_kill
 .text.hamfly_request_attr
                0x00004298       0xa8 .\ARM_GCC_541\Debug\hamfly_core_gimbal.o
                0x00004298                hamfly_request_attr
 .text.hamfly_get_telemetry
                0x00004340       0x30 .\ARM_GCC_541\Debug\hamfly_core_gimbal.o
                0x00004340                hamfly_get_telemetry
 .text.rd_be32  0x00004370       0x34 .\ARM_GCC_541\Debug\hamfly_core_telemetry.o
 .text.rd_be16  0x000043a4       0x28 .\ARM_GCC_541\Debug\hamfly_core_telemetry.o
 .text.rd_be_u16
                0x000043cc       0x28 .\ARM_GCC_541\Debug\hamfly_core_telemetry.o
 .text.rd_le16  0x000043f4       0x24 .\ARM_GCC_541\Debug\hamfly_core_telemetry.o
 .text.hamfly_decode_qx287
                0x00004418       0x68 .\ARM_GCC_541\Debug\hamfly_core_telemetry.o
                0x00004418                hamfly_decode_qx287
 .text.hamfly_decode_gps
                0x00004480      0x1a0 .\ARM_GCC_541\Debug\hamfly_core_telemetry.o
                0x00004480                hamfly_decode_gps
 .text.hamfly_decode_baro
                0x00004620       0x78 .\ARM_GCC_541\Debug\hamfly_core_telemetry.o
                0x00004620                hamfly_decode_baro
 .text.hamfly_decode_attitude
                0x00004698      0x144 .\ARM_GCC_541\Debug\hamfly_core_telemetry.o
                0x00004698                hamfly_decode_attitude
 .text.hamfly_decode_sysstat
                0x000047dc      0x1c8 .\ARM_GCC_541\Debug\hamfly_core_telemetry.o
                0x000047dc                hamfly_decode_sysstat
 .text.hamfly_decode_mag
                0x000049a4      0x18c .\ARM_GCC_541\Debug\hamfly_core_telemetry.o
                0x000049a4                hamfly_decode_mag
 .text.hamfly_decode_sysecho
                0x00004b30       0x7c .\ARM_GCC_541\Debug\hamfly_core_telemetry.o
                0x00004b30                hamfly_decode_sysecho
 .text.ff_api_init
                0x00004bac       0x7c .\ARM_GCC_541\Debug\hamfly_qx_app.o
 .text.ff_api_send
                0x00004c28       0x44 .\ARM_GCC_541\Debug\hamfly_qx_app.o
 .text.QX_ParsePacket_Cli_MoVI_Ctrl_CB
                0x00004c6c      0x83c .\ARM_GCC_541\Debug\hamfly_qx_app.o
 .text.QX_SendMsg2CommsPort_CB
                0x000054a8       0x64 .\ARM_GCC_541\Debug\hamfly_qx_app.o
                0x000054a8                QX_SendMsg2CommsPort_CB
 .text.QX_FwdMsg_CB
                0x0000550c       0x14 .\ARM_GCC_541\Debug\hamfly_qx_app.o
                0x0000550c                QX_FwdMsg_CB
 .text.QX_GetTicks_ms
                0x00005520       0x34 .\ARM_GCC_541\Debug\hamfly_qx_app.o
                0x00005520                QX_GetTicks_ms
 .text.QX_Parser_SetMsgPtr
                0x00005554       0x1c .\ARM_GCC_541\Debug\hamfly_qx_protocol.o
                0x00005554                QX_Parser_SetMsgPtr
 .text.QX_Parser_AdvMsgPtr
                0x00005570       0x1c .\ARM_GCC_541\Debug\hamfly_qx_protocol.o
                0x00005570                QX_Parser_AdvMsgPtr
 .text.QX_Parser_GetMsgPtr
                0x0000558c       0x14 .\ARM_GCC_541\Debug\hamfly_qx_protocol.o
                0x0000558c                QX_Parser_GetMsgPtr
 .text.QX_Parser_SetDir_Read
                0x000055a0       0x18 .\ARM_GCC_541\Debug\hamfly_qx_protocol.o
                0x000055a0                QX_Parser_SetDir_Read
 .text.QX_Parser_SetDir_WriteAbs
                0x000055b8       0x18 .\ARM_GCC_541\Debug\hamfly_qx_protocol.o
                0x000055b8                QX_Parser_SetDir_WriteAbs
 .text.AddFloatAsSignedShort
                0x000055d0       0xc8 .\ARM_GCC_541\Debug\hamfly_qx_protocol.o
                0x000055d0                AddFloatAsSignedShort
 .text.GetFloatAsSignedShort
                0x00005698      0x170 .\ARM_GCC_541\Debug\hamfly_qx_protocol.o
                0x00005698                GetFloatAsSignedShort
 .text.AddSignedShortAsSignedShort
                0x00005808       0x58 .\ARM_GCC_541\Debug\hamfly_qx_protocol.o
                0x00005808                AddSignedShortAsSignedShort
 .text.GetSignedShortAsSignedShort
                0x00005860      0x15c .\ARM_GCC_541\Debug\hamfly_qx_protocol.o
                0x00005860                GetSignedShortAsSignedShort
 .text.AddUnsignedCharAsUnsignedChar
                0x000059bc       0x3c .\ARM_GCC_541\Debug\hamfly_qx_protocol.o
                0x000059bc                AddUnsignedCharAsUnsignedChar
 .text.GetUnsignedCharAsUnsignedChar
                0x000059f8       0xc8 .\ARM_GCC_541\Debug\hamfly_qx_protocol.o
                0x000059f8                GetUnsignedCharAsUnsignedChar
 .text.AddUnsignedShortAsUnsignedShort
                0x00005ac0       0x54 .\ARM_GCC_541\Debug\hamfly_qx_protocol.o
                0x00005ac0                AddUnsignedShortAsUnsignedShort
 .text.GetUnsignedShortAsUnsignedShort
                0x00005b14       0xf8 .\ARM_GCC_541\Debug\hamfly_qx_protocol.o
                0x00005b14                GetUnsignedShortAsUnsignedShort
 .text.AddBitsAsByte
                0x00005c0c       0xcc .\ARM_GCC_541\Debug\hamfly_qx_protocol.o
                0x00005c0c                AddBitsAsByte
 .text.GetBitsAsByte
                0x00005cd8       0xdc .\ARM_GCC_541\Debug\hamfly_qx_protocol.o
                0x00005cd8                GetBitsAsByte
 .text.QX_InitMsg
                0x00005db4       0x30 .\ARM_GCC_541\Debug\hamfly_qx_protocol.o
 .text.QX_RxMsg
                0x00005de4       0xec .\ARM_GCC_541\Debug\hamfly_qx_protocol.o
 .text.QX_Srv_Rx_Read
                0x00005ed0       0x90 .\ARM_GCC_541\Debug\hamfly_qx_protocol.o
 .text.QX_Srv_Rx_Write
                0x00005f60       0xc4 .\ARM_GCC_541\Debug\hamfly_qx_protocol.o
 .text.QX_Cli_Rx_CurVal
                0x00006024       0x3c .\ARM_GCC_541\Debug\hamfly_qx_protocol.o
 .text.QX_TxMsg_Setup
                0x00006060       0x4c .\ARM_GCC_541\Debug\hamfly_qx_protocol.o
 .text.QX_TxMsg_Finish
                0x000060ac      0x1dc .\ARM_GCC_541\Debug\hamfly_qx_protocol.o
 .text.QX_BuildHeader
                0x00006288      0x188 .\ARM_GCC_541\Debug\hamfly_qx_protocol.o
 .text.QX_ParseHeader
                0x00006410      0x114 .\ARM_GCC_541\Debug\hamfly_qx_protocol.o
 .text.QX_Calc8bChecksum
                0x00006524       0x3c .\ARM_GCC_541\Debug\hamfly_qx_protocol.o
 .text.QX_AddExtdValToBuf
                0x00006560       0x88 .\ARM_GCC_541\Debug\hamfly_qx_protocol.o
 .text.QX_GetExtdValFromBuf
                0x000065e8       0x6c .\ARM_GCC_541\Debug\hamfly_qx_protocol.o
 .text.QX_compute_crc32
                0x00006654       0x4c .\ARM_GCC_541\Debug\hamfly_qx_protocol.o
 .text.QX_accumulate_crc32
                0x000066a0       0x54 .\ARM_GCC_541\Debug\hamfly_qx_protocol.o
                0x000066a0                QX_accumulate_crc32
 .text.QX_InitCli
                0x000066f4       0x24 .\ARM_GCC_541\Debug\hamfly_qx_protocol.o
                0x000066f4                QX_InitCli
 .text.QX_InitTxOptions
                0x00006718       0x3c .\ARM_GCC_541\Debug\hamfly_qx_protocol.o
                0x00006718                QX_InitTxOptions
 .text.QX_SendPacket_Srv_CurVal
                0x00006754       0x98 .\ARM_GCC_541\Debug\hamfly_qx_protocol.o
                0x00006754                QX_SendPacket_Srv_CurVal
 .text.QX_SendPacket_Cli_Read
                0x000067ec       0x80 .\ARM_GCC_541\Debug\hamfly_qx_protocol.o
                0x000067ec                QX_SendPacket_Cli_Read
 .text.QX_SendPacket_Cli_WriteABS
                0x0000686c       0x98 .\ARM_GCC_541\Debug\hamfly_qx_protocol.o
                0x0000686c                QX_SendPacket_Cli_WriteABS
 .text.QX_StreamRxCharSM
                0x00006904      0x6e0 .\ARM_GCC_541\Debug\hamfly_qx_protocol.o
                0x00006904                QX_StreamRxCharSM
 .text.CYMEMZERO
                0x00006fe4       0x1c .\ARM_GCC_541\Debug\cyfitter_cfg.o
 .text.CYCONFIGCPY
                0x00007000       0x20 .\ARM_GCC_541\Debug\cyfitter_cfg.o
 .text.CyClockStartupError
                0x00007020        0xc .\ARM_GCC_541\Debug\cyfitter_cfg.o
 .text.cfg_write_bytes32
                0x0000702c       0x74 .\ARM_GCC_541\Debug\cyfitter_cfg.o
 .text.ClockSetup
                0x000070a0      0x194 .\ARM_GCC_541\Debug\cyfitter_cfg.o
 .text.AnalogSetDefault
                0x00007234       0x44 .\ARM_GCC_541\Debug\cyfitter_cfg.o
 .text.AMux_1_Set
                0x00007278       0x6c .\ARM_GCC_541\Debug\cyfitter_cfg.o
                0x00007278                AMux_1_Set
 .text.AMux_1_Unset
                0x000072e4       0x74 .\ARM_GCC_541\Debug\cyfitter_cfg.o
                0x000072e4                AMux_1_Unset
 .text.ADC_DelSig_1_AMux_Set
                0x00007358       0x40 .\ARM_GCC_541\Debug\cyfitter_cfg.o
                0x00007358                ADC_DelSig_1_AMux_Set
 .text.ADC_DelSig_1_AMux_Unset
                0x00007398       0x44 .\ARM_GCC_541\Debug\cyfitter_cfg.o
                0x00007398                ADC_DelSig_1_AMux_Unset
 .text.cyfitter_cfg
                0x000073dc      0x1ac .\ARM_GCC_541\Debug\cyfitter_cfg.o
                0x000073dc                cyfitter_cfg
 .text.IntDefaultHandler
                0x00007588       0x14 .\ARM_GCC_541\Debug\Cm3Start.o
                0x00007588                IntDefaultHandler
 .text._sbrk    0x0000759c       0x50 .\ARM_GCC_541\Debug\Cm3Start.o
                0x0000759c                _sbrk
 .text.Start_c  0x000075ec       0x98 .\ARM_GCC_541\Debug\Cm3Start.o
                0x000075ec                Start_c
 .text.initialize_psoc
                0x00007684       0x90 .\ARM_GCC_541\Debug\Cm3Start.o
                0x00007684                initialize_psoc
 .text.ADC_DelSig_1_Init
                0x00007714      0x11c .\ARM_GCC_541\Debug\Proj07_hamflyAPI_stateMachineUpgrade.a(ADC_DelSig_1.o)
                0x00007714                ADC_DelSig_1_Init
 .text.ADC_DelSig_1_Enable
                0x00007830      0x158 .\ARM_GCC_541\Debug\Proj07_hamflyAPI_stateMachineUpgrade.a(ADC_DelSig_1.o)
                0x00007830                ADC_DelSig_1_Enable
 .text.ADC_DelSig_1_Start
                0x00007988       0x30 .\ARM_GCC_541\Debug\Proj07_hamflyAPI_stateMachineUpgrade.a(ADC_DelSig_1.o)
                0x00007988                ADC_DelSig_1_Start
 .text.ADC_DelSig_1_StartConvert
                0x000079b8       0x20 .\ARM_GCC_541\Debug\Proj07_hamflyAPI_stateMachineUpgrade.a(ADC_DelSig_1.o)
                0x000079b8                ADC_DelSig_1_StartConvert
 .text.ADC_DelSig_1_StopConvert
                0x000079d8       0x20 .\ARM_GCC_541\Debug\Proj07_hamflyAPI_stateMachineUpgrade.a(ADC_DelSig_1.o)
                0x000079d8                ADC_DelSig_1_StopConvert
 .text.ADC_DelSig_1_GetResult16
                0x000079f8       0x7c .\ARM_GCC_541\Debug\Proj07_hamflyAPI_stateMachineUpgrade.a(ADC_DelSig_1.o)
                0x000079f8                ADC_DelSig_1_GetResult16
 .text.ADC_DelSig_1_InitConfig
                0x00007a74      0x164 .\ARM_GCC_541\Debug\Proj07_hamflyAPI_stateMachineUpgrade.a(ADC_DelSig_1.o)
 .text.ADC_DelSig_1_GainCompensation
                0x00007bd8      0x170 .\ARM_GCC_541\Debug\Proj07_hamflyAPI_stateMachineUpgrade.a(ADC_DelSig_1.o)
 .text.ADC_DelSig_1_SetDSMRef0Reg
                0x00007d48       0x7c .\ARM_GCC_541\Debug\Proj07_hamflyAPI_stateMachineUpgrade.a(ADC_DelSig_1.o)
 .text.ADC_DelSig_1_ISR1
                0x00007dc4        0xc .\ARM_GCC_541\Debug\Proj07_hamflyAPI_stateMachineUpgrade.a(ADC_DelSig_1_INT.o)
                0x00007dc4                ADC_DelSig_1_ISR1
 .text.AMux_1_Start
                0x00007dd0       0x34 .\ARM_GCC_541\Debug\Proj07_hamflyAPI_stateMachineUpgrade.a(AMux_1.o)
                0x00007dd0                AMux_1_Start
 .text.AMux_1_FastSelect
                0x00007e04       0x38 .\ARM_GCC_541\Debug\Proj07_hamflyAPI_stateMachineUpgrade.a(AMux_1.o)
                0x00007e04                AMux_1_FastSelect
 .text.isr_adc_StartEx
                0x00007e3c       0x24 .\ARM_GCC_541\Debug\Proj07_hamflyAPI_stateMachineUpgrade.a(isr_adc.o)
                0x00007e3c                isr_adc_StartEx
 .text.isr_adc_SetVector
                0x00007e60       0x24 .\ARM_GCC_541\Debug\Proj07_hamflyAPI_stateMachineUpgrade.a(isr_adc.o)
                0x00007e60                isr_adc_SetVector
 .text.isr_adc_SetPriority
                0x00007e84       0x24 .\ARM_GCC_541\Debug\Proj07_hamflyAPI_stateMachineUpgrade.a(isr_adc.o)
                0x00007e84                isr_adc_SetPriority
 .text.isr_adc_Enable
                0x00007ea8       0x18 .\ARM_GCC_541\Debug\Proj07_hamflyAPI_stateMachineUpgrade.a(isr_adc.o)
                0x00007ea8                isr_adc_Enable
 .text.isr_adc_Disable
                0x00007ec0       0x18 .\ARM_GCC_541\Debug\Proj07_hamflyAPI_stateMachineUpgrade.a(isr_adc.o)
                0x00007ec0                isr_adc_Disable
 .text.isr_adc_ClearPending
                0x00007ed8       0x18 .\ARM_GCC_541\Debug\Proj07_hamflyAPI_stateMachineUpgrade.a(isr_adc.o)
                0x00007ed8                isr_adc_ClearPending
 .text.UART_MOVI_Start
                0x00007ef0       0x24 .\ARM_GCC_541\Debug\Proj07_hamflyAPI_stateMachineUpgrade.a(UART_MOVI.o)
                0x00007ef0                UART_MOVI_Start
 .text.UART_MOVI_Init
                0x00007f14       0x40 .\ARM_GCC_541\Debug\Proj07_hamflyAPI_stateMachineUpgrade.a(UART_MOVI.o)
                0x00007f14                UART_MOVI_Init
 .text.UART_MOVI_Enable
                0x00007f54       0x5c .\ARM_GCC_541\Debug\Proj07_hamflyAPI_stateMachineUpgrade.a(UART_MOVI.o)
                0x00007f54                UART_MOVI_Enable
 .text.UART_MOVI_ClearRxBuffer
                0x00007fb0       0x44 .\ARM_GCC_541\Debug\Proj07_hamflyAPI_stateMachineUpgrade.a(UART_MOVI.o)
                0x00007fb0                UART_MOVI_ClearRxBuffer
 .text.UART_MOVI_PutChar
                0x00007ff4       0x34 .\ARM_GCC_541\Debug\Proj07_hamflyAPI_stateMachineUpgrade.a(UART_MOVI.o)
                0x00007ff4                UART_MOVI_PutChar
 .text.UART_MOVI_ClearTxBuffer
                0x00008028       0x44 .\ARM_GCC_541\Debug\Proj07_hamflyAPI_stateMachineUpgrade.a(UART_MOVI.o)
                0x00008028                UART_MOVI_ClearTxBuffer
 .text.isr_rx_movi_StartEx
                0x0000806c       0x24 .\ARM_GCC_541\Debug\Proj07_hamflyAPI_stateMachineUpgrade.a(isr_rx_movi.o)
                0x0000806c                isr_rx_movi_StartEx
 .text.isr_rx_movi_SetVector
                0x00008090       0x24 .\ARM_GCC_541\Debug\Proj07_hamflyAPI_stateMachineUpgrade.a(isr_rx_movi.o)
                0x00008090                isr_rx_movi_SetVector
 .text.isr_rx_movi_SetPriority
                0x000080b4       0x24 .\ARM_GCC_541\Debug\Proj07_hamflyAPI_stateMachineUpgrade.a(isr_rx_movi.o)
                0x000080b4                isr_rx_movi_SetPriority
 .text.isr_rx_movi_Enable
                0x000080d8       0x18 .\ARM_GCC_541\Debug\Proj07_hamflyAPI_stateMachineUpgrade.a(isr_rx_movi.o)
                0x000080d8                isr_rx_movi_Enable
 .text.isr_rx_movi_Disable
                0x000080f0       0x18 .\ARM_GCC_541\Debug\Proj07_hamflyAPI_stateMachineUpgrade.a(isr_rx_movi.o)
                0x000080f0                isr_rx_movi_Disable
 .text.Looptimer_Init
                0x00008108       0xa0 .\ARM_GCC_541\Debug\Proj07_hamflyAPI_stateMachineUpgrade.a(Looptimer.o)
                0x00008108                Looptimer_Init
 .text.Looptimer_Enable
                0x000081a8       0x48 .\ARM_GCC_541\Debug\Proj07_hamflyAPI_stateMachineUpgrade.a(Looptimer.o)
                0x000081a8                Looptimer_Enable
 .text.Looptimer_Start
                0x000081f0       0x24 .\ARM_GCC_541\Debug\Proj07_hamflyAPI_stateMachineUpgrade.a(Looptimer.o)
                0x000081f0                Looptimer_Start
 .text.Looptimer_SetInterruptMode
                0x00008214       0x20 .\ARM_GCC_541\Debug\Proj07_hamflyAPI_stateMachineUpgrade.a(Looptimer.o)
                0x00008214                Looptimer_SetInterruptMode
 .text.Looptimer_ReadStatusRegister
                0x00008234       0x18 .\ARM_GCC_541\Debug\Proj07_hamflyAPI_stateMachineUpgrade.a(Looptimer.o)
                0x00008234                Looptimer_ReadStatusRegister
 .text.Looptimer_WritePeriod
                0x0000824c       0x24 .\ARM_GCC_541\Debug\Proj07_hamflyAPI_stateMachineUpgrade.a(Looptimer.o)
                0x0000824c                Looptimer_WritePeriod
 .text.Looptimer_WriteCounter
                0x00008270       0x20 .\ARM_GCC_541\Debug\Proj07_hamflyAPI_stateMachineUpgrade.a(Looptimer.o)
                0x00008270                Looptimer_WriteCounter
 .text.isr_Looptimer_StartEx
                0x00008290       0x24 .\ARM_GCC_541\Debug\Proj07_hamflyAPI_stateMachineUpgrade.a(isr_Looptimer.o)
                0x00008290                isr_Looptimer_StartEx
 .text.isr_Looptimer_SetVector
                0x000082b4       0x24 .\ARM_GCC_541\Debug\Proj07_hamflyAPI_stateMachineUpgrade.a(isr_Looptimer.o)
                0x000082b4                isr_Looptimer_SetVector
 .text.isr_Looptimer_SetPriority
                0x000082d8       0x24 .\ARM_GCC_541\Debug\Proj07_hamflyAPI_stateMachineUpgrade.a(isr_Looptimer.o)
                0x000082d8                isr_Looptimer_SetPriority
 .text.isr_Looptimer_Enable
                0x000082fc       0x18 .\ARM_GCC_541\Debug\Proj07_hamflyAPI_stateMachineUpgrade.a(isr_Looptimer.o)
                0x000082fc                isr_Looptimer_Enable
 .text.isr_Looptimer_Disable
                0x00008314       0x18 .\ARM_GCC_541\Debug\Proj07_hamflyAPI_stateMachineUpgrade.a(isr_Looptimer.o)
                0x00008314                isr_Looptimer_Disable
 .text.EEPROM_CONFIG_Enable
                0x0000832c       0x10 .\ARM_GCC_541\Debug\Proj07_hamflyAPI_stateMachineUpgrade.a(EEPROM_CONFIG.o)
                0x0000832c                EEPROM_CONFIG_Enable
 .text.EEPROM_CONFIG_Start
                0x0000833c        0xc .\ARM_GCC_541\Debug\Proj07_hamflyAPI_stateMachineUpgrade.a(EEPROM_CONFIG.o)
                0x0000833c                EEPROM_CONFIG_Start
 .text.ADC_DelSig_1_AMux_Start
                0x00008348       0x34 .\ARM_GCC_541\Debug\Proj07_hamflyAPI_stateMachineUpgrade.a(ADC_DelSig_1_AMux.o)
                0x00008348                ADC_DelSig_1_AMux_Start
 .text.ADC_DelSig_1_AMux_Select
                0x0000837c       0x28 .\ARM_GCC_541\Debug\Proj07_hamflyAPI_stateMachineUpgrade.a(ADC_DelSig_1_AMux.o)
                0x0000837c                ADC_DelSig_1_AMux_Select
 .text.ADC_DelSig_1_Ext_CP_Clk_SetDividerRegister
                0x000083a4      0x164 .\ARM_GCC_541\Debug\Proj07_hamflyAPI_stateMachineUpgrade.a(ADC_DelSig_1_Ext_CP_Clk.o)
                0x000083a4                ADC_DelSig_1_Ext_CP_Clk_SetDividerRegister
 .text.ADC_DelSig_1_Ext_CP_Clk_GetDividerRegister
                0x00008508       0x18 .\ARM_GCC_541\Debug\Proj07_hamflyAPI_stateMachineUpgrade.a(ADC_DelSig_1_Ext_CP_Clk.o)
                0x00008508                ADC_DelSig_1_Ext_CP_Clk_GetDividerRegister
 .text.ADC_DelSig_1_Ext_CP_Clk_SetModeRegister
                0x00008520       0x34 .\ARM_GCC_541\Debug\Proj07_hamflyAPI_stateMachineUpgrade.a(ADC_DelSig_1_Ext_CP_Clk.o)
                0x00008520                ADC_DelSig_1_Ext_CP_Clk_SetModeRegister
 .text.ADC_DelSig_1_Ext_CP_Clk_GetSourceRegister
                0x00008554       0x1c .\ARM_GCC_541\Debug\Proj07_hamflyAPI_stateMachineUpgrade.a(ADC_DelSig_1_Ext_CP_Clk.o)
                0x00008554                ADC_DelSig_1_Ext_CP_Clk_GetSourceRegister
 .text.ADC_DelSig_1_theACLK_SetDividerRegister
                0x00008570      0x164 .\ARM_GCC_541\Debug\Proj07_hamflyAPI_stateMachineUpgrade.a(ADC_DelSig_1_theACLK.o)
                0x00008570                ADC_DelSig_1_theACLK_SetDividerRegister
 .text.ADC_DelSig_1_theACLK_GetDividerRegister
                0x000086d4       0x18 .\ARM_GCC_541\Debug\Proj07_hamflyAPI_stateMachineUpgrade.a(ADC_DelSig_1_theACLK.o)
                0x000086d4                ADC_DelSig_1_theACLK_GetDividerRegister
 .text.ADC_DelSig_1_theACLK_SetModeRegister
                0x000086ec       0x34 .\ARM_GCC_541\Debug\Proj07_hamflyAPI_stateMachineUpgrade.a(ADC_DelSig_1_theACLK.o)
                0x000086ec                ADC_DelSig_1_theACLK_SetModeRegister
 .text.ADC_DelSig_1_theACLK_GetSourceRegister
                0x00008720       0x1c .\ARM_GCC_541\Debug\Proj07_hamflyAPI_stateMachineUpgrade.a(ADC_DelSig_1_theACLK.o)
                0x00008720                ADC_DelSig_1_theACLK_GetSourceRegister
 .text.CySetTempInt
                0x0000873c       0x7c .\ARM_GCC_541\Debug\Proj07_hamflyAPI_stateMachineUpgrade.a(CyFlash.o)
 .text.CyFlashGetSpcAlgorithm
                0x000087b8       0x70 .\ARM_GCC_541\Debug\Proj07_hamflyAPI_stateMachineUpgrade.a(CyFlash.o)
                0x000087b8                CyFlashGetSpcAlgorithm
 .text.CySetTemp
                0x00008828       0x24 .\ARM_GCC_541\Debug\Proj07_hamflyAPI_stateMachineUpgrade.a(CyFlash.o)
                0x00008828                CySetTemp
 .text.CyEEPROM_Start
                0x0000884c       0x8c .\ARM_GCC_541\Debug\Proj07_hamflyAPI_stateMachineUpgrade.a(CyFlash.o)
                0x0000884c                CyEEPROM_Start
 .text.CyHalt   0x000088d8       0x18 .\ARM_GCC_541\Debug\Proj07_hamflyAPI_stateMachineUpgrade.a(CyLib.o)
                0x000088d8                CyHalt
 .text.CyDelayUs
                0x000088f0       0x28 .\ARM_GCC_541\Debug\Proj07_hamflyAPI_stateMachineUpgrade.a(CyLib.o)
                0x000088f0                CyDelayUs
 .text.CyIntSetVector
                0x00008918       0x50 .\ARM_GCC_541\Debug\Proj07_hamflyAPI_stateMachineUpgrade.a(CyLib.o)
                0x00008918                CyIntSetVector
 .text.CyIntSetPriority
                0x00008968       0x48 .\ARM_GCC_541\Debug\Proj07_hamflyAPI_stateMachineUpgrade.a(CyLib.o)
                0x00008968                CyIntSetPriority
 .text.CySpcStart
                0x000089b0       0x48 .\ARM_GCC_541\Debug\Proj07_hamflyAPI_stateMachineUpgrade.a(CySpc.o)
                0x000089b0                CySpcStart
 .text.CySpcReadData
                0x000089f8       0x54 .\ARM_GCC_541\Debug\Proj07_hamflyAPI_stateMachineUpgrade.a(CySpc.o)
                0x000089f8                CySpcReadData
 .text.CySpcGetTemp
                0x00008a4c       0x64 .\ARM_GCC_541\Debug\Proj07_hamflyAPI_stateMachineUpgrade.a(CySpc.o)
                0x00008a4c                CySpcGetTemp
 .text.CySpcLock
                0x00008ab0       0x68 .\ARM_GCC_541\Debug\Proj07_hamflyAPI_stateMachineUpgrade.a(CySpc.o)
                0x00008ab0                CySpcLock
 .text.CySpcUnlock
                0x00008b18       0x50 .\ARM_GCC_541\Debug\Proj07_hamflyAPI_stateMachineUpgrade.a(CySpc.o)
                0x00008b18                CySpcUnlock
 .text.CySpcGetAlgorithm
                0x00008b68       0x44 .\ARM_GCC_541\Debug\Proj07_hamflyAPI_stateMachineUpgrade.a(CySpc.o)
                0x00008b68                CySpcGetAlgorithm
 .text.UART_DEBUG_Start
                0x00008bac       0x24 .\ARM_GCC_541\Debug\Proj07_hamflyAPI_stateMachineUpgrade.a(UART_DEBUG.o)
                0x00008bac                UART_DEBUG_Start
 .text.UART_DEBUG_Init
                0x00008bd0       0x40 .\ARM_GCC_541\Debug\Proj07_hamflyAPI_stateMachineUpgrade.a(UART_DEBUG.o)
                0x00008bd0                UART_DEBUG_Init
 .text.UART_DEBUG_Enable
                0x00008c10       0x60 .\ARM_GCC_541\Debug\Proj07_hamflyAPI_stateMachineUpgrade.a(UART_DEBUG.o)
                0x00008c10                UART_DEBUG_Enable
 .text.UART_DEBUG_GetChar
                0x00008c70       0x44 .\ARM_GCC_541\Debug\Proj07_hamflyAPI_stateMachineUpgrade.a(UART_DEBUG.o)
                0x00008c70                UART_DEBUG_GetChar
 .text.UART_DEBUG_PutChar
                0x00008cb4       0x34 .\ARM_GCC_541\Debug\Proj07_hamflyAPI_stateMachineUpgrade.a(UART_DEBUG.o)
                0x00008cb4                UART_DEBUG_PutChar
 .text.UART_DEBUG_PutString
                0x00008ce8       0x44 .\ARM_GCC_541\Debug\Proj07_hamflyAPI_stateMachineUpgrade.a(UART_DEBUG.o)
                0x00008ce8                UART_DEBUG_PutString
 .text.UART_DEBUG_IntClock_Start
                0x00008d2c       0x34 .\ARM_GCC_541\Debug\Proj07_hamflyAPI_stateMachineUpgrade.a(UART_DEBUG_IntClock.o)
                0x00008d2c                UART_DEBUG_IntClock_Start
 .text.UART_SBC_Start
                0x00008d60       0x24 .\ARM_GCC_541\Debug\Proj07_hamflyAPI_stateMachineUpgrade.a(UART_SBC.o)
                0x00008d60                UART_SBC_Start
 .text.UART_SBC_Init
                0x00008d84       0x40 .\ARM_GCC_541\Debug\Proj07_hamflyAPI_stateMachineUpgrade.a(UART_SBC.o)
                0x00008d84                UART_SBC_Init
 .text.UART_SBC_Enable
                0x00008dc4       0x60 .\ARM_GCC_541\Debug\Proj07_hamflyAPI_stateMachineUpgrade.a(UART_SBC.o)
                0x00008dc4                UART_SBC_Enable
 .text.UART_SBC_ClearRxBuffer
                0x00008e24       0x44 .\ARM_GCC_541\Debug\Proj07_hamflyAPI_stateMachineUpgrade.a(UART_SBC.o)
                0x00008e24                UART_SBC_ClearRxBuffer
 .text.UART_SBC_PutChar
                0x00008e68       0x34 .\ARM_GCC_541\Debug\Proj07_hamflyAPI_stateMachineUpgrade.a(UART_SBC.o)
                0x00008e68                UART_SBC_PutChar
 .text.UART_SBC_ClearTxBuffer
                0x00008e9c       0x44 .\ARM_GCC_541\Debug\Proj07_hamflyAPI_stateMachineUpgrade.a(UART_SBC.o)
                0x00008e9c                UART_SBC_ClearTxBuffer
 .text.isr_rx_sbc_StartEx
                0x00008ee0       0x24 .\ARM_GCC_541\Debug\Proj07_hamflyAPI_stateMachineUpgrade.a(isr_rx_sbc.o)
                0x00008ee0                isr_rx_sbc_StartEx
 .text.isr_rx_sbc_SetVector
                0x00008f04       0x24 .\ARM_GCC_541\Debug\Proj07_hamflyAPI_stateMachineUpgrade.a(isr_rx_sbc.o)
                0x00008f04                isr_rx_sbc_SetVector
 .text.isr_rx_sbc_SetPriority
                0x00008f28       0x24 .\ARM_GCC_541\Debug\Proj07_hamflyAPI_stateMachineUpgrade.a(isr_rx_sbc.o)
                0x00008f28                isr_rx_sbc_SetPriority
 .text.isr_rx_sbc_Enable
                0x00008f4c       0x18 .\ARM_GCC_541\Debug\Proj07_hamflyAPI_stateMachineUpgrade.a(isr_rx_sbc.o)
                0x00008f4c                isr_rx_sbc_Enable
 .text.isr_rx_sbc_Disable
                0x00008f64       0x18 .\ARM_GCC_541\Debug\Proj07_hamflyAPI_stateMachineUpgrade.a(isr_rx_sbc.o)
                0x00008f64                isr_rx_sbc_Disable
 .text.UART_SBC_IntClock_Start
                0x00008f7c       0x34 .\ARM_GCC_541\Debug\Proj07_hamflyAPI_stateMachineUpgrade.a(UART_SBC_IntClock.o)
                0x00008f7c                UART_SBC_IntClock_Start
 .text.Pin_Debug_SuperLoop_Write
                0x00008fb0       0x3c .\ARM_GCC_541\Debug\Proj07_hamflyAPI_stateMachineUpgrade.a(Pin_Debug_SuperLoop.o)
                0x00008fb0                Pin_Debug_SuperLoop_Write
 .text.Pin_Debug_SuperLoop_Read
                0x00008fec       0x20 .\ARM_GCC_541\Debug\Proj07_hamflyAPI_stateMachineUpgrade.a(Pin_Debug_SuperLoop.o)
                0x00008fec                Pin_Debug_SuperLoop_Read
 .text.Pin_Debug_CoarseCentroid_Write
                0x0000900c       0x3c .\ARM_GCC_541\Debug\Proj07_hamflyAPI_stateMachineUpgrade.a(Pin_Debug_CoarseCentroid.o)
                0x0000900c                Pin_Debug_CoarseCentroid_Write
 .text.Pin_Debug_CoarseCentroid_Read
                0x00009048       0x20 .\ARM_GCC_541\Debug\Proj07_hamflyAPI_stateMachineUpgrade.a(Pin_Debug_CoarseCentroid.o)
                0x00009048                Pin_Debug_CoarseCentroid_Read
 .text          0x00009068       0x54 .\ARM_GCC_541\Debug\Proj07_hamflyAPI_stateMachineUpgrade.a(CyBootAsmGnu.o)
                0x00009068                CyDelayCycles
                0x000090a6                CyEnterCriticalSection
                0x000090ae                CyExitCriticalSection
 .text.cosf     0x000090bc       0x78 c:/program files (x86)/cypress/psoc creator/4.4/psoc creator/import/gnu/arm/5.4.1/bin/../lib/gcc/arm-none-eabi/5.4.1/../../../../arm-none-eabi/lib/armv7-m\libm.a(lib_a-sf_cos.o)
                0x000090bc                cosf
 .text.sinf     0x00009134       0x7c c:/program files (x86)/cypress/psoc creator/4.4/psoc creator/import/gnu/arm/5.4.1/bin/../lib/gcc/arm-none-eabi/5.4.1/../../../../arm-none-eabi/lib/armv7-m\libm.a(lib_a-sf_sin.o)
                0x00009134                sinf
 .text.atan2f   0x000091b0        0x4 c:/program files (x86)/cypress/psoc creator/4.4/psoc creator/import/gnu/arm/5.4.1/bin/../lib/gcc/arm-none-eabi/5.4.1/../../../../arm-none-eabi/lib/armv7-m\libm.a(lib_a-wf_atan2.o)
                0x000091b0                atan2f
 .text.sqrtf    0x000091b4       0x9c c:/program files (x86)/cypress/psoc creator/4.4/psoc creator/import/gnu/arm/5.4.1/bin/../lib/gcc/arm-none-eabi/5.4.1/../../../../arm-none-eabi/lib/armv7-m\libm.a(lib_a-wf_sqrt.o)
                0x000091b4                sqrtf
 .text.__ieee754_atan2f
                0x00009250      0x124 c:/program files (x86)/cypress/psoc creator/4.4/psoc creator/import/gnu/arm/5.4.1/bin/../lib/gcc/arm-none-eabi/5.4.1/../../../../arm-none-eabi/lib/armv7-m\libm.a(lib_a-ef_atan2.o)
                0x00009250                __ieee754_atan2f
 .text.__ieee754_rem_pio2f
                0x00009374      0x2e4 c:/program files (x86)/cypress/psoc creator/4.4/psoc creator/import/gnu/arm/5.4.1/bin/../lib/gcc/arm-none-eabi/5.4.1/../../../../arm-none-eabi/lib/armv7-m\libm.a(lib_a-ef_rem_pio2.o)
                0x00009374                __ieee754_rem_pio2f
 .text.__ieee754_sqrtf
                0x00009658       0xa8 c:/program files (x86)/cypress/psoc creator/4.4/psoc creator/import/gnu/arm/5.4.1/bin/../lib/gcc/arm-none-eabi/5.4.1/../../../../arm-none-eabi/lib/armv7-m\libm.a(lib_a-ef_sqrt.o)
                0x00009658                __ieee754_sqrtf
 .text.__kernel_cosf
                0x00009700      0x188 c:/program files (x86)/cypress/psoc creator/4.4/psoc creator/import/gnu/arm/5.4.1/bin/../lib/gcc/arm-none-eabi/5.4.1/../../../../arm-none-eabi/lib/armv7-m\libm.a(lib_a-kf_cos.o)
                0x00009700                __kernel_cosf
 .text.__kernel_rem_pio2f
                0x00009888      0x6a0 c:/program files (x86)/cypress/psoc creator/4.4/psoc creator/import/gnu/arm/5.4.1/bin/../lib/gcc/arm-none-eabi/5.4.1/../../../../arm-none-eabi/lib/armv7-m\libm.a(lib_a-kf_rem_pio2.o)
                0x00009888                __kernel_rem_pio2f
 .text.__kernel_sinf
                0x00009f28       0xec c:/program files (x86)/cypress/psoc creator/4.4/psoc creator/import/gnu/arm/5.4.1/bin/../lib/gcc/arm-none-eabi/5.4.1/../../../../arm-none-eabi/lib/armv7-m\libm.a(lib_a-kf_sin.o)
                0x00009f28                __kernel_sinf
 .text.matherr  0x0000a014        0x4 c:/program files (x86)/cypress/psoc creator/4.4/psoc creator/import/gnu/arm/5.4.1/bin/../lib/gcc/arm-none-eabi/5.4.1/../../../../arm-none-eabi/lib/armv7-m\libm.a(lib_a-s_matherr.o)
                0x0000a014                matherr
 .text.atanf    0x0000a018      0x22c c:/program files (x86)/cypress/psoc creator/4.4/psoc creator/import/gnu/arm/5.4.1/bin/../lib/gcc/arm-none-eabi/5.4.1/../../../../arm-none-eabi/lib/armv7-m\libm.a(lib_a-sf_atan.o)
                0x0000a018                atanf
 .text.fabsf    0x0000a244        0x8 c:/program files (x86)/cypress/psoc creator/4.4/psoc creator/import/gnu/arm/5.4.1/bin/../lib/gcc/arm-none-eabi/5.4.1/../../../../arm-none-eabi/lib/armv7-m\libm.a(lib_a-sf_fabs.o)
                0x0000a244                fabsf
 .text.floorf   0x0000a24c       0x8c c:/program files (x86)/cypress/psoc creator/4.4/psoc creator/import/gnu/arm/5.4.1/bin/../lib/gcc/arm-none-eabi/5.4.1/../../../../arm-none-eabi/lib/armv7-m\libm.a(lib_a-sf_floor.o)
                0x0000a24c                floorf
 .text.scalbnf  0x0000a2d8       0xb0 c:/program files (x86)/cypress/psoc creator/4.4/psoc creator/import/gnu/arm/5.4.1/bin/../lib/gcc/arm-none-eabi/5.4.1/../../../../arm-none-eabi/lib/armv7-m\libm.a(lib_a-sf_scalbn.o)
                0x0000a2d8                scalbnf
 .text.copysignf
                0x0000a388        0xc c:/program files (x86)/cypress/psoc creator/4.4/psoc creator/import/gnu/arm/5.4.1/bin/../lib/gcc/arm-none-eabi/5.4.1/../../../../arm-none-eabi/lib/armv7-m\libm.a(lib_a-sf_copysign.o)
                0x0000a388                copysignf
 .text          0x0000a394      0x370 c:/program files (x86)/cypress/psoc creator/4.4/psoc creator/import/gnu/arm/5.4.1/bin/../lib/gcc/arm-none-eabi/5.4.1/armv7-m\libgcc.a(_arm_addsubdf3.o)
                0x0000a394                __aeabi_drsub
                0x0000a39c                __aeabi_dsub
                0x0000a39c                __subdf3
                0x0000a3a0                __aeabi_dadd
                0x0000a3a0                __adddf3
                0x0000a618                __floatunsidf
                0x0000a618                __aeabi_ui2d
                0x0000a638                __floatsidf
                0x0000a638                __aeabi_i2d
                0x0000a65c                __aeabi_f2d
                0x0000a65c                __extendsfdf2
                0x0000a698                __floatundidf
                0x0000a698                __aeabi_ul2d
                0x0000a6a8                __floatdidf
                0x0000a6a8                __aeabi_l2d
 .text          0x0000a704      0x424 c:/program files (x86)/cypress/psoc creator/4.4/psoc creator/import/gnu/arm/5.4.1/bin/../lib/gcc/arm-none-eabi/5.4.1/armv7-m\libgcc.a(_arm_muldivdf3.o)
                0x0000a704                __aeabi_dmul
                0x0000a704                __muldf3
                0x0000a958                __divdf3
                0x0000a958                __aeabi_ddiv
 .text          0x0000ab28      0x110 c:/program files (x86)/cypress/psoc creator/4.4/psoc creator/import/gnu/arm/5.4.1/bin/../lib/gcc/arm-none-eabi/5.4.1/armv7-m\libgcc.a(_arm_cmpdf2.o)
                0x0000ab28                __gtdf2
                0x0000ab28                __gedf2
                0x0000ab30                __ltdf2
                0x0000ab30                __ledf2
                0x0000ab38                __nedf2
                0x0000ab38                __eqdf2
                0x0000ab38                __cmpdf2
                0x0000abb4                __aeabi_cdrcmple
                0x0000abc4                __aeabi_cdcmpeq
                0x0000abc4                __aeabi_cdcmple
                0x0000abd4                __aeabi_dcmpeq
                0x0000abe8                __aeabi_dcmplt
                0x0000abfc                __aeabi_dcmple
                0x0000ac10                __aeabi_dcmpge
                0x0000ac24                __aeabi_dcmpgt
 .text          0x0000ac38       0x2c c:/program files (x86)/cypress/psoc creator/4.4/psoc creator/import/gnu/arm/5.4.1/bin/../lib/gcc/arm-none-eabi/5.4.1/armv7-m\libgcc.a(_arm_unorddf2.o)
                0x0000ac38                __unorddf2
                0x0000ac38                __aeabi_dcmpun
 .text          0x0000ac64       0x50 c:/program files (x86)/cypress/psoc creator/4.4/psoc creator/import/gnu/arm/5.4.1/bin/../lib/gcc/arm-none-eabi/5.4.1/armv7-m\libgcc.a(_arm_fixdfsi.o)
                0x0000ac64                __aeabi_d2iz
                0x0000ac64                __fixdfsi
 .text          0x0000acb4       0xa0 c:/program files (x86)/cypress/psoc creator/4.4/psoc creator/import/gnu/arm/5.4.1/bin/../lib/gcc/arm-none-eabi/5.4.1/armv7-m\libgcc.a(_arm_truncdfsf2.o)
                0x0000acb4                __truncdfsf2
                0x0000acb4                __aeabi_d2f
 .text          0x0000ad54      0x21c c:/program files (x86)/cypress/psoc creator/4.4/psoc creator/import/gnu/arm/5.4.1/bin/../lib/gcc/arm-none-eabi/5.4.1/armv7-m\libgcc.a(_arm_addsubsf3.o)
                0x0000ad54                __aeabi_frsub
                0x0000ad5c                __subsf3
                0x0000ad5c                __aeabi_fsub
                0x0000ad60                __aeabi_fadd
                0x0000ad60                __addsf3
                0x0000aec0                __aeabi_ui2f
                0x0000aec0                __floatunsisf
                0x0000aec8                __aeabi_i2f
                0x0000aec8                __floatsisf
                0x0000aee4                __aeabi_ul2f
                0x0000aee4                __floatundisf
                0x0000aef4                __aeabi_l2f
                0x0000aef4                __floatdisf
 .text          0x0000af70      0x2a0 c:/program files (x86)/cypress/psoc creator/4.4/psoc creator/import/gnu/arm/5.4.1/bin/../lib/gcc/arm-none-eabi/5.4.1/armv7-m\libgcc.a(_arm_muldivsf3.o)
                0x0000af70                __mulsf3
                0x0000af70                __aeabi_fmul
                0x0000b0d8                __aeabi_fdiv
                0x0000b0d8                __divsf3
 .text          0x0000b210       0xec c:/program files (x86)/cypress/psoc creator/4.4/psoc creator/import/gnu/arm/5.4.1/bin/../lib/gcc/arm-none-eabi/5.4.1/armv7-m\libgcc.a(_arm_cmpsf2.o)
                0x0000b210                __gesf2
                0x0000b210                __gtsf2
                0x0000b218                __lesf2
                0x0000b218                __ltsf2
                0x0000b220                __nesf2
                0x0000b220                __eqsf2
                0x0000b220                __cmpsf2
                0x0000b280                __aeabi_cfrcmple
                0x0000b288                __aeabi_cfcmpeq
                0x0000b288                __aeabi_cfcmple
                0x0000b298                __aeabi_fcmpeq
                0x0000b2ac                __aeabi_fcmplt
                0x0000b2c0                __aeabi_fcmple
                0x0000b2d4                __aeabi_fcmpge
                0x0000b2e8                __aeabi_fcmpgt
 .text          0x0000b2fc       0x2c c:/program files (x86)/cypress/psoc creator/4.4/psoc creator/import/gnu/arm/5.4.1/bin/../lib/gcc/arm-none-eabi/5.4.1/armv7-m\libgcc.a(_arm_unordsf2.o)
                0x0000b2fc                __unordsf2
                0x0000b2fc                __aeabi_fcmpun
 .text          0x0000b328       0x4c c:/program files (x86)/cypress/psoc creator/4.4/psoc creator/import/gnu/arm/5.4.1/bin/../lib/gcc/arm-none-eabi/5.4.1/armv7-m\libgcc.a(_arm_fixsfsi.o)
                0x0000b328                __aeabi_f2iz
                0x0000b328                __fixsfsi
 .text          0x0000b374       0x40 c:/program files (x86)/cypress/psoc creator/4.4/psoc creator/import/gnu/arm/5.4.1/bin/../lib/gcc/arm-none-eabi/5.4.1/armv7-m\libgcc.a(_arm_fixunssfsi.o)
                0x0000b374                __fixunssfsi
                0x0000b374                __aeabi_f2uiz
 .text.__errno  0x0000b3b4        0xc c:/program files (x86)/cypress/psoc creator/4.4/psoc creator/import/gnu/arm/5.4.1/bin/../lib/gcc/arm-none-eabi/5.4.1/../../../../arm-none-eabi/lib/armv7-m\libg_nano.a(lib_a-errno.o)
                0x0000b3b4                __errno
 .text.__libc_init_array
                0x0000b3c0       0x4c c:/program files (x86)/cypress/psoc creator/4.4/psoc creator/import/gnu/arm/5.4.1/bin/../lib/gcc/arm-none-eabi/5.4.1/../../../../arm-none-eabi/lib/armv7-m\libg_nano.a(lib_a-init.o)
                0x0000b3c0                __libc_init_array
 .text.memcpy   0x0000b40c       0x16 c:/program files (x86)/cypress/psoc creator/4.4/psoc creator/import/gnu/arm/5.4.1/bin/../lib/gcc/arm-none-eabi/5.4.1/../../../../arm-none-eabi/lib/armv7-m\libg_nano.a(lib_a-memcpy-stub.o)
                0x0000b40c                memcpy
 .text.memset   0x0000b422       0x10 c:/program files (x86)/cypress/psoc creator/4.4/psoc creator/import/gnu/arm/5.4.1/bin/../lib/gcc/arm-none-eabi/5.4.1/../../../../arm-none-eabi/lib/armv7-m\libg_nano.a(lib_a-memset.o)
                0x0000b422                memset
 .text.__cvt    0x0000b432       0xc0 c:/program files (x86)/cypress/psoc creator/4.4/psoc creator/import/gnu/arm/5.4.1/bin/../lib/gcc/arm-none-eabi/5.4.1/../../../../arm-none-eabi/lib/armv7-m\libg_nano.a(lib_a-nano-vfprintf_float.o)
                0x0000b432                __cvt
 .text.__exponent
                0x0000b4f2       0x62 c:/program files (x86)/cypress/psoc creator/4.4/psoc creator/import/gnu/arm/5.4.1/bin/../lib/gcc/arm-none-eabi/5.4.1/../../../../arm-none-eabi/lib/armv7-m\libg_nano.a(lib_a-nano-vfprintf_float.o)
                0x0000b4f2                __exponent
 .text._printf_float
                0x0000b554      0x488 c:/program files (x86)/cypress/psoc creator/4.4/psoc creator/import/gnu/arm/5.4.1/bin/../lib/gcc/arm-none-eabi/5.4.1/../../../../arm-none-eabi/lib/armv7-m\libg_nano.a(lib_a-nano-vfprintf_float.o)
                0x0000b554                _printf_float
 .text._printf_common
                0x0000b9dc       0xec c:/program files (x86)/cypress/psoc creator/4.4/psoc creator/import/gnu/arm/5.4.1/bin/../lib/gcc/arm-none-eabi/5.4.1/../../../../arm-none-eabi/lib/armv7-m\libg_nano.a(lib_a-nano-vfprintf_i.o)
                0x0000b9dc                _printf_common
 .text._printf_i
                0x0000bac8      0x24c c:/program files (x86)/cypress/psoc creator/4.4/psoc creator/import/gnu/arm/5.4.1/bin/../lib/gcc/arm-none-eabi/5.4.1/../../../../arm-none-eabi/lib/armv7-m\libg_nano.a(lib_a-nano-vfprintf_i.o)
                0x0000bac8                _printf_i
 .text.snprintf
                0x0000bd14       0x64 c:/program files (x86)/cypress/psoc creator/4.4/psoc creator/import/gnu/arm/5.4.1/bin/../lib/gcc/arm-none-eabi/5.4.1/../../../../arm-none-eabi/lib/armv7-m\libg_nano.a(lib_a-snprintf.o)
                0x0000bd14                sniprintf
                0x0000bd14                snprintf
 .text          0x0000bd78       0x10 c:/program files (x86)/cypress/psoc creator/4.4/psoc creator/import/gnu/arm/5.4.1/bin/../lib/gcc/arm-none-eabi/5.4.1/../../../../arm-none-eabi/lib/armv7-m\libg_nano.a(lib_a-strlen.o)
                0x0000bd78                strlen
 .text.quorem   0x0000bd88      0x116 c:/program files (x86)/cypress/psoc creator/4.4/psoc creator/import/gnu/arm/5.4.1/bin/../lib/gcc/arm-none-eabi/5.4.1/../../../../arm-none-eabi/lib/armv7-m\libg_nano.a(lib_a-dtoa.o)
 *fill*         0x0000be9e        0x2 
 .text._dtoa_r  0x0000bea0      0xb30 c:/program files (x86)/cypress/psoc creator/4.4/psoc creator/import/gnu/arm/5.4.1/bin/../lib/gcc/arm-none-eabi/5.4.1/../../../../arm-none-eabi/lib/armv7-m\libg_nano.a(lib_a-dtoa.o)
                0x0000bea0                _dtoa_r
 .text._localeconv_r
                0x0000c9d0        0x8 c:/program files (x86)/cypress/psoc creator/4.4/psoc creator/import/gnu/arm/5.4.1/bin/../lib/gcc/arm-none-eabi/5.4.1/../../../../arm-none-eabi/lib/armv7-m\libg_nano.a(lib_a-locale.o)
                0x0000c9d0                _localeconv_r
 .text.malloc   0x0000c9d8       0x10 c:/program files (x86)/cypress/psoc creator/4.4/psoc creator/import/gnu/arm/5.4.1/bin/../lib/gcc/arm-none-eabi/5.4.1/../../../../arm-none-eabi/lib/armv7-m\libg_nano.a(lib_a-malloc.o)
                0x0000c9d8                malloc
 .text.memchr   0x0000c9e8       0x1c c:/program files (x86)/cypress/psoc creator/4.4/psoc creator/import/gnu/arm/5.4.1/bin/../lib/gcc/arm-none-eabi/5.4.1/../../../../arm-none-eabi/lib/armv7-m\libg_nano.a(lib_a-memchr-stub.o)
                0x0000c9e8                memchr
 .text._Balloc  0x0000ca04       0x6a c:/program files (x86)/cypress/psoc creator/4.4/psoc creator/import/gnu/arm/5.4.1/bin/../lib/gcc/arm-none-eabi/5.4.1/../../../../arm-none-eabi/lib/armv7-m\libg_nano.a(lib_a-mprec.o)
                0x0000ca04                _Balloc
 .text._Bfree   0x0000ca6e       0x2e c:/program files (x86)/cypress/psoc creator/4.4/psoc creator/import/gnu/arm/5.4.1/bin/../lib/gcc/arm-none-eabi/5.4.1/../../../../arm-none-eabi/lib/armv7-m\libg_nano.a(lib_a-mprec.o)
                0x0000ca6e                _Bfree
 .text.__multadd
                0x0000ca9c       0x76 c:/program files (x86)/cypress/psoc creator/4.4/psoc creator/import/gnu/arm/5.4.1/bin/../lib/gcc/arm-none-eabi/5.4.1/../../../../arm-none-eabi/lib/armv7-m\libg_nano.a(lib_a-mprec.o)
                0x0000ca9c                __multadd
 .text.__hi0bits
                0x0000cb12       0x40 c:/program files (x86)/cypress/psoc creator/4.4/psoc creator/import/gnu/arm/5.4.1/bin/../lib/gcc/arm-none-eabi/5.4.1/../../../../arm-none-eabi/lib/armv7-m\libg_nano.a(lib_a-mprec.o)
                0x0000cb12                __hi0bits
 .text.__lo0bits
                0x0000cb52       0x5a c:/program files (x86)/cypress/psoc creator/4.4/psoc creator/import/gnu/arm/5.4.1/bin/../lib/gcc/arm-none-eabi/5.4.1/../../../../arm-none-eabi/lib/armv7-m\libg_nano.a(lib_a-mprec.o)
                0x0000cb52                __lo0bits
 .text.__i2b    0x0000cbac       0x12 c:/program files (x86)/cypress/psoc creator/4.4/psoc creator/import/gnu/arm/5.4.1/bin/../lib/gcc/arm-none-eabi/5.4.1/../../../../arm-none-eabi/lib/armv7-m\libg_nano.a(lib_a-mprec.o)
                0x0000cbac                __i2b
 .text.__multiply
                0x0000cbbe      0x120 c:/program files (x86)/cypress/psoc creator/4.4/psoc creator/import/gnu/arm/5.4.1/bin/../lib/gcc/arm-none-eabi/5.4.1/../../../../arm-none-eabi/lib/armv7-m\libg_nano.a(lib_a-mprec.o)
                0x0000cbbe                __multiply
 *fill*         0x0000ccde        0x2 
 .text.__pow5mult
                0x0000cce0       0x9c c:/program files (x86)/cypress/psoc creator/4.4/psoc creator/import/gnu/arm/5.4.1/bin/../lib/gcc/arm-none-eabi/5.4.1/../../../../arm-none-eabi/lib/armv7-m\libg_nano.a(lib_a-mprec.o)
                0x0000cce0                __pow5mult
 .text.__lshift
                0x0000cd7c       0xa2 c:/program files (x86)/cypress/psoc creator/4.4/psoc creator/import/gnu/arm/5.4.1/bin/../lib/gcc/arm-none-eabi/5.4.1/../../../../arm-none-eabi/lib/armv7-m\libg_nano.a(lib_a-mprec.o)
                0x0000cd7c                __lshift
 .text.__mcmp   0x0000ce1e       0x38 c:/program files (x86)/cypress/psoc creator/4.4/psoc creator/import/gnu/arm/5.4.1/bin/../lib/gcc/arm-none-eabi/5.4.1/../../../../arm-none-eabi/lib/armv7-m\libg_nano.a(lib_a-mprec.o)
                0x0000ce1e                __mcmp
 .text.__mdiff  0x0000ce56       0xbe c:/program files (x86)/cypress/psoc creator/4.4/psoc creator/import/gnu/arm/5.4.1/bin/../lib/gcc/arm-none-eabi/5.4.1/../../../../arm-none-eabi/lib/armv7-m\libg_nano.a(lib_a-mprec.o)
                0x0000ce56                __mdiff
 .text.__d2b    0x0000cf14       0x9c c:/program files (x86)/cypress/psoc creator/4.4/psoc creator/import/gnu/arm/5.4.1/bin/../lib/gcc/arm-none-eabi/5.4.1/../../../../arm-none-eabi/lib/armv7-m\libg_nano.a(lib_a-mprec.o)
                0x0000cf14                __d2b
 .text._calloc_r
                0x0000cfb0       0x1c c:/program files (x86)/cypress/psoc creator/4.4/psoc creator/import/gnu/arm/5.4.1/bin/../lib/gcc/arm-none-eabi/5.4.1/../../../../arm-none-eabi/lib/armv7-m\libg_nano.a(lib_a-nano-callocr.o)
                0x0000cfb0                _calloc_r
 .text._free_r  0x0000cfcc       0x98 c:/program files (x86)/cypress/psoc creator/4.4/psoc creator/import/gnu/arm/5.4.1/bin/../lib/gcc/arm-none-eabi/5.4.1/../../../../arm-none-eabi/lib/armv7-m\libg_nano.a(lib_a-nano-freer.o)
                0x0000cfcc                _free_r
 .text._malloc_r
                0x0000d064       0xbc c:/program files (x86)/cypress/psoc creator/4.4/psoc creator/import/gnu/arm/5.4.1/bin/../lib/gcc/arm-none-eabi/5.4.1/../../../../arm-none-eabi/lib/armv7-m\libg_nano.a(lib_a-nano-mallocr.o)
                0x0000d064                _malloc_r
 .text.__ssputs_r
                0x0000d120       0xb2 c:/program files (x86)/cypress/psoc creator/4.4/psoc creator/import/gnu/arm/5.4.1/bin/../lib/gcc/arm-none-eabi/5.4.1/../../../../arm-none-eabi/lib/armv7-m\libg_nano.a(lib_a-nano-svfprintf.o)
                0x0000d120                __ssputs_r
 *fill*         0x0000d1d2        0x2 
 .text._svfprintf_r
                0x0000d1d4      0x1e8 c:/program files (x86)/cypress/psoc creator/4.4/psoc creator/import/gnu/arm/5.4.1/bin/../lib/gcc/arm-none-eabi/5.4.1/../../../../arm-none-eabi/lib/armv7-m\libg_nano.a(lib_a-nano-svfprintf.o)
                0x0000d1d4                _svfiprintf_r
                0x0000d1d4                _svfprintf_r
 .text._sbrk_r  0x0000d3bc       0x20 c:/program files (x86)/cypress/psoc creator/4.4/psoc creator/import/gnu/arm/5.4.1/bin/../lib/gcc/arm-none-eabi/5.4.1/../../../../arm-none-eabi/lib/armv7-m\libg_nano.a(lib_a-sbrkr.o)
                0x0000d3bc                _sbrk_r
 .text.memmove  0x0000d3dc       0x36 c:/program files (x86)/cypress/psoc creator/4.4/psoc creator/import/gnu/arm/5.4.1/bin/../lib/gcc/arm-none-eabi/5.4.1/../../../../arm-none-eabi/lib/armv7-m\libg_nano.a(lib_a-memmove.o)
                0x0000d3dc                memmove
 .text.__malloc_lock
                0x0000d412        0x2 c:/program files (x86)/cypress/psoc creator/4.4/psoc creator/import/gnu/arm/5.4.1/bin/../lib/gcc/arm-none-eabi/5.4.1/../../../../arm-none-eabi/lib/armv7-m\libg_nano.a(lib_a-mlock.o)
                0x0000d412                __malloc_lock
 .text.__malloc_unlock
                0x0000d414        0x2 c:/program files (x86)/cypress/psoc creator/4.4/psoc creator/import/gnu/arm/5.4.1/bin/../lib/gcc/arm-none-eabi/5.4.1/../../../../arm-none-eabi/lib/armv7-m\libg_nano.a(lib_a-mlock.o)
                0x0000d414                __malloc_unlock
 .text._realloc_r
                0x0000d416       0x4c c:/program files (x86)/cypress/psoc creator/4.4/psoc creator/import/gnu/arm/5.4.1/bin/../lib/gcc/arm-none-eabi/5.4.1/../../../../arm-none-eabi/lib/armv7-m\libg_nano.a(lib_a-nano-reallocr.o)
                0x0000d416                _realloc_r
 .text._malloc_usable_size_r
                0x0000d462       0x14 c:/program files (x86)/cypress/psoc creator/4.4/psoc creator/import/gnu/arm/5.4.1/bin/../lib/gcc/arm-none-eabi/5.4.1/../../../../arm-none-eabi/lib/armv7-m\libg_nano.a(lib_a-nano-msizer.o)
                0x0000d462                _malloc_usable_size_r
 *(.plt)
 *(.gnu.warning)
 *(.glue_7t)
 .glue_7t       0x0000d476        0x0 linker stubs
 *(.glue_7)
 .glue_7        0x0000d476        0x0 linker stubs
 *(.vfp11_veneer)
 .vfp11_veneer  0x0000d476        0x0 linker stubs
 *(.bootloader)
 *(.ARM.extab* .gnu.linkonce.armextab.*)
 *(.gcc_except_table)

.v4_bx          0x0000d478        0x0
 .v4_bx         0x0000d478        0x0 linker stubs

.iplt           0x0000d478        0x0
 .iplt          0x0000d478        0x0 c:/program files (x86)/cypress/psoc creator/4.4/psoc creator/import/gnu/arm/5.4.1/bin/../lib/gcc/arm-none-eabi/5.4.1/armv7-m/crtbegin.o

.eh_frame_hdr
 *(.eh_frame_hdr)

.eh_frame       0x0000d478        0x4
 *(.eh_frame)
 .eh_frame      0x0000d478        0x0 c:/program files (x86)/cypress/psoc creator/4.4/psoc creator/import/gnu/arm/5.4.1/bin/../lib/gcc/arm-none-eabi/5.4.1/armv7-m/crtbegin.o
 .eh_frame      0x0000d478        0x4 c:/program files (x86)/cypress/psoc creator/4.4/psoc creator/import/gnu/arm/5.4.1/bin/../lib/gcc/arm-none-eabi/5.4.1/armv7-m/crtend.o
                [!provide]                PROVIDE (__exidx_start, .)

.ARM.exidx
 *(.ARM.exidx* .gnu.linkonce.armexidx.*)
                0x0000d47c                __exidx_end = .

.rodata         0x0000d480     0x1070
 *(.rodata .rodata.* .gnu.linkonce.r.*)
 .rodata        0x0000d480      0x236 .\ARM_GCC_541\Debug\main.o
 *fill*         0x0000d6b6        0x2 
 .rodata        0x0000d6b8      0x384 .\ARM_GCC_541\Debug\app_statemachine.o
 .rodata        0x0000da3c      0x100 .\ARM_GCC_541\Debug\sbc_comms.o
 .rodata        0x0000db3c       0x5b .\ARM_GCC_541\Debug\app_state_stby.o
 *fill*         0x0000db97        0x1 
 .rodata        0x0000db98       0x7b .\ARM_GCC_541\Debug\app_state_manu.o
 *fill*         0x0000dc13        0x1 
 .rodata        0x0000dc14      0x23e .\ARM_GCC_541\Debug\app_state_auto.o
 *fill*         0x0000de52        0x2 
 .rodata        0x0000de54       0x90 .\ARM_GCC_541\Debug\app_state_error.o
 .rodata        0x0000dee4       0x7a .\ARM_GCC_541\Debug\cyfitter_cfg.o
                0x0000dee4                AMux_1__addrTable
                0x0000def4                AMux_1__maskTable
                0x0000def8                ADC_DelSig_1_AMux__addrTable
                0x0000df00                ADC_DelSig_1_AMux__maskTable
 *fill*         0x0000df5e        0x2 
 .rodata.str1.4
                0x0000df60        0x8 c:/program files (x86)/cypress/psoc creator/4.4/psoc creator/import/gnu/arm/5.4.1/bin/../lib/gcc/arm-none-eabi/5.4.1/../../../../arm-none-eabi/lib/armv7-m\libm.a(lib_a-wf_sqrt.o)
                                  0x6 (size before relaxing)
 .rodata.npio2_hw
                0x0000df68       0x80 c:/program files (x86)/cypress/psoc creator/4.4/psoc creator/import/gnu/arm/5.4.1/bin/../lib/gcc/arm-none-eabi/5.4.1/../../../../arm-none-eabi/lib/armv7-m\libm.a(lib_a-ef_rem_pio2.o)
 .rodata.two_over_pi
                0x0000dfe8      0x318 c:/program files (x86)/cypress/psoc creator/4.4/psoc creator/import/gnu/arm/5.4.1/bin/../lib/gcc/arm-none-eabi/5.4.1/../../../../arm-none-eabi/lib/armv7-m\libm.a(lib_a-ef_rem_pio2.o)
 .rodata.init_jk
                0x0000e300        0xc c:/program files (x86)/cypress/psoc creator/4.4/psoc creator/import/gnu/arm/5.4.1/bin/../lib/gcc/arm-none-eabi/5.4.1/../../../../arm-none-eabi/lib/armv7-m\libm.a(lib_a-kf_rem_pio2.o)
 .rodata.PIo2   0x0000e30c       0x2c c:/program files (x86)/cypress/psoc creator/4.4/psoc creator/import/gnu/arm/5.4.1/bin/../lib/gcc/arm-none-eabi/5.4.1/../../../../arm-none-eabi/lib/armv7-m\libm.a(lib_a-kf_rem_pio2.o)
 .rodata.atanlo
                0x0000e338       0x10 c:/program files (x86)/cypress/psoc creator/4.4/psoc creator/import/gnu/arm/5.4.1/bin/../lib/gcc/arm-none-eabi/5.4.1/../../../../arm-none-eabi/lib/armv7-m\libm.a(lib_a-sf_atan.o)
 .rodata.atanhi
                0x0000e348       0x10 c:/program files (x86)/cypress/psoc creator/4.4/psoc creator/import/gnu/arm/5.4.1/bin/../lib/gcc/arm-none-eabi/5.4.1/../../../../arm-none-eabi/lib/armv7-m\libm.a(lib_a-sf_atan.o)
 .rodata.str1.1
                0x0000e358        0x2 c:/program files (x86)/cypress/psoc creator/4.4/psoc creator/import/gnu/arm/5.4.1/bin/../lib/gcc/arm-none-eabi/5.4.1/../../../../arm-none-eabi/lib/armv7-m\libg_nano.a(lib_a-impure.o)
 .rodata.str1.1
                0x0000e35a       0x12 c:/program files (x86)/cypress/psoc creator/4.4/psoc creator/import/gnu/arm/5.4.1/bin/../lib/gcc/arm-none-eabi/5.4.1/../../../../arm-none-eabi/lib/armv7-m\libg_nano.a(lib_a-nano-vfprintf_float.o)
 .rodata.str1.1
                0x0000e36c       0x22 c:/program files (x86)/cypress/psoc creator/4.4/psoc creator/import/gnu/arm/5.4.1/bin/../lib/gcc/arm-none-eabi/5.4.1/../../../../arm-none-eabi/lib/armv7-m\libg_nano.a(lib_a-nano-vfprintf_i.o)
 .rodata.str1.1
                0x0000e38e        0xd c:/program files (x86)/cypress/psoc creator/4.4/psoc creator/import/gnu/arm/5.4.1/bin/../lib/gcc/arm-none-eabi/5.4.1/../../../../arm-none-eabi/lib/armv7-m\libg_nano.a(lib_a-dtoa.o)
                                  0xf (size before relaxing)
 .rodata.str1.1
                0x0000e39b        0x8 c:/program files (x86)/cypress/psoc creator/4.4/psoc creator/import/gnu/arm/5.4.1/bin/../lib/gcc/arm-none-eabi/5.4.1/../../../../arm-none-eabi/lib/armv7-m\libg_nano.a(lib_a-locale.o)
                                  0xb (size before relaxing)
 *fill*         0x0000e3a3        0x5 
 .rodata.__mprec_tens
                0x0000e3a8       0xc8 c:/program files (x86)/cypress/psoc creator/4.4/psoc creator/import/gnu/arm/5.4.1/bin/../lib/gcc/arm-none-eabi/5.4.1/../../../../arm-none-eabi/lib/armv7-m\libg_nano.a(lib_a-mprec.o)
                0x0000e3a8                __mprec_tens
 .rodata.p05.5408
                0x0000e470        0xc c:/program files (x86)/cypress/psoc creator/4.4/psoc creator/import/gnu/arm/5.4.1/bin/../lib/gcc/arm-none-eabi/5.4.1/../../../../arm-none-eabi/lib/armv7-m\libg_nano.a(lib_a-mprec.o)
 *fill*         0x0000e47c        0x4 
 .rodata.__mprec_bigtens
                0x0000e480       0x28 c:/program files (x86)/cypress/psoc creator/4.4/psoc creator/import/gnu/arm/5.4.1/bin/../lib/gcc/arm-none-eabi/5.4.1/../../../../arm-none-eabi/lib/armv7-m\libg_nano.a(lib_a-mprec.o)
                0x0000e480                __mprec_bigtens
 .rodata.str1.1
                0x0000e4a8       0x11 c:/program files (x86)/cypress/psoc creator/4.4/psoc creator/import/gnu/arm/5.4.1/bin/../lib/gcc/arm-none-eabi/5.4.1/../../../../arm-none-eabi/lib/armv7-m\libg_nano.a(lib_a-nano-svfprintf.o)
                0x0000e4bc                . = ALIGN (0x4)
 *fill*         0x0000e4b9        0x3 
 *(.init)
 .init          0x0000e4bc        0x4 c:/program files (x86)/cypress/psoc creator/4.4/psoc creator/import/gnu/arm/5.4.1/bin/../lib/gcc/arm-none-eabi/5.4.1/armv7-m/crti.o
                0x0000e4bc                _init
 .init          0x0000e4c0        0x8 c:/program files (x86)/cypress/psoc creator/4.4/psoc creator/import/gnu/arm/5.4.1/bin/../lib/gcc/arm-none-eabi/5.4.1/armv7-m/crtn.o
                0x0000e4c8                . = ALIGN (0x4)
                0x0000e4c8                __preinit_array_start = .
 *(.preinit_array)
                0x0000e4c8                __preinit_array_end = .
                0x0000e4c8                . = ALIGN (0x4)
                0x0000e4c8                __init_array_start = .
 *(SORT(.init_array.*))
 *(.init_array)
 .init_array    0x0000e4c8        0x4 c:/program files (x86)/cypress/psoc creator/4.4/psoc creator/import/gnu/arm/5.4.1/bin/../lib/gcc/arm-none-eabi/5.4.1/armv7-m/crtbegin.o
 .init_array    0x0000e4cc        0x4 .\ARM_GCC_541\Debug\Cm3Start.o
                0x0000e4d0                __init_array_end = .
                0x0000e4d0                . = ALIGN (0x4)
 *(.fini)
 .fini          0x0000e4d0        0x4 c:/program files (x86)/cypress/psoc creator/4.4/psoc creator/import/gnu/arm/5.4.1/bin/../lib/gcc/arm-none-eabi/5.4.1/armv7-m/crti.o
                0x0000e4d0                _fini
 .fini          0x0000e4d4        0x8 c:/program files (x86)/cypress/psoc creator/4.4/psoc creator/import/gnu/arm/5.4.1/bin/../lib/gcc/arm-none-eabi/5.4.1/armv7-m/crtn.o
                0x0000e4dc                . = ALIGN (0x4)
                0x0000e4dc                __fini_array_start = .
 *(.fini_array)
 .fini_array    0x0000e4dc        0x4 c:/program files (x86)/cypress/psoc creator/4.4/psoc creator/import/gnu/arm/5.4.1/bin/../lib/gcc/arm-none-eabi/5.4.1/armv7-m/crtbegin.o
 *(SORT(.fini_array.*))
                0x0000e4e0                __fini_array_end = .
                0x0000e4e0                . = ALIGN (0x4)
 *crtbegin.o(.ctors)
 *(EXCLUDE_FILE(*crtend.o) .ctors)
 *(SORT(.ctors.*))
 *crtend.o(.ctors)
                0x0000e4e0                . = ALIGN (0x4)
 *crtbegin.o(.dtors)
 *(EXCLUDE_FILE(*crtend.o) .dtors)
 *(SORT(.dtors.*))
 *crtend.o(.dtors)
                0x0000e4e0                . = ALIGN (0x4)
                0x0000e4e0                __cy_regions = .
                0x0000e4e0        0x4 LONG 0xe4f0 __cy_region_init_ram
                0x0000e4e4        0x4 LONG 0x1fff80c8 __cy_region_start_data
                0x0000e4e8        0x4 LONG 0x170 __cy_region_init_size_ram
                0x0000e4ec        0x4 LONG 0x568 __cy_region_zero_size_ram
                0x0000e4f0                __cy_regions_end = .
                0x0000e4f0                . = ALIGN (0x8)
                0x0000e4f0                _etext = .

.cy_checksum_exclude
                0x0000e4f0        0x0
 *(.cy_checksum_exclude)

.ramvectors     0x1fff8000       0xc0
                0x1fff8000                __cy_region_start_ram = .
 *(.ramvectors)
 .ramvectors    0x1fff8000       0xc0 .\ARM_GCC_541\Debug\Cm3Start.o
                0x1fff8000                CyRamVectors

.noinit         0x1fff80c0        0x5
 *(.noinit)
 .noinit        0x1fff80c0        0x4 .\ARM_GCC_541\Debug\Cm3Start.o
 .noinit        0x1fff80c4        0x1 .\ARM_GCC_541\Debug\Proj07_hamflyAPI_stateMachineUpgrade.a(CyLib.o)
                0x1fff80c4                CyResetStatus

.data           0x1fff80c8      0x170 load address 0x0000e4f0
                0x1fff80c8                __cy_region_start_data = .
 *(.jcr)
 .jcr           0x1fff80c8        0x0 c:/program files (x86)/cypress/psoc creator/4.4/psoc creator/import/gnu/arm/5.4.1/bin/../lib/gcc/arm-none-eabi/5.4.1/armv7-m/crtbegin.o
 .jcr           0x1fff80c8        0x4 c:/program files (x86)/cypress/psoc creator/4.4/psoc creator/import/gnu/arm/5.4.1/bin/../lib/gcc/arm-none-eabi/5.4.1/armv7-m/crtend.o
 *(.got.plt)
 *(.got)
 *(.shdata)
 *(.data .data.* .gnu.linkonce.d.*)
 .data          0x1fff80cc        0x4 .\ARM_GCC_541\Debug\joystick.o
 .data          0x1fff80d0       0x30 .\ARM_GCC_541\Debug\telemetry.o
 .data          0x1fff8100        0x8 .\ARM_GCC_541\Debug\app_state_auto.o
 .data          0x1fff8108       0x74 .\ARM_GCC_541\Debug\hamfly_qx_app.o
                0x1fff8108                FreeflyAPI
 .data          0x1fff817c        0x4 .\ARM_GCC_541\Debug\Cm3Start.o
 .data          0x1fff8180        0x1 .\ARM_GCC_541\Debug\Proj07_hamflyAPI_stateMachineUpgrade.a(ADC_DelSig_1.o)
                0x1fff8180                ADC_DelSig_1_Config
 .data          0x1fff8181        0x1 .\ARM_GCC_541\Debug\Proj07_hamflyAPI_stateMachineUpgrade.a(AMux_1.o)
 .data          0x1fff8182        0x1 .\ARM_GCC_541\Debug\Proj07_hamflyAPI_stateMachineUpgrade.a(ADC_DelSig_1_AMux.o)
 *fill*         0x1fff8183        0x1 
 .data          0x1fff8184       0x10 .\ARM_GCC_541\Debug\Proj07_hamflyAPI_stateMachineUpgrade.a(CyLib.o)
                0x1fff8184                cydelay_freq_hz
                0x1fff8188                cydelay_freq_khz
                0x1fff818c                cydelay_freq_mhz
                0x1fff8190                cydelay_32k_ms
 .data.__fdlib_version
                0x1fff8194        0x1 c:/program files (x86)/cypress/psoc creator/4.4/psoc creator/import/gnu/arm/5.4.1/bin/../lib/gcc/arm-none-eabi/5.4.1/../../../../arm-none-eabi/lib/armv7-m\libm.a(lib_a-s_lib_ver.o)
                0x1fff8194                __fdlib_version
 *fill*         0x1fff8195        0x3 
 .data.impure_data
                0x1fff8198       0x60 c:/program files (x86)/cypress/psoc creator/4.4/psoc creator/import/gnu/arm/5.4.1/bin/../lib/gcc/arm-none-eabi/5.4.1/../../../../arm-none-eabi/lib/armv7-m\libg_nano.a(lib_a-impure.o)
 .data._impure_ptr
                0x1fff81f8        0x4 c:/program files (x86)/cypress/psoc creator/4.4/psoc creator/import/gnu/arm/5.4.1/bin/../lib/gcc/arm-none-eabi/5.4.1/../../../../arm-none-eabi/lib/armv7-m\libg_nano.a(lib_a-impure.o)
                0x1fff81f8                _impure_ptr
 .data.lconv    0x1fff81fc       0x38 c:/program files (x86)/cypress/psoc creator/4.4/psoc creator/import/gnu/arm/5.4.1/bin/../lib/gcc/arm-none-eabi/5.4.1/../../../../arm-none-eabi/lib/armv7-m\libg_nano.a(lib_a-locale.o)
                0x1fff8238                . = ALIGN (0x8)
 *fill*         0x1fff8234        0x4 
 *(.ram)
                0x1fff8238                _edata = .

.igot.plt       0x1fff8238        0x0 load address 0x0000e660
 .igot.plt      0x1fff8238        0x0 c:/program files (x86)/cypress/psoc creator/4.4/psoc creator/import/gnu/arm/5.4.1/bin/../lib/gcc/arm-none-eabi/5.4.1/armv7-m/crtbegin.o

.bss            0x1fff8238      0x568 load address 0x0000e660
                0x1fff8238                PROVIDE (__bss_start__, .)
 *(.shbss)
 *(.bss .bss.* .gnu.linkonce.b.*)
 .bss           0x1fff8238       0x1c c:/program files (x86)/cypress/psoc creator/4.4/psoc creator/import/gnu/arm/5.4.1/bin/../lib/gcc/arm-none-eabi/5.4.1/armv7-m/crtbegin.o
 .bss           0x1fff8254      0x384 .\ARM_GCC_541\Debug\main.o
                0x1fff85d4                g_tick_ms
 .bss           0x1fff85d8        0x8 .\ARM_GCC_541\Debug\adc_balanced.o
 .bss           0x1fff85e0       0x42 .\ARM_GCC_541\Debug\joystick.o
 *fill*         0x1fff8622        0x2 
 .bss           0x1fff8624        0x8 .\ARM_GCC_541\Debug\app_statemachine.o
 .bss           0x1fff862c       0x89 .\ARM_GCC_541\Debug\sbc_comms.o
 *fill*         0x1fff86b5        0x3 
 .bss           0x1fff86b8        0x4 .\ARM_GCC_541\Debug\app_state_auto.o
 .bss           0x1fff86bc        0x4 .\ARM_GCC_541\Debug\hamfly_qx_app.o
                0x1fff86bc                qx_active_gimbal_ptr
 .bss           0x1fff86c0        0x9 .\ARM_GCC_541\Debug\hamfly_qx_protocol.o
                0x1fff86c0                QX_BuildHeader_Legacy
                0x1fff86c4                QX_ParseHeader_Legacy
 *fill*         0x1fff86c9        0x3 
 .bss           0x1fff86cc        0xc .\ARM_GCC_541\Debug\Proj07_hamflyAPI_stateMachineUpgrade.a(ADC_DelSig_1.o)
                0x1fff86cc                ADC_DelSig_1_convDone
                0x1fff86cd                ADC_DelSig_1_stopConversion
                0x1fff86ce                ADC_DelSig_1_initVar
                0x1fff86cf                ADC_DelSig_1_started
                0x1fff86d0                ADC_DelSig_1_Offset
 .bss           0x1fff86d8        0x2 .\ARM_GCC_541\Debug\Proj07_hamflyAPI_stateMachineUpgrade.a(UART_MOVI.o)
                0x1fff86d8                UART_MOVI_initVar
 .bss           0x1fff86da        0x1 .\ARM_GCC_541\Debug\Proj07_hamflyAPI_stateMachineUpgrade.a(Looptimer.o)
                0x1fff86da                Looptimer_initVar
 *fill*         0x1fff86db        0x1 
 .bss           0x1fff86dc        0x8 .\ARM_GCC_541\Debug\Proj07_hamflyAPI_stateMachineUpgrade.a(CySpc.o)
                0x1fff86dc                SpcLockState
 .bss           0x1fff86e4        0x2 .\ARM_GCC_541\Debug\Proj07_hamflyAPI_stateMachineUpgrade.a(UART_DEBUG.o)
                0x1fff86e4                UART_DEBUG_initVar
 .bss           0x1fff86e6        0x2 .\ARM_GCC_541\Debug\Proj07_hamflyAPI_stateMachineUpgrade.a(UART_SBC.o)
                0x1fff86e6                UART_SBC_initVar
 .bss.__malloc_sbrk_start
                0x1fff86e8        0x4 c:/program files (x86)/cypress/psoc creator/4.4/psoc creator/import/gnu/arm/5.4.1/bin/../lib/gcc/arm-none-eabi/5.4.1/../../../../arm-none-eabi/lib/armv7-m\libg_nano.a(lib_a-nano-mallocr.o)
                0x1fff86e8                __malloc_sbrk_start
 .bss.__malloc_free_list
                0x1fff86ec        0x4 c:/program files (x86)/cypress/psoc creator/4.4/psoc creator/import/gnu/arm/5.4.1/bin/../lib/gcc/arm-none-eabi/5.4.1/../../../../arm-none-eabi/lib/armv7-m\libg_nano.a(lib_a-nano-mallocr.o)
                0x1fff86ec                __malloc_free_list
 *(COMMON)
 COMMON         0x1fff86f0       0xa4 .\ARM_GCC_541\Debug\hamfly_qx_protocol.o
                0x1fff86f0                rw
                0x1fff86f4                QX_Clients
                0x1fff86fc                QX_CommsPorts
                0x1fff8788                QX_Servers
                0x1fff8790                msgPtr
 COMMON         0x1fff8794        0x4 .\ARM_GCC_541\Debug\Proj07_hamflyAPI_stateMachineUpgrade.a(ADC_DelSig_1.o)
                0x1fff8794                ADC_DelSig_1_CountsPerVolt
 COMMON         0x1fff8798        0x2 .\ARM_GCC_541\Debug\Proj07_hamflyAPI_stateMachineUpgrade.a(CyFlash.o)
                0x1fff8798                dieTemperature
 *fill*         0x1fff879a        0x2 
 COMMON         0x1fff879c        0x4 c:/program files (x86)/cypress/psoc creator/4.4/psoc creator/import/gnu/arm/5.4.1/bin/../lib/gcc/arm-none-eabi/5.4.1/../../../../arm-none-eabi/lib/armv7-m\libg_nano.a(lib_a-reent.o)
                0x1fff879c                errno
                0x1fff87a0                . = ALIGN (0x8)
 *(.ram.b)
                0x1fff87a0                _end = .
                0x1fff87a0                __end = .
                0x1fff87a0                PROVIDE (end, .)
                0x1fff87a0                PROVIDE (__bss_end__, .)
                0x0000e4f0                __cy_region_init_ram = LOADADDR (.data)
                0x00000170                __cy_region_init_size_ram = (_edata - ADDR (.data))
                0x00000568                __cy_region_zero_size_ram = (_end - _edata)

.heap           0x1fff87a0       0x80 load address 0x0000e660
                0x1fff87a0                . = _end
                0x1fff8820                . = (. + 0x80)
 *fill*         0x1fff87a0       0x80 
                0x1fff8820                __cy_heap_limit = .

.stack          0x20007800      0x800
                0x20007800                __cy_stack_limit = .
                0x20008000                . = (. + 0x800)
 *fill*         0x20007800      0x800 
                0x00000001                ASSERT ((__cy_stack_limit >= __cy_heap_limit), region RAM overflowed with stack)
                0x00000000                cy_checksum_exclude_size = (CY_APPL_LOADABLE == 0x1)?SIZEOF (.cy_checksum_exclude):0x0
                0x00000001                ASSERT ((cy_checksum_exclude_size <= CY_CHECKSUM_EXCLUDE_SIZE), CY_BOOT: Section .cy_checksum_exclude size exceedes specified limit.)

.cyloadermeta