Archive member included to satisfy reference by file (symbol)

.\ARM_GCC_541\Debug\Proj07_hamflyAPI_stateMachineUpgrade.a(ADC_DelSig_1.o)
                              .\ARM_GCC_541\Debug\adc_balanced.o (ADC_DelSig_1_Start)
.\ARM_GCC_541\Debug\Proj07_hamflyAPI_stateMachineUpgrade.a(ADC_DelSig_1_INT.o)
                              .\ARM_GCC_541\Debug\Proj07_hamflyAPI_stateMachineUpgrade.a(ADC_DelSig_1.o) (ADC_DelSig_1_ISR1)
.\ARM_GCC_541\Debug\Proj07_hamflyAPI_stateMachineUpgrade.a(AMux_1.o)
                              .\ARM_GCC_541\Debug\adc_balanced.o (AMux_1_Start)
.\ARM_GCC_541\Debug\Proj07_hamflyAPI_stateMachineUpgrade.a(isr_adc.o)
                              .\ARM_GCC_541\Debug\adc_balanced.o (isr_adc_StartEx)
.\ARM_GCC_541\Debug\Proj07_hamflyAPI_stateMachineUpgrade.a(UART_MOVI.o)
                              .\ARM_GCC_541\Debug\main.o (UART_MOVI_Start)
.\ARM_GCC_541\Debug\Proj07_hamflyAPI_stateMachineUpgrade.a(isr_rx_movi.o)
                              .\ARM_GCC_541\Debug\main.o (isr_rx_movi_StartEx)
.\ARM_GCC_541\Debug\Proj07_hamflyAPI_stateMachineUpgrade.a(Looptimer.o)
                              .\ARM_GCC_541\Debug\main.o (Looptimer_Start)
.\ARM_GCC_541\Debug\Proj07_hamflyAPI_stateMachineUpgrade.a(isr_Looptimer.o)
                              .\ARM_GCC_541\Debug\main.o (isr_Looptimer_StartEx)
.\ARM_GCC_541\Debug\Proj07_hamflyAPI_stateMachineUpgrade.a(EEPROM_CONFIG.o)
                              .\ARM_GCC_541\Debug\psoc_eeprom.o (EEPROM_CONFIG_Start)
.\ARM_GCC_541\Debug\Proj07_hamflyAPI_stateMachineUpgrade.a(ADC_DelSig_1_AMux.o)
                              .\ARM_GCC_541\Debug\Proj07_hamflyAPI_stateMachineUpgrade.a(ADC_DelSig_1.o) (ADC_DelSig_1_AMux_Select)
.\ARM_GCC_541\Debug\Proj07_hamflyAPI_stateMachineUpgrade.a(ADC_DelSig_1_Ext_CP_Clk.o)
                              .\ARM_GCC_541\Debug\Proj07_hamflyAPI_stateMachineUpgrade.a(ADC_DelSig_1.o) (ADC_DelSig_1_Ext_CP_Clk_SetDividerRegister)
.\ARM_GCC_541\Debug\Proj07_hamflyAPI_stateMachineUpgrade.a(ADC_DelSig_1_theACLK.o)
                              .\ARM_GCC_541\Debug\Proj07_hamflyAPI_stateMachineUpgrade.a(ADC_DelSig_1.o) (ADC_DelSig_1_theACLK_SetDividerRegister)
.\ARM_GCC_541\Debug\Proj07_hamflyAPI_stateMachineUpgrade.a(CyFlash.o)
                              .\ARM_GCC_541\Debug\Proj07_hamflyAPI_stateMachineUpgrade.a(EEPROM_CONFIG.o) (dieTemperature)
.\ARM_GCC_541\Debug\Proj07_hamflyAPI_stateMachineUpgrade.a(CyLib.o)
                              .\ARM_GCC_541\Debug\Cm3Start.o (CyResetStatus)
.\ARM_GCC_541\Debug\Proj07_hamflyAPI_stateMachineUpgrade.a(cyPm.o)
                              .\ARM_GCC_541\Debug\Proj07_hamflyAPI_stateMachineUpgrade.a(CyLib.o) (CyPmReadStatus)
.\ARM_GCC_541\Debug\Proj07_hamflyAPI_stateMachineUpgrade.a(CySpc.o)
                              .\ARM_GCC_541\Debug\Proj07_hamflyAPI_stateMachineUpgrade.a(EEPROM_CONFIG.o) (CySpcStart)
.\ARM_GCC_541\Debug\Proj07_hamflyAPI_stateMachineUpgrade.a(UART_DEBUG.o)
                              .\ARM_GCC_541\Debug\main.o (UART_DEBUG_Start)
.\ARM_GCC_541\Debug\Proj07_hamflyAPI_stateMachineUpgrade.a(UART_DEBUG_IntClock.o)
                              .\ARM_GCC_541\Debug\Proj07_hamflyAPI_stateMachineUpgrade.a(UART_DEBUG.o) (UART_DEBUG_IntClock_Start)
.\ARM_GCC_541\Debug\Proj07_hamflyAPI_stateMachineUpgrade.a(UART_SBC.o)
                              .\ARM_GCC_541\Debug\main.o (UART_SBC_Start)
.\ARM_GCC_541\Debug\Proj07_hamflyAPI_stateMachineUpgrade.a(isr_rx_sbc.o)
                              .\ARM_GCC_541\Debug\main.o (isr_rx_sbc_StartEx)
.\ARM_GCC_541\Debug\Proj07_hamflyAPI_stateMachineUpgrade.a(UART_SBC_IntClock.o)
                              .\ARM_GCC_541\Debug\Proj07_hamflyAPI_stateMachineUpgrade.a(UART_SBC.o) (UART_SBC_IntClock_Start)
.\ARM_GCC_541\Debug\Proj07_hamflyAPI_stateMachineUpgrade.a(Pin_Debug_SuperLoop.o)
                              .\ARM_GCC_541\Debug\main.o (Pin_Debug_SuperLoop_Write)
.\ARM_GCC_541\Debug\Proj07_hamflyAPI_stateMachineUpgrade.a(Pin_Debug_CoarseCentroid.o)
                              .\ARM_GCC_541\Debug\sbc_comms.o (Pin_Debug_CoarseCentroid_Write)
.\ARM_GCC_541\Debug\Proj07_hamflyAPI_stateMachineUpgrade.a(Pin_SwitchAuto.o)
                              .\ARM_GCC_541\Debug\app_statemachine.o (Pin_SwitchAuto_Read)
.\ARM_GCC_541\Debug\Proj07_hamflyAPI_stateMachineUpgrade.a(CyBootAsmGnu.o)
                              .\ARM_GCC_541\Debug\cyfitter_cfg.o (CyDelayCycles)
c:/program files (x86)/cypress/psoc creator/4.4/psoc creator/import/gnu/arm/5.4.1/bin/../lib/gcc/arm-none-eabi/5.4.1/../../../../arm-none-eabi/lib/armv7-m\libm.a(lib_a-s_cos.o)
                              .\ARM_GCC_541\Debug\hamfly_core_gimbal.o (cos)
c:/program files (x86)/cypress/psoc creator/4.4/psoc creator/import/gnu/arm/5.4.1/bin/../lib/gcc/arm-none-eabi/5.4.1/../../../../arm-none-eabi/lib/armv7-m\libm.a(lib_a-sf_cos.o)
                              .\ARM_GCC_541\Debug\app_state_auto.o (cosf)
[...]
Memory Configuration

Name             Origin             Length             Attributes
rom              0x00000000         0x00040000         xr
ram              0x1fff8000         0x00010000         xrw
*default*        0x00000000         0xffffffff

Linker script and memory map

LOAD c:/program files (x86)/cypress/psoc creator/4.4/psoc creator/import/gnu/arm/5.4.1/bin/../lib/gcc/arm-none-eabi/5.4.1/armv7-m/crti.o
LOAD c:/program files (x86)/cypress/psoc creator/4.4/psoc creator/import/gnu/arm/5.4.1/bin/../lib/gcc/arm-none-eabi/5.4.1/armv7-m/crtbegin.o
LOAD c:/program files (x86)/cypress/psoc creator/4.4/psoc creator/import/gnu/arm/5.4.1/bin/../lib/gcc/arm-none-eabi/5.4.1/../../../../arm-none-eabi/lib/armv7-m/crt0.o
START GROUP
LOAD .\ARM_GCC_541\Debug\main.o
LOAD .\ARM_GCC_541\Debug\adc_balanced.o
LOAD .\ARM_GCC_541\Debug\joystick.o
LOAD .\ARM_GCC_541\Debug\psoc_eeprom.o
LOAD .\ARM_GCC_541\Debug\app_ctx.o
LOAD .\ARM_GCC_541\Debug\app_statemachine.o
LOAD .\ARM_GCC_541\Debug\sbc_comms.o
LOAD .\ARM_GCC_541\Debug\telemetry.o
LOAD .\ARM_GCC_541\Debug\app_state_stby.o
LOAD .\ARM_GCC_541\Debug\app_state_manu.o
LOAD .\ARM_GCC_541\Debug\app_state_auto.o
LOAD .\ARM_GCC_541\Debug\app_state_error.o
LOAD .\ARM_GCC_541\Debug\utils.o
LOAD .\ARM_GCC_541\Debug\hamfly_comm_rb.o
LOAD .\ARM_GCC_541\Debug\hamfly_comm_txbuf.o
LOAD .\ARM_GCC_541\Debug\hamfly_core_gimbal.o
LOAD .\ARM_GCC_541\Debug\hamfly_core_telemetry.o
LOAD .\ARM_GCC_541\Debug\hamfly_qx_app.o
LOAD .\ARM_GCC_541\Debug\hamfly_qx_protocol.o
LOAD .\ARM_GCC_541\Debug\cyfitter_cfg.o
LOAD .\ARM_GCC_541\Debug\cymetadata.o
LOAD .\ARM_GCC_541\Debug\Cm3Start.o
LOAD .\ARM_GCC_541\Debug\Proj07_hamflyAPI_stateMachineUpgrade.a
LOAD C:\Program Files (x86)\Cypress\PSoC Creator\4.4\PSoC Creator\psoc\content\cycomponentlibrary\CyComponentLibrary.cylib\CortexM3\ARM_GCC_541\Debug\CyComponentLibrary.a
LOAD c:/program files (x86)/cypress/psoc creator/4.4/psoc creator/import/gnu/arm/5.4.1/bin/../lib/gcc/arm-none-eabi/5.4.1/../../../../arm-none-eabi/lib/armv7-m\libm.a
END GROUP
START GROUP
LOAD c:/program files (x86)/cypress/psoc creator/4.4/psoc creator/import/gnu/arm/5.4.1/bin/../lib/gcc/arm-none-eabi/5.4.1/armv7-m\libgcc.a
LOAD c:/program files (x86)/cypress/psoc creator/4.4/psoc creator/import/gnu/arm/5.4.1/bin/../lib/gcc/arm-none-eabi/5.4.1/../../../../arm-none-eabi/lib/armv7-m\libg_nano.a
LOAD c:/program files (x86)/cypress/psoc creator/4.4/psoc creator/import/gnu/arm/5.4.1/bin/../lib/gcc/arm-none-eabi/5.4.1/../../../../arm-none-eabi/lib/armv7-m\libc_nano.a
END GROUP
START GROUP
LOAD c:/program files (x86)/cypress/psoc creator/4.4/psoc creator/import/gnu/arm/5.4.1/bin/../lib/gcc/arm-none-eabi/5.4.1/armv7-m\libgcc.a
LOAD c:/program files (x86)/cypress/psoc creator/4.4/psoc creator/import/gnu/arm/5.4.1/bin/../lib/gcc/arm-none-eabi/5.4.1/../../../../arm-none-eabi/lib/armv7-m\libc_nano.a
END GROUP
LOAD c:/program files (x86)/cypress/psoc creator/4.4/psoc creator/import/gnu/arm/5.4.1/bin/../lib/gcc/arm-none-eabi/5.4.1/armv7-m/crtend.o
LOAD c:/program files (x86)/cypress/psoc creator/4.4/psoc creator/import/gnu/arm/5.4.1/bin/../lib/gcc/arm-none-eabi/5.4.1/armv7-m/crtn.o
START GROUP
LOAD c:/program files (x86)/cypress/psoc creator/4.4/psoc creator/import/gnu/arm/5.4.1/bin/../lib/gcc/arm-none-eabi/5.4.1/armv7-m\libgcc.a
LOAD c:/program files (x86)/cypress/psoc creator/4.4/psoc creator/import/gnu/arm/5.4.1/bin/../lib/gcc/arm-none-eabi/5.4.1/../../../../arm-none-eabi/lib/armv7-m\libc.a
LOAD c:/program files (x86)/cypress/psoc creator/4.4/psoc creator/import/gnu/arm/5.4.1/bin/../lib/gcc/arm-none-eabi/5.4.1/../../../../arm-none-eabi/lib/armv7-m\libnosys.a
END GROUP
                0x00000000                CY_APPL_ORIGIN = 0x0
                0x00000100                CY_FLASH_ROW_SIZE = 0x100
                0x00000020                CY_ECC_ROW_SIZE = 0x20
                0x00000000                CY_EE_IN_BTLDR = 0x0
                0x00000000                CY_APPL_LOADABLE = 0x0
                0x00000800                CY_EE_SIZE = 0x800
                0x00000001                CY_APPL_NUM = 0x1
                0x00000001                CY_APPL_MAX = 0x1
                0x00000040                CY_METADATA_SIZE = 0x40
                0x00000000                CY_APPL_LOADABLE = 0x0
                0x00000000                CY_CHECKSUM_EXCLUDE_SIZE = ALIGN (0x0, CY_FLASH_ROW_SIZE)
                [!provide]                PROVIDE (__cy_heap_start, _end)
                0x00000001                PROVIDE (__cy_region_num, ((__cy_regions_end - __cy_regions) / 0x10))
                0x20008000                PROVIDE (__cy_stack, (ORIGIN (ram) + LENGTH (ram)))
                [!provide]                PROVIDE (__cy_heap_end, (__cy_stack - 0x800))

.cybootloader   0x00000000        0x0
 *(.cybootloader)
                0x00000000                appl1_start = CY_APPL_ORIGIN?CY_APPL_ORIGIN:ALIGN (CY_FLASH_ROW_SIZE)
                0x0001ff00                appl2_start = (appl1_start + ALIGN ((((LENGTH (rom) - appl1_start) - (0x2 * CY_FLASH_ROW_SIZE)) / 0x2), CY_FLASH_ROW_SIZE))
                0x00000000                appl_start = (CY_APPL_NUM == 0x1)?appl1_start:appl2_start
                0x00000000                ecc_offset = ((appl_start / CY_FLASH_ROW_SIZE) * CY_ECC_ROW_SIZE)
                0x00000000                ee_offset = (CY_APPL_LOADABLE && ! (CY_EE_IN_BTLDR))?((CY_EE_SIZE / CY_APPL_MAX) * (CY_APPL_NUM - 0x1)):0x0
                0x00000800                ee_size = (CY_APPL_LOADABLE && ! (CY_EE_IN_BTLDR))?(CY_EE_SIZE / CY_APPL_MAX):CY_EE_SIZE
                [!provide]                PROVIDE (CY_ECC_OFFSET, ecc_offset)

.text           0x00000000     0xddae
 CREATE_OBJECT_SYMBOLS
                0x00000000                PROVIDE (__cy_interrupt_vector, RomVectors)
 *(.romvectors)
 .romvectors    0x00000000       0x10 .\ARM_GCC_541\Debug\Cm3Start.o
                0x00000000                RomVectors
                0x00000001                ASSERT ((. != __cy_interrupt_vector), No interrupt vector)
                0x00000001                ASSERT (CY_APPL_ORIGIN?(SIZEOF (.cybootloader) <= CY_APPL_ORIGIN):0x1, Wrong image location)
                0x00000010                PROVIDE (__cy_reset, Reset)
 *(.text.Reset)
 .text.Reset    0x00000010       0x18 .\ARM_GCC_541\Debug\Cm3Start.o
                0x00000010                Reset
                0x00000001                ASSERT ((. != __cy_reset), No reset code)
 *(.dma_init)
                0x00000001                ASSERT ((((appl_start + .) <= 0x10000) || 0x1), DMA Init must be within the first 64k of flash)
 *(.text .text.* .gnu.linkonce.t.*)
 .text          0x00000028       0x5c c:/program files (x86)/cypress/psoc creator/4.4/psoc creator/import/gnu/arm/5.4.1/bin/../lib/gcc/arm-none-eabi/5.4.1/armv7-m/crtbegin.o
 .text._hamfly_psoc5_putc
                0x00000084       0x1c .\ARM_GCC_541\Debug\main.o
 .text.psoc_get_tick
                0x000000a0       0x1c .\ARM_GCC_541\Debug\main.o
 .text.isr_rx_movi_Handler
                0x000000bc       0x58 .\ARM_GCC_541\Debug\main.o
                0x000000bc                isr_rx_movi_Handler
 .text.isr_Looptimer_Handler
                0x00000114       0x1c .\ARM_GCC_541\Debug\main.o
                0x00000114                isr_Looptimer_Handler
 .text.isr_rx_sbc_Handler
                0x00000130       0x50 .\ARM_GCC_541\Debug\main.o
                0x00000130                isr_rx_sbc_Handler
 .text.decomp   0x00000180       0xa8 .\ARM_GCC_541\Debug\main.o
 .text.main     0x00000228      0x31c .\ARM_GCC_541\Debug\main.o
                0x00000228                main
 .text.isr_adc_Handler
                0x00000544       0x18 .\ARM_GCC_541\Debug\adc_balanced.o
                0x00000544                isr_adc_Handler
 .text.adc_balanced_init
                0x0000055c       0x6c .\ARM_GCC_541\Debug\adc_balanced.o
                0x0000055c                adc_balanced_init
 .text.adc_balanced_advance_on_eoc
                0x000005c8       0x64 .\ARM_GCC_541\Debug\adc_balanced.o
 .text.adc_balanced_poll_frame
                0x0000062c       0x6c .\ARM_GCC_541\Debug\adc_balanced.o
                0x0000062c                adc_balanced_poll_frame
 .text.joystick_set_sensitivity
                0x00000698       0x48 .\ARM_GCC_541\Debug\joystick.o
                0x00000698                joystick_set_sensitivity
 .text.normalize_axis
                0x000006e0       0xd0 .\ARM_GCC_541\Debug\joystick.o
 .text.apply_deadband
                0x000007b0       0x90 .\ARM_GCC_541\Debug\joystick.o
 .text.joystick_validate
                0x00000840       0x94 .\ARM_GCC_541\Debug\joystick.o
                0x00000840                joystick_validate
 .text.cal_begin_range_capture
                0x000008d4       0x84 .\ARM_GCC_541\Debug\joystick.o
 .text.cal_update_ranges
                0x00000958       0x98 .\ARM_GCC_541\Debug\joystick.o
 .text.cal_start_center_capture
                0x000009f0       0x44 .\ARM_GCC_541\Debug\joystick.o
 .text.cal_center_capture_update
                0x00000a34       0xa8 .\ARM_GCC_541\Debug\joystick.o
 .text.cal_save_or_restart
                0x00000adc       0x44 .\ARM_GCC_541\Debug\joystick.o
 .text.joystick_init
                0x00000b20       0xa4 .\ARM_GCC_541\Debug\joystick.o
                0x00000b20                joystick_init
 .text.joystick_on_sample
                0x00000bc4       0x48 .\ARM_GCC_541\Debug\joystick.o
                0x00000bc4                joystick_on_sample
 .text.joystick_on_key
                0x00000c0c       0x70 .\ARM_GCC_541\Debug\joystick.o
                0x00000c0c                joystick_on_key
 .text.joystick_cal_state
                0x00000c7c       0x14 .\ARM_GCC_541\Debug\joystick.o
                0x00000c7c                joystick_cal_state
 .text.joystick_get_cmd
                0x00000c90       0xe8 .\ARM_GCC_541\Debug\joystick.o
                0x00000c90                joystick_get_cmd
 .text.joystick_load
                0x00000d78       0x4c .\ARM_GCC_541\Debug\joystick.o
                0x00000d78                joystick_load
 .text.slot_id_to_row
                0x00000dc4       0x2c .\ARM_GCC_541\Debug\psoc_eeprom.o
 .text.read_row_byte
                0x00000df0       0x38 .\ARM_GCC_541\Debug\psoc_eeprom.o
 .text.read_row_data
                0x00000e28       0x3c .\ARM_GCC_541\Debug\psoc_eeprom.o
 .text.psoc_eeprom_init
                0x00000e64        0xc .\ARM_GCC_541\Debug\psoc_eeprom.o
                0x00000e64                psoc_eeprom_init
 .text.psoc_eeprom_read
                0x00000e70       0x7c .\ARM_GCC_541\Debug\psoc_eeprom.o
                0x00000e70                psoc_eeprom_read
 .text.app_ctx_init
                0x00000eec       0x70 .\ARM_GCC_541\Debug\app_ctx.o
                0x00000eec                app_ctx_init
 .text.depth_of
                0x00000f5c       0x34 .\ARM_GCC_541\Debug\app_statemachine.o
 .text.lca      0x00000f90       0x80 .\ARM_GCC_541\Debug\app_statemachine.o
 .text.app_transition
                0x00001010      0x12c .\ARM_GCC_541\Debug\app_statemachine.o
                0x00001010                app_transition
 .text.app_start
                0x0000113c       0x28 .\ARM_GCC_541\Debug\app_statemachine.o
                0x0000113c                app_start
 .text.app_raise_error
                0x00001164       0x68 .\ARM_GCC_541\Debug\app_statemachine.o
                0x00001164                app_raise_error
 .text.app_state_name
                0x000011cc       0x20 .\ARM_GCC_541\Debug\app_statemachine.o
                0x000011cc                app_state_name
 .text.app_telem_tick
                0x000011ec       0x80 .\ARM_GCC_541\Debug\app_statemachine.o
                0x000011ec                app_telem_tick
 .text.build_defer
                0x0000126c       0x30 .\ARM_GCC_541\Debug\app_statemachine.o
                0x0000126c                build_defer
 .text.build_hold
                0x0000129c       0x30 .\ARM_GCC_541\Debug\app_statemachine.o
                0x0000129c                build_hold
 .text.app_build_control
                0x000012cc       0x50 .\ARM_GCC_541\Debug\app_statemachine.o
                0x000012cc                app_build_control
 .text.set_origin
                0x0000131c       0x7c .\ARM_GCC_541\Debug\app_statemachine.o
                0x0000131c                set_origin
 .text.print_help
                0x00001398       0x1c .\ARM_GCC_541\Debug\app_statemachine.o
 .text.handle_global_key
                0x000013b4       0x94 .\ARM_GCC_541\Debug\app_statemachine.o
 .text.leaf_traps_nav
                0x00001448       0x3c .\ARM_GCC_541\Debug\app_statemachine.o
 .text.handle_nav_key
                0x00001484       0x48 .\ARM_GCC_541\Debug\app_statemachine.o
 .text.app_dispatch_key
                0x000014cc       0xa0 .\ARM_GCC_541\Debug\app_statemachine.o
                0x000014cc                app_dispatch_key
 .text.sbc_state_is_requestable
                0x0000156c       0x24 .\ARM_GCC_541\Debug\app_statemachine.o
 .text.app_sbc_tick
                0x00001590       0xf4 .\ARM_GCC_541\Debug\app_statemachine.o
                0x00001590                app_sbc_tick
 .text.sbc_init
                0x00001684       0x98 .\ARM_GCC_541\Debug\sbc_comms.o
                0x00001684                sbc_init
 .text.decode_centroid
                0x0000171c      0x114 .\ARM_GCC_541\Debug\sbc_comms.o
 .text.sbc_on_rx_byte
                0x00001830      0x248 .\ARM_GCC_541\Debug\sbc_comms.o
                0x00001830                sbc_on_rx_byte
 .text.sbc_on_uart_err_flags
                0x00001a78       0x30 .\ARM_GCC_541\Debug\sbc_comms.o
                0x00001a78                sbc_on_uart_err_flags
 .text.sbc_get_centroid
                0x00001aa8       0xa0 .\ARM_GCC_541\Debug\sbc_comms.o
                0x00001aa8                sbc_get_centroid
 .text.sbc_discard_centroid
                0x00001b48       0x4c .\ARM_GCC_541\Debug\sbc_comms.o
                0x00001b48                sbc_discard_centroid
 .text.sbc_unknown_magic
                0x00001b94       0x14 .\ARM_GCC_541\Debug\sbc_comms.o
                0x00001b94                sbc_unknown_magic
 .text.sbc_rx_pkt_count
                0x00001ba8       0x14 .\ARM_GCC_541\Debug\sbc_comms.o
                0x00001ba8                sbc_rx_pkt_count
 .text.sbc_last_centroid_dt_ms
                0x00001bbc       0x2c .\ARM_GCC_541\Debug\sbc_comms.o
                0x00001bbc                sbc_last_centroid_dt_ms
 .text.sbc_last_rx_ms
                0x00001be8       0x2c .\ARM_GCC_541\Debug\sbc_comms.o
                0x00001be8                sbc_last_rx_ms
 .text.sbc_crc_errors
                0x00001c14       0x14 .\ARM_GCC_541\Debug\sbc_comms.o
                0x00001c14                sbc_crc_errors
 .text.sbc_uart_errors
                0x00001c28       0x14 .\ARM_GCC_541\Debug\sbc_comms.o
                0x00001c28                sbc_uart_errors
 .text.sbc_send_frame
                0x00001c3c       0x8c .\ARM_GCC_541\Debug\sbc_comms.o
                0x00001c3c                sbc_send_frame
 .text.sbc_get_state_req
                0x00001cc8       0x4c .\ARM_GCC_541\Debug\sbc_comms.o
                0x00001cc8                sbc_get_state_req
 .text.sbc_get_gps_target
                0x00001d14       0x4c .\ARM_GCC_541\Debug\sbc_comms.o
                0x00001d14                sbc_get_gps_target
 .text.sbc_send_state_ack
                0x00001d60       0x30 .\ARM_GCC_541\Debug\sbc_comms.o
                0x00001d60                sbc_send_state_ack
 .text.sat_i16  0x00001d90       0x4c .\ARM_GCC_541\Debug\telemetry.o
 .text.sat_u32  0x00001ddc       0x44 .\ARM_GCC_541\Debug\telemetry.o
 .text.sat_u16  0x00001e20       0x48 .\ARM_GCC_541\Debug\telemetry.o
 .text.telemetry_collect_hot
                0x00001e68      0x164 .\ARM_GCC_541\Debug\telemetry.o
                0x00001e68                telemetry_collect_hot
 .text.telemetry_collect_link
                0x00001fcc       0x64 .\ARM_GCC_541\Debug\telemetry.o
                0x00001fcc                telemetry_collect_link
 .text.telemetry_collect_power
                0x00002030       0xc0 .\ARM_GCC_541\Debug\telemetry.o
                0x00002030                telemetry_collect_power
 .text.telemetry_collect_env
                0x000020f0       0x80 .\ARM_GCC_541\Debug\telemetry.o
                0x000020f0                telemetry_collect_env
 .text.telemetry_collect_gps
                0x00002170       0xa8 .\ARM_GCC_541\Debug\telemetry.o
                0x00002170                telemetry_collect_gps
 .text.telemetry_collect_baro
                0x00002218       0x90 .\ARM_GCC_541\Debug\telemetry.o
                0x00002218                telemetry_collect_baro
 .text.telemetry_collect_mag
                0x000022a8       0xcc .\ARM_GCC_541\Debug\telemetry.o
                0x000022a8                telemetry_collect_mag
 .text.encode_hot
                0x00002374      0x11c .\ARM_GCC_541\Debug\telemetry.o
 .text.encode_link
                0x00002490       0x94 .\ARM_GCC_541\Debug\telemetry.o
 .text.encode_power
                0x00002524       0x9c .\ARM_GCC_541\Debug\telemetry.o
 .text.encode_env
                0x000025c0       0x58 .\ARM_GCC_541\Debug\telemetry.o
 .text.encode_gps
                0x00002618       0xe8 .\ARM_GCC_541\Debug\telemetry.o
 .text.encode_baro
                0x00002700       0x64 .\ARM_GCC_541\Debug\telemetry.o
 .text.encode_mag
                0x00002764       0x8c .\ARM_GCC_541\Debug\telemetry.o
 .text.telemetry_send_hot_sbc
                0x000027f0       0x44 .\ARM_GCC_541\Debug\telemetry.o
                0x000027f0                telemetry_send_hot_sbc
 .text.telemetry_send_link_sbc
                0x00002834       0x44 .\ARM_GCC_541\Debug\telemetry.o
                0x00002834                telemetry_send_link_sbc
 .text.telemetry_send_power_sbc
                0x00002878       0x44 .\ARM_GCC_541\Debug\telemetry.o
                0x00002878                telemetry_send_power_sbc
 .text.telemetry_send_env_sbc
                0x000028bc       0x44 .\ARM_GCC_541\Debug\telemetry.o
                0x000028bc                telemetry_send_env_sbc
 .text.telemetry_send_gps_sbc
                0x00002900       0x44 .\ARM_GCC_541\Debug\telemetry.o
                0x00002900                telemetry_send_gps_sbc
 .text.telemetry_send_baro_sbc
                0x00002944       0x44 .\ARM_GCC_541\Debug\telemetry.o
                0x00002944                telemetry_send_baro_sbc
 .text.telemetry_send_mag_sbc
                0x00002988       0x44 .\ARM_GCC_541\Debug\telemetry.o
                0x00002988                telemetry_send_mag_sbc
 .text.telemetry_pump
                0x000029cc       0xd8 .\ARM_GCC_541\Debug\telemetry.o
                0x000029cc                telemetry_pump
 .text.entry_stby_defer
                0x00002aa4       0x1c .\ARM_GCC_541\Debug\app_state_stby.o
                0x00002aa4                entry_stby_defer
 .text.entry_stby_hold
                0x00002ac0       0x1c .\ARM_GCC_541\Debug\app_state_stby.o
                0x00002ac0                entry_stby_hold
 .text.app_stby_tick
                0x00002adc       0xb0 .\ARM_GCC_541\Debug\app_state_stby.o
                0x00002adc                app_stby_tick
 .text.guard_manu_joystick
                0x00002b8c       0x20 .\ARM_GCC_541\Debug\app_state_manu.o
                0x00002b8c                guard_manu_joystick
 .text.entry_manu_joystick
                0x00002bac       0x1c .\ARM_GCC_541\Debug\app_state_manu.o
                0x00002bac                entry_manu_joystick
 .text.exit_manu_joystick
                0x00002bc8       0x1c .\ARM_GCC_541\Debug\app_state_manu.o
                0x00002bc8                exit_manu_joystick
 .text.build_manu_joystick
                0x00002be4       0xa4 .\ARM_GCC_541\Debug\app_state_manu.o
                0x00002be4                build_manu_joystick
 .text.key_manu_joystick
                0x00002c88       0x9c .\ARM_GCC_541\Debug\app_state_manu.o
                0x00002c88                key_manu_joystick
 .text.app_manual_tick
                0x00002d24       0xbc .\ARM_GCC_541\Debug\app_state_manu.o
                0x00002d24                app_manual_tick
 .text.guard_auto_parent
                0x00002de0       0x24 .\ARM_GCC_541\Debug\app_state_auto.o
                0x00002de0                guard_auto_parent
 .text.guard_auto_home
                0x00002e04       0x18 .\ARM_GCC_541\Debug\app_state_auto.o
                0x00002e04                guard_auto_home
 .text.guard_auto_acq_gps
                0x00002e1c       0x18 .\ARM_GCC_541\Debug\app_state_auto.o
                0x00002e1c                guard_auto_acq_gps
 .text.app_auto_tick
                0x00002e34      0x340 .\ARM_GCC_541\Debug\app_state_auto.o
                0x00002e34                app_auto_tick
 .text.entry_auto_home
                0x00003174       0xa4 .\ARM_GCC_541\Debug\app_state_auto.o
                0x00003174                entry_auto_home
 .text.exit_auto_home
                0x00003218       0x24 .\ARM_GCC_541\Debug\app_state_auto.o
                0x00003218                exit_auto_home
 .text.key_auto_home
                0x0000323c       0x28 .\ARM_GCC_541\Debug\app_state_auto.o
                0x0000323c                key_auto_home
 .text.build_auto_home
                0x00003264       0x74 .\ARM_GCC_541\Debug\app_state_auto.o
                0x00003264                build_auto_home
 .text.entry_auto_hold
                0x000032d8       0x28 .\ARM_GCC_541\Debug\app_state_auto.o
                0x000032d8                entry_auto_hold
 .text.key_auto_hold
                0x00003300       0x2c .\ARM_GCC_541\Debug\app_state_auto.o
                0x00003300                key_auto_hold
 .text.gps_bearing_deg
                0x0000332c       0xf8 .\ARM_GCC_541\Debug\app_state_auto.o
 .text.gps_elev_deg
                0x00003424      0x15c .\ARM_GCC_541\Debug\app_state_auto.o
 .text.gps_start_slew
                0x00003580       0x3c .\ARM_GCC_541\Debug\app_state_auto.o
 .text.gps_update_pointing
                0x000035bc       0xe8 .\ARM_GCC_541\Debug\app_state_auto.o
 .text.gps_check_settle
                0x000036a4      0x1c8 .\ARM_GCC_541\Debug\app_state_auto.o
 .text.entry_auto_acq_gps
                0x0000386c       0x48 .\ARM_GCC_541\Debug\app_state_auto.o
                0x0000386c                entry_auto_acq_gps
 .text.exit_auto_acq_gps
                0x000038b4       0x38 .\ARM_GCC_541\Debug\app_state_auto.o
                0x000038b4                exit_auto_acq_gps
 .text.key_auto_acq_gps
                0x000038ec       0x28 .\ARM_GCC_541\Debug\app_state_auto.o
                0x000038ec                key_auto_acq_gps
 .text.build_auto_acq_gps
                0x00003914       0xa8 .\ARM_GCC_541\Debug\app_state_auto.o
                0x00003914                build_auto_acq_gps
 .text.entry_auto_acq_spiral
                0x000039bc       0x1c .\ARM_GCC_541\Debug\app_state_auto.o
                0x000039bc                entry_auto_acq_spiral
 .text.entry_auto_tracking
                0x000039d8       0x2c .\ARM_GCC_541\Debug\app_state_auto.o
                0x000039d8                entry_auto_tracking
 .text.key_auto_tracking
                0x00003a04       0x28 .\ARM_GCC_541\Debug\app_state_auto.o
                0x00003a04                key_auto_tracking
 .text.build_auto_tracking
                0x00003a2c      0x120 .\ARM_GCC_541\Debug\app_state_auto.o
                0x00003a2c                build_auto_tracking
 .text.entry_auto_loss
                0x00003b4c       0x1c .\ARM_GCC_541\Debug\app_state_auto.o
                0x00003b4c                entry_auto_loss
 .text.key_auto_loss
                0x00003b68       0x3c .\ARM_GCC_541\Debug\app_state_auto.o
                0x00003b68                key_auto_loss
 .text.entry_auto_no_lock
                0x00003ba4       0x1c .\ARM_GCC_541\Debug\app_state_auto.o
                0x00003ba4                entry_auto_no_lock
 .text.key_auto_no_lock
                0x00003bc0       0x3c .\ARM_GCC_541\Debug\app_state_auto.o
                0x00003bc0                key_auto_no_lock
 .text.sev_str  0x00003bfc       0x40 .\ARM_GCC_541\Debug\app_state_error.o
 .text.entry_error_active
                0x00003c3c       0x78 .\ARM_GCC_541\Debug\app_state_error.o
                0x00003c3c                entry_error_active
 .text.key_error_active
                0x00003cb4       0x48 .\ARM_GCC_541\Debug\app_state_error.o
                0x00003cb4                key_error_active
 .text.entry_error_kill
                0x00003cfc       0x2c .\ARM_GCC_541\Debug\app_state_error.o
                0x00003cfc                entry_error_kill
 .text.key_error_kill
                0x00003d28       0x18 .\ARM_GCC_541\Debug\app_state_error.o
                0x00003d28                key_error_kill
 .text.build_error
                0x00003d40       0x28 .\ARM_GCC_541\Debug\app_state_error.o
                0x00003d40                build_error
 .text.gimbal_pan_tilt_deg
                0x00003d68       0x54 .\ARM_GCC_541\Debug\utils.o
                0x00003d68                gimbal_pan_tilt_deg
 .text.nudge_apply
                0x00003dbc      0x1bc .\ARM_GCC_541\Debug\utils.o
                0x00003dbc                nudge_apply
 .text.handle_nudge_key
                0x00003f78      0x114 .\ARM_GCC_541\Debug\utils.o
                0x00003f78                handle_nudge_key
 .text.rb_next  0x0000408c       0x28 .\ARM_GCC_541\Debug\hamfly_comm_rb.o
 .text.hamfly_rb_init
                0x000040b4       0x2c .\ARM_GCC_541\Debug\hamfly_comm_rb.o
                0x000040b4                hamfly_rb_init
 .text.hamfly_rb_push
                0x000040e0       0x64 .\ARM_GCC_541\Debug\hamfly_comm_rb.o
                0x000040e0                hamfly_rb_push
 .text.hamfly_rb_pop
                0x00004144       0x58 .\ARM_GCC_541\Debug\hamfly_comm_rb.o
                0x00004144                hamfly_rb_pop
 .text.load_freefly_control
                0x0000419c       0x50 .\ARM_GCC_541\Debug\hamfly_core_gimbal.o
 .text.copy_qx287_to_telemetry
                0x000041ec       0x1c .\ARM_GCC_541\Debug\hamfly_core_gimbal.o
 .text.drain_rb
                0x00004208       0x44 .\ARM_GCC_541\Debug\hamfly_core_gimbal.o
 .text.hamfly_init
                0x0000424c       0x5c .\ARM_GCC_541\Debug\hamfly_core_gimbal.o
                0x0000424c                hamfly_init
 .text.hamfly_on_rx_byte
                0x000042a8       0x3c .\ARM_GCC_541\Debug\hamfly_core_gimbal.o
                0x000042a8                hamfly_on_rx_byte
 .text.hamfly_on_uart_err_flags
                0x000042e4       0x30 .\ARM_GCC_541\Debug\hamfly_core_gimbal.o
                0x000042e4                hamfly_on_uart_err_flags
 .text.hamfly_pump
                0x00004314      0x27c .\ARM_GCC_541\Debug\hamfly_core_gimbal.o
                0x00004314                hamfly_pump
 .text.hamfly_send_control
                0x00004590       0x7c .\ARM_GCC_541\Debug\hamfly_core_gimbal.o
                0x00004590                hamfly_send_control
 .text.hamfly_kill
                0x0000460c       0x3c .\ARM_GCC_541\Debug\hamfly_core_gimbal.o
                0x0000460c                hamfly_kill
 .text.hamfly_request_attr
                0x00004648       0xa8 .\ARM_GCC_541\Debug\hamfly_core_gimbal.o
                0x00004648                hamfly_request_attr
 .text.hamfly_get_telemetry
                0x000046f0       0x30 .\ARM_GCC_541\Debug\hamfly_core_gimbal.o
                0x000046f0                hamfly_get_telemetry
 .text.rd_be32  0x00004720       0x34 .\ARM_GCC_541\Debug\hamfly_core_telemetry.o
 .text.rd_be16  0x00004754       0x28 .\ARM_GCC_541\Debug\hamfly_core_telemetry.o
 .text.rd_be_u16
                0x0000477c       0x28 .\ARM_GCC_541\Debug\hamfly_core_telemetry.o
 .text.rd_le16  0x000047a4       0x24 .\ARM_GCC_541\Debug\hamfly_core_telemetry.o
 .text.hamfly_telemetry_to_euler
                0x000047c8      0x1d4 .\ARM_GCC_541\Debug\hamfly_core_telemetry.o
                0x000047c8                hamfly_telemetry_to_euler
 .text.hamfly_decode_qx287
                0x0000499c       0x68 .\ARM_GCC_541\Debug\hamfly_core_telemetry.o
                0x0000499c                hamfly_decode_qx287
 .text.hamfly_decode_gps
                0x00004a04      0x1a0 .\ARM_GCC_541\Debug\hamfly_core_telemetry.o
                0x00004a04                hamfly_decode_gps
 .text.hamfly_decode_baro
                0x00004ba4       0x78 .\ARM_GCC_541\Debug\hamfly_core_telemetry.o
                0x00004ba4                hamfly_decode_baro
 .text.hamfly_decode_attitude
                0x00004c1c      0x144 .\ARM_GCC_541\Debug\hamfly_core_telemetry.o
                0x00004c1c                hamfly_decode_attitude
 .text.hamfly_decode_sysstat
                0x00004d60      0x1c8 .\ARM_GCC_541\Debug\hamfly_core_telemetry.o
                0x00004d60                hamfly_decode_sysstat
 .text.hamfly_decode_mag
                0x00004f28      0x18c .\ARM_GCC_541\Debug\hamfly_core_telemetry.o
                0x00004f28                hamfly_decode_mag
 .text.hamfly_decode_sysecho
                0x000050b4       0x7c .\ARM_GCC_541\Debug\hamfly_core_telemetry.o
                0x000050b4                hamfly_decode_sysecho
 .text.ff_api_init
                0x00005130       0x7c .\ARM_GCC_541\Debug\hamfly_qx_app.o
 .text.ff_api_send
                0x000051ac       0x44 .\ARM_GCC_541\Debug\hamfly_qx_app.o
 .text.QX_ParsePacket_Cli_MoVI_Ctrl_CB
                0x000051f0      0x884 .\ARM_GCC_541\Debug\hamfly_qx_app.o
 .text.QX_SendMsg2CommsPort_CB
                0x00005a74       0x64 .\ARM_GCC_541\Debug\hamfly_qx_app.o
                0x00005a74                QX_SendMsg2CommsPort_CB
 .text.QX_FwdMsg_CB
                0x00005ad8       0x14 .\ARM_GCC_541\Debug\hamfly_qx_app.o
                0x00005ad8                QX_FwdMsg_CB
 .text.QX_GetTicks_ms
                0x00005aec       0x34 .\ARM_GCC_541\Debug\hamfly_qx_app.o
                0x00005aec                QX_GetTicks_ms
 .text.QX_Parser_SetMsgPtr
                0x00005b20       0x1c .\ARM_GCC_541\Debug\hamfly_qx_protocol.o
                0x00005b20                QX_Parser_SetMsgPtr
 .text.QX_Parser_AdvMsgPtr
                0x00005b3c       0x1c .\ARM_GCC_541\Debug\hamfly_qx_protocol.o
                0x00005b3c                QX_Parser_AdvMsgPtr
 .text.QX_Parser_GetMsgPtr
                0x00005b58       0x14 .\ARM_GCC_541\Debug\hamfly_qx_protocol.o
                0x00005b58                QX_Parser_GetMsgPtr
 .text.QX_Parser_SetDir_Read
                0x00005b6c       0x18 .\ARM_GCC_541\Debug\hamfly_qx_protocol.o
                0x00005b6c                QX_Parser_SetDir_Read
 .text.QX_Parser_SetDir_WriteAbs
                0x00005b84       0x18 .\ARM_GCC_541\Debug\hamfly_qx_protocol.o
                0x00005b84                QX_Parser_SetDir_WriteAbs
 .text.AddFloatAsSignedShort
                0x00005b9c       0xc8 .\ARM_GCC_541\Debug\hamfly_qx_protocol.o
                0x00005b9c                AddFloatAsSignedShort
 .text.GetFloatAsSignedShort
                0x00005c64      0x170 .\ARM_GCC_541\Debug\hamfly_qx_protocol.o
                0x00005c64                GetFloatAsSignedShort
 .text.AddSignedShortAsSignedShort
                0x00005dd4       0x58 .\ARM_GCC_541\Debug\hamfly_qx_protocol.o
                0x00005dd4                AddSignedShortAsSignedShort
 .text.GetSignedShortAsSignedShort
                0x00005e2c      0x15c .\ARM_GCC_541\Debug\hamfly_qx_protocol.o
                0x00005e2c                GetSignedShortAsSignedShort
 .text.AddUnsignedCharAsUnsignedChar
                0x00005f88       0x3c .\ARM_GCC_541\Debug\hamfly_qx_protocol.o
                0x00005f88                AddUnsignedCharAsUnsignedChar
 .text.GetUnsignedCharAsUnsignedChar
                0x00005fc4       0xc8 .\ARM_GCC_541\Debug\hamfly_qx_protocol.o
                0x00005fc4                GetUnsignedCharAsUnsignedChar
 .text.AddUnsignedShortAsUnsignedShort
                0x0000608c       0x54 .\ARM_GCC_541\Debug\hamfly_qx_protocol.o
                0x0000608c                AddUnsignedShortAsUnsignedShort
 .text.GetUnsignedShortAsUnsignedShort
                0x000060e0       0xf8 .\ARM_GCC_541\Debug\hamfly_qx_protocol.o
                0x000060e0                GetUnsignedShortAsUnsignedShort
 .text.AddBitsAsByte
                0x000061d8       0xcc .\ARM_GCC_541\Debug\hamfly_qx_protocol.o
                0x000061d8                AddBitsAsByte
 .text.GetBitsAsByte
                0x000062a4       0xdc .\ARM_GCC_541\Debug\hamfly_qx_protocol.o
                0x000062a4                GetBitsAsByte
 .text.QX_InitMsg
                0x00006380       0x30 .\ARM_GCC_541\Debug\hamfly_qx_protocol.o
 .text.QX_RxMsg
                0x000063b0       0xec .\ARM_GCC_541\Debug\hamfly_qx_protocol.o
 .text.QX_Srv_Rx_Read
                0x0000649c       0x90 .\ARM_GCC_541\Debug\hamfly_qx_protocol.o
 .text.QX_Srv_Rx_Write
                0x0000652c       0xc4 .\ARM_GCC_541\Debug\hamfly_qx_protocol.o
 .text.QX_Cli_Rx_CurVal
                0x000065f0       0x3c .\ARM_GCC_541\Debug\hamfly_qx_protocol.o
 .text.QX_TxMsg_Setup
                0x0000662c       0x4c .\ARM_GCC_541\Debug\hamfly_qx_protocol.o
 .text.QX_TxMsg_Finish
                0x00006678      0x1dc .\ARM_GCC_541\Debug\hamfly_qx_protocol.o
 .text.QX_BuildHeader
                0x00006854      0x188 .\ARM_GCC_541\Debug\hamfly_qx_protocol.o
 .text.QX_ParseHeader
                0x000069dc      0x114 .\ARM_GCC_541\Debug\hamfly_qx_protocol.o
 .text.QX_Calc8bChecksum
                0x00006af0       0x3c .\ARM_GCC_541\Debug\hamfly_qx_protocol.o
 .text.QX_AddExtdValToBuf
                0x00006b2c       0x88 .\ARM_GCC_541\Debug\hamfly_qx_protocol.o
 .text.QX_GetExtdValFromBuf
                0x00006bb4       0x6c .\ARM_GCC_541\Debug\hamfly_qx_protocol.o
 .text.QX_compute_crc32
                0x00006c20       0x4c .\ARM_GCC_541\Debug\hamfly_qx_protocol.o
 .text.QX_accumulate_crc32
                0x00006c6c       0x54 .\ARM_GCC_541\Debug\hamfly_qx_protocol.o
                0x00006c6c                QX_accumulate_crc32
 .text.QX_InitCli
                0x00006cc0       0x24 .\ARM_GCC_541\Debug\hamfly_qx_protocol.o
                0x00006cc0                QX_InitCli
 .text.QX_InitTxOptions
                0x00006ce4       0x3c .\ARM_GCC_541\Debug\hamfly_qx_protocol.o
                0x00006ce4                QX_InitTxOptions
 .text.QX_SendPacket_Srv_CurVal
                0x00006d20       0x98 .\ARM_GCC_541\Debug\hamfly_qx_protocol.o
                0x00006d20                QX_SendPacket_Srv_CurVal
 .text.QX_SendPacket_Cli_Read
                0x00006db8       0x80 .\ARM_GCC_541\Debug\hamfly_qx_protocol.o
                0x00006db8                QX_SendPacket_Cli_Read
 .text.QX_SendPacket_Cli_WriteABS
                0x00006e38       0x98 .\ARM_GCC_541\Debug\hamfly_qx_protocol.o
                0x00006e38                QX_SendPacket_Cli_WriteABS
 .text.QX_StreamRxCharSM
                0x00006ed0      0x6e0 .\ARM_GCC_541\Debug\hamfly_qx_protocol.o
                0x00006ed0                QX_StreamRxCharSM
 .text.CYMEMZERO
                0x000075b0       0x1c .\ARM_GCC_541\Debug\cyfitter_cfg.o
 .text.CYCONFIGCPY
                0x000075cc       0x20 .\ARM_GCC_541\Debug\cyfitter_cfg.o
 .text.CyClockStartupError
                0x000075ec        0xc .\ARM_GCC_541\Debug\cyfitter_cfg.o
 .text.cfg_write_bytes32
                0x000075f8       0x74 .\ARM_GCC_541\Debug\cyfitter_cfg.o
 .text.ClockSetup
                0x0000766c      0x194 .\ARM_GCC_541\Debug\cyfitter_cfg.o
 .text.AnalogSetDefault
                0x00007800       0x44 .\ARM_GCC_541\Debug\cyfitter_cfg.o
 .text.AMux_1_Set
                0x00007844       0x6c .\ARM_GCC_541\Debug\cyfitter_cfg.o
                0x00007844                AMux_1_Set
 .text.AMux_1_Unset
                0x000078b0       0x74 .\ARM_GCC_541\Debug\cyfitter_cfg.o
                0x000078b0                AMux_1_Unset
 .text.ADC_DelSig_1_AMux_Set
                0x00007924       0x40 .\ARM_GCC_541\Debug\cyfitter_cfg.o
                0x00007924                ADC_DelSig_1_AMux_Set
 .text.ADC_DelSig_1_AMux_Unset
                0x00007964       0x44 .\ARM_GCC_541\Debug\cyfitter_cfg.o
                0x00007964                ADC_DelSig_1_AMux_Unset
 .text.cyfitter_cfg
                0x000079a8      0x1ac .\ARM_GCC_541\Debug\cyfitter_cfg.o
                0x000079a8                cyfitter_cfg
 .text.IntDefaultHandler
                0x00007b54       0x14 .\ARM_GCC_541\Debug\Cm3Start.o
                0x00007b54                IntDefaultHandler
 .text._sbrk    0x00007b68       0x50 .\ARM_GCC_541\Debug\Cm3Start.o
                0x00007b68                _sbrk
 .text.Start_c  0x00007bb8       0x98 .\ARM_GCC_541\Debug\Cm3Start.o
                0x00007bb8                Start_c
 .text.initialize_psoc
                0x00007c50       0x90 .\ARM_GCC_541\Debug\Cm3Start.o
                0x00007c50                initialize_psoc
 .text.ADC_DelSig_1_Init
                0x00007ce0      0x11c .\ARM_GCC_541\Debug\Proj07_hamflyAPI_stateMachineUpgrade.a(ADC_DelSig_1.o)
                0x00007ce0                ADC_DelSig_1_Init
 .text.ADC_DelSig_1_Enable
                0x00007dfc      0x158 .\ARM_GCC_541\Debug\Proj07_hamflyAPI_stateMachineUpgrade.a(ADC_DelSig_1.o)
                0x00007dfc                ADC_DelSig_1_Enable
 .text.ADC_DelSig_1_Start
                0x00007f54       0x30 .\ARM_GCC_541\Debug\Proj07_hamflyAPI_stateMachineUpgrade.a(ADC_DelSig_1.o)
                0x00007f54                ADC_DelSig_1_Start
 .text.ADC_DelSig_1_StartConvert
                0x00007f84       0x20 .\ARM_GCC_541\Debug\Proj07_hamflyAPI_stateMachineUpgrade.a(ADC_DelSig_1.o)
                0x00007f84                ADC_DelSig_1_StartConvert
 .text.ADC_DelSig_1_StopConvert
                0x00007fa4       0x20 .\ARM_GCC_541\Debug\Proj07_hamflyAPI_stateMachineUpgrade.a(ADC_DelSig_1.o)
                0x00007fa4                ADC_DelSig_1_StopConvert
 .text.ADC_DelSig_1_GetResult16
                0x00007fc4       0x7c .\ARM_GCC_541\Debug\Proj07_hamflyAPI_stateMachineUpgrade.a(ADC_DelSig_1.o)
                0x00007fc4                ADC_DelSig_1_GetResult16
 .text.ADC_DelSig_1_InitConfig
                0x00008040      0x164 .\ARM_GCC_541\Debug\Proj07_hamflyAPI_stateMachineUpgrade.a(ADC_DelSig_1.o)
 .text.ADC_DelSig_1_GainCompensation
                0x000081a4      0x170 .\ARM_GCC_541\Debug\Proj07_hamflyAPI_stateMachineUpgrade.a(ADC_DelSig_1.o)
 .text.ADC_DelSig_1_SetDSMRef0Reg
                0x00008314       0x7c .\ARM_GCC_541\Debug\Proj07_hamflyAPI_stateMachineUpgrade.a(ADC_DelSig_1.o)
 .text.ADC_DelSig_1_ISR1
                0x00008390        0xc .\ARM_GCC_541\Debug\Proj07_hamflyAPI_stateMachineUpgrade.a(ADC_DelSig_1_INT.o)
                0x00008390                ADC_DelSig_1_ISR1
 .text.AMux_1_Start
                0x0000839c       0x34 .\ARM_GCC_541\Debug\Proj07_hamflyAPI_stateMachineUpgrade.a(AMux_1.o)
                0x0000839c                AMux_1_Start
 .text.AMux_1_FastSelect
                0x000083d0       0x38 .\ARM_GCC_541\Debug\Proj07_hamflyAPI_stateMachineUpgrade.a(AMux_1.o)
                0x000083d0                AMux_1_FastSelect
 .text.isr_adc_StartEx
                0x00008408       0x24 .\ARM_GCC_541\Debug\Proj07_hamflyAPI_stateMachineUpgrade.a(isr_adc.o)
                0x00008408                isr_adc_StartEx
 .text.isr_adc_SetVector
                0x0000842c       0x24 .\ARM_GCC_541\Debug\Proj07_hamflyAPI_stateMachineUpgrade.a(isr_adc.o)
                0x0000842c                isr_adc_SetVector
 .text.isr_adc_SetPriority
                0x00008450       0x24 .\ARM_GCC_541\Debug\Proj07_hamflyAPI_stateMachineUpgrade.a(isr_adc.o)
                0x00008450                isr_adc_SetPriority
 .text.isr_adc_Enable
                0x00008474       0x18 .\ARM_GCC_541\Debug\Proj07_hamflyAPI_stateMachineUpgrade.a(isr_adc.o)
                0x00008474                isr_adc_Enable
 .text.isr_adc_Disable
                0x0000848c       0x18 .\ARM_GCC_541\Debug\Proj07_hamflyAPI_stateMachineUpgrade.a(isr_adc.o)
                0x0000848c                isr_adc_Disable
 .text.isr_adc_ClearPending
                0x000084a4       0x18 .\ARM_GCC_541\Debug\Proj07_hamflyAPI_stateMachineUpgrade.a(isr_adc.o)
                0x000084a4                isr_adc_ClearPending
 .text.UART_MOVI_Start
                0x000084bc       0x24 .\ARM_GCC_541\Debug\Proj07_hamflyAPI_stateMachineUpgrade.a(UART_MOVI.o)
                0x000084bc                UART_MOVI_Start
 .text.UART_MOVI_Init
                0x000084e0       0x40 .\ARM_GCC_541\Debug\Proj07_hamflyAPI_stateMachineUpgrade.a(UART_MOVI.o)
                0x000084e0                UART_MOVI_Init
 .text.UART_MOVI_Enable
                0x00008520       0x5c .\ARM_GCC_541\Debug\Proj07_hamflyAPI_stateMachineUpgrade.a(UART_MOVI.o)
                0x00008520                UART_MOVI_Enable
 .text.UART_MOVI_ClearRxBuffer
                0x0000857c       0x44 .\ARM_GCC_541\Debug\Proj07_hamflyAPI_stateMachineUpgrade.a(UART_MOVI.o)
                0x0000857c                UART_MOVI_ClearRxBuffer
 .text.UART_MOVI_PutChar
                0x000085c0       0x34 .\ARM_GCC_541\Debug\Proj07_hamflyAPI_stateMachineUpgrade.a(UART_MOVI.o)
                0x000085c0                UART_MOVI_PutChar
 .text.UART_MOVI_ClearTxBuffer
                0x000085f4       0x44 .\ARM_GCC_541\Debug\Proj07_hamflyAPI_stateMachineUpgrade.a(UART_MOVI.o)
                0x000085f4                UART_MOVI_ClearTxBuffer
 .text.isr_rx_movi_StartEx
                0x00008638       0x24 .\ARM_GCC_541\Debug\Proj07_hamflyAPI_stateMachineUpgrade.a(isr_rx_movi.o)
                0x00008638                isr_rx_movi_StartEx
 .text.isr_rx_movi_SetVector
                0x0000865c       0x24 .\ARM_GCC_541\Debug\Proj07_hamflyAPI_stateMachineUpgrade.a(isr_rx_movi.o)
                0x0000865c                isr_rx_movi_SetVector
 .text.isr_rx_movi_SetPriority
                0x00008680       0x24 .\ARM_GCC_541\Debug\Proj07_hamflyAPI_stateMachineUpgrade.a(isr_rx_movi.o)
                0x00008680                isr_rx_movi_SetPriority
 .text.isr_rx_movi_Enable
                0x000086a4       0x18 .\ARM_GCC_541\Debug\Proj07_hamflyAPI_stateMachineUpgrade.a(isr_rx_movi.o)
                0x000086a4                isr_rx_movi_Enable
 .text.isr_rx_movi_Disable
                0x000086bc       0x18 .\ARM_GCC_541\Debug\Proj07_hamflyAPI_stateMachineUpgrade.a(isr_rx_movi.o)
                0x000086bc                isr_rx_movi_Disable
 .text.Looptimer_Init
                0x000086d4       0xa0 .\ARM_GCC_541\Debug\Proj07_hamflyAPI_stateMachineUpgrade.a(Looptimer.o)
                0x000086d4                Looptimer_Init
 .text.Looptimer_Enable
                0x00008774       0x48 .\ARM_GCC_541\Debug\Proj07_hamflyAPI_stateMachineUpgrade.a(Looptimer.o)
                0x00008774                Looptimer_Enable
 .text.Looptimer_Start
                0x000087bc       0x24 .\ARM_GCC_541\Debug\Proj07_hamflyAPI_stateMachineUpgrade.a(Looptimer.o)
                0x000087bc                Looptimer_Start
 .text.Looptimer_SetInterruptMode
                0x000087e0       0x20 .\ARM_GCC_541\Debug\Proj07_hamflyAPI_stateMachineUpgrade.a(Looptimer.o)
                0x000087e0                Looptimer_SetInterruptMode
 .text.Looptimer_ReadStatusRegister
                0x00008800       0x18 .\ARM_GCC_541\Debug\Proj07_hamflyAPI_stateMachineUpgrade.a(Looptimer.o)
                0x00008800                Looptimer_ReadStatusRegister
 .text.Looptimer_WritePeriod
                0x00008818       0x24 .\ARM_GCC_541\Debug\Proj07_hamflyAPI_stateMachineUpgrade.a(Looptimer.o)
                0x00008818                Looptimer_WritePeriod
 .text.Looptimer_WriteCounter
                0x0000883c       0x20 .\ARM_GCC_541\Debug\Proj07_hamflyAPI_stateMachineUpgrade.a(Looptimer.o)
                0x0000883c                Looptimer_WriteCounter
 .text.isr_Looptimer_StartEx
                0x0000885c       0x24 .\ARM_GCC_541\Debug\Proj07_hamflyAPI_stateMachineUpgrade.a(isr_Looptimer.o)
                0x0000885c                isr_Looptimer_StartEx
 .text.isr_Looptimer_SetVector
                0x00008880       0x24 .\ARM_GCC_541\Debug\Proj07_hamflyAPI_stateMachineUpgrade.a(isr_Looptimer.o)
                0x00008880                isr_Looptimer_SetVector
 .text.isr_Looptimer_SetPriority
                0x000088a4       0x24 .\ARM_GCC_541\Debug\Proj07_hamflyAPI_stateMachineUpgrade.a(isr_Looptimer.o)
                0x000088a4                isr_Looptimer_SetPriority
 .text.isr_Looptimer_Enable
                0x000088c8       0x18 .\ARM_GCC_541\Debug\Proj07_hamflyAPI_stateMachineUpgrade.a(isr_Looptimer.o)
                0x000088c8                isr_Looptimer_Enable
 .text.isr_Looptimer_Disable
                0x000088e0       0x18 .\ARM_GCC_541\Debug\Proj07_hamflyAPI_stateMachineUpgrade.a(isr_Looptimer.o)
                0x000088e0                isr_Looptimer_Disable
 .text.EEPROM_CONFIG_Enable
                0x000088f8       0x10 .\ARM_GCC_541\Debug\Proj07_hamflyAPI_stateMachineUpgrade.a(EEPROM_CONFIG.o)
                0x000088f8                EEPROM_CONFIG_Enable
 .text.EEPROM_CONFIG_Start
                0x00008908        0xc .\ARM_GCC_541\Debug\Proj07_hamflyAPI_stateMachineUpgrade.a(EEPROM_CONFIG.o)
                0x00008908                EEPROM_CONFIG_Start
 .text.ADC_DelSig_1_AMux_Start
                0x00008914       0x34 .\ARM_GCC_541\Debug\Proj07_hamflyAPI_stateMachineUpgrade.a(ADC_DelSig_1_AMux.o)
                0x00008914                ADC_DelSig_1_AMux_Start
 .text.ADC_DelSig_1_AMux_Select
                0x00008948       0x28 .\ARM_GCC_541\Debug\Proj07_hamflyAPI_stateMachineUpgrade.a(ADC_DelSig_1_AMux.o)
                0x00008948                ADC_DelSig_1_AMux_Select
 .text.ADC_DelSig_1_Ext_CP_Clk_SetDividerRegister
                0x00008970      0x164 .\ARM_GCC_541\Debug\Proj07_hamflyAPI_stateMachineUpgrade.a(ADC_DelSig_1_Ext_CP_Clk.o)
                0x00008970                ADC_DelSig_1_Ext_CP_Clk_SetDividerRegister
 .text.ADC_DelSig_1_Ext_CP_Clk_GetDividerRegister
                0x00008ad4       0x18 .\ARM_GCC_541\Debug\Proj07_hamflyAPI_stateMachineUpgrade.a(ADC_DelSig_1_Ext_CP_Clk.o)
                0x00008ad4                ADC_DelSig_1_Ext_CP_Clk_GetDividerRegister
 .text.ADC_DelSig_1_Ext_CP_Clk_SetModeRegister
                0x00008aec       0x34 .\ARM_GCC_541\Debug\Proj07_hamflyAPI_stateMachineUpgrade.a(ADC_DelSig_1_Ext_CP_Clk.o)
                0x00008aec                ADC_DelSig_1_Ext_CP_Clk_SetModeRegister
 .text.ADC_DelSig_1_Ext_CP_Clk_GetSourceRegister
                0x00008b20       0x1c .\ARM_GCC_541\Debug\Proj07_hamflyAPI_stateMachineUpgrade.a(ADC_DelSig_1_Ext_CP_Clk.o)
                0x00008b20                ADC_DelSig_1_Ext_CP_Clk_GetSourceRegister
 .text.ADC_DelSig_1_theACLK_SetDividerRegister
                0x00008b3c      0x164 .\ARM_GCC_541\Debug\Proj07_hamflyAPI_stateMachineUpgrade.a(ADC_DelSig_1_theACLK.o)
                0x00008b3c                ADC_DelSig_1_theACLK_SetDividerRegister
 .text.ADC_DelSig_1_theACLK_GetDividerRegister
                0x00008ca0       0x18 .\ARM_GCC_541\Debug\Proj07_hamflyAPI_stateMachineUpgrade.a(ADC_DelSig_1_theACLK.o)
                0x00008ca0                ADC_DelSig_1_theACLK_GetDividerRegister
 .text.ADC_DelSig_1_theACLK_SetModeRegister
                0x00008cb8       0x34 .\ARM_GCC_541\Debug\Proj07_hamflyAPI_stateMachineUpgrade.a(ADC_DelSig_1_theACLK.o)
                0x00008cb8                ADC_DelSig_1_theACLK_SetModeRegister
 .text.ADC_DelSig_1_theACLK_GetSourceRegister
                0x00008cec       0x1c .\ARM_GCC_541\Debug\Proj07_hamflyAPI_stateMachineUpgrade.a(ADC_DelSig_1_theACLK.o)
                0x00008cec                ADC_DelSig_1_theACLK_GetSourceRegister
 .text.CySetTempInt
                0x00008d08       0x7c .\ARM_GCC_541\Debug\Proj07_hamflyAPI_stateMachineUpgrade.a(CyFlash.o)
 .text.CyFlashGetSpcAlgorithm
                0x00008d84       0x70 .\ARM_GCC_541\Debug\Proj07_hamflyAPI_stateMachineUpgrade.a(CyFlash.o)
                0x00008d84                CyFlashGetSpcAlgorithm
 .text.CySetTemp
                0x00008df4       0x24 .\ARM_GCC_541\Debug\Proj07_hamflyAPI_stateMachineUpgrade.a(CyFlash.o)
                0x00008df4                CySetTemp
 .text.CyEEPROM_Start
                0x00008e18       0x8c .\ARM_GCC_541\Debug\Proj07_hamflyAPI_stateMachineUpgrade.a(CyFlash.o)
                0x00008e18                CyEEPROM_Start
 .text.CyHalt   0x00008ea4       0x18 .\ARM_GCC_541\Debug\Proj07_hamflyAPI_stateMachineUpgrade.a(CyLib.o)
                0x00008ea4                CyHalt
 .text.CyDelayUs
                0x00008ebc       0x28 .\ARM_GCC_541\Debug\Proj07_hamflyAPI_stateMachineUpgrade.a(CyLib.o)
                0x00008ebc                CyDelayUs
 .text.CyIntSetVector
                0x00008ee4       0x50 .\ARM_GCC_541\Debug\Proj07_hamflyAPI_stateMachineUpgrade.a(CyLib.o)
                0x00008ee4                CyIntSetVector
 .text.CyIntSetPriority
                0x00008f34       0x48 .\ARM_GCC_541\Debug\Proj07_hamflyAPI_stateMachineUpgrade.a(CyLib.o)
                0x00008f34                CyIntSetPriority
 .text.CySpcStart
                0x00008f7c       0x48 .\ARM_GCC_541\Debug\Proj07_hamflyAPI_stateMachineUpgrade.a(CySpc.o)
                0x00008f7c                CySpcStart
 .text.CySpcReadData
                0x00008fc4       0x54 .\ARM_GCC_541\Debug\Proj07_hamflyAPI_stateMachineUpgrade.a(CySpc.o)
                0x00008fc4                CySpcReadData
 .text.CySpcGetTemp
                0x00009018       0x64 .\ARM_GCC_541\Debug\Proj07_hamflyAPI_stateMachineUpgrade.a(CySpc.o)
                0x00009018                CySpcGetTemp
 .text.CySpcLock
                0x0000907c       0x68 .\ARM_GCC_541\Debug\Proj07_hamflyAPI_stateMachineUpgrade.a(CySpc.o)
                0x0000907c                CySpcLock
 .text.CySpcUnlock
                0x000090e4       0x50 .\ARM_GCC_541\Debug\Proj07_hamflyAPI_stateMachineUpgrade.a(CySpc.o)
                0x000090e4                CySpcUnlock
 .text.CySpcGetAlgorithm
                0x00009134       0x44 .\ARM_GCC_541\Debug\Proj07_hamflyAPI_stateMachineUpgrade.a(CySpc.o)
                0x00009134                CySpcGetAlgorithm
 .text.UART_DEBUG_Start
                0x00009178       0x24 .\ARM_GCC_541\Debug\Proj07_hamflyAPI_stateMachineUpgrade.a(UART_DEBUG.o)
                0x00009178                UART_DEBUG_Start
 .text.UART_DEBUG_Init
                0x0000919c       0x40 .\ARM_GCC_541\Debug\Proj07_hamflyAPI_stateMachineUpgrade.a(UART_DEBUG.o)
                0x0000919c                UART_DEBUG_Init
 .text.UART_DEBUG_Enable
                0x000091dc       0x60 .\ARM_GCC_541\Debug\Proj07_hamflyAPI_stateMachineUpgrade.a(UART_DEBUG.o)
                0x000091dc                UART_DEBUG_Enable
 .text.UART_DEBUG_GetChar
                0x0000923c       0x44 .\ARM_GCC_541\Debug\Proj07_hamflyAPI_stateMachineUpgrade.a(UART_DEBUG.o)
                0x0000923c                UART_DEBUG_GetChar
 .text.UART_DEBUG_PutChar
                0x00009280       0x34 .\ARM_GCC_541\Debug\Proj07_hamflyAPI_stateMachineUpgrade.a(UART_DEBUG.o)
                0x00009280                UART_DEBUG_PutChar
 .text.UART_DEBUG_PutString
                0x000092b4       0x44 .\ARM_GCC_541\Debug\Proj07_hamflyAPI_stateMachineUpgrade.a(UART_DEBUG.o)
                0x000092b4                UART_DEBUG_PutString
 .text.UART_DEBUG_IntClock_Start
                0x000092f8       0x34 .\ARM_GCC_541\Debug\Proj07_hamflyAPI_stateMachineUpgrade.a(UART_DEBUG_IntClock.o)
                0x000092f8                UART_DEBUG_IntClock_Start
 .text.UART_SBC_Start
                0x0000932c       0x24 .\ARM_GCC_541\Debug\Proj07_hamflyAPI_stateMachineUpgrade.a(UART_SBC.o)
                0x0000932c                UART_SBC_Start
 .text.UART_SBC_Init
                0x00009350       0x40 .\ARM_GCC_541\Debug\Proj07_hamflyAPI_stateMachineUpgrade.a(UART_SBC.o)
                0x00009350                UART_SBC_Init
 .text.UART_SBC_Enable
                0x00009390       0x60 .\ARM_GCC_541\Debug\Proj07_hamflyAPI_stateMachineUpgrade.a(UART_SBC.o)
                0x00009390                UART_SBC_Enable
 .text.UART_SBC_ClearRxBuffer
                0x000093f0       0x44 .\ARM_GCC_541\Debug\Proj07_hamflyAPI_stateMachineUpgrade.a(UART_SBC.o)
                0x000093f0                UART_SBC_ClearRxBuffer
 .text.UART_SBC_PutChar
                0x00009434       0x34 .\ARM_GCC_541\Debug\Proj07_hamflyAPI_stateMachineUpgrade.a(UART_SBC.o)
                0x00009434                UART_SBC_PutChar
 .text.UART_SBC_ClearTxBuffer
                0x00009468       0x44 .\ARM_GCC_541\Debug\Proj07_hamflyAPI_stateMachineUpgrade.a(UART_SBC.o)
                0x00009468                UART_SBC_ClearTxBuffer
 .text.isr_rx_sbc_StartEx
                0x000094ac       0x24 .\ARM_GCC_541\Debug\Proj07_hamflyAPI_stateMachineUpgrade.a(isr_rx_sbc.o)
                0x000094ac                isr_rx_sbc_StartEx
 .text.isr_rx_sbc_SetVector
                0x000094d0       0x24 .\ARM_GCC_541\Debug\Proj07_hamflyAPI_stateMachineUpgrade.a(isr_rx_sbc.o)
                0x000094d0                isr_rx_sbc_SetVector
 .text.isr_rx_sbc_SetPriority
                0x000094f4       0x24 .\ARM_GCC_541\Debug\Proj07_hamflyAPI_stateMachineUpgrade.a(isr_rx_sbc.o)
                0x000094f4                isr_rx_sbc_SetPriority
 .text.isr_rx_sbc_Enable
                0x00009518       0x18 .\ARM_GCC_541\Debug\Proj07_hamflyAPI_stateMachineUpgrade.a(isr_rx_sbc.o)
                0x00009518                isr_rx_sbc_Enable
 .text.isr_rx_sbc_Disable
                0x00009530       0x18 .\ARM_GCC_541\Debug\Proj07_hamflyAPI_stateMachineUpgrade.a(isr_rx_sbc.o)
                0x00009530                isr_rx_sbc_Disable
 .text.UART_SBC_IntClock_Start
                0x00009548       0x34 .\ARM_GCC_541\Debug\Proj07_hamflyAPI_stateMachineUpgrade.a(UART_SBC_IntClock.o)
                0x00009548                UART_SBC_IntClock_Start
 .text.Pin_Debug_SuperLoop_Write
                0x0000957c       0x3c .\ARM_GCC_541\Debug\Proj07_hamflyAPI_stateMachineUpgrade.a(Pin_Debug_SuperLoop.o)
                0x0000957c                Pin_Debug_SuperLoop_Write
 .text.Pin_Debug_SuperLoop_Read
                0x000095b8       0x20 .\ARM_GCC_541\Debug\Proj07_hamflyAPI_stateMachineUpgrade.a(Pin_Debug_SuperLoop.o)
                0x000095b8                Pin_Debug_SuperLoop_Read
 .text.Pin_Debug_CoarseCentroid_Write
                0x000095d8       0x3c .\ARM_GCC_541\Debug\Proj07_hamflyAPI_stateMachineUpgrade.a(Pin_Debug_CoarseCentroid.o)
                0x000095d8                Pin_Debug_CoarseCentroid_Write
 .text.Pin_Debug_CoarseCentroid_Read
                0x00009614       0x20 .\ARM_GCC_541\Debug\Proj07_hamflyAPI_stateMachineUpgrade.a(Pin_Debug_CoarseCentroid.o)
                0x00009614                Pin_Debug_CoarseCentroid_Read
 .text.Pin_SwitchAuto_Read
                0x00009634       0x20 .\ARM_GCC_541\Debug\Proj07_hamflyAPI_stateMachineUpgrade.a(Pin_SwitchAuto.o)
                0x00009634                Pin_SwitchAuto_Read
 *fill*         0x00009654        0x4 
 .text          0x00009658       0x54 .\ARM_GCC_541\Debug\Proj07_hamflyAPI_stateMachineUpgrade.a(CyBootAsmGnu.o)
                0x00009658                CyDelayCycles
                0x00009696                CyEnterCriticalSection
                0x0000969e                CyExitCriticalSection
 .text.cosf     0x000096ac       0x78 c:/program files (x86)/cypress/psoc creator/4.4/psoc creator/import/gnu/arm/5.4.1/bin/../lib/gcc/arm-none-eabi/5.4.1/../../../../arm-none-eabi/lib/armv7-m\libm.a(lib_a-sf_cos.o)
                0x000096ac                cosf
 .text.sinf     0x00009724       0x7c c:/program files (x86)/cypress/psoc creator/4.4/psoc creator/import/gnu/arm/5.4.1/bin/../lib/gcc/arm-none-eabi/5.4.1/../../../../arm-none-eabi/lib/armv7-m\libm.a(lib_a-sf_sin.o)
                0x00009724                sinf
 .text.asinf    0x000097a0       0xa4 c:/program files (x86)/cypress/psoc creator/4.4/psoc creator/import/gnu/arm/5.4.1/bin/../lib/gcc/arm-none-eabi/5.4.1/../../../../arm-none-eabi/lib/armv7-m\libm.a(lib_a-wf_asin.o)
                0x000097a0                asinf
 .text.atan2f   0x00009844        0x4 c:/program files (x86)/cypress/psoc creator/4.4/psoc creator/import/gnu/arm/5.4.1/bin/../lib/gcc/arm-none-eabi/5.4.1/../../../../arm-none-eabi/lib/armv7-m\libm.a(lib_a-wf_atan2.o)
                0x00009844                atan2f
 .text.sqrtf    0x00009848       0x9c c:/program files (x86)/cypress/psoc creator/4.4/psoc creator/import/gnu/arm/5.4.1/bin/../lib/gcc/arm-none-eabi/5.4.1/../../../../arm-none-eabi/lib/armv7-m\libm.a(lib_a-wf_sqrt.o)
                0x00009848                sqrtf
 .text.__ieee754_asinf
                0x000098e4      0x294 c:/program files (x86)/cypress/psoc creator/4.4/psoc creator/import/gnu/arm/5.4.1/bin/../lib/gcc/arm-none-eabi/5.4.1/../../../../arm-none-eabi/lib/armv7-m\libm.a(lib_a-ef_asin.o)
                0x000098e4                __ieee754_asinf
 .text.__ieee754_atan2f
                0x00009b78      0x124 c:/program files (x86)/cypress/psoc creator/4.4/psoc creator/import/gnu/arm/5.4.1/bin/../lib/gcc/arm-none-eabi/5.4.1/../../../../arm-none-eabi/lib/armv7-m\libm.a(lib_a-ef_atan2.o)
                0x00009b78                __ieee754_atan2f
 .text.__ieee754_rem_pio2f
                0x00009c9c      0x2e4 c:/program files (x86)/cypress/psoc creator/4.4/psoc creator/import/gnu/arm/5.4.1/bin/../lib/gcc/arm-none-eabi/5.4.1/../../../../arm-none-eabi/lib/armv7-m\libm.a(lib_a-ef_rem_pio2.o)
                0x00009c9c                __ieee754_rem_pio2f
 .text.__ieee754_sqrtf
                0x00009f80       0xa8 c:/program files (x86)/cypress/psoc creator/4.4/psoc creator/import/gnu/arm/5.4.1/bin/../lib/gcc/arm-none-eabi/5.4.1/../../../../arm-none-eabi/lib/armv7-m\libm.a(lib_a-ef_sqrt.o)
                0x00009f80                __ieee754_sqrtf
 .text.__kernel_cosf
                0x0000a028      0x188 c:/program files (x86)/cypress/psoc creator/4.4/psoc creator/import/gnu/arm/5.4.1/bin/../lib/gcc/arm-none-eabi/5.4.1/../../../../arm-none-eabi/lib/armv7-m\libm.a(lib_a-kf_cos.o)
                0x0000a028                __kernel_cosf
 .text.__kernel_rem_pio2f
                0x0000a1b0      0x6a0 c:/program files (x86)/cypress/psoc creator/4.4/psoc creator/import/gnu/arm/5.4.1/bin/../lib/gcc/arm-none-eabi/5.4.1/../../../../arm-none-eabi/lib/armv7-m\libm.a(lib_a-kf_rem_pio2.o)
                0x0000a1b0                __kernel_rem_pio2f
 .text.__kernel_sinf
                0x0000a850       0xec c:/program files (x86)/cypress/psoc creator/4.4/psoc creator/import/gnu/arm/5.4.1/bin/../lib/gcc/arm-none-eabi/5.4.1/../../../../arm-none-eabi/lib/armv7-m\libm.a(lib_a-kf_sin.o)
                0x0000a850                __kernel_sinf
 .text.matherr  0x0000a93c        0x4 c:/program files (x86)/cypress/psoc creator/4.4/psoc creator/import/gnu/arm/5.4.1/bin/../lib/gcc/arm-none-eabi/5.4.1/../../../../arm-none-eabi/lib/armv7-m\libm.a(lib_a-s_matherr.o)
                0x0000a93c                matherr
 .text.nan      0x0000a940        0xc c:/program files (x86)/cypress/psoc creator/4.4/psoc creator/import/gnu/arm/5.4.1/bin/../lib/gcc/arm-none-eabi/5.4.1/../../../../arm-none-eabi/lib/armv7-m\libm.a(lib_a-s_nan.o)
                0x0000a940                nan
 .text.atanf    0x0000a94c      0x22c c:/program files (x86)/cypress/psoc creator/4.4/psoc creator/import/gnu/arm/5.4.1/bin/../lib/gcc/arm-none-eabi/5.4.1/../../../../arm-none-eabi/lib/armv7-m\libm.a(lib_a-sf_atan.o)
                0x0000a94c                atanf
 .text.fabsf    0x0000ab78        0x8 c:/program files (x86)/cypress/psoc creator/4.4/psoc creator/import/gnu/arm/5.4.1/bin/../lib/gcc/arm-none-eabi/5.4.1/../../../../arm-none-eabi/lib/armv7-m\libm.a(lib_a-sf_fabs.o)
                0x0000ab78                fabsf
 .text.floorf   0x0000ab80       0x8c c:/program files (x86)/cypress/psoc creator/4.4/psoc creator/import/gnu/arm/5.4.1/bin/../lib/gcc/arm-none-eabi/5.4.1/../../../../arm-none-eabi/lib/armv7-m\libm.a(lib_a-sf_floor.o)
                0x0000ab80                floorf
 .text.scalbnf  0x0000ac0c       0xb0 c:/program files (x86)/cypress/psoc creator/4.4/psoc creator/import/gnu/arm/5.4.1/bin/../lib/gcc/arm-none-eabi/5.4.1/../../../../arm-none-eabi/lib/armv7-m\libm.a(lib_a-sf_scalbn.o)
                0x0000ac0c                scalbnf
 .text.copysignf
                0x0000acbc        0xc c:/program files (x86)/cypress/psoc creator/4.4/psoc creator/import/gnu/arm/5.4.1/bin/../lib/gcc/arm-none-eabi/5.4.1/../../../../arm-none-eabi/lib/armv7-m\libm.a(lib_a-sf_copysign.o)
                0x0000acbc                copysignf
 .text          0x0000acc8      0x370 c:/program files (x86)/cypress/psoc creator/4.4/psoc creator/import/gnu/arm/5.4.1/bin/../lib/gcc/arm-none-eabi/5.4.1/armv7-m\libgcc.a(_arm_addsubdf3.o)
                0x0000acc8                __aeabi_drsub
                0x0000acd0                __aeabi_dsub
                0x0000acd0                __subdf3
                0x0000acd4                __aeabi_dadd
                0x0000acd4                __adddf3
                0x0000af4c                __floatunsidf
                0x0000af4c                __aeabi_ui2d
                0x0000af6c                __floatsidf
                0x0000af6c                __aeabi_i2d
                0x0000af90                __aeabi_f2d
                0x0000af90                __extendsfdf2
                0x0000afcc                __floatundidf
                0x0000afcc                __aeabi_ul2d
                0x0000afdc                __floatdidf
                0x0000afdc                __aeabi_l2d
 .text          0x0000b038      0x424 c:/program files (x86)/cypress/psoc creator/4.4/psoc creator/import/gnu/arm/5.4.1/bin/../lib/gcc/arm-none-eabi/5.4.1/armv7-m\libgcc.a(_arm_muldivdf3.o)
                0x0000b038                __aeabi_dmul
                0x0000b038                __muldf3
                0x0000b28c                __divdf3
                0x0000b28c                __aeabi_ddiv
 .text          0x0000b45c      0x110 c:/program files (x86)/cypress/psoc creator/4.4/psoc creator/import/gnu/arm/5.4.1/bin/../lib/gcc/arm-none-eabi/5.4.1/armv7-m\libgcc.a(_arm_cmpdf2.o)
                0x0000b45c                __gtdf2
                0x0000b45c                __gedf2
                0x0000b464                __ltdf2
                0x0000b464                __ledf2
                0x0000b46c                __nedf2
                0x0000b46c                __eqdf2
                0x0000b46c                __cmpdf2
                0x0000b4e8                __aeabi_cdrcmple
                0x0000b4f8                __aeabi_cdcmpeq
                0x0000b4f8                __aeabi_cdcmple
                0x0000b508                __aeabi_dcmpeq
                0x0000b51c                __aeabi_dcmplt
                0x0000b530                __aeabi_dcmple
                0x0000b544                __aeabi_dcmpge
                0x0000b558                __aeabi_dcmpgt
 .text          0x0000b56c       0x2c c:/program files (x86)/cypress/psoc creator/4.4/psoc creator/import/gnu/arm/5.4.1/bin/../lib/gcc/arm-none-eabi/5.4.1/armv7-m\libgcc.a(_arm_unorddf2.o)
                0x0000b56c                __unorddf2
                0x0000b56c                __aeabi_dcmpun
 .text          0x0000b598       0x50 c:/program files (x86)/cypress/psoc creator/4.4/psoc creator/import/gnu/arm/5.4.1/bin/../lib/gcc/arm-none-eabi/5.4.1/armv7-m\libgcc.a(_arm_fixdfsi.o)
                0x0000b598                __aeabi_d2iz
                0x0000b598                __fixdfsi
 .text          0x0000b5e8       0xa0 c:/program files (x86)/cypress/psoc creator/4.4/psoc creator/import/gnu/arm/5.4.1/bin/../lib/gcc/arm-none-eabi/5.4.1/armv7-m\libgcc.a(_arm_truncdfsf2.o)
                0x0000b5e8                __truncdfsf2
                0x0000b5e8                __aeabi_d2f
 .text          0x0000b688      0x21c c:/program files (x86)/cypress/psoc creator/4.4/psoc creator/import/gnu/arm/5.4.1/bin/../lib/gcc/arm-none-eabi/5.4.1/armv7-m\libgcc.a(_arm_addsubsf3.o)
                0x0000b688                __aeabi_frsub
                0x0000b690                __subsf3
                0x0000b690                __aeabi_fsub
                0x0000b694                __aeabi_fadd
                0x0000b694                __addsf3
                0x0000b7f4                __aeabi_ui2f
                0x0000b7f4                __floatunsisf
                0x0000b7fc                __aeabi_i2f
                0x0000b7fc                __floatsisf
                0x0000b818                __aeabi_ul2f
                0x0000b818                __floatundisf
                0x0000b828                __aeabi_l2f
                0x0000b828                __floatdisf
 .text          0x0000b8a4      0x2a0 c:/program files (x86)/cypress/psoc creator/4.4/psoc creator/import/gnu/arm/5.4.1/bin/../lib/gcc/arm-none-eabi/5.4.1/armv7-m\libgcc.a(_arm_muldivsf3.o)
                0x0000b8a4                __mulsf3
                0x0000b8a4                __aeabi_fmul
                0x0000ba0c                __aeabi_fdiv
                0x0000ba0c                __divsf3
 .text          0x0000bb44       0xec c:/program files (x86)/cypress/psoc creator/4.4/psoc creator/import/gnu/arm/5.4.1/bin/../lib/gcc/arm-none-eabi/5.4.1/armv7-m\libgcc.a(_arm_cmpsf2.o)
                0x0000bb44                __gesf2
                0x0000bb44                __gtsf2
                0x0000bb4c                __lesf2
                0x0000bb4c                __ltsf2
                0x0000bb54                __nesf2
                0x0000bb54                __eqsf2
                0x0000bb54                __cmpsf2
                0x0000bbb4                __aeabi_cfrcmple
                0x0000bbbc                __aeabi_cfcmpeq
                0x0000bbbc                __aeabi_cfcmple
                0x0000bbcc                __aeabi_fcmpeq
                0x0000bbe0                __aeabi_fcmplt
                0x0000bbf4                __aeabi_fcmple
                0x0000bc08                __aeabi_fcmpge
                0x0000bc1c                __aeabi_fcmpgt
 .text          0x0000bc30       0x2c c:/program files (x86)/cypress/psoc creator/4.4/psoc creator/import/gnu/arm/5.4.1/bin/../lib/gcc/arm-none-eabi/5.4.1/armv7-m\libgcc.a(_arm_unordsf2.o)
                0x0000bc30                __unordsf2
                0x0000bc30                __aeabi_fcmpun
 .text          0x0000bc5c       0x4c c:/program files (x86)/cypress/psoc creator/4.4/psoc creator/import/gnu/arm/5.4.1/bin/../lib/gcc/arm-none-eabi/5.4.1/armv7-m\libgcc.a(_arm_fixsfsi.o)
                0x0000bc5c                __aeabi_f2iz
                0x0000bc5c                __fixsfsi
 .text          0x0000bca8       0x40 c:/program files (x86)/cypress/psoc creator/4.4/psoc creator/import/gnu/arm/5.4.1/bin/../lib/gcc/arm-none-eabi/5.4.1/armv7-m\libgcc.a(_arm_fixunssfsi.o)
                0x0000bca8                __fixunssfsi
                0x0000bca8                __aeabi_f2uiz
 .text.__errno  0x0000bce8        0xc c:/program files (x86)/cypress/psoc creator/4.4/psoc creator/import/gnu/arm/5.4.1/bin/../lib/gcc/arm-none-eabi/5.4.1/../../../../arm-none-eabi/lib/armv7-m\libg_nano.a(lib_a-errno.o)
                0x0000bce8                __errno
 .text.__libc_init_array
                0x0000bcf4       0x4c c:/program files (x86)/cypress/psoc creator/4.4/psoc creator/import/gnu/arm/5.4.1/bin/../lib/gcc/arm-none-eabi/5.4.1/../../../../arm-none-eabi/lib/armv7-m\libg_nano.a(lib_a-init.o)
                0x0000bcf4                __libc_init_array
 .text.memcpy   0x0000bd40       0x16 c:/program files (x86)/cypress/psoc creator/4.4/psoc creator/import/gnu/arm/5.4.1/bin/../lib/gcc/arm-none-eabi/5.4.1/../../../../arm-none-eabi/lib/armv7-m\libg_nano.a(lib_a-memcpy-stub.o)
                0x0000bd40                memcpy
 .text.memset   0x0000bd56       0x10 c:/program files (x86)/cypress/psoc creator/4.4/psoc creator/import/gnu/arm/5.4.1/bin/../lib/gcc/arm-none-eabi/5.4.1/../../../../arm-none-eabi/lib/armv7-m\libg_nano.a(lib_a-memset.o)
                0x0000bd56                memset
 .text.__cvt    0x0000bd66       0xc0 c:/program files (x86)/cypress/psoc creator/4.4/psoc creator/import/gnu/arm/5.4.1/bin/../lib/gcc/arm-none-eabi/5.4.1/../../../../arm-none-eabi/lib/armv7-m\libg_nano.a(lib_a-nano-vfprintf_float.o)
                0x0000bd66                __cvt
 .text.__exponent
                0x0000be26       0x62 c:/program files (x86)/cypress/psoc creator/4.4/psoc creator/import/gnu/arm/5.4.1/bin/../lib/gcc/arm-none-eabi/5.4.1/../../../../arm-none-eabi/lib/armv7-m\libg_nano.a(lib_a-nano-vfprintf_float.o)
                0x0000be26                __exponent
 .text._printf_float
                0x0000be88      0x488 c:/program files (x86)/cypress/psoc creator/4.4/psoc creator/import/gnu/arm/5.4.1/bin/../lib/gcc/arm-none-eabi/5.4.1/../../../../arm-none-eabi/lib/armv7-m\libg_nano.a(lib_a-nano-vfprintf_float.o)
                0x0000be88                _printf_float
 .text._printf_common
                0x0000c310       0xec c:/program files (x86)/cypress/psoc creator/4.4/psoc creator/import/gnu/arm/5.4.1/bin/../lib/gcc/arm-none-eabi/5.4.1/../../../../arm-none-eabi/lib/armv7-m\libg_nano.a(lib_a-nano-vfprintf_i.o)
                0x0000c310                _printf_common
 .text._printf_i
                0x0000c3fc      0x24c c:/program files (x86)/cypress/psoc creator/4.4/psoc creator/import/gnu/arm/5.4.1/bin/../lib/gcc/arm-none-eabi/5.4.1/../../../../arm-none-eabi/lib/armv7-m\libg_nano.a(lib_a-nano-vfprintf_i.o)
                0x0000c3fc                _printf_i
 .text.snprintf
                0x0000c648       0x64 c:/program files (x86)/cypress/psoc creator/4.4/psoc creator/import/gnu/arm/5.4.1/bin/../lib/gcc/arm-none-eabi/5.4.1/../../../../arm-none-eabi/lib/armv7-m\libg_nano.a(lib_a-snprintf.o)
                0x0000c648                sniprintf
                0x0000c648                snprintf
 .text          0x0000c6ac       0x10 c:/program files (x86)/cypress/psoc creator/4.4/psoc creator/import/gnu/arm/5.4.1/bin/../lib/gcc/arm-none-eabi/5.4.1/../../../../arm-none-eabi/lib/armv7-m\libg_nano.a(lib_a-strlen.o)
                0x0000c6ac                strlen
 .text.quorem   0x0000c6bc      0x116 c:/program files (x86)/cypress/psoc creator/4.4/psoc creator/import/gnu/arm/5.4.1/bin/../lib/gcc/arm-none-eabi/5.4.1/../../../../arm-none-eabi/lib/armv7-m\libg_nano.a(lib_a-dtoa.o)
 *fill*         0x0000c7d2        0x6 
 .text._dtoa_r  0x0000c7d8      0xb30 c:/program files (x86)/cypress/psoc creator/4.4/psoc creator/import/gnu/arm/5.4.1/bin/../lib/gcc/arm-none-eabi/5.4.1/../../../../arm-none-eabi/lib/armv7-m\libg_nano.a(lib_a-dtoa.o)
                0x0000c7d8                _dtoa_r
 .text._localeconv_r
                0x0000d308        0x8 c:/program files (x86)/cypress/psoc creator/4.4/psoc creator/import/gnu/arm/5.4.1/bin/../lib/gcc/arm-none-eabi/5.4.1/../../../../arm-none-eabi/lib/armv7-m\libg_nano.a(lib_a-locale.o)
                0x0000d308                _localeconv_r
 .text.malloc   0x0000d310       0x10 c:/program files (x86)/cypress/psoc creator/4.4/psoc creator/import/gnu/arm/5.4.1/bin/../lib/gcc/arm-none-eabi/5.4.1/../../../../arm-none-eabi/lib/armv7-m\libg_nano.a(lib_a-malloc.o)
                0x0000d310                malloc
 .text.memchr   0x0000d320       0x1c c:/program files (x86)/cypress/psoc creator/4.4/psoc creator/import/gnu/arm/5.4.1/bin/../lib/gcc/arm-none-eabi/5.4.1/../../../../arm-none-eabi/lib/armv7-m\libg_nano.a(lib_a-memchr-stub.o)
                0x0000d320                memchr
 .text._Balloc  0x0000d33c       0x6a c:/program files (x86)/cypress/psoc creator/4.4/psoc creator/import/gnu/arm/5.4.1/bin/../lib/gcc/arm-none-eabi/5.4.1/../../../../arm-none-eabi/lib/armv7-m\libg_nano.a(lib_a-mprec.o)
                0x0000d33c                _Balloc
 .text._Bfree   0x0000d3a6       0x2e c:/program files (x86)/cypress/psoc creator/4.4/psoc creator/import/gnu/arm/5.4.1/bin/../lib/gcc/arm-none-eabi/5.4.1/../../../../arm-none-eabi/lib/armv7-m\libg_nano.a(lib_a-mprec.o)
                0x0000d3a6                _Bfree
 .text.__multadd
                0x0000d3d4       0x76 c:/program files (x86)/cypress/psoc creator/4.4/psoc creator/import/gnu/arm/5.4.1/bin/../lib/gcc/arm-none-eabi/5.4.1/../../../../arm-none-eabi/lib/armv7-m\libg_nano.a(lib_a-mprec.o)
                0x0000d3d4                __multadd
 .text.__hi0bits
                0x0000d44a       0x40 c:/program files (x86)/cypress/psoc creator/4.4/psoc creator/import/gnu/arm/5.4.1/bin/../lib/gcc/arm-none-eabi/5.4.1/../../../../arm-none-eabi/lib/armv7-m\libg_nano.a(lib_a-mprec.o)
                0x0000d44a                __hi0bits
 .text.__lo0bits
                0x0000d48a       0x5a c:/program files (x86)/cypress/psoc creator/4.4/psoc creator/import/gnu/arm/5.4.1/bin/../lib/gcc/arm-none-eabi/5.4.1/../../../../arm-none-eabi/lib/armv7-m\libg_nano.a(lib_a-mprec.o)
                0x0000d48a                __lo0bits
 .text.__i2b    0x0000d4e4       0x12 c:/program files (x86)/cypress/psoc creator/4.4/psoc creator/import/gnu/arm/5.4.1/bin/../lib/gcc/arm-none-eabi/5.4.1/../../../../arm-none-eabi/lib/armv7-m\libg_nano.a(lib_a-mprec.o)
                0x0000d4e4                __i2b
 .text.__multiply
                0x0000d4f6      0x120 c:/program files (x86)/cypress/psoc creator/4.4/psoc creator/import/gnu/arm/5.4.1/bin/../lib/gcc/arm-none-eabi/5.4.1/../../../../arm-none-eabi/lib/armv7-m\libg_nano.a(lib_a-mprec.o)
                0x0000d4f6                __multiply
 *fill*         0x0000d616        0x2 
 .text.__pow5mult
                0x0000d618       0x9c c:/program files (x86)/cypress/psoc creator/4.4/psoc creator/import/gnu/arm/5.4.1/bin/../lib/gcc/arm-none-eabi/5.4.1/../../../../arm-none-eabi/lib/armv7-m\libg_nano.a(lib_a-mprec.o)
                0x0000d618                __pow5mult
 .text.__lshift
                0x0000d6b4       0xa2 c:/program files (x86)/cypress/psoc creator/4.4/psoc creator/import/gnu/arm/5.4.1/bin/../lib/gcc/arm-none-eabi/5.4.1/../../../../arm-none-eabi/lib/armv7-m\libg_nano.a(lib_a-mprec.o)
                0x0000d6b4                __lshift
 .text.__mcmp   0x0000d756       0x38 c:/program files (x86)/cypress/psoc creator/4.4/psoc creator/import/gnu/arm/5.4.1/bin/../lib/gcc/arm-none-eabi/5.4.1/../../../../arm-none-eabi/lib/armv7-m\libg_nano.a(lib_a-mprec.o)
                0x0000d756                __mcmp
 .text.__mdiff  0x0000d78e       0xbe c:/program files (x86)/cypress/psoc creator/4.4/psoc creator/import/gnu/arm/5.4.1/bin/../lib/gcc/arm-none-eabi/5.4.1/../../../../arm-none-eabi/lib/armv7-m\libg_nano.a(lib_a-mprec.o)
                0x0000d78e                __mdiff
 .text.__d2b    0x0000d84c       0x9c c:/program files (x86)/cypress/psoc creator/4.4/psoc creator/import/gnu/arm/5.4.1/bin/../lib/gcc/arm-none-eabi/5.4.1/../../../../arm-none-eabi/lib/armv7-m\libg_nano.a(lib_a-mprec.o)
                0x0000d84c                __d2b
 .text._calloc_r
                0x0000d8e8       0x1c c:/program files (x86)/cypress/psoc creator/4.4/psoc creator/import/gnu/arm/5.4.1/bin/../lib/gcc/arm-none-eabi/5.4.1/../../../../arm-none-eabi/lib/armv7-m\libg_nano.a(lib_a-nano-callocr.o)
                0x0000d8e8                _calloc_r
 .text._free_r  0x0000d904       0x98 c:/program files (x86)/cypress/psoc creator/4.4/psoc creator/import/gnu/arm/5.4.1/bin/../lib/gcc/arm-none-eabi/5.4.1/../../../../arm-none-eabi/lib/armv7-m\libg_nano.a(lib_a-nano-freer.o)
                0x0000d904                _free_r
 .text._malloc_r
                0x0000d99c       0xbc c:/program files (x86)/cypress/psoc creator/4.4/psoc creator/import/gnu/arm/5.4.1/bin/../lib/gcc/arm-none-eabi/5.4.1/../../../../arm-none-eabi/lib/armv7-m\libg_nano.a(lib_a-nano-mallocr.o)
                0x0000d99c                _malloc_r
 .text.__ssputs_r
                0x0000da58       0xb2 c:/program files (x86)/cypress/psoc creator/4.4/psoc creator/import/gnu/arm/5.4.1/bin/../lib/gcc/arm-none-eabi/5.4.1/../../../../arm-none-eabi/lib/armv7-m\libg_nano.a(lib_a-nano-svfprintf.o)
                0x0000da58                __ssputs_r
 *fill*         0x0000db0a        0x2 
 .text._svfprintf_r
                0x0000db0c      0x1e8 c:/program files (x86)/cypress/psoc creator/4.4/psoc creator/import/gnu/arm/5.4.1/bin/../lib/gcc/arm-none-eabi/5.4.1/../../../../arm-none-eabi/lib/armv7-m\libg_nano.a(lib_a-nano-svfprintf.o)
                0x0000db0c                _svfiprintf_r
                0x0000db0c                _svfprintf_r
 .text._sbrk_r  0x0000dcf4       0x20 c:/program files (x86)/cypress/psoc creator/4.4/psoc creator/import/gnu/arm/5.4.1/bin/../lib/gcc/arm-none-eabi/5.4.1/../../../../arm-none-eabi/lib/armv7-m\libg_nano.a(lib_a-sbrkr.o)
                0x0000dcf4                _sbrk_r
 .text.memmove  0x0000dd14       0x36 c:/program files (x86)/cypress/psoc creator/4.4/psoc creator/import/gnu/arm/5.4.1/bin/../lib/gcc/arm-none-eabi/5.4.1/../../../../arm-none-eabi/lib/armv7-m\libg_nano.a(lib_a-memmove.o)
                0x0000dd14                memmove
 .text.__malloc_lock
                0x0000dd4a        0x2 c:/program files (x86)/cypress/psoc creator/4.4/psoc creator/import/gnu/arm/5.4.1/bin/../lib/gcc/arm-none-eabi/5.4.1/../../../../arm-none-eabi/lib/armv7-m\libg_nano.a(lib_a-mlock.o)
                0x0000dd4a                __malloc_lock
 .text.__malloc_unlock
                0x0000dd4c        0x2 c:/program files (x86)/cypress/psoc creator/4.4/psoc creator/import/gnu/arm/5.4.1/bin/../lib/gcc/arm-none-eabi/5.4.1/../../../../arm-none-eabi/lib/armv7-m\libg_nano.a(lib_a-mlock.o)
                0x0000dd4c                __malloc_unlock
 .text._realloc_r
                0x0000dd4e       0x4c c:/program files (x86)/cypress/psoc creator/4.4/psoc creator/import/gnu/arm/5.4.1/bin/../lib/gcc/arm-none-eabi/5.4.1/../../../../arm-none-eabi/lib/armv7-m\libg_nano.a(lib_a-nano-reallocr.o)
                0x0000dd4e                _realloc_r
 .text._malloc_usable_size_r
                0x0000dd9a       0x14 c:/program files (x86)/cypress/psoc creator/4.4/psoc creator/import/gnu/arm/5.4.1/bin/../lib/gcc/arm-none-eabi/5.4.1/../../../../arm-none-eabi/lib/armv7-m\libg_nano.a(lib_a-nano-msizer.o)
                0x0000dd9a                _malloc_usable_size_r
 *(.plt)
 *(.gnu.warning)
 *(.glue_7t)
 .glue_7t       0x0000ddae        0x0 linker stubs
 *(.glue_7)
 .glue_7        0x0000ddae        0x0 linker stubs
 *(.vfp11_veneer)
 .vfp11_veneer  0x0000ddae        0x0 linker stubs
 *(.bootloader)
 *(.ARM.extab* .gnu.linkonce.armextab.*)
 *(.gcc_except_table)

.v4_bx          0x0000ddb0        0x0
 .v4_bx         0x0000ddb0        0x0 linker stubs

.iplt           0x0000ddb0        0x0
 .iplt          0x0000ddb0        0x0 c:/program files (x86)/cypress/psoc creator/4.4/psoc creator/import/gnu/arm/5.4.1/bin/../lib/gcc/arm-none-eabi/5.4.1/armv7-m/crtbegin.o

.eh_frame_hdr
 *(.eh_frame_hdr)

.eh_frame       0x0000ddb0        0x4
 *(.eh_frame)
 .eh_frame      0x0000ddb0        0x0 c:/program files (x86)/cypress/psoc creator/4.4/psoc creator/import/gnu/arm/5.4.1/bin/../lib/gcc/arm-none-eabi/5.4.1/armv7-m/crtbegin.o
 .eh_frame      0x0000ddb0        0x4 c:/program files (x86)/cypress/psoc creator/4.4/psoc creator/import/gnu/arm/5.4.1/bin/../lib/gcc/arm-none-eabi/5.4.1/armv7-m/crtend.o
                [!provide]                PROVIDE (__exidx_start, .)

.ARM.exidx
 *(.ARM.exidx* .gnu.linkonce.armexidx.*)
                0x0000ddb4                __exidx_end = .

.rodata         0x0000ddb8     0x1280
 *(.rodata .rodata.* .gnu.linkonce.r.*)
 .rodata        0x0000ddb8      0x236 .\ARM_GCC_541\Debug\main.o
 *fill*         0x0000dfee        0x2 
 .rodata        0x0000dff0      0x3b8 .\ARM_GCC_541\Debug\app_statemachine.o
 .rodata        0x0000e3a8      0x100 .\ARM_GCC_541\Debug\sbc_comms.o
 .rodata        0x0000e4a8       0xb9 .\ARM_GCC_541\Debug\app_state_stby.o
 *fill*         0x0000e561        0x3 
 .rodata        0x0000e564       0x4f .\ARM_GCC_541\Debug\app_state_manu.o
 *fill*         0x0000e5b3        0x1 
 .rodata        0x0000e5b4      0x376 .\ARM_GCC_541\Debug\app_state_auto.o
 *fill*         0x0000e92a        0x2 
 .rodata        0x0000e92c       0xc5 .\ARM_GCC_541\Debug\app_state_error.o
 *fill*         0x0000e9f1        0x3 
 .rodata        0x0000e9f4       0x2b .\ARM_GCC_541\Debug\utils.o
 *fill*         0x0000ea1f        0x1 
 .rodata        0x0000ea20        0x4 .\ARM_GCC_541\Debug\hamfly_core_telemetry.o
 .rodata        0x0000ea24       0x7a .\ARM_GCC_541\Debug\cyfitter_cfg.o
                0x0000ea24                AMux_1__addrTable
                0x0000ea34                AMux_1__maskTable
                0x0000ea38                ADC_DelSig_1_AMux__addrTable
                0x0000ea40                ADC_DelSig_1_AMux__maskTable
 *fill*         0x0000ea9e        0x2 
 .rodata.str1.4
                0x0000eaa0        0x9 c:/program files (x86)/cypress/psoc creator/4.4/psoc creator/import/gnu/arm/5.4.1/bin/../lib/gcc/arm-none-eabi/5.4.1/../../../../arm-none-eabi/lib/armv7-m\libm.a(lib_a-wf_asin.o)
 *fill*         0x0000eaa9        0x3 
 .rodata.str1.4
                0x0000eaac        0x8 c:/program files (x86)/cypress/psoc creator/4.4/psoc creator/import/gnu/arm/5.4.1/bin/../lib/gcc/arm-none-eabi/5.4.1/../../../../arm-none-eabi/lib/armv7-m\libm.a(lib_a-wf_sqrt.o)
                                  0x6 (size before relaxing)
 .rodata.npio2_hw
                0x0000eab4       0x80 c:/program files (x86)/cypress/psoc creator/4.4/psoc creator/import/gnu/arm/5.4.1/bin/../lib/gcc/arm-none-eabi/5.4.1/../../../../arm-none-eabi/lib/armv7-m\libm.a(lib_a-ef_rem_pio2.o)
 .rodata.two_over_pi
                0x0000eb34      0x318 c:/program files (x86)/cypress/psoc creator/4.4/psoc creator/import/gnu/arm/5.4.1/bin/../lib/gcc/arm-none-eabi/5.4.1/../../../../arm-none-eabi/lib/armv7-m\libm.a(lib_a-ef_rem_pio2.o)
 .rodata.init_jk
                0x0000ee4c        0xc c:/program files (x86)/cypress/psoc creator/4.4/psoc creator/import/gnu/arm/5.4.1/bin/../lib/gcc/arm-none-eabi/5.4.1/../../../../arm-none-eabi/lib/armv7-m\libm.a(lib_a-kf_rem_pio2.o)
 .rodata.PIo2   0x0000ee58       0x2c c:/program files (x86)/cypress/psoc creator/4.4/psoc creator/import/gnu/arm/5.4.1/bin/../lib/gcc/arm-none-eabi/5.4.1/../../../../arm-none-eabi/lib/armv7-m\libm.a(lib_a-kf_rem_pio2.o)
 .rodata.atanlo
                0x0000ee84       0x10 c:/program files (x86)/cypress/psoc creator/4.4/psoc creator/import/gnu/arm/5.4.1/bin/../lib/gcc/arm-none-eabi/5.4.1/../../../../arm-none-eabi/lib/armv7-m\libm.a(lib_a-sf_atan.o)
 .rodata.atanhi
                0x0000ee94       0x10 c:/program files (x86)/cypress/psoc creator/4.4/psoc creator/import/gnu/arm/5.4.1/bin/../lib/gcc/arm-none-eabi/5.4.1/../../../../arm-none-eabi/lib/armv7-m\libm.a(lib_a-sf_atan.o)
 .rodata.str1.1
                0x0000eea4        0x2 c:/program files (x86)/cypress/psoc creator/4.4/psoc creator/import/gnu/arm/5.4.1/bin/../lib/gcc/arm-none-eabi/5.4.1/../../../../arm-none-eabi/lib/armv7-m\libg_nano.a(lib_a-impure.o)
 .rodata.str1.1
                0x0000eea6       0x12 c:/program files (x86)/cypress/psoc creator/4.4/psoc creator/import/gnu/arm/5.4.1/bin/../lib/gcc/arm-none-eabi/5.4.1/../../../../arm-none-eabi/lib/armv7-m\libg_nano.a(lib_a-nano-vfprintf_float.o)
 .rodata.str1.1
                0x0000eeb8       0x22 c:/program files (x86)/cypress/psoc creator/4.4/psoc creator/import/gnu/arm/5.4.1/bin/../lib/gcc/arm-none-eabi/5.4.1/../../../../arm-none-eabi/lib/armv7-m\libg_nano.a(lib_a-nano-vfprintf_i.o)
 .rodata.str1.1
                0x0000eeda        0xd c:/program files (x86)/cypress/psoc creator/4.4/psoc creator/import/gnu/arm/5.4.1/bin/../lib/gcc/arm-none-eabi/5.4.1/../../../../arm-none-eabi/lib/armv7-m\libg_nano.a(lib_a-dtoa.o)
                                  0xf (size before relaxing)
 .rodata.str1.1
                0x0000eee7        0x8 c:/program files (x86)/cypress/psoc creator/4.4/psoc creator/import/gnu/arm/5.4.1/bin/../lib/gcc/arm-none-eabi/5.4.1/../../../../arm-none-eabi/lib/armv7-m\libg_nano.a(lib_a-locale.o)
                                  0xb (size before relaxing)
 *fill*         0x0000eeef        0x1 
 .rodata.__mprec_tens
                0x0000eef0       0xc8 c:/program files (x86)/cypress/psoc creator/4.4/psoc creator/import/gnu/arm/5.4.1/bin/../lib/gcc/arm-none-eabi/5.4.1/../../../../arm-none-eabi/lib/armv7-m\libg_nano.a(lib_a-mprec.o)
                0x0000eef0                __mprec_tens
 .rodata.p05.5408
                0x0000efb8        0xc c:/program files (x86)/cypress/psoc creator/4.4/psoc creator/import/gnu/arm/5.4.1/bin/../lib/gcc/arm-none-eabi/5.4.1/../../../../arm-none-eabi/lib/armv7-m\libg_nano.a(lib_a-mprec.o)
 *fill*         0x0000efc4        0x4 
 .rodata.__mprec_bigtens
                0x0000efc8       0x28 c:/program files (x86)/cypress/psoc creator/4.4/psoc creator/import/gnu/arm/5.4.1/bin/../lib/gcc/arm-none-eabi/5.4.1/../../../../arm-none-eabi/lib/armv7-m\libg_nano.a(lib_a-mprec.o)
                0x0000efc8                __mprec_bigtens
 .rodata.str1.1
                0x0000eff0       0x11 c:/program files (x86)/cypress/psoc creator/4.4/psoc creator/import/gnu/arm/5.4.1/bin/../lib/gcc/arm-none-eabi/5.4.1/../../../../arm-none-eabi/lib/armv7-m\libg_nano.a(lib_a-nano-svfprintf.o)
                0x0000f004                . = ALIGN (0x4)
 *fill*         0x0000f001        0x3 
 *(.init)
 .init          0x0000f004        0x4 c:/program files (x86)/cypress/psoc creator/4.4/psoc creator/import/gnu/arm/5.4.1/bin/../lib/gcc/arm-none-eabi/5.4.1/armv7-m/crti.o
                0x0000f004                _init
 .init          0x0000f008        0x8 c:/program files (x86)/cypress/psoc creator/4.4/psoc creator/import/gnu/arm/5.4.1/bin/../lib/gcc/arm-none-eabi/5.4.1/armv7-m/crtn.o
                0x0000f010                . = ALIGN (0x4)
                0x0000f010                __preinit_array_start = .
 *(.preinit_array)
                0x0000f010                __preinit_array_end = .
                0x0000f010                . = ALIGN (0x4)
                0x0000f010                __init_array_start = .
 *(SORT(.init_array.*))
 *(.init_array)
 .init_array    0x0000f010        0x4 c:/program files (x86)/cypress/psoc creator/4.4/psoc creator/import/gnu/arm/5.4.1/bin/../lib/gcc/arm-none-eabi/5.4.1/armv7-m/crtbegin.o
 .init_array    0x0000f014        0x4 .\ARM_GCC_541\Debug\Cm3Start.o
                0x0000f018                __init_array_end = .
                0x0000f018                . = ALIGN (0x4)
 *(.fini)
 .fini          0x0000f018        0x4 c:/program files (x86)/cypress/psoc creator/4.4/psoc creator/import/gnu/arm/5.4.1/bin/../lib/gcc/arm-none-eabi/5.4.1/armv7-m/crti.o
                0x0000f018                _fini
 .fini          0x0000f01c        0x8 c:/program files (x86)/cypress/psoc creator/4.4/psoc creator/import/gnu/arm/5.4.1/bin/../lib/gcc/arm-none-eabi/5.4.1/armv7-m/crtn.o
                0x0000f024                . = ALIGN (0x4)
                0x0000f024                __fini_array_start = .
 *(.fini_array)
 .fini_array    0x0000f024        0x4 c:/program files (x86)/cypress/psoc creator/4.4/psoc creator/import/gnu/arm/5.4.1/bin/../lib/gcc/arm-none-eabi/5.4.1/armv7-m/crtbegin.o
 *(SORT(.fini_array.*))
                0x0000f028                __fini_array_end = .
                0x0000f028                . = ALIGN (0x4)
 *crtbegin.o(.ctors)
 *(EXCLUDE_FILE(*crtend.o) .ctors)
 *(SORT(.ctors.*))
 *crtend.o(.ctors)
                0x0000f028                . = ALIGN (0x4)
 *crtbegin.o(.dtors)
 *(EXCLUDE_FILE(*crtend.o) .dtors)
 *(SORT(.dtors.*))
 *crtend.o(.dtors)
                0x0000f028                . = ALIGN (0x4)
                0x0000f028                __cy_regions = .
                0x0000f028        0x4 LONG 0xf038 __cy_region_init_ram
                0x0000f02c        0x4 LONG 0x1fff80c8 __cy_region_start_data
                0x0000f030        0x4 LONG 0x170 __cy_region_init_size_ram
                0x0000f034        0x4 LONG 0x568 __cy_region_zero_size_ram
                0x0000f038                __cy_regions_end = .
                0x0000f038                . = ALIGN (0x8)
                0x0000f038                _etext = .

.cy_checksum_exclude
                0x0000f038        0x0
 *(.cy_checksum_exclude)

.ramvectors     0x1fff8000       0xc0
                0x1fff8000                __cy_region_start_ram = .
 *(.ramvectors)
 .ramvectors    0x1fff8000       0xc0 .\ARM_GCC_541\Debug\Cm3Start.o
                0x1fff8000                CyRamVectors

.noinit         0x1fff80c0        0x5
 *(.noinit)
 .noinit        0x1fff80c0        0x4 .\ARM_GCC_541\Debug\Cm3Start.o
 .noinit        0x1fff80c4        0x1 .\ARM_GCC_541\Debug\Proj07_hamflyAPI_stateMachineUpgrade.a(CyLib.o)
                0x1fff80c4                CyResetStatus

.data           0x1fff80c8      0x170 load address 0x0000f038
                0x1fff80c8                __cy_region_start_data = .
 *(.jcr)
 .jcr           0x1fff80c8        0x0 c:/program files (x86)/cypress/psoc creator/4.4/psoc creator/import/gnu/arm/5.4.1/bin/../lib/gcc/arm-none-eabi/5.4.1/armv7-m/crtbegin.o
 .jcr           0x1fff80c8        0x4 c:/program files (x86)/cypress/psoc creator/4.4/psoc creator/import/gnu/arm/5.4.1/bin/../lib/gcc/arm-none-eabi/5.4.1/armv7-m/crtend.o
 *(.got.plt)
 *(.got)
 *(.shdata)
 *(.data .data.* .gnu.linkonce.d.*)
 .data          0x1fff80cc        0x4 .\ARM_GCC_541\Debug\joystick.o
 .data          0x1fff80d0       0x30 .\ARM_GCC_541\Debug\telemetry.o
 .data          0x1fff8100        0x8 .\ARM_GCC_541\Debug\app_state_auto.o
 .data          0x1fff8108       0x74 .\ARM_GCC_541\Debug\hamfly_qx_app.o
                0x1fff8108                FreeflyAPI
 .data          0x1fff817c        0x4 .\ARM_GCC_541\Debug\Cm3Start.o
 .data          0x1fff8180        0x1 .\ARM_GCC_541\Debug\Proj07_hamflyAPI_stateMachineUpgrade.a(ADC_DelSig_1.o)
                0x1fff8180                ADC_DelSig_1_Config
 .data          0x1fff8181        0x1 .\ARM_GCC_541\Debug\Proj07_hamflyAPI_stateMachineUpgrade.a(AMux_1.o)
 .data          0x1fff8182        0x1 .\ARM_GCC_541\Debug\Proj07_hamflyAPI_stateMachineUpgrade.a(ADC_DelSig_1_AMux.o)
 *fill*         0x1fff8183        0x1 
 .data          0x1fff8184       0x10 .\ARM_GCC_541\Debug\Proj07_hamflyAPI_stateMachineUpgrade.a(CyLib.o)
                0x1fff8184                cydelay_freq_hz
                0x1fff8188                cydelay_freq_khz
                0x1fff818c                cydelay_freq_mhz
                0x1fff8190                cydelay_32k_ms
 .data.__fdlib_version
                0x1fff8194        0x1 c:/program files (x86)/cypress/psoc creator/4.4/psoc creator/import/gnu/arm/5.4.1/bin/../lib/gcc/arm-none-eabi/5.4.1/../../../../arm-none-eabi/lib/armv7-m\libm.a(lib_a-s_lib_ver.o)
                0x1fff8194                __fdlib_version
 *fill*         0x1fff8195        0x3 
 .data.impure_data
                0x1fff8198       0x60 c:/program files (x86)/cypress/psoc creator/4.4/psoc creator/import/gnu/arm/5.4.1/bin/../lib/gcc/arm-none-eabi/5.4.1/../../../../arm-none-eabi/lib/armv7-m\libg_nano.a(lib_a-impure.o)
 .data._impure_ptr
                0x1fff81f8        0x4 c:/program files (x86)/cypress/psoc creator/4.4/psoc creator/import/gnu/arm/5.4.1/bin/../lib/gcc/arm-none-eabi/5.4.1/../../../../arm-none-eabi/lib/armv7-m\libg_nano.a(lib_a-impure.o)
                0x1fff81f8                _impure_ptr
 .data.lconv    0x1fff81fc       0x38 c:/program files (x86)/cypress/psoc creator/4.4/psoc creator/import/gnu/arm/5.4.1/bin/../lib/gcc/arm-none-eabi/5.4.1/../../../../arm-none-eabi/lib/armv7-m\libg_nano.a(lib_a-locale.o)
                0x1fff8238                . = ALIGN (0x8)
 *fill*         0x1fff8234        0x4 
 *(.ram)
                0x1fff8238                _edata = .

.igot.plt       0x1fff8238        0x0 load address 0x0000f1a8
 .igot.plt      0x1fff8238        0x0 c:/program files (x86)/cypress/psoc creator/4.4/psoc creator/import/gnu/arm/5.4.1/bin/../lib/gcc/arm-none-eabi/5.4.1/armv7-m/crtbegin.o

.bss            0x1fff8238      0x568 load address 0x0000f1a8
                0x1fff8238                PROVIDE (__bss_start__, .)
 *(.shbss)
 *(.bss .bss.* .gnu.linkonce.b.*)
 .bss           0x1fff8238       0x1c c:/program files (x86)/cypress/psoc creator/4.4/psoc creator/import/gnu/arm/5.4.1/bin/../lib/gcc/arm-none-eabi/5.4.1/armv7-m/crtbegin.o
 .bss           0x1fff8254      0x384 .\ARM_GCC_541\Debug\main.o
                0x1fff85d4                g_tick_ms
 .bss           0x1fff85d8        0x8 .\ARM_GCC_541\Debug\adc_balanced.o
 .bss           0x1fff85e0       0x42 .\ARM_GCC_541\Debug\joystick.o
 *fill*         0x1fff8622        0x2 
 .bss           0x1fff8624        0x8 .\ARM_GCC_541\Debug\app_statemachine.o
 .bss           0x1fff862c       0x89 .\ARM_GCC_541\Debug\sbc_comms.o
 *fill*         0x1fff86b5        0x3 
 .bss           0x1fff86b8        0x4 .\ARM_GCC_541\Debug\app_state_auto.o
 .bss           0x1fff86bc        0x4 .\ARM_GCC_541\Debug\hamfly_qx_app.o
                0x1fff86bc                qx_active_gimbal_ptr
 .bss           0x1fff86c0        0x9 .\ARM_GCC_541\Debug\hamfly_qx_protocol.o
                0x1fff86c0                QX_BuildHeader_Legacy
                0x1fff86c4                QX_ParseHeader_Legacy
 *fill*         0x1fff86c9        0x3 
 .bss           0x1fff86cc        0xc .\ARM_GCC_541\Debug\Proj07_hamflyAPI_stateMachineUpgrade.a(ADC_DelSig_1.o)
                0x1fff86cc                ADC_DelSig_1_convDone
                0x1fff86cd                ADC_DelSig_1_stopConversion
                0x1fff86ce                ADC_DelSig_1_initVar
                0x1fff86cf                ADC_DelSig_1_started
                0x1fff86d0                ADC_DelSig_1_Offset
 .bss           0x1fff86d8        0x2 .\ARM_GCC_541\Debug\Proj07_hamflyAPI_stateMachineUpgrade.a(UART_MOVI.o)
                0x1fff86d8                UART_MOVI_initVar
 .bss           0x1fff86da        0x1 .\ARM_GCC_541\Debug\Proj07_hamflyAPI_stateMachineUpgrade.a(Looptimer.o)
                0x1fff86da                Looptimer_initVar
 *fill*         0x1fff86db        0x1 