Archive member included to satisfy reference by file (symbol)

.\ARM_GCC_541\Debug\Proj07_hamflyAPI_stateMachineUpgrade.a(ADC_DelSig_1.o)
                              .\ARM_GCC_541\Debug\adc_balanced.o (ADC_DelSig_1_Start)
.\ARM_GCC_541\Debug\Proj07_hamflyAPI_stateMachineUpgrade.a(ADC_DelSig_1_INT.o)
                              .\ARM_GCC_541\Debug\Proj07_hamflyAPI_stateMachineUpgrade.a(ADC_DelSig_1.o) (ADC_DelSig_1_ISR1)
.\ARM_GCC_541\Debug\Proj07_hamflyAPI_stateMachineUpgrade.a(AMux_1.o)
                              .\ARM_GCC_541\Debug\adc_balanced.o (AMux_1_Start)
.\ARM_GCC_541\Debug\Proj07_hamflyAPI_stateMachineUpgrade.a(isr_adc.o)
                              .\ARM_GCC_541\Debug\adc_balanced.o (isr_adc_StartEx)
.\ARM_GCC_541\Debug\Proj07_hamflyAPI_stateMachineUpgrade.a(UART_MOVI.o)
                              .\ARM_GCC_541\Debug\main.o (UART_MOVI_Start)
.\ARM_GCC_541\Debug\Proj07_hamflyAPI_stateMachineUpgrade.a(isr_rx_movi.o)
                              .\ARM_GCC_541\Debug\main.o (isr_rx_movi_StartEx)
.\ARM_GCC_541\Debug\Proj07_hamflyAPI_stateMachineUpgrade.a(Looptimer.o)
                              .\ARM_GCC_541\Debug\main.o (Looptimer_Start)
.\ARM_GCC_541\Debug\Proj07_hamflyAPI_stateMachineUpgrade.a(isr_Looptimer.o)
                              .\ARM_GCC_541\Debug\main.o (isr_Looptimer_StartEx)
.\ARM_GCC_541\Debug\Proj07_hamflyAPI_stateMachineUpgrade.a(EEPROM_CONFIG.o)
                              .\ARM_GCC_541\Debug\psoc_eeprom.o (EEPROM_CONFIG_Start)
.\ARM_GCC_541\Debug\Proj07_hamflyAPI_stateMachineUpgrade.a(ADC_DelSig_1_AMux.o)
                              .\ARM_GCC_541\Debug\Proj07_hamflyAPI_stateMachineUpgrade.a(ADC_DelSig_1.o) (ADC_DelSig_1_AMux_Select)
.\ARM_GCC_541\Debug\Proj07_hamflyAPI_stateMachineUpgrade.a(ADC_DelSig_1_Ext_CP_Clk.o)
                              .\ARM_GCC_541\Debug\Proj07_hamflyAPI_stateMachineUpgrade.a(ADC_DelSig_1.o) (ADC_DelSig_1_Ext_CP_Clk_SetDividerRegister)
.\ARM_GCC_541\Debug\Proj07_hamflyAPI_stateMachineUpgrade.a(ADC_DelSig_1_theACLK.o)
                              .\ARM_GCC_541\Debug\Proj07_hamflyAPI_stateMachineUpgrade.a(ADC_DelSig_1.o) (ADC_DelSig_1_theACLK_SetDividerRegister)
.\ARM_GCC_541\Debug\Proj07_hamflyAPI_stateMachineUpgrade.a(CyFlash.o)
                              .\ARM_GCC_541\Debug\Proj07_hamflyAPI_stateMachineUpgrade.a(EEPROM_CONFIG.o) (dieTemperature)
.\ARM_GCC_541\Debug\Proj07_hamflyAPI_stateMachineUpgrade.a(CyLib.o)
                              .\ARM_GCC_541\Debug\Cm3Start.o (CyResetStatus)
.\ARM_GCC_541\Debug\Proj07_hamflyAPI_stateMachineUpgrade.a(cyPm.o)
                              .\ARM_GCC_541\Debug\Proj07_hamflyAPI_stateMachineUpgrade.a(CyLib.o) (CyPmReadStatus)
.\ARM_GCC_541\Debug\Proj07_hamflyAPI_stateMachineUpgrade.a(CySpc.o)
                              .\ARM_GCC_541\Debug\Proj07_hamflyAPI_stateMachineUpgrade.a(EEPROM_CONFIG.o) (CySpcStart)
.\ARM_GCC_541\Debug\Proj07_hamflyAPI_stateMachineUpgrade.a(UART_PI.o)
                              .\ARM_GCC_541\Debug\main.o (UART_PI_Start)
.\ARM_GCC_541\Debug\Proj07_hamflyAPI_stateMachineUpgrade.a(UART_PI_IntClock.o)
                              .\ARM_GCC_541\Debug\Proj07_hamflyAPI_stateMachineUpgrade.a(UART_PI.o) (UART_PI_IntClock_Start)
.\ARM_GCC_541\Debug\Proj07_hamflyAPI_stateMachineUpgrade.a(UART_DEBUG.o)
                              .\ARM_GCC_541\Debug\main.o (UART_DEBUG_Start)
.\ARM_GCC_541\Debug\Proj07_hamflyAPI_stateMachineUpgrade.a(UART_DEBUG_IntClock.o)
                              .\ARM_GCC_541\Debug\Proj07_hamflyAPI_stateMachineUpgrade.a(UART_DEBUG.o) (UART_DEBUG_IntClock_Start)
.\ARM_GCC_541\Debug\Proj07_hamflyAPI_stateMachineUpgrade.a(isr_rx_pi.o)
                              .\ARM_GCC_541\Debug\main.o (isr_rx_pi_StartEx)
.\ARM_GCC_541\Debug\Proj07_hamflyAPI_stateMachineUpgrade.a(CyBootAsmGnu.o)
                              .\ARM_GCC_541\Debug\cyfitter_cfg.o (CyDelayCycles)
c:/program files (x86)/cypress/psoc creator/4.4/psoc creator/import/gnu/arm/5.4.1/bin/../lib/gcc/arm-none-eabi/5.4.1/../../../../arm-none-eabi/lib/armv7-m\libm.a(lib_a-s_cos.o)
                              .\ARM_GCC_541\Debug\hamfly_core_gimbal.o (cos)
c:/program files (x86)/cypress/psoc creator/4.4/psoc creator/import/gnu/arm/5.4.1/bin/../lib/gcc/arm-none-eabi/5.4.1/../../../../arm-none-eabi/lib/armv7-m\libm.a(lib_a-w_atan2.o)
                              .\ARM_GCC_541\Debug\hamfly_core_gimbal.o (atan2)
c:/program files (x86)/cypress/psoc creator/4.4/psoc creator/import/gnu/arm/5.4.1/bin/../lib/gcc/arm-none-eabi/5.4.1/../../../../arm-none-eabi/lib/armv7-m\libm.a(lib_a-w_sqrt.o)
                              .\ARM_GCC_541\Debug\hamfly_core_gimbal.o (sqrt)
c:/program files (x86)/cypress/psoc creator/4.4/psoc creator/import/gnu/arm/5.4.1/bin/../lib/gcc/arm-none-eabi/5.4.1/../../../../arm-none-eabi/lib/armv7-m\libm.a(lib_a-wf_asin.o)
                              .\ARM_GCC_541\Debug\main.o (asinf)
[...]
Memory Configuration

Name             Origin             Length             Attributes
rom              0x00000000         0x00040000         xr
ram              0x1fff8000         0x00010000         xrw
*default*        0x00000000         0xffffffff

Linker script and memory map

LOAD c:/program files (x86)/cypress/psoc creator/4.4/psoc creator/import/gnu/arm/5.4.1/bin/../lib/gcc/arm-none-eabi/5.4.1/armv7-m/crti.o
LOAD c:/program files (x86)/cypress/psoc creator/4.4/psoc creator/import/gnu/arm/5.4.1/bin/../lib/gcc/arm-none-eabi/5.4.1/armv7-m/crtbegin.o
LOAD c:/program files (x86)/cypress/psoc creator/4.4/psoc creator/import/gnu/arm/5.4.1/bin/../lib/gcc/arm-none-eabi/5.4.1/../../../../arm-none-eabi/lib/armv7-m/crt0.o
START GROUP
LOAD .\ARM_GCC_541\Debug\main.o
LOAD .\ARM_GCC_541\Debug\adc_balanced.o
LOAD .\ARM_GCC_541\Debug\joystick.o
LOAD .\ARM_GCC_541\Debug\psoc_eeprom.o
LOAD .\ARM_GCC_541\Debug\app_ctx.o
LOAD .\ARM_GCC_541\Debug\app_statemachine.o
LOAD .\ARM_GCC_541\Debug\pi_comms.o
LOAD .\ARM_GCC_541\Debug\hamfly_comm_rb.o
LOAD .\ARM_GCC_541\Debug\hamfly_comm_txbuf.o
LOAD .\ARM_GCC_541\Debug\hamfly_core_gimbal.o
LOAD .\ARM_GCC_541\Debug\hamfly_core_telemetry.o
LOAD .\ARM_GCC_541\Debug\hamfly_qx_app.o
LOAD .\ARM_GCC_541\Debug\hamfly_qx_protocol.o
LOAD .\ARM_GCC_541\Debug\cyfitter_cfg.o
LOAD .\ARM_GCC_541\Debug\cymetadata.o
LOAD .\ARM_GCC_541\Debug\Cm3Start.o
LOAD .\ARM_GCC_541\Debug\Proj07_hamflyAPI_stateMachineUpgrade.a
LOAD C:\Program Files (x86)\Cypress\PSoC Creator\4.4\PSoC Creator\psoc\content\cycomponentlibrary\CyComponentLibrary.cylib\CortexM3\ARM_GCC_541\Debug\CyComponentLibrary.a
LOAD c:/program files (x86)/cypress/psoc creator/4.4/psoc creator/import/gnu/arm/5.4.1/bin/../lib/gcc/arm-none-eabi/5.4.1/../../../../arm-none-eabi/lib/armv7-m\libm.a
END GROUP
START GROUP
LOAD c:/program files (x86)/cypress/psoc creator/4.4/psoc creator/import/gnu/arm/5.4.1/bin/../lib/gcc/arm-none-eabi/5.4.1/armv7-m\libgcc.a
LOAD c:/program files (x86)/cypress/psoc creator/4.4/psoc creator/import/gnu/arm/5.4.1/bin/../lib/gcc/arm-none-eabi/5.4.1/../../../../arm-none-eabi/lib/armv7-m\libg_nano.a
LOAD c:/program files (x86)/cypress/psoc creator/4.4/psoc creator/import/gnu/arm/5.4.1/bin/../lib/gcc/arm-none-eabi/5.4.1/../../../../arm-none-eabi/lib/armv7-m\libc_nano.a
END GROUP
START GROUP
LOAD c:/program files (x86)/cypress/psoc creator/4.4/psoc creator/import/gnu/arm/5.4.1/bin/../lib/gcc/arm-none-eabi/5.4.1/armv7-m\libgcc.a
LOAD c:/program files (x86)/cypress/psoc creator/4.4/psoc creator/import/gnu/arm/5.4.1/bin/../lib/gcc/arm-none-eabi/5.4.1/../../../../arm-none-eabi/lib/armv7-m\libc_nano.a
END GROUP
LOAD c:/program files (x86)/cypress/psoc creator/4.4/psoc creator/import/gnu/arm/5.4.1/bin/../lib/gcc/arm-none-eabi/5.4.1/armv7-m/crtend.o
LOAD c:/program files (x86)/cypress/psoc creator/4.4/psoc creator/import/gnu/arm/5.4.1/bin/../lib/gcc/arm-none-eabi/5.4.1/armv7-m/crtn.o
START GROUP
LOAD c:/program files (x86)/cypress/psoc creator/4.4/psoc creator/import/gnu/arm/5.4.1/bin/../lib/gcc/arm-none-eabi/5.4.1/armv7-m\libgcc.a
LOAD c:/program files (x86)/cypress/psoc creator/4.4/psoc creator/import/gnu/arm/5.4.1/bin/../lib/gcc/arm-none-eabi/5.4.1/../../../../arm-none-eabi/lib/armv7-m\libc.a
LOAD c:/program files (x86)/cypress/psoc creator/4.4/psoc creator/import/gnu/arm/5.4.1/bin/../lib/gcc/arm-none-eabi/5.4.1/../../../../arm-none-eabi/lib/armv7-m\libnosys.a
END GROUP
                0x00000000                CY_APPL_ORIGIN = 0x0
                0x00000100                CY_FLASH_ROW_SIZE = 0x100
                0x00000020                CY_ECC_ROW_SIZE = 0x20
                0x00000000                CY_EE_IN_BTLDR = 0x0
                0x00000000                CY_APPL_LOADABLE = 0x0
                0x00000800                CY_EE_SIZE = 0x800
                0x00000001                CY_APPL_NUM = 0x1
                0x00000001                CY_APPL_MAX = 0x1
                0x00000040                CY_METADATA_SIZE = 0x40
                0x00000000                CY_APPL_LOADABLE = 0x0
                0x00000000                CY_CHECKSUM_EXCLUDE_SIZE = ALIGN (0x0, CY_FLASH_ROW_SIZE)
                [!provide]                PROVIDE (__cy_heap_start, _end)
                0x00000001                PROVIDE (__cy_region_num, ((__cy_regions_end - __cy_regions) / 0x10))
                0x20008000                PROVIDE (__cy_stack, (ORIGIN (ram) + LENGTH (ram)))
                [!provide]                PROVIDE (__cy_heap_end, (__cy_stack - 0x800))

.cybootloader   0x00000000        0x0
 *(.cybootloader)
                0x00000000                appl1_start = CY_APPL_ORIGIN?CY_APPL_ORIGIN:ALIGN (CY_FLASH_ROW_SIZE)
                0x0001ff00                appl2_start = (appl1_start + ALIGN ((((LENGTH (rom) - appl1_start) - (0x2 * CY_FLASH_ROW_SIZE)) / 0x2), CY_FLASH_ROW_SIZE))
                0x00000000                appl_start = (CY_APPL_NUM == 0x1)?appl1_start:appl2_start
                0x00000000                ecc_offset = ((appl_start / CY_FLASH_ROW_SIZE) * CY_ECC_ROW_SIZE)
                0x00000000                ee_offset = (CY_APPL_LOADABLE && ! (CY_EE_IN_BTLDR))?((CY_EE_SIZE / CY_APPL_MAX) * (CY_APPL_NUM - 0x1)):0x0
                0x00000800                ee_size = (CY_APPL_LOADABLE && ! (CY_EE_IN_BTLDR))?(CY_EE_SIZE / CY_APPL_MAX):CY_EE_SIZE
                [!provide]                PROVIDE (CY_ECC_OFFSET, ecc_offset)

.text           0x00000000     0xabbe
 CREATE_OBJECT_SYMBOLS
                0x00000000                PROVIDE (__cy_interrupt_vector, RomVectors)
 *(.romvectors)
 .romvectors    0x00000000       0x10 .\ARM_GCC_541\Debug\Cm3Start.o
                0x00000000                RomVectors
                0x00000001                ASSERT ((. != __cy_interrupt_vector), No interrupt vector)
                0x00000001                ASSERT (CY_APPL_ORIGIN?(SIZEOF (.cybootloader) <= CY_APPL_ORIGIN):0x1, Wrong image location)
                0x00000010                PROVIDE (__cy_reset, Reset)
 *(.text.Reset)
 .text.Reset    0x00000010       0x18 .\ARM_GCC_541\Debug\Cm3Start.o
                0x00000010                Reset
                0x00000001                ASSERT ((. != __cy_reset), No reset code)
 *(.dma_init)
                0x00000001                ASSERT ((((appl_start + .) <= 0x10000) || 0x1), DMA Init must be within the first 64k of flash)
 *(.text .text.* .gnu.linkonce.t.*)
 .text          0x00000028       0x5c c:/program files (x86)/cypress/psoc creator/4.4/psoc creator/import/gnu/arm/5.4.1/bin/../lib/gcc/arm-none-eabi/5.4.1/armv7-m/crtbegin.o
 .text._hamfly_psoc5_putc
                0x00000084       0x1c .\ARM_GCC_541\Debug\main.o
 .text.psoc_get_tick
                0x000000a0       0x1c .\ARM_GCC_541\Debug\main.o
 .text.isr_rx_movi_Handler
                0x000000bc       0x58 .\ARM_GCC_541\Debug\main.o
                0x000000bc                isr_rx_movi_Handler
 .text.isr_Looptimer_Handler
                0x00000114       0x1c .\ARM_GCC_541\Debug\main.o
                0x00000114                isr_Looptimer_Handler
 .text.isr_rx_pi_Handler
                0x00000130       0x50 .\ARM_GCC_541\Debug\main.o
                0x00000130                isr_rx_pi_Handler
 .text.decomp   0x00000180       0xa8 .\ARM_GCC_541\Debug\main.o
 .text.mode_str
                0x00000228       0x38 .\ARM_GCC_541\Debug\main.o
 .text.main     0x00000260      0x2ec .\ARM_GCC_541\Debug\main.o
                0x00000260                main
 .text.isr_adc_Handler
                0x0000054c       0x18 .\ARM_GCC_541\Debug\adc_balanced.o
                0x0000054c                isr_adc_Handler
 .text.adc_balanced_init
                0x00000564       0x6c .\ARM_GCC_541\Debug\adc_balanced.o
                0x00000564                adc_balanced_init
 .text.adc_balanced_advance_on_eoc
                0x000005d0       0x64 .\ARM_GCC_541\Debug\adc_balanced.o
 .text.adc_balanced_poll_frame
                0x00000634       0x6c .\ARM_GCC_541\Debug\adc_balanced.o
                0x00000634                adc_balanced_poll_frame
 .text.joystick_set_sensitivity
                0x000006a0       0x48 .\ARM_GCC_541\Debug\joystick.o
                0x000006a0                joystick_set_sensitivity
 .text.normalize_axis
                0x000006e8       0xd0 .\ARM_GCC_541\Debug\joystick.o
 .text.apply_deadband
                0x000007b8       0x90 .\ARM_GCC_541\Debug\joystick.o
 .text.joystick_validate
                0x00000848       0x94 .\ARM_GCC_541\Debug\joystick.o
                0x00000848                joystick_validate
 .text.cal_begin_range_capture
                0x000008dc       0x84 .\ARM_GCC_541\Debug\joystick.o
 .text.cal_update_ranges
                0x00000960       0x98 .\ARM_GCC_541\Debug\joystick.o
 .text.cal_start_center_capture
                0x000009f8       0x44 .\ARM_GCC_541\Debug\joystick.o
 .text.cal_center_capture_update
                0x00000a3c       0xa8 .\ARM_GCC_541\Debug\joystick.o
 .text.cal_save_or_restart
                0x00000ae4       0x44 .\ARM_GCC_541\Debug\joystick.o
 .text.joystick_init
                0x00000b28       0xa4 .\ARM_GCC_541\Debug\joystick.o
                0x00000b28                joystick_init
 .text.joystick_on_sample
                0x00000bcc       0x48 .\ARM_GCC_541\Debug\joystick.o
                0x00000bcc                joystick_on_sample
 .text.joystick_on_key
                0x00000c14       0x70 .\ARM_GCC_541\Debug\joystick.o
                0x00000c14                joystick_on_key
 .text.joystick_cal_state
                0x00000c84       0x14 .\ARM_GCC_541\Debug\joystick.o
                0x00000c84                joystick_cal_state
 .text.joystick_get_cmd
                0x00000c98       0xe8 .\ARM_GCC_541\Debug\joystick.o
                0x00000c98                joystick_get_cmd
 .text.joystick_load
                0x00000d80       0x4c .\ARM_GCC_541\Debug\joystick.o
                0x00000d80                joystick_load
 .text.slot_id_to_row
                0x00000dcc       0x2c .\ARM_GCC_541\Debug\psoc_eeprom.o
 .text.read_row_byte
                0x00000df8       0x38 .\ARM_GCC_541\Debug\psoc_eeprom.o
 .text.read_row_data
                0x00000e30       0x3c .\ARM_GCC_541\Debug\psoc_eeprom.o
 .text.psoc_eeprom_init
                0x00000e6c        0xc .\ARM_GCC_541\Debug\psoc_eeprom.o
                0x00000e6c                psoc_eeprom_init
 .text.psoc_eeprom_read
                0x00000e78       0x7c .\ARM_GCC_541\Debug\psoc_eeprom.o
                0x00000e78                psoc_eeprom_read
 .text.app_ctx_init
                0x00000ef4       0x3c .\ARM_GCC_541\Debug\app_ctx.o
                0x00000ef4                app_ctx_init
 .text.depth_of
                0x00000f30       0x34 .\ARM_GCC_541\Debug\app_statemachine.o
 .text.lca      0x00000f64       0x80 .\ARM_GCC_541\Debug\app_statemachine.o
 .text.transition
                0x00000fe4       0xf0 .\ARM_GCC_541\Debug\app_statemachine.o
 .text.app_start
                0x000010d4       0x28 .\ARM_GCC_541\Debug\app_statemachine.o
                0x000010d4                app_start
 .text.app_raise_error
                0x000010fc       0x68 .\ARM_GCC_541\Debug\app_statemachine.o
                0x000010fc                app_raise_error
 .text.app_state_name
                0x00001164       0x20 .\ARM_GCC_541\Debug\app_statemachine.o
                0x00001164                app_state_name
 .text.entry_stby_defer
                0x00001184       0x1c .\ARM_GCC_541\Debug\app_statemachine.o
 .text.entry_stby_hold
                0x000011a0       0x1c .\ARM_GCC_541\Debug\app_statemachine.o
 .text.entry_manu_joystick
                0x000011bc       0x20 .\ARM_GCC_541\Debug\app_statemachine.o
 .text.exit_manu_joystick
                0x000011dc       0x18 .\ARM_GCC_541\Debug\app_statemachine.o
 .text.entry_auto_test
                0x000011f4       0x1c .\ARM_GCC_541\Debug\app_statemachine.o
 .text.app_auto_tick
                0x00001210      0x13c .\ARM_GCC_541\Debug\app_statemachine.o
                0x00001210                app_auto_tick
 .text.sev_str  0x0000134c       0x40 .\ARM_GCC_541\Debug\app_statemachine.o
 .text.entry_error_active
                0x0000138c       0x80 .\ARM_GCC_541\Debug\app_statemachine.o
 .text.manu_pan_tilt_deg
                0x0000140c       0x54 .\ARM_GCC_541\Debug\app_statemachine.o
 .text.set_origin
                0x00001460       0x6c .\ARM_GCC_541\Debug\app_statemachine.o
 .text.print_help
                0x000014cc       0x1c .\ARM_GCC_541\Debug\app_statemachine.o
 .text.handle_global_key
                0x000014e8       0x94 .\ARM_GCC_541\Debug\app_statemachine.o
 .text.leaf_traps_nav
                0x0000157c       0x20 .\ARM_GCC_541\Debug\app_statemachine.o
 .text.handle_nav_key
                0x0000159c       0x48 .\ARM_GCC_541\Debug\app_statemachine.o
 .text.key_error_active
                0x000015e4       0x40 .\ARM_GCC_541\Debug\app_statemachine.o
 .text.app_dispatch_key
                0x00001624       0xa0 .\ARM_GCC_541\Debug\app_statemachine.o
                0x00001624                app_dispatch_key
 .text.build_zero
                0x000016c4       0x1c .\ARM_GCC_541\Debug\app_statemachine.o
 .text.build_stby
                0x000016e0       0x1c .\ARM_GCC_541\Debug\app_statemachine.o
 .text.build_manu_joystick
                0x000016fc       0xa4 .\ARM_GCC_541\Debug\app_statemachine.o
 .text.build_error
                0x000017a0       0x28 .\ARM_GCC_541\Debug\app_statemachine.o
 .text.app_build_control
                0x000017c8       0x3c .\ARM_GCC_541\Debug\app_statemachine.o
                0x000017c8                app_build_control
 .text.nudge_apply
                0x00001804      0x1a0 .\ARM_GCC_541\Debug\app_statemachine.o
 .text.key_manu_joystick
                0x000019a4      0x224 .\ARM_GCC_541\Debug\app_statemachine.o
 .text.app_manual_tick
                0x00001bc8       0xc0 .\ARM_GCC_541\Debug\app_statemachine.o
                0x00001bc8                app_manual_tick
 .text.pi_init  0x00001c88       0x48 .\ARM_GCC_541\Debug\pi_comms.o
                0x00001c88                pi_init
 .text.decode_centroid
                0x00001cd0       0x80 .\ARM_GCC_541\Debug\pi_comms.o
 .text.pi_on_rx_byte
                0x00001d50      0x114 .\ARM_GCC_541\Debug\pi_comms.o
                0x00001d50                pi_on_rx_byte
 .text.pi_on_uart_err_flags
                0x00001e64       0x30 .\ARM_GCC_541\Debug\pi_comms.o
                0x00001e64                pi_on_uart_err_flags
 .text.pi_get_centroid
                0x00001e94       0x50 .\ARM_GCC_541\Debug\pi_comms.o
                0x00001e94                pi_get_centroid
 .text.pi_crc_errors
                0x00001ee4       0x14 .\ARM_GCC_541\Debug\pi_comms.o
                0x00001ee4                pi_crc_errors
 .text.pi_uart_errors
                0x00001ef8       0x14 .\ARM_GCC_541\Debug\pi_comms.o
                0x00001ef8                pi_uart_errors
 .text.pi_send_frame
                0x00001f0c       0x74 .\ARM_GCC_541\Debug\pi_comms.o
                0x00001f0c                pi_send_frame
 .text.rb_next  0x00001f80       0x28 .\ARM_GCC_541\Debug\hamfly_comm_rb.o
 .text.hamfly_rb_init
                0x00001fa8       0x2c .\ARM_GCC_541\Debug\hamfly_comm_rb.o
                0x00001fa8                hamfly_rb_init
 .text.hamfly_rb_push
                0x00001fd4       0x64 .\ARM_GCC_541\Debug\hamfly_comm_rb.o
                0x00001fd4                hamfly_rb_push
 .text.hamfly_rb_pop
                0x00002038       0x58 .\ARM_GCC_541\Debug\hamfly_comm_rb.o
                0x00002038                hamfly_rb_pop
 .text.load_freefly_control
                0x00002090       0x50 .\ARM_GCC_541\Debug\hamfly_core_gimbal.o
 .text.copy_qx287_to_telemetry
                0x000020e0       0x1c .\ARM_GCC_541\Debug\hamfly_core_gimbal.o
 .text.drain_rb
                0x000020fc       0x44 .\ARM_GCC_541\Debug\hamfly_core_gimbal.o
 .text.hamfly_init
                0x00002140       0x5c .\ARM_GCC_541\Debug\hamfly_core_gimbal.o
                0x00002140                hamfly_init
 .text.hamfly_on_rx_byte
                0x0000219c       0x3c .\ARM_GCC_541\Debug\hamfly_core_gimbal.o
                0x0000219c                hamfly_on_rx_byte
 .text.hamfly_on_uart_err_flags
                0x000021d8       0x30 .\ARM_GCC_541\Debug\hamfly_core_gimbal.o
                0x000021d8                hamfly_on_uart_err_flags
 .text.hamfly_pump
                0x00002208      0x27c .\ARM_GCC_541\Debug\hamfly_core_gimbal.o
                0x00002208                hamfly_pump
 .text.hamfly_send_control
                0x00002484       0x7c .\ARM_GCC_541\Debug\hamfly_core_gimbal.o
                0x00002484                hamfly_send_control
 .text.hamfly_kill
                0x00002500       0x3c .\ARM_GCC_541\Debug\hamfly_core_gimbal.o
                0x00002500                hamfly_kill
 .text.hamfly_get_telemetry
                0x0000253c       0x30 .\ARM_GCC_541\Debug\hamfly_core_gimbal.o
                0x0000253c                hamfly_get_telemetry
 .text.rd_be32  0x0000256c       0x34 .\ARM_GCC_541\Debug\hamfly_core_telemetry.o
 .text.rd_be16  0x000025a0       0x28 .\ARM_GCC_541\Debug\hamfly_core_telemetry.o
 .text.rd_be_u16
                0x000025c8       0x28 .\ARM_GCC_541\Debug\hamfly_core_telemetry.o
 .text.rd_le16  0x000025f0       0x24 .\ARM_GCC_541\Debug\hamfly_core_telemetry.o
 .text.hamfly_telemetry_to_euler
                0x00002614      0x1d4 .\ARM_GCC_541\Debug\hamfly_core_telemetry.o
                0x00002614                hamfly_telemetry_to_euler
 .text.hamfly_decode_qx287
                0x000027e8       0x68 .\ARM_GCC_541\Debug\hamfly_core_telemetry.o
                0x000027e8                hamfly_decode_qx287
 .text.hamfly_decode_gps
                0x00002850      0x1a0 .\ARM_GCC_541\Debug\hamfly_core_telemetry.o
                0x00002850                hamfly_decode_gps
 .text.hamfly_decode_baro
                0x000029f0       0x78 .\ARM_GCC_541\Debug\hamfly_core_telemetry.o
                0x000029f0                hamfly_decode_baro
 .text.hamfly_decode_attitude
                0x00002a68      0x144 .\ARM_GCC_541\Debug\hamfly_core_telemetry.o
                0x00002a68                hamfly_decode_attitude
 .text.hamfly_decode_sysstat
                0x00002bac      0x1c8 .\ARM_GCC_541\Debug\hamfly_core_telemetry.o
                0x00002bac                hamfly_decode_sysstat
 .text.hamfly_decode_mag
                0x00002d74      0x18c .\ARM_GCC_541\Debug\hamfly_core_telemetry.o
                0x00002d74                hamfly_decode_mag
 .text.hamfly_decode_sysecho
                0x00002f00       0x7c .\ARM_GCC_541\Debug\hamfly_core_telemetry.o
                0x00002f00                hamfly_decode_sysecho
 .text.ff_api_init
                0x00002f7c       0x7c .\ARM_GCC_541\Debug\hamfly_qx_app.o
 .text.ff_api_send
                0x00002ff8       0x44 .\ARM_GCC_541\Debug\hamfly_qx_app.o
 .text.QX_ParsePacket_Cli_MoVI_Ctrl_CB
                0x0000303c      0x884 .\ARM_GCC_541\Debug\hamfly_qx_app.o
 .text.QX_SendMsg2CommsPort_CB
                0x000038c0       0x64 .\ARM_GCC_541\Debug\hamfly_qx_app.o
                0x000038c0                QX_SendMsg2CommsPort_CB
 .text.QX_FwdMsg_CB
                0x00003924       0x14 .\ARM_GCC_541\Debug\hamfly_qx_app.o
                0x00003924                QX_FwdMsg_CB
 .text.QX_GetTicks_ms
                0x00003938       0x34 .\ARM_GCC_541\Debug\hamfly_qx_app.o
                0x00003938                QX_GetTicks_ms
 .text.QX_Parser_SetMsgPtr
                0x0000396c       0x1c .\ARM_GCC_541\Debug\hamfly_qx_protocol.o
                0x0000396c                QX_Parser_SetMsgPtr
 .text.QX_Parser_AdvMsgPtr
                0x00003988       0x1c .\ARM_GCC_541\Debug\hamfly_qx_protocol.o
                0x00003988                QX_Parser_AdvMsgPtr
 .text.QX_Parser_GetMsgPtr
                0x000039a4       0x14 .\ARM_GCC_541\Debug\hamfly_qx_protocol.o
                0x000039a4                QX_Parser_GetMsgPtr
 .text.QX_Parser_SetDir_Read
                0x000039b8       0x18 .\ARM_GCC_541\Debug\hamfly_qx_protocol.o
                0x000039b8                QX_Parser_SetDir_Read
 .text.QX_Parser_SetDir_WriteAbs
                0x000039d0       0x18 .\ARM_GCC_541\Debug\hamfly_qx_protocol.o
                0x000039d0                QX_Parser_SetDir_WriteAbs
 .text.AddFloatAsSignedShort
                0x000039e8       0xc8 .\ARM_GCC_541\Debug\hamfly_qx_protocol.o
                0x000039e8                AddFloatAsSignedShort
 .text.GetFloatAsSignedShort
                0x00003ab0      0x170 .\ARM_GCC_541\Debug\hamfly_qx_protocol.o
                0x00003ab0                GetFloatAsSignedShort
 .text.AddSignedShortAsSignedShort
                0x00003c20       0x58 .\ARM_GCC_541\Debug\hamfly_qx_protocol.o
                0x00003c20                AddSignedShortAsSignedShort
 .text.GetSignedShortAsSignedShort
                0x00003c78      0x15c .\ARM_GCC_541\Debug\hamfly_qx_protocol.o
                0x00003c78                GetSignedShortAsSignedShort
 .text.AddUnsignedCharAsUnsignedChar
                0x00003dd4       0x3c .\ARM_GCC_541\Debug\hamfly_qx_protocol.o
                0x00003dd4                AddUnsignedCharAsUnsignedChar
 .text.GetUnsignedCharAsUnsignedChar
                0x00003e10       0xc8 .\ARM_GCC_541\Debug\hamfly_qx_protocol.o
                0x00003e10                GetUnsignedCharAsUnsignedChar
 .text.AddUnsignedShortAsUnsignedShort
                0x00003ed8       0x54 .\ARM_GCC_541\Debug\hamfly_qx_protocol.o
                0x00003ed8                AddUnsignedShortAsUnsignedShort
 .text.GetUnsignedShortAsUnsignedShort
                0x00003f2c       0xf8 .\ARM_GCC_541\Debug\hamfly_qx_protocol.o
                0x00003f2c                GetUnsignedShortAsUnsignedShort
 .text.AddBitsAsByte
                0x00004024       0xcc .\ARM_GCC_541\Debug\hamfly_qx_protocol.o
                0x00004024                AddBitsAsByte
 .text.GetBitsAsByte
                0x000040f0       0xdc .\ARM_GCC_541\Debug\hamfly_qx_protocol.o
                0x000040f0                GetBitsAsByte
 .text.QX_InitMsg
                0x000041cc       0x30 .\ARM_GCC_541\Debug\hamfly_qx_protocol.o
 .text.QX_RxMsg
                0x000041fc       0xec .\ARM_GCC_541\Debug\hamfly_qx_protocol.o
 .text.QX_Srv_Rx_Read
                0x000042e8       0x90 .\ARM_GCC_541\Debug\hamfly_qx_protocol.o
 .text.QX_Srv_Rx_Write
                0x00004378       0xc4 .\ARM_GCC_541\Debug\hamfly_qx_protocol.o
 .text.QX_Cli_Rx_CurVal
                0x0000443c       0x3c .\ARM_GCC_541\Debug\hamfly_qx_protocol.o
 .text.QX_TxMsg_Setup
                0x00004478       0x4c .\ARM_GCC_541\Debug\hamfly_qx_protocol.o
 .text.QX_TxMsg_Finish
                0x000044c4      0x1dc .\ARM_GCC_541\Debug\hamfly_qx_protocol.o
 .text.QX_BuildHeader
                0x000046a0      0x188 .\ARM_GCC_541\Debug\hamfly_qx_protocol.o
 .text.QX_ParseHeader
                0x00004828      0x114 .\ARM_GCC_541\Debug\hamfly_qx_protocol.o
 .text.QX_Calc8bChecksum
                0x0000493c       0x3c .\ARM_GCC_541\Debug\hamfly_qx_protocol.o
 .text.QX_AddExtdValToBuf
                0x00004978       0x88 .\ARM_GCC_541\Debug\hamfly_qx_protocol.o
 .text.QX_GetExtdValFromBuf
                0x00004a00       0x6c .\ARM_GCC_541\Debug\hamfly_qx_protocol.o
 .text.QX_compute_crc32
                0x00004a6c       0x4c .\ARM_GCC_541\Debug\hamfly_qx_protocol.o
 .text.QX_accumulate_crc32
                0x00004ab8       0x54 .\ARM_GCC_541\Debug\hamfly_qx_protocol.o
                0x00004ab8                QX_accumulate_crc32
 .text.QX_InitCli
                0x00004b0c       0x24 .\ARM_GCC_541\Debug\hamfly_qx_protocol.o
                0x00004b0c                QX_InitCli
 .text.QX_InitTxOptions
                0x00004b30       0x3c .\ARM_GCC_541\Debug\hamfly_qx_protocol.o
                0x00004b30                QX_InitTxOptions
 .text.QX_SendPacket_Srv_CurVal
                0x00004b6c       0x98 .\ARM_GCC_541\Debug\hamfly_qx_protocol.o
                0x00004b6c                QX_SendPacket_Srv_CurVal
 .text.QX_SendPacket_Cli_WriteABS
                0x00004c04       0x98 .\ARM_GCC_541\Debug\hamfly_qx_protocol.o
                0x00004c04                QX_SendPacket_Cli_WriteABS
 .text.QX_StreamRxCharSM
                0x00004c9c      0x6e0 .\ARM_GCC_541\Debug\hamfly_qx_protocol.o
                0x00004c9c                QX_StreamRxCharSM
 .text.CYMEMZERO
                0x0000537c       0x1c .\ARM_GCC_541\Debug\cyfitter_cfg.o
 .text.CYCONFIGCPY
                0x00005398       0x20 .\ARM_GCC_541\Debug\cyfitter_cfg.o
 .text.CyClockStartupError
                0x000053b8        0xc .\ARM_GCC_541\Debug\cyfitter_cfg.o
 .text.cfg_write_bytes32
                0x000053c4       0x74 .\ARM_GCC_541\Debug\cyfitter_cfg.o
 .text.ClockSetup
                0x00005438      0x180 .\ARM_GCC_541\Debug\cyfitter_cfg.o
 .text.AnalogSetDefault
                0x000055b8       0x44 .\ARM_GCC_541\Debug\cyfitter_cfg.o
 .text.AMux_1_Set
                0x000055fc       0x6c .\ARM_GCC_541\Debug\cyfitter_cfg.o
                0x000055fc                AMux_1_Set
 .text.AMux_1_Unset
                0x00005668       0x74 .\ARM_GCC_541\Debug\cyfitter_cfg.o
                0x00005668                AMux_1_Unset
 .text.ADC_DelSig_1_AMux_Set
                0x000056dc       0x40 .\ARM_GCC_541\Debug\cyfitter_cfg.o
                0x000056dc                ADC_DelSig_1_AMux_Set
 .text.ADC_DelSig_1_AMux_Unset
                0x0000571c       0x44 .\ARM_GCC_541\Debug\cyfitter_cfg.o
                0x0000571c                ADC_DelSig_1_AMux_Unset
 .text.cyfitter_cfg
                0x00005760      0x1ac .\ARM_GCC_541\Debug\cyfitter_cfg.o
                0x00005760                cyfitter_cfg
 .text.IntDefaultHandler
                0x0000590c       0x14 .\ARM_GCC_541\Debug\Cm3Start.o
                0x0000590c                IntDefaultHandler
 .text._sbrk    0x00005920       0x50 .\ARM_GCC_541\Debug\Cm3Start.o
                0x00005920                _sbrk
 .text.Start_c  0x00005970       0x98 .\ARM_GCC_541\Debug\Cm3Start.o
                0x00005970                Start_c
 .text.initialize_psoc
                0x00005a08       0x90 .\ARM_GCC_541\Debug\Cm3Start.o
                0x00005a08                initialize_psoc
 .text.ADC_DelSig_1_Init
                0x00005a98      0x11c .\ARM_GCC_541\Debug\Proj07_hamflyAPI_stateMachineUpgrade.a(ADC_DelSig_1.o)
                0x00005a98                ADC_DelSig_1_Init
 .text.ADC_DelSig_1_Enable
                0x00005bb4      0x158 .\ARM_GCC_541\Debug\Proj07_hamflyAPI_stateMachineUpgrade.a(ADC_DelSig_1.o)
                0x00005bb4                ADC_DelSig_1_Enable
 .text.ADC_DelSig_1_Start
                0x00005d0c       0x30 .\ARM_GCC_541\Debug\Proj07_hamflyAPI_stateMachineUpgrade.a(ADC_DelSig_1.o)
                0x00005d0c                ADC_DelSig_1_Start
 .text.ADC_DelSig_1_StartConvert
                0x00005d3c       0x20 .\ARM_GCC_541\Debug\Proj07_hamflyAPI_stateMachineUpgrade.a(ADC_DelSig_1.o)
                0x00005d3c                ADC_DelSig_1_StartConvert
 .text.ADC_DelSig_1_StopConvert
                0x00005d5c       0x20 .\ARM_GCC_541\Debug\Proj07_hamflyAPI_stateMachineUpgrade.a(ADC_DelSig_1.o)
                0x00005d5c                ADC_DelSig_1_StopConvert
 .text.ADC_DelSig_1_GetResult16
                0x00005d7c       0x7c .\ARM_GCC_541\Debug\Proj07_hamflyAPI_stateMachineUpgrade.a(ADC_DelSig_1.o)
                0x00005d7c                ADC_DelSig_1_GetResult16
 .text.ADC_DelSig_1_InitConfig
                0x00005df8      0x164 .\ARM_GCC_541\Debug\Proj07_hamflyAPI_stateMachineUpgrade.a(ADC_DelSig_1.o)
 .text.ADC_DelSig_1_GainCompensation
                0x00005f5c      0x170 .\ARM_GCC_541\Debug\Proj07_hamflyAPI_stateMachineUpgrade.a(ADC_DelSig_1.o)
 .text.ADC_DelSig_1_SetDSMRef0Reg
                0x000060cc       0x7c .\ARM_GCC_541\Debug\Proj07_hamflyAPI_stateMachineUpgrade.a(ADC_DelSig_1.o)
 .text.ADC_DelSig_1_ISR1
                0x00006148        0xc .\ARM_GCC_541\Debug\Proj07_hamflyAPI_stateMachineUpgrade.a(ADC_DelSig_1_INT.o)
                0x00006148                ADC_DelSig_1_ISR1
 .text.AMux_1_Start
                0x00006154       0x34 .\ARM_GCC_541\Debug\Proj07_hamflyAPI_stateMachineUpgrade.a(AMux_1.o)
                0x00006154                AMux_1_Start
 .text.AMux_1_FastSelect
                0x00006188       0x38 .\ARM_GCC_541\Debug\Proj07_hamflyAPI_stateMachineUpgrade.a(AMux_1.o)
                0x00006188                AMux_1_FastSelect
 .text.isr_adc_StartEx
                0x000061c0       0x24 .\ARM_GCC_541\Debug\Proj07_hamflyAPI_stateMachineUpgrade.a(isr_adc.o)
                0x000061c0                isr_adc_StartEx
 .text.isr_adc_SetVector
                0x000061e4       0x24 .\ARM_GCC_541\Debug\Proj07_hamflyAPI_stateMachineUpgrade.a(isr_adc.o)
                0x000061e4                isr_adc_SetVector
 .text.isr_adc_SetPriority
                0x00006208       0x24 .\ARM_GCC_541\Debug\Proj07_hamflyAPI_stateMachineUpgrade.a(isr_adc.o)
                0x00006208                isr_adc_SetPriority
 .text.isr_adc_Enable
                0x0000622c       0x18 .\ARM_GCC_541\Debug\Proj07_hamflyAPI_stateMachineUpgrade.a(isr_adc.o)
                0x0000622c                isr_adc_Enable
 .text.isr_adc_Disable
                0x00006244       0x18 .\ARM_GCC_541\Debug\Proj07_hamflyAPI_stateMachineUpgrade.a(isr_adc.o)
                0x00006244                isr_adc_Disable
 .text.isr_adc_ClearPending
                0x0000625c       0x18 .\ARM_GCC_541\Debug\Proj07_hamflyAPI_stateMachineUpgrade.a(isr_adc.o)
                0x0000625c                isr_adc_ClearPending
 .text.UART_MOVI_Start
                0x00006274       0x24 .\ARM_GCC_541\Debug\Proj07_hamflyAPI_stateMachineUpgrade.a(UART_MOVI.o)
                0x00006274                UART_MOVI_Start
 .text.UART_MOVI_Init
                0x00006298       0x40 .\ARM_GCC_541\Debug\Proj07_hamflyAPI_stateMachineUpgrade.a(UART_MOVI.o)
                0x00006298                UART_MOVI_Init
 .text.UART_MOVI_Enable
                0x000062d8       0x5c .\ARM_GCC_541\Debug\Proj07_hamflyAPI_stateMachineUpgrade.a(UART_MOVI.o)
                0x000062d8                UART_MOVI_Enable
 .text.UART_MOVI_ClearRxBuffer
                0x00006334       0x44 .\ARM_GCC_541\Debug\Proj07_hamflyAPI_stateMachineUpgrade.a(UART_MOVI.o)
                0x00006334                UART_MOVI_ClearRxBuffer
 .text.UART_MOVI_PutChar
                0x00006378       0x34 .\ARM_GCC_541\Debug\Proj07_hamflyAPI_stateMachineUpgrade.a(UART_MOVI.o)
                0x00006378                UART_MOVI_PutChar
 .text.UART_MOVI_ClearTxBuffer
                0x000063ac       0x44 .\ARM_GCC_541\Debug\Proj07_hamflyAPI_stateMachineUpgrade.a(UART_MOVI.o)
                0x000063ac                UART_MOVI_ClearTxBuffer
 .text.isr_rx_movi_StartEx
                0x000063f0       0x24 .\ARM_GCC_541\Debug\Proj07_hamflyAPI_stateMachineUpgrade.a(isr_rx_movi.o)
                0x000063f0                isr_rx_movi_StartEx
 .text.isr_rx_movi_SetVector
                0x00006414       0x24 .\ARM_GCC_541\Debug\Proj07_hamflyAPI_stateMachineUpgrade.a(isr_rx_movi.o)
                0x00006414                isr_rx_movi_SetVector
 .text.isr_rx_movi_SetPriority
                0x00006438       0x24 .\ARM_GCC_541\Debug\Proj07_hamflyAPI_stateMachineUpgrade.a(isr_rx_movi.o)
                0x00006438                isr_rx_movi_SetPriority
 .text.isr_rx_movi_Enable
                0x0000645c       0x18 .\ARM_GCC_541\Debug\Proj07_hamflyAPI_stateMachineUpgrade.a(isr_rx_movi.o)
                0x0000645c                isr_rx_movi_Enable
 .text.isr_rx_movi_Disable
                0x00006474       0x18 .\ARM_GCC_541\Debug\Proj07_hamflyAPI_stateMachineUpgrade.a(isr_rx_movi.o)
                0x00006474                isr_rx_movi_Disable
 .text.Looptimer_Init
                0x0000648c       0xa0 .\ARM_GCC_541\Debug\Proj07_hamflyAPI_stateMachineUpgrade.a(Looptimer.o)
                0x0000648c                Looptimer_Init
 .text.Looptimer_Enable
                0x0000652c       0x48 .\ARM_GCC_541\Debug\Proj07_hamflyAPI_stateMachineUpgrade.a(Looptimer.o)
                0x0000652c                Looptimer_Enable
 .text.Looptimer_Start
                0x00006574       0x24 .\ARM_GCC_541\Debug\Proj07_hamflyAPI_stateMachineUpgrade.a(Looptimer.o)
                0x00006574                Looptimer_Start
 .text.Looptimer_SetInterruptMode
                0x00006598       0x20 .\ARM_GCC_541\Debug\Proj07_hamflyAPI_stateMachineUpgrade.a(Looptimer.o)
                0x00006598                Looptimer_SetInterruptMode
 .text.Looptimer_ReadStatusRegister
                0x000065b8       0x18 .\ARM_GCC_541\Debug\Proj07_hamflyAPI_stateMachineUpgrade.a(Looptimer.o)
                0x000065b8                Looptimer_ReadStatusRegister
 .text.Looptimer_WritePeriod
                0x000065d0       0x24 .\ARM_GCC_541\Debug\Proj07_hamflyAPI_stateMachineUpgrade.a(Looptimer.o)
                0x000065d0                Looptimer_WritePeriod
 .text.Looptimer_WriteCounter
                0x000065f4       0x20 .\ARM_GCC_541\Debug\Proj07_hamflyAPI_stateMachineUpgrade.a(Looptimer.o)
                0x000065f4                Looptimer_WriteCounter
 .text.isr_Looptimer_StartEx
                0x00006614       0x24 .\ARM_GCC_541\Debug\Proj07_hamflyAPI_stateMachineUpgrade.a(isr_Looptimer.o)
                0x00006614                isr_Looptimer_StartEx
 .text.isr_Looptimer_SetVector
                0x00006638       0x24 .\ARM_GCC_541\Debug\Proj07_hamflyAPI_stateMachineUpgrade.a(isr_Looptimer.o)
                0x00006638                isr_Looptimer_SetVector
 .text.isr_Looptimer_SetPriority
                0x0000665c       0x24 .\ARM_GCC_541\Debug\Proj07_hamflyAPI_stateMachineUpgrade.a(isr_Looptimer.o)
                0x0000665c                isr_Looptimer_SetPriority
 .text.isr_Looptimer_Enable
                0x00006680       0x18 .\ARM_GCC_541\Debug\Proj07_hamflyAPI_stateMachineUpgrade.a(isr_Looptimer.o)
                0x00006680                isr_Looptimer_Enable
 .text.isr_Looptimer_Disable
                0x00006698       0x18 .\ARM_GCC_541\Debug\Proj07_hamflyAPI_stateMachineUpgrade.a(isr_Looptimer.o)
                0x00006698                isr_Looptimer_Disable
 .text.EEPROM_CONFIG_Enable
                0x000066b0       0x10 .\ARM_GCC_541\Debug\Proj07_hamflyAPI_stateMachineUpgrade.a(EEPROM_CONFIG.o)
                0x000066b0                EEPROM_CONFIG_Enable
 .text.EEPROM_CONFIG_Start
                0x000066c0        0xc .\ARM_GCC_541\Debug\Proj07_hamflyAPI_stateMachineUpgrade.a(EEPROM_CONFIG.o)
                0x000066c0                EEPROM_CONFIG_Start
 .text.ADC_DelSig_1_AMux_Start
                0x000066cc       0x34 .\ARM_GCC_541\Debug\Proj07_hamflyAPI_stateMachineUpgrade.a(ADC_DelSig_1_AMux.o)
                0x000066cc                ADC_DelSig_1_AMux_Start
 .text.ADC_DelSig_1_AMux_Select
                0x00006700       0x28 .\ARM_GCC_541\Debug\Proj07_hamflyAPI_stateMachineUpgrade.a(ADC_DelSig_1_AMux.o)
                0x00006700                ADC_DelSig_1_AMux_Select
 .text.ADC_DelSig_1_Ext_CP_Clk_SetDividerRegister
                0x00006728      0x164 .\ARM_GCC_541\Debug\Proj07_hamflyAPI_stateMachineUpgrade.a(ADC_DelSig_1_Ext_CP_Clk.o)
                0x00006728                ADC_DelSig_1_Ext_CP_Clk_SetDividerRegister
 .text.ADC_DelSig_1_Ext_CP_Clk_GetDividerRegister
                0x0000688c       0x18 .\ARM_GCC_541\Debug\Proj07_hamflyAPI_stateMachineUpgrade.a(ADC_DelSig_1_Ext_CP_Clk.o)
                0x0000688c                ADC_DelSig_1_Ext_CP_Clk_GetDividerRegister
 .text.ADC_DelSig_1_Ext_CP_Clk_SetModeRegister
                0x000068a4       0x34 .\ARM_GCC_541\Debug\Proj07_hamflyAPI_stateMachineUpgrade.a(ADC_DelSig_1_Ext_CP_Clk.o)
                0x000068a4                ADC_DelSig_1_Ext_CP_Clk_SetModeRegister
 .text.ADC_DelSig_1_Ext_CP_Clk_GetSourceRegister
                0x000068d8       0x1c .\ARM_GCC_541\Debug\Proj07_hamflyAPI_stateMachineUpgrade.a(ADC_DelSig_1_Ext_CP_Clk.o)
                0x000068d8                ADC_DelSig_1_Ext_CP_Clk_GetSourceRegister
 .text.ADC_DelSig_1_theACLK_SetDividerRegister
                0x000068f4      0x164 .\ARM_GCC_541\Debug\Proj07_hamflyAPI_stateMachineUpgrade.a(ADC_DelSig_1_theACLK.o)
                0x000068f4                ADC_DelSig_1_theACLK_SetDividerRegister
 .text.ADC_DelSig_1_theACLK_GetDividerRegister
                0x00006a58       0x18 .\ARM_GCC_541\Debug\Proj07_hamflyAPI_stateMachineUpgrade.a(ADC_DelSig_1_theACLK.o)
                0x00006a58                ADC_DelSig_1_theACLK_GetDividerRegister
 .text.ADC_DelSig_1_theACLK_SetModeRegister
                0x00006a70       0x34 .\ARM_GCC_541\Debug\Proj07_hamflyAPI_stateMachineUpgrade.a(ADC_DelSig_1_theACLK.o)
                0x00006a70                ADC_DelSig_1_theACLK_SetModeRegister
 .text.ADC_DelSig_1_theACLK_GetSourceRegister
                0x00006aa4       0x1c .\ARM_GCC_541\Debug\Proj07_hamflyAPI_stateMachineUpgrade.a(ADC_DelSig_1_theACLK.o)
                0x00006aa4                ADC_DelSig_1_theACLK_GetSourceRegister
 .text.CySetTempInt
                0x00006ac0       0x7c .\ARM_GCC_541\Debug\Proj07_hamflyAPI_stateMachineUpgrade.a(CyFlash.o)
 .text.CyFlashGetSpcAlgorithm
                0x00006b3c       0x70 .\ARM_GCC_541\Debug\Proj07_hamflyAPI_stateMachineUpgrade.a(CyFlash.o)
                0x00006b3c                CyFlashGetSpcAlgorithm
 .text.CySetTemp
                0x00006bac       0x24 .\ARM_GCC_541\Debug\Proj07_hamflyAPI_stateMachineUpgrade.a(CyFlash.o)
                0x00006bac                CySetTemp
 .text.CyEEPROM_Start
                0x00006bd0       0x8c .\ARM_GCC_541\Debug\Proj07_hamflyAPI_stateMachineUpgrade.a(CyFlash.o)
                0x00006bd0                CyEEPROM_Start
 .text.CyHalt   0x00006c5c       0x18 .\ARM_GCC_541\Debug\Proj07_hamflyAPI_stateMachineUpgrade.a(CyLib.o)
                0x00006c5c                CyHalt
 .text.CyDelayUs
                0x00006c74       0x28 .\ARM_GCC_541\Debug\Proj07_hamflyAPI_stateMachineUpgrade.a(CyLib.o)
                0x00006c74                CyDelayUs
 .text.CyIntSetVector
                0x00006c9c       0x50 .\ARM_GCC_541\Debug\Proj07_hamflyAPI_stateMachineUpgrade.a(CyLib.o)
                0x00006c9c                CyIntSetVector
 .text.CyIntSetPriority
                0x00006cec       0x48 .\ARM_GCC_541\Debug\Proj07_hamflyAPI_stateMachineUpgrade.a(CyLib.o)
                0x00006cec                CyIntSetPriority
 .text.CySpcStart
                0x00006d34       0x48 .\ARM_GCC_541\Debug\Proj07_hamflyAPI_stateMachineUpgrade.a(CySpc.o)
                0x00006d34                CySpcStart
 .text.CySpcReadData
                0x00006d7c       0x54 .\ARM_GCC_541\Debug\Proj07_hamflyAPI_stateMachineUpgrade.a(CySpc.o)
                0x00006d7c                CySpcReadData
 .text.CySpcGetTemp
                0x00006dd0       0x64 .\ARM_GCC_541\Debug\Proj07_hamflyAPI_stateMachineUpgrade.a(CySpc.o)
                0x00006dd0                CySpcGetTemp
 .text.CySpcLock
                0x00006e34       0x68 .\ARM_GCC_541\Debug\Proj07_hamflyAPI_stateMachineUpgrade.a(CySpc.o)
                0x00006e34                CySpcLock
 .text.CySpcUnlock
                0x00006e9c       0x50 .\ARM_GCC_541\Debug\Proj07_hamflyAPI_stateMachineUpgrade.a(CySpc.o)
                0x00006e9c                CySpcUnlock
 .text.CySpcGetAlgorithm
                0x00006eec       0x44 .\ARM_GCC_541\Debug\Proj07_hamflyAPI_stateMachineUpgrade.a(CySpc.o)
                0x00006eec                CySpcGetAlgorithm
 .text.UART_PI_Start
                0x00006f30       0x24 .\ARM_GCC_541\Debug\Proj07_hamflyAPI_stateMachineUpgrade.a(UART_PI.o)
                0x00006f30                UART_PI_Start
 .text.UART_PI_Init
                0x00006f54       0x40 .\ARM_GCC_541\Debug\Proj07_hamflyAPI_stateMachineUpgrade.a(UART_PI.o)
                0x00006f54                UART_PI_Init
 .text.UART_PI_Enable
                0x00006f94       0x60 .\ARM_GCC_541\Debug\Proj07_hamflyAPI_stateMachineUpgrade.a(UART_PI.o)
                0x00006f94                UART_PI_Enable
 .text.UART_PI_ClearRxBuffer
                0x00006ff4       0x44 .\ARM_GCC_541\Debug\Proj07_hamflyAPI_stateMachineUpgrade.a(UART_PI.o)
                0x00006ff4                UART_PI_ClearRxBuffer
 .text.UART_PI_PutChar
                0x00007038       0x34 .\ARM_GCC_541\Debug\Proj07_hamflyAPI_stateMachineUpgrade.a(UART_PI.o)
                0x00007038                UART_PI_PutChar
 .text.UART_PI_ClearTxBuffer
                0x0000706c       0x44 .\ARM_GCC_541\Debug\Proj07_hamflyAPI_stateMachineUpgrade.a(UART_PI.o)
                0x0000706c                UART_PI_ClearTxBuffer
 .text.UART_PI_IntClock_Start
                0x000070b0       0x34 .\ARM_GCC_541\Debug\Proj07_hamflyAPI_stateMachineUpgrade.a(UART_PI_IntClock.o)
                0x000070b0                UART_PI_IntClock_Start
 .text.UART_DEBUG_Start
                0x000070e4       0x24 .\ARM_GCC_541\Debug\Proj07_hamflyAPI_stateMachineUpgrade.a(UART_DEBUG.o)
                0x000070e4                UART_DEBUG_Start
 .text.UART_DEBUG_Init
                0x00007108       0x40 .\ARM_GCC_541\Debug\Proj07_hamflyAPI_stateMachineUpgrade.a(UART_DEBUG.o)
                0x00007108                UART_DEBUG_Init
 .text.UART_DEBUG_Enable
                0x00007148       0x60 .\ARM_GCC_541\Debug\Proj07_hamflyAPI_stateMachineUpgrade.a(UART_DEBUG.o)
                0x00007148                UART_DEBUG_Enable
 .text.UART_DEBUG_GetChar
                0x000071a8       0x44 .\ARM_GCC_541\Debug\Proj07_hamflyAPI_stateMachineUpgrade.a(UART_DEBUG.o)
                0x000071a8                UART_DEBUG_GetChar
 .text.UART_DEBUG_PutChar
                0x000071ec       0x34 .\ARM_GCC_541\Debug\Proj07_hamflyAPI_stateMachineUpgrade.a(UART_DEBUG.o)
                0x000071ec                UART_DEBUG_PutChar
 .text.UART_DEBUG_PutString
                0x00007220       0x44 .\ARM_GCC_541\Debug\Proj07_hamflyAPI_stateMachineUpgrade.a(UART_DEBUG.o)
                0x00007220                UART_DEBUG_PutString
 .text.UART_DEBUG_IntClock_Start
                0x00007264       0x34 .\ARM_GCC_541\Debug\Proj07_hamflyAPI_stateMachineUpgrade.a(UART_DEBUG_IntClock.o)
                0x00007264                UART_DEBUG_IntClock_Start
 .text.isr_rx_pi_StartEx
                0x00007298       0x24 .\ARM_GCC_541\Debug\Proj07_hamflyAPI_stateMachineUpgrade.a(isr_rx_pi.o)
                0x00007298                isr_rx_pi_StartEx
 .text.isr_rx_pi_SetVector
                0x000072bc       0x24 .\ARM_GCC_541\Debug\Proj07_hamflyAPI_stateMachineUpgrade.a(isr_rx_pi.o)
                0x000072bc                isr_rx_pi_SetVector
 .text.isr_rx_pi_SetPriority
                0x000072e0       0x24 .\ARM_GCC_541\Debug\Proj07_hamflyAPI_stateMachineUpgrade.a(isr_rx_pi.o)
                0x000072e0                isr_rx_pi_SetPriority
 .text.isr_rx_pi_Enable
                0x00007304       0x18 .\ARM_GCC_541\Debug\Proj07_hamflyAPI_stateMachineUpgrade.a(isr_rx_pi.o)
                0x00007304                isr_rx_pi_Enable
 .text.isr_rx_pi_Disable
                0x0000731c       0x18 .\ARM_GCC_541\Debug\Proj07_hamflyAPI_stateMachineUpgrade.a(isr_rx_pi.o)
                0x0000731c                isr_rx_pi_Disable
 *fill*         0x00007334        0x4 
 .text          0x00007338       0x54 .\ARM_GCC_541\Debug\Proj07_hamflyAPI_stateMachineUpgrade.a(CyBootAsmGnu.o)
                0x00007338                CyDelayCycles
                0x00007376                CyEnterCriticalSection
                0x0000737e                CyExitCriticalSection
 .text.asinf    0x0000738c       0xa4 c:/program files (x86)/cypress/psoc creator/4.4/psoc creator/import/gnu/arm/5.4.1/bin/../lib/gcc/arm-none-eabi/5.4.1/../../../../arm-none-eabi/lib/armv7-m\libm.a(lib_a-wf_asin.o)
                0x0000738c                asinf
 .text.atan2f   0x00007430        0x4 c:/program files (x86)/cypress/psoc creator/4.4/psoc creator/import/gnu/arm/5.4.1/bin/../lib/gcc/arm-none-eabi/5.4.1/../../../../arm-none-eabi/lib/armv7-m\libm.a(lib_a-wf_atan2.o)
                0x00007430                atan2f
 .text.__ieee754_asinf
                0x00007434      0x294 c:/program files (x86)/cypress/psoc creator/4.4/psoc creator/import/gnu/arm/5.4.1/bin/../lib/gcc/arm-none-eabi/5.4.1/../../../../arm-none-eabi/lib/armv7-m\libm.a(lib_a-ef_asin.o)
                0x00007434                __ieee754_asinf
 .text.__ieee754_atan2f
                0x000076c8      0x124 c:/program files (x86)/cypress/psoc creator/4.4/psoc creator/import/gnu/arm/5.4.1/bin/../lib/gcc/arm-none-eabi/5.4.1/../../../../arm-none-eabi/lib/armv7-m\libm.a(lib_a-ef_atan2.o)
                0x000076c8                __ieee754_atan2f
 .text.__ieee754_sqrtf
                0x000077ec       0xa8 c:/program files (x86)/cypress/psoc creator/4.4/psoc creator/import/gnu/arm/5.4.1/bin/../lib/gcc/arm-none-eabi/5.4.1/../../../../arm-none-eabi/lib/armv7-m\libm.a(lib_a-ef_sqrt.o)
                0x000077ec                __ieee754_sqrtf
 .text.matherr  0x00007894        0x4 c:/program files (x86)/cypress/psoc creator/4.4/psoc creator/import/gnu/arm/5.4.1/bin/../lib/gcc/arm-none-eabi/5.4.1/../../../../arm-none-eabi/lib/armv7-m\libm.a(lib_a-s_matherr.o)
                0x00007894                matherr
 .text.nan      0x00007898        0xc c:/program files (x86)/cypress/psoc creator/4.4/psoc creator/import/gnu/arm/5.4.1/bin/../lib/gcc/arm-none-eabi/5.4.1/../../../../arm-none-eabi/lib/armv7-m\libm.a(lib_a-s_nan.o)
                0x00007898                nan
 .text.atanf    0x000078a4      0x22c c:/program files (x86)/cypress/psoc creator/4.4/psoc creator/import/gnu/arm/5.4.1/bin/../lib/gcc/arm-none-eabi/5.4.1/../../../../arm-none-eabi/lib/armv7-m\libm.a(lib_a-sf_atan.o)
                0x000078a4                atanf
 .text.fabsf    0x00007ad0        0x8 c:/program files (x86)/cypress/psoc creator/4.4/psoc creator/import/gnu/arm/5.4.1/bin/../lib/gcc/arm-none-eabi/5.4.1/../../../../arm-none-eabi/lib/armv7-m\libm.a(lib_a-sf_fabs.o)
                0x00007ad0                fabsf
 .text          0x00007ad8      0x370 c:/program files (x86)/cypress/psoc creator/4.4/psoc creator/import/gnu/arm/5.4.1/bin/../lib/gcc/arm-none-eabi/5.4.1/armv7-m\libgcc.a(_arm_addsubdf3.o)
                0x00007ad8                __aeabi_drsub
                0x00007ae0                __aeabi_dsub
                0x00007ae0                __subdf3
                0x00007ae4                __aeabi_dadd
                0x00007ae4                __adddf3
                0x00007d5c                __floatunsidf
                0x00007d5c                __aeabi_ui2d
                0x00007d7c                __floatsidf
                0x00007d7c                __aeabi_i2d
                0x00007da0                __aeabi_f2d
                0x00007da0                __extendsfdf2
                0x00007ddc                __floatundidf
                0x00007ddc                __aeabi_ul2d
                0x00007dec                __floatdidf
                0x00007dec                __aeabi_l2d
 .text          0x00007e48      0x424 c:/program files (x86)/cypress/psoc creator/4.4/psoc creator/import/gnu/arm/5.4.1/bin/../lib/gcc/arm-none-eabi/5.4.1/armv7-m\libgcc.a(_arm_muldivdf3.o)
                0x00007e48                __aeabi_dmul
                0x00007e48                __muldf3
                0x0000809c                __divdf3
                0x0000809c                __aeabi_ddiv
 .text          0x0000826c      0x110 c:/program files (x86)/cypress/psoc creator/4.4/psoc creator/import/gnu/arm/5.4.1/bin/../lib/gcc/arm-none-eabi/5.4.1/armv7-m\libgcc.a(_arm_cmpdf2.o)
                0x0000826c                __gtdf2
                0x0000826c                __gedf2
                0x00008274                __ltdf2
                0x00008274                __ledf2
                0x0000827c                __nedf2
                0x0000827c                __eqdf2
                0x0000827c                __cmpdf2
                0x000082f8                __aeabi_cdrcmple
                0x00008308                __aeabi_cdcmpeq
                0x00008308                __aeabi_cdcmple
                0x00008318                __aeabi_dcmpeq
                0x0000832c                __aeabi_dcmplt
                0x00008340                __aeabi_dcmple
                0x00008354                __aeabi_dcmpge
                0x00008368                __aeabi_dcmpgt
 .text          0x0000837c       0x2c c:/program files (x86)/cypress/psoc creator/4.4/psoc creator/import/gnu/arm/5.4.1/bin/../lib/gcc/arm-none-eabi/5.4.1/armv7-m\libgcc.a(_arm_unorddf2.o)
                0x0000837c                __unorddf2
                0x0000837c                __aeabi_dcmpun
 .text          0x000083a8       0x50 c:/program files (x86)/cypress/psoc creator/4.4/psoc creator/import/gnu/arm/5.4.1/bin/../lib/gcc/arm-none-eabi/5.4.1/armv7-m\libgcc.a(_arm_fixdfsi.o)
                0x000083a8                __aeabi_d2iz
                0x000083a8                __fixdfsi
 .text          0x000083f8       0xa0 c:/program files (x86)/cypress/psoc creator/4.4/psoc creator/import/gnu/arm/5.4.1/bin/../lib/gcc/arm-none-eabi/5.4.1/armv7-m\libgcc.a(_arm_truncdfsf2.o)
                0x000083f8                __truncdfsf2
                0x000083f8                __aeabi_d2f
 .text          0x00008498      0x21c c:/program files (x86)/cypress/psoc creator/4.4/psoc creator/import/gnu/arm/5.4.1/bin/../lib/gcc/arm-none-eabi/5.4.1/armv7-m\libgcc.a(_arm_addsubsf3.o)
                0x00008498                __aeabi_frsub
                0x000084a0                __subsf3
                0x000084a0                __aeabi_fsub
                0x000084a4                __aeabi_fadd
                0x000084a4                __addsf3
                0x00008604                __aeabi_ui2f
                0x00008604                __floatunsisf
                0x0000860c                __aeabi_i2f
                0x0000860c                __floatsisf
                0x00008628                __aeabi_ul2f
                0x00008628                __floatundisf
                0x00008638                __aeabi_l2f
                0x00008638                __floatdisf
 .text          0x000086b4      0x2a0 c:/program files (x86)/cypress/psoc creator/4.4/psoc creator/import/gnu/arm/5.4.1/bin/../lib/gcc/arm-none-eabi/5.4.1/armv7-m\libgcc.a(_arm_muldivsf3.o)
                0x000086b4                __mulsf3
                0x000086b4                __aeabi_fmul
                0x0000881c                __aeabi_fdiv
                0x0000881c                __divsf3
 .text          0x00008954       0xec c:/program files (x86)/cypress/psoc creator/4.4/psoc creator/import/gnu/arm/5.4.1/bin/../lib/gcc/arm-none-eabi/5.4.1/armv7-m\libgcc.a(_arm_cmpsf2.o)
                0x00008954                __gesf2
                0x00008954                __gtsf2
                0x0000895c                __lesf2
                0x0000895c                __ltsf2
                0x00008964                __nesf2
                0x00008964                __eqsf2
                0x00008964                __cmpsf2
                0x000089c4                __aeabi_cfrcmple
                0x000089cc                __aeabi_cfcmpeq
                0x000089cc                __aeabi_cfcmple
                0x000089dc                __aeabi_fcmpeq
                0x000089f0                __aeabi_fcmplt
                0x00008a04                __aeabi_fcmple
                0x00008a18                __aeabi_fcmpge
                0x00008a2c                __aeabi_fcmpgt
 .text          0x00008a40       0x2c c:/program files (x86)/cypress/psoc creator/4.4/psoc creator/import/gnu/arm/5.4.1/bin/../lib/gcc/arm-none-eabi/5.4.1/armv7-m\libgcc.a(_arm_unordsf2.o)
                0x00008a40                __unordsf2
                0x00008a40                __aeabi_fcmpun
 .text          0x00008a6c       0x4c c:/program files (x86)/cypress/psoc creator/4.4/psoc creator/import/gnu/arm/5.4.1/bin/../lib/gcc/arm-none-eabi/5.4.1/armv7-m\libgcc.a(_arm_fixsfsi.o)
                0x00008a6c                __aeabi_f2iz
                0x00008a6c                __fixsfsi
 .text          0x00008ab8       0x40 c:/program files (x86)/cypress/psoc creator/4.4/psoc creator/import/gnu/arm/5.4.1/bin/../lib/gcc/arm-none-eabi/5.4.1/armv7-m\libgcc.a(_arm_fixunssfsi.o)
                0x00008ab8                __fixunssfsi
                0x00008ab8                __aeabi_f2uiz
 .text.__errno  0x00008af8        0xc c:/program files (x86)/cypress/psoc creator/4.4/psoc creator/import/gnu/arm/5.4.1/bin/../lib/gcc/arm-none-eabi/5.4.1/../../../../arm-none-eabi/lib/armv7-m\libg_nano.a(lib_a-errno.o)
                0x00008af8                __errno
 .text.__libc_init_array
                0x00008b04       0x4c c:/program files (x86)/cypress/psoc creator/4.4/psoc creator/import/gnu/arm/5.4.1/bin/../lib/gcc/arm-none-eabi/5.4.1/../../../../arm-none-eabi/lib/armv7-m\libg_nano.a(lib_a-init.o)
                0x00008b04                __libc_init_array
 .text.memcpy   0x00008b50       0x16 c:/program files (x86)/cypress/psoc creator/4.4/psoc creator/import/gnu/arm/5.4.1/bin/../lib/gcc/arm-none-eabi/5.4.1/../../../../arm-none-eabi/lib/armv7-m\libg_nano.a(lib_a-memcpy-stub.o)
                0x00008b50                memcpy
 .text.memset   0x00008b66       0x10 c:/program files (x86)/cypress/psoc creator/4.4/psoc creator/import/gnu/arm/5.4.1/bin/../lib/gcc/arm-none-eabi/5.4.1/../../../../arm-none-eabi/lib/armv7-m\libg_nano.a(lib_a-memset.o)
                0x00008b66                memset
 .text.__cvt    0x00008b76       0xc0 c:/program files (x86)/cypress/psoc creator/4.4/psoc creator/import/gnu/arm/5.4.1/bin/../lib/gcc/arm-none-eabi/5.4.1/../../../../arm-none-eabi/lib/armv7-m\libg_nano.a(lib_a-nano-vfprintf_float.o)
                0x00008b76                __cvt
 .text.__exponent
                0x00008c36       0x62 c:/program files (x86)/cypress/psoc creator/4.4/psoc creator/import/gnu/arm/5.4.1/bin/../lib/gcc/arm-none-eabi/5.4.1/../../../../arm-none-eabi/lib/armv7-m\libg_nano.a(lib_a-nano-vfprintf_float.o)
                0x00008c36                __exponent
 .text._printf_float
                0x00008c98      0x488 c:/program files (x86)/cypress/psoc creator/4.4/psoc creator/import/gnu/arm/5.4.1/bin/../lib/gcc/arm-none-eabi/5.4.1/../../../../arm-none-eabi/lib/armv7-m\libg_nano.a(lib_a-nano-vfprintf_float.o)
                0x00008c98                _printf_float
 .text._printf_common
                0x00009120       0xec c:/program files (x86)/cypress/psoc creator/4.4/psoc creator/import/gnu/arm/5.4.1/bin/../lib/gcc/arm-none-eabi/5.4.1/../../../../arm-none-eabi/lib/armv7-m\libg_nano.a(lib_a-nano-vfprintf_i.o)
                0x00009120                _printf_common
 .text._printf_i
                0x0000920c      0x24c c:/program files (x86)/cypress/psoc creator/4.4/psoc creator/import/gnu/arm/5.4.1/bin/../lib/gcc/arm-none-eabi/5.4.1/../../../../arm-none-eabi/lib/armv7-m\libg_nano.a(lib_a-nano-vfprintf_i.o)
                0x0000920c                _printf_i
 .text.snprintf
                0x00009458       0x64 c:/program files (x86)/cypress/psoc creator/4.4/psoc creator/import/gnu/arm/5.4.1/bin/../lib/gcc/arm-none-eabi/5.4.1/../../../../arm-none-eabi/lib/armv7-m\libg_nano.a(lib_a-snprintf.o)
                0x00009458                sniprintf
                0x00009458                snprintf
 .text          0x000094bc       0x10 c:/program files (x86)/cypress/psoc creator/4.4/psoc creator/import/gnu/arm/5.4.1/bin/../lib/gcc/arm-none-eabi/5.4.1/../../../../arm-none-eabi/lib/armv7-m\libg_nano.a(lib_a-strlen.o)
                0x000094bc                strlen
 .text.quorem   0x000094cc      0x116 c:/program files (x86)/cypress/psoc creator/4.4/psoc creator/import/gnu/arm/5.4.1/bin/../lib/gcc/arm-none-eabi/5.4.1/../../../../arm-none-eabi/lib/armv7-m\libg_nano.a(lib_a-dtoa.o)
 *fill*         0x000095e2        0x6 
 .text._dtoa_r  0x000095e8      0xb30 c:/program files (x86)/cypress/psoc creator/4.4/psoc creator/import/gnu/arm/5.4.1/bin/../lib/gcc/arm-none-eabi/5.4.1/../../../../arm-none-eabi/lib/armv7-m\libg_nano.a(lib_a-dtoa.o)
                0x000095e8                _dtoa_r
 .text._localeconv_r
                0x0000a118        0x8 c:/program files (x86)/cypress/psoc creator/4.4/psoc creator/import/gnu/arm/5.4.1/bin/../lib/gcc/arm-none-eabi/5.4.1/../../../../arm-none-eabi/lib/armv7-m\libg_nano.a(lib_a-locale.o)
                0x0000a118                _localeconv_r
 .text.malloc   0x0000a120       0x10 c:/program files (x86)/cypress/psoc creator/4.4/psoc creator/import/gnu/arm/5.4.1/bin/../lib/gcc/arm-none-eabi/5.4.1/../../../../arm-none-eabi/lib/armv7-m\libg_nano.a(lib_a-malloc.o)
                0x0000a120                malloc
 .text.memchr   0x0000a130       0x1c c:/program files (x86)/cypress/psoc creator/4.4/psoc creator/import/gnu/arm/5.4.1/bin/../lib/gcc/arm-none-eabi/5.4.1/../../../../arm-none-eabi/lib/armv7-m\libg_nano.a(lib_a-memchr-stub.o)
                0x0000a130                memchr
 .text._Balloc  0x0000a14c       0x6a c:/program files (x86)/cypress/psoc creator/4.4/psoc creator/import/gnu/arm/5.4.1/bin/../lib/gcc/arm-none-eabi/5.4.1/../../../../arm-none-eabi/lib/armv7-m\libg_nano.a(lib_a-mprec.o)
                0x0000a14c                _Balloc
 .text._Bfree   0x0000a1b6       0x2e c:/program files (x86)/cypress/psoc creator/4.4/psoc creator/import/gnu/arm/5.4.1/bin/../lib/gcc/arm-none-eabi/5.4.1/../../../../arm-none-eabi/lib/armv7-m\libg_nano.a(lib_a-mprec.o)
                0x0000a1b6                _Bfree
 .text.__multadd
                0x0000a1e4       0x76 c:/program files (x86)/cypress/psoc creator/4.4/psoc creator/import/gnu/arm/5.4.1/bin/../lib/gcc/arm-none-eabi/5.4.1/../../../../arm-none-eabi/lib/armv7-m\libg_nano.a(lib_a-mprec.o)
                0x0000a1e4                __multadd
 .text.__hi0bits
                0x0000a25a       0x40 c:/program files (x86)/cypress/psoc creator/4.4/psoc creator/import/gnu/arm/5.4.1/bin/../lib/gcc/arm-none-eabi/5.4.1/../../../../arm-none-eabi/lib/armv7-m\libg_nano.a(lib_a-mprec.o)
                0x0000a25a                __hi0bits
 .text.__lo0bits
                0x0000a29a       0x5a c:/program files (x86)/cypress/psoc creator/4.4/psoc creator/import/gnu/arm/5.4.1/bin/../lib/gcc/arm-none-eabi/5.4.1/../../../../arm-none-eabi/lib/armv7-m\libg_nano.a(lib_a-mprec.o)
                0x0000a29a                __lo0bits
 .text.__i2b    0x0000a2f4       0x12 c:/program files (x86)/cypress/psoc creator/4.4/psoc creator/import/gnu/arm/5.4.1/bin/../lib/gcc/arm-none-eabi/5.4.1/../../../../arm-none-eabi/lib/armv7-m\libg_nano.a(lib_a-mprec.o)
                0x0000a2f4                __i2b
 .text.__multiply
                0x0000a306      0x120 c:/program files (x86)/cypress/psoc creator/4.4/psoc creator/import/gnu/arm/5.4.1/bin/../lib/gcc/arm-none-eabi/5.4.1/../../../../arm-none-eabi/lib/armv7-m\libg_nano.a(lib_a-mprec.o)
                0x0000a306                __multiply
 *fill*         0x0000a426        0x2 
 .text.__pow5mult
                0x0000a428       0x9c c:/program files (x86)/cypress/psoc creator/4.4/psoc creator/import/gnu/arm/5.4.1/bin/../lib/gcc/arm-none-eabi/5.4.1/../../../../arm-none-eabi/lib/armv7-m\libg_nano.a(lib_a-mprec.o)
                0x0000a428                __pow5mult
 .text.__lshift
                0x0000a4c4       0xa2 c:/program files (x86)/cypress/psoc creator/4.4/psoc creator/import/gnu/arm/5.4.1/bin/../lib/gcc/arm-none-eabi/5.4.1/../../../../arm-none-eabi/lib/armv7-m\libg_nano.a(lib_a-mprec.o)
                0x0000a4c4                __lshift
 .text.__mcmp   0x0000a566       0x38 c:/program files (x86)/cypress/psoc creator/4.4/psoc creator/import/gnu/arm/5.4.1/bin/../lib/gcc/arm-none-eabi/5.4.1/../../../../arm-none-eabi/lib/armv7-m\libg_nano.a(lib_a-mprec.o)
                0x0000a566                __mcmp
 .text.__mdiff  0x0000a59e       0xbe c:/program files (x86)/cypress/psoc creator/4.4/psoc creator/import/gnu/arm/5.4.1/bin/../lib/gcc/arm-none-eabi/5.4.1/../../../../arm-none-eabi/lib/armv7-m\libg_nano.a(lib_a-mprec.o)
                0x0000a59e                __mdiff
 .text.__d2b    0x0000a65c       0x9c c:/program files (x86)/cypress/psoc creator/4.4/psoc creator/import/gnu/arm/5.4.1/bin/../lib/gcc/arm-none-eabi/5.4.1/../../../../arm-none-eabi/lib/armv7-m\libg_nano.a(lib_a-mprec.o)
                0x0000a65c                __d2b
 .text._calloc_r
                0x0000a6f8       0x1c c:/program files (x86)/cypress/psoc creator/4.4/psoc creator/import/gnu/arm/5.4.1/bin/../lib/gcc/arm-none-eabi/5.4.1/../../../../arm-none-eabi/lib/armv7-m\libg_nano.a(lib_a-nano-callocr.o)
                0x0000a6f8                _calloc_r
 .text._free_r  0x0000a714       0x98 c:/program files (x86)/cypress/psoc creator/4.4/psoc creator/import/gnu/arm/5.4.1/bin/../lib/gcc/arm-none-eabi/5.4.1/../../../../arm-none-eabi/lib/armv7-m\libg_nano.a(lib_a-nano-freer.o)
                0x0000a714                _free_r
 .text._malloc_r
                0x0000a7ac       0xbc c:/program files (x86)/cypress/psoc creator/4.4/psoc creator/import/gnu/arm/5.4.1/bin/../lib/gcc/arm-none-eabi/5.4.1/../../../../arm-none-eabi/lib/armv7-m\libg_nano.a(lib_a-nano-mallocr.o)
                0x0000a7ac                _malloc_r
 .text.__ssputs_r
                0x0000a868       0xb2 c:/program files (x86)/cypress/psoc creator/4.4/psoc creator/import/gnu/arm/5.4.1/bin/../lib/gcc/arm-none-eabi/5.4.1/../../../../arm-none-eabi/lib/armv7-m\libg_nano.a(lib_a-nano-svfprintf.o)
                0x0000a868                __ssputs_r
 *fill*         0x0000a91a        0x2 
 .text._svfprintf_r
                0x0000a91c      0x1e8 c:/program files (x86)/cypress/psoc creator/4.4/psoc creator/import/gnu/arm/5.4.1/bin/../lib/gcc/arm-none-eabi/5.4.1/../../../../arm-none-eabi/lib/armv7-m\libg_nano.a(lib_a-nano-svfprintf.o)
                0x0000a91c                _svfiprintf_r
                0x0000a91c                _svfprintf_r
 .text._sbrk_r  0x0000ab04       0x20 c:/program files (x86)/cypress/psoc creator/4.4/psoc creator/import/gnu/arm/5.4.1/bin/../lib/gcc/arm-none-eabi/5.4.1/../../../../arm-none-eabi/lib/armv7-m\libg_nano.a(lib_a-sbrkr.o)
                0x0000ab04                _sbrk_r
 .text.memmove  0x0000ab24       0x36 c:/program files (x86)/cypress/psoc creator/4.4/psoc creator/import/gnu/arm/5.4.1/bin/../lib/gcc/arm-none-eabi/5.4.1/../../../../arm-none-eabi/lib/armv7-m\libg_nano.a(lib_a-memmove.o)
                0x0000ab24                memmove
 .text.__malloc_lock
                0x0000ab5a        0x2 c:/program files (x86)/cypress/psoc creator/4.4/psoc creator/import/gnu/arm/5.4.1/bin/../lib/gcc/arm-none-eabi/5.4.1/../../../../arm-none-eabi/lib/armv7-m\libg_nano.a(lib_a-mlock.o)
                0x0000ab5a                __malloc_lock
 .text.__malloc_unlock
                0x0000ab5c        0x2 c:/program files (x86)/cypress/psoc creator/4.4/psoc creator/import/gnu/arm/5.4.1/bin/../lib/gcc/arm-none-eabi/5.4.1/../../../../arm-none-eabi/lib/armv7-m\libg_nano.a(lib_a-mlock.o)
                0x0000ab5c                __malloc_unlock
 .text._realloc_r
                0x0000ab5e       0x4c c:/program files (x86)/cypress/psoc creator/4.4/psoc creator/import/gnu/arm/5.4.1/bin/../lib/gcc/arm-none-eabi/5.4.1/../../../../arm-none-eabi/lib/armv7-m\libg_nano.a(lib_a-nano-reallocr.o)
                0x0000ab5e                _realloc_r
 .text._malloc_usable_size_r
                0x0000abaa       0x14 c:/program files (x86)/cypress/psoc creator/4.4/psoc creator/import/gnu/arm/5.4.1/bin/../lib/gcc/arm-none-eabi/5.4.1/../../../../arm-none-eabi/lib/armv7-m\libg_nano.a(lib_a-nano-msizer.o)
                0x0000abaa                _malloc_usable_size_r
 *(.plt)
 *(.gnu.warning)
 *(.glue_7t)
 .glue_7t       0x0000abbe        0x0 linker stubs
 *(.glue_7)
 .glue_7        0x0000abbe        0x0 linker stubs
 *(.vfp11_veneer)
 .vfp11_veneer  0x0000abbe        0x0 linker stubs
 *(.bootloader)
 *(.ARM.extab* .gnu.linkonce.armextab.*)
 *(.gcc_except_table)

.v4_bx          0x0000abc0        0x0
 .v4_bx         0x0000abc0        0x0 linker stubs

.iplt           0x0000abc0        0x0
 .iplt          0x0000abc0        0x0 c:/program files (x86)/cypress/psoc creator/4.4/psoc creator/import/gnu/arm/5.4.1/bin/../lib/gcc/arm-none-eabi/5.4.1/armv7-m/crtbegin.o

.eh_frame_hdr
 *(.eh_frame_hdr)

.eh_frame       0x0000abc0        0x4
 *(.eh_frame)
 .eh_frame      0x0000abc0        0x0 c:/program files (x86)/cypress/psoc creator/4.4/psoc creator/import/gnu/arm/5.4.1/bin/../lib/gcc/arm-none-eabi/5.4.1/armv7-m/crtbegin.o
 .eh_frame      0x0000abc0        0x4 c:/program files (x86)/cypress/psoc creator/4.4/psoc creator/import/gnu/arm/5.4.1/bin/../lib/gcc/arm-none-eabi/5.4.1/armv7-m/crtend.o
                [!provide]                PROVIDE (__exidx_start, .)

.ARM.exidx
 *(.ARM.exidx* .gnu.linkonce.armexidx.*)
                0x0000abc4                __exidx_end = .

.rodata         0x0000abc8      0xa40
 *(.rodata .rodata.* .gnu.linkonce.r.*)
 .rodata        0x0000abc8      0x23e .\ARM_GCC_541\Debug\main.o
 *fill*         0x0000ae06        0x2 
 .rodata        0x0000ae08      0x4e3 .\ARM_GCC_541\Debug\app_statemachine.o
 *fill*         0x0000b2eb        0x1 
 .rodata        0x0000b2ec      0x100 .\ARM_GCC_541\Debug\pi_comms.o
 .rodata        0x0000b3ec        0x4 .\ARM_GCC_541\Debug\hamfly_core_telemetry.o
 .rodata        0x0000b3f0       0x56 .\ARM_GCC_541\Debug\cyfitter_cfg.o
                0x0000b3f0                AMux_1__addrTable
                0x0000b400                AMux_1__maskTable
                0x0000b404                ADC_DelSig_1_AMux__addrTable
                0x0000b40c                ADC_DelSig_1_AMux__maskTable
 *fill*         0x0000b446        0x2 
 .rodata.str1.4
                0x0000b448        0xc c:/program files (x86)/cypress/psoc creator/4.4/psoc creator/import/gnu/arm/5.4.1/bin/../lib/gcc/arm-none-eabi/5.4.1/../../../../arm-none-eabi/lib/armv7-m\libm.a(lib_a-wf_asin.o)
                                  0x9 (size before relaxing)
 .rodata.atanlo
                0x0000b454       0x10 c:/program files (x86)/cypress/psoc creator/4.4/psoc creator/import/gnu/arm/5.4.1/bin/../lib/gcc/arm-none-eabi/5.4.1/../../../../arm-none-eabi/lib/armv7-m\libm.a(lib_a-sf_atan.o)
 .rodata.atanhi
                0x0000b464       0x10 c:/program files (x86)/cypress/psoc creator/4.4/psoc creator/import/gnu/arm/5.4.1/bin/../lib/gcc/arm-none-eabi/5.4.1/../../../../arm-none-eabi/lib/armv7-m\libm.a(lib_a-sf_atan.o)
 .rodata.str1.1
                0x0000b474        0x2 c:/program files (x86)/cypress/psoc creator/4.4/psoc creator/import/gnu/arm/5.4.1/bin/../lib/gcc/arm-none-eabi/5.4.1/../../../../arm-none-eabi/lib/armv7-m\libg_nano.a(lib_a-impure.o)
 .rodata.str1.1
                0x0000b476       0x12 c:/program files (x86)/cypress/psoc creator/4.4/psoc creator/import/gnu/arm/5.4.1/bin/../lib/gcc/arm-none-eabi/5.4.1/../../../../arm-none-eabi/lib/armv7-m\libg_nano.a(lib_a-nano-vfprintf_float.o)
 .rodata.str1.1
                0x0000b488       0x22 c:/program files (x86)/cypress/psoc creator/4.4/psoc creator/import/gnu/arm/5.4.1/bin/../lib/gcc/arm-none-eabi/5.4.1/../../../../arm-none-eabi/lib/armv7-m\libg_nano.a(lib_a-nano-vfprintf_i.o)
 .rodata.str1.1
                0x0000b4aa        0xd c:/program files (x86)/cypress/psoc creator/4.4/psoc creator/import/gnu/arm/5.4.1/bin/../lib/gcc/arm-none-eabi/5.4.1/../../../../arm-none-eabi/lib/armv7-m\libg_nano.a(lib_a-dtoa.o)
                                  0xf (size before relaxing)
 .rodata.str1.1
                0x0000b4b7        0x8 c:/program files (x86)/cypress/psoc creator/4.4/psoc creator/import/gnu/arm/5.4.1/bin/../lib/gcc/arm-none-eabi/5.4.1/../../../../arm-none-eabi/lib/armv7-m\libg_nano.a(lib_a-locale.o)
                                  0xb (size before relaxing)
 *fill*         0x0000b4bf        0x1 
 .rodata.__mprec_tens
                0x0000b4c0       0xc8 c:/program files (x86)/cypress/psoc creator/4.4/psoc creator/import/gnu/arm/5.4.1/bin/../lib/gcc/arm-none-eabi/5.4.1/../../../../arm-none-eabi/lib/armv7-m\libg_nano.a(lib_a-mprec.o)
                0x0000b4c0                __mprec_tens
 .rodata.p05.5408
                0x0000b588        0xc c:/program files (x86)/cypress/psoc creator/4.4/psoc creator/import/gnu/arm/5.4.1/bin/../lib/gcc/arm-none-eabi/5.4.1/../../../../arm-none-eabi/lib/armv7-m\libg_nano.a(lib_a-mprec.o)
 *fill*         0x0000b594        0x4 
 .rodata.__mprec_bigtens
                0x0000b598       0x28 c:/program files (x86)/cypress/psoc creator/4.4/psoc creator/import/gnu/arm/5.4.1/bin/../lib/gcc/arm-none-eabi/5.4.1/../../../../arm-none-eabi/lib/armv7-m\libg_nano.a(lib_a-mprec.o)
                0x0000b598                __mprec_bigtens
 .rodata.str1.1
                0x0000b5c0       0x11 c:/program files (x86)/cypress/psoc creator/4.4/psoc creator/import/gnu/arm/5.4.1/bin/../lib/gcc/arm-none-eabi/5.4.1/../../../../arm-none-eabi/lib/armv7-m\libg_nano.a(lib_a-nano-svfprintf.o)
                0x0000b5d4                . = ALIGN (0x4)
 *fill*         0x0000b5d1        0x3 
 *(.init)
 .init          0x0000b5d4        0x4 c:/program files (x86)/cypress/psoc creator/4.4/psoc creator/import/gnu/arm/5.4.1/bin/../lib/gcc/arm-none-eabi/5.4.1/armv7-m/crti.o
                0x0000b5d4                _init
 .init          0x0000b5d8        0x8 c:/program files (x86)/cypress/psoc creator/4.4/psoc creator/import/gnu/arm/5.4.1/bin/../lib/gcc/arm-none-eabi/5.4.1/armv7-m/crtn.o
                0x0000b5e0                . = ALIGN (0x4)
                0x0000b5e0                __preinit_array_start = .
 *(.preinit_array)
                0x0000b5e0                __preinit_array_end = .
                0x0000b5e0                . = ALIGN (0x4)
                0x0000b5e0                __init_array_start = .
 *(SORT(.init_array.*))
 *(.init_array)
 .init_array    0x0000b5e0        0x4 c:/program files (x86)/cypress/psoc creator/4.4/psoc creator/import/gnu/arm/5.4.1/bin/../lib/gcc/arm-none-eabi/5.4.1/armv7-m/crtbegin.o
 .init_array    0x0000b5e4        0x4 .\ARM_GCC_541\Debug\Cm3Start.o
                0x0000b5e8                __init_array_end = .
                0x0000b5e8                . = ALIGN (0x4)
 *(.fini)
 .fini          0x0000b5e8        0x4 c:/program files (x86)/cypress/psoc creator/4.4/psoc creator/import/gnu/arm/5.4.1/bin/../lib/gcc/arm-none-eabi/5.4.1/armv7-m/crti.o
                0x0000b5e8                _fini
 .fini          0x0000b5ec        0x8 c:/program files (x86)/cypress/psoc creator/4.4/psoc creator/import/gnu/arm/5.4.1/bin/../lib/gcc/arm-none-eabi/5.4.1/armv7-m/crtn.o
                0x0000b5f4                . = ALIGN (0x4)
                0x0000b5f4                __fini_array_start = .
 *(.fini_array)
 .fini_array    0x0000b5f4        0x4 c:/program files (x86)/cypress/psoc creator/4.4/psoc creator/import/gnu/arm/5.4.1/bin/../lib/gcc/arm-none-eabi/5.4.1/armv7-m/crtbegin.o
 *(SORT(.fini_array.*))
                0x0000b5f8                __fini_array_end = .
                0x0000b5f8                . = ALIGN (0x4)
 *crtbegin.o(.ctors)
 *(EXCLUDE_FILE(*crtend.o) .ctors)
 *(SORT(.ctors.*))
 *crtend.o(.ctors)
                0x0000b5f8                . = ALIGN (0x4)
 *crtbegin.o(.dtors)
 *(EXCLUDE_FILE(*crtend.o) .dtors)
 *(SORT(.dtors.*))
 *crtend.o(.dtors)
                0x0000b5f8                . = ALIGN (0x4)
                0x0000b5f8                __cy_regions = .
                0x0000b5f8        0x4 LONG 0xb608 __cy_region_init_ram
                0x0000b5fc        0x4 LONG 0x1fff80c8 __cy_region_start_data
                0x0000b600        0x4 LONG 0x138 __cy_region_init_size_ram
                0x0000b604        0x4 LONG 0x538 __cy_region_zero_size_ram
                0x0000b608                __cy_regions_end = .
                0x0000b608                . = ALIGN (0x8)
                0x0000b608                _etext = .

.cy_checksum_exclude
                0x0000b608        0x0
 *(.cy_checksum_exclude)

.ramvectors     0x1fff8000       0xc0
                0x1fff8000                __cy_region_start_ram = .
 *(.ramvectors)
 .ramvectors    0x1fff8000       0xc0 .\ARM_GCC_541\Debug\Cm3Start.o
                0x1fff8000                CyRamVectors

.noinit         0x1fff80c0        0x5
 *(.noinit)
 .noinit        0x1fff80c0        0x4 .\ARM_GCC_541\Debug\Cm3Start.o
 .noinit        0x1fff80c4        0x1 .\ARM_GCC_541\Debug\Proj07_hamflyAPI_stateMachineUpgrade.a(CyLib.o)
                0x1fff80c4                CyResetStatus

.data           0x1fff80c8      0x138 load address 0x0000b608
                0x1fff80c8                __cy_region_start_data = .
 *(.jcr)
 .jcr           0x1fff80c8        0x0 c:/program files (x86)/cypress/psoc creator/4.4/psoc creator/import/gnu/arm/5.4.1/bin/../lib/gcc/arm-none-eabi/5.4.1/armv7-m/crtbegin.o
 .jcr           0x1fff80c8        0x4 c:/program files (x86)/cypress/psoc creator/4.4/psoc creator/import/gnu/arm/5.4.1/bin/../lib/gcc/arm-none-eabi/5.4.1/armv7-m/crtend.o
 *(.got.plt)
 *(.got)
 *(.shdata)
 *(.data .data.* .gnu.linkonce.d.*)
 .data          0x1fff80cc        0x4 .\ARM_GCC_541\Debug\joystick.o
 .data          0x1fff80d0       0x74 .\ARM_GCC_541\Debug\hamfly_qx_app.o
                0x1fff80d0                FreeflyAPI
 .data          0x1fff8144        0x4 .\ARM_GCC_541\Debug\Cm3Start.o
 .data          0x1fff8148        0x1 .\ARM_GCC_541\Debug\Proj07_hamflyAPI_stateMachineUpgrade.a(ADC_DelSig_1.o)
                0x1fff8148                ADC_DelSig_1_Config
 .data          0x1fff8149        0x1 .\ARM_GCC_541\Debug\Proj07_hamflyAPI_stateMachineUpgrade.a(AMux_1.o)
 .data          0x1fff814a        0x1 .\ARM_GCC_541\Debug\Proj07_hamflyAPI_stateMachineUpgrade.a(ADC_DelSig_1_AMux.o)
 *fill*         0x1fff814b        0x1 
 .data          0x1fff814c       0x10 .\ARM_GCC_541\Debug\Proj07_hamflyAPI_stateMachineUpgrade.a(CyLib.o)
                0x1fff814c                cydelay_freq_hz
                0x1fff8150                cydelay_freq_khz
                0x1fff8154                cydelay_freq_mhz
                0x1fff8158                cydelay_32k_ms
 .data.__fdlib_version
                0x1fff815c        0x1 c:/program files (x86)/cypress/psoc creator/4.4/psoc creator/import/gnu/arm/5.4.1/bin/../lib/gcc/arm-none-eabi/5.4.1/../../../../arm-none-eabi/lib/armv7-m\libm.a(lib_a-s_lib_ver.o)
                0x1fff815c                __fdlib_version
 *fill*         0x1fff815d        0x3 
 .data.impure_data
                0x1fff8160       0x60 c:/program files (x86)/cypress/psoc creator/4.4/psoc creator/import/gnu/arm/5.4.1/bin/../lib/gcc/arm-none-eabi/5.4.1/../../../../arm-none-eabi/lib/armv7-m\libg_nano.a(lib_a-impure.o)
 .data._impure_ptr
                0x1fff81c0        0x4 c:/program files (x86)/cypress/psoc creator/4.4/psoc creator/import/gnu/arm/5.4.1/bin/../lib/gcc/arm-none-eabi/5.4.1/../../../../arm-none-eabi/lib/armv7-m\libg_nano.a(lib_a-impure.o)
                0x1fff81c0                _impure_ptr
 .data.lconv    0x1fff81c4       0x38 c:/program files (x86)/cypress/psoc creator/4.4/psoc creator/import/gnu/arm/5.4.1/bin/../lib/gcc/arm-none-eabi/5.4.1/../../../../arm-none-eabi/lib/armv7-m\libg_nano.a(lib_a-locale.o)
                0x1fff8200                . = ALIGN (0x8)
 *fill*         0x1fff81fc        0x4 
 *(.ram)
                0x1fff8200                _edata = .

.igot.plt       0x1fff8200        0x0 load address 0x0000b740
 .igot.plt      0x1fff8200        0x0 c:/program files (x86)/cypress/psoc creator/4.4/psoc creator/import/gnu/arm/5.4.1/bin/../lib/gcc/arm-none-eabi/5.4.1/armv7-m/crtbegin.o

.bss            0x1fff8200      0x538 load address 0x0000b740
                0x1fff8200                PROVIDE (__bss_start__, .)
 *(.shbss)
 *(.bss .bss.* .gnu.linkonce.b.*)
 .bss           0x1fff8200       0x1c c:/program files (x86)/cypress/psoc creator/4.4/psoc creator/import/gnu/arm/5.4.1/bin/../lib/gcc/arm-none-eabi/5.4.1/armv7-m/crtbegin.o
 .bss           0x1fff821c      0x384 .\ARM_GCC_541\Debug\main.o
                0x1fff859c                g_tick_ms
 .bss           0x1fff85a0        0x8 .\ARM_GCC_541\Debug\adc_balanced.o
 .bss           0x1fff85a8       0x42 .\ARM_GCC_541\Debug\joystick.o
 *fill*         0x1fff85ea        0x2 
 .bss           0x1fff85ec        0x4 .\ARM_GCC_541\Debug\app_statemachine.o
 .bss           0x1fff85f0       0x64 .\ARM_GCC_541\Debug\pi_comms.o
 .bss           0x1fff8654        0x4 .\ARM_GCC_541\Debug\hamfly_qx_app.o
                0x1fff8654                qx_active_gimbal_ptr
 .bss           0x1fff8658        0x9 .\ARM_GCC_541\Debug\hamfly_qx_protocol.o
                0x1fff8658                QX_BuildHeader_Legacy
                0x1fff865c                QX_ParseHeader_Legacy
 *fill*         0x1fff8661        0x3 
 .bss           0x1fff8664        0xc .\ARM_GCC_541\Debug\Proj07_hamflyAPI_stateMachineUpgrade.a(ADC_DelSig_1.o)
                0x1fff8664                ADC_DelSig_1_convDone
                0x1fff8665                ADC_DelSig_1_stopConversion
                0x1fff8666                ADC_DelSig_1_initVar
                0x1fff8667                ADC_DelSig_1_started
                0x1fff8668                ADC_DelSig_1_Offset
 .bss           0x1fff8670        0x2 .\ARM_GCC_541\Debug\Proj07_hamflyAPI_stateMachineUpgrade.a(UART_MOVI.o)
                0x1fff8670                UART_MOVI_initVar
 .bss           0x1fff8672        0x1 .\ARM_GCC_541\Debug\Proj07_hamflyAPI_stateMachineUpgrade.a(Looptimer.o)
                0x1fff8672                Looptimer_initVar
 *fill*         0x1fff8673        0x1 
 .bss           0x1fff8674        0x8 .\ARM_GCC_541\Debug\Proj07_hamflyAPI_stateMachineUpgrade.a(CySpc.o)
                0x1fff8674                SpcLockState
 .bss           0x1fff867c        0x2 .\ARM_GCC_541\Debug\Proj07_hamflyAPI_stateMachineUpgrade.a(UART_PI.o)
                0x1fff867c                UART_PI_initVar
 .bss           0x1fff867e        0x2 .\ARM_GCC_541\Debug\Proj07_hamflyAPI_stateMachineUpgrade.a(UART_DEBUG.o)
                0x1fff867e                UART_DEBUG_initVar
 .bss.__malloc_sbrk_start
                0x1fff8680        0x4 c:/program files (x86)/cypress/psoc creator/4.4/psoc creator/import/gnu/arm/5.4.1/bin/../lib/gcc/arm-none-eabi/5.4.1/../../../../arm-none-eabi/lib/armv7-m\libg_nano.a(lib_a-nano-mallocr.o)
                0x1fff8680                __malloc_sbrk_start
 .bss.__malloc_free_list
                0x1fff8684        0x4 c:/program files (x86)/cypress/psoc creator/4.4/psoc creator/import/gnu/arm/5.4.1/bin/../lib/gcc/arm-none-eabi/5.4.1/../../../../arm-none-eabi/lib/armv7-m\libg_nano.a(lib_a-nano-mallocr.o)
                0x1fff8684                __malloc_free_list
 *(COMMON)
 COMMON         0x1fff8688       0xa4 .\ARM_GCC_541\Debug\hamfly_qx_protocol.o
                0x1fff8688                rw
                0x1fff868c                QX_Clients
                0x1fff8694                QX_CommsPorts
                0x1fff8720                QX_Servers
                0x1fff8728                msgPtr
 COMMON         0x1fff872c        0x4 .\ARM_GCC_541\Debug\Proj07_hamflyAPI_stateMachineUpgrade.a(ADC_DelSig_1.o)
                0x1fff872c                ADC_DelSig_1_CountsPerVolt
 COMMON         0x1fff8730        0x2 .\ARM_GCC_541\Debug\Proj07_hamflyAPI_stateMachineUpgrade.a(CyFlash.o)
                0x1fff8730                dieTemperature
 *fill*         0x1fff8732        0x2 
 COMMON         0x1fff8734        0x4 c:/program files (x86)/cypress/psoc creator/4.4/psoc creator/import/gnu/arm/5.4.1/bin/../lib/gcc/arm-none-eabi/5.4.1/../../../../arm-none-eabi/lib/armv7-m\libg_nano.a(lib_a-reent.o)
                0x1fff8734                errno
                0x1fff8738                . = ALIGN (0x8)
 *(.ram.b)
                0x1fff8738                _end = .
                0x1fff8738                __end = .
                0x1fff8738                PROVIDE (end, .)
                0x1fff8738                PROVIDE (__bss_end__, .)
                0x0000b608                __cy_region_init_ram = LOADADDR (.data)
                0x00000138                __cy_region_init_size_ram = (_edata - ADDR (.data))
                0x00000538                __cy_region_zero_size_ram = (_end - _edata)

.heap           0x1fff8738       0x80 load address 0x0000b740
                0x1fff8738                . = _end
                0x1fff87b8                . = (. + 0x80)
 *fill*         0x1fff8738       0x80 
                0x1fff87b8                __cy_heap_limit = .

.stack          0x20007800      0x800
                0x20007800                __cy_stack_limit = .
                0x20008000                . = (. + 0x800)
 *fill*         0x20007800      0x800 
                0x00000001                ASSERT ((__cy_stack_limit >= __cy_heap_limit), region RAM overflowed with stack)
                0x00000000                cy_checksum_exclude_size = (CY_APPL_LOADABLE == 0x1)?SIZEOF (.cy_checksum_exclude):0x0
                0x00000001                ASSERT ((cy_checksum_exclude_size <= CY_CHECKSUM_EXCLUDE_SIZE), CY_BOOT: Section .cy_checksum_exclude size exceedes specified limit.)

.cyloadermeta
 *(.cyloadermeta)

.cyloadablemeta
 *(.cyloadablemeta)

.cyconfigecc    0x80000000      0x960
 *(.cyconfigecc)
 .cyconfigecc   0x80000000      0x960 .\ARM_GCC_541\Debug\cymetadata.o
                0x80000000                cy_meta_configecc

.cycustnvl      0x90000000        0x4
 *(.cycustnvl)
 .cycustnvl     0x90000000        0x4 .\ARM_GCC_541\Debug\cymetadata.o
                0x90000000                cy_meta_custnvl

.cywolatch      0x90100000        0x4
 *(.cywolatch)
 .cywolatch     0x90100000        0x4 .\ARM_GCC_541\Debug\cymetadata.o
                0x90100000                cy_meta_wonvl

.cyeeprom       0x90200000        0x0
 *(.cyeeprom)
                0x00000001                ASSERT ((. <= ((0x90200000 + ee_offset) + ee_size)), .cyeeprom data will not fit in EEPROM)

.cyflashprotect
                0x90400000      0x100
 *(.cyflashprotect)
 .cyflashprotect
                0x90400000      0x100 .\ARM_GCC_541\Debug\cymetadata.o
                0x90400000                cy_meta_flashprotect

.cymeta         0x90500000        0xc
 *(.cymeta)
 .cymeta        0x90500000        0xc .\ARM_GCC_541\Debug\cymetadata.o
                0x90500000                cy_metadata

.rel.dyn        0x0000b740        0x0 load address 0x9050000c
 .rel.iplt      0x0000b740        0x0 c:/program files (x86)/cypress/psoc creator/4.4/psoc creator/import/gnu/arm/5.4.1/bin/../lib/gcc/arm-none-eabi/5.4.1/armv7-m/crtbegin.o

.stab
 *(.stab)

.stabstr
 *(.stabstr)

.debug
 *(.debug)

.line
 *(.line)

.debug_srcinfo
 *(.debug_srcinfo)

.debug_sfnames
 *(.debug_sfnames)

.debug_aranges  0x00000000     0x1590
 *(.debug_aranges)
 .debug_aranges
                0x00000000       0x70 .\ARM_GCC_541\Debug\main.o
 .debug_aranges
                0x00000070       0x40 .\ARM_GCC_541\Debug\adc_balanced.o
 .debug_aranges
                0x000000b0       0xb0 .\ARM_GCC_541\Debug\joystick.o
 .debug_aranges
                0x00000160       0x58 .\ARM_GCC_541\Debug\psoc_eeprom.o
 .debug_aranges
                0x000001b8       0x20 .\ARM_GCC_541\Debug\app_ctx.o
 .debug_aranges
                0x000001d8      0x108 .\ARM_GCC_541\Debug\app_statemachine.o
 .debug_aranges
                0x000002e0       0x60 .\ARM_GCC_541\Debug\pi_comms.o
 .debug_aranges
                0x00000340       0x48 .\ARM_GCC_541\Debug\hamfly_comm_rb.o
 .debug_aranges
                0x00000388       0xc0 .\ARM_GCC_541\Debug\hamfly_core_gimbal.o
 .debug_aranges
                0x00000448       0x78 .\ARM_GCC_541\Debug\hamfly_core_telemetry.o
 .debug_aranges
                0x000004c0       0x48 .\ARM_GCC_541\Debug\hamfly_qx_app.o
 .debug_aranges
                0x00000508      0x228 .\ARM_GCC_541\Debug\hamfly_qx_protocol.o
 .debug_aranges
                0x00000730       0x80 .\ARM_GCC_541\Debug\cyfitter_cfg.o
 .debug_aranges
                0x000007b0       0x18 .\ARM_GCC_541\Debug\cymetadata.o
 .debug_aranges
                0x000007c8       0x48 .\ARM_GCC_541\Debug\Cm3Start.o
 .debug_aranges
                0x00000810       0xe8 .\ARM_GCC_541\Debug\Proj07_hamflyAPI_stateMachineUpgrade.a(ADC_DelSig_1.o)
 .debug_aranges
                0x000008f8       0x38 .\ARM_GCC_541\Debug\Proj07_hamflyAPI_stateMachineUpgrade.a(ADC_DelSig_1_INT.o)
 .debug_aranges
                0x00000930       0x30 .\ARM_GCC_541\Debug\Proj07_hamflyAPI_stateMachineUpgrade.a(AMux_1.o)
 .debug_aranges
                0x00000960       0x80 .\ARM_GCC_541\Debug\Proj07_hamflyAPI_stateMachineUpgrade.a(isr_adc.o)
 .debug_aranges
                0x000009e0       0xf0 .\ARM_GCC_541\Debug\Proj07_hamflyAPI_stateMachineUpgrade.a(UART_MOVI.o)
 .debug_aranges
                0x00000ad0       0x80 .\ARM_GCC_541\Debug\Proj07_hamflyAPI_stateMachineUpgrade.a(isr_rx_movi.o)
 .debug_aranges
                0x00000b50       0x88 .\ARM_GCC_541\Debug\Proj07_hamflyAPI_stateMachineUpgrade.a(Looptimer.o)
 .debug_aranges
                0x00000bd8       0x80 .\ARM_GCC_541\Debug\Proj07_hamflyAPI_stateMachineUpgrade.a(isr_Looptimer.o)
 .debug_aranges
                0x00000c58       0x78 .\ARM_GCC_541\Debug\Proj07_hamflyAPI_stateMachineUpgrade.a(EEPROM_CONFIG.o)
 .debug_aranges
                0x00000cd0       0x30 .\ARM_GCC_541\Debug\Proj07_hamflyAPI_stateMachineUpgrade.a(ADC_DelSig_1_AMux.o)
 .debug_aranges
                0x00000d00       0x70 .\ARM_GCC_541\Debug\Proj07_hamflyAPI_stateMachineUpgrade.a(ADC_DelSig_1_Ext_CP_Clk.o)
 .debug_aranges
                0x00000d70       0x80 .\ARM_GCC_541\Debug\Proj07_hamflyAPI_stateMachineUpgrade.a(ADC_DelSig_1_theACLK.o)
 .debug_aranges
                0x00000df0       0x88 .\ARM_GCC_541\Debug\Proj07_hamflyAPI_stateMachineUpgrade.a(CyFlash.o)
 .debug_aranges
                0x00000e78      0x2a0 .\ARM_GCC_541\Debug\Proj07_hamflyAPI_stateMachineUpgrade.a(CyLib.o)
 .debug_aranges
                0x00001118       0x98 .\ARM_GCC_541\Debug\Proj07_hamflyAPI_stateMachineUpgrade.a(cyPm.o)
 .debug_aranges
                0x000011b0       0x80 .\ARM_GCC_541\Debug\Proj07_hamflyAPI_stateMachineUpgrade.a(CySpc.o)
 .debug_aranges
                0x00001230       0xf0 .\ARM_GCC_541\Debug\Proj07_hamflyAPI_stateMachineUpgrade.a(UART_PI.o)
 .debug_aranges
                0x00001320       0x70 .\ARM_GCC_541\Debug\Proj07_hamflyAPI_stateMachineUpgrade.a(UART_PI_IntClock.o)
 .debug_aranges
                0x00001390       0xf0 .\ARM_GCC_541\Debug\Proj07_hamflyAPI_stateMachineUpgrade.a(UART_DEBUG.o)
 .debug_aranges
                0x00001480       0x70 .\ARM_GCC_541\Debug\Proj07_hamflyAPI_stateMachineUpgrade.a(UART_DEBUG_IntClock.o)
 .debug_aranges
                0x000014f0       0x80 .\ARM_GCC_541\Debug\Proj07_hamflyAPI_stateMachineUpgrade.a(isr_rx_pi.o)
 .debug_aranges
                0x00001570       0x20 .\ARM_GCC_541\Debug\Proj07_hamflyAPI_stateMachineUpgrade.a(CyBootAsmGnu.o)

.debug_pubnames
 *(.debug_pubnames)

.debug_info     0x00000000     0xdfe1
 *(.debug_info .gnu.linkonce.wi.*)
 .debug_info    0x00000000      0xe56 .\ARM_GCC_541\Debug\main.o
 .debug_info    0x00000e56      0x1f7 .\ARM_GCC_541\Debug\adc_balanced.o
 .debug_info    0x0000104d      0x6c5 .\ARM_GCC_541\Debug\joystick.o
 .debug_info    0x00001712      0x2db .\ARM_GCC_541\Debug\psoc_eeprom.o
 .debug_info    0x000019ed      0x9ba .\ARM_GCC_541\Debug\app_ctx.o
 .debug_info    0x000023a7     0x132f .\ARM_GCC_541\Debug\app_statemachine.o
 .debug_info    0x000036d6      0x418 .\ARM_GCC_541\Debug\pi_comms.o
 .debug_info    0x00003aee      0x23c .\ARM_GCC_541\Debug\hamfly_comm_rb.o
 .debug_info    0x00003d2a     0x155c .\ARM_GCC_541\Debug\hamfly_core_gimbal.o
 .debug_info    0x00005286      0xaf2 .\ARM_GCC_541\Debug\hamfly_core_telemetry.o
 .debug_info    0x00005d78      0xef5 .\ARM_GCC_541\Debug\hamfly_qx_app.o
 .debug_info    0x00006c6d     0x1aff .\ARM_GCC_541\Debug\hamfly_qx_protocol.o
 .debug_info    0x0000876c      0x59a .\ARM_GCC_541\Debug\cyfitter_cfg.o
 .debug_info    0x00008d06      0x139 .\ARM_GCC_541\Debug\cymetadata.o
 .debug_info    0x00008e3f      0x32b .\ARM_GCC_541\Debug\Cm3Start.o
 .debug_info    0x0000916a      0x72c .\ARM_GCC_541\Debug\Proj07_hamflyAPI_stateMachineUpgrade.a(ADC_DelSig_1.o)
 .debug_info    0x00009896       0xd3 .\ARM_GCC_541\Debug\Proj07_hamflyAPI_stateMachineUpgrade.a(ADC_DelSig_1_INT.o)
 .debug_info    0x00009969       0xf7 .\ARM_GCC_541\Debug\Proj07_hamflyAPI_stateMachineUpgrade.a(AMux_1.o)
 .debug_info    0x00009a60      0x241 .\ARM_GCC_541\Debug\Proj07_hamflyAPI_stateMachineUpgrade.a(isr_adc.o)
 .debug_info    0x00009ca1      0x50a .\ARM_GCC_541\Debug\Proj07_hamflyAPI_stateMachineUpgrade.a(UART_MOVI.o)
 .debug_info    0x0000a1ab      0x241 .\ARM_GCC_541\Debug\Proj07_hamflyAPI_stateMachineUpgrade.a(isr_rx_movi.o)
 .debug_info    0x0000a3ec      0x245 .\ARM_GCC_541\Debug\Proj07_hamflyAPI_stateMachineUpgrade.a(Looptimer.o)
 .debug_info    0x0000a631      0x241 .\ARM_GCC_541\Debug\Proj07_hamflyAPI_stateMachineUpgrade.a(isr_Looptimer.o)
 .debug_info    0x0000a872      0x359 .\ARM_GCC_541\Debug\Proj07_hamflyAPI_stateMachineUpgrade.a(EEPROM_CONFIG.o)
 .debug_info    0x0000abcb      0x10a .\ARM_GCC_541\Debug\Proj07_hamflyAPI_stateMachineUpgrade.a(ADC_DelSig_1_AMux.o)
 .debug_info    0x0000acd5      0x25d .\ARM_GCC_541\Debug\Proj07_hamflyAPI_stateMachineUpgrade.a(ADC_DelSig_1_Ext_CP_Clk.o)
 .debug_info    0x0000af32      0x299 .\ARM_GCC_541\Debug\Proj07_hamflyAPI_stateMachineUpgrade.a(ADC_DelSig_1_theACLK.o)
 .debug_info    0x0000b1cb      0x3b9 .\ARM_GCC_541\Debug\Proj07_hamflyAPI_stateMachineUpgrade.a(CyFlash.o)
 .debug_info    0x0000b584      0xe51 .\ARM_GCC_541\Debug\Proj07_hamflyAPI_stateMachineUpgrade.a(CyLib.o)
 .debug_info    0x0000c3d5      0x57a .\ARM_GCC_541\Debug\Proj07_hamflyAPI_stateMachineUpgrade.a(cyPm.o)
 .debug_info    0x0000c94f      0x4c0 .\ARM_GCC_541\Debug\Proj07_hamflyAPI_stateMachineUpgrade.a(CySpc.o)
 .debug_info    0x0000ce0f      0x50a .\ARM_GCC_541\Debug\Proj07_hamflyAPI_stateMachineUpgrade.a(UART_PI.o)
 .debug_info    0x0000d319      0x25d .\ARM_GCC_541\Debug\Proj07_hamflyAPI_stateMachineUpgrade.a(UART_PI_IntClock.o)
 .debug_info    0x0000d576      0x50a .\ARM_GCC_541\Debug\Proj07_hamflyAPI_stateMachineUpgrade.a(UART_DEBUG.o)
 .debug_info    0x0000da80      0x25d .\ARM_GCC_541\Debug\Proj07_hamflyAPI_stateMachineUpgrade.a(UART_DEBUG_IntClock.o)
 .debug_info    0x0000dcdd      0x241 .\ARM_GCC_541\Debug\Proj07_hamflyAPI_stateMachineUpgrade.a(isr_rx_pi.o)
 .debug_info    0x0000df1e       0xc3 .\ARM_GCC_541\Debug\Proj07_hamflyAPI_stateMachineUpgrade.a(CyBootAsmGnu.o)

.debug_abbrev   0x00000000     0x336b
 *(.debug_abbrev)
 .debug_abbrev  0x00000000      0x1fe .\ARM_GCC_541\Debug\main.o
 .debug_abbrev  0x000001fe      0x111 .\ARM_GCC_541\Debug\adc_balanced.o
 .debug_abbrev  0x0000030f      0x267 .\ARM_GCC_541\Debug\joystick.o
 .debug_abbrev  0x00000576      0x13f .\ARM_GCC_541\Debug\psoc_eeprom.o
 .debug_abbrev  0x000006b5      0x11b .\ARM_GCC_541\Debug\app_ctx.o
 .debug_abbrev  0x000007d0      0x2ab .\ARM_GCC_541\Debug\app_statemachine.o
 .debug_abbrev  0x00000a7b      0x1a4 .\ARM_GCC_541\Debug\pi_comms.o
 .debug_abbrev  0x00000c1f      0x124 .\ARM_GCC_541\Debug\hamfly_comm_rb.o
 .debug_abbrev  0x00000d43      0x280 .\ARM_GCC_541\Debug\hamfly_core_gimbal.o
 .debug_abbrev  0x00000fc3      0x1a3 .\ARM_GCC_541\Debug\hamfly_core_telemetry.o
 .debug_abbrev  0x00001166      0x1fa .\ARM_GCC_541\Debug\hamfly_qx_app.o
 .debug_abbrev  0x00001360      0x277 .\ARM_GCC_541\Debug\hamfly_qx_protocol.o
 .debug_abbrev  0x000015d7      0x1ca .\ARM_GCC_541\Debug\cyfitter_cfg.o
 .debug_abbrev  0x000017a1       0x77 .\ARM_GCC_541\Debug\cymetadata.o
 .debug_abbrev  0x00001818      0x1d6 .\ARM_GCC_541\Debug\Cm3Start.o
 .debug_abbrev  0x000019ee      0x19d .\ARM_GCC_541\Debug\Proj07_hamflyAPI_stateMachineUpgrade.a(ADC_DelSig_1.o)
 .debug_abbrev  0x00001b8b       0x42 .\ARM_GCC_541\Debug\Proj07_hamflyAPI_stateMachineUpgrade.a(ADC_DelSig_1_INT.o)
 .debug_abbrev  0x00001bcd       0x87 .\ARM_GCC_541\Debug\Proj07_hamflyAPI_stateMachineUpgrade.a(AMux_1.o)
 .debug_abbrev  0x00001c54      0x172 .\ARM_GCC_541\Debug\Proj07_hamflyAPI_stateMachineUpgrade.a(isr_adc.o)
 .debug_abbrev  0x00001dc6      0x163 .\ARM_GCC_541\Debug\Proj07_hamflyAPI_stateMachineUpgrade.a(UART_MOVI.o)
 .debug_abbrev  0x00001f29      0x172 .\ARM_GCC_541\Debug\Proj07_hamflyAPI_stateMachineUpgrade.a(isr_rx_movi.o)
 .debug_abbrev  0x0000209b       0xe9 .\ARM_GCC_541\Debug\Proj07_hamflyAPI_stateMachineUpgrade.a(Looptimer.o)
 .debug_abbrev  0x00002184      0x172 .\ARM_GCC_541\Debug\Proj07_hamflyAPI_stateMachineUpgrade.a(isr_Looptimer.o)
 .debug_abbrev  0x000022f6      0x117 .\ARM_GCC_541\Debug\Proj07_hamflyAPI_stateMachineUpgrade.a(EEPROM_CONFIG.o)
 .debug_abbrev  0x0000240d       0x6f .\ARM_GCC_541\Debug\Proj07_hamflyAPI_stateMachineUpgrade.a(ADC_DelSig_1_AMux.o)
 .debug_abbrev  0x0000247c      0x11d .\ARM_GCC_541\Debug\Proj07_hamflyAPI_stateMachineUpgrade.a(ADC_DelSig_1_Ext_CP_Clk.o)
 .debug_abbrev  0x00002599      0x11d .\ARM_GCC_541\Debug\Proj07_hamflyAPI_stateMachineUpgrade.a(ADC_DelSig_1_theACLK.o)
 .debug_abbrev  0x000026b6      0x14b .\ARM_GCC_541\Debug\Proj07_hamflyAPI_stateMachineUpgrade.a(CyFlash.o)
 .debug_abbrev  0x00002801      0x217 .\ARM_GCC_541\Debug\Proj07_hamflyAPI_stateMachineUpgrade.a(CyLib.o)
 .debug_abbrev  0x00002a18      0x161 .\ARM_GCC_541\Debug\Proj07_hamflyAPI_stateMachineUpgrade.a(cyPm.o)
 .debug_abbrev  0x00002b79      0x16c .\ARM_GCC_541\Debug\Proj07_hamflyAPI_stateMachineUpgrade.a(CySpc.o)
 .debug_abbrev  0x00002ce5      0x163 .\ARM_GCC_541\Debug\Proj07_hamflyAPI_stateMachineUpgrade.a(UART_PI.o)
 .debug_abbrev  0x00002e48      0x11d .\ARM_GCC_541\Debug\Proj07_hamflyAPI_stateMachineUpgrade.a(UART_PI_IntClock.o)
 .debug_abbrev  0x00002f65      0x163 .\ARM_GCC_541\Debug\Proj07_hamflyAPI_stateMachineUpgrade.a(UART_DEBUG.o)
 .debug_abbrev  0x000030c8      0x11d .\ARM_GCC_541\Debug\Proj07_hamflyAPI_stateMachineUpgrade.a(UART_DEBUG_IntClock.o)
 .debug_abbrev  0x000031e5      0x172 .\ARM_GCC_541\Debug\Proj07_hamflyAPI_stateMachineUpgrade.a(isr_rx_pi.o)
 .debug_abbrev  0x00003357       0x14 .\ARM_GCC_541\Debug\Proj07_hamflyAPI_stateMachineUpgrade.a(CyBootAsmGnu.o)

.debug_line     0x00000000     0x67d3
 *(.debug_line)
 .debug_line    0x00000000      0x434 .\ARM_GCC_541\Debug\main.o