Archive member included to satisfy reference by file (symbol)

.\ARM_GCC_541\Debug\Proj07_hamflyAPI_stateMachineUpgrade.a(ADC_DelSig_1.o)
                              .\ARM_GCC_541\Debug\adc_balanced.o (ADC_DelSig_1_Start)
.\ARM_GCC_541\Debug\Proj07_hamflyAPI_stateMachineUpgrade.a(ADC_DelSig_1_INT.o)
                              .\ARM_GCC_541\Debug\Proj07_hamflyAPI_stateMachineUpgrade.a(ADC_DelSig_1.o) (ADC_DelSig_1_ISR1)
.\ARM_GCC_541\Debug\Proj07_hamflyAPI_stateMachineUpgrade.a(AMux_1.o)
                              .\ARM_GCC_541\Debug\adc_balanced.o (AMux_1_Start)
.\ARM_GCC_541\Debug\Proj07_hamflyAPI_stateMachineUpgrade.a(isr_adc.o)
                              .\ARM_GCC_541\Debug\adc_balanced.o (isr_adc_StartEx)
.\ARM_GCC_541\Debug\Proj07_hamflyAPI_stateMachineUpgrade.a(UART_MOVI.o)
                              .\ARM_GCC_541\Debug\main.o (UART_MOVI_Start)
.\ARM_GCC_541\Debug\Proj07_hamflyAPI_stateMachineUpgrade.a(isr_rx_movi.o)
                              .\ARM_GCC_541\Debug\main.o (isr_rx_movi_StartEx)
.\ARM_GCC_541\Debug\Proj07_hamflyAPI_stateMachineUpgrade.a(Looptimer.o)
                              .\ARM_GCC_541\Debug\main.o (Looptimer_Start)
.\ARM_GCC_541\Debug\Proj07_hamflyAPI_stateMachineUpgrade.a(isr_Looptimer.o)
                              .\ARM_GCC_541\Debug\main.o (isr_Looptimer_StartEx)
.\ARM_GCC_541\Debug\Proj07_hamflyAPI_stateMachineUpgrade.a(EEPROM_CONFIG.o)
                              .\ARM_GCC_541\Debug\psoc_eeprom.o (EEPROM_CONFIG_Start)
.\ARM_GCC_541\Debug\Proj07_hamflyAPI_stateMachineUpgrade.a(ADC_DelSig_1_AMux.o)
                              .\ARM_GCC_541\Debug\Proj07_hamflyAPI_stateMachineUpgrade.a(ADC_DelSig_1.o) (ADC_DelSig_1_AMux_Select)
.\ARM_GCC_541\Debug\Proj07_hamflyAPI_stateMachineUpgrade.a(ADC_DelSig_1_Ext_CP_Clk.o)
                              .\ARM_GCC_541\Debug\Proj07_hamflyAPI_stateMachineUpgrade.a(ADC_DelSig_1.o) (ADC_DelSig_1_Ext_CP_Clk_SetDividerRegister)
.\ARM_GCC_541\Debug\Proj07_hamflyAPI_stateMachineUpgrade.a(ADC_DelSig_1_theACLK.o)
                              .\ARM_GCC_541\Debug\Proj07_hamflyAPI_stateMachineUpgrade.a(ADC_DelSig_1.o) (ADC_DelSig_1_theACLK_SetDividerRegister)
.\ARM_GCC_541\Debug\Proj07_hamflyAPI_stateMachineUpgrade.a(CyFlash.o)
                              .\ARM_GCC_541\Debug\Proj07_hamflyAPI_stateMachineUpgrade.a(EEPROM_CONFIG.o) (dieTemperature)
.\ARM_GCC_541\Debug\Proj07_hamflyAPI_stateMachineUpgrade.a(CyLib.o)
                              .\ARM_GCC_541\Debug\Cm3Start.o (CyResetStatus)
.\ARM_GCC_541\Debug\Proj07_hamflyAPI_stateMachineUpgrade.a(cyPm.o)
                              .\ARM_GCC_541\Debug\Proj07_hamflyAPI_stateMachineUpgrade.a(CyLib.o) (CyPmReadStatus)
.\ARM_GCC_541\Debug\Proj07_hamflyAPI_stateMachineUpgrade.a(CySpc.o)
                              .\ARM_GCC_541\Debug\Proj07_hamflyAPI_stateMachineUpgrade.a(EEPROM_CONFIG.o) (CySpcStart)
.\ARM_GCC_541\Debug\Proj07_hamflyAPI_stateMachineUpgrade.a(UART_DEBUG.o)
                              .\ARM_GCC_541\Debug\main.o (UART_DEBUG_Start)
.\ARM_GCC_541\Debug\Proj07_hamflyAPI_stateMachineUpgrade.a(UART_DEBUG_IntClock.o)
                              .\ARM_GCC_541\Debug\Proj07_hamflyAPI_stateMachineUpgrade.a(UART_DEBUG.o) (UART_DEBUG_IntClock_Start)
.\ARM_GCC_541\Debug\Proj07_hamflyAPI_stateMachineUpgrade.a(UART_SBC.o)
                              .\ARM_GCC_541\Debug\main.o (UART_SBC_Start)
.\ARM_GCC_541\Debug\Proj07_hamflyAPI_stateMachineUpgrade.a(isr_rx_sbc.o)
                              .\ARM_GCC_541\Debug\main.o (isr_rx_sbc_StartEx)
.\ARM_GCC_541\Debug\Proj07_hamflyAPI_stateMachineUpgrade.a(UART_SBC_IntClock.o)
                              .\ARM_GCC_541\Debug\Proj07_hamflyAPI_stateMachineUpgrade.a(UART_SBC.o) (UART_SBC_IntClock_Start)
.\ARM_GCC_541\Debug\Proj07_hamflyAPI_stateMachineUpgrade.a(CyBootAsmGnu.o)
                              .\ARM_GCC_541\Debug\cyfitter_cfg.o (CyDelayCycles)
c:/program files (x86)/cypress/psoc creator/4.4/psoc creator/import/gnu/arm/5.4.1/bin/../lib/gcc/arm-none-eabi/5.4.1/../../../../arm-none-eabi/lib/armv7-m\libm.a(lib_a-s_cos.o)
                              .\ARM_GCC_541\Debug\hamfly_core_gimbal.o (cos)
c:/program files (x86)/cypress/psoc creator/4.4/psoc creator/import/gnu/arm/5.4.1/bin/../lib/gcc/arm-none-eabi/5.4.1/../../../../arm-none-eabi/lib/armv7-m\libm.a(lib_a-sf_cos.o)
                              .\ARM_GCC_541\Debug\app_state_auto.o (cosf)
c:/program files (x86)/cypress/psoc creator/4.4/psoc creator/import/gnu/arm/5.4.1/bin/../lib/gcc/arm-none-eabi/5.4.1/../../../../arm-none-eabi/lib/armv7-m\libm.a(lib_a-sf_sin.o)
                              .\ARM_GCC_541\Debug\app_state_auto.o (sinf)
c:/program files (x86)/cypress/psoc creator/4.4/psoc creator/import/gnu/arm/5.4.1/bin/../lib/gcc/arm-none-eabi/5.4.1/../../../../arm-none-eabi/lib/armv7-m\libm.a(lib_a-w_atan2.o)
                              .\ARM_GCC_541\Debug\hamfly_core_gimbal.o (atan2)
[...]
Memory Configuration

Name             Origin             Length             Attributes
rom              0x00000000         0x00040000         xr
ram              0x1fff8000         0x00010000         xrw
*default*        0x00000000         0xffffffff

Linker script and memory map

LOAD c:/program files (x86)/cypress/psoc creator/4.4/psoc creator/import/gnu/arm/5.4.1/bin/../lib/gcc/arm-none-eabi/5.4.1/armv7-m/crti.o
LOAD c:/program files (x86)/cypress/psoc creator/4.4/psoc creator/import/gnu/arm/5.4.1/bin/../lib/gcc/arm-none-eabi/5.4.1/armv7-m/crtbegin.o
LOAD c:/program files (x86)/cypress/psoc creator/4.4/psoc creator/import/gnu/arm/5.4.1/bin/../lib/gcc/arm-none-eabi/5.4.1/../../../../arm-none-eabi/lib/armv7-m/crt0.o
START GROUP
LOAD .\ARM_GCC_541\Debug\main.o
LOAD .\ARM_GCC_541\Debug\adc_balanced.o
LOAD .\ARM_GCC_541\Debug\joystick.o
LOAD .\ARM_GCC_541\Debug\psoc_eeprom.o
LOAD .\ARM_GCC_541\Debug\app_ctx.o
LOAD .\ARM_GCC_541\Debug\app_statemachine.o
LOAD .\ARM_GCC_541\Debug\sbc_comms.o
LOAD .\ARM_GCC_541\Debug\telemetry.o
LOAD .\ARM_GCC_541\Debug\app_state_stby.o
LOAD .\ARM_GCC_541\Debug\app_state_manu.o
LOAD .\ARM_GCC_541\Debug\app_state_auto.o
LOAD .\ARM_GCC_541\Debug\app_state_error.o
LOAD .\ARM_GCC_541\Debug\hamfly_comm_rb.o
LOAD .\ARM_GCC_541\Debug\hamfly_comm_txbuf.o
LOAD .\ARM_GCC_541\Debug\hamfly_core_gimbal.o
LOAD .\ARM_GCC_541\Debug\hamfly_core_telemetry.o
LOAD .\ARM_GCC_541\Debug\hamfly_qx_app.o
LOAD .\ARM_GCC_541\Debug\hamfly_qx_protocol.o
LOAD .\ARM_GCC_541\Debug\cyfitter_cfg.o
LOAD .\ARM_GCC_541\Debug\cymetadata.o
LOAD .\ARM_GCC_541\Debug\Cm3Start.o
LOAD .\ARM_GCC_541\Debug\Proj07_hamflyAPI_stateMachineUpgrade.a
LOAD C:\Program Files (x86)\Cypress\PSoC Creator\4.4\PSoC Creator\psoc\content\cycomponentlibrary\CyComponentLibrary.cylib\CortexM3\ARM_GCC_541\Debug\CyComponentLibrary.a
LOAD c:/program files (x86)/cypress/psoc creator/4.4/psoc creator/import/gnu/arm/5.4.1/bin/../lib/gcc/arm-none-eabi/5.4.1/../../../../arm-none-eabi/lib/armv7-m\libm.a
END GROUP
START GROUP
LOAD c:/program files (x86)/cypress/psoc creator/4.4/psoc creator/import/gnu/arm/5.4.1/bin/../lib/gcc/arm-none-eabi/5.4.1/armv7-m\libgcc.a
LOAD c:/program files (x86)/cypress/psoc creator/4.4/psoc creator/import/gnu/arm/5.4.1/bin/../lib/gcc/arm-none-eabi/5.4.1/../../../../arm-none-eabi/lib/armv7-m\libg_nano.a
LOAD c:/program files (x86)/cypress/psoc creator/4.4/psoc creator/import/gnu/arm/5.4.1/bin/../lib/gcc/arm-none-eabi/5.4.1/../../../../arm-none-eabi/lib/armv7-m\libc_nano.a
END GROUP
START GROUP
LOAD c:/program files (x86)/cypress/psoc creator/4.4/psoc creator/import/gnu/arm/5.4.1/bin/../lib/gcc/arm-none-eabi/5.4.1/armv7-m\libgcc.a
LOAD c:/program files (x86)/cypress/psoc creator/4.4/psoc creator/import/gnu/arm/5.4.1/bin/../lib/gcc/arm-none-eabi/5.4.1/../../../../arm-none-eabi/lib/armv7-m\libc_nano.a
END GROUP
LOAD c:/program files (x86)/cypress/psoc creator/4.4/psoc creator/import/gnu/arm/5.4.1/bin/../lib/gcc/arm-none-eabi/5.4.1/armv7-m/crtend.o
LOAD c:/program files (x86)/cypress/psoc creator/4.4/psoc creator/import/gnu/arm/5.4.1/bin/../lib/gcc/arm-none-eabi/5.4.1/armv7-m/crtn.o
START GROUP
LOAD c:/program files (x86)/cypress/psoc creator/4.4/psoc creator/import/gnu/arm/5.4.1/bin/../lib/gcc/arm-none-eabi/5.4.1/armv7-m\libgcc.a
LOAD c:/program files (x86)/cypress/psoc creator/4.4/psoc creator/import/gnu/arm/5.4.1/bin/../lib/gcc/arm-none-eabi/5.4.1/../../../../arm-none-eabi/lib/armv7-m\libc.a
LOAD c:/program files (x86)/cypress/psoc creator/4.4/psoc creator/import/gnu/arm/5.4.1/bin/../lib/gcc/arm-none-eabi/5.4.1/../../../../arm-none-eabi/lib/armv7-m\libnosys.a
END GROUP
                0x00000000                CY_APPL_ORIGIN = 0x0
                0x00000100                CY_FLASH_ROW_SIZE = 0x100
                0x00000020                CY_ECC_ROW_SIZE = 0x20
                0x00000000                CY_EE_IN_BTLDR = 0x0
                0x00000000                CY_APPL_LOADABLE = 0x0
                0x00000800                CY_EE_SIZE = 0x800
                0x00000001                CY_APPL_NUM = 0x1
                0x00000001                CY_APPL_MAX = 0x1
                0x00000040                CY_METADATA_SIZE = 0x40
                0x00000000                CY_APPL_LOADABLE = 0x0
                0x00000000                CY_CHECKSUM_EXCLUDE_SIZE = ALIGN (0x0, CY_FLASH_ROW_SIZE)
                [!provide]                PROVIDE (__cy_heap_start, _end)
                0x00000001                PROVIDE (__cy_region_num, ((__cy_regions_end - __cy_regions) / 0x10))
                0x20008000                PROVIDE (__cy_stack, (ORIGIN (ram) + LENGTH (ram)))
                [!provide]                PROVIDE (__cy_heap_end, (__cy_stack - 0x800))

.cybootloader   0x00000000        0x0
 *(.cybootloader)
                0x00000000                appl1_start = CY_APPL_ORIGIN?CY_APPL_ORIGIN:ALIGN (CY_FLASH_ROW_SIZE)
                0x0001ff00                appl2_start = (appl1_start + ALIGN ((((LENGTH (rom) - appl1_start) - (0x2 * CY_FLASH_ROW_SIZE)) / 0x2), CY_FLASH_ROW_SIZE))
                0x00000000                appl_start = (CY_APPL_NUM == 0x1)?appl1_start:appl2_start
                0x00000000                ecc_offset = ((appl_start / CY_FLASH_ROW_SIZE) * CY_ECC_ROW_SIZE)
                0x00000000                ee_offset = (CY_APPL_LOADABLE && ! (CY_EE_IN_BTLDR))?((CY_EE_SIZE / CY_APPL_MAX) * (CY_APPL_NUM - 0x1)):0x0
                0x00000800                ee_size = (CY_APPL_LOADABLE && ! (CY_EE_IN_BTLDR))?(CY_EE_SIZE / CY_APPL_MAX):CY_EE_SIZE
                [!provide]                PROVIDE (CY_ECC_OFFSET, ecc_offset)

.text           0x00000000     0xd936
 CREATE_OBJECT_SYMBOLS
                0x00000000                PROVIDE (__cy_interrupt_vector, RomVectors)
 *(.romvectors)
 .romvectors    0x00000000       0x10 .\ARM_GCC_541\Debug\Cm3Start.o
                0x00000000                RomVectors
                0x00000001                ASSERT ((. != __cy_interrupt_vector), No interrupt vector)
                0x00000001                ASSERT (CY_APPL_ORIGIN?(SIZEOF (.cybootloader) <= CY_APPL_ORIGIN):0x1, Wrong image location)
                0x00000010                PROVIDE (__cy_reset, Reset)
 *(.text.Reset)
 .text.Reset    0x00000010       0x18 .\ARM_GCC_541\Debug\Cm3Start.o
                0x00000010                Reset
                0x00000001                ASSERT ((. != __cy_reset), No reset code)
 *(.dma_init)
                0x00000001                ASSERT ((((appl_start + .) <= 0x10000) || 0x1), DMA Init must be within the first 64k of flash)
 *(.text .text.* .gnu.linkonce.t.*)
 .text          0x00000028       0x5c c:/program files (x86)/cypress/psoc creator/4.4/psoc creator/import/gnu/arm/5.4.1/bin/../lib/gcc/arm-none-eabi/5.4.1/armv7-m/crtbegin.o
 .text._hamfly_psoc5_putc
                0x00000084       0x1c .\ARM_GCC_541\Debug\main.o
 .text.psoc_get_tick
                0x000000a0       0x1c .\ARM_GCC_541\Debug\main.o
 .text.isr_rx_movi_Handler
                0x000000bc       0x58 .\ARM_GCC_541\Debug\main.o
                0x000000bc                isr_rx_movi_Handler
 .text.isr_Looptimer_Handler
                0x00000114       0x1c .\ARM_GCC_541\Debug\main.o
                0x00000114                isr_Looptimer_Handler
 .text.isr_rx_sbc_Handler
                0x00000130       0x50 .\ARM_GCC_541\Debug\main.o
                0x00000130                isr_rx_sbc_Handler
 .text.decomp   0x00000180       0xa8 .\ARM_GCC_541\Debug\main.o
 .text.main     0x00000228      0x2f8 .\ARM_GCC_541\Debug\main.o
                0x00000228                main
 .text.isr_adc_Handler
                0x00000520       0x18 .\ARM_GCC_541\Debug\adc_balanced.o
                0x00000520                isr_adc_Handler
 .text.adc_balanced_init
                0x00000538       0x6c .\ARM_GCC_541\Debug\adc_balanced.o
                0x00000538                adc_balanced_init
 .text.adc_balanced_advance_on_eoc
                0x000005a4       0x64 .\ARM_GCC_541\Debug\adc_balanced.o
 .text.adc_balanced_poll_frame
                0x00000608       0x6c .\ARM_GCC_541\Debug\adc_balanced.o
                0x00000608                adc_balanced_poll_frame
 .text.joystick_set_sensitivity
                0x00000674       0x48 .\ARM_GCC_541\Debug\joystick.o
                0x00000674                joystick_set_sensitivity
 .text.normalize_axis
                0x000006bc       0xd0 .\ARM_GCC_541\Debug\joystick.o
 .text.apply_deadband
                0x0000078c       0x90 .\ARM_GCC_541\Debug\joystick.o
 .text.joystick_validate
                0x0000081c       0x94 .\ARM_GCC_541\Debug\joystick.o
                0x0000081c                joystick_validate
 .text.cal_begin_range_capture
                0x000008b0       0x84 .\ARM_GCC_541\Debug\joystick.o
 .text.cal_update_ranges
                0x00000934       0x98 .\ARM_GCC_541\Debug\joystick.o
 .text.cal_start_center_capture
                0x000009cc       0x44 .\ARM_GCC_541\Debug\joystick.o
 .text.cal_center_capture_update
                0x00000a10       0xa8 .\ARM_GCC_541\Debug\joystick.o
 .text.cal_save_or_restart
                0x00000ab8       0x44 .\ARM_GCC_541\Debug\joystick.o
 .text.joystick_init
                0x00000afc       0xa4 .\ARM_GCC_541\Debug\joystick.o
                0x00000afc                joystick_init
 .text.joystick_on_sample
                0x00000ba0       0x48 .\ARM_GCC_541\Debug\joystick.o
                0x00000ba0                joystick_on_sample
 .text.joystick_on_key
                0x00000be8       0x70 .\ARM_GCC_541\Debug\joystick.o
                0x00000be8                joystick_on_key
 .text.joystick_cal_state
                0x00000c58       0x14 .\ARM_GCC_541\Debug\joystick.o
                0x00000c58                joystick_cal_state
 .text.joystick_get_cmd
                0x00000c6c       0xe8 .\ARM_GCC_541\Debug\joystick.o
                0x00000c6c                joystick_get_cmd
 .text.joystick_load
                0x00000d54       0x4c .\ARM_GCC_541\Debug\joystick.o
                0x00000d54                joystick_load
 .text.slot_id_to_row
                0x00000da0       0x2c .\ARM_GCC_541\Debug\psoc_eeprom.o
 .text.read_row_byte
                0x00000dcc       0x38 .\ARM_GCC_541\Debug\psoc_eeprom.o
 .text.read_row_data
                0x00000e04       0x3c .\ARM_GCC_541\Debug\psoc_eeprom.o
 .text.psoc_eeprom_init
                0x00000e40        0xc .\ARM_GCC_541\Debug\psoc_eeprom.o
                0x00000e40                psoc_eeprom_init
 .text.psoc_eeprom_read
                0x00000e4c       0x7c .\ARM_GCC_541\Debug\psoc_eeprom.o
                0x00000e4c                psoc_eeprom_read
 .text.app_ctx_init
                0x00000ec8       0x70 .\ARM_GCC_541\Debug\app_ctx.o
                0x00000ec8                app_ctx_init
 .text.depth_of
                0x00000f38       0x34 .\ARM_GCC_541\Debug\app_statemachine.o
 .text.lca      0x00000f6c       0x80 .\ARM_GCC_541\Debug\app_statemachine.o
 .text.app_transition
                0x00000fec      0x120 .\ARM_GCC_541\Debug\app_statemachine.o
                0x00000fec                app_transition
 .text.app_start
                0x0000110c       0x28 .\ARM_GCC_541\Debug\app_statemachine.o
                0x0000110c                app_start
 .text.app_raise_error
                0x00001134       0x68 .\ARM_GCC_541\Debug\app_statemachine.o
                0x00001134                app_raise_error
 .text.app_state_name
                0x0000119c       0x20 .\ARM_GCC_541\Debug\app_statemachine.o
                0x0000119c                app_state_name
 .text.app_telem_tick
                0x000011bc       0x80 .\ARM_GCC_541\Debug\app_statemachine.o
                0x000011bc                app_telem_tick
 .text.build_defer
                0x0000123c       0x30 .\ARM_GCC_541\Debug\app_statemachine.o
                0x0000123c                build_defer
 .text.build_hold
                0x0000126c       0x30 .\ARM_GCC_541\Debug\app_statemachine.o
                0x0000126c                build_hold
 .text.app_build_control
                0x0000129c       0x3c .\ARM_GCC_541\Debug\app_statemachine.o
                0x0000129c                app_build_control
 .text.set_origin
                0x000012d8       0x6c .\ARM_GCC_541\Debug\app_statemachine.o
 .text.print_help
                0x00001344       0x1c .\ARM_GCC_541\Debug\app_statemachine.o
 .text.handle_global_key
                0x00001360       0x94 .\ARM_GCC_541\Debug\app_statemachine.o
 .text.leaf_traps_nav
                0x000013f4       0x3c .\ARM_GCC_541\Debug\app_statemachine.o
 .text.handle_nav_key
                0x00001430       0x48 .\ARM_GCC_541\Debug\app_statemachine.o
 .text.app_dispatch_key
                0x00001478       0xa0 .\ARM_GCC_541\Debug\app_statemachine.o
                0x00001478                app_dispatch_key
 .text.sbc_state_is_requestable
                0x00001518       0x24 .\ARM_GCC_541\Debug\app_statemachine.o
 .text.app_sbc_tick
                0x0000153c       0xf4 .\ARM_GCC_541\Debug\app_statemachine.o
                0x0000153c                app_sbc_tick
 .text.sbc_init
                0x00001630       0x98 .\ARM_GCC_541\Debug\sbc_comms.o
                0x00001630                sbc_init
 .text.decode_centroid
                0x000016c8      0x114 .\ARM_GCC_541\Debug\sbc_comms.o
 .text.sbc_on_rx_byte
                0x000017dc      0x248 .\ARM_GCC_541\Debug\sbc_comms.o
                0x000017dc                sbc_on_rx_byte
 .text.sbc_on_uart_err_flags
                0x00001a24       0x30 .\ARM_GCC_541\Debug\sbc_comms.o
                0x00001a24                sbc_on_uart_err_flags
 .text.sbc_get_centroid
                0x00001a54       0x88 .\ARM_GCC_541\Debug\sbc_comms.o
                0x00001a54                sbc_get_centroid
 .text.sbc_unknown_magic
                0x00001adc       0x14 .\ARM_GCC_541\Debug\sbc_comms.o
                0x00001adc                sbc_unknown_magic
 .text.sbc_rx_pkt_count
                0x00001af0       0x14 .\ARM_GCC_541\Debug\sbc_comms.o
                0x00001af0                sbc_rx_pkt_count
 .text.sbc_last_centroid_dt_ms
                0x00001b04       0x2c .\ARM_GCC_541\Debug\sbc_comms.o
                0x00001b04                sbc_last_centroid_dt_ms
 .text.sbc_crc_errors
                0x00001b30       0x14 .\ARM_GCC_541\Debug\sbc_comms.o
                0x00001b30                sbc_crc_errors
 .text.sbc_uart_errors
                0x00001b44       0x14 .\ARM_GCC_541\Debug\sbc_comms.o
                0x00001b44                sbc_uart_errors
 .text.sbc_send_frame
                0x00001b58       0x8c .\ARM_GCC_541\Debug\sbc_comms.o
                0x00001b58                sbc_send_frame
 .text.sbc_get_state_req
                0x00001be4       0x4c .\ARM_GCC_541\Debug\sbc_comms.o
                0x00001be4                sbc_get_state_req
 .text.sbc_get_gps_target
                0x00001c30       0x4c .\ARM_GCC_541\Debug\sbc_comms.o
                0x00001c30                sbc_get_gps_target
 .text.sbc_send_state_ack
                0x00001c7c       0x30 .\ARM_GCC_541\Debug\sbc_comms.o
                0x00001c7c                sbc_send_state_ack
 .text.sat_i16  0x00001cac       0x4c .\ARM_GCC_541\Debug\telemetry.o
 .text.sat_u32  0x00001cf8       0x44 .\ARM_GCC_541\Debug\telemetry.o
 .text.sat_u16  0x00001d3c       0x48 .\ARM_GCC_541\Debug\telemetry.o
 .text.telemetry_collect_hot
                0x00001d84      0x164 .\ARM_GCC_541\Debug\telemetry.o
                0x00001d84                telemetry_collect_hot
 .text.telemetry_collect_link
                0x00001ee8       0x64 .\ARM_GCC_541\Debug\telemetry.o
                0x00001ee8                telemetry_collect_link
 .text.telemetry_collect_power
                0x00001f4c       0xc0 .\ARM_GCC_541\Debug\telemetry.o
                0x00001f4c                telemetry_collect_power
 .text.telemetry_collect_env
                0x0000200c       0x80 .\ARM_GCC_541\Debug\telemetry.o
                0x0000200c                telemetry_collect_env
 .text.telemetry_collect_gps
                0x0000208c       0xa8 .\ARM_GCC_541\Debug\telemetry.o
                0x0000208c                telemetry_collect_gps
 .text.telemetry_collect_baro
                0x00002134       0x90 .\ARM_GCC_541\Debug\telemetry.o
                0x00002134                telemetry_collect_baro
 .text.telemetry_collect_mag
                0x000021c4       0xcc .\ARM_GCC_541\Debug\telemetry.o
                0x000021c4                telemetry_collect_mag
 .text.encode_hot
                0x00002290      0x11c .\ARM_GCC_541\Debug\telemetry.o
 .text.encode_link
                0x000023ac       0x94 .\ARM_GCC_541\Debug\telemetry.o
 .text.encode_power
                0x00002440       0x9c .\ARM_GCC_541\Debug\telemetry.o
 .text.encode_env
                0x000024dc       0x58 .\ARM_GCC_541\Debug\telemetry.o
 .text.encode_gps
                0x00002534       0xe8 .\ARM_GCC_541\Debug\telemetry.o
 .text.encode_baro
                0x0000261c       0x64 .\ARM_GCC_541\Debug\telemetry.o
 .text.encode_mag
                0x00002680       0x8c .\ARM_GCC_541\Debug\telemetry.o
 .text.telemetry_send_hot_sbc
                0x0000270c       0x44 .\ARM_GCC_541\Debug\telemetry.o
                0x0000270c                telemetry_send_hot_sbc
 .text.telemetry_send_link_sbc
                0x00002750       0x44 .\ARM_GCC_541\Debug\telemetry.o
                0x00002750                telemetry_send_link_sbc
 .text.telemetry_send_power_sbc
                0x00002794       0x44 .\ARM_GCC_541\Debug\telemetry.o
                0x00002794                telemetry_send_power_sbc
 .text.telemetry_send_env_sbc
                0x000027d8       0x44 .\ARM_GCC_541\Debug\telemetry.o
                0x000027d8                telemetry_send_env_sbc
 .text.telemetry_send_gps_sbc
                0x0000281c       0x44 .\ARM_GCC_541\Debug\telemetry.o
                0x0000281c                telemetry_send_gps_sbc
 .text.telemetry_send_baro_sbc
                0x00002860       0x44 .\ARM_GCC_541\Debug\telemetry.o
                0x00002860                telemetry_send_baro_sbc
 .text.telemetry_send_mag_sbc
                0x000028a4       0x44 .\ARM_GCC_541\Debug\telemetry.o
                0x000028a4                telemetry_send_mag_sbc
 .text.telemetry_pump
                0x000028e8       0xd8 .\ARM_GCC_541\Debug\telemetry.o
                0x000028e8                telemetry_pump
 .text.entry_stby_defer
                0x000029c0       0x1c .\ARM_GCC_541\Debug\app_state_stby.o
                0x000029c0                entry_stby_defer
 .text.entry_stby_hold
                0x000029dc       0x1c .\ARM_GCC_541\Debug\app_state_stby.o
                0x000029dc                entry_stby_hold
 .text.entry_manu_joystick
                0x000029f8       0x1c .\ARM_GCC_541\Debug\app_state_manu.o
                0x000029f8                entry_manu_joystick
 .text.exit_manu_joystick
                0x00002a14       0x1c .\ARM_GCC_541\Debug\app_state_manu.o
                0x00002a14                exit_manu_joystick
 .text.build_manu_joystick
                0x00002a30       0xa4 .\ARM_GCC_541\Debug\app_state_manu.o
                0x00002a30                build_manu_joystick
 .text.nudge_apply
                0x00002ad4      0x1b8 .\ARM_GCC_541\Debug\app_state_manu.o
 .text.key_manu_joystick
                0x00002c8c      0x224 .\ARM_GCC_541\Debug\app_state_manu.o
                0x00002c8c                key_manu_joystick
 .text.app_manual_tick
                0x00002eb0       0xc4 .\ARM_GCC_541\Debug\app_state_manu.o
                0x00002eb0                app_manual_tick
 .text.gimbal_pan_tilt_deg
                0x00002f74       0x54 .\ARM_GCC_541\Debug\app_state_auto.o
                0x00002f74                gimbal_pan_tilt_deg
 .text.guard_auto_home
                0x00002fc8       0x38 .\ARM_GCC_541\Debug\app_state_auto.o
                0x00002fc8                guard_auto_home
 .text.guard_auto_acq_gps
                0x00003000       0x18 .\ARM_GCC_541\Debug\app_state_auto.o
                0x00003000                guard_auto_acq_gps
 .text.app_auto_tick
                0x00003018      0x1e0 .\ARM_GCC_541\Debug\app_state_auto.o
                0x00003018                app_auto_tick
 .text.entry_auto_home
                0x000031f8       0xa0 .\ARM_GCC_541\Debug\app_state_auto.o
                0x000031f8                entry_auto_home
 .text.exit_auto_home
                0x00003298       0x1c .\ARM_GCC_541\Debug\app_state_auto.o
                0x00003298                exit_auto_home
 .text.key_auto_home
                0x000032b4       0x28 .\ARM_GCC_541\Debug\app_state_auto.o
                0x000032b4                key_auto_home
 .text.build_auto_home
                0x000032dc       0x74 .\ARM_GCC_541\Debug\app_state_auto.o
                0x000032dc                build_auto_home
 .text.gps_bearing_deg
                0x00003350       0xf8 .\ARM_GCC_541\Debug\app_state_auto.o
 .text.gps_elev_deg
                0x00003448      0x15c .\ARM_GCC_541\Debug\app_state_auto.o
 .text.gps_start_slew
                0x000035a4       0x3c .\ARM_GCC_541\Debug\app_state_auto.o
 .text.gps_update_pointing
                0x000035e0       0xe8 .\ARM_GCC_541\Debug\app_state_auto.o
 .text.gps_check_settle
                0x000036c8      0x1c0 .\ARM_GCC_541\Debug\app_state_auto.o
 .text.entry_auto_acq_gps
                0x00003888       0x48 .\ARM_GCC_541\Debug\app_state_auto.o
                0x00003888                entry_auto_acq_gps
 .text.exit_auto_acq_gps
                0x000038d0       0x24 .\ARM_GCC_541\Debug\app_state_auto.o
                0x000038d0                exit_auto_acq_gps
 .text.key_auto_acq_gps
                0x000038f4       0x28 .\ARM_GCC_541\Debug\app_state_auto.o
                0x000038f4                key_auto_acq_gps
 .text.build_auto_acq_gps
                0x0000391c       0xa8 .\ARM_GCC_541\Debug\app_state_auto.o
                0x0000391c                build_auto_acq_gps
 .text.entry_auto_acq_spiral
                0x000039c4       0x1c .\ARM_GCC_541\Debug\app_state_auto.o
                0x000039c4                entry_auto_acq_spiral
 .text.entry_auto_tracking
                0x000039e0       0x2c .\ARM_GCC_541\Debug\app_state_auto.o
                0x000039e0                entry_auto_tracking
 .text.key_auto_tracking
                0x00003a0c       0x28 .\ARM_GCC_541\Debug\app_state_auto.o
                0x00003a0c                key_auto_tracking
 .text.build_auto_tracking
                0x00003a34      0x120 .\ARM_GCC_541\Debug\app_state_auto.o
                0x00003a34                build_auto_tracking
 .text.entry_auto_loss
                0x00003b54       0x1c .\ARM_GCC_541\Debug\app_state_auto.o
                0x00003b54                entry_auto_loss
 .text.key_auto_loss
                0x00003b70       0x28 .\ARM_GCC_541\Debug\app_state_auto.o
                0x00003b70                key_auto_loss
 .text.entry_auto_no_lock
                0x00003b98       0x1c .\ARM_GCC_541\Debug\app_state_auto.o
                0x00003b98                entry_auto_no_lock
 .text.key_auto_no_lock
                0x00003bb4       0x28 .\ARM_GCC_541\Debug\app_state_auto.o
                0x00003bb4                key_auto_no_lock
 .text.sev_str  0x00003bdc       0x40 .\ARM_GCC_541\Debug\app_state_error.o
 .text.entry_error_active
                0x00003c1c       0x80 .\ARM_GCC_541\Debug\app_state_error.o
                0x00003c1c                entry_error_active
 .text.key_error_active
                0x00003c9c       0x40 .\ARM_GCC_541\Debug\app_state_error.o
                0x00003c9c                key_error_active
 .text.build_error
                0x00003cdc       0x28 .\ARM_GCC_541\Debug\app_state_error.o
                0x00003cdc                build_error
 .text.rb_next  0x00003d04       0x28 .\ARM_GCC_541\Debug\hamfly_comm_rb.o
 .text.hamfly_rb_init
                0x00003d2c       0x2c .\ARM_GCC_541\Debug\hamfly_comm_rb.o
                0x00003d2c                hamfly_rb_init
 .text.hamfly_rb_push
                0x00003d58       0x64 .\ARM_GCC_541\Debug\hamfly_comm_rb.o
                0x00003d58                hamfly_rb_push
 .text.hamfly_rb_pop
                0x00003dbc       0x58 .\ARM_GCC_541\Debug\hamfly_comm_rb.o
                0x00003dbc                hamfly_rb_pop
 .text.load_freefly_control
                0x00003e14       0x50 .\ARM_GCC_541\Debug\hamfly_core_gimbal.o
 .text.copy_qx287_to_telemetry
                0x00003e64       0x1c .\ARM_GCC_541\Debug\hamfly_core_gimbal.o
 .text.drain_rb
                0x00003e80       0x44 .\ARM_GCC_541\Debug\hamfly_core_gimbal.o
 .text.hamfly_init
                0x00003ec4       0x5c .\ARM_GCC_541\Debug\hamfly_core_gimbal.o
                0x00003ec4                hamfly_init
 .text.hamfly_on_rx_byte
                0x00003f20       0x3c .\ARM_GCC_541\Debug\hamfly_core_gimbal.o
                0x00003f20                hamfly_on_rx_byte
 .text.hamfly_on_uart_err_flags
                0x00003f5c       0x30 .\ARM_GCC_541\Debug\hamfly_core_gimbal.o
                0x00003f5c                hamfly_on_uart_err_flags
 .text.hamfly_pump
                0x00003f8c      0x27c .\ARM_GCC_541\Debug\hamfly_core_gimbal.o
                0x00003f8c                hamfly_pump
 .text.hamfly_send_control
                0x00004208       0x7c .\ARM_GCC_541\Debug\hamfly_core_gimbal.o
                0x00004208                hamfly_send_control
 .text.hamfly_kill
                0x00004284       0x3c .\ARM_GCC_541\Debug\hamfly_core_gimbal.o
                0x00004284                hamfly_kill
 .text.hamfly_request_attr
                0x000042c0       0xa8 .\ARM_GCC_541\Debug\hamfly_core_gimbal.o
                0x000042c0                hamfly_request_attr
 .text.hamfly_get_telemetry
                0x00004368       0x30 .\ARM_GCC_541\Debug\hamfly_core_gimbal.o
                0x00004368                hamfly_get_telemetry
 .text.rd_be32  0x00004398       0x34 .\ARM_GCC_541\Debug\hamfly_core_telemetry.o
 .text.rd_be16  0x000043cc       0x28 .\ARM_GCC_541\Debug\hamfly_core_telemetry.o
 .text.rd_be_u16
                0x000043f4       0x28 .\ARM_GCC_541\Debug\hamfly_core_telemetry.o
 .text.rd_le16  0x0000441c       0x24 .\ARM_GCC_541\Debug\hamfly_core_telemetry.o
 .text.hamfly_telemetry_to_euler
                0x00004440      0x1d4 .\ARM_GCC_541\Debug\hamfly_core_telemetry.o
                0x00004440                hamfly_telemetry_to_euler
 .text.hamfly_decode_qx287
                0x00004614       0x68 .\ARM_GCC_541\Debug\hamfly_core_telemetry.o
                0x00004614                hamfly_decode_qx287
 .text.hamfly_decode_gps
                0x0000467c      0x1a0 .\ARM_GCC_541\Debug\hamfly_core_telemetry.o
                0x0000467c                hamfly_decode_gps
 .text.hamfly_decode_baro
                0x0000481c       0x78 .\ARM_GCC_541\Debug\hamfly_core_telemetry.o
                0x0000481c                hamfly_decode_baro
 .text.hamfly_decode_attitude
                0x00004894      0x144 .\ARM_GCC_541\Debug\hamfly_core_telemetry.o
                0x00004894                hamfly_decode_attitude
 .text.hamfly_decode_sysstat
                0x000049d8      0x1c8 .\ARM_GCC_541\Debug\hamfly_core_telemetry.o
                0x000049d8                hamfly_decode_sysstat
 .text.hamfly_decode_mag
                0x00004ba0      0x18c .\ARM_GCC_541\Debug\hamfly_core_telemetry.o
                0x00004ba0                hamfly_decode_mag
 .text.hamfly_decode_sysecho
                0x00004d2c       0x7c .\ARM_GCC_541\Debug\hamfly_core_telemetry.o
                0x00004d2c                hamfly_decode_sysecho
 .text.ff_api_init
                0x00004da8       0x7c .\ARM_GCC_541\Debug\hamfly_qx_app.o
 .text.ff_api_send
                0x00004e24       0x44 .\ARM_GCC_541\Debug\hamfly_qx_app.o
 .text.QX_ParsePacket_Cli_MoVI_Ctrl_CB
                0x00004e68      0x884 .\ARM_GCC_541\Debug\hamfly_qx_app.o
 .text.QX_SendMsg2CommsPort_CB
                0x000056ec       0x64 .\ARM_GCC_541\Debug\hamfly_qx_app.o
                0x000056ec                QX_SendMsg2CommsPort_CB
 .text.QX_FwdMsg_CB
                0x00005750       0x14 .\ARM_GCC_541\Debug\hamfly_qx_app.o
                0x00005750                QX_FwdMsg_CB
 .text.QX_GetTicks_ms
                0x00005764       0x34 .\ARM_GCC_541\Debug\hamfly_qx_app.o
                0x00005764                QX_GetTicks_ms
 .text.QX_Parser_SetMsgPtr
                0x00005798       0x1c .\ARM_GCC_541\Debug\hamfly_qx_protocol.o
                0x00005798                QX_Parser_SetMsgPtr
 .text.QX_Parser_AdvMsgPtr
                0x000057b4       0x1c .\ARM_GCC_541\Debug\hamfly_qx_protocol.o
                0x000057b4                QX_Parser_AdvMsgPtr
 .text.QX_Parser_GetMsgPtr
                0x000057d0       0x14 .\ARM_GCC_541\Debug\hamfly_qx_protocol.o
                0x000057d0                QX_Parser_GetMsgPtr
 .text.QX_Parser_SetDir_Read
                0x000057e4       0x18 .\ARM_GCC_541\Debug\hamfly_qx_protocol.o
                0x000057e4                QX_Parser_SetDir_Read
 .text.QX_Parser_SetDir_WriteAbs
                0x000057fc       0x18 .\ARM_GCC_541\Debug\hamfly_qx_protocol.o
                0x000057fc                QX_Parser_SetDir_WriteAbs
 .text.AddFloatAsSignedShort
                0x00005814       0xc8 .\ARM_GCC_541\Debug\hamfly_qx_protocol.o
                0x00005814                AddFloatAsSignedShort
 .text.GetFloatAsSignedShort
                0x000058dc      0x170 .\ARM_GCC_541\Debug\hamfly_qx_protocol.o
                0x000058dc                GetFloatAsSignedShort
 .text.AddSignedShortAsSignedShort
                0x00005a4c       0x58 .\ARM_GCC_541\Debug\hamfly_qx_protocol.o
                0x00005a4c                AddSignedShortAsSignedShort
 .text.GetSignedShortAsSignedShort
                0x00005aa4      0x15c .\ARM_GCC_541\Debug\hamfly_qx_protocol.o
                0x00005aa4                GetSignedShortAsSignedShort
 .text.AddUnsignedCharAsUnsignedChar
                0x00005c00       0x3c .\ARM_GCC_541\Debug\hamfly_qx_protocol.o
                0x00005c00                AddUnsignedCharAsUnsignedChar
 .text.GetUnsignedCharAsUnsignedChar
                0x00005c3c       0xc8 .\ARM_GCC_541\Debug\hamfly_qx_protocol.o
                0x00005c3c                GetUnsignedCharAsUnsignedChar
 .text.AddUnsignedShortAsUnsignedShort
                0x00005d04       0x54 .\ARM_GCC_541\Debug\hamfly_qx_protocol.o
                0x00005d04                AddUnsignedShortAsUnsignedShort
 .text.GetUnsignedShortAsUnsignedShort
                0x00005d58       0xf8 .\ARM_GCC_541\Debug\hamfly_qx_protocol.o
                0x00005d58                GetUnsignedShortAsUnsignedShort
 .text.AddBitsAsByte
                0x00005e50       0xcc .\ARM_GCC_541\Debug\hamfly_qx_protocol.o
                0x00005e50                AddBitsAsByte
 .text.GetBitsAsByte
                0x00005f1c       0xdc .\ARM_GCC_541\Debug\hamfly_qx_protocol.o
                0x00005f1c                GetBitsAsByte
 .text.QX_InitMsg
                0x00005ff8       0x30 .\ARM_GCC_541\Debug\hamfly_qx_protocol.o
 .text.QX_RxMsg
                0x00006028       0xec .\ARM_GCC_541\Debug\hamfly_qx_protocol.o
 .text.QX_Srv_Rx_Read
                0x00006114       0x90 .\ARM_GCC_541\Debug\hamfly_qx_protocol.o
 .text.QX_Srv_Rx_Write
                0x000061a4       0xc4 .\ARM_GCC_541\Debug\hamfly_qx_protocol.o
 .text.QX_Cli_Rx_CurVal
                0x00006268       0x3c .\ARM_GCC_541\Debug\hamfly_qx_protocol.o
 .text.QX_TxMsg_Setup
                0x000062a4       0x4c .\ARM_GCC_541\Debug\hamfly_qx_protocol.o
 .text.QX_TxMsg_Finish
                0x000062f0      0x1dc .\ARM_GCC_541\Debug\hamfly_qx_protocol.o
 .text.QX_BuildHeader
                0x000064cc      0x188 .\ARM_GCC_541\Debug\hamfly_qx_protocol.o
 .text.QX_ParseHeader
                0x00006654      0x114 .\ARM_GCC_541\Debug\hamfly_qx_protocol.o
 .text.QX_Calc8bChecksum
                0x00006768       0x3c .\ARM_GCC_541\Debug\hamfly_qx_protocol.o
 .text.QX_AddExtdValToBuf
                0x000067a4       0x88 .\ARM_GCC_541\Debug\hamfly_qx_protocol.o
 .text.QX_GetExtdValFromBuf
                0x0000682c       0x6c .\ARM_GCC_541\Debug\hamfly_qx_protocol.o
 .text.QX_compute_crc32
                0x00006898       0x4c .\ARM_GCC_541\Debug\hamfly_qx_protocol.o
 .text.QX_accumulate_crc32
                0x000068e4       0x54 .\ARM_GCC_541\Debug\hamfly_qx_protocol.o
                0x000068e4                QX_accumulate_crc32
 .text.QX_InitCli
                0x00006938       0x24 .\ARM_GCC_541\Debug\hamfly_qx_protocol.o
                0x00006938                QX_InitCli
 .text.QX_InitTxOptions
                0x0000695c       0x3c .\ARM_GCC_541\Debug\hamfly_qx_protocol.o
                0x0000695c                QX_InitTxOptions
 .text.QX_SendPacket_Srv_CurVal
                0x00006998       0x98 .\ARM_GCC_541\Debug\hamfly_qx_protocol.o
                0x00006998                QX_SendPacket_Srv_CurVal
 .text.QX_SendPacket_Cli_Read
                0x00006a30       0x80 .\ARM_GCC_541\Debug\hamfly_qx_protocol.o
                0x00006a30                QX_SendPacket_Cli_Read
 .text.QX_SendPacket_Cli_WriteABS
                0x00006ab0       0x98 .\ARM_GCC_541\Debug\hamfly_qx_protocol.o
                0x00006ab0                QX_SendPacket_Cli_WriteABS
 .text.QX_StreamRxCharSM
                0x00006b48      0x6e0 .\ARM_GCC_541\Debug\hamfly_qx_protocol.o
                0x00006b48                QX_StreamRxCharSM
 .text.CYMEMZERO
                0x00007228       0x1c .\ARM_GCC_541\Debug\cyfitter_cfg.o
 .text.CYCONFIGCPY
                0x00007244       0x20 .\ARM_GCC_541\Debug\cyfitter_cfg.o
 .text.CyClockStartupError
                0x00007264        0xc .\ARM_GCC_541\Debug\cyfitter_cfg.o
 .text.cfg_write_bytes32
                0x00007270       0x74 .\ARM_GCC_541\Debug\cyfitter_cfg.o
 .text.ClockSetup
                0x000072e4      0x180 .\ARM_GCC_541\Debug\cyfitter_cfg.o
 .text.AnalogSetDefault
                0x00007464       0x44 .\ARM_GCC_541\Debug\cyfitter_cfg.o
 .text.AMux_1_Set
                0x000074a8       0x6c .\ARM_GCC_541\Debug\cyfitter_cfg.o
                0x000074a8                AMux_1_Set
 .text.AMux_1_Unset
                0x00007514       0x74 .\ARM_GCC_541\Debug\cyfitter_cfg.o
                0x00007514                AMux_1_Unset
 .text.ADC_DelSig_1_AMux_Set
                0x00007588       0x40 .\ARM_GCC_541\Debug\cyfitter_cfg.o
                0x00007588                ADC_DelSig_1_AMux_Set
 .text.ADC_DelSig_1_AMux_Unset
                0x000075c8       0x44 .\ARM_GCC_541\Debug\cyfitter_cfg.o
                0x000075c8                ADC_DelSig_1_AMux_Unset
 .text.cyfitter_cfg
                0x0000760c      0x1ac .\ARM_GCC_541\Debug\cyfitter_cfg.o
                0x0000760c                cyfitter_cfg
 .text.IntDefaultHandler
                0x000077b8       0x14 .\ARM_GCC_541\Debug\Cm3Start.o
                0x000077b8                IntDefaultHandler
 .text._sbrk    0x000077cc       0x50 .\ARM_GCC_541\Debug\Cm3Start.o
                0x000077cc                _sbrk
 .text.Start_c  0x0000781c       0x98 .\ARM_GCC_541\Debug\Cm3Start.o
                0x0000781c                Start_c
 .text.initialize_psoc
                0x000078b4       0x90 .\ARM_GCC_541\Debug\Cm3Start.o
                0x000078b4                initialize_psoc
 .text.ADC_DelSig_1_Init
                0x00007944      0x11c .\ARM_GCC_541\Debug\Proj07_hamflyAPI_stateMachineUpgrade.a(ADC_DelSig_1.o)
                0x00007944                ADC_DelSig_1_Init
 .text.ADC_DelSig_1_Enable
                0x00007a60      0x158 .\ARM_GCC_541\Debug\Proj07_hamflyAPI_stateMachineUpgrade.a(ADC_DelSig_1.o)
                0x00007a60                ADC_DelSig_1_Enable
 .text.ADC_DelSig_1_Start
                0x00007bb8       0x30 .\ARM_GCC_541\Debug\Proj07_hamflyAPI_stateMachineUpgrade.a(ADC_DelSig_1.o)
                0x00007bb8                ADC_DelSig_1_Start
 .text.ADC_DelSig_1_StartConvert
                0x00007be8       0x20 .\ARM_GCC_541\Debug\Proj07_hamflyAPI_stateMachineUpgrade.a(ADC_DelSig_1.o)
                0x00007be8                ADC_DelSig_1_StartConvert
 .text.ADC_DelSig_1_StopConvert
                0x00007c08       0x20 .\ARM_GCC_541\Debug\Proj07_hamflyAPI_stateMachineUpgrade.a(ADC_DelSig_1.o)
                0x00007c08                ADC_DelSig_1_StopConvert
 .text.ADC_DelSig_1_GetResult16
                0x00007c28       0x7c .\ARM_GCC_541\Debug\Proj07_hamflyAPI_stateMachineUpgrade.a(ADC_DelSig_1.o)
                0x00007c28                ADC_DelSig_1_GetResult16
 .text.ADC_DelSig_1_InitConfig
                0x00007ca4      0x164 .\ARM_GCC_541\Debug\Proj07_hamflyAPI_stateMachineUpgrade.a(ADC_DelSig_1.o)
 .text.ADC_DelSig_1_GainCompensation
                0x00007e08      0x170 .\ARM_GCC_541\Debug\Proj07_hamflyAPI_stateMachineUpgrade.a(ADC_DelSig_1.o)
 .text.ADC_DelSig_1_SetDSMRef0Reg
                0x00007f78       0x7c .\ARM_GCC_541\Debug\Proj07_hamflyAPI_stateMachineUpgrade.a(ADC_DelSig_1.o)
 .text.ADC_DelSig_1_ISR1
                0x00007ff4        0xc .\ARM_GCC_541\Debug\Proj07_hamflyAPI_stateMachineUpgrade.a(ADC_DelSig_1_INT.o)
                0x00007ff4                ADC_DelSig_1_ISR1
 .text.AMux_1_Start
                0x00008000       0x34 .\ARM_GCC_541\Debug\Proj07_hamflyAPI_stateMachineUpgrade.a(AMux_1.o)
                0x00008000                AMux_1_Start
 .text.AMux_1_FastSelect
                0x00008034       0x38 .\ARM_GCC_541\Debug\Proj07_hamflyAPI_stateMachineUpgrade.a(AMux_1.o)
                0x00008034                AMux_1_FastSelect
 .text.isr_adc_StartEx
                0x0000806c       0x24 .\ARM_GCC_541\Debug\Proj07_hamflyAPI_stateMachineUpgrade.a(isr_adc.o)
                0x0000806c                isr_adc_StartEx
 .text.isr_adc_SetVector
                0x00008090       0x24 .\ARM_GCC_541\Debug\Proj07_hamflyAPI_stateMachineUpgrade.a(isr_adc.o)
                0x00008090                isr_adc_SetVector
 .text.isr_adc_SetPriority
                0x000080b4       0x24 .\ARM_GCC_541\Debug\Proj07_hamflyAPI_stateMachineUpgrade.a(isr_adc.o)
                0x000080b4                isr_adc_SetPriority
 .text.isr_adc_Enable
                0x000080d8       0x18 .\ARM_GCC_541\Debug\Proj07_hamflyAPI_stateMachineUpgrade.a(isr_adc.o)
                0x000080d8                isr_adc_Enable
 .text.isr_adc_Disable
                0x000080f0       0x18 .\ARM_GCC_541\Debug\Proj07_hamflyAPI_stateMachineUpgrade.a(isr_adc.o)
                0x000080f0                isr_adc_Disable
 .text.isr_adc_ClearPending
                0x00008108       0x18 .\ARM_GCC_541\Debug\Proj07_hamflyAPI_stateMachineUpgrade.a(isr_adc.o)
                0x00008108                isr_adc_ClearPending
 .text.UART_MOVI_Start
                0x00008120       0x24 .\ARM_GCC_541\Debug\Proj07_hamflyAPI_stateMachineUpgrade.a(UART_MOVI.o)
                0x00008120                UART_MOVI_Start
 .text.UART_MOVI_Init
                0x00008144       0x40 .\ARM_GCC_541\Debug\Proj07_hamflyAPI_stateMachineUpgrade.a(UART_MOVI.o)
                0x00008144                UART_MOVI_Init
 .text.UART_MOVI_Enable
                0x00008184       0x5c .\ARM_GCC_541\Debug\Proj07_hamflyAPI_stateMachineUpgrade.a(UART_MOVI.o)
                0x00008184                UART_MOVI_Enable
 .text.UART_MOVI_ClearRxBuffer
                0x000081e0       0x44 .\ARM_GCC_541\Debug\Proj07_hamflyAPI_stateMachineUpgrade.a(UART_MOVI.o)
                0x000081e0                UART_MOVI_ClearRxBuffer
 .text.UART_MOVI_PutChar
                0x00008224       0x34 .\ARM_GCC_541\Debug\Proj07_hamflyAPI_stateMachineUpgrade.a(UART_MOVI.o)
                0x00008224                UART_MOVI_PutChar
 .text.UART_MOVI_ClearTxBuffer
                0x00008258       0x44 .\ARM_GCC_541\Debug\Proj07_hamflyAPI_stateMachineUpgrade.a(UART_MOVI.o)
                0x00008258                UART_MOVI_ClearTxBuffer
 .text.isr_rx_movi_StartEx
                0x0000829c       0x24 .\ARM_GCC_541\Debug\Proj07_hamflyAPI_stateMachineUpgrade.a(isr_rx_movi.o)
                0x0000829c                isr_rx_movi_StartEx
 .text.isr_rx_movi_SetVector
                0x000082c0       0x24 .\ARM_GCC_541\Debug\Proj07_hamflyAPI_stateMachineUpgrade.a(isr_rx_movi.o)
                0x000082c0                isr_rx_movi_SetVector
 .text.isr_rx_movi_SetPriority
                0x000082e4       0x24 .\ARM_GCC_541\Debug\Proj07_hamflyAPI_stateMachineUpgrade.a(isr_rx_movi.o)
                0x000082e4                isr_rx_movi_SetPriority
 .text.isr_rx_movi_Enable
                0x00008308       0x18 .\ARM_GCC_541\Debug\Proj07_hamflyAPI_stateMachineUpgrade.a(isr_rx_movi.o)
                0x00008308                isr_rx_movi_Enable
 .text.isr_rx_movi_Disable
                0x00008320       0x18 .\ARM_GCC_541\Debug\Proj07_hamflyAPI_stateMachineUpgrade.a(isr_rx_movi.o)
                0x00008320                isr_rx_movi_Disable
 .text.Looptimer_Init
                0x00008338       0xa0 .\ARM_GCC_541\Debug\Proj07_hamflyAPI_stateMachineUpgrade.a(Looptimer.o)
                0x00008338                Looptimer_Init
 .text.Looptimer_Enable
                0x000083d8       0x48 .\ARM_GCC_541\Debug\Proj07_hamflyAPI_stateMachineUpgrade.a(Looptimer.o)
                0x000083d8                Looptimer_Enable
 .text.Looptimer_Start
                0x00008420       0x24 .\ARM_GCC_541\Debug\Proj07_hamflyAPI_stateMachineUpgrade.a(Looptimer.o)
                0x00008420                Looptimer_Start
 .text.Looptimer_SetInterruptMode
                0x00008444       0x20 .\ARM_GCC_541\Debug\Proj07_hamflyAPI_stateMachineUpgrade.a(Looptimer.o)
                0x00008444                Looptimer_SetInterruptMode
 .text.Looptimer_ReadStatusRegister
                0x00008464       0x18 .\ARM_GCC_541\Debug\Proj07_hamflyAPI_stateMachineUpgrade.a(Looptimer.o)
                0x00008464                Looptimer_ReadStatusRegister
 .text.Looptimer_WritePeriod
                0x0000847c       0x24 .\ARM_GCC_541\Debug\Proj07_hamflyAPI_stateMachineUpgrade.a(Looptimer.o)
                0x0000847c                Looptimer_WritePeriod
 .text.Looptimer_WriteCounter
                0x000084a0       0x20 .\ARM_GCC_541\Debug\Proj07_hamflyAPI_stateMachineUpgrade.a(Looptimer.o)
                0x000084a0                Looptimer_WriteCounter
 .text.isr_Looptimer_StartEx
                0x000084c0       0x24 .\ARM_GCC_541\Debug\Proj07_hamflyAPI_stateMachineUpgrade.a(isr_Looptimer.o)
                0x000084c0                isr_Looptimer_StartEx
 .text.isr_Looptimer_SetVector
                0x000084e4       0x24 .\ARM_GCC_541\Debug\Proj07_hamflyAPI_stateMachineUpgrade.a(isr_Looptimer.o)
                0x000084e4                isr_Looptimer_SetVector
 .text.isr_Looptimer_SetPriority
                0x00008508       0x24 .\ARM_GCC_541\Debug\Proj07_hamflyAPI_stateMachineUpgrade.a(isr_Looptimer.o)
                0x00008508                isr_Looptimer_SetPriority
 .text.isr_Looptimer_Enable
                0x0000852c       0x18 .\ARM_GCC_541\Debug\Proj07_hamflyAPI_stateMachineUpgrade.a(isr_Looptimer.o)
                0x0000852c                isr_Looptimer_Enable
 .text.isr_Looptimer_Disable
                0x00008544       0x18 .\ARM_GCC_541\Debug\Proj07_hamflyAPI_stateMachineUpgrade.a(isr_Looptimer.o)
                0x00008544                isr_Looptimer_Disable
 .text.EEPROM_CONFIG_Enable
                0x0000855c       0x10 .\ARM_GCC_541\Debug\Proj07_hamflyAPI_stateMachineUpgrade.a(EEPROM_CONFIG.o)
                0x0000855c                EEPROM_CONFIG_Enable
 .text.EEPROM_CONFIG_Start
                0x0000856c        0xc .\ARM_GCC_541\Debug\Proj07_hamflyAPI_stateMachineUpgrade.a(EEPROM_CONFIG.o)
                0x0000856c                EEPROM_CONFIG_Start
 .text.ADC_DelSig_1_AMux_Start
                0x00008578       0x34 .\ARM_GCC_541\Debug\Proj07_hamflyAPI_stateMachineUpgrade.a(ADC_DelSig_1_AMux.o)
                0x00008578                ADC_DelSig_1_AMux_Start
 .text.ADC_DelSig_1_AMux_Select
                0x000085ac       0x28 .\ARM_GCC_541\Debug\Proj07_hamflyAPI_stateMachineUpgrade.a(ADC_DelSig_1_AMux.o)
                0x000085ac                ADC_DelSig_1_AMux_Select
 .text.ADC_DelSig_1_Ext_CP_Clk_SetDividerRegister
                0x000085d4      0x164 .\ARM_GCC_541\Debug\Proj07_hamflyAPI_stateMachineUpgrade.a(ADC_DelSig_1_Ext_CP_Clk.o)
                0x000085d4                ADC_DelSig_1_Ext_CP_Clk_SetDividerRegister
 .text.ADC_DelSig_1_Ext_CP_Clk_GetDividerRegister
                0x00008738       0x18 .\ARM_GCC_541\Debug\Proj07_hamflyAPI_stateMachineUpgrade.a(ADC_DelSig_1_Ext_CP_Clk.o)
                0x00008738                ADC_DelSig_1_Ext_CP_Clk_GetDividerRegister
 .text.ADC_DelSig_1_Ext_CP_Clk_SetModeRegister
                0x00008750       0x34 .\ARM_GCC_541\Debug\Proj07_hamflyAPI_stateMachineUpgrade.a(ADC_DelSig_1_Ext_CP_Clk.o)
                0x00008750                ADC_DelSig_1_Ext_CP_Clk_SetModeRegister
 .text.ADC_DelSig_1_Ext_CP_Clk_GetSourceRegister
                0x00008784       0x1c .\ARM_GCC_541\Debug\Proj07_hamflyAPI_stateMachineUpgrade.a(ADC_DelSig_1_Ext_CP_Clk.o)
                0x00008784                ADC_DelSig_1_Ext_CP_Clk_GetSourceRegister
 .text.ADC_DelSig_1_theACLK_SetDividerRegister
                0x000087a0      0x164 .\ARM_GCC_541\Debug\Proj07_hamflyAPI_stateMachineUpgrade.a(ADC_DelSig_1_theACLK.o)
                0x000087a0                ADC_DelSig_1_theACLK_SetDividerRegister
 .text.ADC_DelSig_1_theACLK_GetDividerRegister
                0x00008904       0x18 .\ARM_GCC_541\Debug\Proj07_hamflyAPI_stateMachineUpgrade.a(ADC_DelSig_1_theACLK.o)
                0x00008904                ADC_DelSig_1_theACLK_GetDividerRegister
 .text.ADC_DelSig_1_theACLK_SetModeRegister
                0x0000891c       0x34 .\ARM_GCC_541\Debug\Proj07_hamflyAPI_stateMachineUpgrade.a(ADC_DelSig_1_theACLK.o)
                0x0000891c                ADC_DelSig_1_theACLK_SetModeRegister
 .text.ADC_DelSig_1_theACLK_GetSourceRegister
                0x00008950       0x1c .\ARM_GCC_541\Debug\Proj07_hamflyAPI_stateMachineUpgrade.a(ADC_DelSig_1_theACLK.o)
                0x00008950                ADC_DelSig_1_theACLK_GetSourceRegister
 .text.CySetTempInt
                0x0000896c       0x7c .\ARM_GCC_541\Debug\Proj07_hamflyAPI_stateMachineUpgrade.a(CyFlash.o)
 .text.CyFlashGetSpcAlgorithm
                0x000089e8       0x70 .\ARM_GCC_541\Debug\Proj07_hamflyAPI_stateMachineUpgrade.a(CyFlash.o)
                0x000089e8                CyFlashGetSpcAlgorithm
 .text.CySetTemp
                0x00008a58       0x24 .\ARM_GCC_541\Debug\Proj07_hamflyAPI_stateMachineUpgrade.a(CyFlash.o)
                0x00008a58                CySetTemp
 .text.CyEEPROM_Start
                0x00008a7c       0x8c .\ARM_GCC_541\Debug\Proj07_hamflyAPI_stateMachineUpgrade.a(CyFlash.o)
                0x00008a7c                CyEEPROM_Start
 .text.CyHalt   0x00008b08       0x18 .\ARM_GCC_541\Debug\Proj07_hamflyAPI_stateMachineUpgrade.a(CyLib.o)
                0x00008b08                CyHalt
 .text.CyDelayUs
                0x00008b20       0x28 .\ARM_GCC_541\Debug\Proj07_hamflyAPI_stateMachineUpgrade.a(CyLib.o)
                0x00008b20                CyDelayUs
 .text.CyIntSetVector
                0x00008b48       0x50 .\ARM_GCC_541\Debug\Proj07_hamflyAPI_stateMachineUpgrade.a(CyLib.o)
                0x00008b48                CyIntSetVector
 .text.CyIntSetPriority
                0x00008b98       0x48 .\ARM_GCC_541\Debug\Proj07_hamflyAPI_stateMachineUpgrade.a(CyLib.o)
                0x00008b98                CyIntSetPriority
 .text.CySpcStart
                0x00008be0       0x48 .\ARM_GCC_541\Debug\Proj07_hamflyAPI_stateMachineUpgrade.a(CySpc.o)
                0x00008be0                CySpcStart
 .text.CySpcReadData
                0x00008c28       0x54 .\ARM_GCC_541\Debug\Proj07_hamflyAPI_stateMachineUpgrade.a(CySpc.o)
                0x00008c28                CySpcReadData
 .text.CySpcGetTemp
                0x00008c7c       0x64 .\ARM_GCC_541\Debug\Proj07_hamflyAPI_stateMachineUpgrade.a(CySpc.o)
                0x00008c7c                CySpcGetTemp
 .text.CySpcLock
                0x00008ce0       0x68 .\ARM_GCC_541\Debug\Proj07_hamflyAPI_stateMachineUpgrade.a(CySpc.o)
                0x00008ce0                CySpcLock
 .text.CySpcUnlock
                0x00008d48       0x50 .\ARM_GCC_541\Debug\Proj07_hamflyAPI_stateMachineUpgrade.a(CySpc.o)
                0x00008d48                CySpcUnlock
 .text.CySpcGetAlgorithm
                0x00008d98       0x44 .\ARM_GCC_541\Debug\Proj07_hamflyAPI_stateMachineUpgrade.a(CySpc.o)
                0x00008d98                CySpcGetAlgorithm
 .text.UART_DEBUG_Start
                0x00008ddc       0x24 .\ARM_GCC_541\Debug\Proj07_hamflyAPI_stateMachineUpgrade.a(UART_DEBUG.o)
                0x00008ddc                UART_DEBUG_Start
 .text.UART_DEBUG_Init
                0x00008e00       0x40 .\ARM_GCC_541\Debug\Proj07_hamflyAPI_stateMachineUpgrade.a(UART_DEBUG.o)
                0x00008e00                UART_DEBUG_Init
 .text.UART_DEBUG_Enable
                0x00008e40       0x60 .\ARM_GCC_541\Debug\Proj07_hamflyAPI_stateMachineUpgrade.a(UART_DEBUG.o)
                0x00008e40                UART_DEBUG_Enable
 .text.UART_DEBUG_GetChar
                0x00008ea0       0x44 .\ARM_GCC_541\Debug\Proj07_hamflyAPI_stateMachineUpgrade.a(UART_DEBUG.o)
                0x00008ea0                UART_DEBUG_GetChar
 .text.UART_DEBUG_PutChar
                0x00008ee4       0x34 .\ARM_GCC_541\Debug\Proj07_hamflyAPI_stateMachineUpgrade.a(UART_DEBUG.o)
                0x00008ee4                UART_DEBUG_PutChar
 .text.UART_DEBUG_PutString
                0x00008f18       0x44 .\ARM_GCC_541\Debug\Proj07_hamflyAPI_stateMachineUpgrade.a(UART_DEBUG.o)
                0x00008f18                UART_DEBUG_PutString
 .text.UART_DEBUG_IntClock_Start
                0x00008f5c       0x34 .\ARM_GCC_541\Debug\Proj07_hamflyAPI_stateMachineUpgrade.a(UART_DEBUG_IntClock.o)
                0x00008f5c                UART_DEBUG_IntClock_Start
 .text.UART_SBC_Start
                0x00008f90       0x24 .\ARM_GCC_541\Debug\Proj07_hamflyAPI_stateMachineUpgrade.a(UART_SBC.o)
                0x00008f90                UART_SBC_Start
 .text.UART_SBC_Init
                0x00008fb4       0x40 .\ARM_GCC_541\Debug\Proj07_hamflyAPI_stateMachineUpgrade.a(UART_SBC.o)
                0x00008fb4                UART_SBC_Init
 .text.UART_SBC_Enable
                0x00008ff4       0x60 .\ARM_GCC_541\Debug\Proj07_hamflyAPI_stateMachineUpgrade.a(UART_SBC.o)
                0x00008ff4                UART_SBC_Enable
 .text.UART_SBC_ClearRxBuffer
                0x00009054       0x44 .\ARM_GCC_541\Debug\Proj07_hamflyAPI_stateMachineUpgrade.a(UART_SBC.o)
                0x00009054                UART_SBC_ClearRxBuffer
 .text.UART_SBC_PutChar
                0x00009098       0x34 .\ARM_GCC_541\Debug\Proj07_hamflyAPI_stateMachineUpgrade.a(UART_SBC.o)
                0x00009098                UART_SBC_PutChar
 .text.UART_SBC_ClearTxBuffer
                0x000090cc       0x44 .\ARM_GCC_541\Debug\Proj07_hamflyAPI_stateMachineUpgrade.a(UART_SBC.o)
                0x000090cc                UART_SBC_ClearTxBuffer
 .text.isr_rx_sbc_StartEx
                0x00009110       0x24 .\ARM_GCC_541\Debug\Proj07_hamflyAPI_stateMachineUpgrade.a(isr_rx_sbc.o)
                0x00009110                isr_rx_sbc_StartEx
 .text.isr_rx_sbc_SetVector
                0x00009134       0x24 .\ARM_GCC_541\Debug\Proj07_hamflyAPI_stateMachineUpgrade.a(isr_rx_sbc.o)
                0x00009134                isr_rx_sbc_SetVector
 .text.isr_rx_sbc_SetPriority
                0x00009158       0x24 .\ARM_GCC_541\Debug\Proj07_hamflyAPI_stateMachineUpgrade.a(isr_rx_sbc.o)
                0x00009158                isr_rx_sbc_SetPriority
 .text.isr_rx_sbc_Enable
                0x0000917c       0x18 .\ARM_GCC_541\Debug\Proj07_hamflyAPI_stateMachineUpgrade.a(isr_rx_sbc.o)
                0x0000917c                isr_rx_sbc_Enable
 .text.isr_rx_sbc_Disable
                0x00009194       0x18 .\ARM_GCC_541\Debug\Proj07_hamflyAPI_stateMachineUpgrade.a(isr_rx_sbc.o)
                0x00009194                isr_rx_sbc_Disable
 .text.UART_SBC_IntClock_Start
                0x000091ac       0x34 .\ARM_GCC_541\Debug\Proj07_hamflyAPI_stateMachineUpgrade.a(UART_SBC_IntClock.o)
                0x000091ac                UART_SBC_IntClock_Start
 .text          0x000091e0       0x54 .\ARM_GCC_541\Debug\Proj07_hamflyAPI_stateMachineUpgrade.a(CyBootAsmGnu.o)
                0x000091e0                CyDelayCycles
                0x0000921e                CyEnterCriticalSection
                0x00009226                CyExitCriticalSection
 .text.cosf     0x00009234       0x78 c:/program files (x86)/cypress/psoc creator/4.4/psoc creator/import/gnu/arm/5.4.1/bin/../lib/gcc/arm-none-eabi/5.4.1/../../../../arm-none-eabi/lib/armv7-m\libm.a(lib_a-sf_cos.o)
                0x00009234                cosf
 .text.sinf     0x000092ac       0x7c c:/program files (x86)/cypress/psoc creator/4.4/psoc creator/import/gnu/arm/5.4.1/bin/../lib/gcc/arm-none-eabi/5.4.1/../../../../arm-none-eabi/lib/armv7-m\libm.a(lib_a-sf_sin.o)
                0x000092ac                sinf
 .text.asinf    0x00009328       0xa4 c:/program files (x86)/cypress/psoc creator/4.4/psoc creator/import/gnu/arm/5.4.1/bin/../lib/gcc/arm-none-eabi/5.4.1/../../../../arm-none-eabi/lib/armv7-m\libm.a(lib_a-wf_asin.o)
                0x00009328                asinf
 .text.atan2f   0x000093cc        0x4 c:/program files (x86)/cypress/psoc creator/4.4/psoc creator/import/gnu/arm/5.4.1/bin/../lib/gcc/arm-none-eabi/5.4.1/../../../../arm-none-eabi/lib/armv7-m\libm.a(lib_a-wf_atan2.o)
                0x000093cc                atan2f
 .text.sqrtf    0x000093d0       0x9c c:/program files (x86)/cypress/psoc creator/4.4/psoc creator/import/gnu/arm/5.4.1/bin/../lib/gcc/arm-none-eabi/5.4.1/../../../../arm-none-eabi/lib/armv7-m\libm.a(lib_a-wf_sqrt.o)
                0x000093d0                sqrtf
 .text.__ieee754_asinf
                0x0000946c      0x294 c:/program files (x86)/cypress/psoc creator/4.4/psoc creator/import/gnu/arm/5.4.1/bin/../lib/gcc/arm-none-eabi/5.4.1/../../../../arm-none-eabi/lib/armv7-m\libm.a(lib_a-ef_asin.o)
                0x0000946c                __ieee754_asinf
 .text.__ieee754_atan2f
                0x00009700      0x124 c:/program files (x86)/cypress/psoc creator/4.4/psoc creator/import/gnu/arm/5.4.1/bin/../lib/gcc/arm-none-eabi/5.4.1/../../../../arm-none-eabi/lib/armv7-m\libm.a(lib_a-ef_atan2.o)
                0x00009700                __ieee754_atan2f
 .text.__ieee754_rem_pio2f
                0x00009824      0x2e4 c:/program files (x86)/cypress/psoc creator/4.4/psoc creator/import/gnu/arm/5.4.1/bin/../lib/gcc/arm-none-eabi/5.4.1/../../../../arm-none-eabi/lib/armv7-m\libm.a(lib_a-ef_rem_pio2.o)
                0x00009824                __ieee754_rem_pio2f
 .text.__ieee754_sqrtf
                0x00009b08       0xa8 c:/program files (x86)/cypress/psoc creator/4.4/psoc creator/import/gnu/arm/5.4.1/bin/../lib/gcc/arm-none-eabi/5.4.1/../../../../arm-none-eabi/lib/armv7-m\libm.a(lib_a-ef_sqrt.o)
                0x00009b08                __ieee754_sqrtf
 .text.__kernel_cosf
                0x00009bb0      0x188 c:/program files (x86)/cypress/psoc creator/4.4/psoc creator/import/gnu/arm/5.4.1/bin/../lib/gcc/arm-none-eabi/5.4.1/../../../../arm-none-eabi/lib/armv7-m\libm.a(lib_a-kf_cos.o)
                0x00009bb0                __kernel_cosf
 .text.__kernel_rem_pio2f
                0x00009d38      0x6a0 c:/program files (x86)/cypress/psoc creator/4.4/psoc creator/import/gnu/arm/5.4.1/bin/../lib/gcc/arm-none-eabi/5.4.1/../../../../arm-none-eabi/lib/armv7-m\libm.a(lib_a-kf_rem_pio2.o)
                0x00009d38                __kernel_rem_pio2f
 .text.__kernel_sinf
                0x0000a3d8       0xec c:/program files (x86)/cypress/psoc creator/4.4/psoc creator/import/gnu/arm/5.4.1/bin/../lib/gcc/arm-none-eabi/5.4.1/../../../../arm-none-eabi/lib/armv7-m\libm.a(lib_a-kf_sin.o)
                0x0000a3d8                __kernel_sinf
 .text.matherr  0x0000a4c4        0x4 c:/program files (x86)/cypress/psoc creator/4.4/psoc creator/import/gnu/arm/5.4.1/bin/../lib/gcc/arm-none-eabi/5.4.1/../../../../arm-none-eabi/lib/armv7-m\libm.a(lib_a-s_matherr.o)
                0x0000a4c4                matherr
 .text.nan      0x0000a4c8        0xc c:/program files (x86)/cypress/psoc creator/4.4/psoc creator/import/gnu/arm/5.4.1/bin/../lib/gcc/arm-none-eabi/5.4.1/../../../../arm-none-eabi/lib/armv7-m\libm.a(lib_a-s_nan.o)
                0x0000a4c8                nan
 .text.atanf    0x0000a4d4      0x22c c:/program files (x86)/cypress/psoc creator/4.4/psoc creator/import/gnu/arm/5.4.1/bin/../lib/gcc/arm-none-eabi/5.4.1/../../../../arm-none-eabi/lib/armv7-m\libm.a(lib_a-sf_atan.o)
                0x0000a4d4                atanf
 .text.fabsf    0x0000a700        0x8 c:/program files (x86)/cypress/psoc creator/4.4/psoc creator/import/gnu/arm/5.4.1/bin/../lib/gcc/arm-none-eabi/5.4.1/../../../../arm-none-eabi/lib/armv7-m\libm.a(lib_a-sf_fabs.o)
                0x0000a700                fabsf
 .text.floorf   0x0000a708       0x8c c:/program files (x86)/cypress/psoc creator/4.4/psoc creator/import/gnu/arm/5.4.1/bin/../lib/gcc/arm-none-eabi/5.4.1/../../../../arm-none-eabi/lib/armv7-m\libm.a(lib_a-sf_floor.o)
                0x0000a708                floorf
 .text.scalbnf  0x0000a794       0xb0 c:/program files (x86)/cypress/psoc creator/4.4/psoc creator/import/gnu/arm/5.4.1/bin/../lib/gcc/arm-none-eabi/5.4.1/../../../../arm-none-eabi/lib/armv7-m\libm.a(lib_a-sf_scalbn.o)
                0x0000a794                scalbnf
 .text.copysignf
                0x0000a844        0xc c:/program files (x86)/cypress/psoc creator/4.4/psoc creator/import/gnu/arm/5.4.1/bin/../lib/gcc/arm-none-eabi/5.4.1/../../../../arm-none-eabi/lib/armv7-m\libm.a(lib_a-sf_copysign.o)
                0x0000a844                copysignf
 .text          0x0000a850      0x370 c:/program files (x86)/cypress/psoc creator/4.4/psoc creator/import/gnu/arm/5.4.1/bin/../lib/gcc/arm-none-eabi/5.4.1/armv7-m\libgcc.a(_arm_addsubdf3.o)
                0x0000a850                __aeabi_drsub
                0x0000a858                __aeabi_dsub
                0x0000a858                __subdf3
                0x0000a85c                __aeabi_dadd
                0x0000a85c                __adddf3
                0x0000aad4                __floatunsidf
                0x0000aad4                __aeabi_ui2d
                0x0000aaf4                __floatsidf
                0x0000aaf4                __aeabi_i2d
                0x0000ab18                __aeabi_f2d
                0x0000ab18                __extendsfdf2
                0x0000ab54                __floatundidf
                0x0000ab54                __aeabi_ul2d
                0x0000ab64                __floatdidf
                0x0000ab64                __aeabi_l2d
 .text          0x0000abc0      0x424 c:/program files (x86)/cypress/psoc creator/4.4/psoc creator/import/gnu/arm/5.4.1/bin/../lib/gcc/arm-none-eabi/5.4.1/armv7-m\libgcc.a(_arm_muldivdf3.o)
                0x0000abc0                __aeabi_dmul
                0x0000abc0                __muldf3
                0x0000ae14                __divdf3
                0x0000ae14                __aeabi_ddiv
 .text          0x0000afe4      0x110 c:/program files (x86)/cypress/psoc creator/4.4/psoc creator/import/gnu/arm/5.4.1/bin/../lib/gcc/arm-none-eabi/5.4.1/armv7-m\libgcc.a(_arm_cmpdf2.o)
                0x0000afe4                __gtdf2
                0x0000afe4                __gedf2
                0x0000afec                __ltdf2
                0x0000afec                __ledf2
                0x0000aff4                __nedf2
                0x0000aff4                __eqdf2
                0x0000aff4                __cmpdf2
                0x0000b070                __aeabi_cdrcmple
                0x0000b080                __aeabi_cdcmpeq
                0x0000b080                __aeabi_cdcmple
                0x0000b090                __aeabi_dcmpeq
                0x0000b0a4                __aeabi_dcmplt
                0x0000b0b8                __aeabi_dcmple
                0x0000b0cc                __aeabi_dcmpge
                0x0000b0e0                __aeabi_dcmpgt
 .text          0x0000b0f4       0x2c c:/program files (x86)/cypress/psoc creator/4.4/psoc creator/import/gnu/arm/5.4.1/bin/../lib/gcc/arm-none-eabi/5.4.1/armv7-m\libgcc.a(_arm_unorddf2.o)
                0x0000b0f4                __unorddf2
                0x0000b0f4                __aeabi_dcmpun
 .text          0x0000b120       0x50 c:/program files (x86)/cypress/psoc creator/4.4/psoc creator/import/gnu/arm/5.4.1/bin/../lib/gcc/arm-none-eabi/5.4.1/armv7-m\libgcc.a(_arm_fixdfsi.o)
                0x0000b120                __aeabi_d2iz
                0x0000b120                __fixdfsi
 .text          0x0000b170       0xa0 c:/program files (x86)/cypress/psoc creator/4.4/psoc creator/import/gnu/arm/5.4.1/bin/../lib/gcc/arm-none-eabi/5.4.1/armv7-m\libgcc.a(_arm_truncdfsf2.o)
                0x0000b170                __truncdfsf2
                0x0000b170                __aeabi_d2f
 .text          0x0000b210      0x21c c:/program files (x86)/cypress/psoc creator/4.4/psoc creator/import/gnu/arm/5.4.1/bin/../lib/gcc/arm-none-eabi/5.4.1/armv7-m\libgcc.a(_arm_addsubsf3.o)
                0x0000b210                __aeabi_frsub
                0x0000b218                __subsf3
                0x0000b218                __aeabi_fsub
                0x0000b21c                __aeabi_fadd
                0x0000b21c                __addsf3
                0x0000b37c                __aeabi_ui2f
                0x0000b37c                __floatunsisf
                0x0000b384                __aeabi_i2f
                0x0000b384                __floatsisf
                0x0000b3a0                __aeabi_ul2f
                0x0000b3a0                __floatundisf
                0x0000b3b0                __aeabi_l2f
                0x0000b3b0                __floatdisf
 .text          0x0000b42c      0x2a0 c:/program files (x86)/cypress/psoc creator/4.4/psoc creator/import/gnu/arm/5.4.1/bin/../lib/gcc/arm-none-eabi/5.4.1/armv7-m\libgcc.a(_arm_muldivsf3.o)
                0x0000b42c                __mulsf3
                0x0000b42c                __aeabi_fmul
                0x0000b594                __aeabi_fdiv
                0x0000b594                __divsf3
 .text          0x0000b6cc       0xec c:/program files (x86)/cypress/psoc creator/4.4/psoc creator/import/gnu/arm/5.4.1/bin/../lib/gcc/arm-none-eabi/5.4.1/armv7-m\libgcc.a(_arm_cmpsf2.o)
                0x0000b6cc                __gesf2
                0x0000b6cc                __gtsf2
                0x0000b6d4                __lesf2
                0x0000b6d4                __ltsf2
                0x0000b6dc                __nesf2
                0x0000b6dc                __eqsf2
                0x0000b6dc                __cmpsf2
                0x0000b73c                __aeabi_cfrcmple
                0x0000b744                __aeabi_cfcmpeq
                0x0000b744                __aeabi_cfcmple
                0x0000b754                __aeabi_fcmpeq
                0x0000b768                __aeabi_fcmplt
                0x0000b77c                __aeabi_fcmple
                0x0000b790                __aeabi_fcmpge
                0x0000b7a4                __aeabi_fcmpgt
 .text          0x0000b7b8       0x2c c:/program files (x86)/cypress/psoc creator/4.4/psoc creator/import/gnu/arm/5.4.1/bin/../lib/gcc/arm-none-eabi/5.4.1/armv7-m\libgcc.a(_arm_unordsf2.o)
                0x0000b7b8                __unordsf2
                0x0000b7b8                __aeabi_fcmpun
 .text          0x0000b7e4       0x4c c:/program files (x86)/cypress/psoc creator/4.4/psoc creator/import/gnu/arm/5.4.1/bin/../lib/gcc/arm-none-eabi/5.4.1/armv7-m\libgcc.a(_arm_fixsfsi.o)
                0x0000b7e4                __aeabi_f2iz
                0x0000b7e4                __fixsfsi
 .text          0x0000b830       0x40 c:/program files (x86)/cypress/psoc creator/4.4/psoc creator/import/gnu/arm/5.4.1/bin/../lib/gcc/arm-none-eabi/5.4.1/armv7-m\libgcc.a(_arm_fixunssfsi.o)
                0x0000b830                __fixunssfsi
                0x0000b830                __aeabi_f2uiz
 .text.__errno  0x0000b870        0xc c:/program files (x86)/cypress/psoc creator/4.4/psoc creator/import/gnu/arm/5.4.1/bin/../lib/gcc/arm-none-eabi/5.4.1/../../../../arm-none-eabi/lib/armv7-m\libg_nano.a(lib_a-errno.o)
                0x0000b870                __errno
 .text.__libc_init_array
                0x0000b87c       0x4c c:/program files (x86)/cypress/psoc creator/4.4/psoc creator/import/gnu/arm/5.4.1/bin/../lib/gcc/arm-none-eabi/5.4.1/../../../../arm-none-eabi/lib/armv7-m\libg_nano.a(lib_a-init.o)
                0x0000b87c                __libc_init_array
 .text.memcpy   0x0000b8c8       0x16 c:/program files (x86)/cypress/psoc creator/4.4/psoc creator/import/gnu/arm/5.4.1/bin/../lib/gcc/arm-none-eabi/5.4.1/../../../../arm-none-eabi/lib/armv7-m\libg_nano.a(lib_a-memcpy-stub.o)
                0x0000b8c8                memcpy
 .text.memset   0x0000b8de       0x10 c:/program files (x86)/cypress/psoc creator/4.4/psoc creator/import/gnu/arm/5.4.1/bin/../lib/gcc/arm-none-eabi/5.4.1/../../../../arm-none-eabi/lib/armv7-m\libg_nano.a(lib_a-memset.o)
                0x0000b8de                memset
 .text.__cvt    0x0000b8ee       0xc0 c:/program files (x86)/cypress/psoc creator/4.4/psoc creator/import/gnu/arm/5.4.1/bin/../lib/gcc/arm-none-eabi/5.4.1/../../../../arm-none-eabi/lib/armv7-m\libg_nano.a(lib_a-nano-vfprintf_float.o)
                0x0000b8ee                __cvt
 .text.__exponent
                0x0000b9ae       0x62 c:/program files (x86)/cypress/psoc creator/4.4/psoc creator/import/gnu/arm/5.4.1/bin/../lib/gcc/arm-none-eabi/5.4.1/../../../../arm-none-eabi/lib/armv7-m\libg_nano.a(lib_a-nano-vfprintf_float.o)
                0x0000b9ae                __exponent
 .text._printf_float
                0x0000ba10      0x488 c:/program files (x86)/cypress/psoc creator/4.4/psoc creator/import/gnu/arm/5.4.1/bin/../lib/gcc/arm-none-eabi/5.4.1/../../../../arm-none-eabi/lib/armv7-m\libg_nano.a(lib_a-nano-vfprintf_float.o)
                0x0000ba10                _printf_float
 .text._printf_common
                0x0000be98       0xec c:/program files (x86)/cypress/psoc creator/4.4/psoc creator/import/gnu/arm/5.4.1/bin/../lib/gcc/arm-none-eabi/5.4.1/../../../../arm-none-eabi/lib/armv7-m\libg_nano.a(lib_a-nano-vfprintf_i.o)
                0x0000be98                _printf_common
 .text._printf_i
                0x0000bf84      0x24c c:/program files (x86)/cypress/psoc creator/4.4/psoc creator/import/gnu/arm/5.4.1/bin/../lib/gcc/arm-none-eabi/5.4.1/../../../../arm-none-eabi/lib/armv7-m\libg_nano.a(lib_a-nano-vfprintf_i.o)
                0x0000bf84                _printf_i
 .text.snprintf
                0x0000c1d0       0x64 c:/program files (x86)/cypress/psoc creator/4.4/psoc creator/import/gnu/arm/5.4.1/bin/../lib/gcc/arm-none-eabi/5.4.1/../../../../arm-none-eabi/lib/armv7-m\libg_nano.a(lib_a-snprintf.o)
                0x0000c1d0                sniprintf
                0x0000c1d0                snprintf
 .text          0x0000c234       0x10 c:/program files (x86)/cypress/psoc creator/4.4/psoc creator/import/gnu/arm/5.4.1/bin/../lib/gcc/arm-none-eabi/5.4.1/../../../../arm-none-eabi/lib/armv7-m\libg_nano.a(lib_a-strlen.o)
                0x0000c234                strlen
 .text.quorem   0x0000c244      0x116 c:/program files (x86)/cypress/psoc creator/4.4/psoc creator/import/gnu/arm/5.4.1/bin/../lib/gcc/arm-none-eabi/5.4.1/../../../../arm-none-eabi/lib/armv7-m\libg_nano.a(lib_a-dtoa.o)
 *fill*         0x0000c35a        0x6 
 .text._dtoa_r  0x0000c360      0xb30 c:/program files (x86)/cypress/psoc creator/4.4/psoc creator/import/gnu/arm/5.4.1/bin/../lib/gcc/arm-none-eabi/5.4.1/../../../../arm-none-eabi/lib/armv7-m\libg_nano.a(lib_a-dtoa.o)
                0x0000c360                _dtoa_r
 .text._localeconv_r
                0x0000ce90        0x8 c:/program files (x86)/cypress/psoc creator/4.4/psoc creator/import/gnu/arm/5.4.1/bin/../lib/gcc/arm-none-eabi/5.4.1/../../../../arm-none-eabi/lib/armv7-m\libg_nano.a(lib_a-locale.o)
                0x0000ce90                _localeconv_r
 .text.malloc   0x0000ce98       0x10 c:/program files (x86)/cypress/psoc creator/4.4/psoc creator/import/gnu/arm/5.4.1/bin/../lib/gcc/arm-none-eabi/5.4.1/../../../../arm-none-eabi/lib/armv7-m\libg_nano.a(lib_a-malloc.o)
                0x0000ce98                malloc
 .text.memchr   0x0000cea8       0x1c c:/program files (x86)/cypress/psoc creator/4.4/psoc creator/import/gnu/arm/5.4.1/bin/../lib/gcc/arm-none-eabi/5.4.1/../../../../arm-none-eabi/lib/armv7-m\libg_nano.a(lib_a-memchr-stub.o)
                0x0000cea8                memchr
 .text._Balloc  0x0000cec4       0x6a c:/program files (x86)/cypress/psoc creator/4.4/psoc creator/import/gnu/arm/5.4.1/bin/../lib/gcc/arm-none-eabi/5.4.1/../../../../arm-none-eabi/lib/armv7-m\libg_nano.a(lib_a-mprec.o)
                0x0000cec4                _Balloc
 .text._Bfree   0x0000cf2e       0x2e c:/program files (x86)/cypress/psoc creator/4.4/psoc creator/import/gnu/arm/5.4.1/bin/../lib/gcc/arm-none-eabi/5.4.1/../../../../arm-none-eabi/lib/armv7-m\libg_nano.a(lib_a-mprec.o)
                0x0000cf2e                _Bfree
 .text.__multadd
                0x0000cf5c       0x76 c:/program files (x86)/cypress/psoc creator/4.4/psoc creator/import/gnu/arm/5.4.1/bin/../lib/gcc/arm-none-eabi/5.4.1/../../../../arm-none-eabi/lib/armv7-m\libg_nano.a(lib_a-mprec.o)
                0x0000cf5c                __multadd
 .text.__hi0bits
                0x0000cfd2       0x40 c:/program files (x86)/cypress/psoc creator/4.4/psoc creator/import/gnu/arm/5.4.1/bin/../lib/gcc/arm-none-eabi/5.4.1/../../../../arm-none-eabi/lib/armv7-m\libg_nano.a(lib_a-mprec.o)
                0x0000cfd2                __hi0bits
 .text.__lo0bits
                0x0000d012       0x5a c:/program files (x86)/cypress/psoc creator/4.4/psoc creator/import/gnu/arm/5.4.1/bin/../lib/gcc/arm-none-eabi/5.4.1/../../../../arm-none-eabi/lib/armv7-m\libg_nano.a(lib_a-mprec.o)
                0x0000d012                __lo0bits
 .text.__i2b    0x0000d06c       0x12 c:/program files (x86)/cypress/psoc creator/4.4/psoc creator/import/gnu/arm/5.4.1/bin/../lib/gcc/arm-none-eabi/5.4.1/../../../../arm-none-eabi/lib/armv7-m\libg_nano.a(lib_a-mprec.o)
                0x0000d06c                __i2b
 .text.__multiply
                0x0000d07e      0x120 c:/program files (x86)/cypress/psoc creator/4.4/psoc creator/import/gnu/arm/5.4.1/bin/../lib/gcc/arm-none-eabi/5.4.1/../../../../arm-none-eabi/lib/armv7-m\libg_nano.a(lib_a-mprec.o)
                0x0000d07e                __multiply
 *fill*         0x0000d19e        0x2 
 .text.__pow5mult
                0x0000d1a0       0x9c c:/program files (x86)/cypress/psoc creator/4.4/psoc creator/import/gnu/arm/5.4.1/bin/../lib/gcc/arm-none-eabi/5.4.1/../../../../arm-none-eabi/lib/armv7-m\libg_nano.a(lib_a-mprec.o)
                0x0000d1a0                __pow5mult
 .text.__lshift
                0x0000d23c       0xa2 c:/program files (x86)/cypress/psoc creator/4.4/psoc creator/import/gnu/arm/5.4.1/bin/../lib/gcc/arm-none-eabi/5.4.1/../../../../arm-none-eabi/lib/armv7-m\libg_nano.a(lib_a-mprec.o)
                0x0000d23c                __lshift
 .text.__mcmp   0x0000d2de       0x38 c:/program files (x86)/cypress/psoc creator/4.4/psoc creator/import/gnu/arm/5.4.1/bin/../lib/gcc/arm-none-eabi/5.4.1/../../../../arm-none-eabi/lib/armv7-m\libg_nano.a(lib_a-mprec.o)
                0x0000d2de                __mcmp
 .text.__mdiff  0x0000d316       0xbe c:/program files (x86)/cypress/psoc creator/4.4/psoc creator/import/gnu/arm/5.4.1/bin/../lib/gcc/arm-none-eabi/5.4.1/../../../../arm-none-eabi/lib/armv7-m\libg_nano.a(lib_a-mprec.o)
                0x0000d316                __mdiff
 .text.__d2b    0x0000d3d4       0x9c c:/program files (x86)/cypress/psoc creator/4.4/psoc creator/import/gnu/arm/5.4.1/bin/../lib/gcc/arm-none-eabi/5.4.1/../../../../arm-none-eabi/lib/armv7-m\libg_nano.a(lib_a-mprec.o)
                0x0000d3d4                __d2b
 .text._calloc_r
                0x0000d470       0x1c c:/program files (x86)/cypress/psoc creator/4.4/psoc creator/import/gnu/arm/5.4.1/bin/../lib/gcc/arm-none-eabi/5.4.1/../../../../arm-none-eabi/lib/armv7-m\libg_nano.a(lib_a-nano-callocr.o)
                0x0000d470                _calloc_r
 .text._free_r  0x0000d48c       0x98 c:/program files (x86)/cypress/psoc creator/4.4/psoc creator/import/gnu/arm/5.4.1/bin/../lib/gcc/arm-none-eabi/5.4.1/../../../../arm-none-eabi/lib/armv7-m\libg_nano.a(lib_a-nano-freer.o)
                0x0000d48c                _free_r
 .text._malloc_r
                0x0000d524       0xbc c:/program files (x86)/cypress/psoc creator/4.4/psoc creator/import/gnu/arm/5.4.1/bin/../lib/gcc/arm-none-eabi/5.4.1/../../../../arm-none-eabi/lib/armv7-m\libg_nano.a(lib_a-nano-mallocr.o)
                0x0000d524                _malloc_r
 .text.__ssputs_r
                0x0000d5e0       0xb2 c:/program files (x86)/cypress/psoc creator/4.4/psoc creator/import/gnu/arm/5.4.1/bin/../lib/gcc/arm-none-eabi/5.4.1/../../../../arm-none-eabi/lib/armv7-m\libg_nano.a(lib_a-nano-svfprintf.o)
                0x0000d5e0                __ssputs_r
 *fill*         0x0000d692        0x2 
 .text._svfprintf_r
                0x0000d694      0x1e8 c:/program files (x86)/cypress/psoc creator/4.4/psoc creator/import/gnu/arm/5.4.1/bin/../lib/gcc/arm-none-eabi/5.4.1/../../../../arm-none-eabi/lib/armv7-m\libg_nano.a(lib_a-nano-svfprintf.o)
                0x0000d694                _svfiprintf_r
                0x0000d694                _svfprintf_r
 .text._sbrk_r  0x0000d87c       0x20 c:/program files (x86)/cypress/psoc creator/4.4/psoc creator/import/gnu/arm/5.4.1/bin/../lib/gcc/arm-none-eabi/5.4.1/../../../../arm-none-eabi/lib/armv7-m\libg_nano.a(lib_a-sbrkr.o)
                0x0000d87c                _sbrk_r
 .text.memmove  0x0000d89c       0x36 c:/program files (x86)/cypress/psoc creator/4.4/psoc creator/import/gnu/arm/5.4.1/bin/../lib/gcc/arm-none-eabi/5.4.1/../../../../arm-none-eabi/lib/armv7-m\libg_nano.a(lib_a-memmove.o)
                0x0000d89c                memmove
 .text.__malloc_lock
                0x0000d8d2        0x2 c:/program files (x86)/cypress/psoc creator/4.4/psoc creator/import/gnu/arm/5.4.1/bin/../lib/gcc/arm-none-eabi/5.4.1/../../../../arm-none-eabi/lib/armv7-m\libg_nano.a(lib_a-mlock.o)
                0x0000d8d2                __malloc_lock
 .text.__malloc_unlock
                0x0000d8d4        0x2 c:/program files (x86)/cypress/psoc creator/4.4/psoc creator/import/gnu/arm/5.4.1/bin/../lib/gcc/arm-none-eabi/5.4.1/../../../../arm-none-eabi/lib/armv7-m\libg_nano.a(lib_a-mlock.o)
                0x0000d8d4                __malloc_unlock
 .text._realloc_r
                0x0000d8d6       0x4c c:/program files (x86)/cypress/psoc creator/4.4/psoc creator/import/gnu/arm/5.4.1/bin/../lib/gcc/arm-none-eabi/5.4.1/../../../../arm-none-eabi/lib/armv7-m\libg_nano.a(lib_a-nano-reallocr.o)
                0x0000d8d6                _realloc_r
 .text._malloc_usable_size_r
                0x0000d922       0x14 c:/program files (x86)/cypress/psoc creator/4.4/psoc creator/import/gnu/arm/5.4.1/bin/../lib/gcc/arm-none-eabi/5.4.1/../../../../arm-none-eabi/lib/armv7-m\libg_nano.a(lib_a-nano-msizer.o)
                0x0000d922                _malloc_usable_size_r
 *(.plt)
 *(.gnu.warning)
 *(.glue_7t)
 .glue_7t       0x0000d936        0x0 linker stubs
 *(.glue_7)
 .glue_7        0x0000d936        0x0 linker stubs
 *(.vfp11_veneer)
 .vfp11_veneer  0x0000d936        0x0 linker stubs
 *(.bootloader)
 *(.ARM.extab* .gnu.linkonce.armextab.*)
 *(.gcc_except_table)

.v4_bx          0x0000d938        0x0
 .v4_bx         0x0000d938        0x0 linker stubs

.iplt           0x0000d938        0x0
 .iplt          0x0000d938        0x0 c:/program files (x86)/cypress/psoc creator/4.4/psoc creator/import/gnu/arm/5.4.1/bin/../lib/gcc/arm-none-eabi/5.4.1/armv7-m/crtbegin.o

.eh_frame_hdr
 *(.eh_frame_hdr)

.eh_frame       0x0000d938        0x4
 *(.eh_frame)
 .eh_frame      0x0000d938        0x0 c:/program files (x86)/cypress/psoc creator/4.4/psoc creator/import/gnu/arm/5.4.1/bin/../lib/gcc/arm-none-eabi/5.4.1/armv7-m/crtbegin.o
 .eh_frame      0x0000d938        0x4 c:/program files (x86)/cypress/psoc creator/4.4/psoc creator/import/gnu/arm/5.4.1/bin/../lib/gcc/arm-none-eabi/5.4.1/armv7-m/crtend.o
                [!provide]                PROVIDE (__exidx_start, .)

.ARM.exidx
 *(.ARM.exidx* .gnu.linkonce.armexidx.*)
                0x0000d93c                __exidx_end = .

.rodata         0x0000d940     0x1058
 *(.rodata .rodata.* .gnu.linkonce.r.*)
 .rodata        0x0000d940      0x236 .\ARM_GCC_541\Debug\main.o
 *fill*         0x0000db76        0x2 
 .rodata        0x0000db78      0x384 .\ARM_GCC_541\Debug\app_statemachine.o
 .rodata        0x0000defc      0x100 .\ARM_GCC_541\Debug\sbc_comms.o
 .rodata        0x0000dffc       0x5b .\ARM_GCC_541\Debug\app_state_stby.o
 *fill*         0x0000e057        0x1 
 .rodata        0x0000e058       0x7b .\ARM_GCC_541\Debug\app_state_manu.o
 *fill*         0x0000e0d3        0x1 
 .rodata        0x0000e0d4      0x23e .\ARM_GCC_541\Debug\app_state_auto.o
 *fill*         0x0000e312        0x2 
 .rodata        0x0000e314       0x90 .\ARM_GCC_541\Debug\app_state_error.o
 .rodata        0x0000e3a4        0x4 .\ARM_GCC_541\Debug\hamfly_core_telemetry.o
 .rodata        0x0000e3a8       0x56 .\ARM_GCC_541\Debug\cyfitter_cfg.o
                0x0000e3a8                AMux_1__addrTable
                0x0000e3b8                AMux_1__maskTable
                0x0000e3bc                ADC_DelSig_1_AMux__addrTable
                0x0000e3c4                ADC_DelSig_1_AMux__maskTable
 *fill*         0x0000e3fe        0x2 
 .rodata.str1.4
                0x0000e400        0x9 c:/program files (x86)/cypress/psoc creator/4.4/psoc creator/import/gnu/arm/5.4.1/bin/../lib/gcc/arm-none-eabi/5.4.1/../../../../arm-none-eabi/lib/armv7-m\libm.a(lib_a-wf_asin.o)
 *fill*         0x0000e409        0x3 
 .rodata.str1.4
                0x0000e40c        0x8 c:/program files (x86)/cypress/psoc creator/4.4/psoc creator/import/gnu/arm/5.4.1/bin/../lib/gcc/arm-none-eabi/5.4.1/../../../../arm-none-eabi/lib/armv7-m\libm.a(lib_a-wf_sqrt.o)
                                  0x6 (size before relaxing)
 .rodata.npio2_hw
                0x0000e414       0x80 c:/program files (x86)/cypress/psoc creator/4.4/psoc creator/import/gnu/arm/5.4.1/bin/../lib/gcc/arm-none-eabi/5.4.1/../../../../arm-none-eabi/lib/armv7-m\libm.a(lib_a-ef_rem_pio2.o)
 .rodata.two_over_pi
                0x0000e494      0x318 c:/program files (x86)/cypress/psoc creator/4.4/psoc creator/import/gnu/arm/5.4.1/bin/../lib/gcc/arm-none-eabi/5.4.1/../../../../arm-none-eabi/lib/armv7-m\libm.a(lib_a-ef_rem_pio2.o)
 .rodata.init_jk
                0x0000e7ac        0xc c:/program files (x86)/cypress/psoc creator/4.4/psoc creator/import/gnu/arm/5.4.1/bin/../lib/gcc/arm-none-eabi/5.4.1/../../../../arm-none-eabi/lib/armv7-m\libm.a(lib_a-kf_rem_pio2.o)
 .rodata.PIo2   0x0000e7b8       0x2c c:/program files (x86)/cypress/psoc creator/4.4/psoc creator/import/gnu/arm/5.4.1/bin/../lib/gcc/arm-none-eabi/5.4.1/../../../../arm-none-eabi/lib/armv7-m\libm.a(lib_a-kf_rem_pio2.o)
 .rodata.atanlo
                0x0000e7e4       0x10 c:/program files (x86)/cypress/psoc creator/4.4/psoc creator/import/gnu/arm/5.4.1/bin/../lib/gcc/arm-none-eabi/5.4.1/../../../../arm-none-eabi/lib/armv7-m\libm.a(lib_a-sf_atan.o)
 .rodata.atanhi
                0x0000e7f4       0x10 c:/program files (x86)/cypress/psoc creator/4.4/psoc creator/import/gnu/arm/5.4.1/bin/../lib/gcc/arm-none-eabi/5.4.1/../../../../arm-none-eabi/lib/armv7-m\libm.a(lib_a-sf_atan.o)
 .rodata.str1.1
                0x0000e804        0x2 c:/program files (x86)/cypress/psoc creator/4.4/psoc creator/import/gnu/arm/5.4.1/bin/../lib/gcc/arm-none-eabi/5.4.1/../../../../arm-none-eabi/lib/armv7-m\libg_nano.a(lib_a-impure.o)
 .rodata.str1.1
                0x0000e806       0x12 c:/program files (x86)/cypress/psoc creator/4.4/psoc creator/import/gnu/arm/5.4.1/bin/../lib/gcc/arm-none-eabi/5.4.1/../../../../arm-none-eabi/lib/armv7-m\libg_nano.a(lib_a-nano-vfprintf_float.o)
 .rodata.str1.1
                0x0000e818       0x22 c:/program files (x86)/cypress/psoc creator/4.4/psoc creator/import/gnu/arm/5.4.1/bin/../lib/gcc/arm-none-eabi/5.4.1/../../../../arm-none-eabi/lib/armv7-m\libg_nano.a(lib_a-nano-vfprintf_i.o)
 .rodata.str1.1
                0x0000e83a        0xd c:/program files (x86)/cypress/psoc creator/4.4/psoc creator/import/gnu/arm/5.4.1/bin/../lib/gcc/arm-none-eabi/5.4.1/../../../../arm-none-eabi/lib/armv7-m\libg_nano.a(lib_a-dtoa.o)
                                  0xf (size before relaxing)
 .rodata.str1.1
                0x0000e847        0x8 c:/program files (x86)/cypress/psoc creator/4.4/psoc creator/import/gnu/arm/5.4.1/bin/../lib/gcc/arm-none-eabi/5.4.1/../../../../arm-none-eabi/lib/armv7-m\libg_nano.a(lib_a-locale.o)
                                  0xb (size before relaxing)
 *fill*         0x0000e84f        0x1 
 .rodata.__mprec_tens
                0x0000e850       0xc8 c:/program files (x86)/cypress/psoc creator/4.4/psoc creator/import/gnu/arm/5.4.1/bin/../lib/gcc/arm-none-eabi/5.4.1/../../../../arm-none-eabi/lib/armv7-m\libg_nano.a(lib_a-mprec.o)
                0x0000e850                __mprec_tens
 .rodata.p05.5408
                0x0000e918        0xc c:/program files (x86)/cypress/psoc creator/4.4/psoc creator/import/gnu/arm/5.4.1/bin/../lib/gcc/arm-none-eabi/5.4.1/../../../../arm-none-eabi/lib/armv7-m\libg_nano.a(lib_a-mprec.o)
 *fill*         0x0000e924        0x4 
 .rodata.__mprec_bigtens
                0x0000e928       0x28 c:/program files (x86)/cypress/psoc creator/4.4/psoc creator/import/gnu/arm/5.4.1/bin/../lib/gcc/arm-none-eabi/5.4.1/../../../../arm-none-eabi/lib/armv7-m\libg_nano.a(lib_a-mprec.o)
                0x0000e928                __mprec_bigtens
 .rodata.str1.1
                0x0000e950       0x11 c:/program files (x86)/cypress/psoc creator/4.4/psoc creator/import/gnu/arm/5.4.1/bin/../lib/gcc/arm-none-eabi/5.4.1/../../../../arm-none-eabi/lib/armv7-m\libg_nano.a(lib_a-nano-svfprintf.o)
                0x0000e964                . = ALIGN (0x4)
 *fill*         0x0000e961        0x3 
 *(.init)
 .init          0x0000e964        0x4 c:/program files (x86)/cypress/psoc creator/4.4/psoc creator/import/gnu/arm/5.4.1/bin/../lib/gcc/arm-none-eabi/5.4.1/armv7-m/crti.o
                0x0000e964                _init
 .init          0x0000e968        0x8 c:/program files (x86)/cypress/psoc creator/4.4/psoc creator/import/gnu/arm/5.4.1/bin/../lib/gcc/arm-none-eabi/5.4.1/armv7-m/crtn.o
                0x0000e970                . = ALIGN (0x4)
                0x0000e970                __preinit_array_start = .
 *(.preinit_array)
                0x0000e970                __preinit_array_end = .
                0x0000e970                . = ALIGN (0x4)
                0x0000e970                __init_array_start = .
 *(SORT(.init_array.*))
 *(.init_array)
 .init_array    0x0000e970        0x4 c:/program files (x86)/cypress/psoc creator/4.4/psoc creator/import/gnu/arm/5.4.1/bin/../lib/gcc/arm-none-eabi/5.4.1/armv7-m/crtbegin.o
 .init_array    0x0000e974        0x4 .\ARM_GCC_541\Debug\Cm3Start.o
                0x0000e978                __init_array_end = .
                0x0000e978                . = ALIGN (0x4)
 *(.fini)
 .fini          0x0000e978        0x4 c:/program files (x86)/cypress/psoc creator/4.4/psoc creator/import/gnu/arm/5.4.1/bin/../lib/gcc/arm-none-eabi/5.4.1/armv7-m/crti.o
                0x0000e978                _fini
 .fini          0x0000e97c        0x8 c:/program files (x86)/cypress/psoc creator/4.4/psoc creator/import/gnu/arm/5.4.1/bin/../lib/gcc/arm-none-eabi/5.4.1/armv7-m/crtn.o
                0x0000e984                . = ALIGN (0x4)
                0x0000e984                __fini_array_start = .
 *(.fini_array)
 .fini_array    0x0000e984        0x4 c:/program files (x86)/cypress/psoc creator/4.4/psoc creator/import/gnu/arm/5.4.1/bin/../lib/gcc/arm-none-eabi/5.4.1/armv7-m/crtbegin.o
 *(SORT(.fini_array.*))
                0x0000e988                __fini_array_end = .
                0x0000e988                . = ALIGN (0x4)
 *crtbegin.o(.ctors)
 *(EXCLUDE_FILE(*crtend.o) .ctors)
 *(SORT(.ctors.*))
 *crtend.o(.ctors)
                0x0000e988                . = ALIGN (0x4)
 *crtbegin.o(.dtors)
 *(EXCLUDE_FILE(*crtend.o) .dtors)
 *(SORT(.dtors.*))
 *crtend.o(.dtors)
                0x0000e988                . = ALIGN (0x4)
                0x0000e988                __cy_regions = .
                0x0000e988        0x4 LONG 0xe998 __cy_region_init_ram
                0x0000e98c        0x4 LONG 0x1fff80c8 __cy_region_start_data
                0x0000e990        0x4 LONG 0x170 __cy_region_init_size_ram
                0x0000e994        0x4 LONG 0x568 __cy_region_zero_size_ram
                0x0000e998                __cy_regions_end = .
                0x0000e998                . = ALIGN (0x8)
                0x0000e998                _etext = .

.cy_checksum_exclude
                0x0000e998        0x0
 *(.cy_checksum_exclude)

.ramvectors     0x1fff8000       0xc0
                0x1fff8000                __cy_region_start_ram = .
 *(.ramvectors)
 .ramvectors    0x1fff8000       0xc0 .\ARM_GCC_541\Debug\Cm3Start.o
                0x1fff8000                CyRamVectors

.noinit         0x1fff80c0        0x5
 *(.noinit)
 .noinit        0x1fff80c0        0x4 .\ARM_GCC_541\Debug\Cm3Start.o
 .noinit        0x1fff80c4        0x1 .\ARM_GCC_541\Debug\Proj07_hamflyAPI_stateMachineUpgrade.a(CyLib.o)
                0x1fff80c4                CyResetStatus

.data           0x1fff80c8      0x170 load address 0x0000e998
                0x1fff80c8                __cy_region_start_data = .
 *(.jcr)
 .jcr           0x1fff80c8        0x0 c:/program files (x86)/cypress/psoc creator/4.4/psoc creator/import/gnu/arm/5.4.1/bin/../lib/gcc/arm-none-eabi/5.4.1/armv7-m/crtbegin.o
 .jcr           0x1fff80c8        0x4 c:/program files (x86)/cypress/psoc creator/4.4/psoc creator/import/gnu/arm/5.4.1/bin/../lib/gcc/arm-none-eabi/5.4.1/armv7-m/crtend.o
 *(.got.plt)
 *(.got)
 *(.shdata)
 *(.data .data.* .gnu.linkonce.d.*)
 .data          0x1fff80cc        0x4 .\ARM_GCC_541\Debug\joystick.o
 .data          0x1fff80d0       0x30 .\ARM_GCC_541\Debug\telemetry.o
 .data          0x1fff8100        0x8 .\ARM_GCC_541\Debug\app_state_auto.o
 .data          0x1fff8108       0x74 .\ARM_GCC_541\Debug\hamfly_qx_app.o
                0x1fff8108                FreeflyAPI
 .data          0x1fff817c        0x4 .\ARM_GCC_541\Debug\Cm3Start.o
 .data          0x1fff8180        0x1 .\ARM_GCC_541\Debug\Proj07_hamflyAPI_stateMachineUpgrade.a(ADC_DelSig_1.o)
                0x1fff8180                ADC_DelSig_1_Config
 .data          0x1fff8181        0x1 .\ARM_GCC_541\Debug\Proj07_hamflyAPI_stateMachineUpgrade.a(AMux_1.o)
 .data          0x1fff8182        0x1 .\ARM_GCC_541\Debug\Proj07_hamflyAPI_stateMachineUpgrade.a(ADC_DelSig_1_AMux.o)
 *fill*         0x1fff8183        0x1 
 .data          0x1fff8184       0x10 .\ARM_GCC_541\Debug\Proj07_hamflyAPI_stateMachineUpgrade.a(CyLib.o)
                0x1fff8184                cydelay_freq_hz
                0x1fff8188                cydelay_freq_khz
                0x1fff818c                cydelay_freq_mhz
                0x1fff8190                cydelay_32k_ms
 .data.__fdlib_version
                0x1fff8194        0x1 c:/program files (x86)/cypress/psoc creator/4.4/psoc creator/import/gnu/arm/5.4.1/bin/../lib/gcc/arm-none-eabi/5.4.1/../../../../arm-none-eabi/lib/armv7-m\libm.a(lib_a-s_lib_ver.o)
                0x1fff8194                __fdlib_version
 *fill*         0x1fff8195        0x3 
 .data.impure_data
                0x1fff8198       0x60 c:/program files (x86)/cypress/psoc creator/4.4/psoc creator/import/gnu/arm/5.4.1/bin/../lib/gcc/arm-none-eabi/5.4.1/../../../../arm-none-eabi/lib/armv7-m\libg_nano.a(lib_a-impure.o)
 .data._impure_ptr
                0x1fff81f8        0x4 c:/program files (x86)/cypress/psoc creator/4.4/psoc creator/import/gnu/arm/5.4.1/bin/../lib/gcc/arm-none-eabi/5.4.1/../../../../arm-none-eabi/lib/armv7-m\libg_nano.a(lib_a-impure.o)
                0x1fff81f8                _impure_ptr
 .data.lconv    0x1fff81fc       0x38 c:/program files (x86)/cypress/psoc creator/4.4/psoc creator/import/gnu/arm/5.4.1/bin/../lib/gcc/arm-none-eabi/5.4.1/../../../../arm-none-eabi/lib/armv7-m\libg_nano.a(lib_a-locale.o)
                0x1fff8238                . = ALIGN (0x8)
 *fill*         0x1fff8234        0x4 
 *(.ram)
                0x1fff8238                _edata = .

.igot.plt       0x1fff8238        0x0 load address 0x0000eb08
 .igot.plt      0x1fff8238        0x0 c:/program files (x86)/cypress/psoc creator/4.4/psoc creator/import/gnu/arm/5.4.1/bin/../lib/gcc/arm-none-eabi/5.4.1/armv7-m/crtbegin.o

.bss            0x1fff8238      0x568 load address 0x0000eb08
                0x1fff8238                PROVIDE (__bss_start__, .)
 *(.shbss)
 *(.bss .bss.* .gnu.linkonce.b.*)
 .bss           0x1fff8238       0x1c c:/program files (x86)/cypress/psoc creator/4.4/psoc creator/import/gnu/arm/5.4.1/bin/../lib/gcc/arm-none-eabi/5.4.1/armv7-m/crtbegin.o
 .bss           0x1fff8254      0x384 .\ARM_GCC_541\Debug\main.o
                0x1fff85d4                g_tick_ms
 .bss           0x1fff85d8        0x8 .\ARM_GCC_541\Debug\adc_balanced.o
 .bss           0x1fff85e0       0x42 .\ARM_GCC_541\Debug\joystick.o
 *fill*         0x1fff8622        0x2 
 .bss           0x1fff8624        0x8 .\ARM_GCC_541\Debug\app_statemachine.o
 .bss           0x1fff862c       0x89 .\ARM_GCC_541\Debug\sbc_comms.o
 *fill*         0x1fff86b5        0x3 
 .bss           0x1fff86b8        0x4 .\ARM_GCC_541\Debug\app_state_auto.o
 .bss           0x1fff86bc        0x4 .\ARM_GCC_541\Debug\hamfly_qx_app.o
                0x1fff86bc                qx_active_gimbal_ptr
 .bss           0x1fff86c0        0x9 .\ARM_GCC_541\Debug\hamfly_qx_protocol.o
                0x1fff86c0                QX_BuildHeader_Legacy
                0x1fff86c4                QX_ParseHeader_Legacy
 *fill*         0x1fff86c9        0x3 
 .bss           0x1fff86cc        0xc .\ARM_GCC_541\Debug\Proj07_hamflyAPI_stateMachineUpgrade.a(ADC_DelSig_1.o)
                0x1fff86cc                ADC_DelSig_1_convDone
                0x1fff86cd                ADC_DelSig_1_stopConversion
                0x1fff86ce                ADC_DelSig_1_initVar
                0x1fff86cf                ADC_DelSig_1_started
                0x1fff86d0                ADC_DelSig_1_Offset
 .bss           0x1fff86d8        0x2 .\ARM_GCC_541\Debug\Proj07_hamflyAPI_stateMachineUpgrade.a(UART_MOVI.o)
                0x1fff86d8                UART_MOVI_initVar
 .bss           0x1fff86da        0x1 .\ARM_GCC_541\Debug\Proj07_hamflyAPI_stateMachineUpgrade.a(Looptimer.o)
                0x1fff86da                Looptimer_initVar
 *fill*         0x1fff86db        0x1 
 .bss           0x1fff86dc        0x8 .\ARM_GCC_541\Debug\Proj07_hamflyAPI_stateMachineUpgrade.a(CySpc.o)
                0x1fff86dc                SpcLockState
 .bss           0x1fff86e4        0x2 .\ARM_GCC_541\Debug\Proj07_hamflyAPI_stateMachineUpgrade.a(UART_DEBUG.o)
                0x1fff86e4                UART_DEBUG_initVar
 .bss           0x1fff86e6        0x2 .\ARM_GCC_541\Debug\Proj07_hamflyAPI_stateMachineUpgrade.a(UART_SBC.o)
                0x1fff86e6                UART_SBC_initVar
 .bss.__malloc_sbrk_start
                0x1fff86e8        0x4 c:/program files (x86)/cypress/psoc creator/4.4/psoc creator/import/gnu/arm/5.4.1/bin/../lib/gcc/arm-none-eabi/5.4.1/../../../../arm-none-eabi/lib/armv7-m\libg_nano.a(lib_a-nano-mallocr.o)
                0x1fff86e8                __malloc_sbrk_start
 .bss.__malloc_free_list
                0x1fff86ec        0x4 c:/program files (x86)/cypress/psoc creator/4.4/psoc creator/import/gnu/arm/5.4.1/bin/../lib/gcc/arm-none-eabi/5.4.1/../../../../arm-none-eabi/lib/armv7-m\libg_nano.a(lib_a-nano-mallocr.o)
                0x1fff86ec                __malloc_free_list
 *(COMMON)
 COMMON         0x1fff86f0       0xa4 .\ARM_GCC_541\Debug\hamfly_qx_protocol.o
                0x1fff86f0                rw
                0x1fff86f4                QX_Clients
                0x1fff86fc                QX_CommsPorts
                0x1fff8788                QX_Servers
                0x1fff8790                msgPtr
 COMMON         0x1fff8794        0x4 .\ARM_GCC_541\Debug\Proj07_hamflyAPI_stateMachineUpgrade.a(ADC_DelSig_1.o)
                0x1fff8794                ADC_DelSig_1_CountsPerVolt
 COMMON         0x1fff8798        0x2 .\ARM_GCC_541\Debug\Proj07_hamflyAPI_stateMachineUpgrade.a(CyFlash.o)
                0x1fff8798                dieTemperature
 *fill*         0x1fff879a        0x2 
 COMMON         0x1fff879c        0x4 c:/program files (x86)/cypress/psoc creator/4.4/psoc creator/import/gnu/arm/5.4.1/bin/../lib/gcc/arm-none-eabi/5.4.1/../../../../arm-none-eabi/lib/armv7-m\libg_nano.a(lib_a-reent.o)
                0x1fff879c                errno
                0x1fff87a0                . = ALIGN (0x8)
 *(.ram.b)
                0x1fff87a0                _end = .
                0x1fff87a0                __end = .
                0x1fff87a0                PROVIDE (end, .)
                0x1fff87a0                PROVIDE (__bss_end__, .)
                0x0000e998                __cy_region_init_ram = LOADADDR (.data)
                0x00000170                __cy_region_init_size_ram = (_edata - ADDR (.data))
                0x00000568                __cy_region_zero_size_ram = (_end - _edata)

.heap           0x1fff87a0       0x80 load address 0x0000eb08
                0x1fff87a0                . = _end
                0x1fff8820                . = (. + 0x80)
 *fill*         0x1fff87a0       0x80 
                0x1fff8820                __cy_heap_limit = .
