Archive member included to satisfy reference by file (symbol)

.\ARM_GCC_541\Debug\Proj07_hamflyAPI_stateMachineUpgrade.a(ADC_DelSig_1.o)
                              .\ARM_GCC_541\Debug\adc_balanced.o (ADC_DelSig_1_Start)
.\ARM_GCC_541\Debug\Proj07_hamflyAPI_stateMachineUpgrade.a(ADC_DelSig_1_INT.o)
                              .\ARM_GCC_541\Debug\Proj07_hamflyAPI_stateMachineUpgrade.a(ADC_DelSig_1.o) (ADC_DelSig_1_ISR1)
.\ARM_GCC_541\Debug\Proj07_hamflyAPI_stateMachineUpgrade.a(AMux_1.o)
                              .\ARM_GCC_541\Debug\adc_balanced.o (AMux_1_Start)
.\ARM_GCC_541\Debug\Proj07_hamflyAPI_stateMachineUpgrade.a(isr_adc.o)
                              .\ARM_GCC_541\Debug\adc_balanced.o (isr_adc_StartEx)
.\ARM_GCC_541\Debug\Proj07_hamflyAPI_stateMachineUpgrade.a(UART_MOVI.o)
                              .\ARM_GCC_541\Debug\main.o (UART_MOVI_Start)
.\ARM_GCC_541\Debug\Proj07_hamflyAPI_stateMachineUpgrade.a(isr_rx_movi.o)
                              .\ARM_GCC_541\Debug\main.o (isr_rx_movi_StartEx)
.\ARM_GCC_541\Debug\Proj07_hamflyAPI_stateMachineUpgrade.a(Looptimer.o)
                              .\ARM_GCC_541\Debug\main.o (Looptimer_Start)
.\ARM_GCC_541\Debug\Proj07_hamflyAPI_stateMachineUpgrade.a(isr_Looptimer.o)
                              .\ARM_GCC_541\Debug\main.o (isr_Looptimer_StartEx)
.\ARM_GCC_541\Debug\Proj07_hamflyAPI_stateMachineUpgrade.a(EEPROM_CONFIG.o)
                              .\ARM_GCC_541\Debug\psoc_eeprom.o (EEPROM_CONFIG_Start)
.\ARM_GCC_541\Debug\Proj07_hamflyAPI_stateMachineUpgrade.a(ADC_DelSig_1_AMux.o)
                              .\ARM_GCC_541\Debug\Proj07_hamflyAPI_stateMachineUpgrade.a(ADC_DelSig_1.o) (ADC_DelSig_1_AMux_Select)
.\ARM_GCC_541\Debug\Proj07_hamflyAPI_stateMachineUpgrade.a(ADC_DelSig_1_Ext_CP_Clk.o)
                              .\ARM_GCC_541\Debug\Proj07_hamflyAPI_stateMachineUpgrade.a(ADC_DelSig_1.o) (ADC_DelSig_1_Ext_CP_Clk_SetDividerRegister)
.\ARM_GCC_541\Debug\Proj07_hamflyAPI_stateMachineUpgrade.a(ADC_DelSig_1_theACLK.o)
                              .\ARM_GCC_541\Debug\Proj07_hamflyAPI_stateMachineUpgrade.a(ADC_DelSig_1.o) (ADC_DelSig_1_theACLK_SetDividerRegister)
.\ARM_GCC_541\Debug\Proj07_hamflyAPI_stateMachineUpgrade.a(CyFlash.o)
                              .\ARM_GCC_541\Debug\Proj07_hamflyAPI_stateMachineUpgrade.a(EEPROM_CONFIG.o) (dieTemperature)
.\ARM_GCC_541\Debug\Proj07_hamflyAPI_stateMachineUpgrade.a(CyLib.o)
                              .\ARM_GCC_541\Debug\Cm3Start.o (CyResetStatus)
.\ARM_GCC_541\Debug\Proj07_hamflyAPI_stateMachineUpgrade.a(cyPm.o)
                              .\ARM_GCC_541\Debug\Proj07_hamflyAPI_stateMachineUpgrade.a(CyLib.o) (CyPmReadStatus)
.\ARM_GCC_541\Debug\Proj07_hamflyAPI_stateMachineUpgrade.a(CySpc.o)
                              .\ARM_GCC_541\Debug\Proj07_hamflyAPI_stateMachineUpgrade.a(EEPROM_CONFIG.o) (CySpcStart)
.\ARM_GCC_541\Debug\Proj07_hamflyAPI_stateMachineUpgrade.a(UART_PI.o)
                              .\ARM_GCC_541\Debug\main.o (UART_PI_Start)
.\ARM_GCC_541\Debug\Proj07_hamflyAPI_stateMachineUpgrade.a(UART_PI_IntClock.o)
                              .\ARM_GCC_541\Debug\Proj07_hamflyAPI_stateMachineUpgrade.a(UART_PI.o) (UART_PI_IntClock_Start)
.\ARM_GCC_541\Debug\Proj07_hamflyAPI_stateMachineUpgrade.a(UART_DEBUG.o)
                              .\ARM_GCC_541\Debug\main.o (UART_DEBUG_Start)
.\ARM_GCC_541\Debug\Proj07_hamflyAPI_stateMachineUpgrade.a(UART_DEBUG_IntClock.o)
                              .\ARM_GCC_541\Debug\Proj07_hamflyAPI_stateMachineUpgrade.a(UART_DEBUG.o) (UART_DEBUG_IntClock_Start)
.\ARM_GCC_541\Debug\Proj07_hamflyAPI_stateMachineUpgrade.a(isr_rx_pi.o)
                              .\ARM_GCC_541\Debug\main.o (isr_rx_pi_StartEx)
.\ARM_GCC_541\Debug\Proj07_hamflyAPI_stateMachineUpgrade.a(CyBootAsmGnu.o)
                              .\ARM_GCC_541\Debug\cyfitter_cfg.o (CyDelayCycles)
c:/program files (x86)/cypress/psoc creator/4.4/psoc creator/import/gnu/arm/5.4.1/bin/../lib/gcc/arm-none-eabi/5.4.1/../../../../arm-none-eabi/lib/armv7-m\libm.a(lib_a-s_cos.o)
                              .\ARM_GCC_541\Debug\hamfly_core_gimbal.o (cos)
c:/program files (x86)/cypress/psoc creator/4.4/psoc creator/import/gnu/arm/5.4.1/bin/../lib/gcc/arm-none-eabi/5.4.1/../../../../arm-none-eabi/lib/armv7-m\libm.a(lib_a-w_atan2.o)
                              .\ARM_GCC_541\Debug\hamfly_core_gimbal.o (atan2)
c:/program files (x86)/cypress/psoc creator/4.4/psoc creator/import/gnu/arm/5.4.1/bin/../lib/gcc/arm-none-eabi/5.4.1/../../../../arm-none-eabi/lib/armv7-m\libm.a(lib_a-w_sqrt.o)
                              .\ARM_GCC_541\Debug\hamfly_core_gimbal.o (sqrt)
c:/program files (x86)/cypress/psoc creator/4.4/psoc creator/import/gnu/arm/5.4.1/bin/../lib/gcc/arm-none-eabi/5.4.1/../../../../arm-none-eabi/lib/armv7-m\libm.a(lib_a-wf_asin.o)
                              .\ARM_GCC_541\Debug\main.o (asinf)
[...]
Memory Configuration

Name             Origin             Length             Attributes
rom              0x00000000         0x00040000         xr
ram              0x1fff8000         0x00010000         xrw
*default*        0x00000000         0xffffffff

Linker script and memory map

LOAD c:/program files (x86)/cypress/psoc creator/4.4/psoc creator/import/gnu/arm/5.4.1/bin/../lib/gcc/arm-none-eabi/5.4.1/armv7-m/crti.o
LOAD c:/program files (x86)/cypress/psoc creator/4.4/psoc creator/import/gnu/arm/5.4.1/bin/../lib/gcc/arm-none-eabi/5.4.1/armv7-m/crtbegin.o
LOAD c:/program files (x86)/cypress/psoc creator/4.4/psoc creator/import/gnu/arm/5.4.1/bin/../lib/gcc/arm-none-eabi/5.4.1/../../../../arm-none-eabi/lib/armv7-m/crt0.o
START GROUP
LOAD .\ARM_GCC_541\Debug\main.o
LOAD .\ARM_GCC_541\Debug\adc_balanced.o
LOAD .\ARM_GCC_541\Debug\joystick.o
LOAD .\ARM_GCC_541\Debug\psoc_eeprom.o
LOAD .\ARM_GCC_541\Debug\app_ctx.o
LOAD .\ARM_GCC_541\Debug\app_statemachine.o
LOAD .\ARM_GCC_541\Debug\pi_comms.o
LOAD .\ARM_GCC_541\Debug\hamfly_comm_rb.o
LOAD .\ARM_GCC_541\Debug\hamfly_comm_txbuf.o
LOAD .\ARM_GCC_541\Debug\hamfly_core_gimbal.o
LOAD .\ARM_GCC_541\Debug\hamfly_core_telemetry.o
LOAD .\ARM_GCC_541\Debug\hamfly_qx_app.o
LOAD .\ARM_GCC_541\Debug\hamfly_qx_protocol.o
LOAD .\ARM_GCC_541\Debug\cyfitter_cfg.o
LOAD .\ARM_GCC_541\Debug\cymetadata.o
LOAD .\ARM_GCC_541\Debug\Cm3Start.o
LOAD .\ARM_GCC_541\Debug\Proj07_hamflyAPI_stateMachineUpgrade.a
LOAD C:\Program Files (x86)\Cypress\PSoC Creator\4.4\PSoC Creator\psoc\content\cycomponentlibrary\CyComponentLibrary.cylib\CortexM3\ARM_GCC_541\Debug\CyComponentLibrary.a
LOAD c:/program files (x86)/cypress/psoc creator/4.4/psoc creator/import/gnu/arm/5.4.1/bin/../lib/gcc/arm-none-eabi/5.4.1/../../../../arm-none-eabi/lib/armv7-m\libm.a
END GROUP
START GROUP
LOAD c:/program files (x86)/cypress/psoc creator/4.4/psoc creator/import/gnu/arm/5.4.1/bin/../lib/gcc/arm-none-eabi/5.4.1/armv7-m\libgcc.a
LOAD c:/program files (x86)/cypress/psoc creator/4.4/psoc creator/import/gnu/arm/5.4.1/bin/../lib/gcc/arm-none-eabi/5.4.1/../../../../arm-none-eabi/lib/armv7-m\libg_nano.a
LOAD c:/program files (x86)/cypress/psoc creator/4.4/psoc creator/import/gnu/arm/5.4.1/bin/../lib/gcc/arm-none-eabi/5.4.1/../../../../arm-none-eabi/lib/armv7-m\libc_nano.a
END GROUP
START GROUP
LOAD c:/program files (x86)/cypress/psoc creator/4.4/psoc creator/import/gnu/arm/5.4.1/bin/../lib/gcc/arm-none-eabi/5.4.1/armv7-m\libgcc.a
LOAD c:/program files (x86)/cypress/psoc creator/4.4/psoc creator/import/gnu/arm/5.4.1/bin/../lib/gcc/arm-none-eabi/5.4.1/../../../../arm-none-eabi/lib/armv7-m\libc_nano.a
END GROUP
LOAD c:/program files (x86)/cypress/psoc creator/4.4/psoc creator/import/gnu/arm/5.4.1/bin/../lib/gcc/arm-none-eabi/5.4.1/armv7-m/crtend.o
LOAD c:/program files (x86)/cypress/psoc creator/4.4/psoc creator/import/gnu/arm/5.4.1/bin/../lib/gcc/arm-none-eabi/5.4.1/armv7-m/crtn.o
START GROUP
LOAD c:/program files (x86)/cypress/psoc creator/4.4/psoc creator/import/gnu/arm/5.4.1/bin/../lib/gcc/arm-none-eabi/5.4.1/armv7-m\libgcc.a
LOAD c:/program files (x86)/cypress/psoc creator/4.4/psoc creator/import/gnu/arm/5.4.1/bin/../lib/gcc/arm-none-eabi/5.4.1/../../../../arm-none-eabi/lib/armv7-m\libc.a
LOAD c:/program files (x86)/cypress/psoc creator/4.4/psoc creator/import/gnu/arm/5.4.1/bin/../lib/gcc/arm-none-eabi/5.4.1/../../../../arm-none-eabi/lib/armv7-m\libnosys.a
END GROUP
                0x00000000                CY_APPL_ORIGIN = 0x0
                0x00000100                CY_FLASH_ROW_SIZE = 0x100
                0x00000020                CY_ECC_ROW_SIZE = 0x20
                0x00000000                CY_EE_IN_BTLDR = 0x0
                0x00000000                CY_APPL_LOADABLE = 0x0
                0x00000800                CY_EE_SIZE = 0x800
                0x00000001                CY_APPL_NUM = 0x1
                0x00000001                CY_APPL_MAX = 0x1
                0x00000040                CY_METADATA_SIZE = 0x40
                0x00000000                CY_APPL_LOADABLE = 0x0
                0x00000000                CY_CHECKSUM_EXCLUDE_SIZE = ALIGN (0x0, CY_FLASH_ROW_SIZE)
                [!provide]                PROVIDE (__cy_heap_start, _end)
                0x00000001                PROVIDE (__cy_region_num, ((__cy_regions_end - __cy_regions) / 0x10))
                0x20008000                PROVIDE (__cy_stack, (ORIGIN (ram) + LENGTH (ram)))
                [!provide]                PROVIDE (__cy_heap_end, (__cy_stack - 0x800))

.cybootloader   0x00000000        0x0
 *(.cybootloader)
                0x00000000                appl1_start = CY_APPL_ORIGIN?CY_APPL_ORIGIN:ALIGN (CY_FLASH_ROW_SIZE)
                0x0001ff00                appl2_start = (appl1_start + ALIGN ((((LENGTH (rom) - appl1_start) - (0x2 * CY_FLASH_ROW_SIZE)) / 0x2), CY_FLASH_ROW_SIZE))
                0x00000000                appl_start = (CY_APPL_NUM == 0x1)?appl1_start:appl2_start
                0x00000000                ecc_offset = ((appl_start / CY_FLASH_ROW_SIZE) * CY_ECC_ROW_SIZE)
                0x00000000                ee_offset = (CY_APPL_LOADABLE && ! (CY_EE_IN_BTLDR))?((CY_EE_SIZE / CY_APPL_MAX) * (CY_APPL_NUM - 0x1)):0x0
                0x00000800                ee_size = (CY_APPL_LOADABLE && ! (CY_EE_IN_BTLDR))?(CY_EE_SIZE / CY_APPL_MAX):CY_EE_SIZE
                [!provide]                PROVIDE (CY_ECC_OFFSET, ecc_offset)

.text           0x00000000     0xac86
 CREATE_OBJECT_SYMBOLS
                0x00000000                PROVIDE (__cy_interrupt_vector, RomVectors)
 *(.romvectors)
 .romvectors    0x00000000       0x10 .\ARM_GCC_541\Debug\Cm3Start.o
                0x00000000                RomVectors
                0x00000001                ASSERT ((. != __cy_interrupt_vector), No interrupt vector)
                0x00000001                ASSERT (CY_APPL_ORIGIN?(SIZEOF (.cybootloader) <= CY_APPL_ORIGIN):0x1, Wrong image location)
                0x00000010                PROVIDE (__cy_reset, Reset)
 *(.text.Reset)
 .text.Reset    0x00000010       0x18 .\ARM_GCC_541\Debug\Cm3Start.o
                0x00000010                Reset
                0x00000001                ASSERT ((. != __cy_reset), No reset code)
 *(.dma_init)
                0x00000001                ASSERT ((((appl_start + .) <= 0x10000) || 0x1), DMA Init must be within the first 64k of flash)
 *(.text .text.* .gnu.linkonce.t.*)
 .text          0x00000028       0x5c c:/program files (x86)/cypress/psoc creator/4.4/psoc creator/import/gnu/arm/5.4.1/bin/../lib/gcc/arm-none-eabi/5.4.1/armv7-m/crtbegin.o
 .text._hamfly_psoc5_putc
                0x00000084       0x1c .\ARM_GCC_541\Debug\main.o
 .text.psoc_get_tick
                0x000000a0       0x1c .\ARM_GCC_541\Debug\main.o
 .text.isr_rx_movi_Handler
                0x000000bc       0x58 .\ARM_GCC_541\Debug\main.o
                0x000000bc                isr_rx_movi_Handler
 .text.isr_Looptimer_Handler
                0x00000114       0x1c .\ARM_GCC_541\Debug\main.o
                0x00000114                isr_Looptimer_Handler
 .text.isr_rx_pi_Handler
                0x00000130       0x50 .\ARM_GCC_541\Debug\main.o
                0x00000130                isr_rx_pi_Handler
 .text.decomp   0x00000180       0xa8 .\ARM_GCC_541\Debug\main.o
 .text.mode_str
                0x00000228       0x38 .\ARM_GCC_541\Debug\main.o
 .text.main     0x00000260      0x2ec .\ARM_GCC_541\Debug\main.o
                0x00000260                main
 .text.isr_adc_Handler
                0x0000054c       0x18 .\ARM_GCC_541\Debug\adc_balanced.o
                0x0000054c                isr_adc_Handler
 .text.adc_balanced_init
                0x00000564       0x6c .\ARM_GCC_541\Debug\adc_balanced.o
                0x00000564                adc_balanced_init
 .text.adc_balanced_advance_on_eoc
                0x000005d0       0x64 .\ARM_GCC_541\Debug\adc_balanced.o
 .text.adc_balanced_poll_frame
                0x00000634       0x6c .\ARM_GCC_541\Debug\adc_balanced.o
                0x00000634                adc_balanced_poll_frame
 .text.joystick_set_sensitivity
                0x000006a0       0x48 .\ARM_GCC_541\Debug\joystick.o
                0x000006a0                joystick_set_sensitivity
 .text.normalize_axis
                0x000006e8       0xd0 .\ARM_GCC_541\Debug\joystick.o
 .text.apply_deadband
                0x000007b8       0x90 .\ARM_GCC_541\Debug\joystick.o
 .text.joystick_validate
                0x00000848       0x94 .\ARM_GCC_541\Debug\joystick.o
                0x00000848                joystick_validate
 .text.cal_begin_range_capture
                0x000008dc       0x84 .\ARM_GCC_541\Debug\joystick.o
 .text.cal_update_ranges
                0x00000960       0x98 .\ARM_GCC_541\Debug\joystick.o
 .text.cal_start_center_capture
                0x000009f8       0x44 .\ARM_GCC_541\Debug\joystick.o
 .text.cal_center_capture_update
                0x00000a3c       0xa8 .\ARM_GCC_541\Debug\joystick.o
 .text.cal_save_or_restart
                0x00000ae4       0x44 .\ARM_GCC_541\Debug\joystick.o
 .text.joystick_init
                0x00000b28       0xa4 .\ARM_GCC_541\Debug\joystick.o
                0x00000b28                joystick_init
 .text.joystick_on_sample
                0x00000bcc       0x48 .\ARM_GCC_541\Debug\joystick.o
                0x00000bcc                joystick_on_sample
 .text.joystick_on_key
                0x00000c14       0x70 .\ARM_GCC_541\Debug\joystick.o
                0x00000c14                joystick_on_key
 .text.joystick_cal_state
                0x00000c84       0x14 .\ARM_GCC_541\Debug\joystick.o
                0x00000c84                joystick_cal_state
 .text.joystick_get_cmd
                0x00000c98       0xe8 .\ARM_GCC_541\Debug\joystick.o
                0x00000c98                joystick_get_cmd
 .text.joystick_load
                0x00000d80       0x4c .\ARM_GCC_541\Debug\joystick.o
                0x00000d80                joystick_load
 .text.slot_id_to_row
                0x00000dcc       0x2c .\ARM_GCC_541\Debug\psoc_eeprom.o
 .text.read_row_byte
                0x00000df8       0x38 .\ARM_GCC_541\Debug\psoc_eeprom.o
 .text.read_row_data
                0x00000e30       0x3c .\ARM_GCC_541\Debug\psoc_eeprom.o
 .text.psoc_eeprom_init
                0x00000e6c        0xc .\ARM_GCC_541\Debug\psoc_eeprom.o
                0x00000e6c                psoc_eeprom_init
 .text.psoc_eeprom_read
                0x00000e78       0x7c .\ARM_GCC_541\Debug\psoc_eeprom.o
                0x00000e78                psoc_eeprom_read
 .text.app_ctx_init
                0x00000ef4       0x3c .\ARM_GCC_541\Debug\app_ctx.o
                0x00000ef4                app_ctx_init
 .text.depth_of
                0x00000f30       0x34 .\ARM_GCC_541\Debug\app_statemachine.o
 .text.lca      0x00000f64       0x80 .\ARM_GCC_541\Debug\app_statemachine.o
 .text.transition
                0x00000fe4       0xf0 .\ARM_GCC_541\Debug\app_statemachine.o
 .text.app_start
                0x000010d4       0x28 .\ARM_GCC_541\Debug\app_statemachine.o
                0x000010d4                app_start
 .text.app_raise_error
                0x000010fc       0x68 .\ARM_GCC_541\Debug\app_statemachine.o
                0x000010fc                app_raise_error
 .text.app_state_name
                0x00001164       0x20 .\ARM_GCC_541\Debug\app_statemachine.o
                0x00001164                app_state_name
 .text.entry_stby_defer
                0x00001184       0x1c .\ARM_GCC_541\Debug\app_statemachine.o
 .text.entry_stby_hold
                0x000011a0       0x1c .\ARM_GCC_541\Debug\app_statemachine.o
 .text.entry_manu_joystick
                0x000011bc       0x20 .\ARM_GCC_541\Debug\app_statemachine.o
 .text.exit_manu_joystick
                0x000011dc       0x18 .\ARM_GCC_541\Debug\app_statemachine.o
 .text.entry_auto_test
                0x000011f4       0x1c .\ARM_GCC_541\Debug\app_statemachine.o
 .text.app_auto_tick
                0x00001210       0xdc .\ARM_GCC_541\Debug\app_statemachine.o
                0x00001210                app_auto_tick
 .text.sev_str  0x000012ec       0x40 .\ARM_GCC_541\Debug\app_statemachine.o
 .text.entry_error_active
                0x0000132c       0x80 .\ARM_GCC_541\Debug\app_statemachine.o
 .text.manu_pan_tilt_deg
                0x000013ac       0x54 .\ARM_GCC_541\Debug\app_statemachine.o
 .text.set_origin
                0x00001400       0x6c .\ARM_GCC_541\Debug\app_statemachine.o
 .text.print_help
                0x0000146c       0x1c .\ARM_GCC_541\Debug\app_statemachine.o
 .text.handle_global_key
                0x00001488       0x94 .\ARM_GCC_541\Debug\app_statemachine.o
 .text.leaf_traps_nav
                0x0000151c       0x20 .\ARM_GCC_541\Debug\app_statemachine.o
 .text.handle_nav_key
                0x0000153c       0x48 .\ARM_GCC_541\Debug\app_statemachine.o
 .text.key_error_active
                0x00001584       0x40 .\ARM_GCC_541\Debug\app_statemachine.o
 .text.app_dispatch_key
                0x000015c4       0xa0 .\ARM_GCC_541\Debug\app_statemachine.o
                0x000015c4                app_dispatch_key
 .text.build_zero
                0x00001664       0x1c .\ARM_GCC_541\Debug\app_statemachine.o
 .text.build_stby
                0x00001680       0x1c .\ARM_GCC_541\Debug\app_statemachine.o
 .text.build_manu_joystick
                0x0000169c       0xa4 .\ARM_GCC_541\Debug\app_statemachine.o
 .text.build_error
                0x00001740       0x28 .\ARM_GCC_541\Debug\app_statemachine.o
 .text.app_build_control
                0x00001768       0x3c .\ARM_GCC_541\Debug\app_statemachine.o
                0x00001768                app_build_control
 .text.nudge_apply
                0x000017a4      0x1a0 .\ARM_GCC_541\Debug\app_statemachine.o
 .text.key_manu_joystick
                0x00001944      0x224 .\ARM_GCC_541\Debug\app_statemachine.o
 .text.app_manual_tick
                0x00001b68       0xc0 .\ARM_GCC_541\Debug\app_statemachine.o
                0x00001b68                app_manual_tick
 .text.pi_init  0x00001c28       0x84 .\ARM_GCC_541\Debug\pi_comms.o
                0x00001c28                pi_init
 .text.decode_centroid
                0x00001cac      0x114 .\ARM_GCC_541\Debug\pi_comms.o
 .text.pi_on_rx_byte
                0x00001dc0      0x18c .\ARM_GCC_541\Debug\pi_comms.o
                0x00001dc0                pi_on_rx_byte
 .text.pi_on_uart_err_flags
                0x00001f4c       0x30 .\ARM_GCC_541\Debug\pi_comms.o
                0x00001f4c                pi_on_uart_err_flags
 .text.pi_get_centroid
                0x00001f7c       0x88 .\ARM_GCC_541\Debug\pi_comms.o
                0x00001f7c                pi_get_centroid
 .text.pi_unknown_magic
                0x00002004       0x14 .\ARM_GCC_541\Debug\pi_comms.o
                0x00002004                pi_unknown_magic
 .text.pi_rx_pkt_count
                0x00002018       0x14 .\ARM_GCC_541\Debug\pi_comms.o
                0x00002018                pi_rx_pkt_count
 .text.pi_last_centroid_dt_ms
                0x0000202c       0x2c .\ARM_GCC_541\Debug\pi_comms.o
                0x0000202c                pi_last_centroid_dt_ms
 .text.pi_crc_errors
                0x00002058       0x14 .\ARM_GCC_541\Debug\pi_comms.o
                0x00002058                pi_crc_errors
 .text.pi_uart_errors
                0x0000206c       0x14 .\ARM_GCC_541\Debug\pi_comms.o
                0x0000206c                pi_uart_errors
 .text.rb_next  0x00002080       0x28 .\ARM_GCC_541\Debug\hamfly_comm_rb.o
 .text.hamfly_rb_init
                0x000020a8       0x2c .\ARM_GCC_541\Debug\hamfly_comm_rb.o
                0x000020a8                hamfly_rb_init
 .text.hamfly_rb_push
                0x000020d4       0x64 .\ARM_GCC_541\Debug\hamfly_comm_rb.o
                0x000020d4                hamfly_rb_push
 .text.hamfly_rb_pop
                0x00002138       0x58 .\ARM_GCC_541\Debug\hamfly_comm_rb.o
                0x00002138                hamfly_rb_pop
 .text.load_freefly_control
                0x00002190       0x50 .\ARM_GCC_541\Debug\hamfly_core_gimbal.o
 .text.copy_qx287_to_telemetry
                0x000021e0       0x1c .\ARM_GCC_541\Debug\hamfly_core_gimbal.o
 .text.drain_rb
                0x000021fc       0x44 .\ARM_GCC_541\Debug\hamfly_core_gimbal.o
 .text.hamfly_init
                0x00002240       0x5c .\ARM_GCC_541\Debug\hamfly_core_gimbal.o
                0x00002240                hamfly_init
 .text.hamfly_on_rx_byte
                0x0000229c       0x3c .\ARM_GCC_541\Debug\hamfly_core_gimbal.o
                0x0000229c                hamfly_on_rx_byte
 .text.hamfly_on_uart_err_flags
                0x000022d8       0x30 .\ARM_GCC_541\Debug\hamfly_core_gimbal.o
                0x000022d8                hamfly_on_uart_err_flags
 .text.hamfly_pump
                0x00002308      0x27c .\ARM_GCC_541\Debug\hamfly_core_gimbal.o
                0x00002308                hamfly_pump
 .text.hamfly_send_control
                0x00002584       0x7c .\ARM_GCC_541\Debug\hamfly_core_gimbal.o
                0x00002584                hamfly_send_control
 .text.hamfly_kill
                0x00002600       0x3c .\ARM_GCC_541\Debug\hamfly_core_gimbal.o
                0x00002600                hamfly_kill
 .text.hamfly_get_telemetry
                0x0000263c       0x30 .\ARM_GCC_541\Debug\hamfly_core_gimbal.o
                0x0000263c                hamfly_get_telemetry
 .text.rd_be32  0x0000266c       0x34 .\ARM_GCC_541\Debug\hamfly_core_telemetry.o
 .text.rd_be16  0x000026a0       0x28 .\ARM_GCC_541\Debug\hamfly_core_telemetry.o
 .text.rd_be_u16
                0x000026c8       0x28 .\ARM_GCC_541\Debug\hamfly_core_telemetry.o
 .text.rd_le16  0x000026f0       0x24 .\ARM_GCC_541\Debug\hamfly_core_telemetry.o
 .text.hamfly_telemetry_to_euler
                0x00002714      0x1d4 .\ARM_GCC_541\Debug\hamfly_core_telemetry.o
                0x00002714                hamfly_telemetry_to_euler
 .text.hamfly_decode_qx287
                0x000028e8       0x68 .\ARM_GCC_541\Debug\hamfly_core_telemetry.o
                0x000028e8                hamfly_decode_qx287
 .text.hamfly_decode_gps
                0x00002950      0x1a0 .\ARM_GCC_541\Debug\hamfly_core_telemetry.o
                0x00002950                hamfly_decode_gps
 .text.hamfly_decode_baro
                0x00002af0       0x78 .\ARM_GCC_541\Debug\hamfly_core_telemetry.o
                0x00002af0                hamfly_decode_baro
 .text.hamfly_decode_attitude
                0x00002b68      0x144 .\ARM_GCC_541\Debug\hamfly_core_telemetry.o
                0x00002b68                hamfly_decode_attitude
 .text.hamfly_decode_sysstat
                0x00002cac      0x1c8 .\ARM_GCC_541\Debug\hamfly_core_telemetry.o
                0x00002cac                hamfly_decode_sysstat
 .text.hamfly_decode_mag
                0x00002e74      0x18c .\ARM_GCC_541\Debug\hamfly_core_telemetry.o
                0x00002e74                hamfly_decode_mag
 .text.hamfly_decode_sysecho
                0x00003000       0x7c .\ARM_GCC_541\Debug\hamfly_core_telemetry.o
                0x00003000                hamfly_decode_sysecho
 .text.ff_api_init
                0x0000307c       0x7c .\ARM_GCC_541\Debug\hamfly_qx_app.o
 .text.ff_api_send
                0x000030f8       0x44 .\ARM_GCC_541\Debug\hamfly_qx_app.o
 .text.QX_ParsePacket_Cli_MoVI_Ctrl_CB
                0x0000313c      0x884 .\ARM_GCC_541\Debug\hamfly_qx_app.o
 .text.QX_SendMsg2CommsPort_CB
                0x000039c0       0x64 .\ARM_GCC_541\Debug\hamfly_qx_app.o
                0x000039c0                QX_SendMsg2CommsPort_CB
 .text.QX_FwdMsg_CB
                0x00003a24       0x14 .\ARM_GCC_541\Debug\hamfly_qx_app.o
                0x00003a24                QX_FwdMsg_CB
 .text.QX_GetTicks_ms
                0x00003a38       0x34 .\ARM_GCC_541\Debug\hamfly_qx_app.o
                0x00003a38                QX_GetTicks_ms
 .text.QX_Parser_SetMsgPtr
                0x00003a6c       0x1c .\ARM_GCC_541\Debug\hamfly_qx_protocol.o
                0x00003a6c                QX_Parser_SetMsgPtr
 .text.QX_Parser_AdvMsgPtr
                0x00003a88       0x1c .\ARM_GCC_541\Debug\hamfly_qx_protocol.o
                0x00003a88                QX_Parser_AdvMsgPtr
 .text.QX_Parser_GetMsgPtr
                0x00003aa4       0x14 .\ARM_GCC_541\Debug\hamfly_qx_protocol.o
                0x00003aa4                QX_Parser_GetMsgPtr
 .text.QX_Parser_SetDir_Read
                0x00003ab8       0x18 .\ARM_GCC_541\Debug\hamfly_qx_protocol.o
                0x00003ab8                QX_Parser_SetDir_Read
 .text.QX_Parser_SetDir_WriteAbs
                0x00003ad0       0x18 .\ARM_GCC_541\Debug\hamfly_qx_protocol.o
                0x00003ad0                QX_Parser_SetDir_WriteAbs
 .text.AddFloatAsSignedShort
                0x00003ae8       0xc8 .\ARM_GCC_541\Debug\hamfly_qx_protocol.o
                0x00003ae8                AddFloatAsSignedShort
 .text.GetFloatAsSignedShort
                0x00003bb0      0x170 .\ARM_GCC_541\Debug\hamfly_qx_protocol.o
                0x00003bb0                GetFloatAsSignedShort
 .text.AddSignedShortAsSignedShort
                0x00003d20       0x58 .\ARM_GCC_541\Debug\hamfly_qx_protocol.o
                0x00003d20                AddSignedShortAsSignedShort
 .text.GetSignedShortAsSignedShort
                0x00003d78      0x15c .\ARM_GCC_541\Debug\hamfly_qx_protocol.o
                0x00003d78                GetSignedShortAsSignedShort
 .text.AddUnsignedCharAsUnsignedChar
                0x00003ed4       0x3c .\ARM_GCC_541\Debug\hamfly_qx_protocol.o
                0x00003ed4                AddUnsignedCharAsUnsignedChar
 .text.GetUnsignedCharAsUnsignedChar
                0x00003f10       0xc8 .\ARM_GCC_541\Debug\hamfly_qx_protocol.o
                0x00003f10                GetUnsignedCharAsUnsignedChar
 .text.AddUnsignedShortAsUnsignedShort
                0x00003fd8       0x54 .\ARM_GCC_541\Debug\hamfly_qx_protocol.o
                0x00003fd8                AddUnsignedShortAsUnsignedShort
 .text.GetUnsignedShortAsUnsignedShort
                0x0000402c       0xf8 .\ARM_GCC_541\Debug\hamfly_qx_protocol.o
                0x0000402c                GetUnsignedShortAsUnsignedShort
 .text.AddBitsAsByte
                0x00004124       0xcc .\ARM_GCC_541\Debug\hamfly_qx_protocol.o
                0x00004124                AddBitsAsByte
 .text.GetBitsAsByte
                0x000041f0       0xdc .\ARM_GCC_541\Debug\hamfly_qx_protocol.o
                0x000041f0                GetBitsAsByte
 .text.QX_InitMsg
                0x000042cc       0x30 .\ARM_GCC_541\Debug\hamfly_qx_protocol.o
 .text.QX_RxMsg
                0x000042fc       0xec .\ARM_GCC_541\Debug\hamfly_qx_protocol.o
 .text.QX_Srv_Rx_Read
                0x000043e8       0x90 .\ARM_GCC_541\Debug\hamfly_qx_protocol.o
 .text.QX_Srv_Rx_Write
                0x00004478       0xc4 .\ARM_GCC_541\Debug\hamfly_qx_protocol.o
 .text.QX_Cli_Rx_CurVal
                0x0000453c       0x3c .\ARM_GCC_541\Debug\hamfly_qx_protocol.o
 .text.QX_TxMsg_Setup
                0x00004578       0x4c .\ARM_GCC_541\Debug\hamfly_qx_protocol.o
 .text.QX_TxMsg_Finish
                0x000045c4      0x1dc .\ARM_GCC_541\Debug\hamfly_qx_protocol.o
 .text.QX_BuildHeader
                0x000047a0      0x188 .\ARM_GCC_541\Debug\hamfly_qx_protocol.o
 .text.QX_ParseHeader
                0x00004928      0x114 .\ARM_GCC_541\Debug\hamfly_qx_protocol.o
 .text.QX_Calc8bChecksum
                0x00004a3c       0x3c .\ARM_GCC_541\Debug\hamfly_qx_protocol.o
 .text.QX_AddExtdValToBuf
                0x00004a78       0x88 .\ARM_GCC_541\Debug\hamfly_qx_protocol.o
 .text.QX_GetExtdValFromBuf
                0x00004b00       0x6c .\ARM_GCC_541\Debug\hamfly_qx_protocol.o
 .text.QX_compute_crc32
                0x00004b6c       0x4c .\ARM_GCC_541\Debug\hamfly_qx_protocol.o
 .text.QX_accumulate_crc32
                0x00004bb8       0x54 .\ARM_GCC_541\Debug\hamfly_qx_protocol.o
                0x00004bb8                QX_accumulate_crc32
 .text.QX_InitCli
                0x00004c0c       0x24 .\ARM_GCC_541\Debug\hamfly_qx_protocol.o
                0x00004c0c                QX_InitCli
 .text.QX_InitTxOptions
                0x00004c30       0x3c .\ARM_GCC_541\Debug\hamfly_qx_protocol.o
                0x00004c30                QX_InitTxOptions
 .text.QX_SendPacket_Srv_CurVal
                0x00004c6c       0x98 .\ARM_GCC_541\Debug\hamfly_qx_protocol.o
                0x00004c6c                QX_SendPacket_Srv_CurVal
 .text.QX_SendPacket_Cli_WriteABS
                0x00004d04       0x98 .\ARM_GCC_541\Debug\hamfly_qx_protocol.o
                0x00004d04                QX_SendPacket_Cli_WriteABS
 .text.QX_StreamRxCharSM
                0x00004d9c      0x6e0 .\ARM_GCC_541\Debug\hamfly_qx_protocol.o
                0x00004d9c                QX_StreamRxCharSM
 .text.CYMEMZERO
                0x0000547c       0x1c .\ARM_GCC_541\Debug\cyfitter_cfg.o
 .text.CYCONFIGCPY
                0x00005498       0x20 .\ARM_GCC_541\Debug\cyfitter_cfg.o
 .text.CyClockStartupError
                0x000054b8        0xc .\ARM_GCC_541\Debug\cyfitter_cfg.o
 .text.cfg_write_bytes32
                0x000054c4       0x74 .\ARM_GCC_541\Debug\cyfitter_cfg.o
 .text.ClockSetup
                0x00005538      0x180 .\ARM_GCC_541\Debug\cyfitter_cfg.o
 .text.AnalogSetDefault
                0x000056b8       0x44 .\ARM_GCC_541\Debug\cyfitter_cfg.o
 .text.AMux_1_Set
                0x000056fc       0x6c .\ARM_GCC_541\Debug\cyfitter_cfg.o
                0x000056fc                AMux_1_Set
 .text.AMux_1_Unset
                0x00005768       0x74 .\ARM_GCC_541\Debug\cyfitter_cfg.o
                0x00005768                AMux_1_Unset
 .text.ADC_DelSig_1_AMux_Set
                0x000057dc       0x40 .\ARM_GCC_541\Debug\cyfitter_cfg.o
                0x000057dc                ADC_DelSig_1_AMux_Set
 .text.ADC_DelSig_1_AMux_Unset
                0x0000581c       0x44 .\ARM_GCC_541\Debug\cyfitter_cfg.o
                0x0000581c                ADC_DelSig_1_AMux_Unset
 .text.cyfitter_cfg
                0x00005860      0x1ac .\ARM_GCC_541\Debug\cyfitter_cfg.o
                0x00005860                cyfitter_cfg
 .text.IntDefaultHandler
                0x00005a0c       0x14 .\ARM_GCC_541\Debug\Cm3Start.o
                0x00005a0c                IntDefaultHandler
 .text._sbrk    0x00005a20       0x50 .\ARM_GCC_541\Debug\Cm3Start.o
                0x00005a20                _sbrk
 .text.Start_c  0x00005a70       0x98 .\ARM_GCC_541\Debug\Cm3Start.o
                0x00005a70                Start_c
 .text.initialize_psoc
                0x00005b08       0x90 .\ARM_GCC_541\Debug\Cm3Start.o
                0x00005b08                initialize_psoc
 .text.ADC_DelSig_1_Init
                0x00005b98      0x11c .\ARM_GCC_541\Debug\Proj07_hamflyAPI_stateMachineUpgrade.a(ADC_DelSig_1.o)
                0x00005b98                ADC_DelSig_1_Init
 .text.ADC_DelSig_1_Enable
                0x00005cb4      0x158 .\ARM_GCC_541\Debug\Proj07_hamflyAPI_stateMachineUpgrade.a(ADC_DelSig_1.o)
                0x00005cb4                ADC_DelSig_1_Enable
 .text.ADC_DelSig_1_Start
                0x00005e0c       0x30 .\ARM_GCC_541\Debug\Proj07_hamflyAPI_stateMachineUpgrade.a(ADC_DelSig_1.o)
                0x00005e0c                ADC_DelSig_1_Start
 .text.ADC_DelSig_1_StartConvert
                0x00005e3c       0x20 .\ARM_GCC_541\Debug\Proj07_hamflyAPI_stateMachineUpgrade.a(ADC_DelSig_1.o)
                0x00005e3c                ADC_DelSig_1_StartConvert
 .text.ADC_DelSig_1_StopConvert
                0x00005e5c       0x20 .\ARM_GCC_541\Debug\Proj07_hamflyAPI_stateMachineUpgrade.a(ADC_DelSig_1.o)
                0x00005e5c                ADC_DelSig_1_StopConvert
 .text.ADC_DelSig_1_GetResult16
                0x00005e7c       0x7c .\ARM_GCC_541\Debug\Proj07_hamflyAPI_stateMachineUpgrade.a(ADC_DelSig_1.o)
                0x00005e7c                ADC_DelSig_1_GetResult16
 .text.ADC_DelSig_1_InitConfig
                0x00005ef8      0x164 .\ARM_GCC_541\Debug\Proj07_hamflyAPI_stateMachineUpgrade.a(ADC_DelSig_1.o)
 .text.ADC_DelSig_1_GainCompensation
                0x0000605c      0x170 .\ARM_GCC_541\Debug\Proj07_hamflyAPI_stateMachineUpgrade.a(ADC_DelSig_1.o)
 .text.ADC_DelSig_1_SetDSMRef0Reg
                0x000061cc       0x7c .\ARM_GCC_541\Debug\Proj07_hamflyAPI_stateMachineUpgrade.a(ADC_DelSig_1.o)
 .text.ADC_DelSig_1_ISR1
                0x00006248        0xc .\ARM_GCC_541\Debug\Proj07_hamflyAPI_stateMachineUpgrade.a(ADC_DelSig_1_INT.o)
                0x00006248                ADC_DelSig_1_ISR1
 .text.AMux_1_Start
                0x00006254       0x34 .\ARM_GCC_541\Debug\Proj07_hamflyAPI_stateMachineUpgrade.a(AMux_1.o)
                0x00006254                AMux_1_Start
 .text.AMux_1_FastSelect
                0x00006288       0x38 .\ARM_GCC_541\Debug\Proj07_hamflyAPI_stateMachineUpgrade.a(AMux_1.o)
                0x00006288                AMux_1_FastSelect
 .text.isr_adc_StartEx
                0x000062c0       0x24 .\ARM_GCC_541\Debug\Proj07_hamflyAPI_stateMachineUpgrade.a(isr_adc.o)
                0x000062c0                isr_adc_StartEx
 .text.isr_adc_SetVector
                0x000062e4       0x24 .\ARM_GCC_541\Debug\Proj07_hamflyAPI_stateMachineUpgrade.a(isr_adc.o)
                0x000062e4                isr_adc_SetVector
 .text.isr_adc_SetPriority
                0x00006308       0x24 .\ARM_GCC_541\Debug\Proj07_hamflyAPI_stateMachineUpgrade.a(isr_adc.o)
                0x00006308                isr_adc_SetPriority
 .text.isr_adc_Enable
                0x0000632c       0x18 .\ARM_GCC_541\Debug\Proj07_hamflyAPI_stateMachineUpgrade.a(isr_adc.o)
                0x0000632c                isr_adc_Enable
 .text.isr_adc_Disable
                0x00006344       0x18 .\ARM_GCC_541\Debug\Proj07_hamflyAPI_stateMachineUpgrade.a(isr_adc.o)
                0x00006344                isr_adc_Disable
 .text.isr_adc_ClearPending
                0x0000635c       0x18 .\ARM_GCC_541\Debug\Proj07_hamflyAPI_stateMachineUpgrade.a(isr_adc.o)
                0x0000635c                isr_adc_ClearPending
 .text.UART_MOVI_Start
                0x00006374       0x24 .\ARM_GCC_541\Debug\Proj07_hamflyAPI_stateMachineUpgrade.a(UART_MOVI.o)
                0x00006374                UART_MOVI_Start
 .text.UART_MOVI_Init
                0x00006398       0x40 .\ARM_GCC_541\Debug\Proj07_hamflyAPI_stateMachineUpgrade.a(UART_MOVI.o)
                0x00006398                UART_MOVI_Init
 .text.UART_MOVI_Enable
                0x000063d8       0x5c .\ARM_GCC_541\Debug\Proj07_hamflyAPI_stateMachineUpgrade.a(UART_MOVI.o)
                0x000063d8                UART_MOVI_Enable
 .text.UART_MOVI_ClearRxBuffer
                0x00006434       0x44 .\ARM_GCC_541\Debug\Proj07_hamflyAPI_stateMachineUpgrade.a(UART_MOVI.o)
                0x00006434                UART_MOVI_ClearRxBuffer
 .text.UART_MOVI_PutChar
                0x00006478       0x34 .\ARM_GCC_541\Debug\Proj07_hamflyAPI_stateMachineUpgrade.a(UART_MOVI.o)
                0x00006478                UART_MOVI_PutChar
 .text.UART_MOVI_ClearTxBuffer
                0x000064ac       0x44 .\ARM_GCC_541\Debug\Proj07_hamflyAPI_stateMachineUpgrade.a(UART_MOVI.o)
                0x000064ac                UART_MOVI_ClearTxBuffer
 .text.isr_rx_movi_StartEx
                0x000064f0       0x24 .\ARM_GCC_541\Debug\Proj07_hamflyAPI_stateMachineUpgrade.a(isr_rx_movi.o)
                0x000064f0                isr_rx_movi_StartEx
 .text.isr_rx_movi_SetVector
                0x00006514       0x24 .\ARM_GCC_541\Debug\Proj07_hamflyAPI_stateMachineUpgrade.a(isr_rx_movi.o)
                0x00006514                isr_rx_movi_SetVector
 .text.isr_rx_movi_SetPriority
                0x00006538       0x24 .\ARM_GCC_541\Debug\Proj07_hamflyAPI_stateMachineUpgrade.a(isr_rx_movi.o)
                0x00006538                isr_rx_movi_SetPriority
 .text.isr_rx_movi_Enable
                0x0000655c       0x18 .\ARM_GCC_541\Debug\Proj07_hamflyAPI_stateMachineUpgrade.a(isr_rx_movi.o)
                0x0000655c                isr_rx_movi_Enable
 .text.isr_rx_movi_Disable
                0x00006574       0x18 .\ARM_GCC_541\Debug\Proj07_hamflyAPI_stateMachineUpgrade.a(isr_rx_movi.o)
                0x00006574                isr_rx_movi_Disable
 .text.Looptimer_Init
                0x0000658c       0xa0 .\ARM_GCC_541\Debug\Proj07_hamflyAPI_stateMachineUpgrade.a(Looptimer.o)
                0x0000658c                Looptimer_Init
 .text.Looptimer_Enable
                0x0000662c       0x48 .\ARM_GCC_541\Debug\Proj07_hamflyAPI_stateMachineUpgrade.a(Looptimer.o)
                0x0000662c                Looptimer_Enable
 .text.Looptimer_Start
                0x00006674       0x24 .\ARM_GCC_541\Debug\Proj07_hamflyAPI_stateMachineUpgrade.a(Looptimer.o)
                0x00006674                Looptimer_Start
 .text.Looptimer_SetInterruptMode
                0x00006698       0x20 .\ARM_GCC_541\Debug\Proj07_hamflyAPI_stateMachineUpgrade.a(Looptimer.o)
                0x00006698                Looptimer_SetInterruptMode
 .text.Looptimer_ReadStatusRegister
                0x000066b8       0x18 .\ARM_GCC_541\Debug\Proj07_hamflyAPI_stateMachineUpgrade.a(Looptimer.o)
                0x000066b8                Looptimer_ReadStatusRegister
 .text.Looptimer_WritePeriod
                0x000066d0       0x24 .\ARM_GCC_541\Debug\Proj07_hamflyAPI_stateMachineUpgrade.a(Looptimer.o)
                0x000066d0                Looptimer_WritePeriod
 .text.Looptimer_WriteCounter
                0x000066f4       0x20 .\ARM_GCC_541\Debug\Proj07_hamflyAPI_stateMachineUpgrade.a(Looptimer.o)
                0x000066f4                Looptimer_WriteCounter
 .text.isr_Looptimer_StartEx
                0x00006714       0x24 .\ARM_GCC_541\Debug\Proj07_hamflyAPI_stateMachineUpgrade.a(isr_Looptimer.o)
                0x00006714                isr_Looptimer_StartEx
 .text.isr_Looptimer_SetVector
                0x00006738       0x24 .\ARM_GCC_541\Debug\Proj07_hamflyAPI_stateMachineUpgrade.a(isr_Looptimer.o)
                0x00006738                isr_Looptimer_SetVector
 .text.isr_Looptimer_SetPriority
                0x0000675c       0x24 .\ARM_GCC_541\Debug\Proj07_hamflyAPI_stateMachineUpgrade.a(isr_Looptimer.o)
                0x0000675c                isr_Looptimer_SetPriority
 .text.isr_Looptimer_Enable
                0x00006780       0x18 .\ARM_GCC_541\Debug\Proj07_hamflyAPI_stateMachineUpgrade.a(isr_Looptimer.o)
                0x00006780                isr_Looptimer_Enable
 .text.isr_Looptimer_Disable
                0x00006798       0x18 .\ARM_GCC_541\Debug\Proj07_hamflyAPI_stateMachineUpgrade.a(isr_Looptimer.o)
                0x00006798                isr_Looptimer_Disable
 .text.EEPROM_CONFIG_Enable
                0x000067b0       0x10 .\ARM_GCC_541\Debug\Proj07_hamflyAPI_stateMachineUpgrade.a(EEPROM_CONFIG.o)
                0x000067b0                EEPROM_CONFIG_Enable
 .text.EEPROM_CONFIG_Start
                0x000067c0        0xc .\ARM_GCC_541\Debug\Proj07_hamflyAPI_stateMachineUpgrade.a(EEPROM_CONFIG.o)
                0x000067c0                EEPROM_CONFIG_Start
 .text.ADC_DelSig_1_AMux_Start
                0x000067cc       0x34 .\ARM_GCC_541\Debug\Proj07_hamflyAPI_stateMachineUpgrade.a(ADC_DelSig_1_AMux.o)
                0x000067cc                ADC_DelSig_1_AMux_Start
 .text.ADC_DelSig_1_AMux_Select
                0x00006800       0x28 .\ARM_GCC_541\Debug\Proj07_hamflyAPI_stateMachineUpgrade.a(ADC_DelSig_1_AMux.o)
                0x00006800                ADC_DelSig_1_AMux_Select
 .text.ADC_DelSig_1_Ext_CP_Clk_SetDividerRegister
                0x00006828      0x164 .\ARM_GCC_541\Debug\Proj07_hamflyAPI_stateMachineUpgrade.a(ADC_DelSig_1_Ext_CP_Clk.o)
                0x00006828                ADC_DelSig_1_Ext_CP_Clk_SetDividerRegister
 .text.ADC_DelSig_1_Ext_CP_Clk_GetDividerRegister
                0x0000698c       0x18 .\ARM_GCC_541\Debug\Proj07_hamflyAPI_stateMachineUpgrade.a(ADC_DelSig_1_Ext_CP_Clk.o)
                0x0000698c                ADC_DelSig_1_Ext_CP_Clk_GetDividerRegister
 .text.ADC_DelSig_1_Ext_CP_Clk_SetModeRegister
                0x000069a4       0x34 .\ARM_GCC_541\Debug\Proj07_hamflyAPI_stateMachineUpgrade.a(ADC_DelSig_1_Ext_CP_Clk.o)
                0x000069a4                ADC_DelSig_1_Ext_CP_Clk_SetModeRegister
 .text.ADC_DelSig_1_Ext_CP_Clk_GetSourceRegister
                0x000069d8       0x1c .\ARM_GCC_541\Debug\Proj07_hamflyAPI_stateMachineUpgrade.a(ADC_DelSig_1_Ext_CP_Clk.o)
                0x000069d8                ADC_DelSig_1_Ext_CP_Clk_GetSourceRegister
 .text.ADC_DelSig_1_theACLK_SetDividerRegister
                0x000069f4      0x164 .\ARM_GCC_541\Debug\Proj07_hamflyAPI_stateMachineUpgrade.a(ADC_DelSig_1_theACLK.o)
                0x000069f4                ADC_DelSig_1_theACLK_SetDividerRegister
 .text.ADC_DelSig_1_theACLK_GetDividerRegister
                0x00006b58       0x18 .\ARM_GCC_541\Debug\Proj07_hamflyAPI_stateMachineUpgrade.a(ADC_DelSig_1_theACLK.o)
                0x00006b58                ADC_DelSig_1_theACLK_GetDividerRegister
 .text.ADC_DelSig_1_theACLK_SetModeRegister
                0x00006b70       0x34 .\ARM_GCC_541\Debug\Proj07_hamflyAPI_stateMachineUpgrade.a(ADC_DelSig_1_theACLK.o)
                0x00006b70                ADC_DelSig_1_theACLK_SetModeRegister
 .text.ADC_DelSig_1_theACLK_GetSourceRegister
                0x00006ba4       0x1c .\ARM_GCC_541\Debug\Proj07_hamflyAPI_stateMachineUpgrade.a(ADC_DelSig_1_theACLK.o)
                0x00006ba4                ADC_DelSig_1_theACLK_GetSourceRegister
 .text.CySetTempInt
                0x00006bc0       0x7c .\ARM_GCC_541\Debug\Proj07_hamflyAPI_stateMachineUpgrade.a(CyFlash.o)
 .text.CyFlashGetSpcAlgorithm
                0x00006c3c       0x70 .\ARM_GCC_541\Debug\Proj07_hamflyAPI_stateMachineUpgrade.a(CyFlash.o)
                0x00006c3c                CyFlashGetSpcAlgorithm
 .text.CySetTemp
                0x00006cac       0x24 .\ARM_GCC_541\Debug\Proj07_hamflyAPI_stateMachineUpgrade.a(CyFlash.o)
                0x00006cac                CySetTemp
 .text.CyEEPROM_Start
                0x00006cd0       0x8c .\ARM_GCC_541\Debug\Proj07_hamflyAPI_stateMachineUpgrade.a(CyFlash.o)
                0x00006cd0                CyEEPROM_Start
 .text.CyHalt   0x00006d5c       0x18 .\ARM_GCC_541\Debug\Proj07_hamflyAPI_stateMachineUpgrade.a(CyLib.o)
                0x00006d5c                CyHalt
 .text.CyDelayUs
                0x00006d74       0x28 .\ARM_GCC_541\Debug\Proj07_hamflyAPI_stateMachineUpgrade.a(CyLib.o)
                0x00006d74                CyDelayUs
 .text.CyIntSetVector
                0x00006d9c       0x50 .\ARM_GCC_541\Debug\Proj07_hamflyAPI_stateMachineUpgrade.a(CyLib.o)
                0x00006d9c                CyIntSetVector
 .text.CyIntSetPriority
                0x00006dec       0x48 .\ARM_GCC_541\Debug\Proj07_hamflyAPI_stateMachineUpgrade.a(CyLib.o)
                0x00006dec                CyIntSetPriority
 .text.CySpcStart
                0x00006e34       0x48 .\ARM_GCC_541\Debug\Proj07_hamflyAPI_stateMachineUpgrade.a(CySpc.o)
                0x00006e34                CySpcStart
 .text.CySpcReadData
                0x00006e7c       0x54 .\ARM_GCC_541\Debug\Proj07_hamflyAPI_stateMachineUpgrade.a(CySpc.o)
                0x00006e7c                CySpcReadData
 .text.CySpcGetTemp
                0x00006ed0       0x64 .\ARM_GCC_541\Debug\Proj07_hamflyAPI_stateMachineUpgrade.a(CySpc.o)
                0x00006ed0                CySpcGetTemp
 .text.CySpcLock
                0x00006f34       0x68 .\ARM_GCC_541\Debug\Proj07_hamflyAPI_stateMachineUpgrade.a(CySpc.o)
                0x00006f34                CySpcLock
 .text.CySpcUnlock
                0x00006f9c       0x50 .\ARM_GCC_541\Debug\Proj07_hamflyAPI_stateMachineUpgrade.a(CySpc.o)
                0x00006f9c                CySpcUnlock
 .text.CySpcGetAlgorithm
                0x00006fec       0x44 .\ARM_GCC_541\Debug\Proj07_hamflyAPI_stateMachineUpgrade.a(CySpc.o)
                0x00006fec                CySpcGetAlgorithm
 .text.UART_PI_Start
                0x00007030       0x24 .\ARM_GCC_541\Debug\Proj07_hamflyAPI_stateMachineUpgrade.a(UART_PI.o)
                0x00007030                UART_PI_Start
 .text.UART_PI_Init
                0x00007054       0x40 .\ARM_GCC_541\Debug\Proj07_hamflyAPI_stateMachineUpgrade.a(UART_PI.o)
                0x00007054                UART_PI_Init
 .text.UART_PI_Enable
                0x00007094       0x60 .\ARM_GCC_541\Debug\Proj07_hamflyAPI_stateMachineUpgrade.a(UART_PI.o)
                0x00007094                UART_PI_Enable
 .text.UART_PI_ClearRxBuffer
                0x000070f4       0x44 .\ARM_GCC_541\Debug\Proj07_hamflyAPI_stateMachineUpgrade.a(UART_PI.o)
                0x000070f4                UART_PI_ClearRxBuffer
 .text.UART_PI_ClearTxBuffer
                0x00007138       0x44 .\ARM_GCC_541\Debug\Proj07_hamflyAPI_stateMachineUpgrade.a(UART_PI.o)
                0x00007138                UART_PI_ClearTxBuffer
 .text.UART_PI_IntClock_Start
                0x0000717c       0x34 .\ARM_GCC_541\Debug\Proj07_hamflyAPI_stateMachineUpgrade.a(UART_PI_IntClock.o)
                0x0000717c                UART_PI_IntClock_Start
 .text.UART_DEBUG_Start
                0x000071b0       0x24 .\ARM_GCC_541\Debug\Proj07_hamflyAPI_stateMachineUpgrade.a(UART_DEBUG.o)
                0x000071b0                UART_DEBUG_Start
 .text.UART_DEBUG_Init
                0x000071d4       0x40 .\ARM_GCC_541\Debug\Proj07_hamflyAPI_stateMachineUpgrade.a(UART_DEBUG.o)
                0x000071d4                UART_DEBUG_Init
 .text.UART_DEBUG_Enable
                0x00007214       0x60 .\ARM_GCC_541\Debug\Proj07_hamflyAPI_stateMachineUpgrade.a(UART_DEBUG.o)
                0x00007214                UART_DEBUG_Enable
 .text.UART_DEBUG_GetChar
                0x00007274       0x44 .\ARM_GCC_541\Debug\Proj07_hamflyAPI_stateMachineUpgrade.a(UART_DEBUG.o)
                0x00007274                UART_DEBUG_GetChar
 .text.UART_DEBUG_PutChar
                0x000072b8       0x34 .\ARM_GCC_541\Debug\Proj07_hamflyAPI_stateMachineUpgrade.a(UART_DEBUG.o)
                0x000072b8                UART_DEBUG_PutChar
 .text.UART_DEBUG_PutString
                0x000072ec       0x44 .\ARM_GCC_541\Debug\Proj07_hamflyAPI_stateMachineUpgrade.a(UART_DEBUG.o)
                0x000072ec                UART_DEBUG_PutString
 .text.UART_DEBUG_IntClock_Start
                0x00007330       0x34 .\ARM_GCC_541\Debug\Proj07_hamflyAPI_stateMachineUpgrade.a(UART_DEBUG_IntClock.o)
                0x00007330                UART_DEBUG_IntClock_Start
 .text.isr_rx_pi_StartEx
                0x00007364       0x24 .\ARM_GCC_541\Debug\Proj07_hamflyAPI_stateMachineUpgrade.a(isr_rx_pi.o)
                0x00007364                isr_rx_pi_StartEx
 .text.isr_rx_pi_SetVector
                0x00007388       0x24 .\ARM_GCC_541\Debug\Proj07_hamflyAPI_stateMachineUpgrade.a(isr_rx_pi.o)
                0x00007388                isr_rx_pi_SetVector
 .text.isr_rx_pi_SetPriority
                0x000073ac       0x24 .\ARM_GCC_541\Debug\Proj07_hamflyAPI_stateMachineUpgrade.a(isr_rx_pi.o)
                0x000073ac                isr_rx_pi_SetPriority
 .text.isr_rx_pi_Enable
                0x000073d0       0x18 .\ARM_GCC_541\Debug\Proj07_hamflyAPI_stateMachineUpgrade.a(isr_rx_pi.o)
                0x000073d0                isr_rx_pi_Enable
 .text.isr_rx_pi_Disable
                0x000073e8       0x18 .\ARM_GCC_541\Debug\Proj07_hamflyAPI_stateMachineUpgrade.a(isr_rx_pi.o)
                0x000073e8                isr_rx_pi_Disable
 .text          0x00007400       0x54 .\ARM_GCC_541\Debug\Proj07_hamflyAPI_stateMachineUpgrade.a(CyBootAsmGnu.o)
                0x00007400                CyDelayCycles
                0x0000743e                CyEnterCriticalSection
                0x00007446                CyExitCriticalSection
 .text.asinf    0x00007454       0xa4 c:/program files (x86)/cypress/psoc creator/4.4/psoc creator/import/gnu/arm/5.4.1/bin/../lib/gcc/arm-none-eabi/5.4.1/../../../../arm-none-eabi/lib/armv7-m\libm.a(lib_a-wf_asin.o)
                0x00007454                asinf
 .text.atan2f   0x000074f8        0x4 c:/program files (x86)/cypress/psoc creator/4.4/psoc creator/import/gnu/arm/5.4.1/bin/../lib/gcc/arm-none-eabi/5.4.1/../../../../arm-none-eabi/lib/armv7-m\libm.a(lib_a-wf_atan2.o)
                0x000074f8                atan2f
 .text.__ieee754_asinf
                0x000074fc      0x294 c:/program files (x86)/cypress/psoc creator/4.4/psoc creator/import/gnu/arm/5.4.1/bin/../lib/gcc/arm-none-eabi/5.4.1/../../../../arm-none-eabi/lib/armv7-m\libm.a(lib_a-ef_asin.o)
                0x000074fc                __ieee754_asinf
 .text.__ieee754_atan2f
                0x00007790      0x124 c:/program files (x86)/cypress/psoc creator/4.4/psoc creator/import/gnu/arm/5.4.1/bin/../lib/gcc/arm-none-eabi/5.4.1/../../../../arm-none-eabi/lib/armv7-m\libm.a(lib_a-ef_atan2.o)
                0x00007790                __ieee754_atan2f
 .text.__ieee754_sqrtf
                0x000078b4       0xa8 c:/program files (x86)/cypress/psoc creator/4.4/psoc creator/import/gnu/arm/5.4.1/bin/../lib/gcc/arm-none-eabi/5.4.1/../../../../arm-none-eabi/lib/armv7-m\libm.a(lib_a-ef_sqrt.o)
                0x000078b4                __ieee754_sqrtf
 .text.matherr  0x0000795c        0x4 c:/program files (x86)/cypress/psoc creator/4.4/psoc creator/import/gnu/arm/5.4.1/bin/../lib/gcc/arm-none-eabi/5.4.1/../../../../arm-none-eabi/lib/armv7-m\libm.a(lib_a-s_matherr.o)
                0x0000795c                matherr
 .text.nan      0x00007960        0xc c:/program files (x86)/cypress/psoc creator/4.4/psoc creator/import/gnu/arm/5.4.1/bin/../lib/gcc/arm-none-eabi/5.4.1/../../../../arm-none-eabi/lib/armv7-m\libm.a(lib_a-s_nan.o)
                0x00007960                nan
 .text.atanf    0x0000796c      0x22c c:/program files (x86)/cypress/psoc creator/4.4/psoc creator/import/gnu/arm/5.4.1/bin/../lib/gcc/arm-none-eabi/5.4.1/../../../../arm-none-eabi/lib/armv7-m\libm.a(lib_a-sf_atan.o)
                0x0000796c                atanf
 .text.fabsf    0x00007b98        0x8 c:/program files (x86)/cypress/psoc creator/4.4/psoc creator/import/gnu/arm/5.4.1/bin/../lib/gcc/arm-none-eabi/5.4.1/../../../../arm-none-eabi/lib/armv7-m\libm.a(lib_a-sf_fabs.o)
                0x00007b98                fabsf
 .text          0x00007ba0      0x370 c:/program files (x86)/cypress/psoc creator/4.4/psoc creator/import/gnu/arm/5.4.1/bin/../lib/gcc/arm-none-eabi/5.4.1/armv7-m\libgcc.a(_arm_addsubdf3.o)
                0x00007ba0                __aeabi_drsub
                0x00007ba8                __aeabi_dsub
                0x00007ba8                __subdf3
                0x00007bac                __aeabi_dadd
                0x00007bac                __adddf3
                0x00007e24                __floatunsidf
                0x00007e24                __aeabi_ui2d
                0x00007e44                __floatsidf
                0x00007e44                __aeabi_i2d
                0x00007e68                __aeabi_f2d
                0x00007e68                __extendsfdf2
                0x00007ea4                __floatundidf
                0x00007ea4                __aeabi_ul2d
                0x00007eb4                __floatdidf
                0x00007eb4                __aeabi_l2d
 .text          0x00007f10      0x424 c:/program files (x86)/cypress/psoc creator/4.4/psoc creator/import/gnu/arm/5.4.1/bin/../lib/gcc/arm-none-eabi/5.4.1/armv7-m\libgcc.a(_arm_muldivdf3.o)
                0x00007f10                __aeabi_dmul
                0x00007f10                __muldf3
                0x00008164                __divdf3
                0x00008164                __aeabi_ddiv
 .text          0x00008334      0x110 c:/program files (x86)/cypress/psoc creator/4.4/psoc creator/import/gnu/arm/5.4.1/bin/../lib/gcc/arm-none-eabi/5.4.1/armv7-m\libgcc.a(_arm_cmpdf2.o)
                0x00008334                __gtdf2
                0x00008334                __gedf2
                0x0000833c                __ltdf2
                0x0000833c                __ledf2
                0x00008344                __nedf2
                0x00008344                __eqdf2
                0x00008344                __cmpdf2
                0x000083c0                __aeabi_cdrcmple
                0x000083d0                __aeabi_cdcmpeq
                0x000083d0                __aeabi_cdcmple
                0x000083e0                __aeabi_dcmpeq
                0x000083f4                __aeabi_dcmplt
                0x00008408                __aeabi_dcmple
                0x0000841c                __aeabi_dcmpge
                0x00008430                __aeabi_dcmpgt
 .text          0x00008444       0x2c c:/program files (x86)/cypress/psoc creator/4.4/psoc creator/import/gnu/arm/5.4.1/bin/../lib/gcc/arm-none-eabi/5.4.1/armv7-m\libgcc.a(_arm_unorddf2.o)
                0x00008444                __unorddf2
                0x00008444                __aeabi_dcmpun
 .text          0x00008470       0x50 c:/program files (x86)/cypress/psoc creator/4.4/psoc creator/import/gnu/arm/5.4.1/bin/../lib/gcc/arm-none-eabi/5.4.1/armv7-m\libgcc.a(_arm_fixdfsi.o)
                0x00008470                __aeabi_d2iz
                0x00008470                __fixdfsi
 .text          0x000084c0       0xa0 c:/program files (x86)/cypress/psoc creator/4.4/psoc creator/import/gnu/arm/5.4.1/bin/../lib/gcc/arm-none-eabi/5.4.1/armv7-m\libgcc.a(_arm_truncdfsf2.o)
                0x000084c0                __truncdfsf2
                0x000084c0                __aeabi_d2f
 .text          0x00008560      0x21c c:/program files (x86)/cypress/psoc creator/4.4/psoc creator/import/gnu/arm/5.4.1/bin/../lib/gcc/arm-none-eabi/5.4.1/armv7-m\libgcc.a(_arm_addsubsf3.o)
                0x00008560                __aeabi_frsub
                0x00008568                __subsf3
                0x00008568                __aeabi_fsub
                0x0000856c                __aeabi_fadd
                0x0000856c                __addsf3
                0x000086cc                __aeabi_ui2f
                0x000086cc                __floatunsisf
                0x000086d4                __aeabi_i2f
                0x000086d4                __floatsisf
                0x000086f0                __aeabi_ul2f
                0x000086f0                __floatundisf
                0x00008700                __aeabi_l2f
                0x00008700                __floatdisf
 .text          0x0000877c      0x2a0 c:/program files (x86)/cypress/psoc creator/4.4/psoc creator/import/gnu/arm/5.4.1/bin/../lib/gcc/arm-none-eabi/5.4.1/armv7-m\libgcc.a(_arm_muldivsf3.o)
                0x0000877c                __mulsf3
                0x0000877c                __aeabi_fmul
                0x000088e4                __aeabi_fdiv
                0x000088e4                __divsf3
 .text          0x00008a1c       0xec c:/program files (x86)/cypress/psoc creator/4.4/psoc creator/import/gnu/arm/5.4.1/bin/../lib/gcc/arm-none-eabi/5.4.1/armv7-m\libgcc.a(_arm_cmpsf2.o)
                0x00008a1c                __gesf2
                0x00008a1c                __gtsf2
                0x00008a24                __lesf2
                0x00008a24                __ltsf2
                0x00008a2c                __nesf2
                0x00008a2c                __eqsf2
                0x00008a2c                __cmpsf2
                0x00008a8c                __aeabi_cfrcmple
                0x00008a94                __aeabi_cfcmpeq
                0x00008a94                __aeabi_cfcmple
                0x00008aa4                __aeabi_fcmpeq
                0x00008ab8                __aeabi_fcmplt
                0x00008acc                __aeabi_fcmple
                0x00008ae0                __aeabi_fcmpge
                0x00008af4                __aeabi_fcmpgt
 .text          0x00008b08       0x2c c:/program files (x86)/cypress/psoc creator/4.4/psoc creator/import/gnu/arm/5.4.1/bin/../lib/gcc/arm-none-eabi/5.4.1/armv7-m\libgcc.a(_arm_unordsf2.o)
                0x00008b08                __unordsf2
                0x00008b08                __aeabi_fcmpun
 .text          0x00008b34       0x4c c:/program files (x86)/cypress/psoc creator/4.4/psoc creator/import/gnu/arm/5.4.1/bin/../lib/gcc/arm-none-eabi/5.4.1/armv7-m\libgcc.a(_arm_fixsfsi.o)
                0x00008b34                __aeabi_f2iz
                0x00008b34                __fixsfsi
 .text          0x00008b80       0x40 c:/program files (x86)/cypress/psoc creator/4.4/psoc creator/import/gnu/arm/5.4.1/bin/../lib/gcc/arm-none-eabi/5.4.1/armv7-m\libgcc.a(_arm_fixunssfsi.o)
                0x00008b80                __fixunssfsi
                0x00008b80                __aeabi_f2uiz
 .text.__errno  0x00008bc0        0xc c:/program files (x86)/cypress/psoc creator/4.4/psoc creator/import/gnu/arm/5.4.1/bin/../lib/gcc/arm-none-eabi/5.4.1/../../../../arm-none-eabi/lib/armv7-m\libg_nano.a(lib_a-errno.o)
                0x00008bc0                __errno
 .text.__libc_init_array
                0x00008bcc       0x4c c:/program files (x86)/cypress/psoc creator/4.4/psoc creator/import/gnu/arm/5.4.1/bin/../lib/gcc/arm-none-eabi/5.4.1/../../../../arm-none-eabi/lib/armv7-m\libg_nano.a(lib_a-init.o)
                0x00008bcc                __libc_init_array
 .text.memcpy   0x00008c18       0x16 c:/program files (x86)/cypress/psoc creator/4.4/psoc creator/import/gnu/arm/5.4.1/bin/../lib/gcc/arm-none-eabi/5.4.1/../../../../arm-none-eabi/lib/armv7-m\libg_nano.a(lib_a-memcpy-stub.o)
                0x00008c18                memcpy
 .text.memset   0x00008c2e       0x10 c:/program files (x86)/cypress/psoc creator/4.4/psoc creator/import/gnu/arm/5.4.1/bin/../lib/gcc/arm-none-eabi/5.4.1/../../../../arm-none-eabi/lib/armv7-m\libg_nano.a(lib_a-memset.o)
                0x00008c2e                memset
 .text.__cvt    0x00008c3e       0xc0 c:/program files (x86)/cypress/psoc creator/4.4/psoc creator/import/gnu/arm/5.4.1/bin/../lib/gcc/arm-none-eabi/5.4.1/../../../../arm-none-eabi/lib/armv7-m\libg_nano.a(lib_a-nano-vfprintf_float.o)
                0x00008c3e                __cvt
 .text.__exponent
                0x00008cfe       0x62 c:/program files (x86)/cypress/psoc creator/4.4/psoc creator/import/gnu/arm/5.4.1/bin/../lib/gcc/arm-none-eabi/5.4.1/../../../../arm-none-eabi/lib/armv7-m\libg_nano.a(lib_a-nano-vfprintf_float.o)
                0x00008cfe                __exponent
 .text._printf_float
                0x00008d60      0x488 c:/program files (x86)/cypress/psoc creator/4.4/psoc creator/import/gnu/arm/5.4.1/bin/../lib/gcc/arm-none-eabi/5.4.1/../../../../arm-none-eabi/lib/armv7-m\libg_nano.a(lib_a-nano-vfprintf_float.o)
                0x00008d60                _printf_float
 .text._printf_common
                0x000091e8       0xec c:/program files (x86)/cypress/psoc creator/4.4/psoc creator/import/gnu/arm/5.4.1/bin/../lib/gcc/arm-none-eabi/5.4.1/../../../../arm-none-eabi/lib/armv7-m\libg_nano.a(lib_a-nano-vfprintf_i.o)
                0x000091e8                _printf_common
 .text._printf_i
                0x000092d4      0x24c c:/program files (x86)/cypress/psoc creator/4.4/psoc creator/import/gnu/arm/5.4.1/bin/../lib/gcc/arm-none-eabi/5.4.1/../../../../arm-none-eabi/lib/armv7-m\libg_nano.a(lib_a-nano-vfprintf_i.o)
                0x000092d4                _printf_i
 .text.snprintf
                0x00009520       0x64 c:/program files (x86)/cypress/psoc creator/4.4/psoc creator/import/gnu/arm/5.4.1/bin/../lib/gcc/arm-none-eabi/5.4.1/../../../../arm-none-eabi/lib/armv7-m\libg_nano.a(lib_a-snprintf.o)
                0x00009520                sniprintf
                0x00009520                snprintf
 .text          0x00009584       0x10 c:/program files (x86)/cypress/psoc creator/4.4/psoc creator/import/gnu/arm/5.4.1/bin/../lib/gcc/arm-none-eabi/5.4.1/../../../../arm-none-eabi/lib/armv7-m\libg_nano.a(lib_a-strlen.o)
                0x00009584                strlen
 .text.quorem   0x00009594      0x116 c:/program files (x86)/cypress/psoc creator/4.4/psoc creator/import/gnu/arm/5.4.1/bin/../lib/gcc/arm-none-eabi/5.4.1/../../../../arm-none-eabi/lib/armv7-m\libg_nano.a(lib_a-dtoa.o)
 *fill*         0x000096aa        0x6 
 .text._dtoa_r  0x000096b0      0xb30 c:/program files (x86)/cypress/psoc creator/4.4/psoc creator/import/gnu/arm/5.4.1/bin/../lib/gcc/arm-none-eabi/5.4.1/../../../../arm-none-eabi/lib/armv7-m\libg_nano.a(lib_a-dtoa.o)
                0x000096b0                _dtoa_r
 .text._localeconv_r
                0x0000a1e0        0x8 c:/program files (x86)/cypress/psoc creator/4.4/psoc creator/import/gnu/arm/5.4.1/bin/../lib/gcc/arm-none-eabi/5.4.1/../../../../arm-none-eabi/lib/armv7-m\libg_nano.a(lib_a-locale.o)
                0x0000a1e0                _localeconv_r
 .text.malloc   0x0000a1e8       0x10 c:/program files (x86)/cypress/psoc creator/4.4/psoc creator/import/gnu/arm/5.4.1/bin/../lib/gcc/arm-none-eabi/5.4.1/../../../../arm-none-eabi/lib/armv7-m\libg_nano.a(lib_a-malloc.o)
                0x0000a1e8                malloc
 .text.memchr   0x0000a1f8       0x1c c:/program files (x86)/cypress/psoc creator/4.4/psoc creator/import/gnu/arm/5.4.1/bin/../lib/gcc/arm-none-eabi/5.4.1/../../../../arm-none-eabi/lib/armv7-m\libg_nano.a(lib_a-memchr-stub.o)
                0x0000a1f8                memchr
 .text._Balloc  0x0000a214       0x6a c:/program files (x86)/cypress/psoc creator/4.4/psoc creator/import/gnu/arm/5.4.1/bin/../lib/gcc/arm-none-eabi/5.4.1/../../../../arm-none-eabi/lib/armv7-m\libg_nano.a(lib_a-mprec.o)
                0x0000a214                _Balloc
 .text._Bfree   0x0000a27e       0x2e c:/program files (x86)/cypress/psoc creator/4.4/psoc creator/import/gnu/arm/5.4.1/bin/../lib/gcc/arm-none-eabi/5.4.1/../../../../arm-none-eabi/lib/armv7-m\libg_nano.a(lib_a-mprec.o)
                0x0000a27e                _Bfree
 .text.__multadd
                0x0000a2ac       0x76 c:/program files (x86)/cypress/psoc creator/4.4/psoc creator/import/gnu/arm/5.4.1/bin/../lib/gcc/arm-none-eabi/5.4.1/../../../../arm-none-eabi/lib/armv7-m\libg_nano.a(lib_a-mprec.o)
                0x0000a2ac                __multadd
 .text.__hi0bits
                0x0000a322       0x40 c:/program files (x86)/cypress/psoc creator/4.4/psoc creator/import/gnu/arm/5.4.1/bin/../lib/gcc/arm-none-eabi/5.4.1/../../../../arm-none-eabi/lib/armv7-m\libg_nano.a(lib_a-mprec.o)
                0x0000a322                __hi0bits
 .text.__lo0bits
                0x0000a362       0x5a c:/program files (x86)/cypress/psoc creator/4.4/psoc creator/import/gnu/arm/5.4.1/bin/../lib/gcc/arm-none-eabi/5.4.1/../../../../arm-none-eabi/lib/armv7-m\libg_nano.a(lib_a-mprec.o)
                0x0000a362                __lo0bits
 .text.__i2b    0x0000a3bc       0x12 c:/program files (x86)/cypress/psoc creator/4.4/psoc creator/import/gnu/arm/5.4.1/bin/../lib/gcc/arm-none-eabi/5.4.1/../../../../arm-none-eabi/lib/armv7-m\libg_nano.a(lib_a-mprec.o)
                0x0000a3bc                __i2b
 .text.__multiply
                0x0000a3ce      0x120 c:/program files (x86)/cypress/psoc creator/4.4/psoc creator/import/gnu/arm/5.4.1/bin/../lib/gcc/arm-none-eabi/5.4.1/../../../../arm-none-eabi/lib/armv7-m\libg_nano.a(lib_a-mprec.o)
                0x0000a3ce                __multiply
 *fill*         0x0000a4ee        0x2 
 .text.__pow5mult
                0x0000a4f0       0x9c c:/program files (x86)/cypress/psoc creator/4.4/psoc creator/import/gnu/arm/5.4.1/bin/../lib/gcc/arm-none-eabi/5.4.1/../../../../arm-none-eabi/lib/armv7-m\libg_nano.a(lib_a-mprec.o)
                0x0000a4f0                __pow5mult
 .text.__lshift
                0x0000a58c       0xa2 c:/program files (x86)/cypress/psoc creator/4.4/psoc creator/import/gnu/arm/5.4.1/bin/../lib/gcc/arm-none-eabi/5.4.1/../../../../arm-none-eabi/lib/armv7-m\libg_nano.a(lib_a-mprec.o)
                0x0000a58c                __lshift
 .text.__mcmp   0x0000a62e       0x38 c:/program files (x86)/cypress/psoc creator/4.4/psoc creator/import/gnu/arm/5.4.1/bin/../lib/gcc/arm-none-eabi/5.4.1/../../../../arm-none-eabi/lib/armv7-m\libg_nano.a(lib_a-mprec.o)
                0x0000a62e                __mcmp
 .text.__mdiff  0x0000a666       0xbe c:/program files (x86)/cypress/psoc creator/4.4/psoc creator/import/gnu/arm/5.4.1/bin/../lib/gcc/arm-none-eabi/5.4.1/../../../../arm-none-eabi/lib/armv7-m\libg_nano.a(lib_a-mprec.o)
                0x0000a666                __mdiff
 .text.__d2b    0x0000a724       0x9c c:/program files (x86)/cypress/psoc creator/4.4/psoc creator/import/gnu/arm/5.4.1/bin/../lib/gcc/arm-none-eabi/5.4.1/../../../../arm-none-eabi/lib/armv7-m\libg_nano.a(lib_a-mprec.o)
                0x0000a724                __d2b
 .text._calloc_r
                0x0000a7c0       0x1c c:/program files (x86)/cypress/psoc creator/4.4/psoc creator/import/gnu/arm/5.4.1/bin/../lib/gcc/arm-none-eabi/5.4.1/../../../../arm-none-eabi/lib/armv7-m\libg_nano.a(lib_a-nano-callocr.o)
                0x0000a7c0                _calloc_r
 .text._free_r  0x0000a7dc       0x98 c:/program files (x86)/cypress/psoc creator/4.4/psoc creator/import/gnu/arm/5.4.1/bin/../lib/gcc/arm-none-eabi/5.4.1/../../../../arm-none-eabi/lib/armv7-m\libg_nano.a(lib_a-nano-freer.o)
                0x0000a7dc                _free_r
 .text._malloc_r
                0x0000a874       0xbc c:/program files (x86)/cypress/psoc creator/4.4/psoc creator/import/gnu/arm/5.4.1/bin/../lib/gcc/arm-none-eabi/5.4.1/../../../../arm-none-eabi/lib/armv7-m\libg_nano.a(lib_a-nano-mallocr.o)
                0x0000a874                _malloc_r
 .text.__ssputs_r
                0x0000a930       0xb2 c:/program files (x86)/cypress/psoc creator/4.4/psoc creator/import/gnu/arm/5.4.1/bin/../lib/gcc/arm-none-eabi/5.4.1/../../../../arm-none-eabi/lib/armv7-m\libg_nano.a(lib_a-nano-svfprintf.o)
                0x0000a930                __ssputs_r
 *fill*         0x0000a9e2        0x2 
 .text._svfprintf_r
                0x0000a9e4      0x1e8 c:/program files (x86)/cypress/psoc creator/4.4/psoc creator/import/gnu/arm/5.4.1/bin/../lib/gcc/arm-none-eabi/5.4.1/../../../../arm-none-eabi/lib/armv7-m\libg_nano.a(lib_a-nano-svfprintf.o)
                0x0000a9e4                _svfiprintf_r
                0x0000a9e4                _svfprintf_r
 .text._sbrk_r  0x0000abcc       0x20 c:/program files (x86)/cypress/psoc creator/4.4/psoc creator/import/gnu/arm/5.4.1/bin/../lib/gcc/arm-none-eabi/5.4.1/../../../../arm-none-eabi/lib/armv7-m\libg_nano.a(lib_a-sbrkr.o)
                0x0000abcc                _sbrk_r
 .text.memmove  0x0000abec       0x36 c:/program files (x86)/cypress/psoc creator/4.4/psoc creator/import/gnu/arm/5.4.1/bin/../lib/gcc/arm-none-eabi/5.4.1/../../../../arm-none-eabi/lib/armv7-m\libg_nano.a(lib_a-memmove.o)
                0x0000abec                memmove
 .text.__malloc_lock
                0x0000ac22        0x2 c:/program files (x86)/cypress/psoc creator/4.4/psoc creator/import/gnu/arm/5.4.1/bin/../lib/gcc/arm-none-eabi/5.4.1/../../../../arm-none-eabi/lib/armv7-m\libg_nano.a(lib_a-mlock.o)
                0x0000ac22                __malloc_lock
 .text.__malloc_unlock
                0x0000ac24        0x2 c:/program files (x86)/cypress/psoc creator/4.4/psoc creator/import/gnu/arm/5.4.1/bin/../lib/gcc/arm-none-eabi/5.4.1/../../../../arm-none-eabi/lib/armv7-m\libg_nano.a(lib_a-mlock.o)
                0x0000ac24                __malloc_unlock
 .text._realloc_r
                0x0000ac26       0x4c c:/program files (x86)/cypress/psoc creator/4.4/psoc creator/import/gnu/arm/5.4.1/bin/../lib/gcc/arm-none-eabi/5.4.1/../../../../arm-none-eabi/lib/armv7-m\libg_nano.a(lib_a-nano-reallocr.o)
                0x0000ac26                _realloc_r
 .text._malloc_usable_size_r
                0x0000ac72       0x14 c:/program files (x86)/cypress/psoc creator/4.4/psoc creator/import/gnu/arm/5.4.1/bin/../lib/gcc/arm-none-eabi/5.4.1/../../../../arm-none-eabi/lib/armv7-m\libg_nano.a(lib_a-nano-msizer.o)
                0x0000ac72                _malloc_usable_size_r
 *(.plt)
 *(.gnu.warning)
 *(.glue_7t)
 .glue_7t       0x0000ac86        0x0 linker stubs
 *(.glue_7)
 .glue_7        0x0000ac86        0x0 linker stubs
 *(.vfp11_veneer)
 .vfp11_veneer  0x0000ac86        0x0 linker stubs
 *(.bootloader)
 *(.ARM.extab* .gnu.linkonce.armextab.*)
 *(.gcc_except_table)

.v4_bx          0x0000ac88        0x0
 .v4_bx         0x0000ac88        0x0 linker stubs

.iplt           0x0000ac88        0x0
 .iplt          0x0000ac88        0x0 c:/program files (x86)/cypress/psoc creator/4.4/psoc creator/import/gnu/arm/5.4.1/bin/../lib/gcc/arm-none-eabi/5.4.1/armv7-m/crtbegin.o

.eh_frame_hdr
 *(.eh_frame_hdr)

.eh_frame       0x0000ac88        0x4
 *(.eh_frame)
 .eh_frame      0x0000ac88        0x0 c:/program files (x86)/cypress/psoc creator/4.4/psoc creator/import/gnu/arm/5.4.1/bin/../lib/gcc/arm-none-eabi/5.4.1/armv7-m/crtbegin.o
 .eh_frame      0x0000ac88        0x4 c:/program files (x86)/cypress/psoc creator/4.4/psoc creator/import/gnu/arm/5.4.1/bin/../lib/gcc/arm-none-eabi/5.4.1/armv7-m/crtend.o
                [!provide]                PROVIDE (__exidx_start, .)

.ARM.exidx
 *(.ARM.exidx* .gnu.linkonce.armexidx.*)
                0x0000ac8c                __exidx_end = .

.rodata         0x0000ac90      0xa60
 *(.rodata .rodata.* .gnu.linkonce.r.*)
 .rodata        0x0000ac90      0x23e .\ARM_GCC_541\Debug\main.o
 *fill*         0x0000aece        0x2 
 .rodata        0x0000aed0      0x502 .\ARM_GCC_541\Debug\app_statemachine.o
 *fill*         0x0000b3d2        0x2 
 .rodata        0x0000b3d4      0x100 .\ARM_GCC_541\Debug\pi_comms.o
 .rodata        0x0000b4d4        0x4 .\ARM_GCC_541\Debug\hamfly_core_telemetry.o
 .rodata        0x0000b4d8       0x56 .\ARM_GCC_541\Debug\cyfitter_cfg.o
                0x0000b4d8                AMux_1__addrTable
                0x0000b4e8                AMux_1__maskTable
                0x0000b4ec                ADC_DelSig_1_AMux__addrTable
                0x0000b4f4                ADC_DelSig_1_AMux__maskTable
 *fill*         0x0000b52e        0x2 
 .rodata.str1.4
                0x0000b530        0xc c:/program files (x86)/cypress/psoc creator/4.4/psoc creator/import/gnu/arm/5.4.1/bin/../lib/gcc/arm-none-eabi/5.4.1/../../../../arm-none-eabi/lib/armv7-m\libm.a(lib_a-wf_asin.o)
                                  0x9 (size before relaxing)
 .rodata.atanlo
                0x0000b53c       0x10 c:/program files (x86)/cypress/psoc creator/4.4/psoc creator/import/gnu/arm/5.4.1/bin/../lib/gcc/arm-none-eabi/5.4.1/../../../../arm-none-eabi/lib/armv7-m\libm.a(lib_a-sf_atan.o)
 .rodata.atanhi
                0x0000b54c       0x10 c:/program files (x86)/cypress/psoc creator/4.4/psoc creator/import/gnu/arm/5.4.1/bin/../lib/gcc/arm-none-eabi/5.4.1/../../../../arm-none-eabi/lib/armv7-m\libm.a(lib_a-sf_atan.o)
 .rodata.str1.1
                0x0000b55c        0x2 c:/program files (x86)/cypress/psoc creator/4.4/psoc creator/import/gnu/arm/5.4.1/bin/../lib/gcc/arm-none-eabi/5.4.1/../../../../arm-none-eabi/lib/armv7-m\libg_nano.a(lib_a-impure.o)
 .rodata.str1.1
                0x0000b55e       0x12 c:/program files (x86)/cypress/psoc creator/4.4/psoc creator/import/gnu/arm/5.4.1/bin/../lib/gcc/arm-none-eabi/5.4.1/../../../../arm-none-eabi/lib/armv7-m\libg_nano.a(lib_a-nano-vfprintf_float.o)
 .rodata.str1.1
                0x0000b570       0x22 c:/program files (x86)/cypress/psoc creator/4.4/psoc creator/import/gnu/arm/5.4.1/bin/../lib/gcc/arm-none-eabi/5.4.1/../../../../arm-none-eabi/lib/armv7-m\libg_nano.a(lib_a-nano-vfprintf_i.o)
 .rodata.str1.1
                0x0000b592        0xd c:/program files (x86)/cypress/psoc creator/4.4/psoc creator/import/gnu/arm/5.4.1/bin/../lib/gcc/arm-none-eabi/5.4.1/../../../../arm-none-eabi/lib/armv7-m\libg_nano.a(lib_a-dtoa.o)
                                  0xf (size before relaxing)
 .rodata.str1.1
                0x0000b59f        0x8 c:/program files (x86)/cypress/psoc creator/4.4/psoc creator/import/gnu/arm/5.4.1/bin/../lib/gcc/arm-none-eabi/5.4.1/../../../../arm-none-eabi/lib/armv7-m\libg_nano.a(lib_a-locale.o)
                                  0xb (size before relaxing)
 *fill*         0x0000b5a7        0x1 
 .rodata.__mprec_tens
                0x0000b5a8       0xc8 c:/program files (x86)/cypress/psoc creator/4.4/psoc creator/import/gnu/arm/5.4.1/bin/../lib/gcc/arm-none-eabi/5.4.1/../../../../arm-none-eabi/lib/armv7-m\libg_nano.a(lib_a-mprec.o)
                0x0000b5a8                __mprec_tens
 .rodata.p05.5408
                0x0000b670        0xc c:/program files (x86)/cypress/psoc creator/4.4/psoc creator/import/gnu/arm/5.4.1/bin/../lib/gcc/arm-none-eabi/5.4.1/../../../../arm-none-eabi/lib/armv7-m\libg_nano.a(lib_a-mprec.o)
 *fill*         0x0000b67c        0x4 
 .rodata.__mprec_bigtens
                0x0000b680       0x28 c:/program files (x86)/cypress/psoc creator/4.4/psoc creator/import/gnu/arm/5.4.1/bin/../lib/gcc/arm-none-eabi/5.4.1/../../../../arm-none-eabi/lib/armv7-m\libg_nano.a(lib_a-mprec.o)
                0x0000b680                __mprec_bigtens
 .rodata.str1.1
                0x0000b6a8       0x11 c:/program files (x86)/cypress/psoc creator/4.4/psoc creator/import/gnu/arm/5.4.1/bin/../lib/gcc/arm-none-eabi/5.4.1/../../../../arm-none-eabi/lib/armv7-m\libg_nano.a(lib_a-nano-svfprintf.o)
                0x0000b6bc                . = ALIGN (0x4)
 *fill*         0x0000b6b9        0x3 
 *(.init)
 .init          0x0000b6bc        0x4 c:/program files (x86)/cypress/psoc creator/4.4/psoc creator/import/gnu/arm/5.4.1/bin/../lib/gcc/arm-none-eabi/5.4.1/armv7-m/crti.o
                0x0000b6bc                _init
 .init          0x0000b6c0        0x8 c:/program files (x86)/cypress/psoc creator/4.4/psoc creator/import/gnu/arm/5.4.1/bin/../lib/gcc/arm-none-eabi/5.4.1/armv7-m/crtn.o
                0x0000b6c8                . = ALIGN (0x4)
                0x0000b6c8                __preinit_array_start = .
 *(.preinit_array)
                0x0000b6c8                __preinit_array_end = .
                0x0000b6c8                . = ALIGN (0x4)
                0x0000b6c8                __init_array_start = .
 *(SORT(.init_array.*))
 *(.init_array)
 .init_array    0x0000b6c8        0x4 c:/program files (x86)/cypress/psoc creator/4.4/psoc creator/import/gnu/arm/5.4.1/bin/../lib/gcc/arm-none-eabi/5.4.1/armv7-m/crtbegin.o
 .init_array    0x0000b6cc        0x4 .\ARM_GCC_541\Debug\Cm3Start.o
                0x0000b6d0                __init_array_end = .
                0x0000b6d0                . = ALIGN (0x4)
 *(.fini)
 .fini          0x0000b6d0        0x4 c:/program files (x86)/cypress/psoc creator/4.4/psoc creator/import/gnu/arm/5.4.1/bin/../lib/gcc/arm-none-eabi/5.4.1/armv7-m/crti.o
                0x0000b6d0                _fini
 .fini          0x0000b6d4        0x8 c:/program files (x86)/cypress/psoc creator/4.4/psoc creator/import/gnu/arm/5.4.1/bin/../lib/gcc/arm-none-eabi/5.4.1/armv7-m/crtn.o
                0x0000b6dc                . = ALIGN (0x4)
                0x0000b6dc                __fini_array_start = .
 *(.fini_array)
 .fini_array    0x0000b6dc        0x4 c:/program files (x86)/cypress/psoc creator/4.4/psoc creator/import/gnu/arm/5.4.1/bin/../lib/gcc/arm-none-eabi/5.4.1/armv7-m/crtbegin.o
 *(SORT(.fini_array.*))
                0x0000b6e0                __fini_array_end = .
                0x0000b6e0                . = ALIGN (0x4)
 *crtbegin.o(.ctors)
 *(EXCLUDE_FILE(*crtend.o) .ctors)
 *(SORT(.ctors.*))
 *crtend.o(.ctors)
                0x0000b6e0                . = ALIGN (0x4)
 *crtbegin.o(.dtors)
 *(EXCLUDE_FILE(*crtend.o) .dtors)
 *(SORT(.dtors.*))
 *crtend.o(.dtors)
                0x0000b6e0                . = ALIGN (0x4)
                0x0000b6e0                __cy_regions = .
                0x0000b6e0        0x4 LONG 0xb6f0 __cy_region_init_ram
                0x0000b6e4        0x4 LONG 0x1fff80c8 __cy_region_start_data
                0x0000b6e8        0x4 LONG 0x140 __cy_region_init_size_ram
                0x0000b6ec        0x4 LONG 0x548 __cy_region_zero_size_ram
                0x0000b6f0                __cy_regions_end = .
                0x0000b6f0                . = ALIGN (0x8)
                0x0000b6f0                _etext = .

.cy_checksum_exclude
                0x0000b6f0        0x0
 *(.cy_checksum_exclude)

.ramvectors     0x1fff8000       0xc0
                0x1fff8000                __cy_region_start_ram = .
 *(.ramvectors)
 .ramvectors    0x1fff8000       0xc0 .\ARM_GCC_541\Debug\Cm3Start.o
                0x1fff8000                CyRamVectors

.noinit         0x1fff80c0        0x5
 *(.noinit)
 .noinit        0x1fff80c0        0x4 .\ARM_GCC_541\Debug\Cm3Start.o
 .noinit        0x1fff80c4        0x1 .\ARM_GCC_541\Debug\Proj07_hamflyAPI_stateMachineUpgrade.a(CyLib.o)
                0x1fff80c4                CyResetStatus

.data           0x1fff80c8      0x140 load address 0x0000b6f0
                0x1fff80c8                __cy_region_start_data = .
 *(.jcr)
 .jcr           0x1fff80c8        0x0 c:/program files (x86)/cypress/psoc creator/4.4/psoc creator/import/gnu/arm/5.4.1/bin/../lib/gcc/arm-none-eabi/5.4.1/armv7-m/crtbegin.o
 .jcr           0x1fff80c8        0x4 c:/program files (x86)/cypress/psoc creator/4.4/psoc creator/import/gnu/arm/5.4.1/bin/../lib/gcc/arm-none-eabi/5.4.1/armv7-m/crtend.o
 *(.got.plt)
 *(.got)
 *(.shdata)
 *(.data .data.* .gnu.linkonce.d.*)
 .data          0x1fff80cc        0x4 .\ARM_GCC_541\Debug\joystick.o
 .data          0x1fff80d0        0x8 .\ARM_GCC_541\Debug\app_statemachine.o
 .data          0x1fff80d8       0x74 .\ARM_GCC_541\Debug\hamfly_qx_app.o
                0x1fff80d8                FreeflyAPI
 .data          0x1fff814c        0x4 .\ARM_GCC_541\Debug\Cm3Start.o
 .data          0x1fff8150        0x1 .\ARM_GCC_541\Debug\Proj07_hamflyAPI_stateMachineUpgrade.a(ADC_DelSig_1.o)
                0x1fff8150                ADC_DelSig_1_Config
 .data          0x1fff8151        0x1 .\ARM_GCC_541\Debug\Proj07_hamflyAPI_stateMachineUpgrade.a(AMux_1.o)
 .data          0x1fff8152        0x1 .\ARM_GCC_541\Debug\Proj07_hamflyAPI_stateMachineUpgrade.a(ADC_DelSig_1_AMux.o)
 *fill*         0x1fff8153        0x1 
 .data          0x1fff8154       0x10 .\ARM_GCC_541\Debug\Proj07_hamflyAPI_stateMachineUpgrade.a(CyLib.o)
                0x1fff8154                cydelay_freq_hz
                0x1fff8158                cydelay_freq_khz
                0x1fff815c                cydelay_freq_mhz
                0x1fff8160                cydelay_32k_ms
 .data.__fdlib_version
                0x1fff8164        0x1 c:/program files (x86)/cypress/psoc creator/4.4/psoc creator/import/gnu/arm/5.4.1/bin/../lib/gcc/arm-none-eabi/5.4.1/../../../../arm-none-eabi/lib/armv7-m\libm.a(lib_a-s_lib_ver.o)
                0x1fff8164                __fdlib_version
 *fill*         0x1fff8165        0x3 
 .data.impure_data
                0x1fff8168       0x60 c:/program files (x86)/cypress/psoc creator/4.4/psoc creator/import/gnu/arm/5.4.1/bin/../lib/gcc/arm-none-eabi/5.4.1/../../../../arm-none-eabi/lib/armv7-m\libg_nano.a(lib_a-impure.o)
 .data._impure_ptr
                0x1fff81c8        0x4 c:/program files (x86)/cypress/psoc creator/4.4/psoc creator/import/gnu/arm/5.4.1/bin/../lib/gcc/arm-none-eabi/5.4.1/../../../../arm-none-eabi/lib/armv7-m\libg_nano.a(lib_a-impure.o)
                0x1fff81c8                _impure_ptr
 .data.lconv    0x1fff81cc       0x38 c:/program files (x86)/cypress/psoc creator/4.4/psoc creator/import/gnu/arm/5.4.1/bin/../lib/gcc/arm-none-eabi/5.4.1/../../../../arm-none-eabi/lib/armv7-m\libg_nano.a(lib_a-locale.o)
                0x1fff8208                . = ALIGN (0x8)
 *fill*         0x1fff8204        0x4 
 *(.ram)
                0x1fff8208                _edata = .

.igot.plt       0x1fff8208        0x0 load address 0x0000b830
 .igot.plt      0x1fff8208        0x0 c:/program files (x86)/cypress/psoc creator/4.4/psoc creator/import/gnu/arm/5.4.1/bin/../lib/gcc/arm-none-eabi/5.4.1/armv7-m/crtbegin.o

.bss            0x1fff8208      0x548 load address 0x0000b830
                0x1fff8208                PROVIDE (__bss_start__, .)
 *(.shbss)
 *(.bss .bss.* .gnu.linkonce.b.*)
 .bss           0x1fff8208       0x1c c:/program files (x86)/cypress/psoc creator/4.4/psoc creator/import/gnu/arm/5.4.1/bin/../lib/gcc/arm-none-eabi/5.4.1/armv7-m/crtbegin.o
 .bss           0x1fff8224      0x384 .\ARM_GCC_541\Debug\main.o
                0x1fff85a4                g_tick_ms
 .bss           0x1fff85a8        0x8 .\ARM_GCC_541\Debug\adc_balanced.o
 .bss           0x1fff85b0       0x42 .\ARM_GCC_541\Debug\joystick.o
 *fill*         0x1fff85f2        0x2 
 .bss           0x1fff85f4       0x78 .\ARM_GCC_541\Debug\pi_comms.o
 .bss           0x1fff866c        0x4 .\ARM_GCC_541\Debug\hamfly_qx_app.o
                0x1fff866c                qx_active_gimbal_ptr
 .bss           0x1fff8670        0x9 .\ARM_GCC_541\Debug\hamfly_qx_protocol.o
                0x1fff8670                QX_BuildHeader_Legacy
                0x1fff8674                QX_ParseHeader_Legacy
 *fill*         0x1fff8679        0x3 
 .bss           0x1fff867c        0xc .\ARM_GCC_541\Debug\Proj07_hamflyAPI_stateMachineUpgrade.a(ADC_DelSig_1.o)
                0x1fff867c                ADC_DelSig_1_convDone
                0x1fff867d                ADC_DelSig_1_stopConversion
                0x1fff867e                ADC_DelSig_1_initVar
                0x1fff867f                ADC_DelSig_1_started
                0x1fff8680                ADC_DelSig_1_Offset
 .bss           0x1fff8688        0x2 .\ARM_GCC_541\Debug\Proj07_hamflyAPI_stateMachineUpgrade.a(UART_MOVI.o)
                0x1fff8688                UART_MOVI_initVar
 .bss           0x1fff868a        0x1 .\ARM_GCC_541\Debug\Proj07_hamflyAPI_stateMachineUpgrade.a(Looptimer.o)
                0x1fff868a                Looptimer_initVar
 *fill*         0x1fff868b        0x1 
 .bss           0x1fff868c        0x8 .\ARM_GCC_541\Debug\Proj07_hamflyAPI_stateMachineUpgrade.a(CySpc.o)
                0x1fff868c                SpcLockState
 .bss           0x1fff8694        0x2 .\ARM_GCC_541\Debug\Proj07_hamflyAPI_stateMachineUpgrade.a(UART_PI.o)
                0x1fff8694                UART_PI_initVar
 .bss           0x1fff8696        0x2 .\ARM_GCC_541\Debug\Proj07_hamflyAPI_stateMachineUpgrade.a(UART_DEBUG.o)
                0x1fff8696                UART_DEBUG_initVar
 .bss.__malloc_sbrk_start
                0x1fff8698        0x4 c:/program files (x86)/cypress/psoc creator/4.4/psoc creator/import/gnu/arm/5.4.1/bin/../lib/gcc/arm-none-eabi/5.4.1/../../../../arm-none-eabi/lib/armv7-m\libg_nano.a(lib_a-nano-mallocr.o)
                0x1fff8698                __malloc_sbrk_start
 .bss.__malloc_free_list
                0x1fff869c        0x4 c:/program files (x86)/cypress/psoc creator/4.4/psoc creator/import/gnu/arm/5.4.1/bin/../lib/gcc/arm-none-eabi/5.4.1/../../../../arm-none-eabi/lib/armv7-m\libg_nano.a(lib_a-nano-mallocr.o)
                0x1fff869c                __malloc_free_list
 *(COMMON)
 COMMON         0x1fff86a0       0xa4 .\ARM_GCC_541\Debug\hamfly_qx_protocol.o
                0x1fff86a0                rw
                0x1fff86a4                QX_Clients
                0x1fff86ac                QX_CommsPorts
                0x1fff8738                QX_Servers
                0x1fff8740                msgPtr
 COMMON         0x1fff8744        0x4 .\ARM_GCC_541\Debug\Proj07_hamflyAPI_stateMachineUpgrade.a(ADC_DelSig_1.o)
                0x1fff8744                ADC_DelSig_1_CountsPerVolt
 COMMON         0x1fff8748        0x2 .\ARM_GCC_541\Debug\Proj07_hamflyAPI_stateMachineUpgrade.a(CyFlash.o)
                0x1fff8748                dieTemperature
 *fill*         0x1fff874a        0x2 
 COMMON         0x1fff874c        0x4 c:/program files (x86)/cypress/psoc creator/4.4/psoc creator/import/gnu/arm/5.4.1/bin/../lib/gcc/arm-none-eabi/5.4.1/../../../../arm-none-eabi/lib/armv7-m\libg_nano.a(lib_a-reent.o)
                0x1fff874c                errno
                0x1fff8750                . = ALIGN (0x8)
 *(.ram.b)
                0x1fff8750                _end = .
                0x1fff8750                __end = .
                0x1fff8750                PROVIDE (end, .)
                0x1fff8750                PROVIDE (__bss_end__, .)
                0x0000b6f0                __cy_region_init_ram = LOADADDR (.data)
                0x00000140                __cy_region_init_size_ram = (_edata - ADDR (.data))
                0x00000548                __cy_region_zero_size_ram = (_end - _edata)

.heap           0x1fff8750       0x80 load address 0x0000b830
                0x1fff8750                . = _end
                0x1fff87d0                . = (. + 0x80)
 *fill*         0x1fff8750       0x80 
                0x1fff87d0                __cy_heap_limit = .

.stack          0x20007800      0x800
                0x20007800                __cy_stack_limit = .
                0x20008000                . = (. + 0x800)
 *fill*         0x20007800      0x800 
                0x00000001                ASSERT ((__cy_stack_limit >= __cy_heap_limit), region RAM overflowed with stack)
                0x00000000                cy_checksum_exclude_size = (CY_APPL_LOADABLE == 0x1)?SIZEOF (.cy_checksum_exclude):0x0
                0x00000001                ASSERT ((cy_checksum_exclude_size <= CY_CHECKSUM_EXCLUDE_SIZE), CY_BOOT: Section .cy_checksum_exclude size exceedes specified limit.)

.cyloadermeta
 *(.cyloadermeta)

.cyloadablemeta
 *(.cyloadablemeta)

.cyconfigecc    0x80000000      0x960
 *(.cyconfigecc)
 .cyconfigecc   0x80000000      0x960 .\ARM_GCC_541\Debug\cymetadata.o
                0x80000000                cy_meta_configecc

.cycustnvl      0x90000000        0x4
 *(.cycustnvl)
 .cycustnvl     0x90000000        0x4 .\ARM_GCC_541\Debug\cymetadata.o
                0x90000000                cy_meta_custnvl

.cywolatch      0x90100000        0x4
 *(.cywolatch)
 .cywolatch     0x90100000        0x4 .\ARM_GCC_541\Debug\cymetadata.o
                0x90100000                cy_meta_wonvl

.cyeeprom       0x90200000        0x0
 *(.cyeeprom)
                0x00000001                ASSERT ((. <= ((0x90200000 + ee_offset) + ee_size)), .cyeeprom data will not fit in EEPROM)

.cyflashprotect
                0x90400000      0x100
 *(.cyflashprotect)
 .cyflashprotect
                0x90400000      0x100 .\ARM_GCC_541\Debug\cymetadata.o
                0x90400000                cy_meta_flashprotect

.cymeta         0x90500000        0xc
 *(.cymeta)
 .cymeta        0x90500000        0xc .\ARM_GCC_541\Debug\cymetadata.o
                0x90500000                cy_metadata

.rel.dyn        0x0000b830        0x0 load address 0x9050000c
 .rel.iplt      0x0000b830        0x0 c:/program files (x86)/cypress/psoc creator/4.4/psoc creator/import/gnu/arm/5.4.1/bin/../lib/gcc/arm-none-eabi/5.4.1/armv7-m/crtbegin.o

.stab
 *(.stab)

.stabstr
 *(.stabstr)

.debug
 *(.debug)

.line
 *(.line)

.debug_srcinfo
 *(.debug_srcinfo)

.debug_sfnames
 *(.debug_sfnames)

.debug_aranges  0x00000000     0x15a8
 *(.debug_aranges)
 .debug_aranges
                0x00000000       0x70 .\ARM_GCC_541\Debug\main.o
 .debug_aranges
                0x00000070       0x40 .\ARM_GCC_541\Debug\adc_balanced.o
 .debug_aranges
                0x000000b0       0xb0 .\ARM_GCC_541\Debug\joystick.o
 .debug_aranges
                0x00000160       0x58 .\ARM_GCC_541\Debug\psoc_eeprom.o
 .debug_aranges
                0x000001b8       0x20 .\ARM_GCC_541\Debug\app_ctx.o
 .debug_aranges
                0x000001d8      0x108 .\ARM_GCC_541\Debug\app_statemachine.o
 .debug_aranges
                0x000002e0       0x78 .\ARM_GCC_541\Debug\pi_comms.o
 .debug_aranges
                0x00000358       0x48 .\ARM_GCC_541\Debug\hamfly_comm_rb.o
 .debug_aranges
                0x000003a0       0xc0 .\ARM_GCC_541\Debug\hamfly_core_gimbal.o
 .debug_aranges
                0x00000460       0x78 .\ARM_GCC_541\Debug\hamfly_core_telemetry.o
 .debug_aranges
                0x000004d8       0x48 .\ARM_GCC_541\Debug\hamfly_qx_app.o
 .debug_aranges
                0x00000520      0x228 .\ARM_GCC_541\Debug\hamfly_qx_protocol.o
 .debug_aranges
                0x00000748       0x80 .\ARM_GCC_541\Debug\cyfitter_cfg.o
 .debug_aranges
                0x000007c8       0x18 .\ARM_GCC_541\Debug\cymetadata.o
 .debug_aranges
                0x000007e0       0x48 .\ARM_GCC_541\Debug\Cm3Start.o
 .debug_aranges
                0x00000828       0xe8 .\ARM_GCC_541\Debug\Proj07_hamflyAPI_stateMachineUpgrade.a(ADC_DelSig_1.o)
 .debug_aranges
                0x00000910       0x38 .\ARM_GCC_541\Debug\Proj07_hamflyAPI_stateMachineUpgrade.a(ADC_DelSig_1_INT.o)
 .debug_aranges
                0x00000948       0x30 .\ARM_GCC_541\Debug\Proj07_hamflyAPI_stateMachineUpgrade.a(AMux_1.o)
 .debug_aranges
                0x00000978       0x80 .\ARM_GCC_541\Debug\Proj07_hamflyAPI_stateMachineUpgrade.a(isr_adc.o)
 .debug_aranges
                0x000009f8       0xf0 .\ARM_GCC_541\Debug\Proj07_hamflyAPI_stateMachineUpgrade.a(UART_MOVI.o)
 .debug_aranges
                0x00000ae8       0x80 .\ARM_GCC_541\Debug\Proj07_hamflyAPI_stateMachineUpgrade.a(isr_rx_movi.o)
 .debug_aranges
                0x00000b68       0x88 .\ARM_GCC_541\Debug\Proj07_hamflyAPI_stateMachineUpgrade.a(Looptimer.o)
 .debug_aranges
                0x00000bf0       0x80 .\ARM_GCC_541\Debug\Proj07_hamflyAPI_stateMachineUpgrade.a(isr_Looptimer.o)
 .debug_aranges
                0x00000c70       0x78 .\ARM_GCC_541\Debug\Proj07_hamflyAPI_stateMachineUpgrade.a(EEPROM_CONFIG.o)
 .debug_aranges
                0x00000ce8       0x30 .\ARM_GCC_541\Debug\Proj07_hamflyAPI_stateMachineUpgrade.a(ADC_DelSig_1_AMux.o)
 .debug_aranges
                0x00000d18       0x70 .\ARM_GCC_541\Debug\Proj07_hamflyAPI_stateMachineUpgrade.a(ADC_DelSig_1_Ext_CP_Clk.o)
 .debug_aranges
                0x00000d88       0x80 .\ARM_GCC_541\Debug\Proj07_hamflyAPI_stateMachineUpgrade.a(ADC_DelSig_1_theACLK.o)
 .debug_aranges
                0x00000e08       0x88 .\ARM_GCC_541\Debug\Proj07_hamflyAPI_stateMachineUpgrade.a(CyFlash.o)
 .debug_aranges
                0x00000e90      0x2a0 .\ARM_GCC_541\Debug\Proj07_hamflyAPI_stateMachineUpgrade.a(CyLib.o)
 .debug_aranges
                0x00001130       0x98 .\ARM_GCC_541\Debug\Proj07_hamflyAPI_stateMachineUpgrade.a(cyPm.o)
 .debug_aranges
                0x000011c8       0x80 .\ARM_GCC_541\Debug\Proj07_hamflyAPI_stateMachineUpgrade.a(CySpc.o)
 .debug_aranges
                0x00001248       0xf0 .\ARM_GCC_541\Debug\Proj07_hamflyAPI_stateMachineUpgrade.a(UART_PI.o)
 .debug_aranges
                0x00001338       0x70 .\ARM_GCC_541\Debug\Proj07_hamflyAPI_stateMachineUpgrade.a(UART_PI_IntClock.o)
 .debug_aranges
                0x000013a8       0xf0 .\ARM_GCC_541\Debug\Proj07_hamflyAPI_stateMachineUpgrade.a(UART_DEBUG.o)
 .debug_aranges
                0x00001498       0x70 .\ARM_GCC_541\Debug\Proj07_hamflyAPI_stateMachineUpgrade.a(UART_DEBUG_IntClock.o)
 .debug_aranges
                0x00001508       0x80 .\ARM_GCC_541\Debug\Proj07_hamflyAPI_stateMachineUpgrade.a(isr_rx_pi.o)
 .debug_aranges
                0x00001588       0x20 .\ARM_GCC_541\Debug\Proj07_hamflyAPI_stateMachineUpgrade.a(CyBootAsmGnu.o)

.debug_pubnames
 *(.debug_pubnames)

.debug_info     0x00000000     0xe0c6
 *(.debug_info .gnu.linkonce.wi.*)
 .debug_info    0x00000000      0xe56 .\ARM_GCC_541\Debug\main.o
 .debug_info    0x00000e56      0x1f7 .\ARM_GCC_541\Debug\adc_balanced.o
 .debug_info    0x0000104d      0x6c5 .\ARM_GCC_541\Debug\joystick.o
 .debug_info    0x00001712      0x2db .\ARM_GCC_541\Debug\psoc_eeprom.o
 .debug_info    0x000019ed      0x9ba .\ARM_GCC_541\Debug\app_ctx.o
 .debug_info    0x000023a7     0x12d9 .\ARM_GCC_541\Debug\app_statemachine.o
 .debug_info    0x00003680      0x553 .\ARM_GCC_541\Debug\pi_comms.o
 .debug_info    0x00003bd3      0x23c .\ARM_GCC_541\Debug\hamfly_comm_rb.o
 .debug_info    0x00003e0f     0x155c .\ARM_GCC_541\Debug\hamfly_core_gimbal.o
 .debug_info    0x0000536b      0xaf2 .\ARM_GCC_541\Debug\hamfly_core_telemetry.o
 .debug_info    0x00005e5d      0xef5 .\ARM_GCC_541\Debug\hamfly_qx_app.o
 .debug_info    0x00006d52     0x1aff .\ARM_GCC_541\Debug\hamfly_qx_protocol.o
 .debug_info    0x00008851      0x59a .\ARM_GCC_541\Debug\cyfitter_cfg.o
 .debug_info    0x00008deb      0x139 .\ARM_GCC_541\Debug\cymetadata.o
 .debug_info    0x00008f24      0x32b .\ARM_GCC_541\Debug\Cm3Start.o
 .debug_info    0x0000924f      0x72c .\ARM_GCC_541\Debug\Proj07_hamflyAPI_stateMachineUpgrade.a(ADC_DelSig_1.o)
 .debug_info    0x0000997b       0xd3 .\ARM_GCC_541\Debug\Proj07_hamflyAPI_stateMachineUpgrade.a(ADC_DelSig_1_INT.o)
 .debug_info    0x00009a4e       0xf7 .\ARM_GCC_541\Debug\Proj07_hamflyAPI_stateMachineUpgrade.a(AMux_1.o)
 .debug_info    0x00009b45      0x241 .\ARM_GCC_541\Debug\Proj07_hamflyAPI_stateMachineUpgrade.a(isr_adc.o)
 .debug_info    0x00009d86      0x50a .\ARM_GCC_541\Debug\Proj07_hamflyAPI_stateMachineUpgrade.a(UART_MOVI.o)
 .debug_info    0x0000a290      0x241 .\ARM_GCC_541\Debug\Proj07_hamflyAPI_stateMachineUpgrade.a(isr_rx_movi.o)
 .debug_info    0x0000a4d1      0x245 .\ARM_GCC_541\Debug\Proj07_hamflyAPI_stateMachineUpgrade.a(Looptimer.o)
 .debug_info    0x0000a716      0x241 .\ARM_GCC_541\Debug\Proj07_hamflyAPI_stateMachineUpgrade.a(isr_Looptimer.o)
 .debug_info    0x0000a957      0x359 .\ARM_GCC_541\Debug\Proj07_hamflyAPI_stateMachineUpgrade.a(EEPROM_CONFIG.o)
 .debug_info    0x0000acb0      0x10a .\ARM_GCC_541\Debug\Proj07_hamflyAPI_stateMachineUpgrade.a(ADC_DelSig_1_AMux.o)
 .debug_info    0x0000adba      0x25d .\ARM_GCC_541\Debug\Proj07_hamflyAPI_stateMachineUpgrade.a(ADC_DelSig_1_Ext_CP_Clk.o)
 .debug_info    0x0000b017      0x299 .\ARM_GCC_541\Debug\Proj07_hamflyAPI_stateMachineUpgrade.a(ADC_DelSig_1_theACLK.o)
 .debug_info    0x0000b2b0      0x3b9 .\ARM_GCC_541\Debug\Proj07_hamflyAPI_stateMachineUpgrade.a(CyFlash.o)
 .debug_info    0x0000b669      0xe51 .\ARM_GCC_541\Debug\Proj07_hamflyAPI_stateMachineUpgrade.a(CyLib.o)
 .debug_info    0x0000c4ba      0x57a .\ARM_GCC_541\Debug\Proj07_hamflyAPI_stateMachineUpgrade.a(cyPm.o)
 .debug_info    0x0000ca34      0x4c0 .\ARM_GCC_541\Debug\Proj07_hamflyAPI_stateMachineUpgrade.a(CySpc.o)
 .debug_info    0x0000cef4      0x50a .\ARM_GCC_541\Debug\Proj07_hamflyAPI_stateMachineUpgrade.a(UART_PI.o)
 .debug_info    0x0000d3fe      0x25d .\ARM_GCC_541\Debug\Proj07_hamflyAPI_stateMachineUpgrade.a(UART_PI_IntClock.o)
 .debug_info    0x0000d65b      0x50a .\ARM_GCC_541\Debug\Proj07_hamflyAPI_stateMachineUpgrade.a(UART_DEBUG.o)
 .debug_info    0x0000db65      0x25d .\ARM_GCC_541\Debug\Proj07_hamflyAPI_stateMachineUpgrade.a(UART_DEBUG_IntClock.o)
 .debug_info    0x0000ddc2      0x241 .\ARM_GCC_541\Debug\Proj07_hamflyAPI_stateMachineUpgrade.a(isr_rx_pi.o)
 .debug_info    0x0000e003       0xc3 .\ARM_GCC_541\Debug\Proj07_hamflyAPI_stateMachineUpgrade.a(CyBootAsmGnu.o)

.debug_abbrev   0x00000000     0x33b6
 *(.debug_abbrev)
 .debug_abbrev  0x00000000      0x1fe .\ARM_GCC_541\Debug\main.o
 .debug_abbrev  0x000001fe      0x111 .\ARM_GCC_541\Debug\adc_balanced.o
 .debug_abbrev  0x0000030f      0x267 .\ARM_GCC_541\Debug\joystick.o
 .debug_abbrev  0x00000576      0x13f .\ARM_GCC_541\Debug\psoc_eeprom.o
 .debug_abbrev  0x000006b5      0x11b .\ARM_GCC_541\Debug\app_ctx.o
 .debug_abbrev  0x000007d0      0x2ab .\ARM_GCC_541\Debug\app_statemachine.o
 .debug_abbrev  0x00000a7b      0x1ef .\ARM_GCC_541\Debug\pi_comms.o
 .debug_abbrev  0x00000c6a      0x124 .\ARM_GCC_541\Debug\hamfly_comm_rb.o
 .debug_abbrev  0x00000d8e      0x280 .\ARM_GCC_541\Debug\hamfly_core_gimbal.o
 .debug_abbrev  0x0000100e      0x1a3 .\ARM_GCC_541\Debug\hamfly_core_telemetry.o
 .debug_abbrev  0x000011b1      0x1fa .\ARM_GCC_541\Debug\hamfly_qx_app.o
 .debug_abbrev  0x000013ab      0x277 .\ARM_GCC_541\Debug\hamfly_qx_protocol.o
 .debug_abbrev  0x00001622      0x1ca .\ARM_GCC_541\Debug\cyfitter_cfg.o
 .debug_abbrev  0x000017ec       0x77 .\ARM_GCC_541\Debug\cymetadata.o
 .debug_abbrev  0x00001863      0x1d6 .\ARM_GCC_541\Debug\Cm3Start.o
 .debug_abbrev  0x00001a39      0x19d .\ARM_GCC_541\Debug\Proj07_hamflyAPI_stateMachineUpgrade.a(ADC_DelSig_1.o)
 .debug_abbrev  0x00001bd6       0x42 .\ARM_GCC_541\Debug\Proj07_hamflyAPI_stateMachineUpgrade.a(ADC_DelSig_1_INT.o)
 .debug_abbrev  0x00001c18       0x87 .\ARM_GCC_541\Debug\Proj07_hamflyAPI_stateMachineUpgrade.a(AMux_1.o)
 .debug_abbrev  0x00001c9f      0x172 .\ARM_GCC_541\Debug\Proj07_hamflyAPI_stateMachineUpgrade.a(isr_adc.o)
 .debug_abbrev  0x00001e11      0x163 .\ARM_GCC_541\Debug\Proj07_hamflyAPI_stateMachineUpgrade.a(UART_MOVI.o)
 .debug_abbrev  0x00001f74      0x172 .\ARM_GCC_541\Debug\Proj07_hamflyAPI_stateMachineUpgrade.a(isr_rx_movi.o)
 .debug_abbrev  0x000020e6       0xe9 .\ARM_GCC_541\Debug\Proj07_hamflyAPI_stateMachineUpgrade.a(Looptimer.o)
 .debug_abbrev  0x000021cf      0x172 .\ARM_GCC_541\Debug\Proj07_hamflyAPI_stateMachineUpgrade.a(isr_Looptimer.o)
 .debug_abbrev  0x00002341      0x117 .\ARM_GCC_541\Debug\Proj07_hamflyAPI_stateMachineUpgrade.a(EEPROM_CONFIG.o)
 .debug_abbrev  0x00002458       0x6f .\ARM_GCC_541\Debug\Proj07_hamflyAPI_stateMachineUpgrade.a(ADC_DelSig_1_AMux.o)
 .debug_abbrev  0x000024c7      0x11d .\ARM_GCC_541\Debug\Proj07_hamflyAPI_stateMachineUpgrade.a(ADC_DelSig_1_Ext_CP_Clk.o)
 .debug_abbrev  0x000025e4      0x11d .\ARM_GCC_541\Debug\Proj07_hamflyAPI_stateMachineUpgrade.a(ADC_DelSig_1_theACLK.o)
 .debug_abbrev  0x00002701      0x14b .\ARM_GCC_541\Debug\Proj07_hamflyAPI_stateMachineUpgrade.a(CyFlash.o)
 .debug_abbrev  0x0000284c      0x217 .\ARM_GCC_541\Debug\Proj07_hamflyAPI_stateMachineUpgrade.a(CyLib.o)
 .debug_abbrev  0x00002a63      0x161 .\ARM_GCC_541\Debug\Proj07_hamflyAPI_stateMachineUpgrade.a(cyPm.o)
 .debug_abbrev  0x00002bc4      0x16c .\ARM_GCC_541\Debug\Proj07_hamflyAPI_stateMachineUpgrade.a(CySpc.o)
 .debug_abbrev  0x00002d30      0x163 .\ARM_GCC_541\Debug\Proj07_hamflyAPI_stateMachineUpgrade.a(UART_PI.o)
 .debug_abbrev  0x00002e93      0x11d .\ARM_GCC_541\Debug\Proj07_hamflyAPI_stateMachineUpgrade.a(UART_PI_IntClock.o)
 .debug_abbrev  0x00002fb0      0x163 .\ARM_GCC_541\Debug\Proj07_hamflyAPI_stateMachineUpgrade.a(UART_DEBUG.o)
 .debug_abbrev  0x00003113      0x11d .\ARM_GCC_541\Debug\Proj07_hamflyAPI_stateMachineUpgrade.a(UART_DEBUG_IntClock.o)
 .debug_abbrev  0x00003230      0x172 .\ARM_GCC_541\Debug\Proj07_hamflyAPI_stateMachineUpgrade.a(isr_rx_pi.o)
 .debug_abbrev  0x000033a2       0x14 .\ARM_GCC_541\Debug\Proj07_hamflyAPI_stateMachineUpgrade.a(CyBootAsmGnu.o)
