Archive member included to satisfy reference by file (symbol)

.\ARM_GCC_541\Debug\Proj07_hamflyAPI_stateMachineUpgrade.a(ADC_DelSig_1.o)
                              .\ARM_GCC_541\Debug\adc_balanced.o (ADC_DelSig_1_Start)
.\ARM_GCC_541\Debug\Proj07_hamflyAPI_stateMachineUpgrade.a(ADC_DelSig_1_INT.o)
                              .\ARM_GCC_541\Debug\Proj07_hamflyAPI_stateMachineUpgrade.a(ADC_DelSig_1.o) (ADC_DelSig_1_ISR1)
.\ARM_GCC_541\Debug\Proj07_hamflyAPI_stateMachineUpgrade.a(AMux_1.o)
                              .\ARM_GCC_541\Debug\adc_balanced.o (AMux_1_Start)
.\ARM_GCC_541\Debug\Proj07_hamflyAPI_stateMachineUpgrade.a(isr_adc.o)
                              .\ARM_GCC_541\Debug\adc_balanced.o (isr_adc_StartEx)
.\ARM_GCC_541\Debug\Proj07_hamflyAPI_stateMachineUpgrade.a(UART_MOVI.o)
                              .\ARM_GCC_541\Debug\main.o (UART_MOVI_Start)
.\ARM_GCC_541\Debug\Proj07_hamflyAPI_stateMachineUpgrade.a(isr_rx_movi.o)
                              .\ARM_GCC_541\Debug\main.o (isr_rx_movi_StartEx)
.\ARM_GCC_541\Debug\Proj07_hamflyAPI_stateMachineUpgrade.a(Looptimer.o)
                              .\ARM_GCC_541\Debug\main.o (Looptimer_Start)
.\ARM_GCC_541\Debug\Proj07_hamflyAPI_stateMachineUpgrade.a(isr_Looptimer.o)
                              .\ARM_GCC_541\Debug\main.o (isr_Looptimer_StartEx)
.\ARM_GCC_541\Debug\Proj07_hamflyAPI_stateMachineUpgrade.a(EEPROM_CONFIG.o)
                              .\ARM_GCC_541\Debug\psoc_eeprom.o (EEPROM_CONFIG_Start)
.\ARM_GCC_541\Debug\Proj07_hamflyAPI_stateMachineUpgrade.a(ADC_DelSig_1_AMux.o)
                              .\ARM_GCC_541\Debug\Proj07_hamflyAPI_stateMachineUpgrade.a(ADC_DelSig_1.o) (ADC_DelSig_1_AMux_Select)
.\ARM_GCC_541\Debug\Proj07_hamflyAPI_stateMachineUpgrade.a(ADC_DelSig_1_Ext_CP_Clk.o)
                              .\ARM_GCC_541\Debug\Proj07_hamflyAPI_stateMachineUpgrade.a(ADC_DelSig_1.o) (ADC_DelSig_1_Ext_CP_Clk_SetDividerRegister)
.\ARM_GCC_541\Debug\Proj07_hamflyAPI_stateMachineUpgrade.a(ADC_DelSig_1_theACLK.o)
                              .\ARM_GCC_541\Debug\Proj07_hamflyAPI_stateMachineUpgrade.a(ADC_DelSig_1.o) (ADC_DelSig_1_theACLK_SetDividerRegister)
.\ARM_GCC_541\Debug\Proj07_hamflyAPI_stateMachineUpgrade.a(CyFlash.o)
                              .\ARM_GCC_541\Debug\Proj07_hamflyAPI_stateMachineUpgrade.a(EEPROM_CONFIG.o) (dieTemperature)
.\ARM_GCC_541\Debug\Proj07_hamflyAPI_stateMachineUpgrade.a(CyLib.o)
                              .\ARM_GCC_541\Debug\Cm3Start.o (CyResetStatus)
.\ARM_GCC_541\Debug\Proj07_hamflyAPI_stateMachineUpgrade.a(cyPm.o)
                              .\ARM_GCC_541\Debug\Proj07_hamflyAPI_stateMachineUpgrade.a(CyLib.o) (CyPmReadStatus)
.\ARM_GCC_541\Debug\Proj07_hamflyAPI_stateMachineUpgrade.a(CySpc.o)
                              .\ARM_GCC_541\Debug\Proj07_hamflyAPI_stateMachineUpgrade.a(EEPROM_CONFIG.o) (CySpcStart)
.\ARM_GCC_541\Debug\Proj07_hamflyAPI_stateMachineUpgrade.a(UART_DEBUG.o)
                              .\ARM_GCC_541\Debug\main.o (UART_DEBUG_Start)
.\ARM_GCC_541\Debug\Proj07_hamflyAPI_stateMachineUpgrade.a(UART_DEBUG_IntClock.o)
                              .\ARM_GCC_541\Debug\Proj07_hamflyAPI_stateMachineUpgrade.a(UART_DEBUG.o) (UART_DEBUG_IntClock_Start)
.\ARM_GCC_541\Debug\Proj07_hamflyAPI_stateMachineUpgrade.a(CyBootAsmGnu.o)
                              .\ARM_GCC_541\Debug\cyfitter_cfg.o (CyDelayCycles)
c:/program files (x86)/cypress/psoc creator/4.4/psoc creator/import/gnu/arm/5.4.1/bin/../lib/gcc/arm-none-eabi/5.4.1/../../../../arm-none-eabi/lib/armv7-m\libm.a(lib_a-s_cos.o)
                              .\ARM_GCC_541\Debug\hamfly_core_gimbal.o (cos)
c:/program files (x86)/cypress/psoc creator/4.4/psoc creator/import/gnu/arm/5.4.1/bin/../lib/gcc/arm-none-eabi/5.4.1/../../../../arm-none-eabi/lib/armv7-m\libm.a(lib_a-w_atan2.o)
                              .\ARM_GCC_541\Debug\hamfly_core_gimbal.o (atan2)
c:/program files (x86)/cypress/psoc creator/4.4/psoc creator/import/gnu/arm/5.4.1/bin/../lib/gcc/arm-none-eabi/5.4.1/../../../../arm-none-eabi/lib/armv7-m\libm.a(lib_a-w_sqrt.o)
                              .\ARM_GCC_541\Debug\hamfly_core_gimbal.o (sqrt)
c:/program files (x86)/cypress/psoc creator/4.4/psoc creator/import/gnu/arm/5.4.1/bin/../lib/gcc/arm-none-eabi/5.4.1/../../../../arm-none-eabi/lib/armv7-m\libm.a(lib_a-wf_asin.o)
                              .\ARM_GCC_541\Debug\main.o (asinf)
c:/program files (x86)/cypress/psoc creator/4.4/psoc creator/import/gnu/arm/5.4.1/bin/../lib/gcc/arm-none-eabi/5.4.1/../../../../arm-none-eabi/lib/armv7-m\libm.a(lib_a-wf_atan2.o)
                              .\ARM_GCC_541\Debug\main.o (atan2f)
c:/program files (x86)/cypress/psoc creator/4.4/psoc creator/import/gnu/arm/5.4.1/bin/../lib/gcc/arm-none-eabi/5.4.1/../../../../arm-none-eabi/lib/armv7-m\libm.a(lib_a-e_atan2.o)
[...]
Memory Configuration

Name             Origin             Length             Attributes
rom              0x00000000         0x00040000         xr
ram              0x1fff8000         0x00010000         xrw
*default*        0x00000000         0xffffffff

Linker script and memory map

LOAD c:/program files (x86)/cypress/psoc creator/4.4/psoc creator/import/gnu/arm/5.4.1/bin/../lib/gcc/arm-none-eabi/5.4.1/armv7-m/crti.o
LOAD c:/program files (x86)/cypress/psoc creator/4.4/psoc creator/import/gnu/arm/5.4.1/bin/../lib/gcc/arm-none-eabi/5.4.1/armv7-m/crtbegin.o
LOAD c:/program files (x86)/cypress/psoc creator/4.4/psoc creator/import/gnu/arm/5.4.1/bin/../lib/gcc/arm-none-eabi/5.4.1/../../../../arm-none-eabi/lib/armv7-m/crt0.o
START GROUP
LOAD .\ARM_GCC_541\Debug\main.o
LOAD .\ARM_GCC_541\Debug\adc_balanced.o
LOAD .\ARM_GCC_541\Debug\joystick.o
LOAD .\ARM_GCC_541\Debug\psoc_eeprom.o
LOAD .\ARM_GCC_541\Debug\app_ctx.o
LOAD .\ARM_GCC_541\Debug\app_statemachine.o
LOAD .\ARM_GCC_541\Debug\hamfly_comm_rb.o
LOAD .\ARM_GCC_541\Debug\hamfly_comm_txbuf.o
LOAD .\ARM_GCC_541\Debug\hamfly_core_gimbal.o
LOAD .\ARM_GCC_541\Debug\hamfly_core_telemetry.o
LOAD .\ARM_GCC_541\Debug\hamfly_qx_app.o
LOAD .\ARM_GCC_541\Debug\hamfly_qx_protocol.o
LOAD .\ARM_GCC_541\Debug\cyfitter_cfg.o
LOAD .\ARM_GCC_541\Debug\cymetadata.o
LOAD .\ARM_GCC_541\Debug\Cm3Start.o
LOAD .\ARM_GCC_541\Debug\Proj07_hamflyAPI_stateMachineUpgrade.a
LOAD C:\Program Files (x86)\Cypress\PSoC Creator\4.4\PSoC Creator\psoc\content\cycomponentlibrary\CyComponentLibrary.cylib\CortexM3\ARM_GCC_541\Debug\CyComponentLibrary.a
LOAD c:/program files (x86)/cypress/psoc creator/4.4/psoc creator/import/gnu/arm/5.4.1/bin/../lib/gcc/arm-none-eabi/5.4.1/../../../../arm-none-eabi/lib/armv7-m\libm.a
END GROUP
START GROUP
LOAD c:/program files (x86)/cypress/psoc creator/4.4/psoc creator/import/gnu/arm/5.4.1/bin/../lib/gcc/arm-none-eabi/5.4.1/armv7-m\libgcc.a
LOAD c:/program files (x86)/cypress/psoc creator/4.4/psoc creator/import/gnu/arm/5.4.1/bin/../lib/gcc/arm-none-eabi/5.4.1/../../../../arm-none-eabi/lib/armv7-m\libg_nano.a
LOAD c:/program files (x86)/cypress/psoc creator/4.4/psoc creator/import/gnu/arm/5.4.1/bin/../lib/gcc/arm-none-eabi/5.4.1/../../../../arm-none-eabi/lib/armv7-m\libc_nano.a
END GROUP
START GROUP
LOAD c:/program files (x86)/cypress/psoc creator/4.4/psoc creator/import/gnu/arm/5.4.1/bin/../lib/gcc/arm-none-eabi/5.4.1/armv7-m\libgcc.a
LOAD c:/program files (x86)/cypress/psoc creator/4.4/psoc creator/import/gnu/arm/5.4.1/bin/../lib/gcc/arm-none-eabi/5.4.1/../../../../arm-none-eabi/lib/armv7-m\libc_nano.a
END GROUP
LOAD c:/program files (x86)/cypress/psoc creator/4.4/psoc creator/import/gnu/arm/5.4.1/bin/../lib/gcc/arm-none-eabi/5.4.1/armv7-m/crtend.o
LOAD c:/program files (x86)/cypress/psoc creator/4.4/psoc creator/import/gnu/arm/5.4.1/bin/../lib/gcc/arm-none-eabi/5.4.1/armv7-m/crtn.o
START GROUP
LOAD c:/program files (x86)/cypress/psoc creator/4.4/psoc creator/import/gnu/arm/5.4.1/bin/../lib/gcc/arm-none-eabi/5.4.1/armv7-m\libgcc.a
LOAD c:/program files (x86)/cypress/psoc creator/4.4/psoc creator/import/gnu/arm/5.4.1/bin/../lib/gcc/arm-none-eabi/5.4.1/../../../../arm-none-eabi/lib/armv7-m\libc.a
LOAD c:/program files (x86)/cypress/psoc creator/4.4/psoc creator/import/gnu/arm/5.4.1/bin/../lib/gcc/arm-none-eabi/5.4.1/../../../../arm-none-eabi/lib/armv7-m\libnosys.a
END GROUP
                0x00000000                CY_APPL_ORIGIN = 0x0
                0x00000100                CY_FLASH_ROW_SIZE = 0x100
                0x00000020                CY_ECC_ROW_SIZE = 0x20
                0x00000000                CY_EE_IN_BTLDR = 0x0
                0x00000000                CY_APPL_LOADABLE = 0x0
                0x00000800                CY_EE_SIZE = 0x800
                0x00000001                CY_APPL_NUM = 0x1
                0x00000001                CY_APPL_MAX = 0x1
                0x00000040                CY_METADATA_SIZE = 0x40
                0x00000000                CY_APPL_LOADABLE = 0x0
                0x00000000                CY_CHECKSUM_EXCLUDE_SIZE = ALIGN (0x0, CY_FLASH_ROW_SIZE)
                [!provide]                PROVIDE (__cy_heap_start, _end)
                0x00000001                PROVIDE (__cy_region_num, ((__cy_regions_end - __cy_regions) / 0x10))
                0x20008000                PROVIDE (__cy_stack, (ORIGIN (ram) + LENGTH (ram)))
                [!provide]                PROVIDE (__cy_heap_end, (__cy_stack - 0x800))

.cybootloader   0x00000000        0x0
 *(.cybootloader)
                0x00000000                appl1_start = CY_APPL_ORIGIN?CY_APPL_ORIGIN:ALIGN (CY_FLASH_ROW_SIZE)
                0x0001ff00                appl2_start = (appl1_start + ALIGN ((((LENGTH (rom) - appl1_start) - (0x2 * CY_FLASH_ROW_SIZE)) / 0x2), CY_FLASH_ROW_SIZE))
                0x00000000                appl_start = (CY_APPL_NUM == 0x1)?appl1_start:appl2_start
                0x00000000                ecc_offset = ((appl_start / CY_FLASH_ROW_SIZE) * CY_ECC_ROW_SIZE)
                0x00000000                ee_offset = (CY_APPL_LOADABLE && ! (CY_EE_IN_BTLDR))?((CY_EE_SIZE / CY_APPL_MAX) * (CY_APPL_NUM - 0x1)):0x0
                0x00000800                ee_size = (CY_APPL_LOADABLE && ! (CY_EE_IN_BTLDR))?(CY_EE_SIZE / CY_APPL_MAX):CY_EE_SIZE
                [!provide]                PROVIDE (CY_ECC_OFFSET, ecc_offset)

.text           0x00000000     0x9e7e
 CREATE_OBJECT_SYMBOLS
                0x00000000                PROVIDE (__cy_interrupt_vector, RomVectors)
 *(.romvectors)
 .romvectors    0x00000000       0x10 .\ARM_GCC_541\Debug\Cm3Start.o
                0x00000000                RomVectors
                0x00000001                ASSERT ((. != __cy_interrupt_vector), No interrupt vector)
                0x00000001                ASSERT (CY_APPL_ORIGIN?(SIZEOF (.cybootloader) <= CY_APPL_ORIGIN):0x1, Wrong image location)
                0x00000010                PROVIDE (__cy_reset, Reset)
 *(.text.Reset)
 .text.Reset    0x00000010       0x18 .\ARM_GCC_541\Debug\Cm3Start.o
                0x00000010                Reset
                0x00000001                ASSERT ((. != __cy_reset), No reset code)
 *(.dma_init)
                0x00000001                ASSERT ((((appl_start + .) <= 0x10000) || 0x1), DMA Init must be within the first 64k of flash)
 *(.text .text.* .gnu.linkonce.t.*)
 .text          0x00000028       0x5c c:/program files (x86)/cypress/psoc creator/4.4/psoc creator/import/gnu/arm/5.4.1/bin/../lib/gcc/arm-none-eabi/5.4.1/armv7-m/crtbegin.o
 .text._hamfly_psoc5_putc
                0x00000084       0x1c .\ARM_GCC_541\Debug\main.o
 .text.psoc_get_tick
                0x000000a0       0x1c .\ARM_GCC_541\Debug\main.o
 .text.isr_rx_movi_Handler
                0x000000bc       0x58 .\ARM_GCC_541\Debug\main.o
                0x000000bc                isr_rx_movi_Handler
 .text.isr_Looptimer_Handler
                0x00000114       0x1c .\ARM_GCC_541\Debug\main.o
                0x00000114                isr_Looptimer_Handler
 .text.mode_str
                0x00000130       0x38 .\ARM_GCC_541\Debug\main.o
 .text.main     0x00000168      0x26c .\ARM_GCC_541\Debug\main.o
                0x00000168                main
 .text.isr_adc_Handler
                0x000003d4       0x18 .\ARM_GCC_541\Debug\adc_balanced.o
                0x000003d4                isr_adc_Handler
 .text.adc_balanced_init
                0x000003ec       0x6c .\ARM_GCC_541\Debug\adc_balanced.o
                0x000003ec                adc_balanced_init
 .text.adc_balanced_advance_on_eoc
                0x00000458       0x64 .\ARM_GCC_541\Debug\adc_balanced.o
 .text.adc_balanced_poll_frame
                0x000004bc       0x6c .\ARM_GCC_541\Debug\adc_balanced.o
                0x000004bc                adc_balanced_poll_frame
 .text.joystick_set_sensitivity
                0x00000528       0x48 .\ARM_GCC_541\Debug\joystick.o
                0x00000528                joystick_set_sensitivity
 .text.normalize_axis
                0x00000570       0xd0 .\ARM_GCC_541\Debug\joystick.o
 .text.apply_deadband
                0x00000640       0x90 .\ARM_GCC_541\Debug\joystick.o
 .text.joystick_validate
                0x000006d0       0x94 .\ARM_GCC_541\Debug\joystick.o
                0x000006d0                joystick_validate
 .text.cal_begin_range_capture
                0x00000764       0x84 .\ARM_GCC_541\Debug\joystick.o
 .text.cal_update_ranges
                0x000007e8       0x98 .\ARM_GCC_541\Debug\joystick.o
 .text.cal_start_center_capture
                0x00000880       0x44 .\ARM_GCC_541\Debug\joystick.o
 .text.cal_center_capture_update
                0x000008c4       0xa8 .\ARM_GCC_541\Debug\joystick.o
 .text.cal_save_or_restart
                0x0000096c       0x44 .\ARM_GCC_541\Debug\joystick.o
 .text.joystick_init
                0x000009b0       0xa4 .\ARM_GCC_541\Debug\joystick.o
                0x000009b0                joystick_init
 .text.joystick_on_sample
                0x00000a54       0x48 .\ARM_GCC_541\Debug\joystick.o
                0x00000a54                joystick_on_sample
 .text.joystick_on_key
                0x00000a9c       0x70 .\ARM_GCC_541\Debug\joystick.o
                0x00000a9c                joystick_on_key
 .text.joystick_cal_state
                0x00000b0c       0x14 .\ARM_GCC_541\Debug\joystick.o
                0x00000b0c                joystick_cal_state
 .text.joystick_get_cmd
                0x00000b20       0xe8 .\ARM_GCC_541\Debug\joystick.o
                0x00000b20                joystick_get_cmd
 .text.joystick_load
                0x00000c08       0x4c .\ARM_GCC_541\Debug\joystick.o
                0x00000c08                joystick_load
 .text.slot_id_to_row
                0x00000c54       0x2c .\ARM_GCC_541\Debug\psoc_eeprom.o
 .text.read_row_byte
                0x00000c80       0x38 .\ARM_GCC_541\Debug\psoc_eeprom.o
 .text.read_row_data
                0x00000cb8       0x3c .\ARM_GCC_541\Debug\psoc_eeprom.o
 .text.psoc_eeprom_init
                0x00000cf4        0xc .\ARM_GCC_541\Debug\psoc_eeprom.o
                0x00000cf4                psoc_eeprom_init
 .text.psoc_eeprom_read
                0x00000d00       0x7c .\ARM_GCC_541\Debug\psoc_eeprom.o
                0x00000d00                psoc_eeprom_read
 .text.app_ctx_init
                0x00000d7c       0x3c .\ARM_GCC_541\Debug\app_ctx.o
                0x00000d7c                app_ctx_init
 .text.depth_of
                0x00000db8       0x34 .\ARM_GCC_541\Debug\app_statemachine.o
 .text.lca      0x00000dec       0x80 .\ARM_GCC_541\Debug\app_statemachine.o
 .text.transition
                0x00000e6c       0xf0 .\ARM_GCC_541\Debug\app_statemachine.o
 .text.app_start
                0x00000f5c       0x28 .\ARM_GCC_541\Debug\app_statemachine.o
                0x00000f5c                app_start
 .text.app_raise_error
                0x00000f84       0x68 .\ARM_GCC_541\Debug\app_statemachine.o
                0x00000f84                app_raise_error
 .text.app_state_name
                0x00000fec       0x20 .\ARM_GCC_541\Debug\app_statemachine.o
                0x00000fec                app_state_name
 .text.entry_stby_defer
                0x0000100c       0x1c .\ARM_GCC_541\Debug\app_statemachine.o
 .text.entry_stby_hold
                0x00001028       0x1c .\ARM_GCC_541\Debug\app_statemachine.o
 .text.entry_manu_joystick
                0x00001044       0x20 .\ARM_GCC_541\Debug\app_statemachine.o
 .text.exit_manu_joystick
                0x00001064       0x18 .\ARM_GCC_541\Debug\app_statemachine.o
 .text.sev_str  0x0000107c       0x40 .\ARM_GCC_541\Debug\app_statemachine.o
 .text.entry_error_active
                0x000010bc       0x80 .\ARM_GCC_541\Debug\app_statemachine.o
 .text.set_origin
                0x0000113c      0x1c0 .\ARM_GCC_541\Debug\app_statemachine.o
 .text.print_help
                0x000012fc       0x1c .\ARM_GCC_541\Debug\app_statemachine.o
 .text.handle_global_key
                0x00001318       0x94 .\ARM_GCC_541\Debug\app_statemachine.o
 .text.leaf_traps_nav
                0x000013ac       0x20 .\ARM_GCC_541\Debug\app_statemachine.o
 .text.handle_nav_key
                0x000013cc       0x50 .\ARM_GCC_541\Debug\app_statemachine.o
 .text.key_manu_joystick
                0x0000141c       0xc4 .\ARM_GCC_541\Debug\app_statemachine.o
 .text.key_error_active
                0x000014e0       0x40 .\ARM_GCC_541\Debug\app_statemachine.o
 .text.app_dispatch_key
                0x00001520       0xa0 .\ARM_GCC_541\Debug\app_statemachine.o
                0x00001520                app_dispatch_key
 .text.build_zero
                0x000015c0       0x1c .\ARM_GCC_541\Debug\app_statemachine.o
 .text.build_stby
                0x000015dc       0x1c .\ARM_GCC_541\Debug\app_statemachine.o
 .text.build_manu_joystick
                0x000015f8       0x54 .\ARM_GCC_541\Debug\app_statemachine.o
 .text.build_error
                0x0000164c       0x28 .\ARM_GCC_541\Debug\app_statemachine.o
 .text.app_build_control
                0x00001674       0x3c .\ARM_GCC_541\Debug\app_statemachine.o
                0x00001674                app_build_control
 .text.rb_next  0x000016b0       0x28 .\ARM_GCC_541\Debug\hamfly_comm_rb.o
 .text.hamfly_rb_init
                0x000016d8       0x2c .\ARM_GCC_541\Debug\hamfly_comm_rb.o
                0x000016d8                hamfly_rb_init
 .text.hamfly_rb_push
                0x00001704       0x64 .\ARM_GCC_541\Debug\hamfly_comm_rb.o
                0x00001704                hamfly_rb_push
 .text.hamfly_rb_pop
                0x00001768       0x58 .\ARM_GCC_541\Debug\hamfly_comm_rb.o
                0x00001768                hamfly_rb_pop
 .text.load_freefly_control
                0x000017c0       0x50 .\ARM_GCC_541\Debug\hamfly_core_gimbal.o
 .text.copy_qx287_to_telemetry
                0x00001810       0x1c .\ARM_GCC_541\Debug\hamfly_core_gimbal.o
 .text.drain_rb
                0x0000182c       0x44 .\ARM_GCC_541\Debug\hamfly_core_gimbal.o
 .text.hamfly_init
                0x00001870       0x5c .\ARM_GCC_541\Debug\hamfly_core_gimbal.o
                0x00001870                hamfly_init
 .text.hamfly_on_rx_byte
                0x000018cc       0x3c .\ARM_GCC_541\Debug\hamfly_core_gimbal.o
                0x000018cc                hamfly_on_rx_byte
 .text.hamfly_on_uart_err_flags
                0x00001908       0x30 .\ARM_GCC_541\Debug\hamfly_core_gimbal.o
                0x00001908                hamfly_on_uart_err_flags
 .text.hamfly_pump
                0x00001938      0x27c .\ARM_GCC_541\Debug\hamfly_core_gimbal.o
                0x00001938                hamfly_pump
 .text.hamfly_send_control
                0x00001bb4       0x7c .\ARM_GCC_541\Debug\hamfly_core_gimbal.o
                0x00001bb4                hamfly_send_control
 .text.hamfly_kill
                0x00001c30       0x3c .\ARM_GCC_541\Debug\hamfly_core_gimbal.o
                0x00001c30                hamfly_kill
 .text.hamfly_get_telemetry
                0x00001c6c       0x30 .\ARM_GCC_541\Debug\hamfly_core_gimbal.o
                0x00001c6c                hamfly_get_telemetry
 .text.rd_be32  0x00001c9c       0x34 .\ARM_GCC_541\Debug\hamfly_core_telemetry.o
 .text.rd_be16  0x00001cd0       0x28 .\ARM_GCC_541\Debug\hamfly_core_telemetry.o
 .text.rd_be_u16
                0x00001cf8       0x28 .\ARM_GCC_541\Debug\hamfly_core_telemetry.o
 .text.rd_le16  0x00001d20       0x24 .\ARM_GCC_541\Debug\hamfly_core_telemetry.o
 .text.hamfly_decode_qx287
                0x00001d44       0x68 .\ARM_GCC_541\Debug\hamfly_core_telemetry.o
                0x00001d44                hamfly_decode_qx287
 .text.hamfly_decode_gps
                0x00001dac      0x1a0 .\ARM_GCC_541\Debug\hamfly_core_telemetry.o
                0x00001dac                hamfly_decode_gps
 .text.hamfly_decode_baro
                0x00001f4c       0x78 .\ARM_GCC_541\Debug\hamfly_core_telemetry.o
                0x00001f4c                hamfly_decode_baro
 .text.hamfly_decode_attitude
                0x00001fc4      0x144 .\ARM_GCC_541\Debug\hamfly_core_telemetry.o
                0x00001fc4                hamfly_decode_attitude
 .text.hamfly_decode_sysstat
                0x00002108      0x1c8 .\ARM_GCC_541\Debug\hamfly_core_telemetry.o
                0x00002108                hamfly_decode_sysstat
 .text.hamfly_decode_mag
                0x000022d0      0x18c .\ARM_GCC_541\Debug\hamfly_core_telemetry.o
                0x000022d0                hamfly_decode_mag
 .text.hamfly_decode_sysecho
                0x0000245c       0x7c .\ARM_GCC_541\Debug\hamfly_core_telemetry.o
                0x0000245c                hamfly_decode_sysecho
 .text.ff_api_init
                0x000024d8       0x7c .\ARM_GCC_541\Debug\hamfly_qx_app.o
 .text.ff_api_send
                0x00002554       0x44 .\ARM_GCC_541\Debug\hamfly_qx_app.o
 .text.QX_ParsePacket_Cli_MoVI_Ctrl_CB
                0x00002598      0x83c .\ARM_GCC_541\Debug\hamfly_qx_app.o
 .text.QX_SendMsg2CommsPort_CB
                0x00002dd4       0x64 .\ARM_GCC_541\Debug\hamfly_qx_app.o
                0x00002dd4                QX_SendMsg2CommsPort_CB
 .text.QX_FwdMsg_CB
                0x00002e38       0x14 .\ARM_GCC_541\Debug\hamfly_qx_app.o
                0x00002e38                QX_FwdMsg_CB
 .text.QX_GetTicks_ms
                0x00002e4c       0x34 .\ARM_GCC_541\Debug\hamfly_qx_app.o
                0x00002e4c                QX_GetTicks_ms
 .text.QX_Parser_SetMsgPtr
                0x00002e80       0x1c .\ARM_GCC_541\Debug\hamfly_qx_protocol.o
                0x00002e80                QX_Parser_SetMsgPtr
 .text.QX_Parser_AdvMsgPtr
                0x00002e9c       0x1c .\ARM_GCC_541\Debug\hamfly_qx_protocol.o
                0x00002e9c                QX_Parser_AdvMsgPtr
 .text.QX_Parser_GetMsgPtr
                0x00002eb8       0x14 .\ARM_GCC_541\Debug\hamfly_qx_protocol.o
                0x00002eb8                QX_Parser_GetMsgPtr
 .text.QX_Parser_SetDir_Read
                0x00002ecc       0x18 .\ARM_GCC_541\Debug\hamfly_qx_protocol.o
                0x00002ecc                QX_Parser_SetDir_Read
 .text.QX_Parser_SetDir_WriteAbs
                0x00002ee4       0x18 .\ARM_GCC_541\Debug\hamfly_qx_protocol.o
                0x00002ee4                QX_Parser_SetDir_WriteAbs
 .text.AddFloatAsSignedShort
                0x00002efc       0xc8 .\ARM_GCC_541\Debug\hamfly_qx_protocol.o
                0x00002efc                AddFloatAsSignedShort
 .text.GetFloatAsSignedShort
                0x00002fc4      0x170 .\ARM_GCC_541\Debug\hamfly_qx_protocol.o
                0x00002fc4                GetFloatAsSignedShort
 .text.AddSignedShortAsSignedShort
                0x00003134       0x58 .\ARM_GCC_541\Debug\hamfly_qx_protocol.o
                0x00003134                AddSignedShortAsSignedShort
 .text.GetSignedShortAsSignedShort
                0x0000318c      0x15c .\ARM_GCC_541\Debug\hamfly_qx_protocol.o
                0x0000318c                GetSignedShortAsSignedShort
 .text.AddUnsignedCharAsUnsignedChar
                0x000032e8       0x3c .\ARM_GCC_541\Debug\hamfly_qx_protocol.o
                0x000032e8                AddUnsignedCharAsUnsignedChar
 .text.GetUnsignedCharAsUnsignedChar
                0x00003324       0xc8 .\ARM_GCC_541\Debug\hamfly_qx_protocol.o
                0x00003324                GetUnsignedCharAsUnsignedChar
 .text.AddUnsignedShortAsUnsignedShort
                0x000033ec       0x54 .\ARM_GCC_541\Debug\hamfly_qx_protocol.o
                0x000033ec                AddUnsignedShortAsUnsignedShort
 .text.GetUnsignedShortAsUnsignedShort
                0x00003440       0xf8 .\ARM_GCC_541\Debug\hamfly_qx_protocol.o
                0x00003440                GetUnsignedShortAsUnsignedShort
 .text.AddBitsAsByte
                0x00003538       0xcc .\ARM_GCC_541\Debug\hamfly_qx_protocol.o
                0x00003538                AddBitsAsByte
 .text.GetBitsAsByte
                0x00003604       0xdc .\ARM_GCC_541\Debug\hamfly_qx_protocol.o
                0x00003604                GetBitsAsByte
 .text.QX_InitMsg
                0x000036e0       0x30 .\ARM_GCC_541\Debug\hamfly_qx_protocol.o
 .text.QX_RxMsg
                0x00003710       0xec .\ARM_GCC_541\Debug\hamfly_qx_protocol.o
 .text.QX_Srv_Rx_Read
                0x000037fc       0x90 .\ARM_GCC_541\Debug\hamfly_qx_protocol.o
 .text.QX_Srv_Rx_Write
                0x0000388c       0xc4 .\ARM_GCC_541\Debug\hamfly_qx_protocol.o
 .text.QX_Cli_Rx_CurVal
                0x00003950       0x3c .\ARM_GCC_541\Debug\hamfly_qx_protocol.o
 .text.QX_TxMsg_Setup
                0x0000398c       0x4c .\ARM_GCC_541\Debug\hamfly_qx_protocol.o
 .text.QX_TxMsg_Finish
                0x000039d8      0x1dc .\ARM_GCC_541\Debug\hamfly_qx_protocol.o
 .text.QX_BuildHeader
                0x00003bb4      0x188 .\ARM_GCC_541\Debug\hamfly_qx_protocol.o
 .text.QX_ParseHeader
                0x00003d3c      0x114 .\ARM_GCC_541\Debug\hamfly_qx_protocol.o
 .text.QX_Calc8bChecksum
                0x00003e50       0x3c .\ARM_GCC_541\Debug\hamfly_qx_protocol.o
 .text.QX_AddExtdValToBuf
                0x00003e8c       0x88 .\ARM_GCC_541\Debug\hamfly_qx_protocol.o
 .text.QX_GetExtdValFromBuf
                0x00003f14       0x6c .\ARM_GCC_541\Debug\hamfly_qx_protocol.o
 .text.QX_compute_crc32
                0x00003f80       0x4c .\ARM_GCC_541\Debug\hamfly_qx_protocol.o
 .text.QX_accumulate_crc32
                0x00003fcc       0x54 .\ARM_GCC_541\Debug\hamfly_qx_protocol.o
                0x00003fcc                QX_accumulate_crc32
 .text.QX_InitCli
                0x00004020       0x24 .\ARM_GCC_541\Debug\hamfly_qx_protocol.o
                0x00004020                QX_InitCli
 .text.QX_InitTxOptions
                0x00004044       0x3c .\ARM_GCC_541\Debug\hamfly_qx_protocol.o
                0x00004044                QX_InitTxOptions
 .text.QX_SendPacket_Srv_CurVal
                0x00004080       0x98 .\ARM_GCC_541\Debug\hamfly_qx_protocol.o
                0x00004080                QX_SendPacket_Srv_CurVal
 .text.QX_SendPacket_Cli_WriteABS
                0x00004118       0x98 .\ARM_GCC_541\Debug\hamfly_qx_protocol.o
                0x00004118                QX_SendPacket_Cli_WriteABS
 .text.QX_StreamRxCharSM
                0x000041b0      0x6e0 .\ARM_GCC_541\Debug\hamfly_qx_protocol.o
                0x000041b0                QX_StreamRxCharSM
 .text.CYMEMZERO
                0x00004890       0x1c .\ARM_GCC_541\Debug\cyfitter_cfg.o
 .text.CYCONFIGCPY
                0x000048ac       0x20 .\ARM_GCC_541\Debug\cyfitter_cfg.o
 .text.CyClockStartupError
                0x000048cc        0xc .\ARM_GCC_541\Debug\cyfitter_cfg.o
 .text.cfg_write_bytes32
                0x000048d8       0x74 .\ARM_GCC_541\Debug\cyfitter_cfg.o
 .text.ClockSetup
                0x0000494c      0x180 .\ARM_GCC_541\Debug\cyfitter_cfg.o
 .text.AnalogSetDefault
                0x00004acc       0x44 .\ARM_GCC_541\Debug\cyfitter_cfg.o
 .text.AMux_1_Set
                0x00004b10       0x6c .\ARM_GCC_541\Debug\cyfitter_cfg.o
                0x00004b10                AMux_1_Set
 .text.AMux_1_Unset
                0x00004b7c       0x74 .\ARM_GCC_541\Debug\cyfitter_cfg.o
                0x00004b7c                AMux_1_Unset
 .text.ADC_DelSig_1_AMux_Set
                0x00004bf0       0x40 .\ARM_GCC_541\Debug\cyfitter_cfg.o
                0x00004bf0                ADC_DelSig_1_AMux_Set
 .text.ADC_DelSig_1_AMux_Unset
                0x00004c30       0x44 .\ARM_GCC_541\Debug\cyfitter_cfg.o
                0x00004c30                ADC_DelSig_1_AMux_Unset
 .text.cyfitter_cfg
                0x00004c74      0x1ac .\ARM_GCC_541\Debug\cyfitter_cfg.o
                0x00004c74                cyfitter_cfg
 .text.IntDefaultHandler
                0x00004e20       0x14 .\ARM_GCC_541\Debug\Cm3Start.o
                0x00004e20                IntDefaultHandler
 .text._sbrk    0x00004e34       0x50 .\ARM_GCC_541\Debug\Cm3Start.o
                0x00004e34                _sbrk
 .text.Start_c  0x00004e84       0x98 .\ARM_GCC_541\Debug\Cm3Start.o
                0x00004e84                Start_c
 .text.initialize_psoc
                0x00004f1c       0x90 .\ARM_GCC_541\Debug\Cm3Start.o
                0x00004f1c                initialize_psoc
 .text.ADC_DelSig_1_Init
                0x00004fac      0x11c .\ARM_GCC_541\Debug\Proj07_hamflyAPI_stateMachineUpgrade.a(ADC_DelSig_1.o)
                0x00004fac                ADC_DelSig_1_Init
 .text.ADC_DelSig_1_Enable
                0x000050c8      0x158 .\ARM_GCC_541\Debug\Proj07_hamflyAPI_stateMachineUpgrade.a(ADC_DelSig_1.o)
                0x000050c8                ADC_DelSig_1_Enable
 .text.ADC_DelSig_1_Start
                0x00005220       0x30 .\ARM_GCC_541\Debug\Proj07_hamflyAPI_stateMachineUpgrade.a(ADC_DelSig_1.o)
                0x00005220                ADC_DelSig_1_Start
 .text.ADC_DelSig_1_StartConvert
                0x00005250       0x20 .\ARM_GCC_541\Debug\Proj07_hamflyAPI_stateMachineUpgrade.a(ADC_DelSig_1.o)
                0x00005250                ADC_DelSig_1_StartConvert
 .text.ADC_DelSig_1_StopConvert
                0x00005270       0x20 .\ARM_GCC_541\Debug\Proj07_hamflyAPI_stateMachineUpgrade.a(ADC_DelSig_1.o)
                0x00005270                ADC_DelSig_1_StopConvert
 .text.ADC_DelSig_1_GetResult16
                0x00005290       0x7c .\ARM_GCC_541\Debug\Proj07_hamflyAPI_stateMachineUpgrade.a(ADC_DelSig_1.o)
                0x00005290                ADC_DelSig_1_GetResult16
 .text.ADC_DelSig_1_InitConfig
                0x0000530c      0x164 .\ARM_GCC_541\Debug\Proj07_hamflyAPI_stateMachineUpgrade.a(ADC_DelSig_1.o)
 .text.ADC_DelSig_1_GainCompensation
                0x00005470      0x170 .\ARM_GCC_541\Debug\Proj07_hamflyAPI_stateMachineUpgrade.a(ADC_DelSig_1.o)
 .text.ADC_DelSig_1_SetDSMRef0Reg
                0x000055e0       0x7c .\ARM_GCC_541\Debug\Proj07_hamflyAPI_stateMachineUpgrade.a(ADC_DelSig_1.o)
 .text.ADC_DelSig_1_ISR1
                0x0000565c        0xc .\ARM_GCC_541\Debug\Proj07_hamflyAPI_stateMachineUpgrade.a(ADC_DelSig_1_INT.o)
                0x0000565c                ADC_DelSig_1_ISR1
 .text.AMux_1_Start
                0x00005668       0x34 .\ARM_GCC_541\Debug\Proj07_hamflyAPI_stateMachineUpgrade.a(AMux_1.o)
                0x00005668                AMux_1_Start
 .text.AMux_1_FastSelect
                0x0000569c       0x38 .\ARM_GCC_541\Debug\Proj07_hamflyAPI_stateMachineUpgrade.a(AMux_1.o)
                0x0000569c                AMux_1_FastSelect
 .text.isr_adc_StartEx
                0x000056d4       0x24 .\ARM_GCC_541\Debug\Proj07_hamflyAPI_stateMachineUpgrade.a(isr_adc.o)
                0x000056d4                isr_adc_StartEx
 .text.isr_adc_SetVector
                0x000056f8       0x24 .\ARM_GCC_541\Debug\Proj07_hamflyAPI_stateMachineUpgrade.a(isr_adc.o)
                0x000056f8                isr_adc_SetVector
 .text.isr_adc_SetPriority
                0x0000571c       0x24 .\ARM_GCC_541\Debug\Proj07_hamflyAPI_stateMachineUpgrade.a(isr_adc.o)
                0x0000571c                isr_adc_SetPriority
 .text.isr_adc_Enable
                0x00005740       0x18 .\ARM_GCC_541\Debug\Proj07_hamflyAPI_stateMachineUpgrade.a(isr_adc.o)
                0x00005740                isr_adc_Enable
 .text.isr_adc_Disable
                0x00005758       0x18 .\ARM_GCC_541\Debug\Proj07_hamflyAPI_stateMachineUpgrade.a(isr_adc.o)
                0x00005758                isr_adc_Disable
 .text.isr_adc_ClearPending
                0x00005770       0x18 .\ARM_GCC_541\Debug\Proj07_hamflyAPI_stateMachineUpgrade.a(isr_adc.o)
                0x00005770                isr_adc_ClearPending
 .text.UART_MOVI_Start
                0x00005788       0x24 .\ARM_GCC_541\Debug\Proj07_hamflyAPI_stateMachineUpgrade.a(UART_MOVI.o)
                0x00005788                UART_MOVI_Start
 .text.UART_MOVI_Init
                0x000057ac       0x40 .\ARM_GCC_541\Debug\Proj07_hamflyAPI_stateMachineUpgrade.a(UART_MOVI.o)
                0x000057ac                UART_MOVI_Init
 .text.UART_MOVI_Enable
                0x000057ec       0x5c .\ARM_GCC_541\Debug\Proj07_hamflyAPI_stateMachineUpgrade.a(UART_MOVI.o)
                0x000057ec                UART_MOVI_Enable
 .text.UART_MOVI_ClearRxBuffer
                0x00005848       0x44 .\ARM_GCC_541\Debug\Proj07_hamflyAPI_stateMachineUpgrade.a(UART_MOVI.o)
                0x00005848                UART_MOVI_ClearRxBuffer
 .text.UART_MOVI_PutChar
                0x0000588c       0x34 .\ARM_GCC_541\Debug\Proj07_hamflyAPI_stateMachineUpgrade.a(UART_MOVI.o)
                0x0000588c                UART_MOVI_PutChar
 .text.UART_MOVI_ClearTxBuffer
                0x000058c0       0x44 .\ARM_GCC_541\Debug\Proj07_hamflyAPI_stateMachineUpgrade.a(UART_MOVI.o)
                0x000058c0                UART_MOVI_ClearTxBuffer
 .text.isr_rx_movi_StartEx
                0x00005904       0x24 .\ARM_GCC_541\Debug\Proj07_hamflyAPI_stateMachineUpgrade.a(isr_rx_movi.o)
                0x00005904                isr_rx_movi_StartEx
 .text.isr_rx_movi_SetVector
                0x00005928       0x24 .\ARM_GCC_541\Debug\Proj07_hamflyAPI_stateMachineUpgrade.a(isr_rx_movi.o)
                0x00005928                isr_rx_movi_SetVector
 .text.isr_rx_movi_SetPriority
                0x0000594c       0x24 .\ARM_GCC_541\Debug\Proj07_hamflyAPI_stateMachineUpgrade.a(isr_rx_movi.o)
                0x0000594c                isr_rx_movi_SetPriority
 .text.isr_rx_movi_Enable
                0x00005970       0x18 .\ARM_GCC_541\Debug\Proj07_hamflyAPI_stateMachineUpgrade.a(isr_rx_movi.o)
                0x00005970                isr_rx_movi_Enable
 .text.isr_rx_movi_Disable
                0x00005988       0x18 .\ARM_GCC_541\Debug\Proj07_hamflyAPI_stateMachineUpgrade.a(isr_rx_movi.o)
                0x00005988                isr_rx_movi_Disable
 .text.Looptimer_Init
                0x000059a0       0xa0 .\ARM_GCC_541\Debug\Proj07_hamflyAPI_stateMachineUpgrade.a(Looptimer.o)
                0x000059a0                Looptimer_Init
 .text.Looptimer_Enable
                0x00005a40       0x48 .\ARM_GCC_541\Debug\Proj07_hamflyAPI_stateMachineUpgrade.a(Looptimer.o)
                0x00005a40                Looptimer_Enable
 .text.Looptimer_Start
                0x00005a88       0x24 .\ARM_GCC_541\Debug\Proj07_hamflyAPI_stateMachineUpgrade.a(Looptimer.o)
                0x00005a88                Looptimer_Start
 .text.Looptimer_SetInterruptMode
                0x00005aac       0x20 .\ARM_GCC_541\Debug\Proj07_hamflyAPI_stateMachineUpgrade.a(Looptimer.o)
                0x00005aac                Looptimer_SetInterruptMode
 .text.Looptimer_ReadStatusRegister
                0x00005acc       0x18 .\ARM_GCC_541\Debug\Proj07_hamflyAPI_stateMachineUpgrade.a(Looptimer.o)
                0x00005acc                Looptimer_ReadStatusRegister
 .text.Looptimer_WritePeriod
                0x00005ae4       0x24 .\ARM_GCC_541\Debug\Proj07_hamflyAPI_stateMachineUpgrade.a(Looptimer.o)
                0x00005ae4                Looptimer_WritePeriod
 .text.Looptimer_WriteCounter
                0x00005b08       0x20 .\ARM_GCC_541\Debug\Proj07_hamflyAPI_stateMachineUpgrade.a(Looptimer.o)
                0x00005b08                Looptimer_WriteCounter
 .text.isr_Looptimer_StartEx
                0x00005b28       0x24 .\ARM_GCC_541\Debug\Proj07_hamflyAPI_stateMachineUpgrade.a(isr_Looptimer.o)
                0x00005b28                isr_Looptimer_StartEx
 .text.isr_Looptimer_SetVector
                0x00005b4c       0x24 .\ARM_GCC_541\Debug\Proj07_hamflyAPI_stateMachineUpgrade.a(isr_Looptimer.o)
                0x00005b4c                isr_Looptimer_SetVector
 .text.isr_Looptimer_SetPriority
                0x00005b70       0x24 .\ARM_GCC_541\Debug\Proj07_hamflyAPI_stateMachineUpgrade.a(isr_Looptimer.o)
                0x00005b70                isr_Looptimer_SetPriority
 .text.isr_Looptimer_Enable
                0x00005b94       0x18 .\ARM_GCC_541\Debug\Proj07_hamflyAPI_stateMachineUpgrade.a(isr_Looptimer.o)
                0x00005b94                isr_Looptimer_Enable
 .text.isr_Looptimer_Disable
                0x00005bac       0x18 .\ARM_GCC_541\Debug\Proj07_hamflyAPI_stateMachineUpgrade.a(isr_Looptimer.o)
                0x00005bac                isr_Looptimer_Disable
 .text.EEPROM_CONFIG_Enable
                0x00005bc4       0x10 .\ARM_GCC_541\Debug\Proj07_hamflyAPI_stateMachineUpgrade.a(EEPROM_CONFIG.o)
                0x00005bc4                EEPROM_CONFIG_Enable
 .text.EEPROM_CONFIG_Start
                0x00005bd4        0xc .\ARM_GCC_541\Debug\Proj07_hamflyAPI_stateMachineUpgrade.a(EEPROM_CONFIG.o)
                0x00005bd4                EEPROM_CONFIG_Start
 .text.ADC_DelSig_1_AMux_Start
                0x00005be0       0x34 .\ARM_GCC_541\Debug\Proj07_hamflyAPI_stateMachineUpgrade.a(ADC_DelSig_1_AMux.o)
                0x00005be0                ADC_DelSig_1_AMux_Start
 .text.ADC_DelSig_1_AMux_Select
                0x00005c14       0x28 .\ARM_GCC_541\Debug\Proj07_hamflyAPI_stateMachineUpgrade.a(ADC_DelSig_1_AMux.o)
                0x00005c14                ADC_DelSig_1_AMux_Select
 .text.ADC_DelSig_1_Ext_CP_Clk_SetDividerRegister
                0x00005c3c      0x164 .\ARM_GCC_541\Debug\Proj07_hamflyAPI_stateMachineUpgrade.a(ADC_DelSig_1_Ext_CP_Clk.o)
                0x00005c3c                ADC_DelSig_1_Ext_CP_Clk_SetDividerRegister
 .text.ADC_DelSig_1_Ext_CP_Clk_GetDividerRegister
                0x00005da0       0x18 .\ARM_GCC_541\Debug\Proj07_hamflyAPI_stateMachineUpgrade.a(ADC_DelSig_1_Ext_CP_Clk.o)
                0x00005da0                ADC_DelSig_1_Ext_CP_Clk_GetDividerRegister
 .text.ADC_DelSig_1_Ext_CP_Clk_SetModeRegister
                0x00005db8       0x34 .\ARM_GCC_541\Debug\Proj07_hamflyAPI_stateMachineUpgrade.a(ADC_DelSig_1_Ext_CP_Clk.o)
                0x00005db8                ADC_DelSig_1_Ext_CP_Clk_SetModeRegister
 .text.ADC_DelSig_1_Ext_CP_Clk_GetSourceRegister
                0x00005dec       0x1c .\ARM_GCC_541\Debug\Proj07_hamflyAPI_stateMachineUpgrade.a(ADC_DelSig_1_Ext_CP_Clk.o)
                0x00005dec                ADC_DelSig_1_Ext_CP_Clk_GetSourceRegister
 .text.ADC_DelSig_1_theACLK_SetDividerRegister
                0x00005e08      0x164 .\ARM_GCC_541\Debug\Proj07_hamflyAPI_stateMachineUpgrade.a(ADC_DelSig_1_theACLK.o)
                0x00005e08                ADC_DelSig_1_theACLK_SetDividerRegister
 .text.ADC_DelSig_1_theACLK_GetDividerRegister
                0x00005f6c       0x18 .\ARM_GCC_541\Debug\Proj07_hamflyAPI_stateMachineUpgrade.a(ADC_DelSig_1_theACLK.o)
                0x00005f6c                ADC_DelSig_1_theACLK_GetDividerRegister
 .text.ADC_DelSig_1_theACLK_SetModeRegister
                0x00005f84       0x34 .\ARM_GCC_541\Debug\Proj07_hamflyAPI_stateMachineUpgrade.a(ADC_DelSig_1_theACLK.o)
                0x00005f84                ADC_DelSig_1_theACLK_SetModeRegister
 .text.ADC_DelSig_1_theACLK_GetSourceRegister
                0x00005fb8       0x1c .\ARM_GCC_541\Debug\Proj07_hamflyAPI_stateMachineUpgrade.a(ADC_DelSig_1_theACLK.o)
                0x00005fb8                ADC_DelSig_1_theACLK_GetSourceRegister
 .text.CySetTempInt
                0x00005fd4       0x7c .\ARM_GCC_541\Debug\Proj07_hamflyAPI_stateMachineUpgrade.a(CyFlash.o)
 .text.CyFlashGetSpcAlgorithm
                0x00006050       0x70 .\ARM_GCC_541\Debug\Proj07_hamflyAPI_stateMachineUpgrade.a(CyFlash.o)
                0x00006050                CyFlashGetSpcAlgorithm
 .text.CySetTemp
                0x000060c0       0x24 .\ARM_GCC_541\Debug\Proj07_hamflyAPI_stateMachineUpgrade.a(CyFlash.o)
                0x000060c0                CySetTemp
 .text.CyEEPROM_Start
                0x000060e4       0x8c .\ARM_GCC_541\Debug\Proj07_hamflyAPI_stateMachineUpgrade.a(CyFlash.o)
                0x000060e4                CyEEPROM_Start
 .text.CyHalt   0x00006170       0x18 .\ARM_GCC_541\Debug\Proj07_hamflyAPI_stateMachineUpgrade.a(CyLib.o)
                0x00006170                CyHalt
 .text.CyDelayUs
                0x00006188       0x28 .\ARM_GCC_541\Debug\Proj07_hamflyAPI_stateMachineUpgrade.a(CyLib.o)
                0x00006188                CyDelayUs
 .text.CyIntSetVector
                0x000061b0       0x50 .\ARM_GCC_541\Debug\Proj07_hamflyAPI_stateMachineUpgrade.a(CyLib.o)
                0x000061b0                CyIntSetVector
 .text.CyIntSetPriority
                0x00006200       0x48 .\ARM_GCC_541\Debug\Proj07_hamflyAPI_stateMachineUpgrade.a(CyLib.o)
                0x00006200                CyIntSetPriority
 .text.CySpcStart
                0x00006248       0x48 .\ARM_GCC_541\Debug\Proj07_hamflyAPI_stateMachineUpgrade.a(CySpc.o)
                0x00006248                CySpcStart
 .text.CySpcReadData
                0x00006290       0x54 .\ARM_GCC_541\Debug\Proj07_hamflyAPI_stateMachineUpgrade.a(CySpc.o)
                0x00006290                CySpcReadData
 .text.CySpcGetTemp
                0x000062e4       0x64 .\ARM_GCC_541\Debug\Proj07_hamflyAPI_stateMachineUpgrade.a(CySpc.o)
                0x000062e4                CySpcGetTemp
 .text.CySpcLock
                0x00006348       0x68 .\ARM_GCC_541\Debug\Proj07_hamflyAPI_stateMachineUpgrade.a(CySpc.o)
                0x00006348                CySpcLock
 .text.CySpcUnlock
                0x000063b0       0x50 .\ARM_GCC_541\Debug\Proj07_hamflyAPI_stateMachineUpgrade.a(CySpc.o)
                0x000063b0                CySpcUnlock
 .text.CySpcGetAlgorithm
                0x00006400       0x44 .\ARM_GCC_541\Debug\Proj07_hamflyAPI_stateMachineUpgrade.a(CySpc.o)
                0x00006400                CySpcGetAlgorithm
 .text.UART_DEBUG_Start
                0x00006444       0x24 .\ARM_GCC_541\Debug\Proj07_hamflyAPI_stateMachineUpgrade.a(UART_DEBUG.o)
                0x00006444                UART_DEBUG_Start
 .text.UART_DEBUG_Init
                0x00006468       0x40 .\ARM_GCC_541\Debug\Proj07_hamflyAPI_stateMachineUpgrade.a(UART_DEBUG.o)
                0x00006468                UART_DEBUG_Init
 .text.UART_DEBUG_Enable
                0x000064a8       0x60 .\ARM_GCC_541\Debug\Proj07_hamflyAPI_stateMachineUpgrade.a(UART_DEBUG.o)
                0x000064a8                UART_DEBUG_Enable
 .text.UART_DEBUG_GetChar
                0x00006508       0x44 .\ARM_GCC_541\Debug\Proj07_hamflyAPI_stateMachineUpgrade.a(UART_DEBUG.o)
                0x00006508                UART_DEBUG_GetChar
 .text.UART_DEBUG_PutChar
                0x0000654c       0x34 .\ARM_GCC_541\Debug\Proj07_hamflyAPI_stateMachineUpgrade.a(UART_DEBUG.o)
                0x0000654c                UART_DEBUG_PutChar
 .text.UART_DEBUG_PutString
                0x00006580       0x44 .\ARM_GCC_541\Debug\Proj07_hamflyAPI_stateMachineUpgrade.a(UART_DEBUG.o)
                0x00006580                UART_DEBUG_PutString
 .text.UART_DEBUG_IntClock_Start
                0x000065c4       0x34 .\ARM_GCC_541\Debug\Proj07_hamflyAPI_stateMachineUpgrade.a(UART_DEBUG_IntClock.o)
                0x000065c4                UART_DEBUG_IntClock_Start
 .text          0x000065f8       0x54 .\ARM_GCC_541\Debug\Proj07_hamflyAPI_stateMachineUpgrade.a(CyBootAsmGnu.o)
                0x000065f8                CyDelayCycles
                0x00006636                CyEnterCriticalSection
                0x0000663e                CyExitCriticalSection
 .text.asinf    0x0000664c       0xa4 c:/program files (x86)/cypress/psoc creator/4.4/psoc creator/import/gnu/arm/5.4.1/bin/../lib/gcc/arm-none-eabi/5.4.1/../../../../arm-none-eabi/lib/armv7-m\libm.a(lib_a-wf_asin.o)
                0x0000664c                asinf
 .text.atan2f   0x000066f0        0x4 c:/program files (x86)/cypress/psoc creator/4.4/psoc creator/import/gnu/arm/5.4.1/bin/../lib/gcc/arm-none-eabi/5.4.1/../../../../arm-none-eabi/lib/armv7-m\libm.a(lib_a-wf_atan2.o)
                0x000066f0                atan2f
 .text.__ieee754_asinf
                0x000066f4      0x294 c:/program files (x86)/cypress/psoc creator/4.4/psoc creator/import/gnu/arm/5.4.1/bin/../lib/gcc/arm-none-eabi/5.4.1/../../../../arm-none-eabi/lib/armv7-m\libm.a(lib_a-ef_asin.o)
                0x000066f4                __ieee754_asinf
 .text.__ieee754_atan2f
                0x00006988      0x124 c:/program files (x86)/cypress/psoc creator/4.4/psoc creator/import/gnu/arm/5.4.1/bin/../lib/gcc/arm-none-eabi/5.4.1/../../../../arm-none-eabi/lib/armv7-m\libm.a(lib_a-ef_atan2.o)
                0x00006988                __ieee754_atan2f
 .text.__ieee754_sqrtf
                0x00006aac       0xa8 c:/program files (x86)/cypress/psoc creator/4.4/psoc creator/import/gnu/arm/5.4.1/bin/../lib/gcc/arm-none-eabi/5.4.1/../../../../arm-none-eabi/lib/armv7-m\libm.a(lib_a-ef_sqrt.o)
                0x00006aac                __ieee754_sqrtf
 .text.matherr  0x00006b54        0x4 c:/program files (x86)/cypress/psoc creator/4.4/psoc creator/import/gnu/arm/5.4.1/bin/../lib/gcc/arm-none-eabi/5.4.1/../../../../arm-none-eabi/lib/armv7-m\libm.a(lib_a-s_matherr.o)
                0x00006b54                matherr
 .text.nan      0x00006b58        0xc c:/program files (x86)/cypress/psoc creator/4.4/psoc creator/import/gnu/arm/5.4.1/bin/../lib/gcc/arm-none-eabi/5.4.1/../../../../arm-none-eabi/lib/armv7-m\libm.a(lib_a-s_nan.o)
                0x00006b58                nan
 .text.atanf    0x00006b64      0x22c c:/program files (x86)/cypress/psoc creator/4.4/psoc creator/import/gnu/arm/5.4.1/bin/../lib/gcc/arm-none-eabi/5.4.1/../../../../arm-none-eabi/lib/armv7-m\libm.a(lib_a-sf_atan.o)
                0x00006b64                atanf
 .text.fabsf    0x00006d90        0x8 c:/program files (x86)/cypress/psoc creator/4.4/psoc creator/import/gnu/arm/5.4.1/bin/../lib/gcc/arm-none-eabi/5.4.1/../../../../arm-none-eabi/lib/armv7-m\libm.a(lib_a-sf_fabs.o)
                0x00006d90                fabsf
 .text          0x00006d98      0x370 c:/program files (x86)/cypress/psoc creator/4.4/psoc creator/import/gnu/arm/5.4.1/bin/../lib/gcc/arm-none-eabi/5.4.1/armv7-m\libgcc.a(_arm_addsubdf3.o)
                0x00006d98                __aeabi_drsub
                0x00006da0                __aeabi_dsub
                0x00006da0                __subdf3
                0x00006da4                __aeabi_dadd
                0x00006da4                __adddf3
                0x0000701c                __floatunsidf
                0x0000701c                __aeabi_ui2d
                0x0000703c                __floatsidf
                0x0000703c                __aeabi_i2d
                0x00007060                __aeabi_f2d
                0x00007060                __extendsfdf2
                0x0000709c                __floatundidf
                0x0000709c                __aeabi_ul2d
                0x000070ac                __floatdidf
                0x000070ac                __aeabi_l2d
 .text          0x00007108      0x424 c:/program files (x86)/cypress/psoc creator/4.4/psoc creator/import/gnu/arm/5.4.1/bin/../lib/gcc/arm-none-eabi/5.4.1/armv7-m\libgcc.a(_arm_muldivdf3.o)
                0x00007108                __aeabi_dmul
                0x00007108                __muldf3
                0x0000735c                __divdf3
                0x0000735c                __aeabi_ddiv
 .text          0x0000752c      0x110 c:/program files (x86)/cypress/psoc creator/4.4/psoc creator/import/gnu/arm/5.4.1/bin/../lib/gcc/arm-none-eabi/5.4.1/armv7-m\libgcc.a(_arm_cmpdf2.o)
                0x0000752c                __gtdf2
                0x0000752c                __gedf2
                0x00007534                __ltdf2
                0x00007534                __ledf2
                0x0000753c                __nedf2
                0x0000753c                __eqdf2
                0x0000753c                __cmpdf2
                0x000075b8                __aeabi_cdrcmple
                0x000075c8                __aeabi_cdcmpeq
                0x000075c8                __aeabi_cdcmple
                0x000075d8                __aeabi_dcmpeq
                0x000075ec                __aeabi_dcmplt
                0x00007600                __aeabi_dcmple
                0x00007614                __aeabi_dcmpge
                0x00007628                __aeabi_dcmpgt
 .text          0x0000763c       0x2c c:/program files (x86)/cypress/psoc creator/4.4/psoc creator/import/gnu/arm/5.4.1/bin/../lib/gcc/arm-none-eabi/5.4.1/armv7-m\libgcc.a(_arm_unorddf2.o)
                0x0000763c                __unorddf2
                0x0000763c                __aeabi_dcmpun
 .text          0x00007668       0x50 c:/program files (x86)/cypress/psoc creator/4.4/psoc creator/import/gnu/arm/5.4.1/bin/../lib/gcc/arm-none-eabi/5.4.1/armv7-m\libgcc.a(_arm_fixdfsi.o)
                0x00007668                __aeabi_d2iz
                0x00007668                __fixdfsi
 .text          0x000076b8       0xa0 c:/program files (x86)/cypress/psoc creator/4.4/psoc creator/import/gnu/arm/5.4.1/bin/../lib/gcc/arm-none-eabi/5.4.1/armv7-m\libgcc.a(_arm_truncdfsf2.o)
                0x000076b8                __truncdfsf2
                0x000076b8                __aeabi_d2f
 .text          0x00007758      0x21c c:/program files (x86)/cypress/psoc creator/4.4/psoc creator/import/gnu/arm/5.4.1/bin/../lib/gcc/arm-none-eabi/5.4.1/armv7-m\libgcc.a(_arm_addsubsf3.o)
                0x00007758                __aeabi_frsub
                0x00007760                __subsf3
                0x00007760                __aeabi_fsub
                0x00007764                __aeabi_fadd
                0x00007764                __addsf3
                0x000078c4                __aeabi_ui2f
                0x000078c4                __floatunsisf
                0x000078cc                __aeabi_i2f
                0x000078cc                __floatsisf
                0x000078e8                __aeabi_ul2f
                0x000078e8                __floatundisf
                0x000078f8                __aeabi_l2f
                0x000078f8                __floatdisf
 .text          0x00007974      0x2a0 c:/program files (x86)/cypress/psoc creator/4.4/psoc creator/import/gnu/arm/5.4.1/bin/../lib/gcc/arm-none-eabi/5.4.1/armv7-m\libgcc.a(_arm_muldivsf3.o)
                0x00007974                __mulsf3
                0x00007974                __aeabi_fmul
                0x00007adc                __aeabi_fdiv
                0x00007adc                __divsf3
 .text          0x00007c14       0xec c:/program files (x86)/cypress/psoc creator/4.4/psoc creator/import/gnu/arm/5.4.1/bin/../lib/gcc/arm-none-eabi/5.4.1/armv7-m\libgcc.a(_arm_cmpsf2.o)
                0x00007c14                __gesf2
                0x00007c14                __gtsf2
                0x00007c1c                __lesf2
                0x00007c1c                __ltsf2
                0x00007c24                __nesf2
                0x00007c24                __eqsf2
                0x00007c24                __cmpsf2
                0x00007c84                __aeabi_cfrcmple
                0x00007c8c                __aeabi_cfcmpeq
                0x00007c8c                __aeabi_cfcmple
                0x00007c9c                __aeabi_fcmpeq
                0x00007cb0                __aeabi_fcmplt
                0x00007cc4                __aeabi_fcmple
                0x00007cd8                __aeabi_fcmpge
                0x00007cec                __aeabi_fcmpgt
 .text          0x00007d00       0x2c c:/program files (x86)/cypress/psoc creator/4.4/psoc creator/import/gnu/arm/5.4.1/bin/../lib/gcc/arm-none-eabi/5.4.1/armv7-m\libgcc.a(_arm_unordsf2.o)
                0x00007d00                __unordsf2
                0x00007d00                __aeabi_fcmpun
 .text          0x00007d2c       0x4c c:/program files (x86)/cypress/psoc creator/4.4/psoc creator/import/gnu/arm/5.4.1/bin/../lib/gcc/arm-none-eabi/5.4.1/armv7-m\libgcc.a(_arm_fixsfsi.o)
                0x00007d2c                __aeabi_f2iz
                0x00007d2c                __fixsfsi
 .text          0x00007d78       0x40 c:/program files (x86)/cypress/psoc creator/4.4/psoc creator/import/gnu/arm/5.4.1/bin/../lib/gcc/arm-none-eabi/5.4.1/armv7-m\libgcc.a(_arm_fixunssfsi.o)
                0x00007d78                __fixunssfsi
                0x00007d78                __aeabi_f2uiz
 .text.__errno  0x00007db8        0xc c:/program files (x86)/cypress/psoc creator/4.4/psoc creator/import/gnu/arm/5.4.1/bin/../lib/gcc/arm-none-eabi/5.4.1/../../../../arm-none-eabi/lib/armv7-m\libg_nano.a(lib_a-errno.o)
                0x00007db8                __errno
 .text.__libc_init_array
                0x00007dc4       0x4c c:/program files (x86)/cypress/psoc creator/4.4/psoc creator/import/gnu/arm/5.4.1/bin/../lib/gcc/arm-none-eabi/5.4.1/../../../../arm-none-eabi/lib/armv7-m\libg_nano.a(lib_a-init.o)
                0x00007dc4                __libc_init_array
 .text.memcpy   0x00007e10       0x16 c:/program files (x86)/cypress/psoc creator/4.4/psoc creator/import/gnu/arm/5.4.1/bin/../lib/gcc/arm-none-eabi/5.4.1/../../../../arm-none-eabi/lib/armv7-m\libg_nano.a(lib_a-memcpy-stub.o)
                0x00007e10                memcpy
 .text.memset   0x00007e26       0x10 c:/program files (x86)/cypress/psoc creator/4.4/psoc creator/import/gnu/arm/5.4.1/bin/../lib/gcc/arm-none-eabi/5.4.1/../../../../arm-none-eabi/lib/armv7-m\libg_nano.a(lib_a-memset.o)
                0x00007e26                memset
 .text.__cvt    0x00007e36       0xc0 c:/program files (x86)/cypress/psoc creator/4.4/psoc creator/import/gnu/arm/5.4.1/bin/../lib/gcc/arm-none-eabi/5.4.1/../../../../arm-none-eabi/lib/armv7-m\libg_nano.a(lib_a-nano-vfprintf_float.o)
                0x00007e36                __cvt
 .text.__exponent
                0x00007ef6       0x62 c:/program files (x86)/cypress/psoc creator/4.4/psoc creator/import/gnu/arm/5.4.1/bin/../lib/gcc/arm-none-eabi/5.4.1/../../../../arm-none-eabi/lib/armv7-m\libg_nano.a(lib_a-nano-vfprintf_float.o)
                0x00007ef6                __exponent
 .text._printf_float
                0x00007f58      0x488 c:/program files (x86)/cypress/psoc creator/4.4/psoc creator/import/gnu/arm/5.4.1/bin/../lib/gcc/arm-none-eabi/5.4.1/../../../../arm-none-eabi/lib/armv7-m\libg_nano.a(lib_a-nano-vfprintf_float.o)
                0x00007f58                _printf_float
 .text._printf_common
                0x000083e0       0xec c:/program files (x86)/cypress/psoc creator/4.4/psoc creator/import/gnu/arm/5.4.1/bin/../lib/gcc/arm-none-eabi/5.4.1/../../../../arm-none-eabi/lib/armv7-m\libg_nano.a(lib_a-nano-vfprintf_i.o)
                0x000083e0                _printf_common
 .text._printf_i
                0x000084cc      0x24c c:/program files (x86)/cypress/psoc creator/4.4/psoc creator/import/gnu/arm/5.4.1/bin/../lib/gcc/arm-none-eabi/5.4.1/../../../../arm-none-eabi/lib/armv7-m\libg_nano.a(lib_a-nano-vfprintf_i.o)
                0x000084cc                _printf_i
 .text.snprintf
                0x00008718       0x64 c:/program files (x86)/cypress/psoc creator/4.4/psoc creator/import/gnu/arm/5.4.1/bin/../lib/gcc/arm-none-eabi/5.4.1/../../../../arm-none-eabi/lib/armv7-m\libg_nano.a(lib_a-snprintf.o)
                0x00008718                sniprintf
                0x00008718                snprintf
 .text          0x0000877c       0x10 c:/program files (x86)/cypress/psoc creator/4.4/psoc creator/import/gnu/arm/5.4.1/bin/../lib/gcc/arm-none-eabi/5.4.1/../../../../arm-none-eabi/lib/armv7-m\libg_nano.a(lib_a-strlen.o)
                0x0000877c                strlen
 .text.quorem   0x0000878c      0x116 c:/program files (x86)/cypress/psoc creator/4.4/psoc creator/import/gnu/arm/5.4.1/bin/../lib/gcc/arm-none-eabi/5.4.1/../../../../arm-none-eabi/lib/armv7-m\libg_nano.a(lib_a-dtoa.o)
 *fill*         0x000088a2        0x6 
 .text._dtoa_r  0x000088a8      0xb30 c:/program files (x86)/cypress/psoc creator/4.4/psoc creator/import/gnu/arm/5.4.1/bin/../lib/gcc/arm-none-eabi/5.4.1/../../../../arm-none-eabi/lib/armv7-m\libg_nano.a(lib_a-dtoa.o)
                0x000088a8                _dtoa_r
 .text._localeconv_r
                0x000093d8        0x8 c:/program files (x86)/cypress/psoc creator/4.4/psoc creator/import/gnu/arm/5.4.1/bin/../lib/gcc/arm-none-eabi/5.4.1/../../../../arm-none-eabi/lib/armv7-m\libg_nano.a(lib_a-locale.o)
                0x000093d8                _localeconv_r
 .text.malloc   0x000093e0       0x10 c:/program files (x86)/cypress/psoc creator/4.4/psoc creator/import/gnu/arm/5.4.1/bin/../lib/gcc/arm-none-eabi/5.4.1/../../../../arm-none-eabi/lib/armv7-m\libg_nano.a(lib_a-malloc.o)
                0x000093e0                malloc
 .text.memchr   0x000093f0       0x1c c:/program files (x86)/cypress/psoc creator/4.4/psoc creator/import/gnu/arm/5.4.1/bin/../lib/gcc/arm-none-eabi/5.4.1/../../../../arm-none-eabi/lib/armv7-m\libg_nano.a(lib_a-memchr-stub.o)
                0x000093f0                memchr
 .text._Balloc  0x0000940c       0x6a c:/program files (x86)/cypress/psoc creator/4.4/psoc creator/import/gnu/arm/5.4.1/bin/../lib/gcc/arm-none-eabi/5.4.1/../../../../arm-none-eabi/lib/armv7-m\libg_nano.a(lib_a-mprec.o)
                0x0000940c                _Balloc
 .text._Bfree   0x00009476       0x2e c:/program files (x86)/cypress/psoc creator/4.4/psoc creator/import/gnu/arm/5.4.1/bin/../lib/gcc/arm-none-eabi/5.4.1/../../../../arm-none-eabi/lib/armv7-m\libg_nano.a(lib_a-mprec.o)
                0x00009476                _Bfree
 .text.__multadd
                0x000094a4       0x76 c:/program files (x86)/cypress/psoc creator/4.4/psoc creator/import/gnu/arm/5.4.1/bin/../lib/gcc/arm-none-eabi/5.4.1/../../../../arm-none-eabi/lib/armv7-m\libg_nano.a(lib_a-mprec.o)
                0x000094a4                __multadd
 .text.__hi0bits
                0x0000951a       0x40 c:/program files (x86)/cypress/psoc creator/4.4/psoc creator/import/gnu/arm/5.4.1/bin/../lib/gcc/arm-none-eabi/5.4.1/../../../../arm-none-eabi/lib/armv7-m\libg_nano.a(lib_a-mprec.o)
                0x0000951a                __hi0bits
 .text.__lo0bits
                0x0000955a       0x5a c:/program files (x86)/cypress/psoc creator/4.4/psoc creator/import/gnu/arm/5.4.1/bin/../lib/gcc/arm-none-eabi/5.4.1/../../../../arm-none-eabi/lib/armv7-m\libg_nano.a(lib_a-mprec.o)
                0x0000955a                __lo0bits
 .text.__i2b    0x000095b4       0x12 c:/program files (x86)/cypress/psoc creator/4.4/psoc creator/import/gnu/arm/5.4.1/bin/../lib/gcc/arm-none-eabi/5.4.1/../../../../arm-none-eabi/lib/armv7-m\libg_nano.a(lib_a-mprec.o)
                0x000095b4                __i2b
 .text.__multiply
                0x000095c6      0x120 c:/program files (x86)/cypress/psoc creator/4.4/psoc creator/import/gnu/arm/5.4.1/bin/../lib/gcc/arm-none-eabi/5.4.1/../../../../arm-none-eabi/lib/armv7-m\libg_nano.a(lib_a-mprec.o)
                0x000095c6                __multiply
 *fill*         0x000096e6        0x2 
 .text.__pow5mult
                0x000096e8       0x9c c:/program files (x86)/cypress/psoc creator/4.4/psoc creator/import/gnu/arm/5.4.1/bin/../lib/gcc/arm-none-eabi/5.4.1/../../../../arm-none-eabi/lib/armv7-m\libg_nano.a(lib_a-mprec.o)
                0x000096e8                __pow5mult
 .text.__lshift
                0x00009784       0xa2 c:/program files (x86)/cypress/psoc creator/4.4/psoc creator/import/gnu/arm/5.4.1/bin/../lib/gcc/arm-none-eabi/5.4.1/../../../../arm-none-eabi/lib/armv7-m\libg_nano.a(lib_a-mprec.o)
                0x00009784                __lshift
 .text.__mcmp   0x00009826       0x38 c:/program files (x86)/cypress/psoc creator/4.4/psoc creator/import/gnu/arm/5.4.1/bin/../lib/gcc/arm-none-eabi/5.4.1/../../../../arm-none-eabi/lib/armv7-m\libg_nano.a(lib_a-mprec.o)
                0x00009826                __mcmp
 .text.__mdiff  0x0000985e       0xbe c:/program files (x86)/cypress/psoc creator/4.4/psoc creator/import/gnu/arm/5.4.1/bin/../lib/gcc/arm-none-eabi/5.4.1/../../../../arm-none-eabi/lib/armv7-m\libg_nano.a(lib_a-mprec.o)
                0x0000985e                __mdiff
 .text.__d2b    0x0000991c       0x9c c:/program files (x86)/cypress/psoc creator/4.4/psoc creator/import/gnu/arm/5.4.1/bin/../lib/gcc/arm-none-eabi/5.4.1/../../../../arm-none-eabi/lib/armv7-m\libg_nano.a(lib_a-mprec.o)
                0x0000991c                __d2b
 .text._calloc_r
                0x000099b8       0x1c c:/program files (x86)/cypress/psoc creator/4.4/psoc creator/import/gnu/arm/5.4.1/bin/../lib/gcc/arm-none-eabi/5.4.1/../../../../arm-none-eabi/lib/armv7-m\libg_nano.a(lib_a-nano-callocr.o)
                0x000099b8                _calloc_r
 .text._free_r  0x000099d4       0x98 c:/program files (x86)/cypress/psoc creator/4.4/psoc creator/import/gnu/arm/5.4.1/bin/../lib/gcc/arm-none-eabi/5.4.1/../../../../arm-none-eabi/lib/armv7-m\libg_nano.a(lib_a-nano-freer.o)
                0x000099d4                _free_r
 .text._malloc_r
                0x00009a6c       0xbc c:/program files (x86)/cypress/psoc creator/4.4/psoc creator/import/gnu/arm/5.4.1/bin/../lib/gcc/arm-none-eabi/5.4.1/../../../../arm-none-eabi/lib/armv7-m\libg_nano.a(lib_a-nano-mallocr.o)
                0x00009a6c                _malloc_r
 .text.__ssputs_r
                0x00009b28       0xb2 c:/program files (x86)/cypress/psoc creator/4.4/psoc creator/import/gnu/arm/5.4.1/bin/../lib/gcc/arm-none-eabi/5.4.1/../../../../arm-none-eabi/lib/armv7-m\libg_nano.a(lib_a-nano-svfprintf.o)
                0x00009b28                __ssputs_r
 *fill*         0x00009bda        0x2 
 .text._svfprintf_r
                0x00009bdc      0x1e8 c:/program files (x86)/cypress/psoc creator/4.4/psoc creator/import/gnu/arm/5.4.1/bin/../lib/gcc/arm-none-eabi/5.4.1/../../../../arm-none-eabi/lib/armv7-m\libg_nano.a(lib_a-nano-svfprintf.o)
                0x00009bdc                _svfiprintf_r
                0x00009bdc                _svfprintf_r
 .text._sbrk_r  0x00009dc4       0x20 c:/program files (x86)/cypress/psoc creator/4.4/psoc creator/import/gnu/arm/5.4.1/bin/../lib/gcc/arm-none-eabi/5.4.1/../../../../arm-none-eabi/lib/armv7-m\libg_nano.a(lib_a-sbrkr.o)
                0x00009dc4                _sbrk_r
 .text.memmove  0x00009de4       0x36 c:/program files (x86)/cypress/psoc creator/4.4/psoc creator/import/gnu/arm/5.4.1/bin/../lib/gcc/arm-none-eabi/5.4.1/../../../../arm-none-eabi/lib/armv7-m\libg_nano.a(lib_a-memmove.o)
                0x00009de4                memmove
 .text.__malloc_lock
                0x00009e1a        0x2 c:/program files (x86)/cypress/psoc creator/4.4/psoc creator/import/gnu/arm/5.4.1/bin/../lib/gcc/arm-none-eabi/5.4.1/../../../../arm-none-eabi/lib/armv7-m\libg_nano.a(lib_a-mlock.o)
                0x00009e1a                __malloc_lock
 .text.__malloc_unlock
                0x00009e1c        0x2 c:/program files (x86)/cypress/psoc creator/4.4/psoc creator/import/gnu/arm/5.4.1/bin/../lib/gcc/arm-none-eabi/5.4.1/../../../../arm-none-eabi/lib/armv7-m\libg_nano.a(lib_a-mlock.o)
                0x00009e1c                __malloc_unlock
 .text._realloc_r
                0x00009e1e       0x4c c:/program files (x86)/cypress/psoc creator/4.4/psoc creator/import/gnu/arm/5.4.1/bin/../lib/gcc/arm-none-eabi/5.4.1/../../../../arm-none-eabi/lib/armv7-m\libg_nano.a(lib_a-nano-reallocr.o)
                0x00009e1e                _realloc_r
 .text._malloc_usable_size_r
                0x00009e6a       0x14 c:/program files (x86)/cypress/psoc creator/4.4/psoc creator/import/gnu/arm/5.4.1/bin/../lib/gcc/arm-none-eabi/5.4.1/../../../../arm-none-eabi/lib/armv7-m\libg_nano.a(lib_a-nano-msizer.o)
                0x00009e6a                _malloc_usable_size_r
 *(.plt)
 *(.gnu.warning)
 *(.glue_7t)
 .glue_7t       0x00009e7e        0x0 linker stubs
 *(.glue_7)
 .glue_7        0x00009e7e        0x0 linker stubs
 *(.vfp11_veneer)
 .vfp11_veneer  0x00009e7e        0x0 linker stubs
 *(.bootloader)
 *(.ARM.extab* .gnu.linkonce.armextab.*)
 *(.gcc_except_table)

.v4_bx          0x00009e80        0x0
 .v4_bx         0x00009e80        0x0 linker stubs

.iplt           0x00009e80        0x0
 .iplt          0x00009e80        0x0 c:/program files (x86)/cypress/psoc creator/4.4/psoc creator/import/gnu/arm/5.4.1/bin/../lib/gcc/arm-none-eabi/5.4.1/armv7-m/crtbegin.o

.eh_frame_hdr
 *(.eh_frame_hdr)

.eh_frame       0x00009e80        0x4
 *(.eh_frame)
 .eh_frame      0x00009e80        0x0 c:/program files (x86)/cypress/psoc creator/4.4/psoc creator/import/gnu/arm/5.4.1/bin/../lib/gcc/arm-none-eabi/5.4.1/armv7-m/crtbegin.o
 .eh_frame      0x00009e80        0x4 c:/program files (x86)/cypress/psoc creator/4.4/psoc creator/import/gnu/arm/5.4.1/bin/../lib/gcc/arm-none-eabi/5.4.1/armv7-m/crtend.o
                [!provide]                PROVIDE (__exidx_start, .)

.ARM.exidx
 *(.ARM.exidx* .gnu.linkonce.armexidx.*)
                0x00009e84                __exidx_end = .

.rodata         0x00009e88      0x8d0
 *(.rodata .rodata.* .gnu.linkonce.r.*)
 .rodata        0x00009e88      0x21e .\ARM_GCC_541\Debug\main.o
 *fill*         0x0000a0a6        0x2 
 .rodata        0x0000a0a8      0x486 .\ARM_GCC_541\Debug\app_statemachine.o
 *fill*         0x0000a52e        0x2 
 .rodata        0x0000a530       0x64 .\ARM_GCC_541\Debug\cyfitter_cfg.o
                0x0000a530                AMux_1__addrTable
                0x0000a540                AMux_1__maskTable
                0x0000a544                ADC_DelSig_1_AMux__addrTable
                0x0000a54c                ADC_DelSig_1_AMux__maskTable
 .rodata.str1.4
                0x0000a594        0xc c:/program files (x86)/cypress/psoc creator/4.4/psoc creator/import/gnu/arm/5.4.1/bin/../lib/gcc/arm-none-eabi/5.4.1/../../../../arm-none-eabi/lib/armv7-m\libm.a(lib_a-wf_asin.o)
                                  0x9 (size before relaxing)
 .rodata.atanlo
                0x0000a5a0       0x10 c:/program files (x86)/cypress/psoc creator/4.4/psoc creator/import/gnu/arm/5.4.1/bin/../lib/gcc/arm-none-eabi/5.4.1/../../../../arm-none-eabi/lib/armv7-m\libm.a(lib_a-sf_atan.o)
 .rodata.atanhi
                0x0000a5b0       0x10 c:/program files (x86)/cypress/psoc creator/4.4/psoc creator/import/gnu/arm/5.4.1/bin/../lib/gcc/arm-none-eabi/5.4.1/../../../../arm-none-eabi/lib/armv7-m\libm.a(lib_a-sf_atan.o)
 .rodata.str1.1
                0x0000a5c0        0x2 c:/program files (x86)/cypress/psoc creator/4.4/psoc creator/import/gnu/arm/5.4.1/bin/../lib/gcc/arm-none-eabi/5.4.1/../../../../arm-none-eabi/lib/armv7-m\libg_nano.a(lib_a-impure.o)
 .rodata.str1.1
                0x0000a5c2       0x12 c:/program files (x86)/cypress/psoc creator/4.4/psoc creator/import/gnu/arm/5.4.1/bin/../lib/gcc/arm-none-eabi/5.4.1/../../../../arm-none-eabi/lib/armv7-m\libg_nano.a(lib_a-nano-vfprintf_float.o)
 .rodata.str1.1
                0x0000a5d4       0x22 c:/program files (x86)/cypress/psoc creator/4.4/psoc creator/import/gnu/arm/5.4.1/bin/../lib/gcc/arm-none-eabi/5.4.1/../../../../arm-none-eabi/lib/armv7-m\libg_nano.a(lib_a-nano-vfprintf_i.o)
 .rodata.str1.1
                0x0000a5f6        0xd c:/program files (x86)/cypress/psoc creator/4.4/psoc creator/import/gnu/arm/5.4.1/bin/../lib/gcc/arm-none-eabi/5.4.1/../../../../arm-none-eabi/lib/armv7-m\libg_nano.a(lib_a-dtoa.o)
                                  0xf (size before relaxing)
 .rodata.str1.1
                0x0000a603        0x8 c:/program files (x86)/cypress/psoc creator/4.4/psoc creator/import/gnu/arm/5.4.1/bin/../lib/gcc/arm-none-eabi/5.4.1/../../../../arm-none-eabi/lib/armv7-m\libg_nano.a(lib_a-locale.o)
                                  0xb (size before relaxing)
 *fill*         0x0000a60b        0x5 
 .rodata.__mprec_tens
                0x0000a610       0xc8 c:/program files (x86)/cypress/psoc creator/4.4/psoc creator/import/gnu/arm/5.4.1/bin/../lib/gcc/arm-none-eabi/5.4.1/../../../../arm-none-eabi/lib/armv7-m\libg_nano.a(lib_a-mprec.o)
                0x0000a610                __mprec_tens
 .rodata.p05.5408
                0x0000a6d8        0xc c:/program files (x86)/cypress/psoc creator/4.4/psoc creator/import/gnu/arm/5.4.1/bin/../lib/gcc/arm-none-eabi/5.4.1/../../../../arm-none-eabi/lib/armv7-m\libg_nano.a(lib_a-mprec.o)
 *fill*         0x0000a6e4        0x4 
 .rodata.__mprec_bigtens
                0x0000a6e8       0x28 c:/program files (x86)/cypress/psoc creator/4.4/psoc creator/import/gnu/arm/5.4.1/bin/../lib/gcc/arm-none-eabi/5.4.1/../../../../arm-none-eabi/lib/armv7-m\libg_nano.a(lib_a-mprec.o)
                0x0000a6e8                __mprec_bigtens
 .rodata.str1.1
                0x0000a710       0x11 c:/program files (x86)/cypress/psoc creator/4.4/psoc creator/import/gnu/arm/5.4.1/bin/../lib/gcc/arm-none-eabi/5.4.1/../../../../arm-none-eabi/lib/armv7-m\libg_nano.a(lib_a-nano-svfprintf.o)
                0x0000a724                . = ALIGN (0x4)
 *fill*         0x0000a721        0x3 
 *(.init)
 .init          0x0000a724        0x4 c:/program files (x86)/cypress/psoc creator/4.4/psoc creator/import/gnu/arm/5.4.1/bin/../lib/gcc/arm-none-eabi/5.4.1/armv7-m/crti.o
                0x0000a724                _init
 .init          0x0000a728        0x8 c:/program files (x86)/cypress/psoc creator/4.4/psoc creator/import/gnu/arm/5.4.1/bin/../lib/gcc/arm-none-eabi/5.4.1/armv7-m/crtn.o
                0x0000a730                . = ALIGN (0x4)
                0x0000a730                __preinit_array_start = .
 *(.preinit_array)
                0x0000a730                __preinit_array_end = .
                0x0000a730                . = ALIGN (0x4)
                0x0000a730                __init_array_start = .
 *(SORT(.init_array.*))
 *(.init_array)
 .init_array    0x0000a730        0x4 c:/program files (x86)/cypress/psoc creator/4.4/psoc creator/import/gnu/arm/5.4.1/bin/../lib/gcc/arm-none-eabi/5.4.1/armv7-m/crtbegin.o
 .init_array    0x0000a734        0x4 .\ARM_GCC_541\Debug\Cm3Start.o
                0x0000a738                __init_array_end = .
                0x0000a738                . = ALIGN (0x4)
 *(.fini)
 .fini          0x0000a738        0x4 c:/program files (x86)/cypress/psoc creator/4.4/psoc creator/import/gnu/arm/5.4.1/bin/../lib/gcc/arm-none-eabi/5.4.1/armv7-m/crti.o
                0x0000a738                _fini
 .fini          0x0000a73c        0x8 c:/program files (x86)/cypress/psoc creator/4.4/psoc creator/import/gnu/arm/5.4.1/bin/../lib/gcc/arm-none-eabi/5.4.1/armv7-m/crtn.o
                0x0000a744                . = ALIGN (0x4)
                0x0000a744                __fini_array_start = .
 *(.fini_array)
 .fini_array    0x0000a744        0x4 c:/program files (x86)/cypress/psoc creator/4.4/psoc creator/import/gnu/arm/5.4.1/bin/../lib/gcc/arm-none-eabi/5.4.1/armv7-m/crtbegin.o
 *(SORT(.fini_array.*))
                0x0000a748                __fini_array_end = .
                0x0000a748                . = ALIGN (0x4)
 *crtbegin.o(.ctors)
 *(EXCLUDE_FILE(*crtend.o) .ctors)
 *(SORT(.ctors.*))
 *crtend.o(.ctors)
                0x0000a748                . = ALIGN (0x4)
 *crtbegin.o(.dtors)
 *(EXCLUDE_FILE(*crtend.o) .dtors)
 *(SORT(.dtors.*))
 *crtend.o(.dtors)
                0x0000a748                . = ALIGN (0x4)
                0x0000a748                __cy_regions = .
                0x0000a748        0x4 LONG 0xa758 __cy_region_init_ram
                0x0000a74c        0x4 LONG 0x1fff80c8 __cy_region_start_data
                0x0000a750        0x4 LONG 0x138 __cy_region_init_size_ram
                0x0000a754        0x4 LONG 0x4d0 __cy_region_zero_size_ram
                0x0000a758                __cy_regions_end = .
                0x0000a758                . = ALIGN (0x8)
                0x0000a758                _etext = .

.cy_checksum_exclude
                0x0000a758        0x0
 *(.cy_checksum_exclude)

.ramvectors     0x1fff8000       0xc0
                0x1fff8000                __cy_region_start_ram = .
 *(.ramvectors)
 .ramvectors    0x1fff8000       0xc0 .\ARM_GCC_541\Debug\Cm3Start.o
                0x1fff8000                CyRamVectors

.noinit         0x1fff80c0        0x5
 *(.noinit)
 .noinit        0x1fff80c0        0x4 .\ARM_GCC_541\Debug\Cm3Start.o
 .noinit        0x1fff80c4        0x1 .\ARM_GCC_541\Debug\Proj07_hamflyAPI_stateMachineUpgrade.a(CyLib.o)
                0x1fff80c4                CyResetStatus

.data           0x1fff80c8      0x138 load address 0x0000a758
                0x1fff80c8                __cy_region_start_data = .
 *(.jcr)
 .jcr           0x1fff80c8        0x0 c:/program files (x86)/cypress/psoc creator/4.4/psoc creator/import/gnu/arm/5.4.1/bin/../lib/gcc/arm-none-eabi/5.4.1/armv7-m/crtbegin.o
 .jcr           0x1fff80c8        0x4 c:/program files (x86)/cypress/psoc creator/4.4/psoc creator/import/gnu/arm/5.4.1/bin/../lib/gcc/arm-none-eabi/5.4.1/armv7-m/crtend.o
 *(.got.plt)
 *(.got)
 *(.shdata)
 *(.data .data.* .gnu.linkonce.d.*)
 .data          0x1fff80cc        0x4 .\ARM_GCC_541\Debug\joystick.o
 .data          0x1fff80d0       0x74 .\ARM_GCC_541\Debug\hamfly_qx_app.o
                0x1fff80d0                FreeflyAPI
 .data          0x1fff8144        0x4 .\ARM_GCC_541\Debug\Cm3Start.o
 .data          0x1fff8148        0x1 .\ARM_GCC_541\Debug\Proj07_hamflyAPI_stateMachineUpgrade.a(ADC_DelSig_1.o)
                0x1fff8148                ADC_DelSig_1_Config
 .data          0x1fff8149        0x1 .\ARM_GCC_541\Debug\Proj07_hamflyAPI_stateMachineUpgrade.a(AMux_1.o)
 .data          0x1fff814a        0x1 .\ARM_GCC_541\Debug\Proj07_hamflyAPI_stateMachineUpgrade.a(ADC_DelSig_1_AMux.o)
 *fill*         0x1fff814b        0x1 
 .data          0x1fff814c       0x10 .\ARM_GCC_541\Debug\Proj07_hamflyAPI_stateMachineUpgrade.a(CyLib.o)
                0x1fff814c                cydelay_freq_hz
                0x1fff8150                cydelay_freq_khz
                0x1fff8154                cydelay_freq_mhz
                0x1fff8158                cydelay_32k_ms
 .data.__fdlib_version
                0x1fff815c        0x1 c:/program files (x86)/cypress/psoc creator/4.4/psoc creator/import/gnu/arm/5.4.1/bin/../lib/gcc/arm-none-eabi/5.4.1/../../../../arm-none-eabi/lib/armv7-m\libm.a(lib_a-s_lib_ver.o)
                0x1fff815c                __fdlib_version
 *fill*         0x1fff815d        0x3 
 .data.impure_data
                0x1fff8160       0x60 c:/program files (x86)/cypress/psoc creator/4.4/psoc creator/import/gnu/arm/5.4.1/bin/../lib/gcc/arm-none-eabi/5.4.1/../../../../arm-none-eabi/lib/armv7-m\libg_nano.a(lib_a-impure.o)
 .data._impure_ptr
                0x1fff81c0        0x4 c:/program files (x86)/cypress/psoc creator/4.4/psoc creator/import/gnu/arm/5.4.1/bin/../lib/gcc/arm-none-eabi/5.4.1/../../../../arm-none-eabi/lib/armv7-m\libg_nano.a(lib_a-impure.o)
                0x1fff81c0                _impure_ptr
 .data.lconv    0x1fff81c4       0x38 c:/program files (x86)/cypress/psoc creator/4.4/psoc creator/import/gnu/arm/5.4.1/bin/../lib/gcc/arm-none-eabi/5.4.1/../../../../arm-none-eabi/lib/armv7-m\libg_nano.a(lib_a-locale.o)
                0x1fff8200                . = ALIGN (0x8)
 *fill*         0x1fff81fc        0x4 
 *(.ram)
                0x1fff8200                _edata = .

.igot.plt       0x1fff8200        0x0 load address 0x0000a890
 .igot.plt      0x1fff8200        0x0 c:/program files (x86)/cypress/psoc creator/4.4/psoc creator/import/gnu/arm/5.4.1/bin/../lib/gcc/arm-none-eabi/5.4.1/armv7-m/crtbegin.o

.bss            0x1fff8200      0x4d0 load address 0x0000a890
                0x1fff8200                PROVIDE (__bss_start__, .)
 *(.shbss)
 *(.bss .bss.* .gnu.linkonce.b.*)
 .bss           0x1fff8200       0x1c c:/program files (x86)/cypress/psoc creator/4.4/psoc creator/import/gnu/arm/5.4.1/bin/../lib/gcc/arm-none-eabi/5.4.1/armv7-m/crtbegin.o
 .bss           0x1fff821c      0x384 .\ARM_GCC_541\Debug\main.o
                0x1fff859c                g_tick_ms
 .bss           0x1fff85a0        0x8 .\ARM_GCC_541\Debug\adc_balanced.o
 .bss           0x1fff85a8       0x42 .\ARM_GCC_541\Debug\joystick.o
 *fill*         0x1fff85ea        0x2 
 .bss           0x1fff85ec        0x4 .\ARM_GCC_541\Debug\hamfly_qx_app.o
                0x1fff85ec                qx_active_gimbal_ptr
 .bss           0x1fff85f0        0x9 .\ARM_GCC_541\Debug\hamfly_qx_protocol.o
                0x1fff85f0                QX_BuildHeader_Legacy
                0x1fff85f4                QX_ParseHeader_Legacy
 *fill*         0x1fff85f9        0x3 
 .bss           0x1fff85fc        0xc .\ARM_GCC_541\Debug\Proj07_hamflyAPI_stateMachineUpgrade.a(ADC_DelSig_1.o)
                0x1fff85fc                ADC_DelSig_1_convDone
                0x1fff85fd                ADC_DelSig_1_stopConversion
                0x1fff85fe                ADC_DelSig_1_initVar
                0x1fff85ff                ADC_DelSig_1_started
                0x1fff8600                ADC_DelSig_1_Offset
 .bss           0x1fff8608        0x2 .\ARM_GCC_541\Debug\Proj07_hamflyAPI_stateMachineUpgrade.a(UART_MOVI.o)
                0x1fff8608                UART_MOVI_initVar
 .bss           0x1fff860a        0x1 .\ARM_GCC_541\Debug\Proj07_hamflyAPI_stateMachineUpgrade.a(Looptimer.o)
                0x1fff860a                Looptimer_initVar
 *fill*         0x1fff860b        0x1 
 .bss           0x1fff860c        0x8 .\ARM_GCC_541\Debug\Proj07_hamflyAPI_stateMachineUpgrade.a(CySpc.o)
                0x1fff860c                SpcLockState
 .bss           0x1fff8614        0x2 .\ARM_GCC_541\Debug\Proj07_hamflyAPI_stateMachineUpgrade.a(UART_DEBUG.o)
                0x1fff8614                UART_DEBUG_initVar
 *fill*         0x1fff8616        0x2 
 .bss.__malloc_sbrk_start
                0x1fff8618        0x4 c:/program files (x86)/cypress/psoc creator/4.4/psoc creator/import/gnu/arm/5.4.1/bin/../lib/gcc/arm-none-eabi/5.4.1/../../../../arm-none-eabi/lib/armv7-m\libg_nano.a(lib_a-nano-mallocr.o)
                0x1fff8618                __malloc_sbrk_start
 .bss.__malloc_free_list
                0x1fff861c        0x4 c:/program files (x86)/cypress/psoc creator/4.4/psoc creator/import/gnu/arm/5.4.1/bin/../lib/gcc/arm-none-eabi/5.4.1/../../../../arm-none-eabi/lib/armv7-m\libg_nano.a(lib_a-nano-mallocr.o)
                0x1fff861c                __malloc_free_list
 *(COMMON)
 COMMON         0x1fff8620       0xa4 .\ARM_GCC_541\Debug\hamfly_qx_protocol.o
                0x1fff8620                rw
                0x1fff8624                QX_Clients
                0x1fff862c                QX_CommsPorts
                0x1fff86b8                QX_Servers
                0x1fff86c0                msgPtr
 COMMON         0x1fff86c4        0x4 .\ARM_GCC_541\Debug\Proj07_hamflyAPI_stateMachineUpgrade.a(ADC_DelSig_1.o)
                0x1fff86c4                ADC_DelSig_1_CountsPerVolt
 COMMON         0x1fff86c8        0x2 .\ARM_GCC_541\Debug\Proj07_hamflyAPI_stateMachineUpgrade.a(CyFlash.o)
                0x1fff86c8                dieTemperature
 *fill*         0x1fff86ca        0x2 
 COMMON         0x1fff86cc        0x4 c:/program files (x86)/cypress/psoc creator/4.4/psoc creator/import/gnu/arm/5.4.1/bin/../lib/gcc/arm-none-eabi/5.4.1/../../../../arm-none-eabi/lib/armv7-m\libg_nano.a(lib_a-reent.o)
                0x1fff86cc                errno
                0x1fff86d0                . = ALIGN (0x8)
 *(.ram.b)
                0x1fff86d0                _end = .
                0x1fff86d0                __end = .
                0x1fff86d0                PROVIDE (end, .)
                0x1fff86d0                PROVIDE (__bss_end__, .)
                0x0000a758                __cy_region_init_ram = LOADADDR (.data)
                0x00000138                __cy_region_init_size_ram = (_edata - ADDR (.data))
                0x000004d0                __cy_region_zero_size_ram = (_end - _edata)

.heap           0x1fff86d0       0x80 load address 0x0000a890
                0x1fff86d0                . = _end
                0x1fff8750                . = (. + 0x80)
 *fill*         0x1fff86d0       0x80 
                0x1fff8750                __cy_heap_limit = .

.stack          0x20007800      0x800
                0x20007800                __cy_stack_limit = .
                0x20008000                . = (. + 0x800)
 *fill*         0x20007800      0x800 
                0x00000001                ASSERT ((__cy_stack_limit >= __cy_heap_limit), region RAM overflowed with stack)
                0x00000000                cy_checksum_exclude_size = (CY_APPL_LOADABLE == 0x1)?SIZEOF (.cy_checksum_exclude):0x0
                0x00000001                ASSERT ((cy_checksum_exclude_size <= CY_CHECKSUM_EXCLUDE_SIZE), CY_BOOT: Section .cy_checksum_exclude size exceedes specified limit.)

.cyloadermeta
 *(.cyloadermeta)

.cyloadablemeta
 *(.cyloadablemeta)

.cyconfigecc    0x80000000      0x950
 *(.cyconfigecc)
 .cyconfigecc   0x80000000      0x950 .\ARM_GCC_541\Debug\cymetadata.o
                0x80000000                cy_meta_configecc

.cycustnvl      0x90000000        0x4
 *(.cycustnvl)
 .cycustnvl     0x90000000        0x4 .\ARM_GCC_541\Debug\cymetadata.o
                0x90000000                cy_meta_custnvl

.cywolatch      0x90100000        0x4
 *(.cywolatch)
 .cywolatch     0x90100000        0x4 .\ARM_GCC_541\Debug\cymetadata.o
                0x90100000                cy_meta_wonvl

.cyeeprom       0x90200000        0x0
 *(.cyeeprom)
                0x00000001                ASSERT ((. <= ((0x90200000 + ee_offset) + ee_size)), .cyeeprom data will not fit in EEPROM)

.cyflashprotect
                0x90400000      0x100
 *(.cyflashprotect)
 .cyflashprotect
                0x90400000      0x100 .\ARM_GCC_541\Debug\cymetadata.o
                0x90400000                cy_meta_flashprotect

.cymeta         0x90500000        0xc
 *(.cymeta)
 .cymeta        0x90500000        0xc .\ARM_GCC_541\Debug\cymetadata.o
                0x90500000                cy_metadata

.rel.dyn        0x0000a890        0x0 load address 0x9050000c
 .rel.iplt      0x0000a890        0x0 c:/program files (x86)/cypress/psoc creator/4.4/psoc creator/import/gnu/arm/5.4.1/bin/../lib/gcc/arm-none-eabi/5.4.1/armv7-m/crtbegin.o

.stab
 *(.stab)

.stabstr
 *(.stabstr)

.debug
 *(.debug)

.line
 *(.line)

.debug_srcinfo
 *(.debug_srcinfo)

.debug_sfnames
 *(.debug_sfnames)

.debug_aranges  0x00000000     0x1308
 *(.debug_aranges)
 .debug_aranges
                0x00000000       0x68 .\ARM_GCC_541\Debug\main.o
 .debug_aranges
                0x00000068       0x40 .\ARM_GCC_541\Debug\adc_balanced.o
 .debug_aranges
                0x000000a8       0xb0 .\ARM_GCC_541\Debug\joystick.o
 .debug_aranges
                0x00000158       0x58 .\ARM_GCC_541\Debug\psoc_eeprom.o
 .debug_aranges
                0x000001b0       0x20 .\ARM_GCC_541\Debug\app_ctx.o
 .debug_aranges
                0x000001d0       0xe0 .\ARM_GCC_541\Debug\app_statemachine.o
 .debug_aranges
                0x000002b0       0x48 .\ARM_GCC_541\Debug\hamfly_comm_rb.o
 .debug_aranges
                0x000002f8       0xb0 .\ARM_GCC_541\Debug\hamfly_core_gimbal.o
 .debug_aranges
                0x000003a8       0x70 .\ARM_GCC_541\Debug\hamfly_core_telemetry.o
 .debug_aranges
                0x00000418       0x48 .\ARM_GCC_541\Debug\hamfly_qx_app.o
 .debug_aranges
                0x00000460      0x228 .\ARM_GCC_541\Debug\hamfly_qx_protocol.o
 .debug_aranges
                0x00000688       0x80 .\ARM_GCC_541\Debug\cyfitter_cfg.o
 .debug_aranges
                0x00000708       0x18 .\ARM_GCC_541\Debug\cymetadata.o
 .debug_aranges
                0x00000720       0x48 .\ARM_GCC_541\Debug\Cm3Start.o
 .debug_aranges
                0x00000768       0xe8 .\ARM_GCC_541\Debug\Proj07_hamflyAPI_stateMachineUpgrade.a(ADC_DelSig_1.o)
 .debug_aranges
                0x00000850       0x38 .\ARM_GCC_541\Debug\Proj07_hamflyAPI_stateMachineUpgrade.a(ADC_DelSig_1_INT.o)
 .debug_aranges
                0x00000888       0x30 .\ARM_GCC_541\Debug\Proj07_hamflyAPI_stateMachineUpgrade.a(AMux_1.o)
 .debug_aranges
                0x000008b8       0x80 .\ARM_GCC_541\Debug\Proj07_hamflyAPI_stateMachineUpgrade.a(isr_adc.o)
 .debug_aranges
                0x00000938       0xf0 .\ARM_GCC_541\Debug\Proj07_hamflyAPI_stateMachineUpgrade.a(UART_MOVI.o)
 .debug_aranges
                0x00000a28       0x80 .\ARM_GCC_541\Debug\Proj07_hamflyAPI_stateMachineUpgrade.a(isr_rx_movi.o)
 .debug_aranges
                0x00000aa8       0x88 .\ARM_GCC_541\Debug\Proj07_hamflyAPI_stateMachineUpgrade.a(Looptimer.o)
 .debug_aranges
                0x00000b30       0x80 .\ARM_GCC_541\Debug\Proj07_hamflyAPI_stateMachineUpgrade.a(isr_Looptimer.o)
 .debug_aranges
                0x00000bb0       0x78 .\ARM_GCC_541\Debug\Proj07_hamflyAPI_stateMachineUpgrade.a(EEPROM_CONFIG.o)
 .debug_aranges
                0x00000c28       0x30 .\ARM_GCC_541\Debug\Proj07_hamflyAPI_stateMachineUpgrade.a(ADC_DelSig_1_AMux.o)
 .debug_aranges
                0x00000c58       0x70 .\ARM_GCC_541\Debug\Proj07_hamflyAPI_stateMachineUpgrade.a(ADC_DelSig_1_Ext_CP_Clk.o)
 .debug_aranges
                0x00000cc8       0x80 .\ARM_GCC_541\Debug\Proj07_hamflyAPI_stateMachineUpgrade.a(ADC_DelSig_1_theACLK.o)
 .debug_aranges
                0x00000d48       0x88 .\ARM_GCC_541\Debug\Proj07_hamflyAPI_stateMachineUpgrade.a(CyFlash.o)
 .debug_aranges
                0x00000dd0      0x2a0 .\ARM_GCC_541\Debug\Proj07_hamflyAPI_stateMachineUpgrade.a(CyLib.o)
 .debug_aranges
                0x00001070       0x98 .\ARM_GCC_541\Debug\Proj07_hamflyAPI_stateMachineUpgrade.a(cyPm.o)
 .debug_aranges
                0x00001108       0x80 .\ARM_GCC_541\Debug\Proj07_hamflyAPI_stateMachineUpgrade.a(CySpc.o)
 .debug_aranges
                0x00001188       0xf0 .\ARM_GCC_541\Debug\Proj07_hamflyAPI_stateMachineUpgrade.a(UART_DEBUG.o)
 .debug_aranges
                0x00001278       0x70 .\ARM_GCC_541\Debug\Proj07_hamflyAPI_stateMachineUpgrade.a(UART_DEBUG_IntClock.o)
 .debug_aranges
                0x000012e8       0x20 .\ARM_GCC_541\Debug\Proj07_hamflyAPI_stateMachineUpgrade.a(CyBootAsmGnu.o)

.debug_pubnames
 *(.debug_pubnames)

.debug_info     0x00000000     0xcd26
 *(.debug_info .gnu.linkonce.wi.*)
 .debug_info    0x00000000      0xd80 .\ARM_GCC_541\Debug\main.o
 .debug_info    0x00000d80      0x1f7 .\ARM_GCC_541\Debug\adc_balanced.o
 .debug_info    0x00000f77      0x6c5 .\ARM_GCC_541\Debug\joystick.o
 .debug_info    0x0000163c      0x2db .\ARM_GCC_541\Debug\psoc_eeprom.o
 .debug_info    0x00001917      0x96c .\ARM_GCC_541\Debug\app_ctx.o
 .debug_info    0x00002283     0x1097 .\ARM_GCC_541\Debug\app_statemachine.o
 .debug_info    0x0000331a      0x23c .\ARM_GCC_541\Debug\hamfly_comm_rb.o
 .debug_info    0x00003556     0x14f9 .\ARM_GCC_541\Debug\hamfly_core_gimbal.o
 .debug_info    0x00004a4f      0xa22 .\ARM_GCC_541\Debug\hamfly_core_telemetry.o
 .debug_info    0x00005471      0xee9 .\ARM_GCC_541\Debug\hamfly_qx_app.o
 .debug_info    0x0000635a     0x1aff .\ARM_GCC_541\Debug\hamfly_qx_protocol.o
 .debug_info    0x00007e59      0x59a .\ARM_GCC_541\Debug\cyfitter_cfg.o
 .debug_info    0x000083f3      0x139 .\ARM_GCC_541\Debug\cymetadata.o
 .debug_info    0x0000852c      0x32b .\ARM_GCC_541\Debug\Cm3Start.o
 .debug_info    0x00008857      0x72c .\ARM_GCC_541\Debug\Proj07_hamflyAPI_stateMachineUpgrade.a(ADC_DelSig_1.o)
 .debug_info    0x00008f83       0xd3 .\ARM_GCC_541\Debug\Proj07_hamflyAPI_stateMachineUpgrade.a(ADC_DelSig_1_INT.o)
 .debug_info    0x00009056       0xf7 .\ARM_GCC_541\Debug\Proj07_hamflyAPI_stateMachineUpgrade.a(AMux_1.o)
 .debug_info    0x0000914d      0x241 .\ARM_GCC_541\Debug\Proj07_hamflyAPI_stateMachineUpgrade.a(isr_adc.o)
 .debug_info    0x0000938e      0x50a .\ARM_GCC_541\Debug\Proj07_hamflyAPI_stateMachineUpgrade.a(UART_MOVI.o)
 .debug_info    0x00009898      0x241 .\ARM_GCC_541\Debug\Proj07_hamflyAPI_stateMachineUpgrade.a(isr_rx_movi.o)
 .debug_info    0x00009ad9      0x245 .\ARM_GCC_541\Debug\Proj07_hamflyAPI_stateMachineUpgrade.a(Looptimer.o)
 .debug_info    0x00009d1e      0x241 .\ARM_GCC_541\Debug\Proj07_hamflyAPI_stateMachineUpgrade.a(isr_Looptimer.o)
 .debug_info    0x00009f5f      0x359 .\ARM_GCC_541\Debug\Proj07_hamflyAPI_stateMachineUpgrade.a(EEPROM_CONFIG.o)
 .debug_info    0x0000a2b8      0x10a .\ARM_GCC_541\Debug\Proj07_hamflyAPI_stateMachineUpgrade.a(ADC_DelSig_1_AMux.o)
 .debug_info    0x0000a3c2      0x25d .\ARM_GCC_541\Debug\Proj07_hamflyAPI_stateMachineUpgrade.a(ADC_DelSig_1_Ext_CP_Clk.o)
 .debug_info    0x0000a61f      0x299 .\ARM_GCC_541\Debug\Proj07_hamflyAPI_stateMachineUpgrade.a(ADC_DelSig_1_theACLK.o)
 .debug_info    0x0000a8b8      0x3b9 .\ARM_GCC_541\Debug\Proj07_hamflyAPI_stateMachineUpgrade.a(CyFlash.o)
 .debug_info    0x0000ac71      0xe51 .\ARM_GCC_541\Debug\Proj07_hamflyAPI_stateMachineUpgrade.a(CyLib.o)
 .debug_info    0x0000bac2      0x57a .\ARM_GCC_541\Debug\Proj07_hamflyAPI_stateMachineUpgrade.a(cyPm.o)
 .debug_info    0x0000c03c      0x4c0 .\ARM_GCC_541\Debug\Proj07_hamflyAPI_stateMachineUpgrade.a(CySpc.o)
 .debug_info    0x0000c4fc      0x50a .\ARM_GCC_541\Debug\Proj07_hamflyAPI_stateMachineUpgrade.a(UART_DEBUG.o)
 .debug_info    0x0000ca06      0x25d .\ARM_GCC_541\Debug\Proj07_hamflyAPI_stateMachineUpgrade.a(UART_DEBUG_IntClock.o)
 .debug_info    0x0000cc63       0xc3 .\ARM_GCC_541\Debug\Proj07_hamflyAPI_stateMachineUpgrade.a(CyBootAsmGnu.o)

.debug_abbrev   0x00000000     0x2da1
 *(.debug_abbrev)
 .debug_abbrev  0x00000000      0x1fe .\ARM_GCC_541\Debug\main.o
 .debug_abbrev  0x000001fe      0x111 .\ARM_GCC_541\Debug\adc_balanced.o
 .debug_abbrev  0x0000030f      0x267 .\ARM_GCC_541\Debug\joystick.o
 .debug_abbrev  0x00000576      0x13f .\ARM_GCC_541\Debug\psoc_eeprom.o
 .debug_abbrev  0x000006b5      0x11b .\ARM_GCC_541\Debug\app_ctx.o
 .debug_abbrev  0x000007d0      0x29c .\ARM_GCC_541\Debug\app_statemachine.o
 .debug_abbrev  0x00000a6c      0x124 .\ARM_GCC_541\Debug\hamfly_comm_rb.o
 .debug_abbrev  0x00000b90      0x280 .\ARM_GCC_541\Debug\hamfly_core_gimbal.o
 .debug_abbrev  0x00000e10      0x17e .\ARM_GCC_541\Debug\hamfly_core_telemetry.o
 .debug_abbrev  0x00000f8e      0x1fa .\ARM_GCC_541\Debug\hamfly_qx_app.o
 .debug_abbrev  0x00001188      0x277 .\ARM_GCC_541\Debug\hamfly_qx_protocol.o
 .debug_abbrev  0x000013ff      0x1ca .\ARM_GCC_541\Debug\cyfitter_cfg.o
 .debug_abbrev  0x000015c9       0x77 .\ARM_GCC_541\Debug\cymetadata.o
 .debug_abbrev  0x00001640      0x1d6 .\ARM_GCC_541\Debug\Cm3Start.o
 .debug_abbrev  0x00001816      0x19d .\ARM_GCC_541\Debug\Proj07_hamflyAPI_stateMachineUpgrade.a(ADC_DelSig_1.o)
 .debug_abbrev  0x000019b3       0x42 .\ARM_GCC_541\Debug\Proj07_hamflyAPI_stateMachineUpgrade.a(ADC_DelSig_1_INT.o)
 .debug_abbrev  0x000019f5       0x87 .\ARM_GCC_541\Debug\Proj07_hamflyAPI_stateMachineUpgrade.a(AMux_1.o)
 .debug_abbrev  0x00001a7c      0x172 .\ARM_GCC_541\Debug\Proj07_hamflyAPI_stateMachineUpgrade.a(isr_adc.o)
 .debug_abbrev  0x00001bee      0x163 .\ARM_GCC_541\Debug\Proj07_hamflyAPI_stateMachineUpgrade.a(UART_MOVI.o)
 .debug_abbrev  0x00001d51      0x172 .\ARM_GCC_541\Debug\Proj07_hamflyAPI_stateMachineUpgrade.a(isr_rx_movi.o)
 .debug_abbrev  0x00001ec3       0xe9 .\ARM_GCC_541\Debug\Proj07_hamflyAPI_stateMachineUpgrade.a(Looptimer.o)
 .debug_abbrev  0x00001fac      0x172 .\ARM_GCC_541\Debug\Proj07_hamflyAPI_stateMachineUpgrade.a(isr_Looptimer.o)
 .debug_abbrev  0x0000211e      0x117 .\ARM_GCC_541\Debug\Proj07_hamflyAPI_stateMachineUpgrade.a(EEPROM_CONFIG.o)
 .debug_abbrev  0x00002235       0x6f .\ARM_GCC_541\Debug\Proj07_hamflyAPI_stateMachineUpgrade.a(ADC_DelSig_1_AMux.o)
 .debug_abbrev  0x000022a4      0x11d .\ARM_GCC_541\Debug\Proj07_hamflyAPI_stateMachineUpgrade.a(ADC_DelSig_1_Ext_CP_Clk.o)
 .debug_abbrev  0x000023c1      0x11d .\ARM_GCC_541\Debug\Proj07_hamflyAPI_stateMachineUpgrade.a(ADC_DelSig_1_theACLK.o)
 .debug_abbrev  0x000024de      0x14b .\ARM_GCC_541\Debug\Proj07_hamflyAPI_stateMachineUpgrade.a(CyFlash.o)
 .debug_abbrev  0x00002629      0x217 .\ARM_GCC_541\Debug\Proj07_hamflyAPI_stateMachineUpgrade.a(CyLib.o)
 .debug_abbrev  0x00002840      0x161 .\ARM_GCC_541\Debug\Proj07_hamflyAPI_stateMachineUpgrade.a(cyPm.o)
 .debug_abbrev  0x000029a1      0x16c .\ARM_GCC_541\Debug\Proj07_hamflyAPI_stateMachineUpgrade.a(CySpc.o)
 .debug_abbrev  0x00002b0d      0x163 .\ARM_GCC_541\Debug\Proj07_hamflyAPI_stateMachineUpgrade.a(UART_DEBUG.o)
 .debug_abbrev  0x00002c70      0x11d .\ARM_GCC_541\Debug\Proj07_hamflyAPI_stateMachineUpgrade.a(UART_DEBUG_IntClock.o)
 .debug_abbrev  0x00002d8d       0x14 .\ARM_GCC_541\Debug\Proj07_hamflyAPI_stateMachineUpgrade.a(CyBootAsmGnu.o)

.debug_line     0x00000000     0x5dde
 *(.debug_line)
 .debug_line    0x00000000      0x416 .\ARM_GCC_541\Debug\main.o
 .debug_line    0x00000416      0x1f0 .\ARM_GCC_541\Debug\adc_balanced.o
 .debug_line    0x00000606      0x459 .\ARM_GCC_541\Debug\joystick.o
 .debug_line    0x00000a5f      0x24b .\ARM_GCC_541\Debug\psoc_eeprom.o
 .debug_line    0x00000caa      0x209 .\ARM_GCC_541\Debug\app_ctx.o
 .debug_line    0x00000eb3      0x542 .\ARM_GCC_541\Debug\app_statemachine.o
 .debug_line    0x000013f5      0x1ee .\ARM_GCC_541\Debug\hamfly_comm_rb.o
 .debug_line    0x000015e3        0x0 .\ARM_GCC_541\Debug\hamfly_comm_txbuf.o
 .debug_line    0x000015e3      0x4dd .\ARM_GCC_541\Debug\hamfly_core_gimbal.o
 .debug_line    0x00001ac0      0x2bc .\ARM_GCC_541\Debug\hamfly_core_telemetry.o
 .debug_line    0x00001d7c      0x4ae .\ARM_GCC_541\Debug\hamfly_qx_app.o
 .debug_line    0x0000222a      0xd66 .\ARM_GCC_541\Debug\hamfly_qx_protocol.o
 .debug_line    0x00002f90      0x27c .\ARM_GCC_541\Debug\cyfitter_cfg.o
 .debug_line    0x0000320c      0x141 .\ARM_GCC_541\Debug\cymetadata.o
 .debug_line    0x0000334d      0x1dc .\ARM_GCC_541\Debug\Cm3Start.o
 .debug_line    0x00003529      0x365 .\ARM_GCC_541\Debug\Proj07_hamflyAPI_stateMachineUpgrade.a(ADC_DelSig_1.o)
 .debug_line    0x0000388e       0x95 .\ARM_GCC_541\Debug\Proj07_hamflyAPI_stateMachineUpgrade.a(ADC_DelSig_1_INT.o)
 .debug_line    0x00003923       0x9b .\ARM_GCC_541\Debug\Proj07_hamflyAPI_stateMachineUpgrade.a(AMux_1.o)
 .debug_line    0x000039be      0x142 .\ARM_GCC_541\Debug\Proj07_hamflyAPI_stateMachineUpgrade.a(isr_adc.o)
 .debug_line    0x00003b00      0x2e7 .\ARM_GCC_541\Debug\Proj07_hamflyAPI_stateMachineUpgrade.a(UART_MOVI.o)
 .debug_line    0x00003de7      0x156 .\ARM_GCC_541\Debug\Proj07_hamflyAPI_stateMachineUpgrade.a(isr_rx_movi.o)
 .debug_line    0x00003f3d      0x161 .\ARM_GCC_541\Debug\Proj07_hamflyAPI_stateMachineUpgrade.a(Looptimer.o)
 .debug_line    0x0000409e      0x158 .\ARM_GCC_541\Debug\Proj07_hamflyAPI_stateMachineUpgrade.a(isr_Looptimer.o)
 .debug_line    0x000041f6      0x22d .\ARM_GCC_541\Debug\Proj07_hamflyAPI_stateMachineUpgrade.a(EEPROM_CONFIG.o)
 .debug_line    0x00004423       0xa6 .\ARM_GCC_541\Debug\Proj07_hamflyAPI_stateMachineUpgrade.a(ADC_DelSig_1_AMux.o)
 .debug_line    0x000044c9      0x1b6 .\ARM_GCC_541\Debug\Proj07_hamflyAPI_stateMachineUpgrade.a(ADC_DelSig_1_Ext_CP_Clk.o)
 .debug_line    0x0000467f      0x1d7 .\ARM_GCC_541\Debug\Proj07_hamflyAPI_stateMachineUpgrade.a(ADC_DelSig_1_theACLK.o)
 .debug_line    0x00004856      0x22f .\ARM_GCC_541\Debug\Proj07_hamflyAPI_stateMachineUpgrade.a(CyFlash.o)
 .debug_line    0x00004a85      0x883 .\ARM_GCC_541\Debug\Proj07_hamflyAPI_stateMachineUpgrade.a(CyLib.o)
 .debug_line    0x00005308      0x38e .\ARM_GCC_541\Debug\Proj07_hamflyAPI_stateMachineUpgrade.a(cyPm.o)
 .debug_line    0x00005696      0x231 .\ARM_GCC_541\Debug\Proj07_hamflyAPI_stateMachineUpgrade.a(CySpc.o)
 .debug_line    0x000058c7      0x2e8 .\ARM_GCC_541\Debug\Proj07_hamflyAPI_stateMachineUpgrade.a(UART_DEBUG.o)
 .debug_line    0x00005baf      0x1b2 .\ARM_GCC_541\Debug\Proj07_hamflyAPI_stateMachineUpgrade.a(UART_DEBUG_IntClock.o)
 .debug_line    0x00005d61       0x7d .\ARM_GCC_541\Debug\Proj07_hamflyAPI_stateMachineUpgrade.a(CyBootAsmGnu.o)

.debug_frame    0x00000000     0x5c1c
 *(.debug_frame)
 .debug_frame   0x00000000      0x19c .\ARM_GCC_541\Debug\main.o
 .debug_frame   0x0000019c       0xc8 .\ARM_GCC_541\Debug\adc_balanced.o
 .debug_frame   0x00000264      0x310 .\ARM_GCC_541\Debug\joystick.o
 .debug_frame   0x00000574      0x138 .\ARM_GCC_541\Debug\psoc_eeprom.o
 .debug_frame   0x000006ac       0x38 .\ARM_GCC_541\Debug\app_ctx.o
 .debug_frame   0x000006e4      0x3fc .\ARM_GCC_541\Debug\app_statemachine.o
 .debug_frame   0x00000ae0      0x100 .\ARM_GCC_541\Debug\hamfly_comm_rb.o
 .debug_frame   0x00000be0      0x324 .\ARM_GCC_541\Debug\hamfly_core_gimbal.o
 .debug_frame   0x00000f04      0x1c8 .\ARM_GCC_541\Debug\hamfly_core_telemetry.o
 .debug_frame   0x000010cc       0xe8 .\ARM_GCC_541\Debug\hamfly_qx_app.o
 .debug_frame   0x000011b4      0xab8 .\ARM_GCC_541\Debug\hamfly_qx_protocol.o
 .debug_frame   0x00001c6c      0x20c .\ARM_GCC_541\Debug\cyfitter_cfg.o
 .debug_frame   0x00001e78       0xd8 .\ARM_GCC_541\Debug\Cm3Start.o
 .debug_frame   0x00001f50      0x40c .\ARM_GCC_541\Debug\Proj07_hamflyAPI_stateMachineUpgrade.a(ADC_DelSig_1.o)
 .debug_frame   0x0000235c       0xa0 .\ARM_GCC_541\Debug\Proj07_hamflyAPI_stateMachineUpgrade.a(ADC_DelSig_1_INT.o)
 .debug_frame   0x000023fc       0x7c .\ARM_GCC_541\Debug\Proj07_hamflyAPI_stateMachineUpgrade.a(AMux_1.o)
 .debug_frame   0x00002478      0x1e8 .\ARM_GCC_541\Debug\Proj07_hamflyAPI_stateMachineUpgrade.a(isr_adc.o)
 .debug_frame   0x00002660      0x42c .\ARM_GCC_541\Debug\Proj07_hamflyAPI_stateMachineUpgrade.a(UART_MOVI.o)
 .debug_frame   0x00002a8c      0x1e8 .\ARM_GCC_541\Debug\Proj07_hamflyAPI_stateMachineUpgrade.a(isr_rx_movi.o)
 .debug_frame   0x00002c74      0x208 .\ARM_GCC_541\Debug\Proj07_hamflyAPI_stateMachineUpgrade.a(Looptimer.o)
 .debug_frame   0x00002e7c      0x1e8 .\ARM_GCC_541\Debug\Proj07_hamflyAPI_stateMachineUpgrade.a(isr_Looptimer.o)
 .debug_frame   0x00003064      0x1c0 .\ARM_GCC_541\Debug\Proj07_hamflyAPI_stateMachineUpgrade.a(EEPROM_CONFIG.o)
 .debug_frame   0x00003224       0x88 .\ARM_GCC_541\Debug\Proj07_hamflyAPI_stateMachineUpgrade.a(ADC_DelSig_1_AMux.o)
 .debug_frame   0x000032ac      0x1b4 .\ARM_GCC_541\Debug\Proj07_hamflyAPI_stateMachineUpgrade.a(ADC_DelSig_1_Ext_CP_Clk.o)
 .debug_frame   0x00003460      0x200 .\ARM_GCC_541\Debug\Proj07_hamflyAPI_stateMachineUpgrade.a(ADC_DelSig_1_theACLK.o)
 .debug_frame   0x00003660      0x238 .\ARM_GCC_541\Debug\Proj07_hamflyAPI_stateMachineUpgrade.a(CyFlash.o)
 .debug_frame   0x00003898      0xc0c .\ARM_GCC_541\Debug\Proj07_hamflyAPI_stateMachineUpgrade.a(CyLib.o)
 .debug_frame   0x000044a4      0x234 .\ARM_GCC_541\Debug\Proj07_hamflyAPI_stateMachineUpgrade.a(cyPm.o)
 .debug_frame   0x000046d8      0x228 .\ARM_GCC_541\Debug\Proj07_hamflyAPI_stateMachineUpgrade.a(CySpc.o)
 .debug_frame   0x00004900      0x42c .\ARM_GCC_541\Debug\Proj07_hamflyAPI_stateMachineUpgrade.a(UART_DEBUG.o)
 .debug_frame   0x00004d2c      0x1b4 .\ARM_GCC_541\Debug\Proj07_hamflyAPI_stateMachineUpgrade.a(UART_DEBUG_IntClock.o)