Archive member included to satisfy reference by file (symbol)

.\ARM_GCC_541\Debug\Proj07_hamflyAPI_stateMachineUpgrade.a(ADC_DelSig_1.o)
                              .\ARM_GCC_541\Debug\adc_balanced.o (ADC_DelSig_1_Start)
.\ARM_GCC_541\Debug\Proj07_hamflyAPI_stateMachineUpgrade.a(ADC_DelSig_1_INT.o)
                              .\ARM_GCC_541\Debug\Proj07_hamflyAPI_stateMachineUpgrade.a(ADC_DelSig_1.o) (ADC_DelSig_1_ISR1)
.\ARM_GCC_541\Debug\Proj07_hamflyAPI_stateMachineUpgrade.a(AMux_1.o)
                              .\ARM_GCC_541\Debug\adc_balanced.o (AMux_1_Start)
.\ARM_GCC_541\Debug\Proj07_hamflyAPI_stateMachineUpgrade.a(isr_adc.o)
                              .\ARM_GCC_541\Debug\adc_balanced.o (isr_adc_StartEx)
.\ARM_GCC_541\Debug\Proj07_hamflyAPI_stateMachineUpgrade.a(UART_MOVI.o)
                              .\ARM_GCC_541\Debug\main.o (UART_MOVI_Start)
.\ARM_GCC_541\Debug\Proj07_hamflyAPI_stateMachineUpgrade.a(isr_rx_movi.o)
                              .\ARM_GCC_541\Debug\main.o (isr_rx_movi_StartEx)
.\ARM_GCC_541\Debug\Proj07_hamflyAPI_stateMachineUpgrade.a(Looptimer.o)
                              .\ARM_GCC_541\Debug\main.o (Looptimer_Start)
.\ARM_GCC_541\Debug\Proj07_hamflyAPI_stateMachineUpgrade.a(isr_Looptimer.o)
                              .\ARM_GCC_541\Debug\main.o (isr_Looptimer_StartEx)
.\ARM_GCC_541\Debug\Proj07_hamflyAPI_stateMachineUpgrade.a(EEPROM_CONFIG.o)
                              .\ARM_GCC_541\Debug\psoc_eeprom.o (EEPROM_CONFIG_Start)
.\ARM_GCC_541\Debug\Proj07_hamflyAPI_stateMachineUpgrade.a(ADC_DelSig_1_AMux.o)
                              .\ARM_GCC_541\Debug\Proj07_hamflyAPI_stateMachineUpgrade.a(ADC_DelSig_1.o) (ADC_DelSig_1_AMux_Select)
.\ARM_GCC_541\Debug\Proj07_hamflyAPI_stateMachineUpgrade.a(ADC_DelSig_1_Ext_CP_Clk.o)
                              .\ARM_GCC_541\Debug\Proj07_hamflyAPI_stateMachineUpgrade.a(ADC_DelSig_1.o) (ADC_DelSig_1_Ext_CP_Clk_SetDividerRegister)
.\ARM_GCC_541\Debug\Proj07_hamflyAPI_stateMachineUpgrade.a(ADC_DelSig_1_theACLK.o)
                              .\ARM_GCC_541\Debug\Proj07_hamflyAPI_stateMachineUpgrade.a(ADC_DelSig_1.o) (ADC_DelSig_1_theACLK_SetDividerRegister)
.\ARM_GCC_541\Debug\Proj07_hamflyAPI_stateMachineUpgrade.a(CyFlash.o)
                              .\ARM_GCC_541\Debug\Proj07_hamflyAPI_stateMachineUpgrade.a(EEPROM_CONFIG.o) (dieTemperature)
.\ARM_GCC_541\Debug\Proj07_hamflyAPI_stateMachineUpgrade.a(CyLib.o)
                              .\ARM_GCC_541\Debug\Cm3Start.o (CyResetStatus)
.\ARM_GCC_541\Debug\Proj07_hamflyAPI_stateMachineUpgrade.a(cyPm.o)
                              .\ARM_GCC_541\Debug\Proj07_hamflyAPI_stateMachineUpgrade.a(CyLib.o) (CyPmReadStatus)
.\ARM_GCC_541\Debug\Proj07_hamflyAPI_stateMachineUpgrade.a(CySpc.o)
                              .\ARM_GCC_541\Debug\Proj07_hamflyAPI_stateMachineUpgrade.a(EEPROM_CONFIG.o) (CySpcStart)
.\ARM_GCC_541\Debug\Proj07_hamflyAPI_stateMachineUpgrade.a(UART_DEBUG.o)
                              .\ARM_GCC_541\Debug\main.o (UART_DEBUG_Start)
.\ARM_GCC_541\Debug\Proj07_hamflyAPI_stateMachineUpgrade.a(UART_DEBUG_IntClock.o)
                              .\ARM_GCC_541\Debug\Proj07_hamflyAPI_stateMachineUpgrade.a(UART_DEBUG.o) (UART_DEBUG_IntClock_Start)
.\ARM_GCC_541\Debug\Proj07_hamflyAPI_stateMachineUpgrade.a(UART_SBC.o)
                              .\ARM_GCC_541\Debug\main.o (UART_SBC_Start)
.\ARM_GCC_541\Debug\Proj07_hamflyAPI_stateMachineUpgrade.a(isr_rx_sbc.o)
                              .\ARM_GCC_541\Debug\main.o (isr_rx_sbc_StartEx)
.\ARM_GCC_541\Debug\Proj07_hamflyAPI_stateMachineUpgrade.a(UART_SBC_IntClock.o)
                              .\ARM_GCC_541\Debug\Proj07_hamflyAPI_stateMachineUpgrade.a(UART_SBC.o) (UART_SBC_IntClock_Start)
.\ARM_GCC_541\Debug\Proj07_hamflyAPI_stateMachineUpgrade.a(CyBootAsmGnu.o)
                              .\ARM_GCC_541\Debug\cyfitter_cfg.o (CyDelayCycles)
c:/program files (x86)/cypress/psoc creator/4.4/psoc creator/import/gnu/arm/5.4.1/bin/../lib/gcc/arm-none-eabi/5.4.1/../../../../arm-none-eabi/lib/armv7-m\libm.a(lib_a-s_cos.o)
                              .\ARM_GCC_541\Debug\hamfly_core_gimbal.o (cos)
c:/program files (x86)/cypress/psoc creator/4.4/psoc creator/import/gnu/arm/5.4.1/bin/../lib/gcc/arm-none-eabi/5.4.1/../../../../arm-none-eabi/lib/armv7-m\libm.a(lib_a-w_atan2.o)
                              .\ARM_GCC_541\Debug\hamfly_core_gimbal.o (atan2)
c:/program files (x86)/cypress/psoc creator/4.4/psoc creator/import/gnu/arm/5.4.1/bin/../lib/gcc/arm-none-eabi/5.4.1/../../../../arm-none-eabi/lib/armv7-m\libm.a(lib_a-w_sqrt.o)
                              .\ARM_GCC_541\Debug\hamfly_core_gimbal.o (sqrt)
c:/program files (x86)/cypress/psoc creator/4.4/psoc creator/import/gnu/arm/5.4.1/bin/../lib/gcc/arm-none-eabi/5.4.1/../../../../arm-none-eabi/lib/armv7-m\libm.a(lib_a-wf_asin.o)
                              .\ARM_GCC_541\Debug\main.o (asinf)
[...]
Memory Configuration

Name             Origin             Length             Attributes
rom              0x00000000         0x00040000         xr
ram              0x1fff8000         0x00010000         xrw
*default*        0x00000000         0xffffffff

Linker script and memory map

LOAD c:/program files (x86)/cypress/psoc creator/4.4/psoc creator/import/gnu/arm/5.4.1/bin/../lib/gcc/arm-none-eabi/5.4.1/armv7-m/crti.o
LOAD c:/program files (x86)/cypress/psoc creator/4.4/psoc creator/import/gnu/arm/5.4.1/bin/../lib/gcc/arm-none-eabi/5.4.1/armv7-m/crtbegin.o
LOAD c:/program files (x86)/cypress/psoc creator/4.4/psoc creator/import/gnu/arm/5.4.1/bin/../lib/gcc/arm-none-eabi/5.4.1/../../../../arm-none-eabi/lib/armv7-m/crt0.o
START GROUP
LOAD .\ARM_GCC_541\Debug\main.o
LOAD .\ARM_GCC_541\Debug\adc_balanced.o
LOAD .\ARM_GCC_541\Debug\joystick.o
LOAD .\ARM_GCC_541\Debug\psoc_eeprom.o
LOAD .\ARM_GCC_541\Debug\app_ctx.o
LOAD .\ARM_GCC_541\Debug\app_statemachine.o
LOAD .\ARM_GCC_541\Debug\sbc_comms.o
LOAD .\ARM_GCC_541\Debug\telemetry.o
LOAD .\ARM_GCC_541\Debug\hamfly_comm_rb.o
LOAD .\ARM_GCC_541\Debug\hamfly_comm_txbuf.o
LOAD .\ARM_GCC_541\Debug\hamfly_core_gimbal.o
LOAD .\ARM_GCC_541\Debug\hamfly_core_telemetry.o
LOAD .\ARM_GCC_541\Debug\hamfly_qx_app.o
LOAD .\ARM_GCC_541\Debug\hamfly_qx_protocol.o
LOAD .\ARM_GCC_541\Debug\cyfitter_cfg.o
LOAD .\ARM_GCC_541\Debug\cymetadata.o
LOAD .\ARM_GCC_541\Debug\Cm3Start.o
LOAD .\ARM_GCC_541\Debug\Proj07_hamflyAPI_stateMachineUpgrade.a
LOAD C:\Program Files (x86)\Cypress\PSoC Creator\4.4\PSoC Creator\psoc\content\cycomponentlibrary\CyComponentLibrary.cylib\CortexM3\ARM_GCC_541\Debug\CyComponentLibrary.a
LOAD c:/program files (x86)/cypress/psoc creator/4.4/psoc creator/import/gnu/arm/5.4.1/bin/../lib/gcc/arm-none-eabi/5.4.1/../../../../arm-none-eabi/lib/armv7-m\libm.a
END GROUP
START GROUP
LOAD c:/program files (x86)/cypress/psoc creator/4.4/psoc creator/import/gnu/arm/5.4.1/bin/../lib/gcc/arm-none-eabi/5.4.1/armv7-m\libgcc.a
LOAD c:/program files (x86)/cypress/psoc creator/4.4/psoc creator/import/gnu/arm/5.4.1/bin/../lib/gcc/arm-none-eabi/5.4.1/../../../../arm-none-eabi/lib/armv7-m\libg_nano.a
LOAD c:/program files (x86)/cypress/psoc creator/4.4/psoc creator/import/gnu/arm/5.4.1/bin/../lib/gcc/arm-none-eabi/5.4.1/../../../../arm-none-eabi/lib/armv7-m\libc_nano.a
END GROUP
START GROUP
LOAD c:/program files (x86)/cypress/psoc creator/4.4/psoc creator/import/gnu/arm/5.4.1/bin/../lib/gcc/arm-none-eabi/5.4.1/armv7-m\libgcc.a
LOAD c:/program files (x86)/cypress/psoc creator/4.4/psoc creator/import/gnu/arm/5.4.1/bin/../lib/gcc/arm-none-eabi/5.4.1/../../../../arm-none-eabi/lib/armv7-m\libc_nano.a
END GROUP
LOAD c:/program files (x86)/cypress/psoc creator/4.4/psoc creator/import/gnu/arm/5.4.1/bin/../lib/gcc/arm-none-eabi/5.4.1/armv7-m/crtend.o
LOAD c:/program files (x86)/cypress/psoc creator/4.4/psoc creator/import/gnu/arm/5.4.1/bin/../lib/gcc/arm-none-eabi/5.4.1/armv7-m/crtn.o
START GROUP
LOAD c:/program files (x86)/cypress/psoc creator/4.4/psoc creator/import/gnu/arm/5.4.1/bin/../lib/gcc/arm-none-eabi/5.4.1/armv7-m\libgcc.a
LOAD c:/program files (x86)/cypress/psoc creator/4.4/psoc creator/import/gnu/arm/5.4.1/bin/../lib/gcc/arm-none-eabi/5.4.1/../../../../arm-none-eabi/lib/armv7-m\libc.a
LOAD c:/program files (x86)/cypress/psoc creator/4.4/psoc creator/import/gnu/arm/5.4.1/bin/../lib/gcc/arm-none-eabi/5.4.1/../../../../arm-none-eabi/lib/armv7-m\libnosys.a
END GROUP
                0x00000000                CY_APPL_ORIGIN = 0x0
                0x00000100                CY_FLASH_ROW_SIZE = 0x100
                0x00000020                CY_ECC_ROW_SIZE = 0x20
                0x00000000                CY_EE_IN_BTLDR = 0x0
                0x00000000                CY_APPL_LOADABLE = 0x0
                0x00000800                CY_EE_SIZE = 0x800
                0x00000001                CY_APPL_NUM = 0x1
                0x00000001                CY_APPL_MAX = 0x1
                0x00000040                CY_METADATA_SIZE = 0x40
                0x00000000                CY_APPL_LOADABLE = 0x0
                0x00000000                CY_CHECKSUM_EXCLUDE_SIZE = ALIGN (0x0, CY_FLASH_ROW_SIZE)
                [!provide]                PROVIDE (__cy_heap_start, _end)
                0x00000001                PROVIDE (__cy_region_num, ((__cy_regions_end - __cy_regions) / 0x10))
                0x20008000                PROVIDE (__cy_stack, (ORIGIN (ram) + LENGTH (ram)))
                [!provide]                PROVIDE (__cy_heap_end, (__cy_stack - 0x800))

.cybootloader   0x00000000        0x0
 *(.cybootloader)
                0x00000000                appl1_start = CY_APPL_ORIGIN?CY_APPL_ORIGIN:ALIGN (CY_FLASH_ROW_SIZE)
                0x0001ff00                appl2_start = (appl1_start + ALIGN ((((LENGTH (rom) - appl1_start) - (0x2 * CY_FLASH_ROW_SIZE)) / 0x2), CY_FLASH_ROW_SIZE))
                0x00000000                appl_start = (CY_APPL_NUM == 0x1)?appl1_start:appl2_start
                0x00000000                ecc_offset = ((appl_start / CY_FLASH_ROW_SIZE) * CY_ECC_ROW_SIZE)
                0x00000000                ee_offset = (CY_APPL_LOADABLE && ! (CY_EE_IN_BTLDR))?((CY_EE_SIZE / CY_APPL_MAX) * (CY_APPL_NUM - 0x1)):0x0
                0x00000800                ee_size = (CY_APPL_LOADABLE && ! (CY_EE_IN_BTLDR))?(CY_EE_SIZE / CY_APPL_MAX):CY_EE_SIZE
                [!provide]                PROVIDE (CY_ECC_OFFSET, ecc_offset)

.text           0x00000000     0xb75e
 CREATE_OBJECT_SYMBOLS
                0x00000000                PROVIDE (__cy_interrupt_vector, RomVectors)
 *(.romvectors)
 .romvectors    0x00000000       0x10 .\ARM_GCC_541\Debug\Cm3Start.o
                0x00000000                RomVectors
                0x00000001                ASSERT ((. != __cy_interrupt_vector), No interrupt vector)
                0x00000001                ASSERT (CY_APPL_ORIGIN?(SIZEOF (.cybootloader) <= CY_APPL_ORIGIN):0x1, Wrong image location)
                0x00000010                PROVIDE (__cy_reset, Reset)
 *(.text.Reset)
 .text.Reset    0x00000010       0x18 .\ARM_GCC_541\Debug\Cm3Start.o
                0x00000010                Reset
                0x00000001                ASSERT ((. != __cy_reset), No reset code)
 *(.dma_init)
                0x00000001                ASSERT ((((appl_start + .) <= 0x10000) || 0x1), DMA Init must be within the first 64k of flash)
 *(.text .text.* .gnu.linkonce.t.*)
 .text          0x00000028       0x5c c:/program files (x86)/cypress/psoc creator/4.4/psoc creator/import/gnu/arm/5.4.1/bin/../lib/gcc/arm-none-eabi/5.4.1/armv7-m/crtbegin.o
 .text._hamfly_psoc5_putc
                0x00000084       0x1c .\ARM_GCC_541\Debug\main.o
 .text.psoc_get_tick
                0x000000a0       0x1c .\ARM_GCC_541\Debug\main.o
 .text.isr_rx_movi_Handler
                0x000000bc       0x58 .\ARM_GCC_541\Debug\main.o
                0x000000bc                isr_rx_movi_Handler
 .text.isr_Looptimer_Handler
                0x00000114       0x1c .\ARM_GCC_541\Debug\main.o
                0x00000114                isr_Looptimer_Handler
 .text.isr_rx_sbc_Handler
                0x00000130       0x50 .\ARM_GCC_541\Debug\main.o
                0x00000130                isr_rx_sbc_Handler
 .text.decomp   0x00000180       0xa8 .\ARM_GCC_541\Debug\main.o
 .text.mode_str
                0x00000228       0x38 .\ARM_GCC_541\Debug\main.o
 .text.main     0x00000260      0x300 .\ARM_GCC_541\Debug\main.o
                0x00000260                main
 .text.isr_adc_Handler
                0x00000560       0x18 .\ARM_GCC_541\Debug\adc_balanced.o
                0x00000560                isr_adc_Handler
 .text.adc_balanced_init
                0x00000578       0x6c .\ARM_GCC_541\Debug\adc_balanced.o
                0x00000578                adc_balanced_init
 .text.adc_balanced_advance_on_eoc
                0x000005e4       0x64 .\ARM_GCC_541\Debug\adc_balanced.o
 .text.adc_balanced_poll_frame
                0x00000648       0x6c .\ARM_GCC_541\Debug\adc_balanced.o
                0x00000648                adc_balanced_poll_frame
 .text.joystick_set_sensitivity
                0x000006b4       0x48 .\ARM_GCC_541\Debug\joystick.o
                0x000006b4                joystick_set_sensitivity
 .text.normalize_axis
                0x000006fc       0xd0 .\ARM_GCC_541\Debug\joystick.o
 .text.apply_deadband
                0x000007cc       0x90 .\ARM_GCC_541\Debug\joystick.o
 .text.joystick_validate
                0x0000085c       0x94 .\ARM_GCC_541\Debug\joystick.o
                0x0000085c                joystick_validate
 .text.cal_begin_range_capture
                0x000008f0       0x84 .\ARM_GCC_541\Debug\joystick.o
 .text.cal_update_ranges
                0x00000974       0x98 .\ARM_GCC_541\Debug\joystick.o
 .text.cal_start_center_capture
                0x00000a0c       0x44 .\ARM_GCC_541\Debug\joystick.o
 .text.cal_center_capture_update
                0x00000a50       0xa8 .\ARM_GCC_541\Debug\joystick.o
 .text.cal_save_or_restart
                0x00000af8       0x44 .\ARM_GCC_541\Debug\joystick.o
 .text.joystick_init
                0x00000b3c       0xa4 .\ARM_GCC_541\Debug\joystick.o
                0x00000b3c                joystick_init
 .text.joystick_on_sample
                0x00000be0       0x48 .\ARM_GCC_541\Debug\joystick.o
                0x00000be0                joystick_on_sample
 .text.joystick_on_key
                0x00000c28       0x70 .\ARM_GCC_541\Debug\joystick.o
                0x00000c28                joystick_on_key
 .text.joystick_cal_state
                0x00000c98       0x14 .\ARM_GCC_541\Debug\joystick.o
                0x00000c98                joystick_cal_state
 .text.joystick_get_cmd
                0x00000cac       0xe8 .\ARM_GCC_541\Debug\joystick.o
                0x00000cac                joystick_get_cmd
 .text.joystick_load
                0x00000d94       0x4c .\ARM_GCC_541\Debug\joystick.o
                0x00000d94                joystick_load
 .text.slot_id_to_row
                0x00000de0       0x2c .\ARM_GCC_541\Debug\psoc_eeprom.o
 .text.read_row_byte
                0x00000e0c       0x38 .\ARM_GCC_541\Debug\psoc_eeprom.o
 .text.read_row_data
                0x00000e44       0x3c .\ARM_GCC_541\Debug\psoc_eeprom.o
 .text.psoc_eeprom_init
                0x00000e80        0xc .\ARM_GCC_541\Debug\psoc_eeprom.o
                0x00000e80                psoc_eeprom_init
 .text.psoc_eeprom_read
                0x00000e8c       0x7c .\ARM_GCC_541\Debug\psoc_eeprom.o
                0x00000e8c                psoc_eeprom_read
 .text.app_ctx_init
                0x00000f08       0x3c .\ARM_GCC_541\Debug\app_ctx.o
                0x00000f08                app_ctx_init
 .text.depth_of
                0x00000f44       0x34 .\ARM_GCC_541\Debug\app_statemachine.o
 .text.lca      0x00000f78       0x80 .\ARM_GCC_541\Debug\app_statemachine.o
 .text.transition
                0x00000ff8       0xf0 .\ARM_GCC_541\Debug\app_statemachine.o
 .text.app_start
                0x000010e8       0x28 .\ARM_GCC_541\Debug\app_statemachine.o
                0x000010e8                app_start
 .text.app_raise_error
                0x00001110       0x68 .\ARM_GCC_541\Debug\app_statemachine.o
                0x00001110                app_raise_error
 .text.app_state_name
                0x00001178       0x20 .\ARM_GCC_541\Debug\app_statemachine.o
                0x00001178                app_state_name
 .text.app_telem_tick
                0x00001198       0x70 .\ARM_GCC_541\Debug\app_statemachine.o
                0x00001198                app_telem_tick
 .text.entry_stby_defer
                0x00001208       0x1c .\ARM_GCC_541\Debug\app_statemachine.o
 .text.entry_stby_hold
                0x00001224       0x1c .\ARM_GCC_541\Debug\app_statemachine.o
 .text.entry_manu_joystick
                0x00001240       0x20 .\ARM_GCC_541\Debug\app_statemachine.o
 .text.exit_manu_joystick
                0x00001260       0x18 .\ARM_GCC_541\Debug\app_statemachine.o
 .text.entry_auto_test
                0x00001278       0x1c .\ARM_GCC_541\Debug\app_statemachine.o
 .text.app_auto_tick
                0x00001294       0xdc .\ARM_GCC_541\Debug\app_statemachine.o
                0x00001294                app_auto_tick
 .text.sev_str  0x00001370       0x40 .\ARM_GCC_541\Debug\app_statemachine.o
 .text.entry_error_active
                0x000013b0       0x80 .\ARM_GCC_541\Debug\app_statemachine.o
 .text.manu_pan_tilt_deg
                0x00001430       0x54 .\ARM_GCC_541\Debug\app_statemachine.o
 .text.set_origin
                0x00001484       0x6c .\ARM_GCC_541\Debug\app_statemachine.o
 .text.print_help
                0x000014f0       0x1c .\ARM_GCC_541\Debug\app_statemachine.o
 .text.handle_global_key
                0x0000150c       0x94 .\ARM_GCC_541\Debug\app_statemachine.o
 .text.leaf_traps_nav
                0x000015a0       0x20 .\ARM_GCC_541\Debug\app_statemachine.o
 .text.handle_nav_key
                0x000015c0       0x48 .\ARM_GCC_541\Debug\app_statemachine.o
 .text.key_error_active
                0x00001608       0x40 .\ARM_GCC_541\Debug\app_statemachine.o
 .text.app_dispatch_key
                0x00001648       0xa0 .\ARM_GCC_541\Debug\app_statemachine.o
                0x00001648                app_dispatch_key
 .text.build_zero
                0x000016e8       0x1c .\ARM_GCC_541\Debug\app_statemachine.o
 .text.build_stby
                0x00001704       0x1c .\ARM_GCC_541\Debug\app_statemachine.o
 .text.build_manu_joystick
                0x00001720       0xa4 .\ARM_GCC_541\Debug\app_statemachine.o
 .text.build_error
                0x000017c4       0x28 .\ARM_GCC_541\Debug\app_statemachine.o
 .text.app_build_control
                0x000017ec       0x3c .\ARM_GCC_541\Debug\app_statemachine.o
                0x000017ec                app_build_control
 .text.nudge_apply
                0x00001828      0x1a0 .\ARM_GCC_541\Debug\app_statemachine.o
 .text.key_manu_joystick
                0x000019c8      0x224 .\ARM_GCC_541\Debug\app_statemachine.o
 .text.app_manual_tick
                0x00001bec       0xc0 .\ARM_GCC_541\Debug\app_statemachine.o
                0x00001bec                app_manual_tick
 .text.sbc_init
                0x00001cac       0x84 .\ARM_GCC_541\Debug\sbc_comms.o
                0x00001cac                sbc_init
 .text.decode_centroid
                0x00001d30      0x114 .\ARM_GCC_541\Debug\sbc_comms.o
 .text.sbc_on_rx_byte
                0x00001e44      0x18c .\ARM_GCC_541\Debug\sbc_comms.o
                0x00001e44                sbc_on_rx_byte
 .text.sbc_on_uart_err_flags
                0x00001fd0       0x30 .\ARM_GCC_541\Debug\sbc_comms.o
                0x00001fd0                sbc_on_uart_err_flags
 .text.sbc_get_centroid
                0x00002000       0x88 .\ARM_GCC_541\Debug\sbc_comms.o
                0x00002000                sbc_get_centroid
 .text.sbc_unknown_magic
                0x00002088       0x14 .\ARM_GCC_541\Debug\sbc_comms.o
                0x00002088                sbc_unknown_magic
 .text.sbc_rx_pkt_count
                0x0000209c       0x14 .\ARM_GCC_541\Debug\sbc_comms.o
                0x0000209c                sbc_rx_pkt_count
 .text.sbc_last_centroid_dt_ms
                0x000020b0       0x2c .\ARM_GCC_541\Debug\sbc_comms.o
                0x000020b0                sbc_last_centroid_dt_ms
 .text.sbc_crc_errors
                0x000020dc       0x14 .\ARM_GCC_541\Debug\sbc_comms.o
                0x000020dc                sbc_crc_errors
 .text.sbc_uart_errors
                0x000020f0       0x14 .\ARM_GCC_541\Debug\sbc_comms.o
                0x000020f0                sbc_uart_errors
 .text.sbc_send_frame
                0x00002104       0x8c .\ARM_GCC_541\Debug\sbc_comms.o
                0x00002104                sbc_send_frame
 .text.sat_i16  0x00002190       0x4c .\ARM_GCC_541\Debug\telemetry.o
 .text.sat_u32  0x000021dc       0x44 .\ARM_GCC_541\Debug\telemetry.o
 .text.sat_u16  0x00002220       0x48 .\ARM_GCC_541\Debug\telemetry.o
 .text.telemetry_collect_hot
                0x00002268      0x164 .\ARM_GCC_541\Debug\telemetry.o
                0x00002268                telemetry_collect_hot
 .text.telemetry_collect_link
                0x000023cc       0x64 .\ARM_GCC_541\Debug\telemetry.o
                0x000023cc                telemetry_collect_link
 .text.telemetry_collect_power
                0x00002430       0xc0 .\ARM_GCC_541\Debug\telemetry.o
                0x00002430                telemetry_collect_power
 .text.telemetry_collect_env
                0x000024f0       0x80 .\ARM_GCC_541\Debug\telemetry.o
                0x000024f0                telemetry_collect_env
 .text.encode_hot
                0x00002570      0x11c .\ARM_GCC_541\Debug\telemetry.o
 .text.encode_link
                0x0000268c       0x94 .\ARM_GCC_541\Debug\telemetry.o
 .text.encode_power
                0x00002720       0x9c .\ARM_GCC_541\Debug\telemetry.o
 .text.encode_env
                0x000027bc       0x58 .\ARM_GCC_541\Debug\telemetry.o
 .text.telemetry_send_hot_sbc
                0x00002814       0x44 .\ARM_GCC_541\Debug\telemetry.o
                0x00002814                telemetry_send_hot_sbc
 .text.telemetry_send_link_sbc
                0x00002858       0x44 .\ARM_GCC_541\Debug\telemetry.o
                0x00002858                telemetry_send_link_sbc
 .text.telemetry_send_power_sbc
                0x0000289c       0x44 .\ARM_GCC_541\Debug\telemetry.o
                0x0000289c                telemetry_send_power_sbc
 .text.telemetry_send_env_sbc
                0x000028e0       0x44 .\ARM_GCC_541\Debug\telemetry.o
                0x000028e0                telemetry_send_env_sbc
 .text.telemetry_pump
                0x00002924       0xd8 .\ARM_GCC_541\Debug\telemetry.o
                0x00002924                telemetry_pump
 .text.rb_next  0x000029fc       0x28 .\ARM_GCC_541\Debug\hamfly_comm_rb.o
 .text.hamfly_rb_init
                0x00002a24       0x2c .\ARM_GCC_541\Debug\hamfly_comm_rb.o
                0x00002a24                hamfly_rb_init
 .text.hamfly_rb_push
                0x00002a50       0x64 .\ARM_GCC_541\Debug\hamfly_comm_rb.o
                0x00002a50                hamfly_rb_push
 .text.hamfly_rb_pop
                0x00002ab4       0x58 .\ARM_GCC_541\Debug\hamfly_comm_rb.o
                0x00002ab4                hamfly_rb_pop
 .text.load_freefly_control
                0x00002b0c       0x50 .\ARM_GCC_541\Debug\hamfly_core_gimbal.o
 .text.copy_qx287_to_telemetry
                0x00002b5c       0x1c .\ARM_GCC_541\Debug\hamfly_core_gimbal.o
 .text.drain_rb
                0x00002b78       0x44 .\ARM_GCC_541\Debug\hamfly_core_gimbal.o
 .text.hamfly_init
                0x00002bbc       0x5c .\ARM_GCC_541\Debug\hamfly_core_gimbal.o
                0x00002bbc                hamfly_init
 .text.hamfly_on_rx_byte
                0x00002c18       0x3c .\ARM_GCC_541\Debug\hamfly_core_gimbal.o
                0x00002c18                hamfly_on_rx_byte
 .text.hamfly_on_uart_err_flags
                0x00002c54       0x30 .\ARM_GCC_541\Debug\hamfly_core_gimbal.o
                0x00002c54                hamfly_on_uart_err_flags
 .text.hamfly_pump
                0x00002c84      0x27c .\ARM_GCC_541\Debug\hamfly_core_gimbal.o
                0x00002c84                hamfly_pump
 .text.hamfly_send_control
                0x00002f00       0x7c .\ARM_GCC_541\Debug\hamfly_core_gimbal.o
                0x00002f00                hamfly_send_control
 .text.hamfly_kill
                0x00002f7c       0x3c .\ARM_GCC_541\Debug\hamfly_core_gimbal.o
                0x00002f7c                hamfly_kill
 .text.hamfly_request_attr
                0x00002fb8       0xa8 .\ARM_GCC_541\Debug\hamfly_core_gimbal.o
                0x00002fb8                hamfly_request_attr
 .text.hamfly_get_telemetry
                0x00003060       0x30 .\ARM_GCC_541\Debug\hamfly_core_gimbal.o
                0x00003060                hamfly_get_telemetry
 .text.rd_be32  0x00003090       0x34 .\ARM_GCC_541\Debug\hamfly_core_telemetry.o
 .text.rd_be16  0x000030c4       0x28 .\ARM_GCC_541\Debug\hamfly_core_telemetry.o
 .text.rd_be_u16
                0x000030ec       0x28 .\ARM_GCC_541\Debug\hamfly_core_telemetry.o
 .text.rd_le16  0x00003114       0x24 .\ARM_GCC_541\Debug\hamfly_core_telemetry.o
 .text.hamfly_telemetry_to_euler
                0x00003138      0x1d4 .\ARM_GCC_541\Debug\hamfly_core_telemetry.o
                0x00003138                hamfly_telemetry_to_euler
 .text.hamfly_decode_qx287
                0x0000330c       0x68 .\ARM_GCC_541\Debug\hamfly_core_telemetry.o
                0x0000330c                hamfly_decode_qx287
 .text.hamfly_decode_gps
                0x00003374      0x1a0 .\ARM_GCC_541\Debug\hamfly_core_telemetry.o
                0x00003374                hamfly_decode_gps
 .text.hamfly_decode_baro
                0x00003514       0x78 .\ARM_GCC_541\Debug\hamfly_core_telemetry.o
                0x00003514                hamfly_decode_baro
 .text.hamfly_decode_attitude
                0x0000358c      0x144 .\ARM_GCC_541\Debug\hamfly_core_telemetry.o
                0x0000358c                hamfly_decode_attitude
 .text.hamfly_decode_sysstat
                0x000036d0      0x1c8 .\ARM_GCC_541\Debug\hamfly_core_telemetry.o
                0x000036d0                hamfly_decode_sysstat
 .text.hamfly_decode_mag
                0x00003898      0x18c .\ARM_GCC_541\Debug\hamfly_core_telemetry.o
                0x00003898                hamfly_decode_mag
 .text.hamfly_decode_sysecho
                0x00003a24       0x7c .\ARM_GCC_541\Debug\hamfly_core_telemetry.o
                0x00003a24                hamfly_decode_sysecho
 .text.ff_api_init
                0x00003aa0       0x7c .\ARM_GCC_541\Debug\hamfly_qx_app.o
 .text.ff_api_send
                0x00003b1c       0x44 .\ARM_GCC_541\Debug\hamfly_qx_app.o
 .text.QX_ParsePacket_Cli_MoVI_Ctrl_CB
                0x00003b60      0x884 .\ARM_GCC_541\Debug\hamfly_qx_app.o
 .text.QX_SendMsg2CommsPort_CB
                0x000043e4       0x64 .\ARM_GCC_541\Debug\hamfly_qx_app.o
                0x000043e4                QX_SendMsg2CommsPort_CB
 .text.QX_FwdMsg_CB
                0x00004448       0x14 .\ARM_GCC_541\Debug\hamfly_qx_app.o
                0x00004448                QX_FwdMsg_CB
 .text.QX_GetTicks_ms
                0x0000445c       0x34 .\ARM_GCC_541\Debug\hamfly_qx_app.o
                0x0000445c                QX_GetTicks_ms
 .text.QX_Parser_SetMsgPtr
                0x00004490       0x1c .\ARM_GCC_541\Debug\hamfly_qx_protocol.o
                0x00004490                QX_Parser_SetMsgPtr
 .text.QX_Parser_AdvMsgPtr
                0x000044ac       0x1c .\ARM_GCC_541\Debug\hamfly_qx_protocol.o
                0x000044ac                QX_Parser_AdvMsgPtr
 .text.QX_Parser_GetMsgPtr
                0x000044c8       0x14 .\ARM_GCC_541\Debug\hamfly_qx_protocol.o
                0x000044c8                QX_Parser_GetMsgPtr
 .text.QX_Parser_SetDir_Read
                0x000044dc       0x18 .\ARM_GCC_541\Debug\hamfly_qx_protocol.o
                0x000044dc                QX_Parser_SetDir_Read
 .text.QX_Parser_SetDir_WriteAbs
                0x000044f4       0x18 .\ARM_GCC_541\Debug\hamfly_qx_protocol.o
                0x000044f4                QX_Parser_SetDir_WriteAbs
 .text.AddFloatAsSignedShort
                0x0000450c       0xc8 .\ARM_GCC_541\Debug\hamfly_qx_protocol.o
                0x0000450c                AddFloatAsSignedShort
 .text.GetFloatAsSignedShort
                0x000045d4      0x170 .\ARM_GCC_541\Debug\hamfly_qx_protocol.o
                0x000045d4                GetFloatAsSignedShort
 .text.AddSignedShortAsSignedShort
                0x00004744       0x58 .\ARM_GCC_541\Debug\hamfly_qx_protocol.o
                0x00004744                AddSignedShortAsSignedShort
 .text.GetSignedShortAsSignedShort
                0x0000479c      0x15c .\ARM_GCC_541\Debug\hamfly_qx_protocol.o
                0x0000479c                GetSignedShortAsSignedShort
 .text.AddUnsignedCharAsUnsignedChar
                0x000048f8       0x3c .\ARM_GCC_541\Debug\hamfly_qx_protocol.o
                0x000048f8                AddUnsignedCharAsUnsignedChar
 .text.GetUnsignedCharAsUnsignedChar
                0x00004934       0xc8 .\ARM_GCC_541\Debug\hamfly_qx_protocol.o
                0x00004934                GetUnsignedCharAsUnsignedChar
 .text.AddUnsignedShortAsUnsignedShort
                0x000049fc       0x54 .\ARM_GCC_541\Debug\hamfly_qx_protocol.o
                0x000049fc                AddUnsignedShortAsUnsignedShort
 .text.GetUnsignedShortAsUnsignedShort
                0x00004a50       0xf8 .\ARM_GCC_541\Debug\hamfly_qx_protocol.o
                0x00004a50                GetUnsignedShortAsUnsignedShort
 .text.AddBitsAsByte
                0x00004b48       0xcc .\ARM_GCC_541\Debug\hamfly_qx_protocol.o
                0x00004b48                AddBitsAsByte
 .text.GetBitsAsByte
                0x00004c14       0xdc .\ARM_GCC_541\Debug\hamfly_qx_protocol.o
                0x00004c14                GetBitsAsByte
 .text.QX_InitMsg
                0x00004cf0       0x30 .\ARM_GCC_541\Debug\hamfly_qx_protocol.o
 .text.QX_RxMsg
                0x00004d20       0xec .\ARM_GCC_541\Debug\hamfly_qx_protocol.o
 .text.QX_Srv_Rx_Read
                0x00004e0c       0x90 .\ARM_GCC_541\Debug\hamfly_qx_protocol.o
 .text.QX_Srv_Rx_Write
                0x00004e9c       0xc4 .\ARM_GCC_541\Debug\hamfly_qx_protocol.o
 .text.QX_Cli_Rx_CurVal
                0x00004f60       0x3c .\ARM_GCC_541\Debug\hamfly_qx_protocol.o
 .text.QX_TxMsg_Setup
                0x00004f9c       0x4c .\ARM_GCC_541\Debug\hamfly_qx_protocol.o
 .text.QX_TxMsg_Finish
                0x00004fe8      0x1dc .\ARM_GCC_541\Debug\hamfly_qx_protocol.o
 .text.QX_BuildHeader
                0x000051c4      0x188 .\ARM_GCC_541\Debug\hamfly_qx_protocol.o
 .text.QX_ParseHeader
                0x0000534c      0x114 .\ARM_GCC_541\Debug\hamfly_qx_protocol.o
 .text.QX_Calc8bChecksum
                0x00005460       0x3c .\ARM_GCC_541\Debug\hamfly_qx_protocol.o
 .text.QX_AddExtdValToBuf
                0x0000549c       0x88 .\ARM_GCC_541\Debug\hamfly_qx_protocol.o
 .text.QX_GetExtdValFromBuf
                0x00005524       0x6c .\ARM_GCC_541\Debug\hamfly_qx_protocol.o
 .text.QX_compute_crc32
                0x00005590       0x4c .\ARM_GCC_541\Debug\hamfly_qx_protocol.o
 .text.QX_accumulate_crc32
                0x000055dc       0x54 .\ARM_GCC_541\Debug\hamfly_qx_protocol.o
                0x000055dc                QX_accumulate_crc32
 .text.QX_InitCli
                0x00005630       0x24 .\ARM_GCC_541\Debug\hamfly_qx_protocol.o
                0x00005630                QX_InitCli
 .text.QX_InitTxOptions
                0x00005654       0x3c .\ARM_GCC_541\Debug\hamfly_qx_protocol.o
                0x00005654                QX_InitTxOptions
 .text.QX_SendPacket_Srv_CurVal
                0x00005690       0x98 .\ARM_GCC_541\Debug\hamfly_qx_protocol.o
                0x00005690                QX_SendPacket_Srv_CurVal
 .text.QX_SendPacket_Cli_Read
                0x00005728       0x80 .\ARM_GCC_541\Debug\hamfly_qx_protocol.o
                0x00005728                QX_SendPacket_Cli_Read
 .text.QX_SendPacket_Cli_WriteABS
                0x000057a8       0x98 .\ARM_GCC_541\Debug\hamfly_qx_protocol.o
                0x000057a8                QX_SendPacket_Cli_WriteABS
 .text.QX_StreamRxCharSM
                0x00005840      0x6e0 .\ARM_GCC_541\Debug\hamfly_qx_protocol.o
                0x00005840                QX_StreamRxCharSM
 .text.CYMEMZERO
                0x00005f20       0x1c .\ARM_GCC_541\Debug\cyfitter_cfg.o
 .text.CYCONFIGCPY
                0x00005f3c       0x20 .\ARM_GCC_541\Debug\cyfitter_cfg.o
 .text.CyClockStartupError
                0x00005f5c        0xc .\ARM_GCC_541\Debug\cyfitter_cfg.o
 .text.cfg_write_bytes32
                0x00005f68       0x74 .\ARM_GCC_541\Debug\cyfitter_cfg.o
 .text.ClockSetup
                0x00005fdc      0x180 .\ARM_GCC_541\Debug\cyfitter_cfg.o
 .text.AnalogSetDefault
                0x0000615c       0x44 .\ARM_GCC_541\Debug\cyfitter_cfg.o
 .text.AMux_1_Set
                0x000061a0       0x6c .\ARM_GCC_541\Debug\cyfitter_cfg.o
                0x000061a0                AMux_1_Set
 .text.AMux_1_Unset
                0x0000620c       0x74 .\ARM_GCC_541\Debug\cyfitter_cfg.o
                0x0000620c                AMux_1_Unset
 .text.ADC_DelSig_1_AMux_Set
                0x00006280       0x40 .\ARM_GCC_541\Debug\cyfitter_cfg.o
                0x00006280                ADC_DelSig_1_AMux_Set
 .text.ADC_DelSig_1_AMux_Unset
                0x000062c0       0x44 .\ARM_GCC_541\Debug\cyfitter_cfg.o
                0x000062c0                ADC_DelSig_1_AMux_Unset
 .text.cyfitter_cfg
                0x00006304      0x1ac .\ARM_GCC_541\Debug\cyfitter_cfg.o
                0x00006304                cyfitter_cfg
 .text.IntDefaultHandler
                0x000064b0       0x14 .\ARM_GCC_541\Debug\Cm3Start.o
                0x000064b0                IntDefaultHandler
 .text._sbrk    0x000064c4       0x50 .\ARM_GCC_541\Debug\Cm3Start.o
                0x000064c4                _sbrk
 .text.Start_c  0x00006514       0x98 .\ARM_GCC_541\Debug\Cm3Start.o
                0x00006514                Start_c
 .text.initialize_psoc
                0x000065ac       0x90 .\ARM_GCC_541\Debug\Cm3Start.o
                0x000065ac                initialize_psoc
 .text.ADC_DelSig_1_Init
                0x0000663c      0x11c .\ARM_GCC_541\Debug\Proj07_hamflyAPI_stateMachineUpgrade.a(ADC_DelSig_1.o)
                0x0000663c                ADC_DelSig_1_Init
 .text.ADC_DelSig_1_Enable
                0x00006758      0x158 .\ARM_GCC_541\Debug\Proj07_hamflyAPI_stateMachineUpgrade.a(ADC_DelSig_1.o)
                0x00006758                ADC_DelSig_1_Enable
 .text.ADC_DelSig_1_Start
                0x000068b0       0x30 .\ARM_GCC_541\Debug\Proj07_hamflyAPI_stateMachineUpgrade.a(ADC_DelSig_1.o)
                0x000068b0                ADC_DelSig_1_Start
 .text.ADC_DelSig_1_StartConvert
                0x000068e0       0x20 .\ARM_GCC_541\Debug\Proj07_hamflyAPI_stateMachineUpgrade.a(ADC_DelSig_1.o)
                0x000068e0                ADC_DelSig_1_StartConvert
 .text.ADC_DelSig_1_StopConvert
                0x00006900       0x20 .\ARM_GCC_541\Debug\Proj07_hamflyAPI_stateMachineUpgrade.a(ADC_DelSig_1.o)
                0x00006900                ADC_DelSig_1_StopConvert
 .text.ADC_DelSig_1_GetResult16
                0x00006920       0x7c .\ARM_GCC_541\Debug\Proj07_hamflyAPI_stateMachineUpgrade.a(ADC_DelSig_1.o)
                0x00006920                ADC_DelSig_1_GetResult16
 .text.ADC_DelSig_1_InitConfig
                0x0000699c      0x164 .\ARM_GCC_541\Debug\Proj07_hamflyAPI_stateMachineUpgrade.a(ADC_DelSig_1.o)
 .text.ADC_DelSig_1_GainCompensation
                0x00006b00      0x170 .\ARM_GCC_541\Debug\Proj07_hamflyAPI_stateMachineUpgrade.a(ADC_DelSig_1.o)
 .text.ADC_DelSig_1_SetDSMRef0Reg
                0x00006c70       0x7c .\ARM_GCC_541\Debug\Proj07_hamflyAPI_stateMachineUpgrade.a(ADC_DelSig_1.o)
 .text.ADC_DelSig_1_ISR1
                0x00006cec        0xc .\ARM_GCC_541\Debug\Proj07_hamflyAPI_stateMachineUpgrade.a(ADC_DelSig_1_INT.o)
                0x00006cec                ADC_DelSig_1_ISR1
 .text.AMux_1_Start
                0x00006cf8       0x34 .\ARM_GCC_541\Debug\Proj07_hamflyAPI_stateMachineUpgrade.a(AMux_1.o)
                0x00006cf8                AMux_1_Start
 .text.AMux_1_FastSelect
                0x00006d2c       0x38 .\ARM_GCC_541\Debug\Proj07_hamflyAPI_stateMachineUpgrade.a(AMux_1.o)
                0x00006d2c                AMux_1_FastSelect
 .text.isr_adc_StartEx
                0x00006d64       0x24 .\ARM_GCC_541\Debug\Proj07_hamflyAPI_stateMachineUpgrade.a(isr_adc.o)
                0x00006d64                isr_adc_StartEx
 .text.isr_adc_SetVector
                0x00006d88       0x24 .\ARM_GCC_541\Debug\Proj07_hamflyAPI_stateMachineUpgrade.a(isr_adc.o)
                0x00006d88                isr_adc_SetVector
 .text.isr_adc_SetPriority
                0x00006dac       0x24 .\ARM_GCC_541\Debug\Proj07_hamflyAPI_stateMachineUpgrade.a(isr_adc.o)
                0x00006dac                isr_adc_SetPriority
 .text.isr_adc_Enable
                0x00006dd0       0x18 .\ARM_GCC_541\Debug\Proj07_hamflyAPI_stateMachineUpgrade.a(isr_adc.o)
                0x00006dd0                isr_adc_Enable
 .text.isr_adc_Disable
                0x00006de8       0x18 .\ARM_GCC_541\Debug\Proj07_hamflyAPI_stateMachineUpgrade.a(isr_adc.o)
                0x00006de8                isr_adc_Disable
 .text.isr_adc_ClearPending
                0x00006e00       0x18 .\ARM_GCC_541\Debug\Proj07_hamflyAPI_stateMachineUpgrade.a(isr_adc.o)
                0x00006e00                isr_adc_ClearPending
 .text.UART_MOVI_Start
                0x00006e18       0x24 .\ARM_GCC_541\Debug\Proj07_hamflyAPI_stateMachineUpgrade.a(UART_MOVI.o)
                0x00006e18                UART_MOVI_Start
 .text.UART_MOVI_Init
                0x00006e3c       0x40 .\ARM_GCC_541\Debug\Proj07_hamflyAPI_stateMachineUpgrade.a(UART_MOVI.o)
                0x00006e3c                UART_MOVI_Init
 .text.UART_MOVI_Enable
                0x00006e7c       0x5c .\ARM_GCC_541\Debug\Proj07_hamflyAPI_stateMachineUpgrade.a(UART_MOVI.o)
                0x00006e7c                UART_MOVI_Enable
 .text.UART_MOVI_ClearRxBuffer
                0x00006ed8       0x44 .\ARM_GCC_541\Debug\Proj07_hamflyAPI_stateMachineUpgrade.a(UART_MOVI.o)
                0x00006ed8                UART_MOVI_ClearRxBuffer
 .text.UART_MOVI_PutChar
                0x00006f1c       0x34 .\ARM_GCC_541\Debug\Proj07_hamflyAPI_stateMachineUpgrade.a(UART_MOVI.o)
                0x00006f1c                UART_MOVI_PutChar
 .text.UART_MOVI_ClearTxBuffer
                0x00006f50       0x44 .\ARM_GCC_541\Debug\Proj07_hamflyAPI_stateMachineUpgrade.a(UART_MOVI.o)
                0x00006f50                UART_MOVI_ClearTxBuffer
 .text.isr_rx_movi_StartEx
                0x00006f94       0x24 .\ARM_GCC_541\Debug\Proj07_hamflyAPI_stateMachineUpgrade.a(isr_rx_movi.o)
                0x00006f94                isr_rx_movi_StartEx
 .text.isr_rx_movi_SetVector
                0x00006fb8       0x24 .\ARM_GCC_541\Debug\Proj07_hamflyAPI_stateMachineUpgrade.a(isr_rx_movi.o)
                0x00006fb8                isr_rx_movi_SetVector
 .text.isr_rx_movi_SetPriority
                0x00006fdc       0x24 .\ARM_GCC_541\Debug\Proj07_hamflyAPI_stateMachineUpgrade.a(isr_rx_movi.o)
                0x00006fdc                isr_rx_movi_SetPriority
 .text.isr_rx_movi_Enable
                0x00007000       0x18 .\ARM_GCC_541\Debug\Proj07_hamflyAPI_stateMachineUpgrade.a(isr_rx_movi.o)
                0x00007000                isr_rx_movi_Enable
 .text.isr_rx_movi_Disable
                0x00007018       0x18 .\ARM_GCC_541\Debug\Proj07_hamflyAPI_stateMachineUpgrade.a(isr_rx_movi.o)
                0x00007018                isr_rx_movi_Disable
 .text.Looptimer_Init
                0x00007030       0xa0 .\ARM_GCC_541\Debug\Proj07_hamflyAPI_stateMachineUpgrade.a(Looptimer.o)
                0x00007030                Looptimer_Init
 .text.Looptimer_Enable
                0x000070d0       0x48 .\ARM_GCC_541\Debug\Proj07_hamflyAPI_stateMachineUpgrade.a(Looptimer.o)
                0x000070d0                Looptimer_Enable
 .text.Looptimer_Start
                0x00007118       0x24 .\ARM_GCC_541\Debug\Proj07_hamflyAPI_stateMachineUpgrade.a(Looptimer.o)
                0x00007118                Looptimer_Start
 .text.Looptimer_SetInterruptMode
                0x0000713c       0x20 .\ARM_GCC_541\Debug\Proj07_hamflyAPI_stateMachineUpgrade.a(Looptimer.o)
                0x0000713c                Looptimer_SetInterruptMode
 .text.Looptimer_ReadStatusRegister
                0x0000715c       0x18 .\ARM_GCC_541\Debug\Proj07_hamflyAPI_stateMachineUpgrade.a(Looptimer.o)
                0x0000715c                Looptimer_ReadStatusRegister
 .text.Looptimer_WritePeriod
                0x00007174       0x24 .\ARM_GCC_541\Debug\Proj07_hamflyAPI_stateMachineUpgrade.a(Looptimer.o)
                0x00007174                Looptimer_WritePeriod
 .text.Looptimer_WriteCounter
                0x00007198       0x20 .\ARM_GCC_541\Debug\Proj07_hamflyAPI_stateMachineUpgrade.a(Looptimer.o)
                0x00007198                Looptimer_WriteCounter
 .text.isr_Looptimer_StartEx
                0x000071b8       0x24 .\ARM_GCC_541\Debug\Proj07_hamflyAPI_stateMachineUpgrade.a(isr_Looptimer.o)
                0x000071b8                isr_Looptimer_StartEx
 .text.isr_Looptimer_SetVector
                0x000071dc       0x24 .\ARM_GCC_541\Debug\Proj07_hamflyAPI_stateMachineUpgrade.a(isr_Looptimer.o)
                0x000071dc                isr_Looptimer_SetVector
 .text.isr_Looptimer_SetPriority
                0x00007200       0x24 .\ARM_GCC_541\Debug\Proj07_hamflyAPI_stateMachineUpgrade.a(isr_Looptimer.o)
                0x00007200                isr_Looptimer_SetPriority
 .text.isr_Looptimer_Enable
                0x00007224       0x18 .\ARM_GCC_541\Debug\Proj07_hamflyAPI_stateMachineUpgrade.a(isr_Looptimer.o)
                0x00007224                isr_Looptimer_Enable
 .text.isr_Looptimer_Disable
                0x0000723c       0x18 .\ARM_GCC_541\Debug\Proj07_hamflyAPI_stateMachineUpgrade.a(isr_Looptimer.o)
                0x0000723c                isr_Looptimer_Disable
 .text.EEPROM_CONFIG_Enable
                0x00007254       0x10 .\ARM_GCC_541\Debug\Proj07_hamflyAPI_stateMachineUpgrade.a(EEPROM_CONFIG.o)
                0x00007254                EEPROM_CONFIG_Enable
 .text.EEPROM_CONFIG_Start
                0x00007264        0xc .\ARM_GCC_541\Debug\Proj07_hamflyAPI_stateMachineUpgrade.a(EEPROM_CONFIG.o)
                0x00007264                EEPROM_CONFIG_Start
 .text.ADC_DelSig_1_AMux_Start
                0x00007270       0x34 .\ARM_GCC_541\Debug\Proj07_hamflyAPI_stateMachineUpgrade.a(ADC_DelSig_1_AMux.o)
                0x00007270                ADC_DelSig_1_AMux_Start
 .text.ADC_DelSig_1_AMux_Select
                0x000072a4       0x28 .\ARM_GCC_541\Debug\Proj07_hamflyAPI_stateMachineUpgrade.a(ADC_DelSig_1_AMux.o)
                0x000072a4                ADC_DelSig_1_AMux_Select
 .text.ADC_DelSig_1_Ext_CP_Clk_SetDividerRegister
                0x000072cc      0x164 .\ARM_GCC_541\Debug\Proj07_hamflyAPI_stateMachineUpgrade.a(ADC_DelSig_1_Ext_CP_Clk.o)
                0x000072cc                ADC_DelSig_1_Ext_CP_Clk_SetDividerRegister
 .text.ADC_DelSig_1_Ext_CP_Clk_GetDividerRegister
                0x00007430       0x18 .\ARM_GCC_541\Debug\Proj07_hamflyAPI_stateMachineUpgrade.a(ADC_DelSig_1_Ext_CP_Clk.o)
                0x00007430                ADC_DelSig_1_Ext_CP_Clk_GetDividerRegister
 .text.ADC_DelSig_1_Ext_CP_Clk_SetModeRegister
                0x00007448       0x34 .\ARM_GCC_541\Debug\Proj07_hamflyAPI_stateMachineUpgrade.a(ADC_DelSig_1_Ext_CP_Clk.o)
                0x00007448                ADC_DelSig_1_Ext_CP_Clk_SetModeRegister
 .text.ADC_DelSig_1_Ext_CP_Clk_GetSourceRegister
                0x0000747c       0x1c .\ARM_GCC_541\Debug\Proj07_hamflyAPI_stateMachineUpgrade.a(ADC_DelSig_1_Ext_CP_Clk.o)
                0x0000747c                ADC_DelSig_1_Ext_CP_Clk_GetSourceRegister
 .text.ADC_DelSig_1_theACLK_SetDividerRegister
                0x00007498      0x164 .\ARM_GCC_541\Debug\Proj07_hamflyAPI_stateMachineUpgrade.a(ADC_DelSig_1_theACLK.o)
                0x00007498                ADC_DelSig_1_theACLK_SetDividerRegister
 .text.ADC_DelSig_1_theACLK_GetDividerRegister
                0x000075fc       0x18 .\ARM_GCC_541\Debug\Proj07_hamflyAPI_stateMachineUpgrade.a(ADC_DelSig_1_theACLK.o)
                0x000075fc                ADC_DelSig_1_theACLK_GetDividerRegister
 .text.ADC_DelSig_1_theACLK_SetModeRegister
                0x00007614       0x34 .\ARM_GCC_541\Debug\Proj07_hamflyAPI_stateMachineUpgrade.a(ADC_DelSig_1_theACLK.o)
                0x00007614                ADC_DelSig_1_theACLK_SetModeRegister
 .text.ADC_DelSig_1_theACLK_GetSourceRegister
                0x00007648       0x1c .\ARM_GCC_541\Debug\Proj07_hamflyAPI_stateMachineUpgrade.a(ADC_DelSig_1_theACLK.o)
                0x00007648                ADC_DelSig_1_theACLK_GetSourceRegister
 .text.CySetTempInt
                0x00007664       0x7c .\ARM_GCC_541\Debug\Proj07_hamflyAPI_stateMachineUpgrade.a(CyFlash.o)
 .text.CyFlashGetSpcAlgorithm
                0x000076e0       0x70 .\ARM_GCC_541\Debug\Proj07_hamflyAPI_stateMachineUpgrade.a(CyFlash.o)
                0x000076e0                CyFlashGetSpcAlgorithm
 .text.CySetTemp
                0x00007750       0x24 .\ARM_GCC_541\Debug\Proj07_hamflyAPI_stateMachineUpgrade.a(CyFlash.o)
                0x00007750                CySetTemp
 .text.CyEEPROM_Start
                0x00007774       0x8c .\ARM_GCC_541\Debug\Proj07_hamflyAPI_stateMachineUpgrade.a(CyFlash.o)
                0x00007774                CyEEPROM_Start
 .text.CyHalt   0x00007800       0x18 .\ARM_GCC_541\Debug\Proj07_hamflyAPI_stateMachineUpgrade.a(CyLib.o)
                0x00007800                CyHalt
 .text.CyDelayUs
                0x00007818       0x28 .\ARM_GCC_541\Debug\Proj07_hamflyAPI_stateMachineUpgrade.a(CyLib.o)
                0x00007818                CyDelayUs
 .text.CyIntSetVector
                0x00007840       0x50 .\ARM_GCC_541\Debug\Proj07_hamflyAPI_stateMachineUpgrade.a(CyLib.o)
                0x00007840                CyIntSetVector
 .text.CyIntSetPriority
                0x00007890       0x48 .\ARM_GCC_541\Debug\Proj07_hamflyAPI_stateMachineUpgrade.a(CyLib.o)
                0x00007890                CyIntSetPriority
 .text.CySpcStart
                0x000078d8       0x48 .\ARM_GCC_541\Debug\Proj07_hamflyAPI_stateMachineUpgrade.a(CySpc.o)
                0x000078d8                CySpcStart
 .text.CySpcReadData
                0x00007920       0x54 .\ARM_GCC_541\Debug\Proj07_hamflyAPI_stateMachineUpgrade.a(CySpc.o)
                0x00007920                CySpcReadData
 .text.CySpcGetTemp
                0x00007974       0x64 .\ARM_GCC_541\Debug\Proj07_hamflyAPI_stateMachineUpgrade.a(CySpc.o)
                0x00007974                CySpcGetTemp
 .text.CySpcLock
                0x000079d8       0x68 .\ARM_GCC_541\Debug\Proj07_hamflyAPI_stateMachineUpgrade.a(CySpc.o)
                0x000079d8                CySpcLock
 .text.CySpcUnlock
                0x00007a40       0x50 .\ARM_GCC_541\Debug\Proj07_hamflyAPI_stateMachineUpgrade.a(CySpc.o)
                0x00007a40                CySpcUnlock
 .text.CySpcGetAlgorithm
                0x00007a90       0x44 .\ARM_GCC_541\Debug\Proj07_hamflyAPI_stateMachineUpgrade.a(CySpc.o)
                0x00007a90                CySpcGetAlgorithm
 .text.UART_DEBUG_Start
                0x00007ad4       0x24 .\ARM_GCC_541\Debug\Proj07_hamflyAPI_stateMachineUpgrade.a(UART_DEBUG.o)
                0x00007ad4                UART_DEBUG_Start
 .text.UART_DEBUG_Init
                0x00007af8       0x40 .\ARM_GCC_541\Debug\Proj07_hamflyAPI_stateMachineUpgrade.a(UART_DEBUG.o)
                0x00007af8                UART_DEBUG_Init
 .text.UART_DEBUG_Enable
                0x00007b38       0x60 .\ARM_GCC_541\Debug\Proj07_hamflyAPI_stateMachineUpgrade.a(UART_DEBUG.o)
                0x00007b38                UART_DEBUG_Enable
 .text.UART_DEBUG_GetChar
                0x00007b98       0x44 .\ARM_GCC_541\Debug\Proj07_hamflyAPI_stateMachineUpgrade.a(UART_DEBUG.o)
                0x00007b98                UART_DEBUG_GetChar
 .text.UART_DEBUG_PutChar
                0x00007bdc       0x34 .\ARM_GCC_541\Debug\Proj07_hamflyAPI_stateMachineUpgrade.a(UART_DEBUG.o)
                0x00007bdc                UART_DEBUG_PutChar
 .text.UART_DEBUG_PutString
                0x00007c10       0x44 .\ARM_GCC_541\Debug\Proj07_hamflyAPI_stateMachineUpgrade.a(UART_DEBUG.o)
                0x00007c10                UART_DEBUG_PutString
 .text.UART_DEBUG_IntClock_Start
                0x00007c54       0x34 .\ARM_GCC_541\Debug\Proj07_hamflyAPI_stateMachineUpgrade.a(UART_DEBUG_IntClock.o)
                0x00007c54                UART_DEBUG_IntClock_Start
 .text.UART_SBC_Start
                0x00007c88       0x24 .\ARM_GCC_541\Debug\Proj07_hamflyAPI_stateMachineUpgrade.a(UART_SBC.o)
                0x00007c88                UART_SBC_Start
 .text.UART_SBC_Init
                0x00007cac       0x40 .\ARM_GCC_541\Debug\Proj07_hamflyAPI_stateMachineUpgrade.a(UART_SBC.o)
                0x00007cac                UART_SBC_Init
 .text.UART_SBC_Enable
                0x00007cec       0x60 .\ARM_GCC_541\Debug\Proj07_hamflyAPI_stateMachineUpgrade.a(UART_SBC.o)
                0x00007cec                UART_SBC_Enable
 .text.UART_SBC_ClearRxBuffer
                0x00007d4c       0x44 .\ARM_GCC_541\Debug\Proj07_hamflyAPI_stateMachineUpgrade.a(UART_SBC.o)
                0x00007d4c                UART_SBC_ClearRxBuffer
 .text.UART_SBC_PutChar
                0x00007d90       0x34 .\ARM_GCC_541\Debug\Proj07_hamflyAPI_stateMachineUpgrade.a(UART_SBC.o)
                0x00007d90                UART_SBC_PutChar
 .text.UART_SBC_ClearTxBuffer
                0x00007dc4       0x44 .\ARM_GCC_541\Debug\Proj07_hamflyAPI_stateMachineUpgrade.a(UART_SBC.o)
                0x00007dc4                UART_SBC_ClearTxBuffer
 .text.isr_rx_sbc_StartEx
                0x00007e08       0x24 .\ARM_GCC_541\Debug\Proj07_hamflyAPI_stateMachineUpgrade.a(isr_rx_sbc.o)
                0x00007e08                isr_rx_sbc_StartEx
 .text.isr_rx_sbc_SetVector
                0x00007e2c       0x24 .\ARM_GCC_541\Debug\Proj07_hamflyAPI_stateMachineUpgrade.a(isr_rx_sbc.o)
                0x00007e2c                isr_rx_sbc_SetVector
 .text.isr_rx_sbc_SetPriority
                0x00007e50       0x24 .\ARM_GCC_541\Debug\Proj07_hamflyAPI_stateMachineUpgrade.a(isr_rx_sbc.o)
                0x00007e50                isr_rx_sbc_SetPriority
 .text.isr_rx_sbc_Enable
                0x00007e74       0x18 .\ARM_GCC_541\Debug\Proj07_hamflyAPI_stateMachineUpgrade.a(isr_rx_sbc.o)
                0x00007e74                isr_rx_sbc_Enable
 .text.isr_rx_sbc_Disable
                0x00007e8c       0x18 .\ARM_GCC_541\Debug\Proj07_hamflyAPI_stateMachineUpgrade.a(isr_rx_sbc.o)
                0x00007e8c                isr_rx_sbc_Disable
 .text.UART_SBC_IntClock_Start
                0x00007ea4       0x34 .\ARM_GCC_541\Debug\Proj07_hamflyAPI_stateMachineUpgrade.a(UART_SBC_IntClock.o)
                0x00007ea4                UART_SBC_IntClock_Start
 .text          0x00007ed8       0x54 .\ARM_GCC_541\Debug\Proj07_hamflyAPI_stateMachineUpgrade.a(CyBootAsmGnu.o)
                0x00007ed8                CyDelayCycles
                0x00007f16                CyEnterCriticalSection
                0x00007f1e                CyExitCriticalSection
 .text.asinf    0x00007f2c       0xa4 c:/program files (x86)/cypress/psoc creator/4.4/psoc creator/import/gnu/arm/5.4.1/bin/../lib/gcc/arm-none-eabi/5.4.1/../../../../arm-none-eabi/lib/armv7-m\libm.a(lib_a-wf_asin.o)
                0x00007f2c                asinf
 .text.atan2f   0x00007fd0        0x4 c:/program files (x86)/cypress/psoc creator/4.4/psoc creator/import/gnu/arm/5.4.1/bin/../lib/gcc/arm-none-eabi/5.4.1/../../../../arm-none-eabi/lib/armv7-m\libm.a(lib_a-wf_atan2.o)
                0x00007fd0                atan2f
 .text.__ieee754_asinf
                0x00007fd4      0x294 c:/program files (x86)/cypress/psoc creator/4.4/psoc creator/import/gnu/arm/5.4.1/bin/../lib/gcc/arm-none-eabi/5.4.1/../../../../arm-none-eabi/lib/armv7-m\libm.a(lib_a-ef_asin.o)
                0x00007fd4                __ieee754_asinf
 .text.__ieee754_atan2f
                0x00008268      0x124 c:/program files (x86)/cypress/psoc creator/4.4/psoc creator/import/gnu/arm/5.4.1/bin/../lib/gcc/arm-none-eabi/5.4.1/../../../../arm-none-eabi/lib/armv7-m\libm.a(lib_a-ef_atan2.o)
                0x00008268                __ieee754_atan2f
 .text.__ieee754_sqrtf
                0x0000838c       0xa8 c:/program files (x86)/cypress/psoc creator/4.4/psoc creator/import/gnu/arm/5.4.1/bin/../lib/gcc/arm-none-eabi/5.4.1/../../../../arm-none-eabi/lib/armv7-m\libm.a(lib_a-ef_sqrt.o)
                0x0000838c                __ieee754_sqrtf
 .text.matherr  0x00008434        0x4 c:/program files (x86)/cypress/psoc creator/4.4/psoc creator/import/gnu/arm/5.4.1/bin/../lib/gcc/arm-none-eabi/5.4.1/../../../../arm-none-eabi/lib/armv7-m\libm.a(lib_a-s_matherr.o)
                0x00008434                matherr
 .text.nan      0x00008438        0xc c:/program files (x86)/cypress/psoc creator/4.4/psoc creator/import/gnu/arm/5.4.1/bin/../lib/gcc/arm-none-eabi/5.4.1/../../../../arm-none-eabi/lib/armv7-m\libm.a(lib_a-s_nan.o)
                0x00008438                nan
 .text.atanf    0x00008444      0x22c c:/program files (x86)/cypress/psoc creator/4.4/psoc creator/import/gnu/arm/5.4.1/bin/../lib/gcc/arm-none-eabi/5.4.1/../../../../arm-none-eabi/lib/armv7-m\libm.a(lib_a-sf_atan.o)
                0x00008444                atanf
 .text.fabsf    0x00008670        0x8 c:/program files (x86)/cypress/psoc creator/4.4/psoc creator/import/gnu/arm/5.4.1/bin/../lib/gcc/arm-none-eabi/5.4.1/../../../../arm-none-eabi/lib/armv7-m\libm.a(lib_a-sf_fabs.o)
                0x00008670                fabsf
 .text          0x00008678      0x370 c:/program files (x86)/cypress/psoc creator/4.4/psoc creator/import/gnu/arm/5.4.1/bin/../lib/gcc/arm-none-eabi/5.4.1/armv7-m\libgcc.a(_arm_addsubdf3.o)
                0x00008678                __aeabi_drsub
                0x00008680                __aeabi_dsub
                0x00008680                __subdf3
                0x00008684                __aeabi_dadd
                0x00008684                __adddf3
                0x000088fc                __floatunsidf
                0x000088fc                __aeabi_ui2d
                0x0000891c                __floatsidf
                0x0000891c                __aeabi_i2d
                0x00008940                __aeabi_f2d
                0x00008940                __extendsfdf2
                0x0000897c                __floatundidf
                0x0000897c                __aeabi_ul2d
                0x0000898c                __floatdidf
                0x0000898c                __aeabi_l2d
 .text          0x000089e8      0x424 c:/program files (x86)/cypress/psoc creator/4.4/psoc creator/import/gnu/arm/5.4.1/bin/../lib/gcc/arm-none-eabi/5.4.1/armv7-m\libgcc.a(_arm_muldivdf3.o)
                0x000089e8                __aeabi_dmul
                0x000089e8                __muldf3
                0x00008c3c                __divdf3
                0x00008c3c                __aeabi_ddiv
 .text          0x00008e0c      0x110 c:/program files (x86)/cypress/psoc creator/4.4/psoc creator/import/gnu/arm/5.4.1/bin/../lib/gcc/arm-none-eabi/5.4.1/armv7-m\libgcc.a(_arm_cmpdf2.o)
                0x00008e0c                __gtdf2
                0x00008e0c                __gedf2
                0x00008e14                __ltdf2
                0x00008e14                __ledf2
                0x00008e1c                __nedf2
                0x00008e1c                __eqdf2
                0x00008e1c                __cmpdf2
                0x00008e98                __aeabi_cdrcmple
                0x00008ea8                __aeabi_cdcmpeq
                0x00008ea8                __aeabi_cdcmple
                0x00008eb8                __aeabi_dcmpeq
                0x00008ecc                __aeabi_dcmplt
                0x00008ee0                __aeabi_dcmple
                0x00008ef4                __aeabi_dcmpge
                0x00008f08                __aeabi_dcmpgt
 .text          0x00008f1c       0x2c c:/program files (x86)/cypress/psoc creator/4.4/psoc creator/import/gnu/arm/5.4.1/bin/../lib/gcc/arm-none-eabi/5.4.1/armv7-m\libgcc.a(_arm_unorddf2.o)
                0x00008f1c                __unorddf2
                0x00008f1c                __aeabi_dcmpun
 .text          0x00008f48       0x50 c:/program files (x86)/cypress/psoc creator/4.4/psoc creator/import/gnu/arm/5.4.1/bin/../lib/gcc/arm-none-eabi/5.4.1/armv7-m\libgcc.a(_arm_fixdfsi.o)
                0x00008f48                __aeabi_d2iz
                0x00008f48                __fixdfsi
 .text          0x00008f98       0xa0 c:/program files (x86)/cypress/psoc creator/4.4/psoc creator/import/gnu/arm/5.4.1/bin/../lib/gcc/arm-none-eabi/5.4.1/armv7-m\libgcc.a(_arm_truncdfsf2.o)
                0x00008f98                __truncdfsf2
                0x00008f98                __aeabi_d2f
 .text          0x00009038      0x21c c:/program files (x86)/cypress/psoc creator/4.4/psoc creator/import/gnu/arm/5.4.1/bin/../lib/gcc/arm-none-eabi/5.4.1/armv7-m\libgcc.a(_arm_addsubsf3.o)
                0x00009038                __aeabi_frsub
                0x00009040                __subsf3
                0x00009040                __aeabi_fsub
                0x00009044                __aeabi_fadd
                0x00009044                __addsf3
                0x000091a4                __aeabi_ui2f
                0x000091a4                __floatunsisf
                0x000091ac                __aeabi_i2f
                0x000091ac                __floatsisf
                0x000091c8                __aeabi_ul2f
                0x000091c8                __floatundisf
                0x000091d8                __aeabi_l2f
                0x000091d8                __floatdisf
 .text          0x00009254      0x2a0 c:/program files (x86)/cypress/psoc creator/4.4/psoc creator/import/gnu/arm/5.4.1/bin/../lib/gcc/arm-none-eabi/5.4.1/armv7-m\libgcc.a(_arm_muldivsf3.o)
                0x00009254                __mulsf3
                0x00009254                __aeabi_fmul
                0x000093bc                __aeabi_fdiv
                0x000093bc                __divsf3
 .text          0x000094f4       0xec c:/program files (x86)/cypress/psoc creator/4.4/psoc creator/import/gnu/arm/5.4.1/bin/../lib/gcc/arm-none-eabi/5.4.1/armv7-m\libgcc.a(_arm_cmpsf2.o)
                0x000094f4                __gesf2
                0x000094f4                __gtsf2
                0x000094fc                __lesf2
                0x000094fc                __ltsf2
                0x00009504                __nesf2
                0x00009504                __eqsf2
                0x00009504                __cmpsf2
                0x00009564                __aeabi_cfrcmple
                0x0000956c                __aeabi_cfcmpeq
                0x0000956c                __aeabi_cfcmple
                0x0000957c                __aeabi_fcmpeq
                0x00009590                __aeabi_fcmplt
                0x000095a4                __aeabi_fcmple
                0x000095b8                __aeabi_fcmpge
                0x000095cc                __aeabi_fcmpgt
 .text          0x000095e0       0x2c c:/program files (x86)/cypress/psoc creator/4.4/psoc creator/import/gnu/arm/5.4.1/bin/../lib/gcc/arm-none-eabi/5.4.1/armv7-m\libgcc.a(_arm_unordsf2.o)
                0x000095e0                __unordsf2
                0x000095e0                __aeabi_fcmpun
 .text          0x0000960c       0x4c c:/program files (x86)/cypress/psoc creator/4.4/psoc creator/import/gnu/arm/5.4.1/bin/../lib/gcc/arm-none-eabi/5.4.1/armv7-m\libgcc.a(_arm_fixsfsi.o)
                0x0000960c                __aeabi_f2iz
                0x0000960c                __fixsfsi
 .text          0x00009658       0x40 c:/program files (x86)/cypress/psoc creator/4.4/psoc creator/import/gnu/arm/5.4.1/bin/../lib/gcc/arm-none-eabi/5.4.1/armv7-m\libgcc.a(_arm_fixunssfsi.o)
                0x00009658                __fixunssfsi
                0x00009658                __aeabi_f2uiz
 .text.__errno  0x00009698        0xc c:/program files (x86)/cypress/psoc creator/4.4/psoc creator/import/gnu/arm/5.4.1/bin/../lib/gcc/arm-none-eabi/5.4.1/../../../../arm-none-eabi/lib/armv7-m\libg_nano.a(lib_a-errno.o)
                0x00009698                __errno
 .text.__libc_init_array
                0x000096a4       0x4c c:/program files (x86)/cypress/psoc creator/4.4/psoc creator/import/gnu/arm/5.4.1/bin/../lib/gcc/arm-none-eabi/5.4.1/../../../../arm-none-eabi/lib/armv7-m\libg_nano.a(lib_a-init.o)
                0x000096a4                __libc_init_array
 .text.memcpy   0x000096f0       0x16 c:/program files (x86)/cypress/psoc creator/4.4/psoc creator/import/gnu/arm/5.4.1/bin/../lib/gcc/arm-none-eabi/5.4.1/../../../../arm-none-eabi/lib/armv7-m\libg_nano.a(lib_a-memcpy-stub.o)
                0x000096f0                memcpy
 .text.memset   0x00009706       0x10 c:/program files (x86)/cypress/psoc creator/4.4/psoc creator/import/gnu/arm/5.4.1/bin/../lib/gcc/arm-none-eabi/5.4.1/../../../../arm-none-eabi/lib/armv7-m\libg_nano.a(lib_a-memset.o)
                0x00009706                memset
 .text.__cvt    0x00009716       0xc0 c:/program files (x86)/cypress/psoc creator/4.4/psoc creator/import/gnu/arm/5.4.1/bin/../lib/gcc/arm-none-eabi/5.4.1/../../../../arm-none-eabi/lib/armv7-m\libg_nano.a(lib_a-nano-vfprintf_float.o)
                0x00009716                __cvt
 .text.__exponent
                0x000097d6       0x62 c:/program files (x86)/cypress/psoc creator/4.4/psoc creator/import/gnu/arm/5.4.1/bin/../lib/gcc/arm-none-eabi/5.4.1/../../../../arm-none-eabi/lib/armv7-m\libg_nano.a(lib_a-nano-vfprintf_float.o)
                0x000097d6                __exponent
 .text._printf_float
                0x00009838      0x488 c:/program files (x86)/cypress/psoc creator/4.4/psoc creator/import/gnu/arm/5.4.1/bin/../lib/gcc/arm-none-eabi/5.4.1/../../../../arm-none-eabi/lib/armv7-m\libg_nano.a(lib_a-nano-vfprintf_float.o)
                0x00009838                _printf_float
 .text._printf_common
                0x00009cc0       0xec c:/program files (x86)/cypress/psoc creator/4.4/psoc creator/import/gnu/arm/5.4.1/bin/../lib/gcc/arm-none-eabi/5.4.1/../../../../arm-none-eabi/lib/armv7-m\libg_nano.a(lib_a-nano-vfprintf_i.o)
                0x00009cc0                _printf_common
 .text._printf_i
                0x00009dac      0x24c c:/program files (x86)/cypress/psoc creator/4.4/psoc creator/import/gnu/arm/5.4.1/bin/../lib/gcc/arm-none-eabi/5.4.1/../../../../arm-none-eabi/lib/armv7-m\libg_nano.a(lib_a-nano-vfprintf_i.o)
                0x00009dac                _printf_i
 .text.snprintf
                0x00009ff8       0x64 c:/program files (x86)/cypress/psoc creator/4.4/psoc creator/import/gnu/arm/5.4.1/bin/../lib/gcc/arm-none-eabi/5.4.1/../../../../arm-none-eabi/lib/armv7-m\libg_nano.a(lib_a-snprintf.o)
                0x00009ff8                sniprintf
                0x00009ff8                snprintf
 .text          0x0000a05c       0x10 c:/program files (x86)/cypress/psoc creator/4.4/psoc creator/import/gnu/arm/5.4.1/bin/../lib/gcc/arm-none-eabi/5.4.1/../../../../arm-none-eabi/lib/armv7-m\libg_nano.a(lib_a-strlen.o)
                0x0000a05c                strlen
 .text.quorem   0x0000a06c      0x116 c:/program files (x86)/cypress/psoc creator/4.4/psoc creator/import/gnu/arm/5.4.1/bin/../lib/gcc/arm-none-eabi/5.4.1/../../../../arm-none-eabi/lib/armv7-m\libg_nano.a(lib_a-dtoa.o)
 *fill*         0x0000a182        0x6 
 .text._dtoa_r  0x0000a188      0xb30 c:/program files (x86)/cypress/psoc creator/4.4/psoc creator/import/gnu/arm/5.4.1/bin/../lib/gcc/arm-none-eabi/5.4.1/../../../../arm-none-eabi/lib/armv7-m\libg_nano.a(lib_a-dtoa.o)
                0x0000a188                _dtoa_r
 .text._localeconv_r
                0x0000acb8        0x8 c:/program files (x86)/cypress/psoc creator/4.4/psoc creator/import/gnu/arm/5.4.1/bin/../lib/gcc/arm-none-eabi/5.4.1/../../../../arm-none-eabi/lib/armv7-m\libg_nano.a(lib_a-locale.o)
                0x0000acb8                _localeconv_r
 .text.malloc   0x0000acc0       0x10 c:/program files (x86)/cypress/psoc creator/4.4/psoc creator/import/gnu/arm/5.4.1/bin/../lib/gcc/arm-none-eabi/5.4.1/../../../../arm-none-eabi/lib/armv7-m\libg_nano.a(lib_a-malloc.o)
                0x0000acc0                malloc
 .text.memchr   0x0000acd0       0x1c c:/program files (x86)/cypress/psoc creator/4.4/psoc creator/import/gnu/arm/5.4.1/bin/../lib/gcc/arm-none-eabi/5.4.1/../../../../arm-none-eabi/lib/armv7-m\libg_nano.a(lib_a-memchr-stub.o)
                0x0000acd0                memchr
 .text._Balloc  0x0000acec       0x6a c:/program files (x86)/cypress/psoc creator/4.4/psoc creator/import/gnu/arm/5.4.1/bin/../lib/gcc/arm-none-eabi/5.4.1/../../../../arm-none-eabi/lib/armv7-m\libg_nano.a(lib_a-mprec.o)
                0x0000acec                _Balloc
 .text._Bfree   0x0000ad56       0x2e c:/program files (x86)/cypress/psoc creator/4.4/psoc creator/import/gnu/arm/5.4.1/bin/../lib/gcc/arm-none-eabi/5.4.1/../../../../arm-none-eabi/lib/armv7-m\libg_nano.a(lib_a-mprec.o)
                0x0000ad56                _Bfree
 .text.__multadd
                0x0000ad84       0x76 c:/program files (x86)/cypress/psoc creator/4.4/psoc creator/import/gnu/arm/5.4.1/bin/../lib/gcc/arm-none-eabi/5.4.1/../../../../arm-none-eabi/lib/armv7-m\libg_nano.a(lib_a-mprec.o)
                0x0000ad84                __multadd
 .text.__hi0bits
                0x0000adfa       0x40 c:/program files (x86)/cypress/psoc creator/4.4/psoc creator/import/gnu/arm/5.4.1/bin/../lib/gcc/arm-none-eabi/5.4.1/../../../../arm-none-eabi/lib/armv7-m\libg_nano.a(lib_a-mprec.o)
                0x0000adfa                __hi0bits
 .text.__lo0bits
                0x0000ae3a       0x5a c:/program files (x86)/cypress/psoc creator/4.4/psoc creator/import/gnu/arm/5.4.1/bin/../lib/gcc/arm-none-eabi/5.4.1/../../../../arm-none-eabi/lib/armv7-m\libg_nano.a(lib_a-mprec.o)
                0x0000ae3a                __lo0bits
 .text.__i2b    0x0000ae94       0x12 c:/program files (x86)/cypress/psoc creator/4.4/psoc creator/import/gnu/arm/5.4.1/bin/../lib/gcc/arm-none-eabi/5.4.1/../../../../arm-none-eabi/lib/armv7-m\libg_nano.a(lib_a-mprec.o)
                0x0000ae94                __i2b
 .text.__multiply
                0x0000aea6      0x120 c:/program files (x86)/cypress/psoc creator/4.4/psoc creator/import/gnu/arm/5.4.1/bin/../lib/gcc/arm-none-eabi/5.4.1/../../../../arm-none-eabi/lib/armv7-m\libg_nano.a(lib_a-mprec.o)
                0x0000aea6                __multiply
 *fill*         0x0000afc6        0x2 
 .text.__pow5mult
                0x0000afc8       0x9c c:/program files (x86)/cypress/psoc creator/4.4/psoc creator/import/gnu/arm/5.4.1/bin/../lib/gcc/arm-none-eabi/5.4.1/../../../../arm-none-eabi/lib/armv7-m\libg_nano.a(lib_a-mprec.o)
                0x0000afc8                __pow5mult
 .text.__lshift
                0x0000b064       0xa2 c:/program files (x86)/cypress/psoc creator/4.4/psoc creator/import/gnu/arm/5.4.1/bin/../lib/gcc/arm-none-eabi/5.4.1/../../../../arm-none-eabi/lib/armv7-m\libg_nano.a(lib_a-mprec.o)
                0x0000b064                __lshift
 .text.__mcmp   0x0000b106       0x38 c:/program files (x86)/cypress/psoc creator/4.4/psoc creator/import/gnu/arm/5.4.1/bin/../lib/gcc/arm-none-eabi/5.4.1/../../../../arm-none-eabi/lib/armv7-m\libg_nano.a(lib_a-mprec.o)
                0x0000b106                __mcmp
 .text.__mdiff  0x0000b13e       0xbe c:/program files (x86)/cypress/psoc creator/4.4/psoc creator/import/gnu/arm/5.4.1/bin/../lib/gcc/arm-none-eabi/5.4.1/../../../../arm-none-eabi/lib/armv7-m\libg_nano.a(lib_a-mprec.o)
                0x0000b13e                __mdiff
 .text.__d2b    0x0000b1fc       0x9c c:/program files (x86)/cypress/psoc creator/4.4/psoc creator/import/gnu/arm/5.4.1/bin/../lib/gcc/arm-none-eabi/5.4.1/../../../../arm-none-eabi/lib/armv7-m\libg_nano.a(lib_a-mprec.o)
                0x0000b1fc                __d2b
 .text._calloc_r
                0x0000b298       0x1c c:/program files (x86)/cypress/psoc creator/4.4/psoc creator/import/gnu/arm/5.4.1/bin/../lib/gcc/arm-none-eabi/5.4.1/../../../../arm-none-eabi/lib/armv7-m\libg_nano.a(lib_a-nano-callocr.o)
                0x0000b298                _calloc_r
 .text._free_r  0x0000b2b4       0x98 c:/program files (x86)/cypress/psoc creator/4.4/psoc creator/import/gnu/arm/5.4.1/bin/../lib/gcc/arm-none-eabi/5.4.1/../../../../arm-none-eabi/lib/armv7-m\libg_nano.a(lib_a-nano-freer.o)
                0x0000b2b4                _free_r
 .text._malloc_r
                0x0000b34c       0xbc c:/program files (x86)/cypress/psoc creator/4.4/psoc creator/import/gnu/arm/5.4.1/bin/../lib/gcc/arm-none-eabi/5.4.1/../../../../arm-none-eabi/lib/armv7-m\libg_nano.a(lib_a-nano-mallocr.o)
                0x0000b34c                _malloc_r
 .text.__ssputs_r
                0x0000b408       0xb2 c:/program files (x86)/cypress/psoc creator/4.4/psoc creator/import/gnu/arm/5.4.1/bin/../lib/gcc/arm-none-eabi/5.4.1/../../../../arm-none-eabi/lib/armv7-m\libg_nano.a(lib_a-nano-svfprintf.o)
                0x0000b408                __ssputs_r
 *fill*         0x0000b4ba        0x2 
 .text._svfprintf_r
                0x0000b4bc      0x1e8 c:/program files (x86)/cypress/psoc creator/4.4/psoc creator/import/gnu/arm/5.4.1/bin/../lib/gcc/arm-none-eabi/5.4.1/../../../../arm-none-eabi/lib/armv7-m\libg_nano.a(lib_a-nano-svfprintf.o)
                0x0000b4bc                _svfiprintf_r
                0x0000b4bc                _svfprintf_r
 .text._sbrk_r  0x0000b6a4       0x20 c:/program files (x86)/cypress/psoc creator/4.4/psoc creator/import/gnu/arm/5.4.1/bin/../lib/gcc/arm-none-eabi/5.4.1/../../../../arm-none-eabi/lib/armv7-m\libg_nano.a(lib_a-sbrkr.o)
                0x0000b6a4                _sbrk_r
 .text.memmove  0x0000b6c4       0x36 c:/program files (x86)/cypress/psoc creator/4.4/psoc creator/import/gnu/arm/5.4.1/bin/../lib/gcc/arm-none-eabi/5.4.1/../../../../arm-none-eabi/lib/armv7-m\libg_nano.a(lib_a-memmove.o)
                0x0000b6c4                memmove
 .text.__malloc_lock
                0x0000b6fa        0x2 c:/program files (x86)/cypress/psoc creator/4.4/psoc creator/import/gnu/arm/5.4.1/bin/../lib/gcc/arm-none-eabi/5.4.1/../../../../arm-none-eabi/lib/armv7-m\libg_nano.a(lib_a-mlock.o)
                0x0000b6fa                __malloc_lock
 .text.__malloc_unlock
                0x0000b6fc        0x2 c:/program files (x86)/cypress/psoc creator/4.4/psoc creator/import/gnu/arm/5.4.1/bin/../lib/gcc/arm-none-eabi/5.4.1/../../../../arm-none-eabi/lib/armv7-m\libg_nano.a(lib_a-mlock.o)
                0x0000b6fc                __malloc_unlock
 .text._realloc_r
                0x0000b6fe       0x4c c:/program files (x86)/cypress/psoc creator/4.4/psoc creator/import/gnu/arm/5.4.1/bin/../lib/gcc/arm-none-eabi/5.4.1/../../../../arm-none-eabi/lib/armv7-m\libg_nano.a(lib_a-nano-reallocr.o)
                0x0000b6fe                _realloc_r
 .text._malloc_usable_size_r
                0x0000b74a       0x14 c:/program files (x86)/cypress/psoc creator/4.4/psoc creator/import/gnu/arm/5.4.1/bin/../lib/gcc/arm-none-eabi/5.4.1/../../../../arm-none-eabi/lib/armv7-m\libg_nano.a(lib_a-nano-msizer.o)
                0x0000b74a                _malloc_usable_size_r
 *(.plt)
 *(.gnu.warning)
 *(.glue_7t)
 .glue_7t       0x0000b75e        0x0 linker stubs
 *(.glue_7)
 .glue_7        0x0000b75e        0x0 linker stubs
 *(.vfp11_veneer)
 .vfp11_veneer  0x0000b75e        0x0 linker stubs
 *(.bootloader)
 *(.ARM.extab* .gnu.linkonce.armextab.*)
 *(.gcc_except_table)

.v4_bx          0x0000b760        0x0
 .v4_bx         0x0000b760        0x0 linker stubs

.iplt           0x0000b760        0x0
 .iplt          0x0000b760        0x0 c:/program files (x86)/cypress/psoc creator/4.4/psoc creator/import/gnu/arm/5.4.1/bin/../lib/gcc/arm-none-eabi/5.4.1/armv7-m/crtbegin.o

.eh_frame_hdr
 *(.eh_frame_hdr)

.eh_frame       0x0000b760        0x4
 *(.eh_frame)
 .eh_frame      0x0000b760        0x0 c:/program files (x86)/cypress/psoc creator/4.4/psoc creator/import/gnu/arm/5.4.1/bin/../lib/gcc/arm-none-eabi/5.4.1/armv7-m/crtbegin.o
 .eh_frame      0x0000b760        0x4 c:/program files (x86)/cypress/psoc creator/4.4/psoc creator/import/gnu/arm/5.4.1/bin/../lib/gcc/arm-none-eabi/5.4.1/armv7-m/crtend.o
                [!provide]                PROVIDE (__exidx_start, .)

.ARM.exidx
 *(.ARM.exidx* .gnu.linkonce.armexidx.*)
                0x0000b764                __exidx_end = .

.rodata         0x0000b768      0xa68
 *(.rodata .rodata.* .gnu.linkonce.r.*)
 .rodata        0x0000b768      0x23e .\ARM_GCC_541\Debug\main.o
 *fill*         0x0000b9a6        0x2 
 .rodata        0x0000b9a8      0x506 .\ARM_GCC_541\Debug\app_statemachine.o
 *fill*         0x0000beae        0x2 
 .rodata        0x0000beb0      0x100 .\ARM_GCC_541\Debug\sbc_comms.o
 .rodata        0x0000bfb0        0x4 .\ARM_GCC_541\Debug\hamfly_core_telemetry.o
 .rodata        0x0000bfb4       0x56 .\ARM_GCC_541\Debug\cyfitter_cfg.o
                0x0000bfb4                AMux_1__addrTable
                0x0000bfc4                AMux_1__maskTable
                0x0000bfc8                ADC_DelSig_1_AMux__addrTable
                0x0000bfd0                ADC_DelSig_1_AMux__maskTable
 *fill*         0x0000c00a        0x2 
 .rodata.str1.4
                0x0000c00c        0xc c:/program files (x86)/cypress/psoc creator/4.4/psoc creator/import/gnu/arm/5.4.1/bin/../lib/gcc/arm-none-eabi/5.4.1/../../../../arm-none-eabi/lib/armv7-m\libm.a(lib_a-wf_asin.o)
                                  0x9 (size before relaxing)
 .rodata.atanlo
                0x0000c018       0x10 c:/program files (x86)/cypress/psoc creator/4.4/psoc creator/import/gnu/arm/5.4.1/bin/../lib/gcc/arm-none-eabi/5.4.1/../../../../arm-none-eabi/lib/armv7-m\libm.a(lib_a-sf_atan.o)
 .rodata.atanhi
                0x0000c028       0x10 c:/program files (x86)/cypress/psoc creator/4.4/psoc creator/import/gnu/arm/5.4.1/bin/../lib/gcc/arm-none-eabi/5.4.1/../../../../arm-none-eabi/lib/armv7-m\libm.a(lib_a-sf_atan.o)
 .rodata.str1.1
                0x0000c038        0x2 c:/program files (x86)/cypress/psoc creator/4.4/psoc creator/import/gnu/arm/5.4.1/bin/../lib/gcc/arm-none-eabi/5.4.1/../../../../arm-none-eabi/lib/armv7-m\libg_nano.a(lib_a-impure.o)
 .rodata.str1.1
                0x0000c03a       0x12 c:/program files (x86)/cypress/psoc creator/4.4/psoc creator/import/gnu/arm/5.4.1/bin/../lib/gcc/arm-none-eabi/5.4.1/../../../../arm-none-eabi/lib/armv7-m\libg_nano.a(lib_a-nano-vfprintf_float.o)
 .rodata.str1.1
                0x0000c04c       0x22 c:/program files (x86)/cypress/psoc creator/4.4/psoc creator/import/gnu/arm/5.4.1/bin/../lib/gcc/arm-none-eabi/5.4.1/../../../../arm-none-eabi/lib/armv7-m\libg_nano.a(lib_a-nano-vfprintf_i.o)
 .rodata.str1.1
                0x0000c06e        0xd c:/program files (x86)/cypress/psoc creator/4.4/psoc creator/import/gnu/arm/5.4.1/bin/../lib/gcc/arm-none-eabi/5.4.1/../../../../arm-none-eabi/lib/armv7-m\libg_nano.a(lib_a-dtoa.o)
                                  0xf (size before relaxing)
 .rodata.str1.1
                0x0000c07b        0x8 c:/program files (x86)/cypress/psoc creator/4.4/psoc creator/import/gnu/arm/5.4.1/bin/../lib/gcc/arm-none-eabi/5.4.1/../../../../arm-none-eabi/lib/armv7-m\libg_nano.a(lib_a-locale.o)
                                  0xb (size before relaxing)
 *fill*         0x0000c083        0x5 
 .rodata.__mprec_tens
                0x0000c088       0xc8 c:/program files (x86)/cypress/psoc creator/4.4/psoc creator/import/gnu/arm/5.4.1/bin/../lib/gcc/arm-none-eabi/5.4.1/../../../../arm-none-eabi/lib/armv7-m\libg_nano.a(lib_a-mprec.o)
                0x0000c088                __mprec_tens
 .rodata.p05.5408
                0x0000c150        0xc c:/program files (x86)/cypress/psoc creator/4.4/psoc creator/import/gnu/arm/5.4.1/bin/../lib/gcc/arm-none-eabi/5.4.1/../../../../arm-none-eabi/lib/armv7-m\libg_nano.a(lib_a-mprec.o)
 *fill*         0x0000c15c        0x4 
 .rodata.__mprec_bigtens
                0x0000c160       0x28 c:/program files (x86)/cypress/psoc creator/4.4/psoc creator/import/gnu/arm/5.4.1/bin/../lib/gcc/arm-none-eabi/5.4.1/../../../../arm-none-eabi/lib/armv7-m\libg_nano.a(lib_a-mprec.o)
                0x0000c160                __mprec_bigtens
 .rodata.str1.1
                0x0000c188       0x11 c:/program files (x86)/cypress/psoc creator/4.4/psoc creator/import/gnu/arm/5.4.1/bin/../lib/gcc/arm-none-eabi/5.4.1/../../../../arm-none-eabi/lib/armv7-m\libg_nano.a(lib_a-nano-svfprintf.o)
                0x0000c19c                . = ALIGN (0x4)
 *fill*         0x0000c199        0x3 
 *(.init)
 .init          0x0000c19c        0x4 c:/program files (x86)/cypress/psoc creator/4.4/psoc creator/import/gnu/arm/5.4.1/bin/../lib/gcc/arm-none-eabi/5.4.1/armv7-m/crti.o
                0x0000c19c                _init
 .init          0x0000c1a0        0x8 c:/program files (x86)/cypress/psoc creator/4.4/psoc creator/import/gnu/arm/5.4.1/bin/../lib/gcc/arm-none-eabi/5.4.1/armv7-m/crtn.o
                0x0000c1a8                . = ALIGN (0x4)
                0x0000c1a8                __preinit_array_start = .
 *(.preinit_array)
                0x0000c1a8                __preinit_array_end = .
                0x0000c1a8                . = ALIGN (0x4)
                0x0000c1a8                __init_array_start = .
 *(SORT(.init_array.*))
 *(.init_array)
 .init_array    0x0000c1a8        0x4 c:/program files (x86)/cypress/psoc creator/4.4/psoc creator/import/gnu/arm/5.4.1/bin/../lib/gcc/arm-none-eabi/5.4.1/armv7-m/crtbegin.o
 .init_array    0x0000c1ac        0x4 .\ARM_GCC_541\Debug\Cm3Start.o
                0x0000c1b0                __init_array_end = .
                0x0000c1b0                . = ALIGN (0x4)
 *(.fini)
 .fini          0x0000c1b0        0x4 c:/program files (x86)/cypress/psoc creator/4.4/psoc creator/import/gnu/arm/5.4.1/bin/../lib/gcc/arm-none-eabi/5.4.1/armv7-m/crti.o
                0x0000c1b0                _fini
 .fini          0x0000c1b4        0x8 c:/program files (x86)/cypress/psoc creator/4.4/psoc creator/import/gnu/arm/5.4.1/bin/../lib/gcc/arm-none-eabi/5.4.1/armv7-m/crtn.o
                0x0000c1bc                . = ALIGN (0x4)
                0x0000c1bc                __fini_array_start = .
 *(.fini_array)
 .fini_array    0x0000c1bc        0x4 c:/program files (x86)/cypress/psoc creator/4.4/psoc creator/import/gnu/arm/5.4.1/bin/../lib/gcc/arm-none-eabi/5.4.1/armv7-m/crtbegin.o
 *(SORT(.fini_array.*))
                0x0000c1c0                __fini_array_end = .
                0x0000c1c0                . = ALIGN (0x4)
 *crtbegin.o(.ctors)
 *(EXCLUDE_FILE(*crtend.o) .ctors)
 *(SORT(.ctors.*))
 *crtend.o(.ctors)
                0x0000c1c0                . = ALIGN (0x4)
 *crtbegin.o(.dtors)
 *(EXCLUDE_FILE(*crtend.o) .dtors)
 *(SORT(.dtors.*))
 *crtend.o(.dtors)
                0x0000c1c0                . = ALIGN (0x4)
                0x0000c1c0                __cy_regions = .
                0x0000c1c0        0x4 LONG 0xc1d0 __cy_region_init_ram
                0x0000c1c4        0x4 LONG 0x1fff80c8 __cy_region_start_data
                0x0000c1c8        0x4 LONG 0x148 __cy_region_init_size_ram
                0x0000c1cc        0x4 LONG 0x550 __cy_region_zero_size_ram
                0x0000c1d0                __cy_regions_end = .
                0x0000c1d0                . = ALIGN (0x8)
                0x0000c1d0                _etext = .

.cy_checksum_exclude
                0x0000c1d0        0x0
 *(.cy_checksum_exclude)

.ramvectors     0x1fff8000       0xc0
                0x1fff8000                __cy_region_start_ram = .
 *(.ramvectors)
 .ramvectors    0x1fff8000       0xc0 .\ARM_GCC_541\Debug\Cm3Start.o
                0x1fff8000                CyRamVectors

.noinit         0x1fff80c0        0x5
 *(.noinit)
 .noinit        0x1fff80c0        0x4 .\ARM_GCC_541\Debug\Cm3Start.o
 .noinit        0x1fff80c4        0x1 .\ARM_GCC_541\Debug\Proj07_hamflyAPI_stateMachineUpgrade.a(CyLib.o)
                0x1fff80c4                CyResetStatus

.data           0x1fff80c8      0x148 load address 0x0000c1d0
                0x1fff80c8                __cy_region_start_data = .
 *(.jcr)
 .jcr           0x1fff80c8        0x0 c:/program files (x86)/cypress/psoc creator/4.4/psoc creator/import/gnu/arm/5.4.1/bin/../lib/gcc/arm-none-eabi/5.4.1/armv7-m/crtbegin.o
 .jcr           0x1fff80c8        0x4 c:/program files (x86)/cypress/psoc creator/4.4/psoc creator/import/gnu/arm/5.4.1/bin/../lib/gcc/arm-none-eabi/5.4.1/armv7-m/crtend.o
 *(.got.plt)
 *(.got)
 *(.shdata)
 *(.data .data.* .gnu.linkonce.d.*)
 .data          0x1fff80cc        0x4 .\ARM_GCC_541\Debug\joystick.o
 .data          0x1fff80d0        0x8 .\ARM_GCC_541\Debug\app_statemachine.o
 .data          0x1fff80d8        0xc .\ARM_GCC_541\Debug\telemetry.o
 .data          0x1fff80e4       0x74 .\ARM_GCC_541\Debug\hamfly_qx_app.o
                0x1fff80e4                FreeflyAPI
 .data          0x1fff8158        0x4 .\ARM_GCC_541\Debug\Cm3Start.o
 .data          0x1fff815c        0x1 .\ARM_GCC_541\Debug\Proj07_hamflyAPI_stateMachineUpgrade.a(ADC_DelSig_1.o)
                0x1fff815c                ADC_DelSig_1_Config
 .data          0x1fff815d        0x1 .\ARM_GCC_541\Debug\Proj07_hamflyAPI_stateMachineUpgrade.a(AMux_1.o)
 .data          0x1fff815e        0x1 .\ARM_GCC_541\Debug\Proj07_hamflyAPI_stateMachineUpgrade.a(ADC_DelSig_1_AMux.o)
 *fill*         0x1fff815f        0x1 
 .data          0x1fff8160       0x10 .\ARM_GCC_541\Debug\Proj07_hamflyAPI_stateMachineUpgrade.a(CyLib.o)
                0x1fff8160                cydelay_freq_hz
                0x1fff8164                cydelay_freq_khz
                0x1fff8168                cydelay_freq_mhz
                0x1fff816c                cydelay_32k_ms
 .data.__fdlib_version
                0x1fff8170        0x1 c:/program files (x86)/cypress/psoc creator/4.4/psoc creator/import/gnu/arm/5.4.1/bin/../lib/gcc/arm-none-eabi/5.4.1/../../../../arm-none-eabi/lib/armv7-m\libm.a(lib_a-s_lib_ver.o)
                0x1fff8170                __fdlib_version
 *fill*         0x1fff8171        0x3 
 .data.impure_data
                0x1fff8174       0x60 c:/program files (x86)/cypress/psoc creator/4.4/psoc creator/import/gnu/arm/5.4.1/bin/../lib/gcc/arm-none-eabi/5.4.1/../../../../arm-none-eabi/lib/armv7-m\libg_nano.a(lib_a-impure.o)
 .data._impure_ptr
                0x1fff81d4        0x4 c:/program files (x86)/cypress/psoc creator/4.4/psoc creator/import/gnu/arm/5.4.1/bin/../lib/gcc/arm-none-eabi/5.4.1/../../../../arm-none-eabi/lib/armv7-m\libg_nano.a(lib_a-impure.o)
                0x1fff81d4                _impure_ptr
 .data.lconv    0x1fff81d8       0x38 c:/program files (x86)/cypress/psoc creator/4.4/psoc creator/import/gnu/arm/5.4.1/bin/../lib/gcc/arm-none-eabi/5.4.1/../../../../arm-none-eabi/lib/armv7-m\libg_nano.a(lib_a-locale.o)
                0x1fff8210                . = ALIGN (0x8)
 *(.ram)
                0x1fff8210                _edata = .

.igot.plt       0x1fff8210        0x0 load address 0x0000c318
 .igot.plt      0x1fff8210        0x0 c:/program files (x86)/cypress/psoc creator/4.4/psoc creator/import/gnu/arm/5.4.1/bin/../lib/gcc/arm-none-eabi/5.4.1/armv7-m/crtbegin.o

.bss            0x1fff8210      0x550 load address 0x0000c318
                0x1fff8210                PROVIDE (__bss_start__, .)
 *(.shbss)
 *(.bss .bss.* .gnu.linkonce.b.*)
 .bss           0x1fff8210       0x1c c:/program files (x86)/cypress/psoc creator/4.4/psoc creator/import/gnu/arm/5.4.1/bin/../lib/gcc/arm-none-eabi/5.4.1/armv7-m/crtbegin.o
 .bss           0x1fff822c      0x384 .\ARM_GCC_541\Debug\main.o
                0x1fff85ac                g_tick_ms
 .bss           0x1fff85b0        0x8 .\ARM_GCC_541\Debug\adc_balanced.o
 .bss           0x1fff85b8       0x42 .\ARM_GCC_541\Debug\joystick.o
 *fill*         0x1fff85fa        0x2 
 .bss           0x1fff85fc        0x8 .\ARM_GCC_541\Debug\app_statemachine.o
 .bss           0x1fff8604       0x78 .\ARM_GCC_541\Debug\sbc_comms.o
 .bss           0x1fff867c        0x4 .\ARM_GCC_541\Debug\hamfly_qx_app.o
                0x1fff867c                qx_active_gimbal_ptr
 .bss           0x1fff8680        0x9 .\ARM_GCC_541\Debug\hamfly_qx_protocol.o
                0x1fff8680                QX_BuildHeader_Legacy
                0x1fff8684                QX_ParseHeader_Legacy
 *fill*         0x1fff8689        0x3 
 .bss           0x1fff868c        0xc .\ARM_GCC_541\Debug\Proj07_hamflyAPI_stateMachineUpgrade.a(ADC_DelSig_1.o)
                0x1fff868c                ADC_DelSig_1_convDone
                0x1fff868d                ADC_DelSig_1_stopConversion
                0x1fff868e                ADC_DelSig_1_initVar
                0x1fff868f                ADC_DelSig_1_started
                0x1fff8690                ADC_DelSig_1_Offset
 .bss           0x1fff8698        0x2 .\ARM_GCC_541\Debug\Proj07_hamflyAPI_stateMachineUpgrade.a(UART_MOVI.o)
                0x1fff8698                UART_MOVI_initVar
 .bss           0x1fff869a        0x1 .\ARM_GCC_541\Debug\Proj07_hamflyAPI_stateMachineUpgrade.a(Looptimer.o)
                0x1fff869a                Looptimer_initVar
 *fill*         0x1fff869b        0x1 
 .bss           0x1fff869c        0x8 .\ARM_GCC_541\Debug\Proj07_hamflyAPI_stateMachineUpgrade.a(CySpc.o)
                0x1fff869c                SpcLockState
 .bss           0x1fff86a4        0x2 .\ARM_GCC_541\Debug\Proj07_hamflyAPI_stateMachineUpgrade.a(UART_DEBUG.o)
                0x1fff86a4                UART_DEBUG_initVar
 .bss           0x1fff86a6        0x2 .\ARM_GCC_541\Debug\Proj07_hamflyAPI_stateMachineUpgrade.a(UART_SBC.o)
                0x1fff86a6                UART_SBC_initVar
 .bss.__malloc_sbrk_start
                0x1fff86a8        0x4 c:/program files (x86)/cypress/psoc creator/4.4/psoc creator/import/gnu/arm/5.4.1/bin/../lib/gcc/arm-none-eabi/5.4.1/../../../../arm-none-eabi/lib/armv7-m\libg_nano.a(lib_a-nano-mallocr.o)
                0x1fff86a8                __malloc_sbrk_start
 .bss.__malloc_free_list
                0x1fff86ac        0x4 c:/program files (x86)/cypress/psoc creator/4.4/psoc creator/import/gnu/arm/5.4.1/bin/../lib/gcc/arm-none-eabi/5.4.1/../../../../arm-none-eabi/lib/armv7-m\libg_nano.a(lib_a-nano-mallocr.o)
                0x1fff86ac                __malloc_free_list
 *(COMMON)
 COMMON         0x1fff86b0       0xa4 .\ARM_GCC_541\Debug\hamfly_qx_protocol.o
                0x1fff86b0                rw
                0x1fff86b4                QX_Clients
                0x1fff86bc                QX_CommsPorts
                0x1fff8748                QX_Servers
                0x1fff8750                msgPtr
 COMMON         0x1fff8754        0x4 .\ARM_GCC_541\Debug\Proj07_hamflyAPI_stateMachineUpgrade.a(ADC_DelSig_1.o)
                0x1fff8754                ADC_DelSig_1_CountsPerVolt
 COMMON         0x1fff8758        0x2 .\ARM_GCC_541\Debug\Proj07_hamflyAPI_stateMachineUpgrade.a(CyFlash.o)
                0x1fff8758                dieTemperature
 *fill*         0x1fff875a        0x2 
 COMMON         0x1fff875c        0x4 c:/program files (x86)/cypress/psoc creator/4.4/psoc creator/import/gnu/arm/5.4.1/bin/../lib/gcc/arm-none-eabi/5.4.1/../../../../arm-none-eabi/lib/armv7-m\libg_nano.a(lib_a-reent.o)
                0x1fff875c                errno
                0x1fff8760                . = ALIGN (0x8)
 *(.ram.b)
                0x1fff8760                _end = .
                0x1fff8760                __end = .
                0x1fff8760                PROVIDE (end, .)
                0x1fff8760                PROVIDE (__bss_end__, .)
                0x0000c1d0                __cy_region_init_ram = LOADADDR (.data)
                0x00000148                __cy_region_init_size_ram = (_edata - ADDR (.data))
                0x00000550                __cy_region_zero_size_ram = (_end - _edata)

.heap           0x1fff8760       0x80 load address 0x0000c318
                0x1fff8760                . = _end
                0x1fff87e0                . = (. + 0x80)
 *fill*         0x1fff8760       0x80 
                0x1fff87e0                __cy_heap_limit = .

.stack          0x20007800      0x800
                0x20007800                __cy_stack_limit = .
                0x20008000                . = (. + 0x800)
 *fill*         0x20007800      0x800 
                0x00000001                ASSERT ((__cy_stack_limit >= __cy_heap_limit), region RAM overflowed with stack)
                0x00000000                cy_checksum_exclude_size = (CY_APPL_LOADABLE == 0x1)?SIZEOF (.cy_checksum_exclude):0x0
                0x00000001                ASSERT ((cy_checksum_exclude_size <= CY_CHECKSUM_EXCLUDE_SIZE), CY_BOOT: Section .cy_checksum_exclude size exceedes specified limit.)

.cyloadermeta
 *(.cyloadermeta)

.cyloadablemeta
 *(.cyloadablemeta)

.cyconfigecc    0x80000000      0x960
 *(.cyconfigecc)
 .cyconfigecc   0x80000000      0x960 .\ARM_GCC_541\Debug\cymetadata.o
                0x80000000                cy_meta_configecc

.cycustnvl      0x90000000        0x4
 *(.cycustnvl)
 .cycustnvl     0x90000000        0x4 .\ARM_GCC_541\Debug\cymetadata.o
                0x90000000                cy_meta_custnvl

.cywolatch      0x90100000        0x4
 *(.cywolatch)
 .cywolatch     0x90100000        0x4 .\ARM_GCC_541\Debug\cymetadata.o
                0x90100000                cy_meta_wonvl

.cyeeprom       0x90200000        0x0
 *(.cyeeprom)
                0x00000001                ASSERT ((. <= ((0x90200000 + ee_offset) + ee_size)), .cyeeprom data will not fit in EEPROM)

.cyflashprotect
                0x90400000      0x100
 *(.cyflashprotect)
 .cyflashprotect
                0x90400000      0x100 .\ARM_GCC_541\Debug\cymetadata.o
                0x90400000                cy_meta_flashprotect

.cymeta         0x90500000        0xc
 *(.cymeta)
 .cymeta        0x90500000        0xc .\ARM_GCC_541\Debug\cymetadata.o
                0x90500000                cy_metadata

.rel.dyn        0x0000c318        0x0 load address 0x9050000c
 .rel.iplt      0x0000c318        0x0 c:/program files (x86)/cypress/psoc creator/4.4/psoc creator/import/gnu/arm/5.4.1/bin/../lib/gcc/arm-none-eabi/5.4.1/armv7-m/crtbegin.o

.stab
 *(.stab)

.stabstr
 *(.stabstr)

.debug
 *(.debug)

.line
 *(.line)

.debug_srcinfo
 *(.debug_srcinfo)

.debug_sfnames
 *(.debug_sfnames)

.debug_aranges  0x00000000     0x1648
 *(.debug_aranges)
 .debug_aranges
                0x00000000       0x70 .\ARM_GCC_541\Debug\main.o
 .debug_aranges
                0x00000070       0x40 .\ARM_GCC_541\Debug\adc_balanced.o
 .debug_aranges
                0x000000b0       0xb0 .\ARM_GCC_541\Debug\joystick.o
 .debug_aranges
                0x00000160       0x58 .\ARM_GCC_541\Debug\psoc_eeprom.o
 .debug_aranges
                0x000001b8       0x20 .\ARM_GCC_541\Debug\app_ctx.o
 .debug_aranges
                0x000001d8      0x110 .\ARM_GCC_541\Debug\app_statemachine.o
 .debug_aranges
                0x000002e8       0x78 .\ARM_GCC_541\Debug\sbc_comms.o
 .debug_aranges
                0x00000360       0x98 .\ARM_GCC_541\Debug\telemetry.o
 .debug_aranges
                0x000003f8       0x48 .\ARM_GCC_541\Debug\hamfly_comm_rb.o
 .debug_aranges
                0x00000440       0xc0 .\ARM_GCC_541\Debug\hamfly_core_gimbal.o
 .debug_aranges
                0x00000500       0x78 .\ARM_GCC_541\Debug\hamfly_core_telemetry.o
 .debug_aranges
                0x00000578       0x48 .\ARM_GCC_541\Debug\hamfly_qx_app.o
 .debug_aranges
                0x000005c0      0x228 .\ARM_GCC_541\Debug\hamfly_qx_protocol.o
 .debug_aranges
                0x000007e8       0x80 .\ARM_GCC_541\Debug\cyfitter_cfg.o
 .debug_aranges
                0x00000868       0x18 .\ARM_GCC_541\Debug\cymetadata.o
 .debug_aranges
                0x00000880       0x48 .\ARM_GCC_541\Debug\Cm3Start.o
 .debug_aranges
                0x000008c8       0xe8 .\ARM_GCC_541\Debug\Proj07_hamflyAPI_stateMachineUpgrade.a(ADC_DelSig_1.o)
 .debug_aranges
                0x000009b0       0x38 .\ARM_GCC_541\Debug\Proj07_hamflyAPI_stateMachineUpgrade.a(ADC_DelSig_1_INT.o)
 .debug_aranges
                0x000009e8       0x30 .\ARM_GCC_541\Debug\Proj07_hamflyAPI_stateMachineUpgrade.a(AMux_1.o)
 .debug_aranges
                0x00000a18       0x80 .\ARM_GCC_541\Debug\Proj07_hamflyAPI_stateMachineUpgrade.a(isr_adc.o)
 .debug_aranges
                0x00000a98       0xf0 .\ARM_GCC_541\Debug\Proj07_hamflyAPI_stateMachineUpgrade.a(UART_MOVI.o)
 .debug_aranges
                0x00000b88       0x80 .\ARM_GCC_541\Debug\Proj07_hamflyAPI_stateMachineUpgrade.a(isr_rx_movi.o)
 .debug_aranges
                0x00000c08       0x88 .\ARM_GCC_541\Debug\Proj07_hamflyAPI_stateMachineUpgrade.a(Looptimer.o)
 .debug_aranges
                0x00000c90       0x80 .\ARM_GCC_541\Debug\Proj07_hamflyAPI_stateMachineUpgrade.a(isr_Looptimer.o)
 .debug_aranges
                0x00000d10       0x78 .\ARM_GCC_541\Debug\Proj07_hamflyAPI_stateMachineUpgrade.a(EEPROM_CONFIG.o)
 .debug_aranges
                0x00000d88       0x30 .\ARM_GCC_541\Debug\Proj07_hamflyAPI_stateMachineUpgrade.a(ADC_DelSig_1_AMux.o)
 .debug_aranges
                0x00000db8       0x70 .\ARM_GCC_541\Debug\Proj07_hamflyAPI_stateMachineUpgrade.a(ADC_DelSig_1_Ext_CP_Clk.o)
 .debug_aranges
                0x00000e28       0x80 .\ARM_GCC_541\Debug\Proj07_hamflyAPI_stateMachineUpgrade.a(ADC_DelSig_1_theACLK.o)
 .debug_aranges
                0x00000ea8       0x88 .\ARM_GCC_541\Debug\Proj07_hamflyAPI_stateMachineUpgrade.a(CyFlash.o)
 .debug_aranges
                0x00000f30      0x2a0 .\ARM_GCC_541\Debug\Proj07_hamflyAPI_stateMachineUpgrade.a(CyLib.o)
 .debug_aranges
                0x000011d0       0x98 .\ARM_GCC_541\Debug\Proj07_hamflyAPI_stateMachineUpgrade.a(cyPm.o)
 .debug_aranges
                0x00001268       0x80 .\ARM_GCC_541\Debug\Proj07_hamflyAPI_stateMachineUpgrade.a(CySpc.o)
 .debug_aranges
                0x000012e8       0xf0 .\ARM_GCC_541\Debug\Proj07_hamflyAPI_stateMachineUpgrade.a(UART_DEBUG.o)
 .debug_aranges
                0x000013d8       0x70 .\ARM_GCC_541\Debug\Proj07_hamflyAPI_stateMachineUpgrade.a(UART_DEBUG_IntClock.o)
 .debug_aranges
                0x00001448       0xf0 .\ARM_GCC_541\Debug\Proj07_hamflyAPI_stateMachineUpgrade.a(UART_SBC.o)
 .debug_aranges
                0x00001538       0x80 .\ARM_GCC_541\Debug\Proj07_hamflyAPI_stateMachineUpgrade.a(isr_rx_sbc.o)
 .debug_aranges
                0x000015b8       0x70 .\ARM_GCC_541\Debug\Proj07_hamflyAPI_stateMachineUpgrade.a(UART_SBC_IntClock.o)
 .debug_aranges
                0x00001628       0x20 .\ARM_GCC_541\Debug\Proj07_hamflyAPI_stateMachineUpgrade.a(CyBootAsmGnu.o)

.debug_pubnames
 *(.debug_pubnames)

.debug_info     0x00000000     0xf1f2
 *(.debug_info .gnu.linkonce.wi.*)
 .debug_info    0x00000000      0xe56 .\ARM_GCC_541\Debug\main.o
 .debug_info    0x00000e56      0x1f7 .\ARM_GCC_541\Debug\adc_balanced.o
 .debug_info    0x0000104d      0x6c5 .\ARM_GCC_541\Debug\joystick.o
 .debug_info    0x00001712      0x2db .\ARM_GCC_541\Debug\psoc_eeprom.o
 .debug_info    0x000019ed      0x9ba .\ARM_GCC_541\Debug\app_ctx.o
 .debug_info    0x000023a7     0x1323 .\ARM_GCC_541\Debug\app_statemachine.o
 .debug_info    0x000036ca      0x553 .\ARM_GCC_541\Debug\sbc_comms.o
 .debug_info    0x00003c1d     0x10e2 .\ARM_GCC_541\Debug\telemetry.o
 .debug_info    0x00004cff      0x23c .\ARM_GCC_541\Debug\hamfly_comm_rb.o
 .debug_info    0x00004f3b     0x155c .\ARM_GCC_541\Debug\hamfly_core_gimbal.o
 .debug_info    0x00006497      0xaf2 .\ARM_GCC_541\Debug\hamfly_core_telemetry.o
 .debug_info    0x00006f89      0xef5 .\ARM_GCC_541\Debug\hamfly_qx_app.o
 .debug_info    0x00007e7e     0x1aff .\ARM_GCC_541\Debug\hamfly_qx_protocol.o
 .debug_info    0x0000997d      0x59a .\ARM_GCC_541\Debug\cyfitter_cfg.o
 .debug_info    0x00009f17      0x139 .\ARM_GCC_541\Debug\cymetadata.o
 .debug_info    0x0000a050      0x32b .\ARM_GCC_541\Debug\Cm3Start.o
 .debug_info    0x0000a37b      0x72c .\ARM_GCC_541\Debug\Proj07_hamflyAPI_stateMachineUpgrade.a(ADC_DelSig_1.o)
 .debug_info    0x0000aaa7       0xd3 .\ARM_GCC_541\Debug\Proj07_hamflyAPI_stateMachineUpgrade.a(ADC_DelSig_1_INT.o)
 .debug_info    0x0000ab7a       0xf7 .\ARM_GCC_541\Debug\Proj07_hamflyAPI_stateMachineUpgrade.a(AMux_1.o)
 .debug_info    0x0000ac71      0x241 .\ARM_GCC_541\Debug\Proj07_hamflyAPI_stateMachineUpgrade.a(isr_adc.o)
 .debug_info    0x0000aeb2      0x50a .\ARM_GCC_541\Debug\Proj07_hamflyAPI_stateMachineUpgrade.a(UART_MOVI.o)
 .debug_info    0x0000b3bc      0x241 .\ARM_GCC_541\Debug\Proj07_hamflyAPI_stateMachineUpgrade.a(isr_rx_movi.o)
 .debug_info    0x0000b5fd      0x245 .\ARM_GCC_541\Debug\Proj07_hamflyAPI_stateMachineUpgrade.a(Looptimer.o)
 .debug_info    0x0000b842      0x241 .\ARM_GCC_541\Debug\Proj07_hamflyAPI_stateMachineUpgrade.a(isr_Looptimer.o)
 .debug_info    0x0000ba83      0x359 .\ARM_GCC_541\Debug\Proj07_hamflyAPI_stateMachineUpgrade.a(EEPROM_CONFIG.o)
 .debug_info    0x0000bddc      0x10a .\ARM_GCC_541\Debug\Proj07_hamflyAPI_stateMachineUpgrade.a(ADC_DelSig_1_AMux.o)
 .debug_info    0x0000bee6      0x25d .\ARM_GCC_541\Debug\Proj07_hamflyAPI_stateMachineUpgrade.a(ADC_DelSig_1_Ext_CP_Clk.o)
 .debug_info    0x0000c143      0x299 .\ARM_GCC_541\Debug\Proj07_hamflyAPI_stateMachineUpgrade.a(ADC_DelSig_1_theACLK.o)
 .debug_info    0x0000c3dc      0x3b9 .\ARM_GCC_541\Debug\Proj07_hamflyAPI_stateMachineUpgrade.a(CyFlash.o)
 .debug_info    0x0000c795      0xe51 .\ARM_GCC_541\Debug\Proj07_hamflyAPI_stateMachineUpgrade.a(CyLib.o)
 .debug_info    0x0000d5e6      0x57a .\ARM_GCC_541\Debug\Proj07_hamflyAPI_stateMachineUpgrade.a(cyPm.o)
 .debug_info    0x0000db60      0x4c0 .\ARM_GCC_541\Debug\Proj07_hamflyAPI_stateMachineUpgrade.a(CySpc.o)
 .debug_info    0x0000e020      0x50a .\ARM_GCC_541\Debug\Proj07_hamflyAPI_stateMachineUpgrade.a(UART_DEBUG.o)
 .debug_info    0x0000e52a      0x25d .\ARM_GCC_541\Debug\Proj07_hamflyAPI_stateMachineUpgrade.a(UART_DEBUG_IntClock.o)
 .debug_info    0x0000e787      0x50a .\ARM_GCC_541\Debug\Proj07_hamflyAPI_stateMachineUpgrade.a(UART_SBC.o)
 .debug_info    0x0000ec91      0x241 .\ARM_GCC_541\Debug\Proj07_hamflyAPI_stateMachineUpgrade.a(isr_rx_sbc.o)
 .debug_info    0x0000eed2      0x25d .\ARM_GCC_541\Debug\Proj07_hamflyAPI_stateMachineUpgrade.a(UART_SBC_IntClock.o)
 .debug_info    0x0000f12f       0xc3 .\ARM_GCC_541\Debug\Proj07_hamflyAPI_stateMachineUpgrade.a(CyBootAsmGnu.o)

.debug_abbrev   0x00000000     0x3523
 *(.debug_abbrev)
 .debug_abbrev  0x00000000      0x1fe .\ARM_GCC_541\Debug\main.o
 .debug_abbrev  0x000001fe      0x111 .\ARM_GCC_541\Debug\adc_balanced.o
 .debug_abbrev  0x0000030f      0x267 .\ARM_GCC_541\Debug\joystick.o
 .debug_abbrev  0x00000576      0x13f .\ARM_GCC_541\Debug\psoc_eeprom.o