Archive member included to satisfy reference by file (symbol)

.\ARM_GCC_541\Debug\Proj07_hamflyAPI_stateMachineUpgrade.a(ADC_DelSig_1.o)
                              .\ARM_GCC_541\Debug\adc_balanced.o (ADC_DelSig_1_Start)
.\ARM_GCC_541\Debug\Proj07_hamflyAPI_stateMachineUpgrade.a(ADC_DelSig_1_INT.o)
                              .\ARM_GCC_541\Debug\Proj07_hamflyAPI_stateMachineUpgrade.a(ADC_DelSig_1.o) (ADC_DelSig_1_ISR1)
.\ARM_GCC_541\Debug\Proj07_hamflyAPI_stateMachineUpgrade.a(AMux_1.o)
                              .\ARM_GCC_541\Debug\adc_balanced.o (AMux_1_Start)
.\ARM_GCC_541\Debug\Proj07_hamflyAPI_stateMachineUpgrade.a(isr_adc.o)
                              .\ARM_GCC_541\Debug\adc_balanced.o (isr_adc_StartEx)
.\ARM_GCC_541\Debug\Proj07_hamflyAPI_stateMachineUpgrade.a(UART_MOVI.o)
                              .\ARM_GCC_541\Debug\main.o (UART_MOVI_Start)
.\ARM_GCC_541\Debug\Proj07_hamflyAPI_stateMachineUpgrade.a(isr_rx_movi.o)
                              .\ARM_GCC_541\Debug\main.o (isr_rx_movi_StartEx)
.\ARM_GCC_541\Debug\Proj07_hamflyAPI_stateMachineUpgrade.a(Looptimer.o)
                              .\ARM_GCC_541\Debug\main.o (Looptimer_Start)
.\ARM_GCC_541\Debug\Proj07_hamflyAPI_stateMachineUpgrade.a(isr_Looptimer.o)
                              .\ARM_GCC_541\Debug\main.o (isr_Looptimer_StartEx)
.\ARM_GCC_541\Debug\Proj07_hamflyAPI_stateMachineUpgrade.a(EEPROM_CONFIG.o)
                              .\ARM_GCC_541\Debug\psoc_eeprom.o (EEPROM_CONFIG_Start)
.\ARM_GCC_541\Debug\Proj07_hamflyAPI_stateMachineUpgrade.a(ADC_DelSig_1_AMux.o)
                              .\ARM_GCC_541\Debug\Proj07_hamflyAPI_stateMachineUpgrade.a(ADC_DelSig_1.o) (ADC_DelSig_1_AMux_Select)
.\ARM_GCC_541\Debug\Proj07_hamflyAPI_stateMachineUpgrade.a(ADC_DelSig_1_Ext_CP_Clk.o)
                              .\ARM_GCC_541\Debug\Proj07_hamflyAPI_stateMachineUpgrade.a(ADC_DelSig_1.o) (ADC_DelSig_1_Ext_CP_Clk_SetDividerRegister)
.\ARM_GCC_541\Debug\Proj07_hamflyAPI_stateMachineUpgrade.a(ADC_DelSig_1_theACLK.o)
                              .\ARM_GCC_541\Debug\Proj07_hamflyAPI_stateMachineUpgrade.a(ADC_DelSig_1.o) (ADC_DelSig_1_theACLK_SetDividerRegister)
.\ARM_GCC_541\Debug\Proj07_hamflyAPI_stateMachineUpgrade.a(CyFlash.o)
                              .\ARM_GCC_541\Debug\Proj07_hamflyAPI_stateMachineUpgrade.a(EEPROM_CONFIG.o) (dieTemperature)
.\ARM_GCC_541\Debug\Proj07_hamflyAPI_stateMachineUpgrade.a(CyLib.o)
                              .\ARM_GCC_541\Debug\Cm3Start.o (CyResetStatus)
.\ARM_GCC_541\Debug\Proj07_hamflyAPI_stateMachineUpgrade.a(cyPm.o)
                              .\ARM_GCC_541\Debug\Proj07_hamflyAPI_stateMachineUpgrade.a(CyLib.o) (CyPmReadStatus)
.\ARM_GCC_541\Debug\Proj07_hamflyAPI_stateMachineUpgrade.a(CySpc.o)
                              .\ARM_GCC_541\Debug\Proj07_hamflyAPI_stateMachineUpgrade.a(EEPROM_CONFIG.o) (CySpcStart)
.\ARM_GCC_541\Debug\Proj07_hamflyAPI_stateMachineUpgrade.a(UART_DEBUG.o)
                              .\ARM_GCC_541\Debug\main.o (UART_DEBUG_Start)
.\ARM_GCC_541\Debug\Proj07_hamflyAPI_stateMachineUpgrade.a(UART_DEBUG_IntClock.o)
                              .\ARM_GCC_541\Debug\Proj07_hamflyAPI_stateMachineUpgrade.a(UART_DEBUG.o) (UART_DEBUG_IntClock_Start)
.\ARM_GCC_541\Debug\Proj07_hamflyAPI_stateMachineUpgrade.a(UART_SBC.o)
                              .\ARM_GCC_541\Debug\main.o (UART_SBC_Start)
.\ARM_GCC_541\Debug\Proj07_hamflyAPI_stateMachineUpgrade.a(isr_rx_sbc.o)
                              .\ARM_GCC_541\Debug\main.o (isr_rx_sbc_StartEx)
.\ARM_GCC_541\Debug\Proj07_hamflyAPI_stateMachineUpgrade.a(UART_SBC_IntClock.o)
                              .\ARM_GCC_541\Debug\Proj07_hamflyAPI_stateMachineUpgrade.a(UART_SBC.o) (UART_SBC_IntClock_Start)
.\ARM_GCC_541\Debug\Proj07_hamflyAPI_stateMachineUpgrade.a(Pin_Debug_SuperLoop.o)
                              .\ARM_GCC_541\Debug\main.o (Pin_Debug_SuperLoop_Write)
.\ARM_GCC_541\Debug\Proj07_hamflyAPI_stateMachineUpgrade.a(Pin_Debug_CoarseCentroid.o)
                              .\ARM_GCC_541\Debug\sbc_comms.o (Pin_Debug_CoarseCentroid_Write)
.\ARM_GCC_541\Debug\Proj07_hamflyAPI_stateMachineUpgrade.a(Pin_SwitchAuto.o)
                              .\ARM_GCC_541\Debug\app_statemachine.o (Pin_SwitchAuto_Read)
.\ARM_GCC_541\Debug\Proj07_hamflyAPI_stateMachineUpgrade.a(VDAC8_3v3Ref.o)
                              .\ARM_GCC_541\Debug\main.o (VDAC8_3v3Ref_Start)
.\ARM_GCC_541\Debug\Proj07_hamflyAPI_stateMachineUpgrade.a(CyBootAsmGnu.o)
                              .\ARM_GCC_541\Debug\cyfitter_cfg.o (CyDelayCycles)
c:/program files (x86)/cypress/psoc creator/4.4/psoc creator/import/gnu/arm/5.4.1/bin/../lib/gcc/arm-none-eabi/5.4.1/../../../../arm-none-eabi/lib/armv7-m\libm.a(lib_a-s_cos.o)
                              .\ARM_GCC_541\Debug\hamfly_core_gimbal.o (cos)
[...]
Memory Configuration

Name             Origin             Length             Attributes
rom              0x00000000         0x00040000         xr
ram              0x1fff8000         0x00010000         xrw
*default*        0x00000000         0xffffffff

Linker script and memory map

LOAD c:/program files (x86)/cypress/psoc creator/4.4/psoc creator/import/gnu/arm/5.4.1/bin/../lib/gcc/arm-none-eabi/5.4.1/armv7-m/crti.o
LOAD c:/program files (x86)/cypress/psoc creator/4.4/psoc creator/import/gnu/arm/5.4.1/bin/../lib/gcc/arm-none-eabi/5.4.1/armv7-m/crtbegin.o
LOAD c:/program files (x86)/cypress/psoc creator/4.4/psoc creator/import/gnu/arm/5.4.1/bin/../lib/gcc/arm-none-eabi/5.4.1/../../../../arm-none-eabi/lib/armv7-m/crt0.o
START GROUP
LOAD .\ARM_GCC_541\Debug\main.o
LOAD .\ARM_GCC_541\Debug\adc_balanced.o
LOAD .\ARM_GCC_541\Debug\joystick.o
LOAD .\ARM_GCC_541\Debug\psoc_eeprom.o
LOAD .\ARM_GCC_541\Debug\app_ctx.o
LOAD .\ARM_GCC_541\Debug\app_statemachine.o
LOAD .\ARM_GCC_541\Debug\sbc_comms.o
LOAD .\ARM_GCC_541\Debug\telemetry.o
LOAD .\ARM_GCC_541\Debug\app_state_stby.o
LOAD .\ARM_GCC_541\Debug\app_state_manu.o
LOAD .\ARM_GCC_541\Debug\app_state_auto.o
LOAD .\ARM_GCC_541\Debug\app_state_error.o
LOAD .\ARM_GCC_541\Debug\utils.o
LOAD .\ARM_GCC_541\Debug\hamfly_comm_rb.o
LOAD .\ARM_GCC_541\Debug\hamfly_comm_txbuf.o
LOAD .\ARM_GCC_541\Debug\hamfly_core_gimbal.o
LOAD .\ARM_GCC_541\Debug\hamfly_core_telemetry.o
LOAD .\ARM_GCC_541\Debug\hamfly_qx_app.o
LOAD .\ARM_GCC_541\Debug\hamfly_qx_protocol.o
LOAD .\ARM_GCC_541\Debug\cyfitter_cfg.o
LOAD .\ARM_GCC_541\Debug\cymetadata.o
LOAD .\ARM_GCC_541\Debug\Cm3Start.o
LOAD .\ARM_GCC_541\Debug\Proj07_hamflyAPI_stateMachineUpgrade.a
LOAD C:\Program Files (x86)\Cypress\PSoC Creator\4.4\PSoC Creator\psoc\content\cycomponentlibrary\CyComponentLibrary.cylib\CortexM3\ARM_GCC_541\Debug\CyComponentLibrary.a
LOAD c:/program files (x86)/cypress/psoc creator/4.4/psoc creator/import/gnu/arm/5.4.1/bin/../lib/gcc/arm-none-eabi/5.4.1/../../../../arm-none-eabi/lib/armv7-m\libm.a
END GROUP
START GROUP
LOAD c:/program files (x86)/cypress/psoc creator/4.4/psoc creator/import/gnu/arm/5.4.1/bin/../lib/gcc/arm-none-eabi/5.4.1/armv7-m\libgcc.a
LOAD c:/program files (x86)/cypress/psoc creator/4.4/psoc creator/import/gnu/arm/5.4.1/bin/../lib/gcc/arm-none-eabi/5.4.1/../../../../arm-none-eabi/lib/armv7-m\libg_nano.a
LOAD c:/program files (x86)/cypress/psoc creator/4.4/psoc creator/import/gnu/arm/5.4.1/bin/../lib/gcc/arm-none-eabi/5.4.1/../../../../arm-none-eabi/lib/armv7-m\libc_nano.a
END GROUP
START GROUP
LOAD c:/program files (x86)/cypress/psoc creator/4.4/psoc creator/import/gnu/arm/5.4.1/bin/../lib/gcc/arm-none-eabi/5.4.1/armv7-m\libgcc.a
LOAD c:/program files (x86)/cypress/psoc creator/4.4/psoc creator/import/gnu/arm/5.4.1/bin/../lib/gcc/arm-none-eabi/5.4.1/../../../../arm-none-eabi/lib/armv7-m\libc_nano.a
END GROUP
LOAD c:/program files (x86)/cypress/psoc creator/4.4/psoc creator/import/gnu/arm/5.4.1/bin/../lib/gcc/arm-none-eabi/5.4.1/armv7-m/crtend.o
LOAD c:/program files (x86)/cypress/psoc creator/4.4/psoc creator/import/gnu/arm/5.4.1/bin/../lib/gcc/arm-none-eabi/5.4.1/armv7-m/crtn.o
START GROUP
LOAD c:/program files (x86)/cypress/psoc creator/4.4/psoc creator/import/gnu/arm/5.4.1/bin/../lib/gcc/arm-none-eabi/5.4.1/armv7-m\libgcc.a
LOAD c:/program files (x86)/cypress/psoc creator/4.4/psoc creator/import/gnu/arm/5.4.1/bin/../lib/gcc/arm-none-eabi/5.4.1/../../../../arm-none-eabi/lib/armv7-m\libc.a
LOAD c:/program files (x86)/cypress/psoc creator/4.4/psoc creator/import/gnu/arm/5.4.1/bin/../lib/gcc/arm-none-eabi/5.4.1/../../../../arm-none-eabi/lib/armv7-m\libnosys.a
END GROUP
                0x00000000                CY_APPL_ORIGIN = 0x0
                0x00000100                CY_FLASH_ROW_SIZE = 0x100
                0x00000020                CY_ECC_ROW_SIZE = 0x20
                0x00000000                CY_EE_IN_BTLDR = 0x0
                0x00000000                CY_APPL_LOADABLE = 0x0
                0x00000800                CY_EE_SIZE = 0x800
                0x00000001                CY_APPL_NUM = 0x1
                0x00000001                CY_APPL_MAX = 0x1
                0x00000040                CY_METADATA_SIZE = 0x40
                0x00000000                CY_APPL_LOADABLE = 0x0
                0x00000000                CY_CHECKSUM_EXCLUDE_SIZE = ALIGN (0x0, CY_FLASH_ROW_SIZE)
                [!provide]                PROVIDE (__cy_heap_start, _end)
                0x00000001                PROVIDE (__cy_region_num, ((__cy_regions_end - __cy_regions) / 0x10))
                0x20008000                PROVIDE (__cy_stack, (ORIGIN (ram) + LENGTH (ram)))
                [!provide]                PROVIDE (__cy_heap_end, (__cy_stack - 0x800))

.cybootloader   0x00000000        0x0
 *(.cybootloader)
                0x00000000                appl1_start = CY_APPL_ORIGIN?CY_APPL_ORIGIN:ALIGN (CY_FLASH_ROW_SIZE)
                0x0001ff00                appl2_start = (appl1_start + ALIGN ((((LENGTH (rom) - appl1_start) - (0x2 * CY_FLASH_ROW_SIZE)) / 0x2), CY_FLASH_ROW_SIZE))
                0x00000000                appl_start = (CY_APPL_NUM == 0x1)?appl1_start:appl2_start
                0x00000000                ecc_offset = ((appl_start / CY_FLASH_ROW_SIZE) * CY_ECC_ROW_SIZE)
                0x00000000                ee_offset = (CY_APPL_LOADABLE && ! (CY_EE_IN_BTLDR))?((CY_EE_SIZE / CY_APPL_MAX) * (CY_APPL_NUM - 0x1)):0x0
                0x00000800                ee_size = (CY_APPL_LOADABLE && ! (CY_EE_IN_BTLDR))?(CY_EE_SIZE / CY_APPL_MAX):CY_EE_SIZE
                [!provide]                PROVIDE (CY_ECC_OFFSET, ecc_offset)

.text           0x00000000     0xe09e
 CREATE_OBJECT_SYMBOLS
                0x00000000                PROVIDE (__cy_interrupt_vector, RomVectors)
 *(.romvectors)
 .romvectors    0x00000000       0x10 .\ARM_GCC_541\Debug\Cm3Start.o
                0x00000000                RomVectors
                0x00000001                ASSERT ((. != __cy_interrupt_vector), No interrupt vector)
                0x00000001                ASSERT (CY_APPL_ORIGIN?(SIZEOF (.cybootloader) <= CY_APPL_ORIGIN):0x1, Wrong image location)
                0x00000010                PROVIDE (__cy_reset, Reset)
 *(.text.Reset)
 .text.Reset    0x00000010       0x18 .\ARM_GCC_541\Debug\Cm3Start.o
                0x00000010                Reset
                0x00000001                ASSERT ((. != __cy_reset), No reset code)
 *(.dma_init)
                0x00000001                ASSERT ((((appl_start + .) <= 0x10000) || 0x1), DMA Init must be within the first 64k of flash)
 *(.text .text.* .gnu.linkonce.t.*)
 .text          0x00000028       0x5c c:/program files (x86)/cypress/psoc creator/4.4/psoc creator/import/gnu/arm/5.4.1/bin/../lib/gcc/arm-none-eabi/5.4.1/armv7-m/crtbegin.o
 .text._hamfly_psoc5_putc
                0x00000084       0x1c .\ARM_GCC_541\Debug\main.o
 .text.psoc_get_tick
                0x000000a0       0x1c .\ARM_GCC_541\Debug\main.o
 .text.isr_rx_movi_Handler
                0x000000bc       0x58 .\ARM_GCC_541\Debug\main.o
                0x000000bc                isr_rx_movi_Handler
 .text.isr_Looptimer_Handler
                0x00000114       0x1c .\ARM_GCC_541\Debug\main.o
                0x00000114                isr_Looptimer_Handler
 .text.isr_rx_sbc_Handler
                0x00000130       0x50 .\ARM_GCC_541\Debug\main.o
                0x00000130                isr_rx_sbc_Handler
 .text.decomp   0x00000180       0xa8 .\ARM_GCC_541\Debug\main.o
 .text.main     0x00000228      0x340 .\ARM_GCC_541\Debug\main.o
                0x00000228                main
 .text.isr_adc_Handler
                0x00000568       0x18 .\ARM_GCC_541\Debug\adc_balanced.o
                0x00000568                isr_adc_Handler
 .text.adc_balanced_init
                0x00000580       0x6c .\ARM_GCC_541\Debug\adc_balanced.o
                0x00000580                adc_balanced_init
 .text.adc_balanced_advance_on_eoc
                0x000005ec       0x64 .\ARM_GCC_541\Debug\adc_balanced.o
 .text.adc_balanced_poll_frame
                0x00000650       0x6c .\ARM_GCC_541\Debug\adc_balanced.o
                0x00000650                adc_balanced_poll_frame
 .text.joystick_set_sensitivity
                0x000006bc       0x48 .\ARM_GCC_541\Debug\joystick.o
                0x000006bc                joystick_set_sensitivity
 .text.normalize_axis
                0x00000704       0xd0 .\ARM_GCC_541\Debug\joystick.o
 .text.apply_deadband
                0x000007d4       0x90 .\ARM_GCC_541\Debug\joystick.o
 .text.joystick_validate
                0x00000864       0x94 .\ARM_GCC_541\Debug\joystick.o
                0x00000864                joystick_validate
 .text.cal_begin_range_capture
                0x000008f8       0x84 .\ARM_GCC_541\Debug\joystick.o
 .text.cal_update_ranges
                0x0000097c       0x98 .\ARM_GCC_541\Debug\joystick.o
 .text.cal_start_center_capture
                0x00000a14       0x44 .\ARM_GCC_541\Debug\joystick.o
 .text.cal_center_capture_update
                0x00000a58       0xa8 .\ARM_GCC_541\Debug\joystick.o
 .text.cal_save_or_restart
                0x00000b00       0x44 .\ARM_GCC_541\Debug\joystick.o
 .text.joystick_init
                0x00000b44       0xa4 .\ARM_GCC_541\Debug\joystick.o
                0x00000b44                joystick_init
 .text.joystick_on_sample
                0x00000be8       0x48 .\ARM_GCC_541\Debug\joystick.o
                0x00000be8                joystick_on_sample
 .text.joystick_on_key
                0x00000c30       0x70 .\ARM_GCC_541\Debug\joystick.o
                0x00000c30                joystick_on_key
 .text.joystick_cal_state
                0x00000ca0       0x14 .\ARM_GCC_541\Debug\joystick.o
                0x00000ca0                joystick_cal_state
 .text.joystick_get_cmd
                0x00000cb4       0xe8 .\ARM_GCC_541\Debug\joystick.o
                0x00000cb4                joystick_get_cmd
 .text.joystick_load
                0x00000d9c       0x4c .\ARM_GCC_541\Debug\joystick.o
                0x00000d9c                joystick_load
 .text.slot_id_to_row
                0x00000de8       0x2c .\ARM_GCC_541\Debug\psoc_eeprom.o
 .text.read_row_byte
                0x00000e14       0x38 .\ARM_GCC_541\Debug\psoc_eeprom.o
 .text.read_row_data
                0x00000e4c       0x3c .\ARM_GCC_541\Debug\psoc_eeprom.o
 .text.psoc_eeprom_init
                0x00000e88        0xc .\ARM_GCC_541\Debug\psoc_eeprom.o
                0x00000e88                psoc_eeprom_init
 .text.psoc_eeprom_read
                0x00000e94       0x7c .\ARM_GCC_541\Debug\psoc_eeprom.o
                0x00000e94                psoc_eeprom_read
 .text.app_ctx_init
                0x00000f10       0x70 .\ARM_GCC_541\Debug\app_ctx.o
                0x00000f10                app_ctx_init
 .text.depth_of
                0x00000f80       0x34 .\ARM_GCC_541\Debug\app_statemachine.o
 .text.lca      0x00000fb4       0x80 .\ARM_GCC_541\Debug\app_statemachine.o
 .text.app_transition
                0x00001034      0x150 .\ARM_GCC_541\Debug\app_statemachine.o
                0x00001034                app_transition
 .text.app_start
                0x00001184       0x28 .\ARM_GCC_541\Debug\app_statemachine.o
                0x00001184                app_start
 .text.app_raise_error
                0x000011ac       0x68 .\ARM_GCC_541\Debug\app_statemachine.o
                0x000011ac                app_raise_error
 .text.app_state_name
                0x00001214       0x20 .\ARM_GCC_541\Debug\app_statemachine.o
                0x00001214                app_state_name
 .text.app_telem_tick
                0x00001234       0x80 .\ARM_GCC_541\Debug\app_statemachine.o
                0x00001234                app_telem_tick
 .text.build_defer
                0x000012b4       0x30 .\ARM_GCC_541\Debug\app_statemachine.o
                0x000012b4                build_defer
 .text.build_hold
                0x000012e4       0x30 .\ARM_GCC_541\Debug\app_statemachine.o
                0x000012e4                build_hold
 .text.app_build_control
                0x00001314       0x50 .\ARM_GCC_541\Debug\app_statemachine.o
                0x00001314                app_build_control
 .text.set_origin
                0x00001364       0x7c .\ARM_GCC_541\Debug\app_statemachine.o
                0x00001364                set_origin
 .text.print_help
                0x000013e0       0x1c .\ARM_GCC_541\Debug\app_statemachine.o
 .text.handle_global_key
                0x000013fc       0xa0 .\ARM_GCC_541\Debug\app_statemachine.o
 .text.leaf_traps_nav
                0x0000149c       0x3c .\ARM_GCC_541\Debug\app_statemachine.o
 .text.handle_nav_key
                0x000014d8       0x48 .\ARM_GCC_541\Debug\app_statemachine.o
 .text.app_dispatch_key
                0x00001520       0xa0 .\ARM_GCC_541\Debug\app_statemachine.o
                0x00001520                app_dispatch_key
 .text.sbc_state_is_requestable
                0x000015c0       0x24 .\ARM_GCC_541\Debug\app_statemachine.o
 .text.app_sbc_tick
                0x000015e4       0xf4 .\ARM_GCC_541\Debug\app_statemachine.o
                0x000015e4                app_sbc_tick
 .text.sbc_init
                0x000016d8       0x98 .\ARM_GCC_541\Debug\sbc_comms.o
                0x000016d8                sbc_init
 .text.decode_centroid
                0x00001770      0x114 .\ARM_GCC_541\Debug\sbc_comms.o
 .text.sbc_on_rx_byte
                0x00001884      0x248 .\ARM_GCC_541\Debug\sbc_comms.o
                0x00001884                sbc_on_rx_byte
 .text.sbc_on_uart_err_flags
                0x00001acc       0x30 .\ARM_GCC_541\Debug\sbc_comms.o
                0x00001acc                sbc_on_uart_err_flags
 .text.sbc_get_centroid
                0x00001afc       0xa0 .\ARM_GCC_541\Debug\sbc_comms.o
                0x00001afc                sbc_get_centroid
 .text.sbc_discard_centroid
                0x00001b9c       0x4c .\ARM_GCC_541\Debug\sbc_comms.o
                0x00001b9c                sbc_discard_centroid
 .text.sbc_unknown_magic
                0x00001be8       0x14 .\ARM_GCC_541\Debug\sbc_comms.o
                0x00001be8                sbc_unknown_magic
 .text.sbc_rx_pkt_count
                0x00001bfc       0x14 .\ARM_GCC_541\Debug\sbc_comms.o
                0x00001bfc                sbc_rx_pkt_count
 .text.sbc_last_centroid_dt_ms
                0x00001c10       0x2c .\ARM_GCC_541\Debug\sbc_comms.o
                0x00001c10                sbc_last_centroid_dt_ms
 .text.sbc_last_rx_ms
                0x00001c3c       0x2c .\ARM_GCC_541\Debug\sbc_comms.o
                0x00001c3c                sbc_last_rx_ms
 .text.sbc_crc_errors
                0x00001c68       0x14 .\ARM_GCC_541\Debug\sbc_comms.o
                0x00001c68                sbc_crc_errors
 .text.sbc_uart_errors
                0x00001c7c       0x14 .\ARM_GCC_541\Debug\sbc_comms.o
                0x00001c7c                sbc_uart_errors
 .text.sbc_send_frame
                0x00001c90       0x8c .\ARM_GCC_541\Debug\sbc_comms.o
                0x00001c90                sbc_send_frame
 .text.sbc_get_state_req
                0x00001d1c       0x4c .\ARM_GCC_541\Debug\sbc_comms.o
                0x00001d1c                sbc_get_state_req
 .text.sbc_get_gps_target
                0x00001d68       0x4c .\ARM_GCC_541\Debug\sbc_comms.o
                0x00001d68                sbc_get_gps_target
 .text.sbc_send_state_ack
                0x00001db4       0x30 .\ARM_GCC_541\Debug\sbc_comms.o
                0x00001db4                sbc_send_state_ack
 .text.sat_i16  0x00001de4       0x4c .\ARM_GCC_541\Debug\telemetry.o
 .text.sat_u32  0x00001e30       0x44 .\ARM_GCC_541\Debug\telemetry.o
 .text.sat_u16  0x00001e74       0x48 .\ARM_GCC_541\Debug\telemetry.o
 .text.telemetry_collect_hot
                0x00001ebc      0x164 .\ARM_GCC_541\Debug\telemetry.o
                0x00001ebc                telemetry_collect_hot
 .text.telemetry_collect_link
                0x00002020       0x64 .\ARM_GCC_541\Debug\telemetry.o
                0x00002020                telemetry_collect_link
 .text.telemetry_collect_power
                0x00002084       0xc0 .\ARM_GCC_541\Debug\telemetry.o
                0x00002084                telemetry_collect_power
 .text.telemetry_collect_env
                0x00002144       0x80 .\ARM_GCC_541\Debug\telemetry.o
                0x00002144                telemetry_collect_env
 .text.telemetry_collect_gps
                0x000021c4       0xa8 .\ARM_GCC_541\Debug\telemetry.o
                0x000021c4                telemetry_collect_gps
 .text.telemetry_collect_baro
                0x0000226c       0x90 .\ARM_GCC_541\Debug\telemetry.o
                0x0000226c                telemetry_collect_baro
 .text.telemetry_collect_mag
                0x000022fc       0xcc .\ARM_GCC_541\Debug\telemetry.o
                0x000022fc                telemetry_collect_mag
 .text.encode_hot
                0x000023c8      0x11c .\ARM_GCC_541\Debug\telemetry.o
 .text.encode_link
                0x000024e4       0x94 .\ARM_GCC_541\Debug\telemetry.o
 .text.encode_power
                0x00002578       0x9c .\ARM_GCC_541\Debug\telemetry.o
 .text.encode_env
                0x00002614       0x58 .\ARM_GCC_541\Debug\telemetry.o
 .text.encode_gps
                0x0000266c       0xe8 .\ARM_GCC_541\Debug\telemetry.o
 .text.encode_baro
                0x00002754       0x64 .\ARM_GCC_541\Debug\telemetry.o
 .text.encode_mag
                0x000027b8       0x8c .\ARM_GCC_541\Debug\telemetry.o
 .text.telemetry_send_hot_sbc
                0x00002844       0x44 .\ARM_GCC_541\Debug\telemetry.o
                0x00002844                telemetry_send_hot_sbc
 .text.telemetry_send_link_sbc
                0x00002888       0x44 .\ARM_GCC_541\Debug\telemetry.o
                0x00002888                telemetry_send_link_sbc
 .text.telemetry_send_power_sbc
                0x000028cc       0x44 .\ARM_GCC_541\Debug\telemetry.o
                0x000028cc                telemetry_send_power_sbc
 .text.telemetry_send_env_sbc
                0x00002910       0x44 .\ARM_GCC_541\Debug\telemetry.o
                0x00002910                telemetry_send_env_sbc
 .text.telemetry_send_gps_sbc
                0x00002954       0x44 .\ARM_GCC_541\Debug\telemetry.o
                0x00002954                telemetry_send_gps_sbc
 .text.telemetry_send_baro_sbc
                0x00002998       0x44 .\ARM_GCC_541\Debug\telemetry.o
                0x00002998                telemetry_send_baro_sbc
 .text.telemetry_send_mag_sbc
                0x000029dc       0x44 .\ARM_GCC_541\Debug\telemetry.o
                0x000029dc                telemetry_send_mag_sbc
 .text.telemetry_pump
                0x00002a20       0xd0 .\ARM_GCC_541\Debug\telemetry.o
                0x00002a20                telemetry_pump
 .text.entry_stby_defer
                0x00002af0       0x20 .\ARM_GCC_541\Debug\app_state_stby.o
                0x00002af0                entry_stby_defer
 .text.entry_stby_hold
                0x00002b10       0x1c .\ARM_GCC_541\Debug\app_state_stby.o
                0x00002b10                entry_stby_hold
 .text.app_stby_tick
                0x00002b2c       0xb0 .\ARM_GCC_541\Debug\app_state_stby.o
                0x00002b2c                app_stby_tick
 .text.key_stby_hold
                0x00002bdc       0x2c .\ARM_GCC_541\Debug\app_state_stby.o
                0x00002bdc                key_stby_hold
 .text.guard_manu_joystick
                0x00002c08       0x20 .\ARM_GCC_541\Debug\app_state_manu.o
                0x00002c08                guard_manu_joystick
 .text.entry_manu_joystick
                0x00002c28       0x1c .\ARM_GCC_541\Debug\app_state_manu.o
                0x00002c28                entry_manu_joystick
 .text.exit_manu_joystick
                0x00002c44       0x1c .\ARM_GCC_541\Debug\app_state_manu.o
                0x00002c44                exit_manu_joystick
 .text.build_manu_joystick
                0x00002c60       0xa4 .\ARM_GCC_541\Debug\app_state_manu.o
                0x00002c60                build_manu_joystick
 .text.key_manu_joystick
                0x00002d04       0x9c .\ARM_GCC_541\Debug\app_state_manu.o
                0x00002d04                key_manu_joystick
 .text.app_manual_tick
                0x00002da0       0xbc .\ARM_GCC_541\Debug\app_state_manu.o
                0x00002da0                app_manual_tick
 .text.guard_auto_parent
                0x00002e5c       0x24 .\ARM_GCC_541\Debug\app_state_auto.o
                0x00002e5c                guard_auto_parent
 .text.guard_auto_home
                0x00002e80       0x18 .\ARM_GCC_541\Debug\app_state_auto.o
                0x00002e80                guard_auto_home
 .text.guard_auto_acq_gps
                0x00002e98       0x18 .\ARM_GCC_541\Debug\app_state_auto.o
                0x00002e98                guard_auto_acq_gps
 .text.app_auto_tick
                0x00002eb0      0x340 .\ARM_GCC_541\Debug\app_state_auto.o
                0x00002eb0                app_auto_tick
 .text.entry_auto_home
                0x000031f0       0xa4 .\ARM_GCC_541\Debug\app_state_auto.o
                0x000031f0                entry_auto_home
 .text.exit_auto_home
                0x00003294       0x24 .\ARM_GCC_541\Debug\app_state_auto.o
                0x00003294                exit_auto_home
 .text.key_auto_home
                0x000032b8       0x28 .\ARM_GCC_541\Debug\app_state_auto.o
                0x000032b8                key_auto_home
 .text.build_auto_home
                0x000032e0       0x74 .\ARM_GCC_541\Debug\app_state_auto.o
                0x000032e0                build_auto_home
 .text.entry_auto_hold
                0x00003354       0x28 .\ARM_GCC_541\Debug\app_state_auto.o
                0x00003354                entry_auto_hold
 .text.key_auto_hold
                0x0000337c       0x2c .\ARM_GCC_541\Debug\app_state_auto.o
                0x0000337c                key_auto_hold
 .text.gps_bearing_deg
                0x000033a8       0xf8 .\ARM_GCC_541\Debug\app_state_auto.o
 .text.gps_elev_deg
                0x000034a0      0x15c .\ARM_GCC_541\Debug\app_state_auto.o
 .text.gps_start_slew
                0x000035fc       0x3c .\ARM_GCC_541\Debug\app_state_auto.o
 .text.gps_update_pointing
                0x00003638       0xe8 .\ARM_GCC_541\Debug\app_state_auto.o
 .text.gps_check_settle
                0x00003720      0x1c8 .\ARM_GCC_541\Debug\app_state_auto.o
 .text.entry_auto_acq_gps
                0x000038e8       0x48 .\ARM_GCC_541\Debug\app_state_auto.o
                0x000038e8                entry_auto_acq_gps
 .text.exit_auto_acq_gps
                0x00003930       0x38 .\ARM_GCC_541\Debug\app_state_auto.o
                0x00003930                exit_auto_acq_gps
 .text.key_auto_acq_gps
                0x00003968       0x28 .\ARM_GCC_541\Debug\app_state_auto.o
                0x00003968                key_auto_acq_gps
 .text.build_auto_acq_gps
                0x00003990       0xa8 .\ARM_GCC_541\Debug\app_state_auto.o
                0x00003990                build_auto_acq_gps
 .text.entry_auto_acq_spiral
                0x00003a38       0x1c .\ARM_GCC_541\Debug\app_state_auto.o
                0x00003a38                entry_auto_acq_spiral
 .text.entry_auto_tracking
                0x00003a54       0x2c .\ARM_GCC_541\Debug\app_state_auto.o
                0x00003a54                entry_auto_tracking
 .text.key_auto_tracking
                0x00003a80       0x28 .\ARM_GCC_541\Debug\app_state_auto.o
                0x00003a80                key_auto_tracking
 .text.build_auto_tracking
                0x00003aa8      0x120 .\ARM_GCC_541\Debug\app_state_auto.o
                0x00003aa8                build_auto_tracking
 .text.entry_auto_loss
                0x00003bc8       0x1c .\ARM_GCC_541\Debug\app_state_auto.o
                0x00003bc8                entry_auto_loss
 .text.key_auto_loss
                0x00003be4       0x3c .\ARM_GCC_541\Debug\app_state_auto.o
                0x00003be4                key_auto_loss
 .text.entry_auto_no_lock
                0x00003c20       0x1c .\ARM_GCC_541\Debug\app_state_auto.o
                0x00003c20                entry_auto_no_lock
 .text.key_auto_no_lock
                0x00003c3c       0x3c .\ARM_GCC_541\Debug\app_state_auto.o
                0x00003c3c                key_auto_no_lock
 .text.sev_str  0x00003c78       0x40 .\ARM_GCC_541\Debug\app_state_error.o
 .text.entry_error_active
                0x00003cb8       0x78 .\ARM_GCC_541\Debug\app_state_error.o
                0x00003cb8                entry_error_active
 .text.key_error_active
                0x00003d30       0x48 .\ARM_GCC_541\Debug\app_state_error.o
                0x00003d30                key_error_active
 .text.entry_error_kill
                0x00003d78       0x2c .\ARM_GCC_541\Debug\app_state_error.o
                0x00003d78                entry_error_kill
 .text.key_error_kill
                0x00003da4       0x18 .\ARM_GCC_541\Debug\app_state_error.o
                0x00003da4                key_error_kill
 .text.build_error
                0x00003dbc       0x28 .\ARM_GCC_541\Debug\app_state_error.o
                0x00003dbc                build_error
 .text.gimbal_pan_tilt_deg
                0x00003de4       0x54 .\ARM_GCC_541\Debug\utils.o
                0x00003de4                gimbal_pan_tilt_deg
 .text.nudge_apply
                0x00003e38      0x1f4 .\ARM_GCC_541\Debug\utils.o
                0x00003e38                nudge_apply
 .text.handle_nudge_key
                0x0000402c      0x114 .\ARM_GCC_541\Debug\utils.o
                0x0000402c                handle_nudge_key
 .text.rb_next  0x00004140       0x28 .\ARM_GCC_541\Debug\hamfly_comm_rb.o
 .text.hamfly_rb_init
                0x00004168       0x2c .\ARM_GCC_541\Debug\hamfly_comm_rb.o
                0x00004168                hamfly_rb_init
 .text.hamfly_rb_push
                0x00004194       0x64 .\ARM_GCC_541\Debug\hamfly_comm_rb.o
                0x00004194                hamfly_rb_push
 .text.hamfly_rb_pop
                0x000041f8       0x58 .\ARM_GCC_541\Debug\hamfly_comm_rb.o
                0x000041f8                hamfly_rb_pop
 .text.load_freefly_control
                0x00004250       0x50 .\ARM_GCC_541\Debug\hamfly_core_gimbal.o
 .text.copy_qx287_to_telemetry
                0x000042a0       0x1c .\ARM_GCC_541\Debug\hamfly_core_gimbal.o
 .text.drain_rb
                0x000042bc       0x44 .\ARM_GCC_541\Debug\hamfly_core_gimbal.o
 .text.hamfly_init
                0x00004300       0x5c .\ARM_GCC_541\Debug\hamfly_core_gimbal.o
                0x00004300                hamfly_init
 .text.hamfly_on_rx_byte
                0x0000435c       0x3c .\ARM_GCC_541\Debug\hamfly_core_gimbal.o
                0x0000435c                hamfly_on_rx_byte
 .text.hamfly_on_uart_err_flags
                0x00004398       0x30 .\ARM_GCC_541\Debug\hamfly_core_gimbal.o
                0x00004398                hamfly_on_uart_err_flags
 .text.hamfly_pump
                0x000043c8      0x27c .\ARM_GCC_541\Debug\hamfly_core_gimbal.o
                0x000043c8                hamfly_pump
 .text.hamfly_send_control
                0x00004644       0x7c .\ARM_GCC_541\Debug\hamfly_core_gimbal.o
                0x00004644                hamfly_send_control
 .text.hamfly_kill
                0x000046c0       0x3c .\ARM_GCC_541\Debug\hamfly_core_gimbal.o
                0x000046c0                hamfly_kill
 .text.hamfly_request_attr
                0x000046fc       0xa8 .\ARM_GCC_541\Debug\hamfly_core_gimbal.o
                0x000046fc                hamfly_request_attr
 .text.hamfly_get_telemetry
                0x000047a4       0x30 .\ARM_GCC_541\Debug\hamfly_core_gimbal.o
                0x000047a4                hamfly_get_telemetry
 .text.rd_be32  0x000047d4       0x34 .\ARM_GCC_541\Debug\hamfly_core_telemetry.o
 .text.rd_be16  0x00004808       0x28 .\ARM_GCC_541\Debug\hamfly_core_telemetry.o
 .text.rd_be_u16
                0x00004830       0x28 .\ARM_GCC_541\Debug\hamfly_core_telemetry.o
 .text.rd_le16  0x00004858       0x24 .\ARM_GCC_541\Debug\hamfly_core_telemetry.o
 .text.hamfly_telemetry_to_euler
                0x0000487c      0x1d4 .\ARM_GCC_541\Debug\hamfly_core_telemetry.o
                0x0000487c                hamfly_telemetry_to_euler
 .text.hamfly_decode_qx287
                0x00004a50       0x68 .\ARM_GCC_541\Debug\hamfly_core_telemetry.o
                0x00004a50                hamfly_decode_qx287
 .text.hamfly_decode_gps
                0x00004ab8      0x1a0 .\ARM_GCC_541\Debug\hamfly_core_telemetry.o
                0x00004ab8                hamfly_decode_gps
 .text.hamfly_decode_baro
                0x00004c58       0x78 .\ARM_GCC_541\Debug\hamfly_core_telemetry.o
                0x00004c58                hamfly_decode_baro
 .text.hamfly_decode_attitude
                0x00004cd0      0x144 .\ARM_GCC_541\Debug\hamfly_core_telemetry.o
                0x00004cd0                hamfly_decode_attitude
 .text.hamfly_decode_sysstat
                0x00004e14      0x1c8 .\ARM_GCC_541\Debug\hamfly_core_telemetry.o
                0x00004e14                hamfly_decode_sysstat
 .text.hamfly_decode_mag
                0x00004fdc      0x18c .\ARM_GCC_541\Debug\hamfly_core_telemetry.o
                0x00004fdc                hamfly_decode_mag
 .text.hamfly_decode_sysecho
                0x00005168       0x7c .\ARM_GCC_541\Debug\hamfly_core_telemetry.o
                0x00005168                hamfly_decode_sysecho
 .text.ff_api_init
                0x000051e4       0x7c .\ARM_GCC_541\Debug\hamfly_qx_app.o
 .text.ff_api_send
                0x00005260       0x44 .\ARM_GCC_541\Debug\hamfly_qx_app.o
 .text.QX_ParsePacket_Cli_MoVI_Ctrl_CB
                0x000052a4      0x884 .\ARM_GCC_541\Debug\hamfly_qx_app.o
 .text.QX_SendMsg2CommsPort_CB
                0x00005b28       0x64 .\ARM_GCC_541\Debug\hamfly_qx_app.o
                0x00005b28                QX_SendMsg2CommsPort_CB
 .text.QX_FwdMsg_CB
                0x00005b8c       0x14 .\ARM_GCC_541\Debug\hamfly_qx_app.o
                0x00005b8c                QX_FwdMsg_CB
 .text.QX_GetTicks_ms
                0x00005ba0       0x34 .\ARM_GCC_541\Debug\hamfly_qx_app.o
                0x00005ba0                QX_GetTicks_ms
 .text.QX_Parser_SetMsgPtr
                0x00005bd4       0x1c .\ARM_GCC_541\Debug\hamfly_qx_protocol.o
                0x00005bd4                QX_Parser_SetMsgPtr
 .text.QX_Parser_AdvMsgPtr
                0x00005bf0       0x1c .\ARM_GCC_541\Debug\hamfly_qx_protocol.o
                0x00005bf0                QX_Parser_AdvMsgPtr
 .text.QX_Parser_GetMsgPtr
                0x00005c0c       0x14 .\ARM_GCC_541\Debug\hamfly_qx_protocol.o
                0x00005c0c                QX_Parser_GetMsgPtr
 .text.QX_Parser_SetDir_Read
                0x00005c20       0x18 .\ARM_GCC_541\Debug\hamfly_qx_protocol.o
                0x00005c20                QX_Parser_SetDir_Read
 .text.QX_Parser_SetDir_WriteAbs
                0x00005c38       0x18 .\ARM_GCC_541\Debug\hamfly_qx_protocol.o
                0x00005c38                QX_Parser_SetDir_WriteAbs
 .text.AddFloatAsSignedShort
                0x00005c50       0xc8 .\ARM_GCC_541\Debug\hamfly_qx_protocol.o
                0x00005c50                AddFloatAsSignedShort
 .text.GetFloatAsSignedShort
                0x00005d18      0x170 .\ARM_GCC_541\Debug\hamfly_qx_protocol.o
                0x00005d18                GetFloatAsSignedShort
 .text.AddSignedShortAsSignedShort
                0x00005e88       0x58 .\ARM_GCC_541\Debug\hamfly_qx_protocol.o
                0x00005e88                AddSignedShortAsSignedShort
 .text.GetSignedShortAsSignedShort
                0x00005ee0      0x15c .\ARM_GCC_541\Debug\hamfly_qx_protocol.o
                0x00005ee0                GetSignedShortAsSignedShort
 .text.AddUnsignedCharAsUnsignedChar
                0x0000603c       0x3c .\ARM_GCC_541\Debug\hamfly_qx_protocol.o
                0x0000603c                AddUnsignedCharAsUnsignedChar
 .text.GetUnsignedCharAsUnsignedChar
                0x00006078       0xc8 .\ARM_GCC_541\Debug\hamfly_qx_protocol.o
                0x00006078                GetUnsignedCharAsUnsignedChar
 .text.AddUnsignedShortAsUnsignedShort
                0x00006140       0x54 .\ARM_GCC_541\Debug\hamfly_qx_protocol.o
                0x00006140                AddUnsignedShortAsUnsignedShort
 .text.GetUnsignedShortAsUnsignedShort
                0x00006194       0xf8 .\ARM_GCC_541\Debug\hamfly_qx_protocol.o
                0x00006194                GetUnsignedShortAsUnsignedShort
 .text.AddBitsAsByte
                0x0000628c       0xcc .\ARM_GCC_541\Debug\hamfly_qx_protocol.o
                0x0000628c                AddBitsAsByte
 .text.GetBitsAsByte
                0x00006358       0xdc .\ARM_GCC_541\Debug\hamfly_qx_protocol.o
                0x00006358                GetBitsAsByte
 .text.QX_InitMsg
                0x00006434       0x30 .\ARM_GCC_541\Debug\hamfly_qx_protocol.o
 .text.QX_RxMsg
                0x00006464       0xec .\ARM_GCC_541\Debug\hamfly_qx_protocol.o
 .text.QX_Srv_Rx_Read
                0x00006550       0x90 .\ARM_GCC_541\Debug\hamfly_qx_protocol.o
 .text.QX_Srv_Rx_Write
                0x000065e0       0xc4 .\ARM_GCC_541\Debug\hamfly_qx_protocol.o
 .text.QX_Cli_Rx_CurVal
                0x000066a4       0x3c .\ARM_GCC_541\Debug\hamfly_qx_protocol.o
 .text.QX_TxMsg_Setup
                0x000066e0       0x4c .\ARM_GCC_541\Debug\hamfly_qx_protocol.o
 .text.QX_TxMsg_Finish
                0x0000672c      0x1dc .\ARM_GCC_541\Debug\hamfly_qx_protocol.o
 .text.QX_BuildHeader
                0x00006908      0x188 .\ARM_GCC_541\Debug\hamfly_qx_protocol.o
 .text.QX_ParseHeader
                0x00006a90      0x114 .\ARM_GCC_541\Debug\hamfly_qx_protocol.o
 .text.QX_Calc8bChecksum
                0x00006ba4       0x3c .\ARM_GCC_541\Debug\hamfly_qx_protocol.o
 .text.QX_AddExtdValToBuf
                0x00006be0       0x88 .\ARM_GCC_541\Debug\hamfly_qx_protocol.o
 .text.QX_GetExtdValFromBuf
                0x00006c68       0x6c .\ARM_GCC_541\Debug\hamfly_qx_protocol.o
 .text.QX_compute_crc32
                0x00006cd4       0x4c .\ARM_GCC_541\Debug\hamfly_qx_protocol.o
 .text.QX_accumulate_crc32
                0x00006d20       0x54 .\ARM_GCC_541\Debug\hamfly_qx_protocol.o
                0x00006d20                QX_accumulate_crc32
 .text.QX_InitCli
                0x00006d74       0x24 .\ARM_GCC_541\Debug\hamfly_qx_protocol.o
                0x00006d74                QX_InitCli
 .text.QX_InitTxOptions
                0x00006d98       0x3c .\ARM_GCC_541\Debug\hamfly_qx_protocol.o
                0x00006d98                QX_InitTxOptions
 .text.QX_SendPacket_Srv_CurVal
                0x00006dd4       0x98 .\ARM_GCC_541\Debug\hamfly_qx_protocol.o
                0x00006dd4                QX_SendPacket_Srv_CurVal
 .text.QX_SendPacket_Cli_Read
                0x00006e6c       0x80 .\ARM_GCC_541\Debug\hamfly_qx_protocol.o
                0x00006e6c                QX_SendPacket_Cli_Read
 .text.QX_SendPacket_Cli_WriteABS
                0x00006eec       0x98 .\ARM_GCC_541\Debug\hamfly_qx_protocol.o
                0x00006eec                QX_SendPacket_Cli_WriteABS
 .text.QX_StreamRxCharSM
                0x00006f84      0x6e0 .\ARM_GCC_541\Debug\hamfly_qx_protocol.o
                0x00006f84                QX_StreamRxCharSM
 .text.CYMEMZERO
                0x00007664       0x1c .\ARM_GCC_541\Debug\cyfitter_cfg.o
 .text.CYCONFIGCPY
                0x00007680       0x20 .\ARM_GCC_541\Debug\cyfitter_cfg.o
 .text.CyClockStartupError
                0x000076a0        0xc .\ARM_GCC_541\Debug\cyfitter_cfg.o
 .text.cfg_write_bytes32
                0x000076ac       0x74 .\ARM_GCC_541\Debug\cyfitter_cfg.o
 .text.ClockSetup
                0x00007720      0x198 .\ARM_GCC_541\Debug\cyfitter_cfg.o
 .text.AnalogSetDefault
                0x000078b8       0x88 .\ARM_GCC_541\Debug\cyfitter_cfg.o
 .text.AMux_1_Set
                0x00007940       0x40 .\ARM_GCC_541\Debug\cyfitter_cfg.o
                0x00007940                AMux_1_Set
 .text.AMux_1_Unset
                0x00007980       0x44 .\ARM_GCC_541\Debug\cyfitter_cfg.o
                0x00007980                AMux_1_Unset
 .text.ADC_DelSig_1_AMux_Set
                0x000079c4       0x40 .\ARM_GCC_541\Debug\cyfitter_cfg.o
                0x000079c4                ADC_DelSig_1_AMux_Set
 .text.ADC_DelSig_1_AMux_Unset
                0x00007a04       0x44 .\ARM_GCC_541\Debug\cyfitter_cfg.o
                0x00007a04                ADC_DelSig_1_AMux_Unset
 .text.cyfitter_cfg
                0x00007a48      0x1c8 .\ARM_GCC_541\Debug\cyfitter_cfg.o
                0x00007a48                cyfitter_cfg
 .text.IntDefaultHandler
                0x00007c10       0x14 .\ARM_GCC_541\Debug\Cm3Start.o
                0x00007c10                IntDefaultHandler
 .text._sbrk    0x00007c24       0x50 .\ARM_GCC_541\Debug\Cm3Start.o
                0x00007c24                _sbrk
 .text.Start_c  0x00007c74       0x98 .\ARM_GCC_541\Debug\Cm3Start.o
                0x00007c74                Start_c
 .text.initialize_psoc
                0x00007d0c       0x90 .\ARM_GCC_541\Debug\Cm3Start.o
                0x00007d0c                initialize_psoc
 .text.ADC_DelSig_1_Init
                0x00007d9c      0x11c .\ARM_GCC_541\Debug\Proj07_hamflyAPI_stateMachineUpgrade.a(ADC_DelSig_1.o)
                0x00007d9c                ADC_DelSig_1_Init
 .text.ADC_DelSig_1_Enable
                0x00007eb8      0x158 .\ARM_GCC_541\Debug\Proj07_hamflyAPI_stateMachineUpgrade.a(ADC_DelSig_1.o)
                0x00007eb8                ADC_DelSig_1_Enable
 .text.ADC_DelSig_1_Start
                0x00008010       0x30 .\ARM_GCC_541\Debug\Proj07_hamflyAPI_stateMachineUpgrade.a(ADC_DelSig_1.o)
                0x00008010                ADC_DelSig_1_Start
 .text.ADC_DelSig_1_StartConvert
                0x00008040       0x20 .\ARM_GCC_541\Debug\Proj07_hamflyAPI_stateMachineUpgrade.a(ADC_DelSig_1.o)
                0x00008040                ADC_DelSig_1_StartConvert
 .text.ADC_DelSig_1_StopConvert
                0x00008060       0x20 .\ARM_GCC_541\Debug\Proj07_hamflyAPI_stateMachineUpgrade.a(ADC_DelSig_1.o)
                0x00008060                ADC_DelSig_1_StopConvert
 .text.ADC_DelSig_1_GetResult16
                0x00008080       0x7c .\ARM_GCC_541\Debug\Proj07_hamflyAPI_stateMachineUpgrade.a(ADC_DelSig_1.o)
                0x00008080                ADC_DelSig_1_GetResult16
 .text.ADC_DelSig_1_InitConfig
                0x000080fc      0x164 .\ARM_GCC_541\Debug\Proj07_hamflyAPI_stateMachineUpgrade.a(ADC_DelSig_1.o)
 .text.ADC_DelSig_1_GainCompensation
                0x00008260      0x170 .\ARM_GCC_541\Debug\Proj07_hamflyAPI_stateMachineUpgrade.a(ADC_DelSig_1.o)
 .text.ADC_DelSig_1_SetDSMRef0Reg
                0x000083d0       0x7c .\ARM_GCC_541\Debug\Proj07_hamflyAPI_stateMachineUpgrade.a(ADC_DelSig_1.o)
 .text.ADC_DelSig_1_ISR1
                0x0000844c        0xc .\ARM_GCC_541\Debug\Proj07_hamflyAPI_stateMachineUpgrade.a(ADC_DelSig_1_INT.o)
                0x0000844c                ADC_DelSig_1_ISR1
 .text.AMux_1_Start
                0x00008458       0x34 .\ARM_GCC_541\Debug\Proj07_hamflyAPI_stateMachineUpgrade.a(AMux_1.o)
                0x00008458                AMux_1_Start
 .text.AMux_1_FastSelect
                0x0000848c       0x38 .\ARM_GCC_541\Debug\Proj07_hamflyAPI_stateMachineUpgrade.a(AMux_1.o)
                0x0000848c                AMux_1_FastSelect
 .text.isr_adc_StartEx
                0x000084c4       0x24 .\ARM_GCC_541\Debug\Proj07_hamflyAPI_stateMachineUpgrade.a(isr_adc.o)
                0x000084c4                isr_adc_StartEx
 .text.isr_adc_SetVector
                0x000084e8       0x24 .\ARM_GCC_541\Debug\Proj07_hamflyAPI_stateMachineUpgrade.a(isr_adc.o)
                0x000084e8                isr_adc_SetVector
 .text.isr_adc_SetPriority
                0x0000850c       0x24 .\ARM_GCC_541\Debug\Proj07_hamflyAPI_stateMachineUpgrade.a(isr_adc.o)
                0x0000850c                isr_adc_SetPriority
 .text.isr_adc_Enable
                0x00008530       0x18 .\ARM_GCC_541\Debug\Proj07_hamflyAPI_stateMachineUpgrade.a(isr_adc.o)
                0x00008530                isr_adc_Enable
 .text.isr_adc_Disable
                0x00008548       0x18 .\ARM_GCC_541\Debug\Proj07_hamflyAPI_stateMachineUpgrade.a(isr_adc.o)
                0x00008548                isr_adc_Disable
 .text.isr_adc_ClearPending
                0x00008560       0x18 .\ARM_GCC_541\Debug\Proj07_hamflyAPI_stateMachineUpgrade.a(isr_adc.o)
                0x00008560                isr_adc_ClearPending
 .text.UART_MOVI_Start
                0x00008578       0x24 .\ARM_GCC_541\Debug\Proj07_hamflyAPI_stateMachineUpgrade.a(UART_MOVI.o)
                0x00008578                UART_MOVI_Start
 .text.UART_MOVI_Init
                0x0000859c       0x40 .\ARM_GCC_541\Debug\Proj07_hamflyAPI_stateMachineUpgrade.a(UART_MOVI.o)
                0x0000859c                UART_MOVI_Init
 .text.UART_MOVI_Enable
                0x000085dc       0x5c .\ARM_GCC_541\Debug\Proj07_hamflyAPI_stateMachineUpgrade.a(UART_MOVI.o)
                0x000085dc                UART_MOVI_Enable
 .text.UART_MOVI_ReadRxData
                0x00008638       0x1c .\ARM_GCC_541\Debug\Proj07_hamflyAPI_stateMachineUpgrade.a(UART_MOVI.o)
                0x00008638                UART_MOVI_ReadRxData
 .text.UART_MOVI_GetRxBufferSize
                0x00008654       0x2c .\ARM_GCC_541\Debug\Proj07_hamflyAPI_stateMachineUpgrade.a(UART_MOVI.o)
                0x00008654                UART_MOVI_GetRxBufferSize
 .text.UART_MOVI_ClearRxBuffer
                0x00008680       0x44 .\ARM_GCC_541\Debug\Proj07_hamflyAPI_stateMachineUpgrade.a(UART_MOVI.o)
                0x00008680                UART_MOVI_ClearRxBuffer
 .text.UART_MOVI_PutChar
                0x000086c4       0x34 .\ARM_GCC_541\Debug\Proj07_hamflyAPI_stateMachineUpgrade.a(UART_MOVI.o)
                0x000086c4                UART_MOVI_PutChar
 .text.UART_MOVI_ClearTxBuffer
                0x000086f8       0x44 .\ARM_GCC_541\Debug\Proj07_hamflyAPI_stateMachineUpgrade.a(UART_MOVI.o)
                0x000086f8                UART_MOVI_ClearTxBuffer
 .text.isr_rx_movi_StartEx
                0x0000873c       0x24 .\ARM_GCC_541\Debug\Proj07_hamflyAPI_stateMachineUpgrade.a(isr_rx_movi.o)
                0x0000873c                isr_rx_movi_StartEx
 .text.isr_rx_movi_SetVector
                0x00008760       0x24 .\ARM_GCC_541\Debug\Proj07_hamflyAPI_stateMachineUpgrade.a(isr_rx_movi.o)
                0x00008760                isr_rx_movi_SetVector
 .text.isr_rx_movi_SetPriority
                0x00008784       0x24 .\ARM_GCC_541\Debug\Proj07_hamflyAPI_stateMachineUpgrade.a(isr_rx_movi.o)
                0x00008784                isr_rx_movi_SetPriority
 .text.isr_rx_movi_Enable
                0x000087a8       0x18 .\ARM_GCC_541\Debug\Proj07_hamflyAPI_stateMachineUpgrade.a(isr_rx_movi.o)
                0x000087a8                isr_rx_movi_Enable
 .text.isr_rx_movi_Disable
                0x000087c0       0x18 .\ARM_GCC_541\Debug\Proj07_hamflyAPI_stateMachineUpgrade.a(isr_rx_movi.o)
                0x000087c0                isr_rx_movi_Disable
 .text.Looptimer_Init
                0x000087d8       0xa0 .\ARM_GCC_541\Debug\Proj07_hamflyAPI_stateMachineUpgrade.a(Looptimer.o)
                0x000087d8                Looptimer_Init
 .text.Looptimer_Enable
                0x00008878       0x48 .\ARM_GCC_541\Debug\Proj07_hamflyAPI_stateMachineUpgrade.a(Looptimer.o)
                0x00008878                Looptimer_Enable
 .text.Looptimer_Start
                0x000088c0       0x24 .\ARM_GCC_541\Debug\Proj07_hamflyAPI_stateMachineUpgrade.a(Looptimer.o)
                0x000088c0                Looptimer_Start
 .text.Looptimer_SetInterruptMode
                0x000088e4       0x20 .\ARM_GCC_541\Debug\Proj07_hamflyAPI_stateMachineUpgrade.a(Looptimer.o)
                0x000088e4                Looptimer_SetInterruptMode
 .text.Looptimer_ReadStatusRegister
                0x00008904       0x18 .\ARM_GCC_541\Debug\Proj07_hamflyAPI_stateMachineUpgrade.a(Looptimer.o)
                0x00008904                Looptimer_ReadStatusRegister
 .text.Looptimer_WritePeriod
                0x0000891c       0x24 .\ARM_GCC_541\Debug\Proj07_hamflyAPI_stateMachineUpgrade.a(Looptimer.o)
                0x0000891c                Looptimer_WritePeriod
 .text.Looptimer_WriteCounter
                0x00008940       0x20 .\ARM_GCC_541\Debug\Proj07_hamflyAPI_stateMachineUpgrade.a(Looptimer.o)
                0x00008940                Looptimer_WriteCounter
 .text.isr_Looptimer_StartEx
                0x00008960       0x24 .\ARM_GCC_541\Debug\Proj07_hamflyAPI_stateMachineUpgrade.a(isr_Looptimer.o)
                0x00008960                isr_Looptimer_StartEx
 .text.isr_Looptimer_SetVector
                0x00008984       0x24 .\ARM_GCC_541\Debug\Proj07_hamflyAPI_stateMachineUpgrade.a(isr_Looptimer.o)
                0x00008984                isr_Looptimer_SetVector
 .text.isr_Looptimer_SetPriority
                0x000089a8       0x24 .\ARM_GCC_541\Debug\Proj07_hamflyAPI_stateMachineUpgrade.a(isr_Looptimer.o)
                0x000089a8                isr_Looptimer_SetPriority
 .text.isr_Looptimer_Enable
                0x000089cc       0x18 .\ARM_GCC_541\Debug\Proj07_hamflyAPI_stateMachineUpgrade.a(isr_Looptimer.o)
                0x000089cc                isr_Looptimer_Enable
 .text.isr_Looptimer_Disable
                0x000089e4       0x18 .\ARM_GCC_541\Debug\Proj07_hamflyAPI_stateMachineUpgrade.a(isr_Looptimer.o)
                0x000089e4                isr_Looptimer_Disable
 .text.EEPROM_CONFIG_Enable
                0x000089fc       0x10 .\ARM_GCC_541\Debug\Proj07_hamflyAPI_stateMachineUpgrade.a(EEPROM_CONFIG.o)
                0x000089fc                EEPROM_CONFIG_Enable
 .text.EEPROM_CONFIG_Start
                0x00008a0c        0xc .\ARM_GCC_541\Debug\Proj07_hamflyAPI_stateMachineUpgrade.a(EEPROM_CONFIG.o)
                0x00008a0c                EEPROM_CONFIG_Start
 .text.ADC_DelSig_1_AMux_Start
                0x00008a18       0x34 .\ARM_GCC_541\Debug\Proj07_hamflyAPI_stateMachineUpgrade.a(ADC_DelSig_1_AMux.o)
                0x00008a18                ADC_DelSig_1_AMux_Start
 .text.ADC_DelSig_1_AMux_Select
                0x00008a4c       0x28 .\ARM_GCC_541\Debug\Proj07_hamflyAPI_stateMachineUpgrade.a(ADC_DelSig_1_AMux.o)
                0x00008a4c                ADC_DelSig_1_AMux_Select
 .text.ADC_DelSig_1_Ext_CP_Clk_SetDividerRegister
                0x00008a74      0x164 .\ARM_GCC_541\Debug\Proj07_hamflyAPI_stateMachineUpgrade.a(ADC_DelSig_1_Ext_CP_Clk.o)
                0x00008a74                ADC_DelSig_1_Ext_CP_Clk_SetDividerRegister
 .text.ADC_DelSig_1_Ext_CP_Clk_GetDividerRegister
                0x00008bd8       0x18 .\ARM_GCC_541\Debug\Proj07_hamflyAPI_stateMachineUpgrade.a(ADC_DelSig_1_Ext_CP_Clk.o)
                0x00008bd8                ADC_DelSig_1_Ext_CP_Clk_GetDividerRegister
 .text.ADC_DelSig_1_Ext_CP_Clk_SetModeRegister
                0x00008bf0       0x34 .\ARM_GCC_541\Debug\Proj07_hamflyAPI_stateMachineUpgrade.a(ADC_DelSig_1_Ext_CP_Clk.o)
                0x00008bf0                ADC_DelSig_1_Ext_CP_Clk_SetModeRegister
 .text.ADC_DelSig_1_Ext_CP_Clk_GetSourceRegister
                0x00008c24       0x1c .\ARM_GCC_541\Debug\Proj07_hamflyAPI_stateMachineUpgrade.a(ADC_DelSig_1_Ext_CP_Clk.o)
                0x00008c24                ADC_DelSig_1_Ext_CP_Clk_GetSourceRegister
 .text.ADC_DelSig_1_theACLK_SetDividerRegister
                0x00008c40      0x164 .\ARM_GCC_541\Debug\Proj07_hamflyAPI_stateMachineUpgrade.a(ADC_DelSig_1_theACLK.o)
                0x00008c40                ADC_DelSig_1_theACLK_SetDividerRegister
 .text.ADC_DelSig_1_theACLK_GetDividerRegister
                0x00008da4       0x18 .\ARM_GCC_541\Debug\Proj07_hamflyAPI_stateMachineUpgrade.a(ADC_DelSig_1_theACLK.o)
                0x00008da4                ADC_DelSig_1_theACLK_GetDividerRegister
 .text.ADC_DelSig_1_theACLK_SetModeRegister
                0x00008dbc       0x34 .\ARM_GCC_541\Debug\Proj07_hamflyAPI_stateMachineUpgrade.a(ADC_DelSig_1_theACLK.o)
                0x00008dbc                ADC_DelSig_1_theACLK_SetModeRegister
 .text.ADC_DelSig_1_theACLK_GetSourceRegister
                0x00008df0       0x1c .\ARM_GCC_541\Debug\Proj07_hamflyAPI_stateMachineUpgrade.a(ADC_DelSig_1_theACLK.o)
                0x00008df0                ADC_DelSig_1_theACLK_GetSourceRegister
 .text.CySetTempInt
                0x00008e0c       0x7c .\ARM_GCC_541\Debug\Proj07_hamflyAPI_stateMachineUpgrade.a(CyFlash.o)
 .text.CyFlashGetSpcAlgorithm
                0x00008e88       0x70 .\ARM_GCC_541\Debug\Proj07_hamflyAPI_stateMachineUpgrade.a(CyFlash.o)
                0x00008e88                CyFlashGetSpcAlgorithm
 .text.CySetTemp
                0x00008ef8       0x24 .\ARM_GCC_541\Debug\Proj07_hamflyAPI_stateMachineUpgrade.a(CyFlash.o)
                0x00008ef8                CySetTemp
 .text.CyEEPROM_Start
                0x00008f1c       0x8c .\ARM_GCC_541\Debug\Proj07_hamflyAPI_stateMachineUpgrade.a(CyFlash.o)
                0x00008f1c                CyEEPROM_Start
 .text.CyHalt   0x00008fa8       0x18 .\ARM_GCC_541\Debug\Proj07_hamflyAPI_stateMachineUpgrade.a(CyLib.o)
                0x00008fa8                CyHalt
 .text.CyDelayUs
                0x00008fc0       0x28 .\ARM_GCC_541\Debug\Proj07_hamflyAPI_stateMachineUpgrade.a(CyLib.o)
                0x00008fc0                CyDelayUs
 .text.CyIntSetVector
                0x00008fe8       0x50 .\ARM_GCC_541\Debug\Proj07_hamflyAPI_stateMachineUpgrade.a(CyLib.o)
                0x00008fe8                CyIntSetVector
 .text.CyIntSetPriority
                0x00009038       0x48 .\ARM_GCC_541\Debug\Proj07_hamflyAPI_stateMachineUpgrade.a(CyLib.o)
                0x00009038                CyIntSetPriority
 .text.CySpcStart
                0x00009080       0x48 .\ARM_GCC_541\Debug\Proj07_hamflyAPI_stateMachineUpgrade.a(CySpc.o)
                0x00009080                CySpcStart
 .text.CySpcReadData
                0x000090c8       0x54 .\ARM_GCC_541\Debug\Proj07_hamflyAPI_stateMachineUpgrade.a(CySpc.o)
                0x000090c8                CySpcReadData
 .text.CySpcGetTemp
                0x0000911c       0x64 .\ARM_GCC_541\Debug\Proj07_hamflyAPI_stateMachineUpgrade.a(CySpc.o)
                0x0000911c                CySpcGetTemp
 .text.CySpcLock
                0x00009180       0x68 .\ARM_GCC_541\Debug\Proj07_hamflyAPI_stateMachineUpgrade.a(CySpc.o)
                0x00009180                CySpcLock
 .text.CySpcUnlock
                0x000091e8       0x50 .\ARM_GCC_541\Debug\Proj07_hamflyAPI_stateMachineUpgrade.a(CySpc.o)
                0x000091e8                CySpcUnlock
 .text.CySpcGetAlgorithm
                0x00009238       0x44 .\ARM_GCC_541\Debug\Proj07_hamflyAPI_stateMachineUpgrade.a(CySpc.o)
                0x00009238                CySpcGetAlgorithm
 .text.UART_DEBUG_Start
                0x0000927c       0x24 .\ARM_GCC_541\Debug\Proj07_hamflyAPI_stateMachineUpgrade.a(UART_DEBUG.o)
                0x0000927c                UART_DEBUG_Start
 .text.UART_DEBUG_Init
                0x000092a0       0x40 .\ARM_GCC_541\Debug\Proj07_hamflyAPI_stateMachineUpgrade.a(UART_DEBUG.o)
                0x000092a0                UART_DEBUG_Init
 .text.UART_DEBUG_Enable
                0x000092e0       0x60 .\ARM_GCC_541\Debug\Proj07_hamflyAPI_stateMachineUpgrade.a(UART_DEBUG.o)
                0x000092e0                UART_DEBUG_Enable
 .text.UART_DEBUG_GetChar
                0x00009340       0x44 .\ARM_GCC_541\Debug\Proj07_hamflyAPI_stateMachineUpgrade.a(UART_DEBUG.o)
                0x00009340                UART_DEBUG_GetChar
 .text.UART_DEBUG_PutChar
                0x00009384       0x34 .\ARM_GCC_541\Debug\Proj07_hamflyAPI_stateMachineUpgrade.a(UART_DEBUG.o)
                0x00009384                UART_DEBUG_PutChar
 .text.UART_DEBUG_PutString
                0x000093b8       0x44 .\ARM_GCC_541\Debug\Proj07_hamflyAPI_stateMachineUpgrade.a(UART_DEBUG.o)
                0x000093b8                UART_DEBUG_PutString
 .text.UART_DEBUG_IntClock_Start
                0x000093fc       0x34 .\ARM_GCC_541\Debug\Proj07_hamflyAPI_stateMachineUpgrade.a(UART_DEBUG_IntClock.o)
                0x000093fc                UART_DEBUG_IntClock_Start
 .text.UART_SBC_Start
                0x00009430       0x24 .\ARM_GCC_541\Debug\Proj07_hamflyAPI_stateMachineUpgrade.a(UART_SBC.o)
                0x00009430                UART_SBC_Start
 .text.UART_SBC_Init
                0x00009454       0x40 .\ARM_GCC_541\Debug\Proj07_hamflyAPI_stateMachineUpgrade.a(UART_SBC.o)
                0x00009454                UART_SBC_Init
 .text.UART_SBC_Enable
                0x00009494       0x60 .\ARM_GCC_541\Debug\Proj07_hamflyAPI_stateMachineUpgrade.a(UART_SBC.o)
                0x00009494                UART_SBC_Enable
 .text.UART_SBC_ReadRxData
                0x000094f4       0x1c .\ARM_GCC_541\Debug\Proj07_hamflyAPI_stateMachineUpgrade.a(UART_SBC.o)
                0x000094f4                UART_SBC_ReadRxData
 .text.UART_SBC_GetRxBufferSize
                0x00009510       0x2c .\ARM_GCC_541\Debug\Proj07_hamflyAPI_stateMachineUpgrade.a(UART_SBC.o)
                0x00009510                UART_SBC_GetRxBufferSize
 .text.UART_SBC_ClearRxBuffer
                0x0000953c       0x44 .\ARM_GCC_541\Debug\Proj07_hamflyAPI_stateMachineUpgrade.a(UART_SBC.o)
                0x0000953c                UART_SBC_ClearRxBuffer
 .text.UART_SBC_PutChar
                0x00009580       0x34 .\ARM_GCC_541\Debug\Proj07_hamflyAPI_stateMachineUpgrade.a(UART_SBC.o)
                0x00009580                UART_SBC_PutChar
 .text.UART_SBC_ClearTxBuffer
                0x000095b4       0x44 .\ARM_GCC_541\Debug\Proj07_hamflyAPI_stateMachineUpgrade.a(UART_SBC.o)
                0x000095b4                UART_SBC_ClearTxBuffer
 .text.isr_rx_sbc_StartEx
                0x000095f8       0x24 .\ARM_GCC_541\Debug\Proj07_hamflyAPI_stateMachineUpgrade.a(isr_rx_sbc.o)
                0x000095f8                isr_rx_sbc_StartEx
 .text.isr_rx_sbc_SetVector
                0x0000961c       0x24 .\ARM_GCC_541\Debug\Proj07_hamflyAPI_stateMachineUpgrade.a(isr_rx_sbc.o)
                0x0000961c                isr_rx_sbc_SetVector
 .text.isr_rx_sbc_SetPriority
                0x00009640       0x24 .\ARM_GCC_541\Debug\Proj07_hamflyAPI_stateMachineUpgrade.a(isr_rx_sbc.o)
                0x00009640                isr_rx_sbc_SetPriority
 .text.isr_rx_sbc_Enable
                0x00009664       0x18 .\ARM_GCC_541\Debug\Proj07_hamflyAPI_stateMachineUpgrade.a(isr_rx_sbc.o)
                0x00009664                isr_rx_sbc_Enable
 .text.isr_rx_sbc_Disable
                0x0000967c       0x18 .\ARM_GCC_541\Debug\Proj07_hamflyAPI_stateMachineUpgrade.a(isr_rx_sbc.o)
                0x0000967c                isr_rx_sbc_Disable
 .text.UART_SBC_IntClock_Start
                0x00009694       0x34 .\ARM_GCC_541\Debug\Proj07_hamflyAPI_stateMachineUpgrade.a(UART_SBC_IntClock.o)
                0x00009694                UART_SBC_IntClock_Start
 .text.Pin_Debug_SuperLoop_Write
                0x000096c8       0x3c .\ARM_GCC_541\Debug\Proj07_hamflyAPI_stateMachineUpgrade.a(Pin_Debug_SuperLoop.o)
                0x000096c8                Pin_Debug_SuperLoop_Write
 .text.Pin_Debug_SuperLoop_Read
                0x00009704       0x20 .\ARM_GCC_541\Debug\Proj07_hamflyAPI_stateMachineUpgrade.a(Pin_Debug_SuperLoop.o)
                0x00009704                Pin_Debug_SuperLoop_Read
 .text.Pin_Debug_CoarseCentroid_Write
                0x00009724       0x3c .\ARM_GCC_541\Debug\Proj07_hamflyAPI_stateMachineUpgrade.a(Pin_Debug_CoarseCentroid.o)
                0x00009724                Pin_Debug_CoarseCentroid_Write
 .text.Pin_Debug_CoarseCentroid_Read
                0x00009760       0x20 .\ARM_GCC_541\Debug\Proj07_hamflyAPI_stateMachineUpgrade.a(Pin_Debug_CoarseCentroid.o)
                0x00009760                Pin_Debug_CoarseCentroid_Read
 .text.Pin_SwitchAuto_Read
                0x00009780       0x20 .\ARM_GCC_541\Debug\Proj07_hamflyAPI_stateMachineUpgrade.a(Pin_SwitchAuto.o)
                0x00009780                Pin_SwitchAuto_Read
 .text.VDAC8_3v3Ref_Init
                0x000097a0       0x28 .\ARM_GCC_541\Debug\Proj07_hamflyAPI_stateMachineUpgrade.a(VDAC8_3v3Ref.o)
                0x000097a0                VDAC8_3v3Ref_Init
 .text.VDAC8_3v3Ref_Enable
                0x000097c8       0x34 .\ARM_GCC_541\Debug\Proj07_hamflyAPI_stateMachineUpgrade.a(VDAC8_3v3Ref.o)
                0x000097c8                VDAC8_3v3Ref_Enable
 .text.VDAC8_3v3Ref_Start
                0x000097fc       0x28 .\ARM_GCC_541\Debug\Proj07_hamflyAPI_stateMachineUpgrade.a(VDAC8_3v3Ref.o)
                0x000097fc                VDAC8_3v3Ref_Start
 .text.VDAC8_3v3Ref_SetSpeed
                0x00009824       0x40 .\ARM_GCC_541\Debug\Proj07_hamflyAPI_stateMachineUpgrade.a(VDAC8_3v3Ref.o)
                0x00009824                VDAC8_3v3Ref_SetSpeed
 .text.VDAC8_3v3Ref_SetRange
                0x00009864       0x40 .\ARM_GCC_541\Debug\Proj07_hamflyAPI_stateMachineUpgrade.a(VDAC8_3v3Ref.o)
                0x00009864                VDAC8_3v3Ref_SetRange
 .text.VDAC8_3v3Ref_SetValue
                0x000098a4       0x20 .\ARM_GCC_541\Debug\Proj07_hamflyAPI_stateMachineUpgrade.a(VDAC8_3v3Ref.o)
                0x000098a4                VDAC8_3v3Ref_SetValue
 .text.VDAC8_3v3Ref_DacTrim
                0x000098c4       0x3c .\ARM_GCC_541\Debug\Proj07_hamflyAPI_stateMachineUpgrade.a(VDAC8_3v3Ref.o)
                0x000098c4                VDAC8_3v3Ref_DacTrim
 .text          0x00009900       0x54 .\ARM_GCC_541\Debug\Proj07_hamflyAPI_stateMachineUpgrade.a(CyBootAsmGnu.o)
                0x00009900                CyDelayCycles
                0x0000993e                CyEnterCriticalSection
                0x00009946                CyExitCriticalSection
 .text.cosf     0x00009954       0x78 c:/program files (x86)/cypress/psoc creator/4.4/psoc creator/import/gnu/arm/5.4.1/bin/../lib/gcc/arm-none-eabi/5.4.1/../../../../arm-none-eabi/lib/armv7-m\libm.a(lib_a-sf_cos.o)
                0x00009954                cosf
 .text.sinf     0x000099cc       0x7c c:/program files (x86)/cypress/psoc creator/4.4/psoc creator/import/gnu/arm/5.4.1/bin/../lib/gcc/arm-none-eabi/5.4.1/../../../../arm-none-eabi/lib/armv7-m\libm.a(lib_a-sf_sin.o)
                0x000099cc                sinf
 .text.asinf    0x00009a48       0xa4 c:/program files (x86)/cypress/psoc creator/4.4/psoc creator/import/gnu/arm/5.4.1/bin/../lib/gcc/arm-none-eabi/5.4.1/../../../../arm-none-eabi/lib/armv7-m\libm.a(lib_a-wf_asin.o)
                0x00009a48                asinf
 .text.atan2f   0x00009aec        0x4 c:/program files (x86)/cypress/psoc creator/4.4/psoc creator/import/gnu/arm/5.4.1/bin/../lib/gcc/arm-none-eabi/5.4.1/../../../../arm-none-eabi/lib/armv7-m\libm.a(lib_a-wf_atan2.o)
                0x00009aec                atan2f
 .text.sqrtf    0x00009af0       0x9c c:/program files (x86)/cypress/psoc creator/4.4/psoc creator/import/gnu/arm/5.4.1/bin/../lib/gcc/arm-none-eabi/5.4.1/../../../../arm-none-eabi/lib/armv7-m\libm.a(lib_a-wf_sqrt.o)
                0x00009af0                sqrtf
 .text.__ieee754_asinf
                0x00009b8c      0x294 c:/program files (x86)/cypress/psoc creator/4.4/psoc creator/import/gnu/arm/5.4.1/bin/../lib/gcc/arm-none-eabi/5.4.1/../../../../arm-none-eabi/lib/armv7-m\libm.a(lib_a-ef_asin.o)
                0x00009b8c                __ieee754_asinf
 .text.__ieee754_atan2f
                0x00009e20      0x124 c:/program files (x86)/cypress/psoc creator/4.4/psoc creator/import/gnu/arm/5.4.1/bin/../lib/gcc/arm-none-eabi/5.4.1/../../../../arm-none-eabi/lib/armv7-m\libm.a(lib_a-ef_atan2.o)
                0x00009e20                __ieee754_atan2f
 .text.__ieee754_rem_pio2f
                0x00009f44      0x2e4 c:/program files (x86)/cypress/psoc creator/4.4/psoc creator/import/gnu/arm/5.4.1/bin/../lib/gcc/arm-none-eabi/5.4.1/../../../../arm-none-eabi/lib/armv7-m\libm.a(lib_a-ef_rem_pio2.o)
                0x00009f44                __ieee754_rem_pio2f
 .text.__ieee754_sqrtf
                0x0000a228       0xa8 c:/program files (x86)/cypress/psoc creator/4.4/psoc creator/import/gnu/arm/5.4.1/bin/../lib/gcc/arm-none-eabi/5.4.1/../../../../arm-none-eabi/lib/armv7-m\libm.a(lib_a-ef_sqrt.o)
                0x0000a228                __ieee754_sqrtf
 .text.__kernel_cosf
                0x0000a2d0      0x188 c:/program files (x86)/cypress/psoc creator/4.4/psoc creator/import/gnu/arm/5.4.1/bin/../lib/gcc/arm-none-eabi/5.4.1/../../../../arm-none-eabi/lib/armv7-m\libm.a(lib_a-kf_cos.o)
                0x0000a2d0                __kernel_cosf
 .text.__kernel_rem_pio2f
                0x0000a458      0x6a0 c:/program files (x86)/cypress/psoc creator/4.4/psoc creator/import/gnu/arm/5.4.1/bin/../lib/gcc/arm-none-eabi/5.4.1/../../../../arm-none-eabi/lib/armv7-m\libm.a(lib_a-kf_rem_pio2.o)
                0x0000a458                __kernel_rem_pio2f
 .text.__kernel_sinf
                0x0000aaf8       0xec c:/program files (x86)/cypress/psoc creator/4.4/psoc creator/import/gnu/arm/5.4.1/bin/../lib/gcc/arm-none-eabi/5.4.1/../../../../arm-none-eabi/lib/armv7-m\libm.a(lib_a-kf_sin.o)
                0x0000aaf8                __kernel_sinf
 .text.matherr  0x0000abe4        0x4 c:/program files (x86)/cypress/psoc creator/4.4/psoc creator/import/gnu/arm/5.4.1/bin/../lib/gcc/arm-none-eabi/5.4.1/../../../../arm-none-eabi/lib/armv7-m\libm.a(lib_a-s_matherr.o)
                0x0000abe4                matherr
 .text.nan      0x0000abe8        0xc c:/program files (x86)/cypress/psoc creator/4.4/psoc creator/import/gnu/arm/5.4.1/bin/../lib/gcc/arm-none-eabi/5.4.1/../../../../arm-none-eabi/lib/armv7-m\libm.a(lib_a-s_nan.o)
                0x0000abe8                nan
 .text.atanf    0x0000abf4      0x22c c:/program files (x86)/cypress/psoc creator/4.4/psoc creator/import/gnu/arm/5.4.1/bin/../lib/gcc/arm-none-eabi/5.4.1/../../../../arm-none-eabi/lib/armv7-m\libm.a(lib_a-sf_atan.o)
                0x0000abf4                atanf
 .text.fabsf    0x0000ae20        0x8 c:/program files (x86)/cypress/psoc creator/4.4/psoc creator/import/gnu/arm/5.4.1/bin/../lib/gcc/arm-none-eabi/5.4.1/../../../../arm-none-eabi/lib/armv7-m\libm.a(lib_a-sf_fabs.o)
                0x0000ae20                fabsf
 .text.floorf   0x0000ae28       0x8c c:/program files (x86)/cypress/psoc creator/4.4/psoc creator/import/gnu/arm/5.4.1/bin/../lib/gcc/arm-none-eabi/5.4.1/../../../../arm-none-eabi/lib/armv7-m\libm.a(lib_a-sf_floor.o)
                0x0000ae28                floorf
 .text.scalbnf  0x0000aeb4       0xb0 c:/program files (x86)/cypress/psoc creator/4.4/psoc creator/import/gnu/arm/5.4.1/bin/../lib/gcc/arm-none-eabi/5.4.1/../../../../arm-none-eabi/lib/armv7-m\libm.a(lib_a-sf_scalbn.o)
                0x0000aeb4                scalbnf
 .text.copysignf
                0x0000af64        0xc c:/program files (x86)/cypress/psoc creator/4.4/psoc creator/import/gnu/arm/5.4.1/bin/../lib/gcc/arm-none-eabi/5.4.1/../../../../arm-none-eabi/lib/armv7-m\libm.a(lib_a-sf_copysign.o)
                0x0000af64                copysignf
 .text          0x0000af70      0x370 c:/program files (x86)/cypress/psoc creator/4.4/psoc creator/import/gnu/arm/5.4.1/bin/../lib/gcc/arm-none-eabi/5.4.1/armv7-m\libgcc.a(_arm_addsubdf3.o)
                0x0000af70                __aeabi_drsub
                0x0000af78                __aeabi_dsub
                0x0000af78                __subdf3
                0x0000af7c                __aeabi_dadd
                0x0000af7c                __adddf3
                0x0000b1f4                __floatunsidf
                0x0000b1f4                __aeabi_ui2d
                0x0000b214                __floatsidf
                0x0000b214                __aeabi_i2d
                0x0000b238                __aeabi_f2d
                0x0000b238                __extendsfdf2
                0x0000b274                __floatundidf
                0x0000b274                __aeabi_ul2d
                0x0000b284                __floatdidf
                0x0000b284                __aeabi_l2d
 .text          0x0000b2e0      0x424 c:/program files (x86)/cypress/psoc creator/4.4/psoc creator/import/gnu/arm/5.4.1/bin/../lib/gcc/arm-none-eabi/5.4.1/armv7-m\libgcc.a(_arm_muldivdf3.o)
                0x0000b2e0                __aeabi_dmul
                0x0000b2e0                __muldf3
                0x0000b534                __divdf3
                0x0000b534                __aeabi_ddiv
 .text          0x0000b704      0x110 c:/program files (x86)/cypress/psoc creator/4.4/psoc creator/import/gnu/arm/5.4.1/bin/../lib/gcc/arm-none-eabi/5.4.1/armv7-m\libgcc.a(_arm_cmpdf2.o)
                0x0000b704                __gtdf2
                0x0000b704                __gedf2
                0x0000b70c                __ltdf2
                0x0000b70c                __ledf2
                0x0000b714                __nedf2
                0x0000b714                __eqdf2
                0x0000b714                __cmpdf2
                0x0000b790                __aeabi_cdrcmple
                0x0000b7a0                __aeabi_cdcmpeq
                0x0000b7a0                __aeabi_cdcmple
                0x0000b7b0                __aeabi_dcmpeq
                0x0000b7c4                __aeabi_dcmplt
                0x0000b7d8                __aeabi_dcmple
                0x0000b7ec                __aeabi_dcmpge
                0x0000b800                __aeabi_dcmpgt
 .text          0x0000b814       0x2c c:/program files (x86)/cypress/psoc creator/4.4/psoc creator/import/gnu/arm/5.4.1/bin/../lib/gcc/arm-none-eabi/5.4.1/armv7-m\libgcc.a(_arm_unorddf2.o)
                0x0000b814                __unorddf2
                0x0000b814                __aeabi_dcmpun
 .text          0x0000b840       0x50 c:/program files (x86)/cypress/psoc creator/4.4/psoc creator/import/gnu/arm/5.4.1/bin/../lib/gcc/arm-none-eabi/5.4.1/armv7-m\libgcc.a(_arm_fixdfsi.o)
                0x0000b840                __aeabi_d2iz
                0x0000b840                __fixdfsi
 .text          0x0000b890       0xa0 c:/program files (x86)/cypress/psoc creator/4.4/psoc creator/import/gnu/arm/5.4.1/bin/../lib/gcc/arm-none-eabi/5.4.1/armv7-m\libgcc.a(_arm_truncdfsf2.o)
                0x0000b890                __truncdfsf2
                0x0000b890                __aeabi_d2f
 .text          0x0000b930      0x21c c:/program files (x86)/cypress/psoc creator/4.4/psoc creator/import/gnu/arm/5.4.1/bin/../lib/gcc/arm-none-eabi/5.4.1/armv7-m\libgcc.a(_arm_addsubsf3.o)
                0x0000b930                __aeabi_frsub
                0x0000b938                __subsf3
                0x0000b938                __aeabi_fsub
                0x0000b93c                __aeabi_fadd
                0x0000b93c                __addsf3
                0x0000ba9c                __aeabi_ui2f
                0x0000ba9c                __floatunsisf
                0x0000baa4                __aeabi_i2f
                0x0000baa4                __floatsisf
                0x0000bac0                __aeabi_ul2f
                0x0000bac0                __floatundisf
                0x0000bad0                __aeabi_l2f
                0x0000bad0                __floatdisf
 .text          0x0000bb4c      0x2a0 c:/program files (x86)/cypress/psoc creator/4.4/psoc creator/import/gnu/arm/5.4.1/bin/../lib/gcc/arm-none-eabi/5.4.1/armv7-m\libgcc.a(_arm_muldivsf3.o)
                0x0000bb4c                __mulsf3
                0x0000bb4c                __aeabi_fmul
                0x0000bcb4                __aeabi_fdiv
                0x0000bcb4                __divsf3
 .text          0x0000bdec       0xec c:/program files (x86)/cypress/psoc creator/4.4/psoc creator/import/gnu/arm/5.4.1/bin/../lib/gcc/arm-none-eabi/5.4.1/armv7-m\libgcc.a(_arm_cmpsf2.o)
                0x0000bdec                __gesf2
                0x0000bdec                __gtsf2
                0x0000bdf4                __lesf2
                0x0000bdf4                __ltsf2
                0x0000bdfc                __nesf2
                0x0000bdfc                __eqsf2
                0x0000bdfc                __cmpsf2
                0x0000be5c                __aeabi_cfrcmple
                0x0000be64                __aeabi_cfcmpeq
                0x0000be64                __aeabi_cfcmple
                0x0000be74                __aeabi_fcmpeq
                0x0000be88                __aeabi_fcmplt
                0x0000be9c                __aeabi_fcmple
                0x0000beb0                __aeabi_fcmpge
                0x0000bec4                __aeabi_fcmpgt
 .text          0x0000bed8       0x2c c:/program files (x86)/cypress/psoc creator/4.4/psoc creator/import/gnu/arm/5.4.1/bin/../lib/gcc/arm-none-eabi/5.4.1/armv7-m\libgcc.a(_arm_unordsf2.o)
                0x0000bed8                __unordsf2
                0x0000bed8                __aeabi_fcmpun
 .text          0x0000bf04       0x4c c:/program files (x86)/cypress/psoc creator/4.4/psoc creator/import/gnu/arm/5.4.1/bin/../lib/gcc/arm-none-eabi/5.4.1/armv7-m\libgcc.a(_arm_fixsfsi.o)
                0x0000bf04                __aeabi_f2iz
                0x0000bf04                __fixsfsi
 .text          0x0000bf50       0x40 c:/program files (x86)/cypress/psoc creator/4.4/psoc creator/import/gnu/arm/5.4.1/bin/../lib/gcc/arm-none-eabi/5.4.1/armv7-m\libgcc.a(_arm_fixunssfsi.o)
                0x0000bf50                __fixunssfsi
                0x0000bf50                __aeabi_f2uiz
 .text.__errno  0x0000bf90        0xc c:/program files (x86)/cypress/psoc creator/4.4/psoc creator/import/gnu/arm/5.4.1/bin/../lib/gcc/arm-none-eabi/5.4.1/../../../../arm-none-eabi/lib/armv7-m\libg_nano.a(lib_a-errno.o)
                0x0000bf90                __errno
 .text.__libc_init_array
                0x0000bf9c       0x4c c:/program files (x86)/cypress/psoc creator/4.4/psoc creator/import/gnu/arm/5.4.1/bin/../lib/gcc/arm-none-eabi/5.4.1/../../../../arm-none-eabi/lib/armv7-m\libg_nano.a(lib_a-init.o)
                0x0000bf9c                __libc_init_array
 .text.memcpy   0x0000bfe8       0x16 c:/program files (x86)/cypress/psoc creator/4.4/psoc creator/import/gnu/arm/5.4.1/bin/../lib/gcc/arm-none-eabi/5.4.1/../../../../arm-none-eabi/lib/armv7-m\libg_nano.a(lib_a-memcpy-stub.o)
                0x0000bfe8                memcpy
 .text.memset   0x0000bffe       0x10 c:/program files (x86)/cypress/psoc creator/4.4/psoc creator/import/gnu/arm/5.4.1/bin/../lib/gcc/arm-none-eabi/5.4.1/../../../../arm-none-eabi/lib/armv7-m\libg_nano.a(lib_a-memset.o)
                0x0000bffe                memset
 .text.__cvt    0x0000c00e       0xc0 c:/program files (x86)/cypress/psoc creator/4.4/psoc creator/import/gnu/arm/5.4.1/bin/../lib/gcc/arm-none-eabi/5.4.1/../../../../arm-none-eabi/lib/armv7-m\libg_nano.a(lib_a-nano-vfprintf_float.o)
                0x0000c00e                __cvt
 .text.__exponent
                0x0000c0ce       0x62 c:/program files (x86)/cypress/psoc creator/4.4/psoc creator/import/gnu/arm/5.4.1/bin/../lib/gcc/arm-none-eabi/5.4.1/../../../../arm-none-eabi/lib/armv7-m\libg_nano.a(lib_a-nano-vfprintf_float.o)
                0x0000c0ce                __exponent
 .text._printf_float
                0x0000c130      0x488 c:/program files (x86)/cypress/psoc creator/4.4/psoc creator/import/gnu/arm/5.4.1/bin/../lib/gcc/arm-none-eabi/5.4.1/../../../../arm-none-eabi/lib/armv7-m\libg_nano.a(lib_a-nano-vfprintf_float.o)
                0x0000c130                _printf_float
 .text._printf_common
                0x0000c5b8       0xec c:/program files (x86)/cypress/psoc creator/4.4/psoc creator/import/gnu/arm/5.4.1/bin/../lib/gcc/arm-none-eabi/5.4.1/../../../../arm-none-eabi/lib/armv7-m\libg_nano.a(lib_a-nano-vfprintf_i.o)
                0x0000c5b8                _printf_common
 .text._printf_i
                0x0000c6a4      0x24c c:/program files (x86)/cypress/psoc creator/4.4/psoc creator/import/gnu/arm/5.4.1/bin/../lib/gcc/arm-none-eabi/5.4.1/../../../../arm-none-eabi/lib/armv7-m\libg_nano.a(lib_a-nano-vfprintf_i.o)
                0x0000c6a4                _printf_i
 .text.snprintf
                0x0000c8f0       0x64 c:/program files (x86)/cypress/psoc creator/4.4/psoc creator/import/gnu/arm/5.4.1/bin/../lib/gcc/arm-none-eabi/5.4.1/../../../../arm-none-eabi/lib/armv7-m\libg_nano.a(lib_a-snprintf.o)
                0x0000c8f0                sniprintf
                0x0000c8f0                snprintf
 .text.sprintf  0x0000c954       0x48 c:/program files (x86)/cypress/psoc creator/4.4/psoc creator/import/gnu/arm/5.4.1/bin/../lib/gcc/arm-none-eabi/5.4.1/../../../../arm-none-eabi/lib/armv7-m\libg_nano.a(lib_a-sprintf.o)
                0x0000c954                siprintf
                0x0000c954                sprintf
 .text          0x0000c99c       0x10 c:/program files (x86)/cypress/psoc creator/4.4/psoc creator/import/gnu/arm/5.4.1/bin/../lib/gcc/arm-none-eabi/5.4.1/../../../../arm-none-eabi/lib/armv7-m\libg_nano.a(lib_a-strlen.o)
                0x0000c99c                strlen
 .text.quorem   0x0000c9ac      0x116 c:/program files (x86)/cypress/psoc creator/4.4/psoc creator/import/gnu/arm/5.4.1/bin/../lib/gcc/arm-none-eabi/5.4.1/../../../../arm-none-eabi/lib/armv7-m\libg_nano.a(lib_a-dtoa.o)
 *fill*         0x0000cac2        0x6 
 .text._dtoa_r  0x0000cac8      0xb30 c:/program files (x86)/cypress/psoc creator/4.4/psoc creator/import/gnu/arm/5.4.1/bin/../lib/gcc/arm-none-eabi/5.4.1/../../../../arm-none-eabi/lib/armv7-m\libg_nano.a(lib_a-dtoa.o)
                0x0000cac8                _dtoa_r
 .text._localeconv_r
                0x0000d5f8        0x8 c:/program files (x86)/cypress/psoc creator/4.4/psoc creator/import/gnu/arm/5.4.1/bin/../lib/gcc/arm-none-eabi/5.4.1/../../../../arm-none-eabi/lib/armv7-m\libg_nano.a(lib_a-locale.o)
                0x0000d5f8                _localeconv_r
 .text.malloc   0x0000d600       0x10 c:/program files (x86)/cypress/psoc creator/4.4/psoc creator/import/gnu/arm/5.4.1/bin/../lib/gcc/arm-none-eabi/5.4.1/../../../../arm-none-eabi/lib/armv7-m\libg_nano.a(lib_a-malloc.o)
                0x0000d600                malloc
 .text.memchr   0x0000d610       0x1c c:/program files (x86)/cypress/psoc creator/4.4/psoc creator/import/gnu/arm/5.4.1/bin/../lib/gcc/arm-none-eabi/5.4.1/../../../../arm-none-eabi/lib/armv7-m\libg_nano.a(lib_a-memchr-stub.o)
                0x0000d610                memchr
 .text._Balloc  0x0000d62c       0x6a c:/program files (x86)/cypress/psoc creator/4.4/psoc creator/import/gnu/arm/5.4.1/bin/../lib/gcc/arm-none-eabi/5.4.1/../../../../arm-none-eabi/lib/armv7-m\libg_nano.a(lib_a-mprec.o)
                0x0000d62c                _Balloc
 .text._Bfree   0x0000d696       0x2e c:/program files (x86)/cypress/psoc creator/4.4/psoc creator/import/gnu/arm/5.4.1/bin/../lib/gcc/arm-none-eabi/5.4.1/../../../../arm-none-eabi/lib/armv7-m\libg_nano.a(lib_a-mprec.o)
                0x0000d696                _Bfree
 .text.__multadd
                0x0000d6c4       0x76 c:/program files (x86)/cypress/psoc creator/4.4/psoc creator/import/gnu/arm/5.4.1/bin/../lib/gcc/arm-none-eabi/5.4.1/../../../../arm-none-eabi/lib/armv7-m\libg_nano.a(lib_a-mprec.o)
                0x0000d6c4                __multadd
 .text.__hi0bits
                0x0000d73a       0x40 c:/program files (x86)/cypress/psoc creator/4.4/psoc creator/import/gnu/arm/5.4.1/bin/../lib/gcc/arm-none-eabi/5.4.1/../../../../arm-none-eabi/lib/armv7-m\libg_nano.a(lib_a-mprec.o)
                0x0000d73a                __hi0bits
 .text.__lo0bits
                0x0000d77a       0x5a c:/program files (x86)/cypress/psoc creator/4.4/psoc creator/import/gnu/arm/5.4.1/bin/../lib/gcc/arm-none-eabi/5.4.1/../../../../arm-none-eabi/lib/armv7-m\libg_nano.a(lib_a-mprec.o)
                0x0000d77a                __lo0bits
 .text.__i2b    0x0000d7d4       0x12 c:/program files (x86)/cypress/psoc creator/4.4/psoc creator/import/gnu/arm/5.4.1/bin/../lib/gcc/arm-none-eabi/5.4.1/../../../../arm-none-eabi/lib/armv7-m\libg_nano.a(lib_a-mprec.o)
                0x0000d7d4                __i2b
 .text.__multiply
                0x0000d7e6      0x120 c:/program files (x86)/cypress/psoc creator/4.4/psoc creator/import/gnu/arm/5.4.1/bin/../lib/gcc/arm-none-eabi/5.4.1/../../../../arm-none-eabi/lib/armv7-m\libg_nano.a(lib_a-mprec.o)
                0x0000d7e6                __multiply
 *fill*         0x0000d906        0x2 
 .text.__pow5mult
                0x0000d908       0x9c c:/program files (x86)/cypress/psoc creator/4.4/psoc creator/import/gnu/arm/5.4.1/bin/../lib/gcc/arm-none-eabi/5.4.1/../../../../arm-none-eabi/lib/armv7-m\libg_nano.a(lib_a-mprec.o)
                0x0000d908                __pow5mult
 .text.__lshift
                0x0000d9a4       0xa2 c:/program files (x86)/cypress/psoc creator/4.4/psoc creator/import/gnu/arm/5.4.1/bin/../lib/gcc/arm-none-eabi/5.4.1/../../../../arm-none-eabi/lib/armv7-m\libg_nano.a(lib_a-mprec.o)
                0x0000d9a4                __lshift
 .text.__mcmp   0x0000da46       0x38 c:/program files (x86)/cypress/psoc creator/4.4/psoc creator/import/gnu/arm/5.4.1/bin/../lib/gcc/arm-none-eabi/5.4.1/../../../../arm-none-eabi/lib/armv7-m\libg_nano.a(lib_a-mprec.o)
                0x0000da46                __mcmp
 .text.__mdiff  0x0000da7e       0xbe c:/program files (x86)/cypress/psoc creator/4.4/psoc creator/import/gnu/arm/5.4.1/bin/../lib/gcc/arm-none-eabi/5.4.1/../../../../arm-none-eabi/lib/armv7-m\libg_nano.a(lib_a-mprec.o)
                0x0000da7e                __mdiff
 .text.__d2b    0x0000db3c       0x9c c:/program files (x86)/cypress/psoc creator/4.4/psoc creator/import/gnu/arm/5.4.1/bin/../lib/gcc/arm-none-eabi/5.4.1/../../../../arm-none-eabi/lib/armv7-m\libg_nano.a(lib_a-mprec.o)
                0x0000db3c                __d2b
 .text._calloc_r
                0x0000dbd8       0x1c c:/program files (x86)/cypress/psoc creator/4.4/psoc creator/import/gnu/arm/5.4.1/bin/../lib/gcc/arm-none-eabi/5.4.1/../../../../arm-none-eabi/lib/armv7-m\libg_nano.a(lib_a-nano-callocr.o)
                0x0000dbd8                _calloc_r
 .text._free_r  0x0000dbf4       0x98 c:/program files (x86)/cypress/psoc creator/4.4/psoc creator/import/gnu/arm/5.4.1/bin/../lib/gcc/arm-none-eabi/5.4.1/../../../../arm-none-eabi/lib/armv7-m\libg_nano.a(lib_a-nano-freer.o)
                0x0000dbf4                _free_r
 .text._malloc_r
                0x0000dc8c       0xbc c:/program files (x86)/cypress/psoc creator/4.4/psoc creator/import/gnu/arm/5.4.1/bin/../lib/gcc/arm-none-eabi/5.4.1/../../../../arm-none-eabi/lib/armv7-m\libg_nano.a(lib_a-nano-mallocr.o)
                0x0000dc8c                _malloc_r
 .text.__ssputs_r
                0x0000dd48       0xb2 c:/program files (x86)/cypress/psoc creator/4.4/psoc creator/import/gnu/arm/5.4.1/bin/../lib/gcc/arm-none-eabi/5.4.1/../../../../arm-none-eabi/lib/armv7-m\libg_nano.a(lib_a-nano-svfprintf.o)
                0x0000dd48                __ssputs_r
 *fill*         0x0000ddfa        0x2 
 .text._svfprintf_r
                0x0000ddfc      0x1e8 c:/program files (x86)/cypress/psoc creator/4.4/psoc creator/import/gnu/arm/5.4.1/bin/../lib/gcc/arm-none-eabi/5.4.1/../../../../arm-none-eabi/lib/armv7-m\libg_nano.a(lib_a-nano-svfprintf.o)
                0x0000ddfc                _svfiprintf_r
                0x0000ddfc                _svfprintf_r
 .text._sbrk_r  0x0000dfe4       0x20 c:/program files (x86)/cypress/psoc creator/4.4/psoc creator/import/gnu/arm/5.4.1/bin/../lib/gcc/arm-none-eabi/5.4.1/../../../../arm-none-eabi/lib/armv7-m\libg_nano.a(lib_a-sbrkr.o)
                0x0000dfe4                _sbrk_r
 .text.memmove  0x0000e004       0x36 c:/program files (x86)/cypress/psoc creator/4.4/psoc creator/import/gnu/arm/5.4.1/bin/../lib/gcc/arm-none-eabi/5.4.1/../../../../arm-none-eabi/lib/armv7-m\libg_nano.a(lib_a-memmove.o)
                0x0000e004                memmove
 .text.__malloc_lock
                0x0000e03a        0x2 c:/program files (x86)/cypress/psoc creator/4.4/psoc creator/import/gnu/arm/5.4.1/bin/../lib/gcc/arm-none-eabi/5.4.1/../../../../arm-none-eabi/lib/armv7-m\libg_nano.a(lib_a-mlock.o)
                0x0000e03a                __malloc_lock
 .text.__malloc_unlock
                0x0000e03c        0x2 c:/program files (x86)/cypress/psoc creator/4.4/psoc creator/import/gnu/arm/5.4.1/bin/../lib/gcc/arm-none-eabi/5.4.1/../../../../arm-none-eabi/lib/armv7-m\libg_nano.a(lib_a-mlock.o)
                0x0000e03c                __malloc_unlock
 .text._realloc_r
                0x0000e03e       0x4c c:/program files (x86)/cypress/psoc creator/4.4/psoc creator/import/gnu/arm/5.4.1/bin/../lib/gcc/arm-none-eabi/5.4.1/../../../../arm-none-eabi/lib/armv7-m\libg_nano.a(lib_a-nano-reallocr.o)
                0x0000e03e                _realloc_r
 .text._malloc_usable_size_r
                0x0000e08a       0x14 c:/program files (x86)/cypress/psoc creator/4.4/psoc creator/import/gnu/arm/5.4.1/bin/../lib/gcc/arm-none-eabi/5.4.1/../../../../arm-none-eabi/lib/armv7-m\libg_nano.a(lib_a-nano-msizer.o)
                0x0000e08a                _malloc_usable_size_r
 *(.plt)
 *(.gnu.warning)
 *(.glue_7t)
 .glue_7t       0x0000e09e        0x0 linker stubs
 *(.glue_7)
 .glue_7        0x0000e09e        0x0 linker stubs
 *(.vfp11_veneer)
 .vfp11_veneer  0x0000e09e        0x0 linker stubs
 *(.bootloader)
 *(.ARM.extab* .gnu.linkonce.armextab.*)
 *(.gcc_except_table)

.v4_bx          0x0000e0a0        0x0
 .v4_bx         0x0000e0a0        0x0 linker stubs

.iplt           0x0000e0a0        0x0
 .iplt          0x0000e0a0        0x0 c:/program files (x86)/cypress/psoc creator/4.4/psoc creator/import/gnu/arm/5.4.1/bin/../lib/gcc/arm-none-eabi/5.4.1/armv7-m/crtbegin.o

.eh_frame_hdr
 *(.eh_frame_hdr)

.eh_frame       0x0000e0a0        0x4
 *(.eh_frame)
 .eh_frame      0x0000e0a0        0x0 c:/program files (x86)/cypress/psoc creator/4.4/psoc creator/import/gnu/arm/5.4.1/bin/../lib/gcc/arm-none-eabi/5.4.1/armv7-m/crtbegin.o
 .eh_frame      0x0000e0a0        0x4 c:/program files (x86)/cypress/psoc creator/4.4/psoc creator/import/gnu/arm/5.4.1/bin/../lib/gcc/arm-none-eabi/5.4.1/armv7-m/crtend.o
                [!provide]                PROVIDE (__exidx_start, .)

.ARM.exidx
 *(.ARM.exidx* .gnu.linkonce.armexidx.*)
                0x0000e0a4                __exidx_end = .

.rodata         0x0000e0a8     0x12a8
 *(.rodata .rodata.* .gnu.linkonce.r.*)
 .rodata        0x0000e0a8      0x236 .\ARM_GCC_541\Debug\main.o
 *fill*         0x0000e2de        0x2 
 .rodata        0x0000e2e0      0x3e0 .\ARM_GCC_541\Debug\app_statemachine.o
 .rodata        0x0000e6c0      0x100 .\ARM_GCC_541\Debug\sbc_comms.o
 .rodata        0x0000e7c0       0xb9 .\ARM_GCC_541\Debug\app_state_stby.o
 *fill*         0x0000e879        0x3 
 .rodata        0x0000e87c       0x4f .\ARM_GCC_541\Debug\app_state_manu.o
 *fill*         0x0000e8cb        0x1 
 .rodata        0x0000e8cc      0x376 .\ARM_GCC_541\Debug\app_state_auto.o
 *fill*         0x0000ec42        0x2 
 .rodata        0x0000ec44       0xc5 .\ARM_GCC_541\Debug\app_state_error.o
 *fill*         0x0000ed09        0x3 
 .rodata        0x0000ed0c       0x4b .\ARM_GCC_541\Debug\utils.o
 *fill*         0x0000ed57        0x1 
 .rodata        0x0000ed58        0x4 .\ARM_GCC_541\Debug\hamfly_core_telemetry.o
 .rodata        0x0000ed5c       0x5c .\ARM_GCC_541\Debug\cyfitter_cfg.o
                0x0000ed5c                AMux_1__addrTable
                0x0000ed64                AMux_1__maskTable
                0x0000ed68                ADC_DelSig_1_AMux__addrTable
                0x0000ed70                ADC_DelSig_1_AMux__maskTable
 .rodata.str1.4
                0x0000edb8        0x9 c:/program files (x86)/cypress/psoc creator/4.4/psoc creator/import/gnu/arm/5.4.1/bin/../lib/gcc/arm-none-eabi/5.4.1/../../../../arm-none-eabi/lib/armv7-m\libm.a(lib_a-wf_asin.o)
 *fill*         0x0000edc1        0x3 
 .rodata.str1.4
                0x0000edc4        0x8 c:/program files (x86)/cypress/psoc creator/4.4/psoc creator/import/gnu/arm/5.4.1/bin/../lib/gcc/arm-none-eabi/5.4.1/../../../../arm-none-eabi/lib/armv7-m\libm.a(lib_a-wf_sqrt.o)
                                  0x6 (size before relaxing)
 .rodata.npio2_hw
                0x0000edcc       0x80 c:/program files (x86)/cypress/psoc creator/4.4/psoc creator/import/gnu/arm/5.4.1/bin/../lib/gcc/arm-none-eabi/5.4.1/../../../../arm-none-eabi/lib/armv7-m\libm.a(lib_a-ef_rem_pio2.o)
 .rodata.two_over_pi
                0x0000ee4c      0x318 c:/program files (x86)/cypress/psoc creator/4.4/psoc creator/import/gnu/arm/5.4.1/bin/../lib/gcc/arm-none-eabi/5.4.1/../../../../arm-none-eabi/lib/armv7-m\libm.a(lib_a-ef_rem_pio2.o)
 .rodata.init_jk
                0x0000f164        0xc c:/program files (x86)/cypress/psoc creator/4.4/psoc creator/import/gnu/arm/5.4.1/bin/../lib/gcc/arm-none-eabi/5.4.1/../../../../arm-none-eabi/lib/armv7-m\libm.a(lib_a-kf_rem_pio2.o)
 .rodata.PIo2   0x0000f170       0x2c c:/program files (x86)/cypress/psoc creator/4.4/psoc creator/import/gnu/arm/5.4.1/bin/../lib/gcc/arm-none-eabi/5.4.1/../../../../arm-none-eabi/lib/armv7-m\libm.a(lib_a-kf_rem_pio2.o)
 .rodata.atanlo
                0x0000f19c       0x10 c:/program files (x86)/cypress/psoc creator/4.4/psoc creator/import/gnu/arm/5.4.1/bin/../lib/gcc/arm-none-eabi/5.4.1/../../../../arm-none-eabi/lib/armv7-m\libm.a(lib_a-sf_atan.o)
 .rodata.atanhi
                0x0000f1ac       0x10 c:/program files (x86)/cypress/psoc creator/4.4/psoc creator/import/gnu/arm/5.4.1/bin/../lib/gcc/arm-none-eabi/5.4.1/../../../../arm-none-eabi/lib/armv7-m\libm.a(lib_a-sf_atan.o)
 .rodata.str1.1
                0x0000f1bc        0x2 c:/program files (x86)/cypress/psoc creator/4.4/psoc creator/import/gnu/arm/5.4.1/bin/../lib/gcc/arm-none-eabi/5.4.1/../../../../arm-none-eabi/lib/armv7-m\libg_nano.a(lib_a-impure.o)
 .rodata.str1.1
                0x0000f1be       0x12 c:/program files (x86)/cypress/psoc creator/4.4/psoc creator/import/gnu/arm/5.4.1/bin/../lib/gcc/arm-none-eabi/5.4.1/../../../../arm-none-eabi/lib/armv7-m\libg_nano.a(lib_a-nano-vfprintf_float.o)
 .rodata.str1.1
                0x0000f1d0       0x22 c:/program files (x86)/cypress/psoc creator/4.4/psoc creator/import/gnu/arm/5.4.1/bin/../lib/gcc/arm-none-eabi/5.4.1/../../../../arm-none-eabi/lib/armv7-m\libg_nano.a(lib_a-nano-vfprintf_i.o)
 .rodata.str1.1
                0x0000f1f2        0xd c:/program files (x86)/cypress/psoc creator/4.4/psoc creator/import/gnu/arm/5.4.1/bin/../lib/gcc/arm-none-eabi/5.4.1/../../../../arm-none-eabi/lib/armv7-m\libg_nano.a(lib_a-dtoa.o)
                                  0xf (size before relaxing)
 .rodata.str1.1
                0x0000f1ff        0x8 c:/program files (x86)/cypress/psoc creator/4.4/psoc creator/import/gnu/arm/5.4.1/bin/../lib/gcc/arm-none-eabi/5.4.1/../../../../arm-none-eabi/lib/armv7-m\libg_nano.a(lib_a-locale.o)
                                  0xb (size before relaxing)
 *fill*         0x0000f207        0x1 
 .rodata.__mprec_tens
                0x0000f208       0xc8 c:/program files (x86)/cypress/psoc creator/4.4/psoc creator/import/gnu/arm/5.4.1/bin/../lib/gcc/arm-none-eabi/5.4.1/../../../../arm-none-eabi/lib/armv7-m\libg_nano.a(lib_a-mprec.o)
                0x0000f208                __mprec_tens
 .rodata.p05.5408
                0x0000f2d0        0xc c:/program files (x86)/cypress/psoc creator/4.4/psoc creator/import/gnu/arm/5.4.1/bin/../lib/gcc/arm-none-eabi/5.4.1/../../../../arm-none-eabi/lib/armv7-m\libg_nano.a(lib_a-mprec.o)
 *fill*         0x0000f2dc        0x4 
 .rodata.__mprec_bigtens
                0x0000f2e0       0x28 c:/program files (x86)/cypress/psoc creator/4.4/psoc creator/import/gnu/arm/5.4.1/bin/../lib/gcc/arm-none-eabi/5.4.1/../../../../arm-none-eabi/lib/armv7-m\libg_nano.a(lib_a-mprec.o)
                0x0000f2e0                __mprec_bigtens
 .rodata.str1.1
                0x0000f308       0x11 c:/program files (x86)/cypress/psoc creator/4.4/psoc creator/import/gnu/arm/5.4.1/bin/../lib/gcc/arm-none-eabi/5.4.1/../../../../arm-none-eabi/lib/armv7-m\libg_nano.a(lib_a-nano-svfprintf.o)
                0x0000f31c                . = ALIGN (0x4)
 *fill*         0x0000f319        0x3 
 *(.init)
 .init          0x0000f31c        0x4 c:/program files (x86)/cypress/psoc creator/4.4/psoc creator/import/gnu/arm/5.4.1/bin/../lib/gcc/arm-none-eabi/5.4.1/armv7-m/crti.o
                0x0000f31c                _init
 .init          0x0000f320        0x8 c:/program files (x86)/cypress/psoc creator/4.4/psoc creator/import/gnu/arm/5.4.1/bin/../lib/gcc/arm-none-eabi/5.4.1/armv7-m/crtn.o
                0x0000f328                . = ALIGN (0x4)
                0x0000f328                __preinit_array_start = .
 *(.preinit_array)
                0x0000f328                __preinit_array_end = .
                0x0000f328                . = ALIGN (0x4)
                0x0000f328                __init_array_start = .
 *(SORT(.init_array.*))
 *(.init_array)
 .init_array    0x0000f328        0x4 c:/program files (x86)/cypress/psoc creator/4.4/psoc creator/import/gnu/arm/5.4.1/bin/../lib/gcc/arm-none-eabi/5.4.1/armv7-m/crtbegin.o
 .init_array    0x0000f32c        0x4 .\ARM_GCC_541\Debug\Cm3Start.o
                0x0000f330                __init_array_end = .
                0x0000f330                . = ALIGN (0x4)
 *(.fini)
 .fini          0x0000f330        0x4 c:/program files (x86)/cypress/psoc creator/4.4/psoc creator/import/gnu/arm/5.4.1/bin/../lib/gcc/arm-none-eabi/5.4.1/armv7-m/crti.o
                0x0000f330                _fini
 .fini          0x0000f334        0x8 c:/program files (x86)/cypress/psoc creator/4.4/psoc creator/import/gnu/arm/5.4.1/bin/../lib/gcc/arm-none-eabi/5.4.1/armv7-m/crtn.o
                0x0000f33c                . = ALIGN (0x4)
                0x0000f33c                __fini_array_start = .
 *(.fini_array)
 .fini_array    0x0000f33c        0x4 c:/program files (x86)/cypress/psoc creator/4.4/psoc creator/import/gnu/arm/5.4.1/bin/../lib/gcc/arm-none-eabi/5.4.1/armv7-m/crtbegin.o
 *(SORT(.fini_array.*))
                0x0000f340                __fini_array_end = .
                0x0000f340                . = ALIGN (0x4)
 *crtbegin.o(.ctors)
 *(EXCLUDE_FILE(*crtend.o) .ctors)
 *(SORT(.ctors.*))
 *crtend.o(.ctors)
                0x0000f340                . = ALIGN (0x4)
 *crtbegin.o(.dtors)
 *(EXCLUDE_FILE(*crtend.o) .dtors)
 *(SORT(.dtors.*))
 *crtend.o(.dtors)
                0x0000f340                . = ALIGN (0x4)
                0x0000f340                __cy_regions = .
                0x0000f340        0x4 LONG 0xf350 __cy_region_init_ram
                0x0000f344        0x4 LONG 0x1fff80c8 __cy_region_start_data
                0x0000f348        0x4 LONG 0x170 __cy_region_init_size_ram
                0x0000f34c        0x4 LONG 0x570 __cy_region_zero_size_ram
                0x0000f350                __cy_regions_end = .
                0x0000f350                . = ALIGN (0x8)
                0x0000f350                _etext = .

.cy_checksum_exclude
                0x0000f350        0x0
 *(.cy_checksum_exclude)

.ramvectors     0x1fff8000       0xc0
                0x1fff8000                __cy_region_start_ram = .
 *(.ramvectors)
 .ramvectors    0x1fff8000       0xc0 .\ARM_GCC_541\Debug\Cm3Start.o
                0x1fff8000                CyRamVectors

.noinit         0x1fff80c0        0x5
 *(.noinit)
 .noinit        0x1fff80c0        0x4 .\ARM_GCC_541\Debug\Cm3Start.o
 .noinit        0x1fff80c4        0x1 .\ARM_GCC_541\Debug\Proj07_hamflyAPI_stateMachineUpgrade.a(CyLib.o)
                0x1fff80c4                CyResetStatus

.data           0x1fff80c8      0x170 load address 0x0000f350
                0x1fff80c8                __cy_region_start_data = .
 *(.jcr)
 .jcr           0x1fff80c8        0x0 c:/program files (x86)/cypress/psoc creator/4.4/psoc creator/import/gnu/arm/5.4.1/bin/../lib/gcc/arm-none-eabi/5.4.1/armv7-m/crtbegin.o
 .jcr           0x1fff80c8        0x4 c:/program files (x86)/cypress/psoc creator/4.4/psoc creator/import/gnu/arm/5.4.1/bin/../lib/gcc/arm-none-eabi/5.4.1/armv7-m/crtend.o
 *(.got.plt)
 *(.got)
 *(.shdata)
 *(.data .data.* .gnu.linkonce.d.*)
 .data          0x1fff80cc        0x4 .\ARM_GCC_541\Debug\joystick.o
 .data          0x1fff80d0       0x30 .\ARM_GCC_541\Debug\telemetry.o
 .data          0x1fff8100        0x8 .\ARM_GCC_541\Debug\app_state_auto.o
 .data          0x1fff8108       0x74 .\ARM_GCC_541\Debug\hamfly_qx_app.o
                0x1fff8108                FreeflyAPI
 .data          0x1fff817c        0x4 .\ARM_GCC_541\Debug\Cm3Start.o
 .data          0x1fff8180        0x1 .\ARM_GCC_541\Debug\Proj07_hamflyAPI_stateMachineUpgrade.a(ADC_DelSig_1.o)
                0x1fff8180                ADC_DelSig_1_Config
 .data          0x1fff8181        0x1 .\ARM_GCC_541\Debug\Proj07_hamflyAPI_stateMachineUpgrade.a(AMux_1.o)
 .data          0x1fff8182        0x1 .\ARM_GCC_541\Debug\Proj07_hamflyAPI_stateMachineUpgrade.a(ADC_DelSig_1_AMux.o)
 *fill*         0x1fff8183        0x1 
 .data          0x1fff8184       0x10 .\ARM_GCC_541\Debug\Proj07_hamflyAPI_stateMachineUpgrade.a(CyLib.o)
                0x1fff8184                cydelay_freq_hz
                0x1fff8188                cydelay_freq_khz
                0x1fff818c                cydelay_freq_mhz
                0x1fff8190                cydelay_32k_ms
 .data.__fdlib_version
                0x1fff8194        0x1 c:/program files (x86)/cypress/psoc creator/4.4/psoc creator/import/gnu/arm/5.4.1/bin/../lib/gcc/arm-none-eabi/5.4.1/../../../../arm-none-eabi/lib/armv7-m\libm.a(lib_a-s_lib_ver.o)
                0x1fff8194                __fdlib_version
 *fill*         0x1fff8195        0x3 
 .data.impure_data
                0x1fff8198       0x60 c:/program files (x86)/cypress/psoc creator/4.4/psoc creator/import/gnu/arm/5.4.1/bin/../lib/gcc/arm-none-eabi/5.4.1/../../../../arm-none-eabi/lib/armv7-m\libg_nano.a(lib_a-impure.o)
 .data._impure_ptr
                0x1fff81f8        0x4 c:/program files (x86)/cypress/psoc creator/4.4/psoc creator/import/gnu/arm/5.4.1/bin/../lib/gcc/arm-none-eabi/5.4.1/../../../../arm-none-eabi/lib/armv7-m\libg_nano.a(lib_a-impure.o)
                0x1fff81f8                _impure_ptr