Archive member included to satisfy reference by file (symbol)

.\ARM_GCC_541\Debug\Proj07_hamflyAPI_stateMachineUpgrade.a(ADC_DelSig_1.o)
                              .\ARM_GCC_541\Debug\adc_balanced.o (ADC_DelSig_1_Start)
.\ARM_GCC_541\Debug\Proj07_hamflyAPI_stateMachineUpgrade.a(ADC_DelSig_1_INT.o)
                              .\ARM_GCC_541\Debug\Proj07_hamflyAPI_stateMachineUpgrade.a(ADC_DelSig_1.o) (ADC_DelSig_1_ISR1)
.\ARM_GCC_541\Debug\Proj07_hamflyAPI_stateMachineUpgrade.a(AMux_1.o)
                              .\ARM_GCC_541\Debug\adc_balanced.o (AMux_1_Start)
.\ARM_GCC_541\Debug\Proj07_hamflyAPI_stateMachineUpgrade.a(isr_adc.o)
                              .\ARM_GCC_541\Debug\adc_balanced.o (isr_adc_StartEx)
.\ARM_GCC_541\Debug\Proj07_hamflyAPI_stateMachineUpgrade.a(UART_MOVI.o)
                              .\ARM_GCC_541\Debug\main.o (UART_MOVI_Start)
.\ARM_GCC_541\Debug\Proj07_hamflyAPI_stateMachineUpgrade.a(isr_rx_movi.o)
                              .\ARM_GCC_541\Debug\main.o (isr_rx_movi_StartEx)
.\ARM_GCC_541\Debug\Proj07_hamflyAPI_stateMachineUpgrade.a(Looptimer.o)
                              .\ARM_GCC_541\Debug\main.o (Looptimer_Start)
.\ARM_GCC_541\Debug\Proj07_hamflyAPI_stateMachineUpgrade.a(isr_Looptimer.o)
                              .\ARM_GCC_541\Debug\main.o (isr_Looptimer_StartEx)
.\ARM_GCC_541\Debug\Proj07_hamflyAPI_stateMachineUpgrade.a(EEPROM_CONFIG.o)
                              .\ARM_GCC_541\Debug\psoc_eeprom.o (EEPROM_CONFIG_Start)
.\ARM_GCC_541\Debug\Proj07_hamflyAPI_stateMachineUpgrade.a(ADC_DelSig_1_AMux.o)
                              .\ARM_GCC_541\Debug\Proj07_hamflyAPI_stateMachineUpgrade.a(ADC_DelSig_1.o) (ADC_DelSig_1_AMux_Select)
.\ARM_GCC_541\Debug\Proj07_hamflyAPI_stateMachineUpgrade.a(ADC_DelSig_1_Ext_CP_Clk.o)
                              .\ARM_GCC_541\Debug\Proj07_hamflyAPI_stateMachineUpgrade.a(ADC_DelSig_1.o) (ADC_DelSig_1_Ext_CP_Clk_SetDividerRegister)
.\ARM_GCC_541\Debug\Proj07_hamflyAPI_stateMachineUpgrade.a(ADC_DelSig_1_theACLK.o)
                              .\ARM_GCC_541\Debug\Proj07_hamflyAPI_stateMachineUpgrade.a(ADC_DelSig_1.o) (ADC_DelSig_1_theACLK_SetDividerRegister)
.\ARM_GCC_541\Debug\Proj07_hamflyAPI_stateMachineUpgrade.a(CyFlash.o)
                              .\ARM_GCC_541\Debug\Proj07_hamflyAPI_stateMachineUpgrade.a(EEPROM_CONFIG.o) (dieTemperature)
.\ARM_GCC_541\Debug\Proj07_hamflyAPI_stateMachineUpgrade.a(CyLib.o)
                              .\ARM_GCC_541\Debug\Cm3Start.o (CyResetStatus)
.\ARM_GCC_541\Debug\Proj07_hamflyAPI_stateMachineUpgrade.a(cyPm.o)
                              .\ARM_GCC_541\Debug\Proj07_hamflyAPI_stateMachineUpgrade.a(CyLib.o) (CyPmReadStatus)
.\ARM_GCC_541\Debug\Proj07_hamflyAPI_stateMachineUpgrade.a(CySpc.o)
                              .\ARM_GCC_541\Debug\Proj07_hamflyAPI_stateMachineUpgrade.a(EEPROM_CONFIG.o) (CySpcStart)
.\ARM_GCC_541\Debug\Proj07_hamflyAPI_stateMachineUpgrade.a(UART_DEBUG.o)
                              .\ARM_GCC_541\Debug\main.o (UART_DEBUG_Start)
.\ARM_GCC_541\Debug\Proj07_hamflyAPI_stateMachineUpgrade.a(UART_DEBUG_IntClock.o)
                              .\ARM_GCC_541\Debug\Proj07_hamflyAPI_stateMachineUpgrade.a(UART_DEBUG.o) (UART_DEBUG_IntClock_Start)
.\ARM_GCC_541\Debug\Proj07_hamflyAPI_stateMachineUpgrade.a(UART_SBC.o)
                              .\ARM_GCC_541\Debug\main.o (UART_SBC_Start)
.\ARM_GCC_541\Debug\Proj07_hamflyAPI_stateMachineUpgrade.a(isr_rx_sbc.o)
                              .\ARM_GCC_541\Debug\main.o (isr_rx_sbc_StartEx)
.\ARM_GCC_541\Debug\Proj07_hamflyAPI_stateMachineUpgrade.a(UART_SBC_IntClock.o)
                              .\ARM_GCC_541\Debug\Proj07_hamflyAPI_stateMachineUpgrade.a(UART_SBC.o) (UART_SBC_IntClock_Start)
.\ARM_GCC_541\Debug\Proj07_hamflyAPI_stateMachineUpgrade.a(CyBootAsmGnu.o)
                              .\ARM_GCC_541\Debug\cyfitter_cfg.o (CyDelayCycles)
c:/program files (x86)/cypress/psoc creator/4.4/psoc creator/import/gnu/arm/5.4.1/bin/../lib/gcc/arm-none-eabi/5.4.1/../../../../arm-none-eabi/lib/armv7-m\libm.a(lib_a-s_cos.o)
                              .\ARM_GCC_541\Debug\hamfly_core_gimbal.o (cos)
c:/program files (x86)/cypress/psoc creator/4.4/psoc creator/import/gnu/arm/5.4.1/bin/../lib/gcc/arm-none-eabi/5.4.1/../../../../arm-none-eabi/lib/armv7-m\libm.a(lib_a-w_atan2.o)
                              .\ARM_GCC_541\Debug\hamfly_core_gimbal.o (atan2)
c:/program files (x86)/cypress/psoc creator/4.4/psoc creator/import/gnu/arm/5.4.1/bin/../lib/gcc/arm-none-eabi/5.4.1/../../../../arm-none-eabi/lib/armv7-m\libm.a(lib_a-w_sqrt.o)
                              .\ARM_GCC_541\Debug\hamfly_core_gimbal.o (sqrt)
c:/program files (x86)/cypress/psoc creator/4.4/psoc creator/import/gnu/arm/5.4.1/bin/../lib/gcc/arm-none-eabi/5.4.1/../../../../arm-none-eabi/lib/armv7-m\libm.a(lib_a-wf_asin.o)
                              .\ARM_GCC_541\Debug\main.o (asinf)
[...]
Memory Configuration

Name             Origin             Length             Attributes
rom              0x00000000         0x00040000         xr
ram              0x1fff8000         0x00010000         xrw
*default*        0x00000000         0xffffffff

Linker script and memory map

LOAD c:/program files (x86)/cypress/psoc creator/4.4/psoc creator/import/gnu/arm/5.4.1/bin/../lib/gcc/arm-none-eabi/5.4.1/armv7-m/crti.o
LOAD c:/program files (x86)/cypress/psoc creator/4.4/psoc creator/import/gnu/arm/5.4.1/bin/../lib/gcc/arm-none-eabi/5.4.1/armv7-m/crtbegin.o
LOAD c:/program files (x86)/cypress/psoc creator/4.4/psoc creator/import/gnu/arm/5.4.1/bin/../lib/gcc/arm-none-eabi/5.4.1/../../../../arm-none-eabi/lib/armv7-m/crt0.o
START GROUP
LOAD .\ARM_GCC_541\Debug\main.o
LOAD .\ARM_GCC_541\Debug\adc_balanced.o
LOAD .\ARM_GCC_541\Debug\joystick.o
LOAD .\ARM_GCC_541\Debug\psoc_eeprom.o
LOAD .\ARM_GCC_541\Debug\app_ctx.o
LOAD .\ARM_GCC_541\Debug\app_statemachine.o
LOAD .\ARM_GCC_541\Debug\sbc_comms.o
LOAD .\ARM_GCC_541\Debug\telemetry.o
LOAD .\ARM_GCC_541\Debug\hamfly_comm_rb.o
LOAD .\ARM_GCC_541\Debug\hamfly_comm_txbuf.o
LOAD .\ARM_GCC_541\Debug\hamfly_core_gimbal.o
LOAD .\ARM_GCC_541\Debug\hamfly_core_telemetry.o
LOAD .\ARM_GCC_541\Debug\hamfly_qx_app.o
LOAD .\ARM_GCC_541\Debug\hamfly_qx_protocol.o
LOAD .\ARM_GCC_541\Debug\cyfitter_cfg.o
LOAD .\ARM_GCC_541\Debug\cymetadata.o
LOAD .\ARM_GCC_541\Debug\Cm3Start.o
LOAD .\ARM_GCC_541\Debug\Proj07_hamflyAPI_stateMachineUpgrade.a
LOAD C:\Program Files (x86)\Cypress\PSoC Creator\4.4\PSoC Creator\psoc\content\cycomponentlibrary\CyComponentLibrary.cylib\CortexM3\ARM_GCC_541\Debug\CyComponentLibrary.a
LOAD c:/program files (x86)/cypress/psoc creator/4.4/psoc creator/import/gnu/arm/5.4.1/bin/../lib/gcc/arm-none-eabi/5.4.1/../../../../arm-none-eabi/lib/armv7-m\libm.a
END GROUP
START GROUP
LOAD c:/program files (x86)/cypress/psoc creator/4.4/psoc creator/import/gnu/arm/5.4.1/bin/../lib/gcc/arm-none-eabi/5.4.1/armv7-m\libgcc.a
LOAD c:/program files (x86)/cypress/psoc creator/4.4/psoc creator/import/gnu/arm/5.4.1/bin/../lib/gcc/arm-none-eabi/5.4.1/../../../../arm-none-eabi/lib/armv7-m\libg_nano.a
LOAD c:/program files (x86)/cypress/psoc creator/4.4/psoc creator/import/gnu/arm/5.4.1/bin/../lib/gcc/arm-none-eabi/5.4.1/../../../../arm-none-eabi/lib/armv7-m\libc_nano.a
END GROUP
START GROUP
LOAD c:/program files (x86)/cypress/psoc creator/4.4/psoc creator/import/gnu/arm/5.4.1/bin/../lib/gcc/arm-none-eabi/5.4.1/armv7-m\libgcc.a
LOAD c:/program files (x86)/cypress/psoc creator/4.4/psoc creator/import/gnu/arm/5.4.1/bin/../lib/gcc/arm-none-eabi/5.4.1/../../../../arm-none-eabi/lib/armv7-m\libc_nano.a
END GROUP
LOAD c:/program files (x86)/cypress/psoc creator/4.4/psoc creator/import/gnu/arm/5.4.1/bin/../lib/gcc/arm-none-eabi/5.4.1/armv7-m/crtend.o
LOAD c:/program files (x86)/cypress/psoc creator/4.4/psoc creator/import/gnu/arm/5.4.1/bin/../lib/gcc/arm-none-eabi/5.4.1/armv7-m/crtn.o
START GROUP
LOAD c:/program files (x86)/cypress/psoc creator/4.4/psoc creator/import/gnu/arm/5.4.1/bin/../lib/gcc/arm-none-eabi/5.4.1/armv7-m\libgcc.a
LOAD c:/program files (x86)/cypress/psoc creator/4.4/psoc creator/import/gnu/arm/5.4.1/bin/../lib/gcc/arm-none-eabi/5.4.1/../../../../arm-none-eabi/lib/armv7-m\libc.a
LOAD c:/program files (x86)/cypress/psoc creator/4.4/psoc creator/import/gnu/arm/5.4.1/bin/../lib/gcc/arm-none-eabi/5.4.1/../../../../arm-none-eabi/lib/armv7-m\libnosys.a
END GROUP
                0x00000000                CY_APPL_ORIGIN = 0x0
                0x00000100                CY_FLASH_ROW_SIZE = 0x100
                0x00000020                CY_ECC_ROW_SIZE = 0x20
                0x00000000                CY_EE_IN_BTLDR = 0x0
                0x00000000                CY_APPL_LOADABLE = 0x0
                0x00000800                CY_EE_SIZE = 0x800
                0x00000001                CY_APPL_NUM = 0x1
                0x00000001                CY_APPL_MAX = 0x1
                0x00000040                CY_METADATA_SIZE = 0x40
                0x00000000                CY_APPL_LOADABLE = 0x0
                0x00000000                CY_CHECKSUM_EXCLUDE_SIZE = ALIGN (0x0, CY_FLASH_ROW_SIZE)
                [!provide]                PROVIDE (__cy_heap_start, _end)
                0x00000001                PROVIDE (__cy_region_num, ((__cy_regions_end - __cy_regions) / 0x10))
                0x20008000                PROVIDE (__cy_stack, (ORIGIN (ram) + LENGTH (ram)))
                [!provide]                PROVIDE (__cy_heap_end, (__cy_stack - 0x800))

.cybootloader   0x00000000        0x0
 *(.cybootloader)
                0x00000000                appl1_start = CY_APPL_ORIGIN?CY_APPL_ORIGIN:ALIGN (CY_FLASH_ROW_SIZE)
                0x0001ff00                appl2_start = (appl1_start + ALIGN ((((LENGTH (rom) - appl1_start) - (0x2 * CY_FLASH_ROW_SIZE)) / 0x2), CY_FLASH_ROW_SIZE))
                0x00000000                appl_start = (CY_APPL_NUM == 0x1)?appl1_start:appl2_start
                0x00000000                ecc_offset = ((appl_start / CY_FLASH_ROW_SIZE) * CY_ECC_ROW_SIZE)
                0x00000000                ee_offset = (CY_APPL_LOADABLE && ! (CY_EE_IN_BTLDR))?((CY_EE_SIZE / CY_APPL_MAX) * (CY_APPL_NUM - 0x1)):0x0
                0x00000800                ee_size = (CY_APPL_LOADABLE && ! (CY_EE_IN_BTLDR))?(CY_EE_SIZE / CY_APPL_MAX):CY_EE_SIZE
                [!provide]                PROVIDE (CY_ECC_OFFSET, ecc_offset)

.text           0x00000000     0xbc1e
 CREATE_OBJECT_SYMBOLS
                0x00000000                PROVIDE (__cy_interrupt_vector, RomVectors)
 *(.romvectors)
 .romvectors    0x00000000       0x10 .\ARM_GCC_541\Debug\Cm3Start.o
                0x00000000                RomVectors
                0x00000001                ASSERT ((. != __cy_interrupt_vector), No interrupt vector)
                0x00000001                ASSERT (CY_APPL_ORIGIN?(SIZEOF (.cybootloader) <= CY_APPL_ORIGIN):0x1, Wrong image location)
                0x00000010                PROVIDE (__cy_reset, Reset)
 *(.text.Reset)
 .text.Reset    0x00000010       0x18 .\ARM_GCC_541\Debug\Cm3Start.o
                0x00000010                Reset
                0x00000001                ASSERT ((. != __cy_reset), No reset code)
 *(.dma_init)
                0x00000001                ASSERT ((((appl_start + .) <= 0x10000) || 0x1), DMA Init must be within the first 64k of flash)
 *(.text .text.* .gnu.linkonce.t.*)
 .text          0x00000028       0x5c c:/program files (x86)/cypress/psoc creator/4.4/psoc creator/import/gnu/arm/5.4.1/bin/../lib/gcc/arm-none-eabi/5.4.1/armv7-m/crtbegin.o
 .text._hamfly_psoc5_putc
                0x00000084       0x1c .\ARM_GCC_541\Debug\main.o
 .text.psoc_get_tick
                0x000000a0       0x1c .\ARM_GCC_541\Debug\main.o
 .text.isr_rx_movi_Handler
                0x000000bc       0x58 .\ARM_GCC_541\Debug\main.o
                0x000000bc                isr_rx_movi_Handler
 .text.isr_Looptimer_Handler
                0x00000114       0x1c .\ARM_GCC_541\Debug\main.o
                0x00000114                isr_Looptimer_Handler
 .text.isr_rx_sbc_Handler
                0x00000130       0x50 .\ARM_GCC_541\Debug\main.o
                0x00000130                isr_rx_sbc_Handler
 .text.decomp   0x00000180       0xa8 .\ARM_GCC_541\Debug\main.o
 .text.mode_str
                0x00000228       0x38 .\ARM_GCC_541\Debug\main.o
 .text.main     0x00000260      0x300 .\ARM_GCC_541\Debug\main.o
                0x00000260                main
 .text.isr_adc_Handler
                0x00000560       0x18 .\ARM_GCC_541\Debug\adc_balanced.o
                0x00000560                isr_adc_Handler
 .text.adc_balanced_init
                0x00000578       0x6c .\ARM_GCC_541\Debug\adc_balanced.o
                0x00000578                adc_balanced_init
 .text.adc_balanced_advance_on_eoc
                0x000005e4       0x64 .\ARM_GCC_541\Debug\adc_balanced.o
 .text.adc_balanced_poll_frame
                0x00000648       0x6c .\ARM_GCC_541\Debug\adc_balanced.o
                0x00000648                adc_balanced_poll_frame
 .text.joystick_set_sensitivity
                0x000006b4       0x48 .\ARM_GCC_541\Debug\joystick.o
                0x000006b4                joystick_set_sensitivity
 .text.normalize_axis
                0x000006fc       0xd0 .\ARM_GCC_541\Debug\joystick.o
 .text.apply_deadband
                0x000007cc       0x90 .\ARM_GCC_541\Debug\joystick.o
 .text.joystick_validate
                0x0000085c       0x94 .\ARM_GCC_541\Debug\joystick.o
                0x0000085c                joystick_validate
 .text.cal_begin_range_capture
                0x000008f0       0x84 .\ARM_GCC_541\Debug\joystick.o
 .text.cal_update_ranges
                0x00000974       0x98 .\ARM_GCC_541\Debug\joystick.o
 .text.cal_start_center_capture
                0x00000a0c       0x44 .\ARM_GCC_541\Debug\joystick.o
 .text.cal_center_capture_update
                0x00000a50       0xa8 .\ARM_GCC_541\Debug\joystick.o
 .text.cal_save_or_restart
                0x00000af8       0x44 .\ARM_GCC_541\Debug\joystick.o
 .text.joystick_init
                0x00000b3c       0xa4 .\ARM_GCC_541\Debug\joystick.o
                0x00000b3c                joystick_init
 .text.joystick_on_sample
                0x00000be0       0x48 .\ARM_GCC_541\Debug\joystick.o
                0x00000be0                joystick_on_sample
 .text.joystick_on_key
                0x00000c28       0x70 .\ARM_GCC_541\Debug\joystick.o
                0x00000c28                joystick_on_key
 .text.joystick_cal_state
                0x00000c98       0x14 .\ARM_GCC_541\Debug\joystick.o
                0x00000c98                joystick_cal_state
 .text.joystick_get_cmd
                0x00000cac       0xe8 .\ARM_GCC_541\Debug\joystick.o
                0x00000cac                joystick_get_cmd
 .text.joystick_load
                0x00000d94       0x4c .\ARM_GCC_541\Debug\joystick.o
                0x00000d94                joystick_load
 .text.slot_id_to_row
                0x00000de0       0x2c .\ARM_GCC_541\Debug\psoc_eeprom.o
 .text.read_row_byte
                0x00000e0c       0x38 .\ARM_GCC_541\Debug\psoc_eeprom.o
 .text.read_row_data
                0x00000e44       0x3c .\ARM_GCC_541\Debug\psoc_eeprom.o
 .text.psoc_eeprom_init
                0x00000e80        0xc .\ARM_GCC_541\Debug\psoc_eeprom.o
                0x00000e80                psoc_eeprom_init
 .text.psoc_eeprom_read
                0x00000e8c       0x7c .\ARM_GCC_541\Debug\psoc_eeprom.o
                0x00000e8c                psoc_eeprom_read
 .text.app_ctx_init
                0x00000f08       0x44 .\ARM_GCC_541\Debug\app_ctx.o
                0x00000f08                app_ctx_init
 .text.depth_of
                0x00000f4c       0x34 .\ARM_GCC_541\Debug\app_statemachine.o
 .text.lca      0x00000f80       0x80 .\ARM_GCC_541\Debug\app_statemachine.o
 .text.transition
                0x00001000       0xf0 .\ARM_GCC_541\Debug\app_statemachine.o
 .text.app_start
                0x000010f0       0x28 .\ARM_GCC_541\Debug\app_statemachine.o
                0x000010f0                app_start
 .text.app_raise_error
                0x00001118       0x68 .\ARM_GCC_541\Debug\app_statemachine.o
                0x00001118                app_raise_error
 .text.app_state_name
                0x00001180       0x20 .\ARM_GCC_541\Debug\app_statemachine.o
                0x00001180                app_state_name
 .text.app_telem_tick
                0x000011a0       0x80 .\ARM_GCC_541\Debug\app_statemachine.o
                0x000011a0                app_telem_tick
 .text.entry_stby_defer
                0x00001220       0x1c .\ARM_GCC_541\Debug\app_statemachine.o
 .text.entry_stby_hold
                0x0000123c       0x1c .\ARM_GCC_541\Debug\app_statemachine.o
 .text.entry_manu_joystick
                0x00001258       0x20 .\ARM_GCC_541\Debug\app_statemachine.o
 .text.exit_manu_joystick
                0x00001278       0x18 .\ARM_GCC_541\Debug\app_statemachine.o
 .text.entry_auto_test
                0x00001290       0x1c .\ARM_GCC_541\Debug\app_statemachine.o
 .text.app_auto_tick
                0x000012ac       0xdc .\ARM_GCC_541\Debug\app_statemachine.o
                0x000012ac                app_auto_tick
 .text.sev_str  0x00001388       0x40 .\ARM_GCC_541\Debug\app_statemachine.o
 .text.entry_error_active
                0x000013c8       0x80 .\ARM_GCC_541\Debug\app_statemachine.o
 .text.manu_pan_tilt_deg
                0x00001448       0x54 .\ARM_GCC_541\Debug\app_statemachine.o
 .text.set_origin
                0x0000149c       0x6c .\ARM_GCC_541\Debug\app_statemachine.o
 .text.print_help
                0x00001508       0x1c .\ARM_GCC_541\Debug\app_statemachine.o
 .text.handle_global_key
                0x00001524       0x94 .\ARM_GCC_541\Debug\app_statemachine.o
 .text.leaf_traps_nav
                0x000015b8       0x20 .\ARM_GCC_541\Debug\app_statemachine.o
 .text.handle_nav_key
                0x000015d8       0x48 .\ARM_GCC_541\Debug\app_statemachine.o
 .text.key_error_active
                0x00001620       0x40 .\ARM_GCC_541\Debug\app_statemachine.o
 .text.app_dispatch_key
                0x00001660       0xa0 .\ARM_GCC_541\Debug\app_statemachine.o
                0x00001660                app_dispatch_key
 .text.build_zero
                0x00001700       0x1c .\ARM_GCC_541\Debug\app_statemachine.o
 .text.build_stby
                0x0000171c       0x1c .\ARM_GCC_541\Debug\app_statemachine.o
 .text.build_manu_joystick
                0x00001738       0xa4 .\ARM_GCC_541\Debug\app_statemachine.o
 .text.build_error
                0x000017dc       0x28 .\ARM_GCC_541\Debug\app_statemachine.o
 .text.app_build_control
                0x00001804       0x3c .\ARM_GCC_541\Debug\app_statemachine.o
                0x00001804                app_build_control
 .text.nudge_apply
                0x00001840      0x1a0 .\ARM_GCC_541\Debug\app_statemachine.o
 .text.key_manu_joystick
                0x000019e0      0x224 .\ARM_GCC_541\Debug\app_statemachine.o
 .text.app_manual_tick
                0x00001c04       0xc0 .\ARM_GCC_541\Debug\app_statemachine.o
                0x00001c04                app_manual_tick
 .text.sbc_init
                0x00001cc4       0x84 .\ARM_GCC_541\Debug\sbc_comms.o
                0x00001cc4                sbc_init
 .text.decode_centroid
                0x00001d48      0x114 .\ARM_GCC_541\Debug\sbc_comms.o
 .text.sbc_on_rx_byte
                0x00001e5c      0x18c .\ARM_GCC_541\Debug\sbc_comms.o
                0x00001e5c                sbc_on_rx_byte
 .text.sbc_on_uart_err_flags
                0x00001fe8       0x30 .\ARM_GCC_541\Debug\sbc_comms.o
                0x00001fe8                sbc_on_uart_err_flags
 .text.sbc_get_centroid
                0x00002018       0x88 .\ARM_GCC_541\Debug\sbc_comms.o
                0x00002018                sbc_get_centroid
 .text.sbc_unknown_magic
                0x000020a0       0x14 .\ARM_GCC_541\Debug\sbc_comms.o
                0x000020a0                sbc_unknown_magic
 .text.sbc_rx_pkt_count
                0x000020b4       0x14 .\ARM_GCC_541\Debug\sbc_comms.o
                0x000020b4                sbc_rx_pkt_count
 .text.sbc_last_centroid_dt_ms
                0x000020c8       0x2c .\ARM_GCC_541\Debug\sbc_comms.o
                0x000020c8                sbc_last_centroid_dt_ms
 .text.sbc_crc_errors
                0x000020f4       0x14 .\ARM_GCC_541\Debug\sbc_comms.o
                0x000020f4                sbc_crc_errors
 .text.sbc_uart_errors
                0x00002108       0x14 .\ARM_GCC_541\Debug\sbc_comms.o
                0x00002108                sbc_uart_errors
 .text.sbc_send_frame
                0x0000211c       0x8c .\ARM_GCC_541\Debug\sbc_comms.o
                0x0000211c                sbc_send_frame
 .text.sat_i16  0x000021a8       0x4c .\ARM_GCC_541\Debug\telemetry.o
 .text.sat_u32  0x000021f4       0x44 .\ARM_GCC_541\Debug\telemetry.o
 .text.sat_u16  0x00002238       0x48 .\ARM_GCC_541\Debug\telemetry.o
 .text.telemetry_collect_hot
                0x00002280      0x164 .\ARM_GCC_541\Debug\telemetry.o
                0x00002280                telemetry_collect_hot
 .text.telemetry_collect_link
                0x000023e4       0x64 .\ARM_GCC_541\Debug\telemetry.o
                0x000023e4                telemetry_collect_link
 .text.telemetry_collect_power
                0x00002448       0xc0 .\ARM_GCC_541\Debug\telemetry.o
                0x00002448                telemetry_collect_power
 .text.telemetry_collect_env
                0x00002508       0x80 .\ARM_GCC_541\Debug\telemetry.o
                0x00002508                telemetry_collect_env
 .text.telemetry_collect_gps
                0x00002588       0xa8 .\ARM_GCC_541\Debug\telemetry.o
                0x00002588                telemetry_collect_gps
 .text.telemetry_collect_baro
                0x00002630       0x90 .\ARM_GCC_541\Debug\telemetry.o
                0x00002630                telemetry_collect_baro
 .text.telemetry_collect_mag
                0x000026c0       0xcc .\ARM_GCC_541\Debug\telemetry.o
                0x000026c0                telemetry_collect_mag
 .text.encode_hot
                0x0000278c      0x11c .\ARM_GCC_541\Debug\telemetry.o
 .text.encode_link
                0x000028a8       0x94 .\ARM_GCC_541\Debug\telemetry.o
 .text.encode_power
                0x0000293c       0x9c .\ARM_GCC_541\Debug\telemetry.o
 .text.encode_env
                0x000029d8       0x58 .\ARM_GCC_541\Debug\telemetry.o
 .text.encode_gps
                0x00002a30       0xe8 .\ARM_GCC_541\Debug\telemetry.o
 .text.encode_baro
                0x00002b18       0x64 .\ARM_GCC_541\Debug\telemetry.o
 .text.encode_mag
                0x00002b7c       0x8c .\ARM_GCC_541\Debug\telemetry.o
 .text.telemetry_send_hot_sbc
                0x00002c08       0x44 .\ARM_GCC_541\Debug\telemetry.o
                0x00002c08                telemetry_send_hot_sbc
 .text.telemetry_send_link_sbc
                0x00002c4c       0x44 .\ARM_GCC_541\Debug\telemetry.o
                0x00002c4c                telemetry_send_link_sbc
 .text.telemetry_send_power_sbc
                0x00002c90       0x44 .\ARM_GCC_541\Debug\telemetry.o
                0x00002c90                telemetry_send_power_sbc
 .text.telemetry_send_env_sbc
                0x00002cd4       0x44 .\ARM_GCC_541\Debug\telemetry.o
                0x00002cd4                telemetry_send_env_sbc
 .text.telemetry_send_gps_sbc
                0x00002d18       0x44 .\ARM_GCC_541\Debug\telemetry.o
                0x00002d18                telemetry_send_gps_sbc
 .text.telemetry_send_baro_sbc
                0x00002d5c       0x44 .\ARM_GCC_541\Debug\telemetry.o
                0x00002d5c                telemetry_send_baro_sbc
 .text.telemetry_send_mag_sbc
                0x00002da0       0x44 .\ARM_GCC_541\Debug\telemetry.o
                0x00002da0                telemetry_send_mag_sbc
 .text.telemetry_pump
                0x00002de4       0xd8 .\ARM_GCC_541\Debug\telemetry.o
                0x00002de4                telemetry_pump
 .text.rb_next  0x00002ebc       0x28 .\ARM_GCC_541\Debug\hamfly_comm_rb.o
 .text.hamfly_rb_init
                0x00002ee4       0x2c .\ARM_GCC_541\Debug\hamfly_comm_rb.o
                0x00002ee4                hamfly_rb_init
 .text.hamfly_rb_push
                0x00002f10       0x64 .\ARM_GCC_541\Debug\hamfly_comm_rb.o
                0x00002f10                hamfly_rb_push
 .text.hamfly_rb_pop
                0x00002f74       0x58 .\ARM_GCC_541\Debug\hamfly_comm_rb.o
                0x00002f74                hamfly_rb_pop
 .text.load_freefly_control
                0x00002fcc       0x50 .\ARM_GCC_541\Debug\hamfly_core_gimbal.o
 .text.copy_qx287_to_telemetry
                0x0000301c       0x1c .\ARM_GCC_541\Debug\hamfly_core_gimbal.o
 .text.drain_rb
                0x00003038       0x44 .\ARM_GCC_541\Debug\hamfly_core_gimbal.o
 .text.hamfly_init
                0x0000307c       0x5c .\ARM_GCC_541\Debug\hamfly_core_gimbal.o
                0x0000307c                hamfly_init
 .text.hamfly_on_rx_byte
                0x000030d8       0x3c .\ARM_GCC_541\Debug\hamfly_core_gimbal.o
                0x000030d8                hamfly_on_rx_byte
 .text.hamfly_on_uart_err_flags
                0x00003114       0x30 .\ARM_GCC_541\Debug\hamfly_core_gimbal.o
                0x00003114                hamfly_on_uart_err_flags
 .text.hamfly_pump
                0x00003144      0x27c .\ARM_GCC_541\Debug\hamfly_core_gimbal.o
                0x00003144                hamfly_pump
 .text.hamfly_send_control
                0x000033c0       0x7c .\ARM_GCC_541\Debug\hamfly_core_gimbal.o
                0x000033c0                hamfly_send_control
 .text.hamfly_kill
                0x0000343c       0x3c .\ARM_GCC_541\Debug\hamfly_core_gimbal.o
                0x0000343c                hamfly_kill
 .text.hamfly_request_attr
                0x00003478       0xa8 .\ARM_GCC_541\Debug\hamfly_core_gimbal.o
                0x00003478                hamfly_request_attr
 .text.hamfly_get_telemetry
                0x00003520       0x30 .\ARM_GCC_541\Debug\hamfly_core_gimbal.o
                0x00003520                hamfly_get_telemetry
 .text.rd_be32  0x00003550       0x34 .\ARM_GCC_541\Debug\hamfly_core_telemetry.o
 .text.rd_be16  0x00003584       0x28 .\ARM_GCC_541\Debug\hamfly_core_telemetry.o
 .text.rd_be_u16
                0x000035ac       0x28 .\ARM_GCC_541\Debug\hamfly_core_telemetry.o
 .text.rd_le16  0x000035d4       0x24 .\ARM_GCC_541\Debug\hamfly_core_telemetry.o
 .text.hamfly_telemetry_to_euler
                0x000035f8      0x1d4 .\ARM_GCC_541\Debug\hamfly_core_telemetry.o
                0x000035f8                hamfly_telemetry_to_euler
 .text.hamfly_decode_qx287
                0x000037cc       0x68 .\ARM_GCC_541\Debug\hamfly_core_telemetry.o
                0x000037cc                hamfly_decode_qx287
 .text.hamfly_decode_gps
                0x00003834      0x1a0 .\ARM_GCC_541\Debug\hamfly_core_telemetry.o
                0x00003834                hamfly_decode_gps
 .text.hamfly_decode_baro
                0x000039d4       0x78 .\ARM_GCC_541\Debug\hamfly_core_telemetry.o
                0x000039d4                hamfly_decode_baro
 .text.hamfly_decode_attitude
                0x00003a4c      0x144 .\ARM_GCC_541\Debug\hamfly_core_telemetry.o
                0x00003a4c                hamfly_decode_attitude
 .text.hamfly_decode_sysstat
                0x00003b90      0x1c8 .\ARM_GCC_541\Debug\hamfly_core_telemetry.o
                0x00003b90                hamfly_decode_sysstat
 .text.hamfly_decode_mag
                0x00003d58      0x18c .\ARM_GCC_541\Debug\hamfly_core_telemetry.o
                0x00003d58                hamfly_decode_mag
 .text.hamfly_decode_sysecho
                0x00003ee4       0x7c .\ARM_GCC_541\Debug\hamfly_core_telemetry.o
                0x00003ee4                hamfly_decode_sysecho
 .text.ff_api_init
                0x00003f60       0x7c .\ARM_GCC_541\Debug\hamfly_qx_app.o
 .text.ff_api_send
                0x00003fdc       0x44 .\ARM_GCC_541\Debug\hamfly_qx_app.o
 .text.QX_ParsePacket_Cli_MoVI_Ctrl_CB
                0x00004020      0x884 .\ARM_GCC_541\Debug\hamfly_qx_app.o
 .text.QX_SendMsg2CommsPort_CB
                0x000048a4       0x64 .\ARM_GCC_541\Debug\hamfly_qx_app.o
                0x000048a4                QX_SendMsg2CommsPort_CB
 .text.QX_FwdMsg_CB
                0x00004908       0x14 .\ARM_GCC_541\Debug\hamfly_qx_app.o
                0x00004908                QX_FwdMsg_CB
 .text.QX_GetTicks_ms
                0x0000491c       0x34 .\ARM_GCC_541\Debug\hamfly_qx_app.o
                0x0000491c                QX_GetTicks_ms
 .text.QX_Parser_SetMsgPtr
                0x00004950       0x1c .\ARM_GCC_541\Debug\hamfly_qx_protocol.o
                0x00004950                QX_Parser_SetMsgPtr
 .text.QX_Parser_AdvMsgPtr
                0x0000496c       0x1c .\ARM_GCC_541\Debug\hamfly_qx_protocol.o
                0x0000496c                QX_Parser_AdvMsgPtr
 .text.QX_Parser_GetMsgPtr
                0x00004988       0x14 .\ARM_GCC_541\Debug\hamfly_qx_protocol.o
                0x00004988                QX_Parser_GetMsgPtr
 .text.QX_Parser_SetDir_Read
                0x0000499c       0x18 .\ARM_GCC_541\Debug\hamfly_qx_protocol.o
                0x0000499c                QX_Parser_SetDir_Read
 .text.QX_Parser_SetDir_WriteAbs
                0x000049b4       0x18 .\ARM_GCC_541\Debug\hamfly_qx_protocol.o
                0x000049b4                QX_Parser_SetDir_WriteAbs
 .text.AddFloatAsSignedShort
                0x000049cc       0xc8 .\ARM_GCC_541\Debug\hamfly_qx_protocol.o
                0x000049cc                AddFloatAsSignedShort
 .text.GetFloatAsSignedShort
                0x00004a94      0x170 .\ARM_GCC_541\Debug\hamfly_qx_protocol.o
                0x00004a94                GetFloatAsSignedShort
 .text.AddSignedShortAsSignedShort
                0x00004c04       0x58 .\ARM_GCC_541\Debug\hamfly_qx_protocol.o
                0x00004c04                AddSignedShortAsSignedShort
 .text.GetSignedShortAsSignedShort
                0x00004c5c      0x15c .\ARM_GCC_541\Debug\hamfly_qx_protocol.o
                0x00004c5c                GetSignedShortAsSignedShort
 .text.AddUnsignedCharAsUnsignedChar
                0x00004db8       0x3c .\ARM_GCC_541\Debug\hamfly_qx_protocol.o
                0x00004db8                AddUnsignedCharAsUnsignedChar
 .text.GetUnsignedCharAsUnsignedChar
                0x00004df4       0xc8 .\ARM_GCC_541\Debug\hamfly_qx_protocol.o
                0x00004df4                GetUnsignedCharAsUnsignedChar
 .text.AddUnsignedShortAsUnsignedShort
                0x00004ebc       0x54 .\ARM_GCC_541\Debug\hamfly_qx_protocol.o
                0x00004ebc                AddUnsignedShortAsUnsignedShort
 .text.GetUnsignedShortAsUnsignedShort
                0x00004f10       0xf8 .\ARM_GCC_541\Debug\hamfly_qx_protocol.o
                0x00004f10                GetUnsignedShortAsUnsignedShort
 .text.AddBitsAsByte
                0x00005008       0xcc .\ARM_GCC_541\Debug\hamfly_qx_protocol.o
                0x00005008                AddBitsAsByte
 .text.GetBitsAsByte
                0x000050d4       0xdc .\ARM_GCC_541\Debug\hamfly_qx_protocol.o
                0x000050d4                GetBitsAsByte
 .text.QX_InitMsg
                0x000051b0       0x30 .\ARM_GCC_541\Debug\hamfly_qx_protocol.o
 .text.QX_RxMsg
                0x000051e0       0xec .\ARM_GCC_541\Debug\hamfly_qx_protocol.o
 .text.QX_Srv_Rx_Read
                0x000052cc       0x90 .\ARM_GCC_541\Debug\hamfly_qx_protocol.o
 .text.QX_Srv_Rx_Write
                0x0000535c       0xc4 .\ARM_GCC_541\Debug\hamfly_qx_protocol.o
 .text.QX_Cli_Rx_CurVal
                0x00005420       0x3c .\ARM_GCC_541\Debug\hamfly_qx_protocol.o
 .text.QX_TxMsg_Setup
                0x0000545c       0x4c .\ARM_GCC_541\Debug\hamfly_qx_protocol.o
 .text.QX_TxMsg_Finish
                0x000054a8      0x1dc .\ARM_GCC_541\Debug\hamfly_qx_protocol.o
 .text.QX_BuildHeader
                0x00005684      0x188 .\ARM_GCC_541\Debug\hamfly_qx_protocol.o
 .text.QX_ParseHeader
                0x0000580c      0x114 .\ARM_GCC_541\Debug\hamfly_qx_protocol.o
 .text.QX_Calc8bChecksum
                0x00005920       0x3c .\ARM_GCC_541\Debug\hamfly_qx_protocol.o
 .text.QX_AddExtdValToBuf
                0x0000595c       0x88 .\ARM_GCC_541\Debug\hamfly_qx_protocol.o
 .text.QX_GetExtdValFromBuf
                0x000059e4       0x6c .\ARM_GCC_541\Debug\hamfly_qx_protocol.o
 .text.QX_compute_crc32
                0x00005a50       0x4c .\ARM_GCC_541\Debug\hamfly_qx_protocol.o
 .text.QX_accumulate_crc32
                0x00005a9c       0x54 .\ARM_GCC_541\Debug\hamfly_qx_protocol.o
                0x00005a9c                QX_accumulate_crc32
 .text.QX_InitCli
                0x00005af0       0x24 .\ARM_GCC_541\Debug\hamfly_qx_protocol.o
                0x00005af0                QX_InitCli
 .text.QX_InitTxOptions
                0x00005b14       0x3c .\ARM_GCC_541\Debug\hamfly_qx_protocol.o
                0x00005b14                QX_InitTxOptions
 .text.QX_SendPacket_Srv_CurVal
                0x00005b50       0x98 .\ARM_GCC_541\Debug\hamfly_qx_protocol.o
                0x00005b50                QX_SendPacket_Srv_CurVal
 .text.QX_SendPacket_Cli_Read
                0x00005be8       0x80 .\ARM_GCC_541\Debug\hamfly_qx_protocol.o
                0x00005be8                QX_SendPacket_Cli_Read
 .text.QX_SendPacket_Cli_WriteABS
                0x00005c68       0x98 .\ARM_GCC_541\Debug\hamfly_qx_protocol.o
                0x00005c68                QX_SendPacket_Cli_WriteABS
 .text.QX_StreamRxCharSM
                0x00005d00      0x6e0 .\ARM_GCC_541\Debug\hamfly_qx_protocol.o
                0x00005d00                QX_StreamRxCharSM
 .text.CYMEMZERO
                0x000063e0       0x1c .\ARM_GCC_541\Debug\cyfitter_cfg.o
 .text.CYCONFIGCPY
                0x000063fc       0x20 .\ARM_GCC_541\Debug\cyfitter_cfg.o
 .text.CyClockStartupError
                0x0000641c        0xc .\ARM_GCC_541\Debug\cyfitter_cfg.o
 .text.cfg_write_bytes32
                0x00006428       0x74 .\ARM_GCC_541\Debug\cyfitter_cfg.o
 .text.ClockSetup
                0x0000649c      0x180 .\ARM_GCC_541\Debug\cyfitter_cfg.o
 .text.AnalogSetDefault
                0x0000661c       0x44 .\ARM_GCC_541\Debug\cyfitter_cfg.o
 .text.AMux_1_Set
                0x00006660       0x6c .\ARM_GCC_541\Debug\cyfitter_cfg.o
                0x00006660                AMux_1_Set
 .text.AMux_1_Unset
                0x000066cc       0x74 .\ARM_GCC_541\Debug\cyfitter_cfg.o
                0x000066cc                AMux_1_Unset
 .text.ADC_DelSig_1_AMux_Set
                0x00006740       0x40 .\ARM_GCC_541\Debug\cyfitter_cfg.o
                0x00006740                ADC_DelSig_1_AMux_Set
 .text.ADC_DelSig_1_AMux_Unset
                0x00006780       0x44 .\ARM_GCC_541\Debug\cyfitter_cfg.o
                0x00006780                ADC_DelSig_1_AMux_Unset
 .text.cyfitter_cfg
                0x000067c4      0x1ac .\ARM_GCC_541\Debug\cyfitter_cfg.o
                0x000067c4                cyfitter_cfg
 .text.IntDefaultHandler
                0x00006970       0x14 .\ARM_GCC_541\Debug\Cm3Start.o
                0x00006970                IntDefaultHandler
 .text._sbrk    0x00006984       0x50 .\ARM_GCC_541\Debug\Cm3Start.o
                0x00006984                _sbrk
 .text.Start_c  0x000069d4       0x98 .\ARM_GCC_541\Debug\Cm3Start.o
                0x000069d4                Start_c
 .text.initialize_psoc
                0x00006a6c       0x90 .\ARM_GCC_541\Debug\Cm3Start.o
                0x00006a6c                initialize_psoc
 .text.ADC_DelSig_1_Init
                0x00006afc      0x11c .\ARM_GCC_541\Debug\Proj07_hamflyAPI_stateMachineUpgrade.a(ADC_DelSig_1.o)
                0x00006afc                ADC_DelSig_1_Init
 .text.ADC_DelSig_1_Enable
                0x00006c18      0x158 .\ARM_GCC_541\Debug\Proj07_hamflyAPI_stateMachineUpgrade.a(ADC_DelSig_1.o)
                0x00006c18                ADC_DelSig_1_Enable
 .text.ADC_DelSig_1_Start
                0x00006d70       0x30 .\ARM_GCC_541\Debug\Proj07_hamflyAPI_stateMachineUpgrade.a(ADC_DelSig_1.o)
                0x00006d70                ADC_DelSig_1_Start
 .text.ADC_DelSig_1_StartConvert
                0x00006da0       0x20 .\ARM_GCC_541\Debug\Proj07_hamflyAPI_stateMachineUpgrade.a(ADC_DelSig_1.o)
                0x00006da0                ADC_DelSig_1_StartConvert
 .text.ADC_DelSig_1_StopConvert
                0x00006dc0       0x20 .\ARM_GCC_541\Debug\Proj07_hamflyAPI_stateMachineUpgrade.a(ADC_DelSig_1.o)
                0x00006dc0                ADC_DelSig_1_StopConvert
 .text.ADC_DelSig_1_GetResult16
                0x00006de0       0x7c .\ARM_GCC_541\Debug\Proj07_hamflyAPI_stateMachineUpgrade.a(ADC_DelSig_1.o)
                0x00006de0                ADC_DelSig_1_GetResult16
 .text.ADC_DelSig_1_InitConfig
                0x00006e5c      0x164 .\ARM_GCC_541\Debug\Proj07_hamflyAPI_stateMachineUpgrade.a(ADC_DelSig_1.o)
 .text.ADC_DelSig_1_GainCompensation
                0x00006fc0      0x170 .\ARM_GCC_541\Debug\Proj07_hamflyAPI_stateMachineUpgrade.a(ADC_DelSig_1.o)
 .text.ADC_DelSig_1_SetDSMRef0Reg
                0x00007130       0x7c .\ARM_GCC_541\Debug\Proj07_hamflyAPI_stateMachineUpgrade.a(ADC_DelSig_1.o)
 .text.ADC_DelSig_1_ISR1
                0x000071ac        0xc .\ARM_GCC_541\Debug\Proj07_hamflyAPI_stateMachineUpgrade.a(ADC_DelSig_1_INT.o)
                0x000071ac                ADC_DelSig_1_ISR1
 .text.AMux_1_Start
                0x000071b8       0x34 .\ARM_GCC_541\Debug\Proj07_hamflyAPI_stateMachineUpgrade.a(AMux_1.o)
                0x000071b8                AMux_1_Start
 .text.AMux_1_FastSelect
                0x000071ec       0x38 .\ARM_GCC_541\Debug\Proj07_hamflyAPI_stateMachineUpgrade.a(AMux_1.o)
                0x000071ec                AMux_1_FastSelect
 .text.isr_adc_StartEx
                0x00007224       0x24 .\ARM_GCC_541\Debug\Proj07_hamflyAPI_stateMachineUpgrade.a(isr_adc.o)
                0x00007224                isr_adc_StartEx
 .text.isr_adc_SetVector
                0x00007248       0x24 .\ARM_GCC_541\Debug\Proj07_hamflyAPI_stateMachineUpgrade.a(isr_adc.o)
                0x00007248                isr_adc_SetVector
 .text.isr_adc_SetPriority
                0x0000726c       0x24 .\ARM_GCC_541\Debug\Proj07_hamflyAPI_stateMachineUpgrade.a(isr_adc.o)
                0x0000726c                isr_adc_SetPriority
 .text.isr_adc_Enable
                0x00007290       0x18 .\ARM_GCC_541\Debug\Proj07_hamflyAPI_stateMachineUpgrade.a(isr_adc.o)
                0x00007290                isr_adc_Enable
 .text.isr_adc_Disable
                0x000072a8       0x18 .\ARM_GCC_541\Debug\Proj07_hamflyAPI_stateMachineUpgrade.a(isr_adc.o)
                0x000072a8                isr_adc_Disable
 .text.isr_adc_ClearPending
                0x000072c0       0x18 .\ARM_GCC_541\Debug\Proj07_hamflyAPI_stateMachineUpgrade.a(isr_adc.o)
                0x000072c0                isr_adc_ClearPending
 .text.UART_MOVI_Start
                0x000072d8       0x24 .\ARM_GCC_541\Debug\Proj07_hamflyAPI_stateMachineUpgrade.a(UART_MOVI.o)
                0x000072d8                UART_MOVI_Start
 .text.UART_MOVI_Init
                0x000072fc       0x40 .\ARM_GCC_541\Debug\Proj07_hamflyAPI_stateMachineUpgrade.a(UART_MOVI.o)
                0x000072fc                UART_MOVI_Init
 .text.UART_MOVI_Enable
                0x0000733c       0x5c .\ARM_GCC_541\Debug\Proj07_hamflyAPI_stateMachineUpgrade.a(UART_MOVI.o)
                0x0000733c                UART_MOVI_Enable
 .text.UART_MOVI_ClearRxBuffer
                0x00007398       0x44 .\ARM_GCC_541\Debug\Proj07_hamflyAPI_stateMachineUpgrade.a(UART_MOVI.o)
                0x00007398                UART_MOVI_ClearRxBuffer
 .text.UART_MOVI_PutChar
                0x000073dc       0x34 .\ARM_GCC_541\Debug\Proj07_hamflyAPI_stateMachineUpgrade.a(UART_MOVI.o)
                0x000073dc                UART_MOVI_PutChar
 .text.UART_MOVI_ClearTxBuffer
                0x00007410       0x44 .\ARM_GCC_541\Debug\Proj07_hamflyAPI_stateMachineUpgrade.a(UART_MOVI.o)
                0x00007410                UART_MOVI_ClearTxBuffer
 .text.isr_rx_movi_StartEx
                0x00007454       0x24 .\ARM_GCC_541\Debug\Proj07_hamflyAPI_stateMachineUpgrade.a(isr_rx_movi.o)
                0x00007454                isr_rx_movi_StartEx
 .text.isr_rx_movi_SetVector
                0x00007478       0x24 .\ARM_GCC_541\Debug\Proj07_hamflyAPI_stateMachineUpgrade.a(isr_rx_movi.o)
                0x00007478                isr_rx_movi_SetVector
 .text.isr_rx_movi_SetPriority
                0x0000749c       0x24 .\ARM_GCC_541\Debug\Proj07_hamflyAPI_stateMachineUpgrade.a(isr_rx_movi.o)
                0x0000749c                isr_rx_movi_SetPriority
 .text.isr_rx_movi_Enable
                0x000074c0       0x18 .\ARM_GCC_541\Debug\Proj07_hamflyAPI_stateMachineUpgrade.a(isr_rx_movi.o)
                0x000074c0                isr_rx_movi_Enable
 .text.isr_rx_movi_Disable
                0x000074d8       0x18 .\ARM_GCC_541\Debug\Proj07_hamflyAPI_stateMachineUpgrade.a(isr_rx_movi.o)
                0x000074d8                isr_rx_movi_Disable
 .text.Looptimer_Init
                0x000074f0       0xa0 .\ARM_GCC_541\Debug\Proj07_hamflyAPI_stateMachineUpgrade.a(Looptimer.o)
                0x000074f0                Looptimer_Init
 .text.Looptimer_Enable
                0x00007590       0x48 .\ARM_GCC_541\Debug\Proj07_hamflyAPI_stateMachineUpgrade.a(Looptimer.o)
                0x00007590                Looptimer_Enable
 .text.Looptimer_Start
                0x000075d8       0x24 .\ARM_GCC_541\Debug\Proj07_hamflyAPI_stateMachineUpgrade.a(Looptimer.o)
                0x000075d8                Looptimer_Start
 .text.Looptimer_SetInterruptMode
                0x000075fc       0x20 .\ARM_GCC_541\Debug\Proj07_hamflyAPI_stateMachineUpgrade.a(Looptimer.o)
                0x000075fc                Looptimer_SetInterruptMode
 .text.Looptimer_ReadStatusRegister
                0x0000761c       0x18 .\ARM_GCC_541\Debug\Proj07_hamflyAPI_stateMachineUpgrade.a(Looptimer.o)
                0x0000761c                Looptimer_ReadStatusRegister
 .text.Looptimer_WritePeriod
                0x00007634       0x24 .\ARM_GCC_541\Debug\Proj07_hamflyAPI_stateMachineUpgrade.a(Looptimer.o)
                0x00007634                Looptimer_WritePeriod
 .text.Looptimer_WriteCounter
                0x00007658       0x20 .\ARM_GCC_541\Debug\Proj07_hamflyAPI_stateMachineUpgrade.a(Looptimer.o)
                0x00007658                Looptimer_WriteCounter
 .text.isr_Looptimer_StartEx
                0x00007678       0x24 .\ARM_GCC_541\Debug\Proj07_hamflyAPI_stateMachineUpgrade.a(isr_Looptimer.o)
                0x00007678                isr_Looptimer_StartEx
 .text.isr_Looptimer_SetVector
                0x0000769c       0x24 .\ARM_GCC_541\Debug\Proj07_hamflyAPI_stateMachineUpgrade.a(isr_Looptimer.o)
                0x0000769c                isr_Looptimer_SetVector
 .text.isr_Looptimer_SetPriority
                0x000076c0       0x24 .\ARM_GCC_541\Debug\Proj07_hamflyAPI_stateMachineUpgrade.a(isr_Looptimer.o)
                0x000076c0                isr_Looptimer_SetPriority
 .text.isr_Looptimer_Enable
                0x000076e4       0x18 .\ARM_GCC_541\Debug\Proj07_hamflyAPI_stateMachineUpgrade.a(isr_Looptimer.o)
                0x000076e4                isr_Looptimer_Enable
 .text.isr_Looptimer_Disable
                0x000076fc       0x18 .\ARM_GCC_541\Debug\Proj07_hamflyAPI_stateMachineUpgrade.a(isr_Looptimer.o)
                0x000076fc                isr_Looptimer_Disable
 .text.EEPROM_CONFIG_Enable
                0x00007714       0x10 .\ARM_GCC_541\Debug\Proj07_hamflyAPI_stateMachineUpgrade.a(EEPROM_CONFIG.o)
                0x00007714                EEPROM_CONFIG_Enable
 .text.EEPROM_CONFIG_Start
                0x00007724        0xc .\ARM_GCC_541\Debug\Proj07_hamflyAPI_stateMachineUpgrade.a(EEPROM_CONFIG.o)
                0x00007724                EEPROM_CONFIG_Start
 .text.ADC_DelSig_1_AMux_Start
                0x00007730       0x34 .\ARM_GCC_541\Debug\Proj07_hamflyAPI_stateMachineUpgrade.a(ADC_DelSig_1_AMux.o)
                0x00007730                ADC_DelSig_1_AMux_Start
 .text.ADC_DelSig_1_AMux_Select
                0x00007764       0x28 .\ARM_GCC_541\Debug\Proj07_hamflyAPI_stateMachineUpgrade.a(ADC_DelSig_1_AMux.o)
                0x00007764                ADC_DelSig_1_AMux_Select
 .text.ADC_DelSig_1_Ext_CP_Clk_SetDividerRegister
                0x0000778c      0x164 .\ARM_GCC_541\Debug\Proj07_hamflyAPI_stateMachineUpgrade.a(ADC_DelSig_1_Ext_CP_Clk.o)
                0x0000778c                ADC_DelSig_1_Ext_CP_Clk_SetDividerRegister
 .text.ADC_DelSig_1_Ext_CP_Clk_GetDividerRegister
                0x000078f0       0x18 .\ARM_GCC_541\Debug\Proj07_hamflyAPI_stateMachineUpgrade.a(ADC_DelSig_1_Ext_CP_Clk.o)
                0x000078f0                ADC_DelSig_1_Ext_CP_Clk_GetDividerRegister
 .text.ADC_DelSig_1_Ext_CP_Clk_SetModeRegister
                0x00007908       0x34 .\ARM_GCC_541\Debug\Proj07_hamflyAPI_stateMachineUpgrade.a(ADC_DelSig_1_Ext_CP_Clk.o)
                0x00007908                ADC_DelSig_1_Ext_CP_Clk_SetModeRegister
 .text.ADC_DelSig_1_Ext_CP_Clk_GetSourceRegister
                0x0000793c       0x1c .\ARM_GCC_541\Debug\Proj07_hamflyAPI_stateMachineUpgrade.a(ADC_DelSig_1_Ext_CP_Clk.o)
                0x0000793c                ADC_DelSig_1_Ext_CP_Clk_GetSourceRegister
 .text.ADC_DelSig_1_theACLK_SetDividerRegister
                0x00007958      0x164 .\ARM_GCC_541\Debug\Proj07_hamflyAPI_stateMachineUpgrade.a(ADC_DelSig_1_theACLK.o)
                0x00007958                ADC_DelSig_1_theACLK_SetDividerRegister
 .text.ADC_DelSig_1_theACLK_GetDividerRegister
                0x00007abc       0x18 .\ARM_GCC_541\Debug\Proj07_hamflyAPI_stateMachineUpgrade.a(ADC_DelSig_1_theACLK.o)
                0x00007abc                ADC_DelSig_1_theACLK_GetDividerRegister
 .text.ADC_DelSig_1_theACLK_SetModeRegister
                0x00007ad4       0x34 .\ARM_GCC_541\Debug\Proj07_hamflyAPI_stateMachineUpgrade.a(ADC_DelSig_1_theACLK.o)
                0x00007ad4                ADC_DelSig_1_theACLK_SetModeRegister
 .text.ADC_DelSig_1_theACLK_GetSourceRegister
                0x00007b08       0x1c .\ARM_GCC_541\Debug\Proj07_hamflyAPI_stateMachineUpgrade.a(ADC_DelSig_1_theACLK.o)
                0x00007b08                ADC_DelSig_1_theACLK_GetSourceRegister
 .text.CySetTempInt
                0x00007b24       0x7c .\ARM_GCC_541\Debug\Proj07_hamflyAPI_stateMachineUpgrade.a(CyFlash.o)
 .text.CyFlashGetSpcAlgorithm
                0x00007ba0       0x70 .\ARM_GCC_541\Debug\Proj07_hamflyAPI_stateMachineUpgrade.a(CyFlash.o)
                0x00007ba0                CyFlashGetSpcAlgorithm
 .text.CySetTemp
                0x00007c10       0x24 .\ARM_GCC_541\Debug\Proj07_hamflyAPI_stateMachineUpgrade.a(CyFlash.o)
                0x00007c10                CySetTemp
 .text.CyEEPROM_Start
                0x00007c34       0x8c .\ARM_GCC_541\Debug\Proj07_hamflyAPI_stateMachineUpgrade.a(CyFlash.o)
                0x00007c34                CyEEPROM_Start
 .text.CyHalt   0x00007cc0       0x18 .\ARM_GCC_541\Debug\Proj07_hamflyAPI_stateMachineUpgrade.a(CyLib.o)
                0x00007cc0                CyHalt
 .text.CyDelayUs
                0x00007cd8       0x28 .\ARM_GCC_541\Debug\Proj07_hamflyAPI_stateMachineUpgrade.a(CyLib.o)
                0x00007cd8                CyDelayUs
 .text.CyIntSetVector
                0x00007d00       0x50 .\ARM_GCC_541\Debug\Proj07_hamflyAPI_stateMachineUpgrade.a(CyLib.o)
                0x00007d00                CyIntSetVector
 .text.CyIntSetPriority
                0x00007d50       0x48 .\ARM_GCC_541\Debug\Proj07_hamflyAPI_stateMachineUpgrade.a(CyLib.o)
                0x00007d50                CyIntSetPriority
 .text.CySpcStart
                0x00007d98       0x48 .\ARM_GCC_541\Debug\Proj07_hamflyAPI_stateMachineUpgrade.a(CySpc.o)
                0x00007d98                CySpcStart
 .text.CySpcReadData
                0x00007de0       0x54 .\ARM_GCC_541\Debug\Proj07_hamflyAPI_stateMachineUpgrade.a(CySpc.o)
                0x00007de0                CySpcReadData
 .text.CySpcGetTemp
                0x00007e34       0x64 .\ARM_GCC_541\Debug\Proj07_hamflyAPI_stateMachineUpgrade.a(CySpc.o)
                0x00007e34                CySpcGetTemp
 .text.CySpcLock
                0x00007e98       0x68 .\ARM_GCC_541\Debug\Proj07_hamflyAPI_stateMachineUpgrade.a(CySpc.o)
                0x00007e98                CySpcLock
 .text.CySpcUnlock
                0x00007f00       0x50 .\ARM_GCC_541\Debug\Proj07_hamflyAPI_stateMachineUpgrade.a(CySpc.o)
                0x00007f00                CySpcUnlock
 .text.CySpcGetAlgorithm
                0x00007f50       0x44 .\ARM_GCC_541\Debug\Proj07_hamflyAPI_stateMachineUpgrade.a(CySpc.o)
                0x00007f50                CySpcGetAlgorithm
 .text.UART_DEBUG_Start
                0x00007f94       0x24 .\ARM_GCC_541\Debug\Proj07_hamflyAPI_stateMachineUpgrade.a(UART_DEBUG.o)
                0x00007f94                UART_DEBUG_Start
 .text.UART_DEBUG_Init
                0x00007fb8       0x40 .\ARM_GCC_541\Debug\Proj07_hamflyAPI_stateMachineUpgrade.a(UART_DEBUG.o)
                0x00007fb8                UART_DEBUG_Init
 .text.UART_DEBUG_Enable
                0x00007ff8       0x60 .\ARM_GCC_541\Debug\Proj07_hamflyAPI_stateMachineUpgrade.a(UART_DEBUG.o)
                0x00007ff8                UART_DEBUG_Enable
 .text.UART_DEBUG_GetChar
                0x00008058       0x44 .\ARM_GCC_541\Debug\Proj07_hamflyAPI_stateMachineUpgrade.a(UART_DEBUG.o)
                0x00008058                UART_DEBUG_GetChar
 .text.UART_DEBUG_PutChar
                0x0000809c       0x34 .\ARM_GCC_541\Debug\Proj07_hamflyAPI_stateMachineUpgrade.a(UART_DEBUG.o)
                0x0000809c                UART_DEBUG_PutChar
 .text.UART_DEBUG_PutString
                0x000080d0       0x44 .\ARM_GCC_541\Debug\Proj07_hamflyAPI_stateMachineUpgrade.a(UART_DEBUG.o)
                0x000080d0                UART_DEBUG_PutString
 .text.UART_DEBUG_IntClock_Start
                0x00008114       0x34 .\ARM_GCC_541\Debug\Proj07_hamflyAPI_stateMachineUpgrade.a(UART_DEBUG_IntClock.o)
                0x00008114                UART_DEBUG_IntClock_Start
 .text.UART_SBC_Start
                0x00008148       0x24 .\ARM_GCC_541\Debug\Proj07_hamflyAPI_stateMachineUpgrade.a(UART_SBC.o)
                0x00008148                UART_SBC_Start
 .text.UART_SBC_Init
                0x0000816c       0x40 .\ARM_GCC_541\Debug\Proj07_hamflyAPI_stateMachineUpgrade.a(UART_SBC.o)
                0x0000816c                UART_SBC_Init
 .text.UART_SBC_Enable
                0x000081ac       0x60 .\ARM_GCC_541\Debug\Proj07_hamflyAPI_stateMachineUpgrade.a(UART_SBC.o)
                0x000081ac                UART_SBC_Enable
 .text.UART_SBC_ClearRxBuffer
                0x0000820c       0x44 .\ARM_GCC_541\Debug\Proj07_hamflyAPI_stateMachineUpgrade.a(UART_SBC.o)
                0x0000820c                UART_SBC_ClearRxBuffer
 .text.UART_SBC_PutChar
                0x00008250       0x34 .\ARM_GCC_541\Debug\Proj07_hamflyAPI_stateMachineUpgrade.a(UART_SBC.o)
                0x00008250                UART_SBC_PutChar
 .text.UART_SBC_ClearTxBuffer
                0x00008284       0x44 .\ARM_GCC_541\Debug\Proj07_hamflyAPI_stateMachineUpgrade.a(UART_SBC.o)
                0x00008284                UART_SBC_ClearTxBuffer
 .text.isr_rx_sbc_StartEx
                0x000082c8       0x24 .\ARM_GCC_541\Debug\Proj07_hamflyAPI_stateMachineUpgrade.a(isr_rx_sbc.o)
                0x000082c8                isr_rx_sbc_StartEx
 .text.isr_rx_sbc_SetVector
                0x000082ec       0x24 .\ARM_GCC_541\Debug\Proj07_hamflyAPI_stateMachineUpgrade.a(isr_rx_sbc.o)
                0x000082ec                isr_rx_sbc_SetVector
 .text.isr_rx_sbc_SetPriority
                0x00008310       0x24 .\ARM_GCC_541\Debug\Proj07_hamflyAPI_stateMachineUpgrade.a(isr_rx_sbc.o)
                0x00008310                isr_rx_sbc_SetPriority
 .text.isr_rx_sbc_Enable
                0x00008334       0x18 .\ARM_GCC_541\Debug\Proj07_hamflyAPI_stateMachineUpgrade.a(isr_rx_sbc.o)
                0x00008334                isr_rx_sbc_Enable
 .text.isr_rx_sbc_Disable
                0x0000834c       0x18 .\ARM_GCC_541\Debug\Proj07_hamflyAPI_stateMachineUpgrade.a(isr_rx_sbc.o)
                0x0000834c                isr_rx_sbc_Disable
 .text.UART_SBC_IntClock_Start
                0x00008364       0x34 .\ARM_GCC_541\Debug\Proj07_hamflyAPI_stateMachineUpgrade.a(UART_SBC_IntClock.o)
                0x00008364                UART_SBC_IntClock_Start
 .text          0x00008398       0x54 .\ARM_GCC_541\Debug\Proj07_hamflyAPI_stateMachineUpgrade.a(CyBootAsmGnu.o)
                0x00008398                CyDelayCycles
                0x000083d6                CyEnterCriticalSection
                0x000083de                CyExitCriticalSection
 .text.asinf    0x000083ec       0xa4 c:/program files (x86)/cypress/psoc creator/4.4/psoc creator/import/gnu/arm/5.4.1/bin/../lib/gcc/arm-none-eabi/5.4.1/../../../../arm-none-eabi/lib/armv7-m\libm.a(lib_a-wf_asin.o)
                0x000083ec                asinf
 .text.atan2f   0x00008490        0x4 c:/program files (x86)/cypress/psoc creator/4.4/psoc creator/import/gnu/arm/5.4.1/bin/../lib/gcc/arm-none-eabi/5.4.1/../../../../arm-none-eabi/lib/armv7-m\libm.a(lib_a-wf_atan2.o)
                0x00008490                atan2f
 .text.__ieee754_asinf
                0x00008494      0x294 c:/program files (x86)/cypress/psoc creator/4.4/psoc creator/import/gnu/arm/5.4.1/bin/../lib/gcc/arm-none-eabi/5.4.1/../../../../arm-none-eabi/lib/armv7-m\libm.a(lib_a-ef_asin.o)
                0x00008494                __ieee754_asinf
 .text.__ieee754_atan2f
                0x00008728      0x124 c:/program files (x86)/cypress/psoc creator/4.4/psoc creator/import/gnu/arm/5.4.1/bin/../lib/gcc/arm-none-eabi/5.4.1/../../../../arm-none-eabi/lib/armv7-m\libm.a(lib_a-ef_atan2.o)
                0x00008728                __ieee754_atan2f
 .text.__ieee754_sqrtf
                0x0000884c       0xa8 c:/program files (x86)/cypress/psoc creator/4.4/psoc creator/import/gnu/arm/5.4.1/bin/../lib/gcc/arm-none-eabi/5.4.1/../../../../arm-none-eabi/lib/armv7-m\libm.a(lib_a-ef_sqrt.o)
                0x0000884c                __ieee754_sqrtf
 .text.matherr  0x000088f4        0x4 c:/program files (x86)/cypress/psoc creator/4.4/psoc creator/import/gnu/arm/5.4.1/bin/../lib/gcc/arm-none-eabi/5.4.1/../../../../arm-none-eabi/lib/armv7-m\libm.a(lib_a-s_matherr.o)
                0x000088f4                matherr
 .text.nan      0x000088f8        0xc c:/program files (x86)/cypress/psoc creator/4.4/psoc creator/import/gnu/arm/5.4.1/bin/../lib/gcc/arm-none-eabi/5.4.1/../../../../arm-none-eabi/lib/armv7-m\libm.a(lib_a-s_nan.o)
                0x000088f8                nan
 .text.atanf    0x00008904      0x22c c:/program files (x86)/cypress/psoc creator/4.4/psoc creator/import/gnu/arm/5.4.1/bin/../lib/gcc/arm-none-eabi/5.4.1/../../../../arm-none-eabi/lib/armv7-m\libm.a(lib_a-sf_atan.o)
                0x00008904                atanf
 .text.fabsf    0x00008b30        0x8 c:/program files (x86)/cypress/psoc creator/4.4/psoc creator/import/gnu/arm/5.4.1/bin/../lib/gcc/arm-none-eabi/5.4.1/../../../../arm-none-eabi/lib/armv7-m\libm.a(lib_a-sf_fabs.o)
                0x00008b30                fabsf
 .text          0x00008b38      0x370 c:/program files (x86)/cypress/psoc creator/4.4/psoc creator/import/gnu/arm/5.4.1/bin/../lib/gcc/arm-none-eabi/5.4.1/armv7-m\libgcc.a(_arm_addsubdf3.o)
                0x00008b38                __aeabi_drsub
                0x00008b40                __aeabi_dsub
                0x00008b40                __subdf3
                0x00008b44                __aeabi_dadd
                0x00008b44                __adddf3
                0x00008dbc                __floatunsidf
                0x00008dbc                __aeabi_ui2d
                0x00008ddc                __floatsidf
                0x00008ddc                __aeabi_i2d
                0x00008e00                __aeabi_f2d
                0x00008e00                __extendsfdf2
                0x00008e3c                __floatundidf
                0x00008e3c                __aeabi_ul2d
                0x00008e4c                __floatdidf
                0x00008e4c                __aeabi_l2d
 .text          0x00008ea8      0x424 c:/program files (x86)/cypress/psoc creator/4.4/psoc creator/import/gnu/arm/5.4.1/bin/../lib/gcc/arm-none-eabi/5.4.1/armv7-m\libgcc.a(_arm_muldivdf3.o)
                0x00008ea8                __aeabi_dmul
                0x00008ea8                __muldf3
                0x000090fc                __divdf3
                0x000090fc                __aeabi_ddiv
 .text          0x000092cc      0x110 c:/program files (x86)/cypress/psoc creator/4.4/psoc creator/import/gnu/arm/5.4.1/bin/../lib/gcc/arm-none-eabi/5.4.1/armv7-m\libgcc.a(_arm_cmpdf2.o)
                0x000092cc                __gtdf2
                0x000092cc                __gedf2
                0x000092d4                __ltdf2
                0x000092d4                __ledf2
                0x000092dc                __nedf2
                0x000092dc                __eqdf2
                0x000092dc                __cmpdf2
                0x00009358                __aeabi_cdrcmple
                0x00009368                __aeabi_cdcmpeq
                0x00009368                __aeabi_cdcmple
                0x00009378                __aeabi_dcmpeq
                0x0000938c                __aeabi_dcmplt
                0x000093a0                __aeabi_dcmple
                0x000093b4                __aeabi_dcmpge
                0x000093c8                __aeabi_dcmpgt
 .text          0x000093dc       0x2c c:/program files (x86)/cypress/psoc creator/4.4/psoc creator/import/gnu/arm/5.4.1/bin/../lib/gcc/arm-none-eabi/5.4.1/armv7-m\libgcc.a(_arm_unorddf2.o)
                0x000093dc                __unorddf2
                0x000093dc                __aeabi_dcmpun
 .text          0x00009408       0x50 c:/program files (x86)/cypress/psoc creator/4.4/psoc creator/import/gnu/arm/5.4.1/bin/../lib/gcc/arm-none-eabi/5.4.1/armv7-m\libgcc.a(_arm_fixdfsi.o)
                0x00009408                __aeabi_d2iz
                0x00009408                __fixdfsi
 .text          0x00009458       0xa0 c:/program files (x86)/cypress/psoc creator/4.4/psoc creator/import/gnu/arm/5.4.1/bin/../lib/gcc/arm-none-eabi/5.4.1/armv7-m\libgcc.a(_arm_truncdfsf2.o)
                0x00009458                __truncdfsf2
                0x00009458                __aeabi_d2f
 .text          0x000094f8      0x21c c:/program files (x86)/cypress/psoc creator/4.4/psoc creator/import/gnu/arm/5.4.1/bin/../lib/gcc/arm-none-eabi/5.4.1/armv7-m\libgcc.a(_arm_addsubsf3.o)
                0x000094f8                __aeabi_frsub
                0x00009500                __subsf3
                0x00009500                __aeabi_fsub
                0x00009504                __aeabi_fadd
                0x00009504                __addsf3
                0x00009664                __aeabi_ui2f
                0x00009664                __floatunsisf
                0x0000966c                __aeabi_i2f
                0x0000966c                __floatsisf
                0x00009688                __aeabi_ul2f
                0x00009688                __floatundisf
                0x00009698                __aeabi_l2f
                0x00009698                __floatdisf
 .text          0x00009714      0x2a0 c:/program files (x86)/cypress/psoc creator/4.4/psoc creator/import/gnu/arm/5.4.1/bin/../lib/gcc/arm-none-eabi/5.4.1/armv7-m\libgcc.a(_arm_muldivsf3.o)
                0x00009714                __mulsf3
                0x00009714                __aeabi_fmul
                0x0000987c                __aeabi_fdiv
                0x0000987c                __divsf3
 .text          0x000099b4       0xec c:/program files (x86)/cypress/psoc creator/4.4/psoc creator/import/gnu/arm/5.4.1/bin/../lib/gcc/arm-none-eabi/5.4.1/armv7-m\libgcc.a(_arm_cmpsf2.o)
                0x000099b4                __gesf2
                0x000099b4                __gtsf2
                0x000099bc                __lesf2
                0x000099bc                __ltsf2
                0x000099c4                __nesf2
                0x000099c4                __eqsf2
                0x000099c4                __cmpsf2
                0x00009a24                __aeabi_cfrcmple
                0x00009a2c                __aeabi_cfcmpeq
                0x00009a2c                __aeabi_cfcmple
                0x00009a3c                __aeabi_fcmpeq
                0x00009a50                __aeabi_fcmplt
                0x00009a64                __aeabi_fcmple
                0x00009a78                __aeabi_fcmpge
                0x00009a8c                __aeabi_fcmpgt
 .text          0x00009aa0       0x2c c:/program files (x86)/cypress/psoc creator/4.4/psoc creator/import/gnu/arm/5.4.1/bin/../lib/gcc/arm-none-eabi/5.4.1/armv7-m\libgcc.a(_arm_unordsf2.o)
                0x00009aa0                __unordsf2
                0x00009aa0                __aeabi_fcmpun
 .text          0x00009acc       0x4c c:/program files (x86)/cypress/psoc creator/4.4/psoc creator/import/gnu/arm/5.4.1/bin/../lib/gcc/arm-none-eabi/5.4.1/armv7-m\libgcc.a(_arm_fixsfsi.o)
                0x00009acc                __aeabi_f2iz
                0x00009acc                __fixsfsi
 .text          0x00009b18       0x40 c:/program files (x86)/cypress/psoc creator/4.4/psoc creator/import/gnu/arm/5.4.1/bin/../lib/gcc/arm-none-eabi/5.4.1/armv7-m\libgcc.a(_arm_fixunssfsi.o)
                0x00009b18                __fixunssfsi
                0x00009b18                __aeabi_f2uiz
 .text.__errno  0x00009b58        0xc c:/program files (x86)/cypress/psoc creator/4.4/psoc creator/import/gnu/arm/5.4.1/bin/../lib/gcc/arm-none-eabi/5.4.1/../../../../arm-none-eabi/lib/armv7-m\libg_nano.a(lib_a-errno.o)
                0x00009b58                __errno
 .text.__libc_init_array
                0x00009b64       0x4c c:/program files (x86)/cypress/psoc creator/4.4/psoc creator/import/gnu/arm/5.4.1/bin/../lib/gcc/arm-none-eabi/5.4.1/../../../../arm-none-eabi/lib/armv7-m\libg_nano.a(lib_a-init.o)
                0x00009b64                __libc_init_array
 .text.memcpy   0x00009bb0       0x16 c:/program files (x86)/cypress/psoc creator/4.4/psoc creator/import/gnu/arm/5.4.1/bin/../lib/gcc/arm-none-eabi/5.4.1/../../../../arm-none-eabi/lib/armv7-m\libg_nano.a(lib_a-memcpy-stub.o)
                0x00009bb0                memcpy
 .text.memset   0x00009bc6       0x10 c:/program files (x86)/cypress/psoc creator/4.4/psoc creator/import/gnu/arm/5.4.1/bin/../lib/gcc/arm-none-eabi/5.4.1/../../../../arm-none-eabi/lib/armv7-m\libg_nano.a(lib_a-memset.o)
                0x00009bc6                memset
 .text.__cvt    0x00009bd6       0xc0 c:/program files (x86)/cypress/psoc creator/4.4/psoc creator/import/gnu/arm/5.4.1/bin/../lib/gcc/arm-none-eabi/5.4.1/../../../../arm-none-eabi/lib/armv7-m\libg_nano.a(lib_a-nano-vfprintf_float.o)
                0x00009bd6                __cvt
 .text.__exponent
                0x00009c96       0x62 c:/program files (x86)/cypress/psoc creator/4.4/psoc creator/import/gnu/arm/5.4.1/bin/../lib/gcc/arm-none-eabi/5.4.1/../../../../arm-none-eabi/lib/armv7-m\libg_nano.a(lib_a-nano-vfprintf_float.o)
                0x00009c96                __exponent
 .text._printf_float
                0x00009cf8      0x488 c:/program files (x86)/cypress/psoc creator/4.4/psoc creator/import/gnu/arm/5.4.1/bin/../lib/gcc/arm-none-eabi/5.4.1/../../../../arm-none-eabi/lib/armv7-m\libg_nano.a(lib_a-nano-vfprintf_float.o)
                0x00009cf8                _printf_float
 .text._printf_common
                0x0000a180       0xec c:/program files (x86)/cypress/psoc creator/4.4/psoc creator/import/gnu/arm/5.4.1/bin/../lib/gcc/arm-none-eabi/5.4.1/../../../../arm-none-eabi/lib/armv7-m\libg_nano.a(lib_a-nano-vfprintf_i.o)
                0x0000a180                _printf_common
 .text._printf_i
                0x0000a26c      0x24c c:/program files (x86)/cypress/psoc creator/4.4/psoc creator/import/gnu/arm/5.4.1/bin/../lib/gcc/arm-none-eabi/5.4.1/../../../../arm-none-eabi/lib/armv7-m\libg_nano.a(lib_a-nano-vfprintf_i.o)
                0x0000a26c                _printf_i
 .text.snprintf
                0x0000a4b8       0x64 c:/program files (x86)/cypress/psoc creator/4.4/psoc creator/import/gnu/arm/5.4.1/bin/../lib/gcc/arm-none-eabi/5.4.1/../../../../arm-none-eabi/lib/armv7-m\libg_nano.a(lib_a-snprintf.o)
                0x0000a4b8                sniprintf
                0x0000a4b8                snprintf
 .text          0x0000a51c       0x10 c:/program files (x86)/cypress/psoc creator/4.4/psoc creator/import/gnu/arm/5.4.1/bin/../lib/gcc/arm-none-eabi/5.4.1/../../../../arm-none-eabi/lib/armv7-m\libg_nano.a(lib_a-strlen.o)
                0x0000a51c                strlen
 .text.quorem   0x0000a52c      0x116 c:/program files (x86)/cypress/psoc creator/4.4/psoc creator/import/gnu/arm/5.4.1/bin/../lib/gcc/arm-none-eabi/5.4.1/../../../../arm-none-eabi/lib/armv7-m\libg_nano.a(lib_a-dtoa.o)
 *fill*         0x0000a642        0x6 
 .text._dtoa_r  0x0000a648      0xb30 c:/program files (x86)/cypress/psoc creator/4.4/psoc creator/import/gnu/arm/5.4.1/bin/../lib/gcc/arm-none-eabi/5.4.1/../../../../arm-none-eabi/lib/armv7-m\libg_nano.a(lib_a-dtoa.o)
                0x0000a648                _dtoa_r
 .text._localeconv_r
                0x0000b178        0x8 c:/program files (x86)/cypress/psoc creator/4.4/psoc creator/import/gnu/arm/5.4.1/bin/../lib/gcc/arm-none-eabi/5.4.1/../../../../arm-none-eabi/lib/armv7-m\libg_nano.a(lib_a-locale.o)
                0x0000b178                _localeconv_r
 .text.malloc   0x0000b180       0x10 c:/program files (x86)/cypress/psoc creator/4.4/psoc creator/import/gnu/arm/5.4.1/bin/../lib/gcc/arm-none-eabi/5.4.1/../../../../arm-none-eabi/lib/armv7-m\libg_nano.a(lib_a-malloc.o)
                0x0000b180                malloc
 .text.memchr   0x0000b190       0x1c c:/program files (x86)/cypress/psoc creator/4.4/psoc creator/import/gnu/arm/5.4.1/bin/../lib/gcc/arm-none-eabi/5.4.1/../../../../arm-none-eabi/lib/armv7-m\libg_nano.a(lib_a-memchr-stub.o)
                0x0000b190                memchr
 .text._Balloc  0x0000b1ac       0x6a c:/program files (x86)/cypress/psoc creator/4.4/psoc creator/import/gnu/arm/5.4.1/bin/../lib/gcc/arm-none-eabi/5.4.1/../../../../arm-none-eabi/lib/armv7-m\libg_nano.a(lib_a-mprec.o)
                0x0000b1ac                _Balloc
 .text._Bfree   0x0000b216       0x2e c:/program files (x86)/cypress/psoc creator/4.4/psoc creator/import/gnu/arm/5.4.1/bin/../lib/gcc/arm-none-eabi/5.4.1/../../../../arm-none-eabi/lib/armv7-m\libg_nano.a(lib_a-mprec.o)
                0x0000b216                _Bfree
 .text.__multadd
                0x0000b244       0x76 c:/program files (x86)/cypress/psoc creator/4.4/psoc creator/import/gnu/arm/5.4.1/bin/../lib/gcc/arm-none-eabi/5.4.1/../../../../arm-none-eabi/lib/armv7-m\libg_nano.a(lib_a-mprec.o)
                0x0000b244                __multadd
 .text.__hi0bits
                0x0000b2ba       0x40 c:/program files (x86)/cypress/psoc creator/4.4/psoc creator/import/gnu/arm/5.4.1/bin/../lib/gcc/arm-none-eabi/5.4.1/../../../../arm-none-eabi/lib/armv7-m\libg_nano.a(lib_a-mprec.o)
                0x0000b2ba                __hi0bits
 .text.__lo0bits
                0x0000b2fa       0x5a c:/program files (x86)/cypress/psoc creator/4.4/psoc creator/import/gnu/arm/5.4.1/bin/../lib/gcc/arm-none-eabi/5.4.1/../../../../arm-none-eabi/lib/armv7-m\libg_nano.a(lib_a-mprec.o)
                0x0000b2fa                __lo0bits
 .text.__i2b    0x0000b354       0x12 c:/program files (x86)/cypress/psoc creator/4.4/psoc creator/import/gnu/arm/5.4.1/bin/../lib/gcc/arm-none-eabi/5.4.1/../../../../arm-none-eabi/lib/armv7-m\libg_nano.a(lib_a-mprec.o)
                0x0000b354                __i2b
 .text.__multiply
                0x0000b366      0x120 c:/program files (x86)/cypress/psoc creator/4.4/psoc creator/import/gnu/arm/5.4.1/bin/../lib/gcc/arm-none-eabi/5.4.1/../../../../arm-none-eabi/lib/armv7-m\libg_nano.a(lib_a-mprec.o)
                0x0000b366                __multiply
 *fill*         0x0000b486        0x2 
 .text.__pow5mult
                0x0000b488       0x9c c:/program files (x86)/cypress/psoc creator/4.4/psoc creator/import/gnu/arm/5.4.1/bin/../lib/gcc/arm-none-eabi/5.4.1/../../../../arm-none-eabi/lib/armv7-m\libg_nano.a(lib_a-mprec.o)
                0x0000b488                __pow5mult
 .text.__lshift
                0x0000b524       0xa2 c:/program files (x86)/cypress/psoc creator/4.4/psoc creator/import/gnu/arm/5.4.1/bin/../lib/gcc/arm-none-eabi/5.4.1/../../../../arm-none-eabi/lib/armv7-m\libg_nano.a(lib_a-mprec.o)
                0x0000b524                __lshift
 .text.__mcmp   0x0000b5c6       0x38 c:/program files (x86)/cypress/psoc creator/4.4/psoc creator/import/gnu/arm/5.4.1/bin/../lib/gcc/arm-none-eabi/5.4.1/../../../../arm-none-eabi/lib/armv7-m\libg_nano.a(lib_a-mprec.o)
                0x0000b5c6                __mcmp
 .text.__mdiff  0x0000b5fe       0xbe c:/program files (x86)/cypress/psoc creator/4.4/psoc creator/import/gnu/arm/5.4.1/bin/../lib/gcc/arm-none-eabi/5.4.1/../../../../arm-none-eabi/lib/armv7-m\libg_nano.a(lib_a-mprec.o)
                0x0000b5fe                __mdiff
 .text.__d2b    0x0000b6bc       0x9c c:/program files (x86)/cypress/psoc creator/4.4/psoc creator/import/gnu/arm/5.4.1/bin/../lib/gcc/arm-none-eabi/5.4.1/../../../../arm-none-eabi/lib/armv7-m\libg_nano.a(lib_a-mprec.o)
                0x0000b6bc                __d2b
 .text._calloc_r
                0x0000b758       0x1c c:/program files (x86)/cypress/psoc creator/4.4/psoc creator/import/gnu/arm/5.4.1/bin/../lib/gcc/arm-none-eabi/5.4.1/../../../../arm-none-eabi/lib/armv7-m\libg_nano.a(lib_a-nano-callocr.o)
                0x0000b758                _calloc_r
 .text._free_r  0x0000b774       0x98 c:/program files (x86)/cypress/psoc creator/4.4/psoc creator/import/gnu/arm/5.4.1/bin/../lib/gcc/arm-none-eabi/5.4.1/../../../../arm-none-eabi/lib/armv7-m\libg_nano.a(lib_a-nano-freer.o)
                0x0000b774                _free_r
 .text._malloc_r
                0x0000b80c       0xbc c:/program files (x86)/cypress/psoc creator/4.4/psoc creator/import/gnu/arm/5.4.1/bin/../lib/gcc/arm-none-eabi/5.4.1/../../../../arm-none-eabi/lib/armv7-m\libg_nano.a(lib_a-nano-mallocr.o)
                0x0000b80c                _malloc_r
 .text.__ssputs_r
                0x0000b8c8       0xb2 c:/program files (x86)/cypress/psoc creator/4.4/psoc creator/import/gnu/arm/5.4.1/bin/../lib/gcc/arm-none-eabi/5.4.1/../../../../arm-none-eabi/lib/armv7-m\libg_nano.a(lib_a-nano-svfprintf.o)
                0x0000b8c8                __ssputs_r
 *fill*         0x0000b97a        0x2 
 .text._svfprintf_r
                0x0000b97c      0x1e8 c:/program files (x86)/cypress/psoc creator/4.4/psoc creator/import/gnu/arm/5.4.1/bin/../lib/gcc/arm-none-eabi/5.4.1/../../../../arm-none-eabi/lib/armv7-m\libg_nano.a(lib_a-nano-svfprintf.o)
                0x0000b97c                _svfiprintf_r
                0x0000b97c                _svfprintf_r
 .text._sbrk_r  0x0000bb64       0x20 c:/program files (x86)/cypress/psoc creator/4.4/psoc creator/import/gnu/arm/5.4.1/bin/../lib/gcc/arm-none-eabi/5.4.1/../../../../arm-none-eabi/lib/armv7-m\libg_nano.a(lib_a-sbrkr.o)
                0x0000bb64                _sbrk_r
 .text.memmove  0x0000bb84       0x36 c:/program files (x86)/cypress/psoc creator/4.4/psoc creator/import/gnu/arm/5.4.1/bin/../lib/gcc/arm-none-eabi/5.4.1/../../../../arm-none-eabi/lib/armv7-m\libg_nano.a(lib_a-memmove.o)
                0x0000bb84                memmove
 .text.__malloc_lock
                0x0000bbba        0x2 c:/program files (x86)/cypress/psoc creator/4.4/psoc creator/import/gnu/arm/5.4.1/bin/../lib/gcc/arm-none-eabi/5.4.1/../../../../arm-none-eabi/lib/armv7-m\libg_nano.a(lib_a-mlock.o)
                0x0000bbba                __malloc_lock
 .text.__malloc_unlock
                0x0000bbbc        0x2 c:/program files (x86)/cypress/psoc creator/4.4/psoc creator/import/gnu/arm/5.4.1/bin/../lib/gcc/arm-none-eabi/5.4.1/../../../../arm-none-eabi/lib/armv7-m\libg_nano.a(lib_a-mlock.o)
                0x0000bbbc                __malloc_unlock
 .text._realloc_r
                0x0000bbbe       0x4c c:/program files (x86)/cypress/psoc creator/4.4/psoc creator/import/gnu/arm/5.4.1/bin/../lib/gcc/arm-none-eabi/5.4.1/../../../../arm-none-eabi/lib/armv7-m\libg_nano.a(lib_a-nano-reallocr.o)
                0x0000bbbe                _realloc_r
 .text._malloc_usable_size_r
                0x0000bc0a       0x14 c:/program files (x86)/cypress/psoc creator/4.4/psoc creator/import/gnu/arm/5.4.1/bin/../lib/gcc/arm-none-eabi/5.4.1/../../../../arm-none-eabi/lib/armv7-m\libg_nano.a(lib_a-nano-msizer.o)
                0x0000bc0a                _malloc_usable_size_r
 *(.plt)
 *(.gnu.warning)
 *(.glue_7t)
 .glue_7t       0x0000bc1e        0x0 linker stubs
 *(.glue_7)
 .glue_7        0x0000bc1e        0x0 linker stubs
 *(.vfp11_veneer)
 .vfp11_veneer  0x0000bc1e        0x0 linker stubs
 *(.bootloader)
 *(.ARM.extab* .gnu.linkonce.armextab.*)
 *(.gcc_except_table)

.v4_bx          0x0000bc20        0x0
 .v4_bx         0x0000bc20        0x0 linker stubs

.iplt           0x0000bc20        0x0
 .iplt          0x0000bc20        0x0 c:/program files (x86)/cypress/psoc creator/4.4/psoc creator/import/gnu/arm/5.4.1/bin/../lib/gcc/arm-none-eabi/5.4.1/armv7-m/crtbegin.o

.eh_frame_hdr
 *(.eh_frame_hdr)

.eh_frame       0x0000bc20        0x4
 *(.eh_frame)
 .eh_frame      0x0000bc20        0x0 c:/program files (x86)/cypress/psoc creator/4.4/psoc creator/import/gnu/arm/5.4.1/bin/../lib/gcc/arm-none-eabi/5.4.1/armv7-m/crtbegin.o
 .eh_frame      0x0000bc20        0x4 c:/program files (x86)/cypress/psoc creator/4.4/psoc creator/import/gnu/arm/5.4.1/bin/../lib/gcc/arm-none-eabi/5.4.1/armv7-m/crtend.o
                [!provide]                PROVIDE (__exidx_start, .)

.ARM.exidx
 *(.ARM.exidx* .gnu.linkonce.armexidx.*)
                0x0000bc24                __exidx_end = .

.rodata         0x0000bc28      0xa48
 *(.rodata .rodata.* .gnu.linkonce.r.*)
 .rodata        0x0000bc28      0x23e .\ARM_GCC_541\Debug\main.o
 *fill*         0x0000be66        0x2 
 .rodata        0x0000be68      0x4e6 .\ARM_GCC_541\Debug\app_statemachine.o
 *fill*         0x0000c34e        0x2 
 .rodata        0x0000c350      0x100 .\ARM_GCC_541\Debug\sbc_comms.o
 .rodata        0x0000c450        0x4 .\ARM_GCC_541\Debug\hamfly_core_telemetry.o
 .rodata        0x0000c454       0x56 .\ARM_GCC_541\Debug\cyfitter_cfg.o
                0x0000c454                AMux_1__addrTable
                0x0000c464                AMux_1__maskTable
                0x0000c468                ADC_DelSig_1_AMux__addrTable
                0x0000c470                ADC_DelSig_1_AMux__maskTable
 *fill*         0x0000c4aa        0x2 
 .rodata.str1.4
                0x0000c4ac        0xc c:/program files (x86)/cypress/psoc creator/4.4/psoc creator/import/gnu/arm/5.4.1/bin/../lib/gcc/arm-none-eabi/5.4.1/../../../../arm-none-eabi/lib/armv7-m\libm.a(lib_a-wf_asin.o)
                                  0x9 (size before relaxing)
 .rodata.atanlo
                0x0000c4b8       0x10 c:/program files (x86)/cypress/psoc creator/4.4/psoc creator/import/gnu/arm/5.4.1/bin/../lib/gcc/arm-none-eabi/5.4.1/../../../../arm-none-eabi/lib/armv7-m\libm.a(lib_a-sf_atan.o)
 .rodata.atanhi
                0x0000c4c8       0x10 c:/program files (x86)/cypress/psoc creator/4.4/psoc creator/import/gnu/arm/5.4.1/bin/../lib/gcc/arm-none-eabi/5.4.1/../../../../arm-none-eabi/lib/armv7-m\libm.a(lib_a-sf_atan.o)
 .rodata.str1.1
                0x0000c4d8        0x2 c:/program files (x86)/cypress/psoc creator/4.4/psoc creator/import/gnu/arm/5.4.1/bin/../lib/gcc/arm-none-eabi/5.4.1/../../../../arm-none-eabi/lib/armv7-m\libg_nano.a(lib_a-impure.o)
 .rodata.str1.1
                0x0000c4da       0x12 c:/program files (x86)/cypress/psoc creator/4.4/psoc creator/import/gnu/arm/5.4.1/bin/../lib/gcc/arm-none-eabi/5.4.1/../../../../arm-none-eabi/lib/armv7-m\libg_nano.a(lib_a-nano-vfprintf_float.o)
 .rodata.str1.1
                0x0000c4ec       0x22 c:/program files (x86)/cypress/psoc creator/4.4/psoc creator/import/gnu/arm/5.4.1/bin/../lib/gcc/arm-none-eabi/5.4.1/../../../../arm-none-eabi/lib/armv7-m\libg_nano.a(lib_a-nano-vfprintf_i.o)
 .rodata.str1.1
                0x0000c50e        0xd c:/program files (x86)/cypress/psoc creator/4.4/psoc creator/import/gnu/arm/5.4.1/bin/../lib/gcc/arm-none-eabi/5.4.1/../../../../arm-none-eabi/lib/armv7-m\libg_nano.a(lib_a-dtoa.o)
                                  0xf (size before relaxing)
 .rodata.str1.1
                0x0000c51b        0x8 c:/program files (x86)/cypress/psoc creator/4.4/psoc creator/import/gnu/arm/5.4.1/bin/../lib/gcc/arm-none-eabi/5.4.1/../../../../arm-none-eabi/lib/armv7-m\libg_nano.a(lib_a-locale.o)
                                  0xb (size before relaxing)
 *fill*         0x0000c523        0x5 
 .rodata.__mprec_tens
                0x0000c528       0xc8 c:/program files (x86)/cypress/psoc creator/4.4/psoc creator/import/gnu/arm/5.4.1/bin/../lib/gcc/arm-none-eabi/5.4.1/../../../../arm-none-eabi/lib/armv7-m\libg_nano.a(lib_a-mprec.o)
                0x0000c528                __mprec_tens
 .rodata.p05.5408
                0x0000c5f0        0xc c:/program files (x86)/cypress/psoc creator/4.4/psoc creator/import/gnu/arm/5.4.1/bin/../lib/gcc/arm-none-eabi/5.4.1/../../../../arm-none-eabi/lib/armv7-m\libg_nano.a(lib_a-mprec.o)
 *fill*         0x0000c5fc        0x4 
 .rodata.__mprec_bigtens
                0x0000c600       0x28 c:/program files (x86)/cypress/psoc creator/4.4/psoc creator/import/gnu/arm/5.4.1/bin/../lib/gcc/arm-none-eabi/5.4.1/../../../../arm-none-eabi/lib/armv7-m\libg_nano.a(lib_a-mprec.o)
                0x0000c600                __mprec_bigtens
 .rodata.str1.1
                0x0000c628       0x11 c:/program files (x86)/cypress/psoc creator/4.4/psoc creator/import/gnu/arm/5.4.1/bin/../lib/gcc/arm-none-eabi/5.4.1/../../../../arm-none-eabi/lib/armv7-m\libg_nano.a(lib_a-nano-svfprintf.o)
                0x0000c63c                . = ALIGN (0x4)
 *fill*         0x0000c639        0x3 
 *(.init)
 .init          0x0000c63c        0x4 c:/program files (x86)/cypress/psoc creator/4.4/psoc creator/import/gnu/arm/5.4.1/bin/../lib/gcc/arm-none-eabi/5.4.1/armv7-m/crti.o
                0x0000c63c                _init
 .init          0x0000c640        0x8 c:/program files (x86)/cypress/psoc creator/4.4/psoc creator/import/gnu/arm/5.4.1/bin/../lib/gcc/arm-none-eabi/5.4.1/armv7-m/crtn.o
                0x0000c648                . = ALIGN (0x4)
                0x0000c648                __preinit_array_start = .
 *(.preinit_array)
                0x0000c648                __preinit_array_end = .
                0x0000c648                . = ALIGN (0x4)
                0x0000c648                __init_array_start = .
 *(SORT(.init_array.*))
 *(.init_array)
 .init_array    0x0000c648        0x4 c:/program files (x86)/cypress/psoc creator/4.4/psoc creator/import/gnu/arm/5.4.1/bin/../lib/gcc/arm-none-eabi/5.4.1/armv7-m/crtbegin.o
 .init_array    0x0000c64c        0x4 .\ARM_GCC_541\Debug\Cm3Start.o
                0x0000c650                __init_array_end = .
                0x0000c650                . = ALIGN (0x4)
 *(.fini)
 .fini          0x0000c650        0x4 c:/program files (x86)/cypress/psoc creator/4.4/psoc creator/import/gnu/arm/5.4.1/bin/../lib/gcc/arm-none-eabi/5.4.1/armv7-m/crti.o
                0x0000c650                _fini
 .fini          0x0000c654        0x8 c:/program files (x86)/cypress/psoc creator/4.4/psoc creator/import/gnu/arm/5.4.1/bin/../lib/gcc/arm-none-eabi/5.4.1/armv7-m/crtn.o
                0x0000c65c                . = ALIGN (0x4)
                0x0000c65c                __fini_array_start = .
 *(.fini_array)
 .fini_array    0x0000c65c        0x4 c:/program files (x86)/cypress/psoc creator/4.4/psoc creator/import/gnu/arm/5.4.1/bin/../lib/gcc/arm-none-eabi/5.4.1/armv7-m/crtbegin.o
 *(SORT(.fini_array.*))
                0x0000c660                __fini_array_end = .
                0x0000c660                . = ALIGN (0x4)
 *crtbegin.o(.ctors)
 *(EXCLUDE_FILE(*crtend.o) .ctors)
 *(SORT(.ctors.*))
 *crtend.o(.ctors)
                0x0000c660                . = ALIGN (0x4)
 *crtbegin.o(.dtors)
 *(EXCLUDE_FILE(*crtend.o) .dtors)
 *(SORT(.dtors.*))
 *crtend.o(.dtors)
                0x0000c660                . = ALIGN (0x4)
                0x0000c660                __cy_regions = .
                0x0000c660        0x4 LONG 0xc670 __cy_region_init_ram
                0x0000c664        0x4 LONG 0x1fff80c8 __cy_region_start_data
                0x0000c668        0x4 LONG 0x170 __cy_region_init_size_ram
                0x0000c66c        0x4 LONG 0x550 __cy_region_zero_size_ram
                0x0000c670                __cy_regions_end = .
                0x0000c670                . = ALIGN (0x8)
                0x0000c670                _etext = .

.cy_checksum_exclude
                0x0000c670        0x0
 *(.cy_checksum_exclude)

.ramvectors     0x1fff8000       0xc0
                0x1fff8000                __cy_region_start_ram = .
 *(.ramvectors)
 .ramvectors    0x1fff8000       0xc0 .\ARM_GCC_541\Debug\Cm3Start.o
                0x1fff8000                CyRamVectors

.noinit         0x1fff80c0        0x5
 *(.noinit)
 .noinit        0x1fff80c0        0x4 .\ARM_GCC_541\Debug\Cm3Start.o
 .noinit        0x1fff80c4        0x1 .\ARM_GCC_541\Debug\Proj07_hamflyAPI_stateMachineUpgrade.a(CyLib.o)
                0x1fff80c4                CyResetStatus

.data           0x1fff80c8      0x170 load address 0x0000c670
                0x1fff80c8                __cy_region_start_data = .
 *(.jcr)
 .jcr           0x1fff80c8        0x0 c:/program files (x86)/cypress/psoc creator/4.4/psoc creator/import/gnu/arm/5.4.1/bin/../lib/gcc/arm-none-eabi/5.4.1/armv7-m/crtbegin.o
 .jcr           0x1fff80c8        0x4 c:/program files (x86)/cypress/psoc creator/4.4/psoc creator/import/gnu/arm/5.4.1/bin/../lib/gcc/arm-none-eabi/5.4.1/armv7-m/crtend.o
 *(.got.plt)
 *(.got)
 *(.shdata)
 *(.data .data.* .gnu.linkonce.d.*)
 .data          0x1fff80cc        0x4 .\ARM_GCC_541\Debug\joystick.o
 .data          0x1fff80d0        0x8 .\ARM_GCC_541\Debug\app_statemachine.o
 .data          0x1fff80d8       0x30 .\ARM_GCC_541\Debug\telemetry.o
 .data          0x1fff8108       0x74 .\ARM_GCC_541\Debug\hamfly_qx_app.o
                0x1fff8108                FreeflyAPI
 .data          0x1fff817c        0x4 .\ARM_GCC_541\Debug\Cm3Start.o
 .data          0x1fff8180        0x1 .\ARM_GCC_541\Debug\Proj07_hamflyAPI_stateMachineUpgrade.a(ADC_DelSig_1.o)
                0x1fff8180                ADC_DelSig_1_Config
 .data          0x1fff8181        0x1 .\ARM_GCC_541\Debug\Proj07_hamflyAPI_stateMachineUpgrade.a(AMux_1.o)
 .data          0x1fff8182        0x1 .\ARM_GCC_541\Debug\Proj07_hamflyAPI_stateMachineUpgrade.a(ADC_DelSig_1_AMux.o)
 *fill*         0x1fff8183        0x1 
 .data          0x1fff8184       0x10 .\ARM_GCC_541\Debug\Proj07_hamflyAPI_stateMachineUpgrade.a(CyLib.o)
                0x1fff8184                cydelay_freq_hz
                0x1fff8188                cydelay_freq_khz
                0x1fff818c                cydelay_freq_mhz
                0x1fff8190                cydelay_32k_ms
 .data.__fdlib_version
                0x1fff8194        0x1 c:/program files (x86)/cypress/psoc creator/4.4/psoc creator/import/gnu/arm/5.4.1/bin/../lib/gcc/arm-none-eabi/5.4.1/../../../../arm-none-eabi/lib/armv7-m\libm.a(lib_a-s_lib_ver.o)
                0x1fff8194                __fdlib_version
 *fill*         0x1fff8195        0x3 
 .data.impure_data
                0x1fff8198       0x60 c:/program files (x86)/cypress/psoc creator/4.4/psoc creator/import/gnu/arm/5.4.1/bin/../lib/gcc/arm-none-eabi/5.4.1/../../../../arm-none-eabi/lib/armv7-m\libg_nano.a(lib_a-impure.o)
 .data._impure_ptr
                0x1fff81f8        0x4 c:/program files (x86)/cypress/psoc creator/4.4/psoc creator/import/gnu/arm/5.4.1/bin/../lib/gcc/arm-none-eabi/5.4.1/../../../../arm-none-eabi/lib/armv7-m\libg_nano.a(lib_a-impure.o)
                0x1fff81f8                _impure_ptr
 .data.lconv    0x1fff81fc       0x38 c:/program files (x86)/cypress/psoc creator/4.4/psoc creator/import/gnu/arm/5.4.1/bin/../lib/gcc/arm-none-eabi/5.4.1/../../../../arm-none-eabi/lib/armv7-m\libg_nano.a(lib_a-locale.o)
                0x1fff8238                . = ALIGN (0x8)
 *fill*         0x1fff8234        0x4 
 *(.ram)
                0x1fff8238                _edata = .

.igot.plt       0x1fff8238        0x0 load address 0x0000c7e0
 .igot.plt      0x1fff8238        0x0 c:/program files (x86)/cypress/psoc creator/4.4/psoc creator/import/gnu/arm/5.4.1/bin/../lib/gcc/arm-none-eabi/5.4.1/armv7-m/crtbegin.o

.bss            0x1fff8238      0x550 load address 0x0000c7e0
                0x1fff8238                PROVIDE (__bss_start__, .)
 *(.shbss)
 *(.bss .bss.* .gnu.linkonce.b.*)
 .bss           0x1fff8238       0x1c c:/program files (x86)/cypress/psoc creator/4.4/psoc creator/import/gnu/arm/5.4.1/bin/../lib/gcc/arm-none-eabi/5.4.1/armv7-m/crtbegin.o
 .bss           0x1fff8254      0x384 .\ARM_GCC_541\Debug\main.o
                0x1fff85d4                g_tick_ms
 .bss           0x1fff85d8        0x8 .\ARM_GCC_541\Debug\adc_balanced.o
 .bss           0x1fff85e0       0x42 .\ARM_GCC_541\Debug\joystick.o
 *fill*         0x1fff8622        0x2 
 .bss           0x1fff8624        0x8 .\ARM_GCC_541\Debug\app_statemachine.o
 .bss           0x1fff862c       0x78 .\ARM_GCC_541\Debug\sbc_comms.o
 .bss           0x1fff86a4        0x4 .\ARM_GCC_541\Debug\hamfly_qx_app.o
                0x1fff86a4                qx_active_gimbal_ptr
 .bss           0x1fff86a8        0x9 .\ARM_GCC_541\Debug\hamfly_qx_protocol.o
                0x1fff86a8                QX_BuildHeader_Legacy
                0x1fff86ac                QX_ParseHeader_Legacy
 *fill*         0x1fff86b1        0x3 
 .bss           0x1fff86b4        0xc .\ARM_GCC_541\Debug\Proj07_hamflyAPI_stateMachineUpgrade.a(ADC_DelSig_1.o)
                0x1fff86b4                ADC_DelSig_1_convDone
                0x1fff86b5                ADC_DelSig_1_stopConversion
                0x1fff86b6                ADC_DelSig_1_initVar
                0x1fff86b7                ADC_DelSig_1_started
                0x1fff86b8                ADC_DelSig_1_Offset
 .bss           0x1fff86c0        0x2 .\ARM_GCC_541\Debug\Proj07_hamflyAPI_stateMachineUpgrade.a(UART_MOVI.o)
                0x1fff86c0                UART_MOVI_initVar
 .bss           0x1fff86c2        0x1 .\ARM_GCC_541\Debug\Proj07_hamflyAPI_stateMachineUpgrade.a(Looptimer.o)
                0x1fff86c2                Looptimer_initVar
 *fill*         0x1fff86c3        0x1 
 .bss           0x1fff86c4        0x8 .\ARM_GCC_541\Debug\Proj07_hamflyAPI_stateMachineUpgrade.a(CySpc.o)
                0x1fff86c4                SpcLockState
 .bss           0x1fff86cc        0x2 .\ARM_GCC_541\Debug\Proj07_hamflyAPI_stateMachineUpgrade.a(UART_DEBUG.o)
                0x1fff86cc                UART_DEBUG_initVar
 .bss           0x1fff86ce        0x2 .\ARM_GCC_541\Debug\Proj07_hamflyAPI_stateMachineUpgrade.a(UART_SBC.o)
                0x1fff86ce                UART_SBC_initVar
 .bss.__malloc_sbrk_start
                0x1fff86d0        0x4 c:/program files (x86)/cypress/psoc creator/4.4/psoc creator/import/gnu/arm/5.4.1/bin/../lib/gcc/arm-none-eabi/5.4.1/../../../../arm-none-eabi/lib/armv7-m\libg_nano.a(lib_a-nano-mallocr.o)
                0x1fff86d0                __malloc_sbrk_start
 .bss.__malloc_free_list
                0x1fff86d4        0x4 c:/program files (x86)/cypress/psoc creator/4.4/psoc creator/import/gnu/arm/5.4.1/bin/../lib/gcc/arm-none-eabi/5.4.1/../../../../arm-none-eabi/lib/armv7-m\libg_nano.a(lib_a-nano-mallocr.o)
                0x1fff86d4                __malloc_free_list
 *(COMMON)
 COMMON         0x1fff86d8       0xa4 .\ARM_GCC_541\Debug\hamfly_qx_protocol.o
                0x1fff86d8                rw
                0x1fff86dc                QX_Clients
                0x1fff86e4                QX_CommsPorts
                0x1fff8770                QX_Servers
                0x1fff8778                msgPtr
 COMMON         0x1fff877c        0x4 .\ARM_GCC_541\Debug\Proj07_hamflyAPI_stateMachineUpgrade.a(ADC_DelSig_1.o)
                0x1fff877c                ADC_DelSig_1_CountsPerVolt
 COMMON         0x1fff8780        0x2 .\ARM_GCC_541\Debug\Proj07_hamflyAPI_stateMachineUpgrade.a(CyFlash.o)
                0x1fff8780                dieTemperature
 *fill*         0x1fff8782        0x2 
 COMMON         0x1fff8784        0x4 c:/program files (x86)/cypress/psoc creator/4.4/psoc creator/import/gnu/arm/5.4.1/bin/../lib/gcc/arm-none-eabi/5.4.1/../../../../arm-none-eabi/lib/armv7-m\libg_nano.a(lib_a-reent.o)
                0x1fff8784                errno
                0x1fff8788                . = ALIGN (0x8)
 *(.ram.b)
                0x1fff8788                _end = .
                0x1fff8788                __end = .
                0x1fff8788                PROVIDE (end, .)
                0x1fff8788                PROVIDE (__bss_end__, .)
                0x0000c670                __cy_region_init_ram = LOADADDR (.data)
                0x00000170                __cy_region_init_size_ram = (_edata - ADDR (.data))
                0x00000550                __cy_region_zero_size_ram = (_end - _edata)

.heap           0x1fff8788       0x80 load address 0x0000c7e0
                0x1fff8788                . = _end
                0x1fff8808                . = (. + 0x80)
 *fill*         0x1fff8788       0x80 
                0x1fff8808                __cy_heap_limit = .

.stack          0x20007800      0x800
                0x20007800                __cy_stack_limit = .
                0x20008000                . = (. + 0x800)
 *fill*         0x20007800      0x800 
                0x00000001                ASSERT ((__cy_stack_limit >= __cy_heap_limit), region RAM overflowed with stack)
                0x00000000                cy_checksum_exclude_size = (CY_APPL_LOADABLE == 0x1)?SIZEOF (.cy_checksum_exclude):0x0
                0x00000001                ASSERT ((cy_checksum_exclude_size <= CY_CHECKSUM_EXCLUDE_SIZE), CY_BOOT: Section .cy_checksum_exclude size exceedes specified limit.)

.cyloadermeta
 *(.cyloadermeta)

.cyloadablemeta
 *(.cyloadablemeta)

.cyconfigecc    0x80000000      0x960
 *(.cyconfigecc)
 .cyconfigecc   0x80000000      0x960 .\ARM_GCC_541\Debug\cymetadata.o
                0x80000000                cy_meta_configecc

.cycustnvl      0x90000000        0x4
 *(.cycustnvl)
 .cycustnvl     0x90000000        0x4 .\ARM_GCC_541\Debug\cymetadata.o
                0x90000000                cy_meta_custnvl

.cywolatch      0x90100000        0x4
 *(.cywolatch)
 .cywolatch     0x90100000        0x4 .\ARM_GCC_541\Debug\cymetadata.o
                0x90100000                cy_meta_wonvl

.cyeeprom       0x90200000        0x0
 *(.cyeeprom)
                0x00000001                ASSERT ((. <= ((0x90200000 + ee_offset) + ee_size)), .cyeeprom data will not fit in EEPROM)

.cyflashprotect
                0x90400000      0x100
 *(.cyflashprotect)
 .cyflashprotect
                0x90400000      0x100 .\ARM_GCC_541\Debug\cymetadata.o
                0x90400000                cy_meta_flashprotect

.cymeta         0x90500000        0xc
 *(.cymeta)
 .cymeta        0x90500000        0xc .\ARM_GCC_541\Debug\cymetadata.o
                0x90500000                cy_metadata

.rel.dyn        0x0000c7e0        0x0 load address 0x9050000c
 .rel.iplt      0x0000c7e0        0x0 c:/program files (x86)/cypress/psoc creator/4.4/psoc creator/import/gnu/arm/5.4.1/bin/../lib/gcc/arm-none-eabi/5.4.1/armv7-m/crtbegin.o

.stab
 *(.stab)

.stabstr
 *(.stabstr)

.debug
 *(.debug)

.line
 *(.line)

.debug_srcinfo
 *(.debug_srcinfo)

.debug_sfnames
 *(.debug_sfnames)

.debug_aranges  0x00000000     0x1690
 *(.debug_aranges)
 .debug_aranges
                0x00000000       0x70 .\ARM_GCC_541\Debug\main.o
 .debug_aranges
                0x00000070       0x40 .\ARM_GCC_541\Debug\adc_balanced.o
 .debug_aranges
                0x000000b0       0xb0 .\ARM_GCC_541\Debug\joystick.o
 .debug_aranges
                0x00000160       0x58 .\ARM_GCC_541\Debug\psoc_eeprom.o
 .debug_aranges
                0x000001b8       0x20 .\ARM_GCC_541\Debug\app_ctx.o
 .debug_aranges
                0x000001d8      0x110 .\ARM_GCC_541\Debug\app_statemachine.o
 .debug_aranges
                0x000002e8       0x78 .\ARM_GCC_541\Debug\sbc_comms.o
 .debug_aranges
                0x00000360       0xe0 .\ARM_GCC_541\Debug\telemetry.o
 .debug_aranges
                0x00000440       0x48 .\ARM_GCC_541\Debug\hamfly_comm_rb.o
 .debug_aranges
                0x00000488       0xc0 .\ARM_GCC_541\Debug\hamfly_core_gimbal.o
 .debug_aranges
                0x00000548       0x78 .\ARM_GCC_541\Debug\hamfly_core_telemetry.o
 .debug_aranges
                0x000005c0       0x48 .\ARM_GCC_541\Debug\hamfly_qx_app.o
 .debug_aranges
                0x00000608      0x228 .\ARM_GCC_541\Debug\hamfly_qx_protocol.o
 .debug_aranges
                0x00000830       0x80 .\ARM_GCC_541\Debug\cyfitter_cfg.o
 .debug_aranges
                0x000008b0       0x18 .\ARM_GCC_541\Debug\cymetadata.o
 .debug_aranges
                0x000008c8       0x48 .\ARM_GCC_541\Debug\Cm3Start.o
 .debug_aranges
                0x00000910       0xe8 .\ARM_GCC_541\Debug\Proj07_hamflyAPI_stateMachineUpgrade.a(ADC_DelSig_1.o)
 .debug_aranges
                0x000009f8       0x38 .\ARM_GCC_541\Debug\Proj07_hamflyAPI_stateMachineUpgrade.a(ADC_DelSig_1_INT.o)
 .debug_aranges
                0x00000a30       0x30 .\ARM_GCC_541\Debug\Proj07_hamflyAPI_stateMachineUpgrade.a(AMux_1.o)
 .debug_aranges
                0x00000a60       0x80 .\ARM_GCC_541\Debug\Proj07_hamflyAPI_stateMachineUpgrade.a(isr_adc.o)
 .debug_aranges
                0x00000ae0       0xf0 .\ARM_GCC_541\Debug\Proj07_hamflyAPI_stateMachineUpgrade.a(UART_MOVI.o)
 .debug_aranges
                0x00000bd0       0x80 .\ARM_GCC_541\Debug\Proj07_hamflyAPI_stateMachineUpgrade.a(isr_rx_movi.o)
 .debug_aranges
                0x00000c50       0x88 .\ARM_GCC_541\Debug\Proj07_hamflyAPI_stateMachineUpgrade.a(Looptimer.o)
 .debug_aranges
                0x00000cd8       0x80 .\ARM_GCC_541\Debug\Proj07_hamflyAPI_stateMachineUpgrade.a(isr_Looptimer.o)
 .debug_aranges
                0x00000d58       0x78 .\ARM_GCC_541\Debug\Proj07_hamflyAPI_stateMachineUpgrade.a(EEPROM_CONFIG.o)
 .debug_aranges
                0x00000dd0       0x30 .\ARM_GCC_541\Debug\Proj07_hamflyAPI_stateMachineUpgrade.a(ADC_DelSig_1_AMux.o)
 .debug_aranges
                0x00000e00       0x70 .\ARM_GCC_541\Debug\Proj07_hamflyAPI_stateMachineUpgrade.a(ADC_DelSig_1_Ext_CP_Clk.o)
 .debug_aranges
                0x00000e70       0x80 .\ARM_GCC_541\Debug\Proj07_hamflyAPI_stateMachineUpgrade.a(ADC_DelSig_1_theACLK.o)
 .debug_aranges
                0x00000ef0       0x88 .\ARM_GCC_541\Debug\Proj07_hamflyAPI_stateMachineUpgrade.a(CyFlash.o)
 .debug_aranges
                0x00000f78      0x2a0 .\ARM_GCC_541\Debug\Proj07_hamflyAPI_stateMachineUpgrade.a(CyLib.o)
 .debug_aranges
                0x00001218       0x98 .\ARM_GCC_541\Debug\Proj07_hamflyAPI_stateMachineUpgrade.a(cyPm.o)
 .debug_aranges
                0x000012b0       0x80 .\ARM_GCC_541\Debug\Proj07_hamflyAPI_stateMachineUpgrade.a(CySpc.o)
 .debug_aranges
                0x00001330       0xf0 .\ARM_GCC_541\Debug\Proj07_hamflyAPI_stateMachineUpgrade.a(UART_DEBUG.o)
 .debug_aranges
                0x00001420       0x70 .\ARM_GCC_541\Debug\Proj07_hamflyAPI_stateMachineUpgrade.a(UART_DEBUG_IntClock.o)
 .debug_aranges
                0x00001490       0xf0 .\ARM_GCC_541\Debug\Proj07_hamflyAPI_stateMachineUpgrade.a(UART_SBC.o)
 .debug_aranges
                0x00001580       0x80 .\ARM_GCC_541\Debug\Proj07_hamflyAPI_stateMachineUpgrade.a(isr_rx_sbc.o)
 .debug_aranges
                0x00001600       0x70 .\ARM_GCC_541\Debug\Proj07_hamflyAPI_stateMachineUpgrade.a(UART_SBC_IntClock.o)
 .debug_aranges
                0x00001670       0x20 .\ARM_GCC_541\Debug\Proj07_hamflyAPI_stateMachineUpgrade.a(CyBootAsmGnu.o)

.debug_pubnames
 *(.debug_pubnames)

.debug_info     0x00000000     0xf616
 *(.debug_info .gnu.linkonce.wi.*)
 .debug_info    0x00000000      0xe50 .\ARM_GCC_541\Debug\main.o
 .debug_info    0x00000e50      0x1f7 .\ARM_GCC_541\Debug\adc_balanced.o
 .debug_info    0x00001047      0x6c5 .\ARM_GCC_541\Debug\joystick.o
 .debug_info    0x0000170c      0x2db .\ARM_GCC_541\Debug\psoc_eeprom.o
 .debug_info    0x000019e7      0x9b4 .\ARM_GCC_541\Debug\app_ctx.o
 .debug_info    0x0000239b     0x131d .\ARM_GCC_541\Debug\app_statemachine.o
 .debug_info    0x000036b8      0x553 .\ARM_GCC_541\Debug\sbc_comms.o
 .debug_info    0x00003c0b     0x1518 .\ARM_GCC_541\Debug\telemetry.o
 .debug_info    0x00005123      0x23c .\ARM_GCC_541\Debug\hamfly_comm_rb.o
 .debug_info    0x0000535f     0x155c .\ARM_GCC_541\Debug\hamfly_core_gimbal.o
 .debug_info    0x000068bb      0xaf2 .\ARM_GCC_541\Debug\hamfly_core_telemetry.o
 .debug_info    0x000073ad      0xef5 .\ARM_GCC_541\Debug\hamfly_qx_app.o
 .debug_info    0x000082a2     0x1aff .\ARM_GCC_541\Debug\hamfly_qx_protocol.o
 .debug_info    0x00009da1      0x59a .\ARM_GCC_541\Debug\cyfitter_cfg.o
 .debug_info    0x0000a33b      0x139 .\ARM_GCC_541\Debug\cymetadata.o
 .debug_info    0x0000a474      0x32b .\ARM_GCC_541\Debug\Cm3Start.o
 .debug_info    0x0000a79f      0x72c .\ARM_GCC_541\Debug\Proj07_hamflyAPI_stateMachineUpgrade.a(ADC_DelSig_1.o)
 .debug_info    0x0000aecb       0xd3 .\ARM_GCC_541\Debug\Proj07_hamflyAPI_stateMachineUpgrade.a(ADC_DelSig_1_INT.o)
 .debug_info    0x0000af9e       0xf7 .\ARM_GCC_541\Debug\Proj07_hamflyAPI_stateMachineUpgrade.a(AMux_1.o)
 .debug_info    0x0000b095      0x241 .\ARM_GCC_541\Debug\Proj07_hamflyAPI_stateMachineUpgrade.a(isr_adc.o)
 .debug_info    0x0000b2d6      0x50a .\ARM_GCC_541\Debug\Proj07_hamflyAPI_stateMachineUpgrade.a(UART_MOVI.o)
 .debug_info    0x0000b7e0      0x241 .\ARM_GCC_541\Debug\Proj07_hamflyAPI_stateMachineUpgrade.a(isr_rx_movi.o)
 .debug_info    0x0000ba21      0x245 .\ARM_GCC_541\Debug\Proj07_hamflyAPI_stateMachineUpgrade.a(Looptimer.o)
 .debug_info    0x0000bc66      0x241 .\ARM_GCC_541\Debug\Proj07_hamflyAPI_stateMachineUpgrade.a(isr_Looptimer.o)
 .debug_info    0x0000bea7      0x359 .\ARM_GCC_541\Debug\Proj07_hamflyAPI_stateMachineUpgrade.a(EEPROM_CONFIG.o)
 .debug_info    0x0000c200      0x10a .\ARM_GCC_541\Debug\Proj07_hamflyAPI_stateMachineUpgrade.a(ADC_DelSig_1_AMux.o)
 .debug_info    0x0000c30a      0x25d .\ARM_GCC_541\Debug\Proj07_hamflyAPI_stateMachineUpgrade.a(ADC_DelSig_1_Ext_CP_Clk.o)
 .debug_info    0x0000c567      0x299 .\ARM_GCC_541\Debug\Proj07_hamflyAPI_stateMachineUpgrade.a(ADC_DelSig_1_theACLK.o)
 .debug_info    0x0000c800      0x3b9 .\ARM_GCC_541\Debug\Proj07_hamflyAPI_stateMachineUpgrade.a(CyFlash.o)