Archive member included to satisfy reference by file (symbol)

.\CortexM3\ARM_GCC_541\Debug\Proj03_freefly_api_uart.a(UART.o)
                              .\CortexM3\ARM_GCC_541\Debug\main.o (UART_Start)
.\CortexM3\ARM_GCC_541\Debug\Proj03_freefly_api_uart.a(UART_IntClock.o)
                              .\CortexM3\ARM_GCC_541\Debug\Proj03_freefly_api_uart.a(UART.o) (UART_IntClock_Start)
.\CortexM3\ARM_GCC_541\Debug\Proj03_freefly_api_uart.a(CyLib.o)
                              .\CortexM3\ARM_GCC_541\Debug\Cm3Start.o (CyHalt)
.\CortexM3\ARM_GCC_541\Debug\Proj03_freefly_api_uart.a(cyPm.o)
                              .\CortexM3\ARM_GCC_541\Debug\Proj03_freefly_api_uart.a(CyLib.o) (CyPmReadStatus)
.\CortexM3\ARM_GCC_541\Debug\Proj03_freefly_api_uart.a(isr_rx.o)
                              .\CortexM3\ARM_GCC_541\Debug\main.o (isr_rx_StartEx)
.\CortexM3\ARM_GCC_541\Debug\Proj03_freefly_api_uart.a(SW1_debounced.o)
                              .\CortexM3\ARM_GCC_541\Debug\main.o (SW1_debounced_Read)
.\CortexM3\ARM_GCC_541\Debug\Proj03_freefly_api_uart.a(CyBootAsmGnu.o)
                              .\CortexM3\ARM_GCC_541\Debug\cyfitter_cfg.o (CyDelayCycles)
.\CortexM3\ARM_GCC_541\Debug\Proj03_freefly_api_uart.a(CyFlash.o)
                              .\CortexM3\ARM_GCC_541\Debug\Proj03_freefly_api_uart.a(cyPm.o) (CyFlash_SetWaitCycles)
.\CortexM3\ARM_GCC_541\Debug\Proj03_freefly_api_uart.a(CySpc.o)
                              .\CortexM3\ARM_GCC_541\Debug\Proj03_freefly_api_uart.a(CyFlash.o) (CySpcStart)
d:/program files (x86)/psoc creator/4.4/psoc creator/import/gnu/arm/5.4.1/bin/../lib/gcc/arm-none-eabi/5.4.1/armv7-m\libgcc.a(_arm_addsubsf3.o)
                              .\CortexM3\ARM_GCC_541\Debug\QX_Parsing_Functions.o (__aeabi_fadd)
d:/program files (x86)/psoc creator/4.4/psoc creator/import/gnu/arm/5.4.1/bin/../lib/gcc/arm-none-eabi/5.4.1/armv7-m\libgcc.a(_arm_muldivsf3.o)
                              .\CortexM3\ARM_GCC_541\Debug\QX_Parsing_Functions.o (__aeabi_fmul)
d:/program files (x86)/psoc creator/4.4/psoc creator/import/gnu/arm/5.4.1/bin/../lib/gcc/arm-none-eabi/5.4.1/armv7-m\libgcc.a(_arm_cmpsf2.o)
                              .\CortexM3\ARM_GCC_541\Debug\QX_Protocol_App.o (__aeabi_fcmpeq)
d:/program files (x86)/psoc creator/4.4/psoc creator/import/gnu/arm/5.4.1/bin/../lib/gcc/arm-none-eabi/5.4.1/armv7-m\libgcc.a(_arm_unordsf2.o)
                              .\CortexM3\ARM_GCC_541\Debug\QX_Parsing_Functions.o (__aeabi_fcmpun)
d:/program files (x86)/psoc creator/4.4/psoc creator/import/gnu/arm/5.4.1/bin/../lib/gcc/arm-none-eabi/5.4.1/armv7-m\libgcc.a(_arm_fixsfsi.o)
                              .\CortexM3\ARM_GCC_541\Debug\QX_Parsing_Functions.o (__aeabi_f2iz)
d:/program files (x86)/psoc creator/4.4/psoc creator/import/gnu/arm/5.4.1/bin/../lib/gcc/arm-none-eabi/5.4.1/armv7-m\libgcc.a(_arm_fixunssfsi.o)
                              .\CortexM3\ARM_GCC_541\Debug\QX_Parsing_Functions.o (__aeabi_f2uiz)
d:/program files (x86)/psoc creator/4.4/psoc creator/import/gnu/arm/5.4.1/bin/../lib/gcc/arm-none-eabi/5.4.1/../../../../arm-none-eabi/lib/armv7-m\libg_nano.a(lib_a-errno.o)
                              .\CortexM3\ARM_GCC_541\Debug\Cm3Start.o (__errno)
d:/program files (x86)/psoc creator/4.4/psoc creator/import/gnu/arm/5.4.1/bin/../lib/gcc/arm-none-eabi/5.4.1/../../../../arm-none-eabi/lib/armv7-m\libg_nano.a(lib_a-exit.o)
                              d:/program files (x86)/psoc creator/4.4/psoc creator/import/gnu/arm/5.4.1/bin/../lib/gcc/arm-none-eabi/5.4.1/../../../../arm-none-eabi/lib/armv7-m/crt0.o (exit)
d:/program files (x86)/psoc creator/4.4/psoc creator/import/gnu/arm/5.4.1/bin/../lib/gcc/arm-none-eabi/5.4.1/../../../../arm-none-eabi/lib/armv7-m\libg_nano.a(lib_a-impure.o)
                              d:/program files (x86)/psoc creator/4.4/psoc creator/import/gnu/arm/5.4.1/bin/../lib/gcc/arm-none-eabi/5.4.1/../../../../arm-none-eabi/lib/armv7-m\libg_nano.a(lib_a-exit.o) (_global_impure_ptr)
d:/program files (x86)/psoc creator/4.4/psoc creator/import/gnu/arm/5.4.1/bin/../lib/gcc/arm-none-eabi/5.4.1/../../../../arm-none-eabi/lib/armv7-m\libg_nano.a(lib_a-init.o)
                              d:/program files (x86)/psoc creator/4.4/psoc creator/import/gnu/arm/5.4.1/bin/../lib/gcc/arm-none-eabi/5.4.1/../../../../arm-none-eabi/lib/armv7-m/crt0.o (__libc_init_array)
d:/program files (x86)/psoc creator/4.4/psoc creator/import/gnu/arm/5.4.1/bin/../lib/gcc/arm-none-eabi/5.4.1/../../../../arm-none-eabi/lib/armv7-m\libg_nano.a(lib_a-memcpy-stub.o)
                              .\CortexM3\ARM_GCC_541\Debug\cyfitter_cfg.o (memcpy)
d:/program files (x86)/psoc creator/4.4/psoc creator/import/gnu/arm/5.4.1/bin/../lib/gcc/arm-none-eabi/5.4.1/../../../../arm-none-eabi/lib/armv7-m\libg_nano.a(lib_a-memset.o)
                              d:/program files (x86)/psoc creator/4.4/psoc creator/import/gnu/arm/5.4.1/bin/../lib/gcc/arm-none-eabi/5.4.1/../../../../arm-none-eabi/lib/armv7-m/crt0.o (memset)
[...]
Memory Configuration

Name             Origin             Length             Attributes
rom              0x00000000         0x00040000         xr
ram              0x1fff8000         0x00010000         xrw
*default*        0x00000000         0xffffffff

Linker script and memory map

LOAD d:/program files (x86)/psoc creator/4.4/psoc creator/import/gnu/arm/5.4.1/bin/../lib/gcc/arm-none-eabi/5.4.1/armv7-m/crti.o
LOAD d:/program files (x86)/psoc creator/4.4/psoc creator/import/gnu/arm/5.4.1/bin/../lib/gcc/arm-none-eabi/5.4.1/armv7-m/crtbegin.o
LOAD d:/program files (x86)/psoc creator/4.4/psoc creator/import/gnu/arm/5.4.1/bin/../lib/gcc/arm-none-eabi/5.4.1/../../../../arm-none-eabi/lib/armv7-m/crt0.o
START GROUP
LOAD .\CortexM3\ARM_GCC_541\Debug\main.o
LOAD .\CortexM3\ARM_GCC_541\Debug\QX_Parsing_Functions.o
LOAD .\CortexM3\ARM_GCC_541\Debug\QX_Protocol.o
LOAD .\CortexM3\ARM_GCC_541\Debug\QX_Protocol_App.o
LOAD .\CortexM3\ARM_GCC_541\Debug\simple_buffer.o
LOAD .\CortexM3\ARM_GCC_541\Debug\cyfitter_cfg.o
LOAD .\CortexM3\ARM_GCC_541\Debug\cymetadata.o
LOAD .\CortexM3\ARM_GCC_541\Debug\Cm3Start.o
LOAD .\CortexM3\ARM_GCC_541\Debug\Proj03_freefly_api_uart.a
LOAD D:\Program Files (x86)\PSoC Creator\4.4\PSoC Creator\psoc\content\cycomponentlibrary\CyComponentLibrary.cylib\CortexM3\ARM_GCC_541\Debug\CyComponentLibrary.a
END GROUP
START GROUP
LOAD d:/program files (x86)/psoc creator/4.4/psoc creator/import/gnu/arm/5.4.1/bin/../lib/gcc/arm-none-eabi/5.4.1/armv7-m\libgcc.a
LOAD d:/program files (x86)/psoc creator/4.4/psoc creator/import/gnu/arm/5.4.1/bin/../lib/gcc/arm-none-eabi/5.4.1/../../../../arm-none-eabi/lib/armv7-m\libg_nano.a
LOAD d:/program files (x86)/psoc creator/4.4/psoc creator/import/gnu/arm/5.4.1/bin/../lib/gcc/arm-none-eabi/5.4.1/../../../../arm-none-eabi/lib/armv7-m\libc_nano.a
END GROUP
START GROUP
LOAD d:/program files (x86)/psoc creator/4.4/psoc creator/import/gnu/arm/5.4.1/bin/../lib/gcc/arm-none-eabi/5.4.1/armv7-m\libgcc.a
LOAD d:/program files (x86)/psoc creator/4.4/psoc creator/import/gnu/arm/5.4.1/bin/../lib/gcc/arm-none-eabi/5.4.1/../../../../arm-none-eabi/lib/armv7-m\libc_nano.a
END GROUP
LOAD d:/program files (x86)/psoc creator/4.4/psoc creator/import/gnu/arm/5.4.1/bin/../lib/gcc/arm-none-eabi/5.4.1/armv7-m/crtend.o
LOAD d:/program files (x86)/psoc creator/4.4/psoc creator/import/gnu/arm/5.4.1/bin/../lib/gcc/arm-none-eabi/5.4.1/armv7-m/crtn.o
START GROUP
LOAD d:/program files (x86)/psoc creator/4.4/psoc creator/import/gnu/arm/5.4.1/bin/../lib/gcc/arm-none-eabi/5.4.1/armv7-m\libgcc.a
LOAD d:/program files (x86)/psoc creator/4.4/psoc creator/import/gnu/arm/5.4.1/bin/../lib/gcc/arm-none-eabi/5.4.1/../../../../arm-none-eabi/lib/armv7-m\libc.a
LOAD d:/program files (x86)/psoc creator/4.4/psoc creator/import/gnu/arm/5.4.1/bin/../lib/gcc/arm-none-eabi/5.4.1/../../../../arm-none-eabi/lib/armv7-m\libnosys.a
END GROUP
                0x00000000                CY_APPL_ORIGIN = 0x0
                0x00000100                CY_FLASH_ROW_SIZE = 0x100
                0x00000020                CY_ECC_ROW_SIZE = 0x20
                0x00000000                CY_EE_IN_BTLDR = 0x0
                0x00000000                CY_APPL_LOADABLE = 0x0
                0x00000800                CY_EE_SIZE = 0x800
                0x00000001                CY_APPL_NUM = 0x1
                0x00000001                CY_APPL_MAX = 0x1
                0x00000040                CY_METADATA_SIZE = 0x40
                0x00000000                CY_APPL_LOADABLE = 0x0
                0x00000000                CY_CHECKSUM_EXCLUDE_SIZE = ALIGN (0x0, CY_FLASH_ROW_SIZE)
                [!provide]                PROVIDE (__cy_heap_start, _end)
                0x00000001                PROVIDE (__cy_region_num, ((__cy_regions_end - __cy_regions) / 0x10))
                0x20008000                PROVIDE (__cy_stack, (ORIGIN (ram) + LENGTH (ram)))
                [!provide]                PROVIDE (__cy_heap_end, (__cy_stack - 0x800))

.cybootloader   0x00000000        0x0
 *(.cybootloader)
                0x00000000                appl1_start = CY_APPL_ORIGIN?CY_APPL_ORIGIN:ALIGN (CY_FLASH_ROW_SIZE)
                0x0001ff00                appl2_start = (appl1_start + ALIGN ((((LENGTH (rom) - appl1_start) - (0x2 * CY_FLASH_ROW_SIZE)) / 0x2), CY_FLASH_ROW_SIZE))
                0x00000000                appl_start = (CY_APPL_NUM == 0x1)?appl1_start:appl2_start
                0x00000000                ecc_offset = ((appl_start / CY_FLASH_ROW_SIZE) * CY_ECC_ROW_SIZE)
                0x00000000                ee_offset = (CY_APPL_LOADABLE && ! (CY_EE_IN_BTLDR))?((CY_EE_SIZE / CY_APPL_MAX) * (CY_APPL_NUM - 0x1)):0x0
                0x00000800                ee_size = (CY_APPL_LOADABLE && ! (CY_EE_IN_BTLDR))?(CY_EE_SIZE / CY_APPL_MAX):CY_EE_SIZE
                [!provide]                PROVIDE (CY_ECC_OFFSET, ecc_offset)

.text           0x00000000     0x2bd8
 CREATE_OBJECT_SYMBOLS
                0x00000000                PROVIDE (__cy_interrupt_vector, RomVectors)
 *(.romvectors)
 .romvectors    0x00000000       0x10 .\CortexM3\ARM_GCC_541\Debug\Cm3Start.o
                0x00000000                RomVectors
                0x00000001                ASSERT ((. != __cy_interrupt_vector), No interrupt vector)
                0x00000001                ASSERT (CY_APPL_ORIGIN?(SIZEOF (.cybootloader) <= CY_APPL_ORIGIN):0x1, Wrong image location)
                0x00000010                PROVIDE (__cy_reset, Reset)
 *(.text.Reset)
 .text.Reset    0x00000010       0x18 .\CortexM3\ARM_GCC_541\Debug\Cm3Start.o
                0x00000010                Reset
                0x00000001                ASSERT ((. != __cy_reset), No reset code)
 *(.dma_init)
                0x00000001                ASSERT ((((appl_start + .) <= 0x10000) || 0x1), DMA Init must be within the first 64k of flash)
 *(.text .text.* .gnu.linkonce.t.*)
 .text          0x00000028       0x5c d:/program files (x86)/psoc creator/4.4/psoc creator/import/gnu/arm/5.4.1/bin/../lib/gcc/arm-none-eabi/5.4.1/armv7-m/crtbegin.o
 .text.UART_RX_ISR
                0x00000084       0x1c .\CortexM3\ARM_GCC_541\Debug\main.o
                0x00000084                UART_RX_ISR
 .text.ff_api_encode_control
                0x000000a0       0xa8 .\CortexM3\ARM_GCC_541\Debug\main.o
                0x000000a0                ff_api_encode_control
 .text.main     0x00000148       0xec .\CortexM3\ARM_GCC_541\Debug\main.o
                0x00000148                main
 .text.QX_Parser_SetMsgPtr
                0x00000234        0xc .\CortexM3\ARM_GCC_541\Debug\QX_Parsing_Functions.o
                0x00000234                QX_Parser_SetMsgPtr
 .text.QX_Parser_AdvMsgPtr
                0x00000240       0x10 .\CortexM3\ARM_GCC_541\Debug\QX_Parsing_Functions.o
                0x00000240                QX_Parser_AdvMsgPtr
 .text.QX_Parser_GetMsgPtr
                0x00000250        0xc .\CortexM3\ARM_GCC_541\Debug\QX_Parsing_Functions.o
                0x00000250                QX_Parser_GetMsgPtr
 .text.QX_Parser_SetDir_Read
                0x0000025c        0xc .\CortexM3\ARM_GCC_541\Debug\QX_Parsing_Functions.o
                0x0000025c                QX_Parser_SetDir_Read
 .text.QX_Parser_SetDir_WriteAbs
                0x00000268        0xc .\CortexM3\ARM_GCC_541\Debug\QX_Parsing_Functions.o
                0x00000268                QX_Parser_SetDir_WriteAbs
 .text.AddFloatAsSignedShort
                0x00000274       0x80 .\CortexM3\ARM_GCC_541\Debug\QX_Parsing_Functions.o
                0x00000274                AddFloatAsSignedShort
 .text.GetFloatAsSignedShort
                0x000002f4       0xd8 .\CortexM3\ARM_GCC_541\Debug\QX_Parsing_Functions.o
                0x000002f4                GetFloatAsSignedShort
 .text.AddSignedShortAsSignedShort
                0x000003cc       0x30 .\CortexM3\ARM_GCC_541\Debug\QX_Parsing_Functions.o
                0x000003cc                AddSignedShortAsSignedShort
 .text.GetSignedShortAsSignedShort
                0x000003fc       0xbc .\CortexM3\ARM_GCC_541\Debug\QX_Parsing_Functions.o
                0x000003fc                GetSignedShortAsSignedShort
 .text.AddUnsignedCharAsUnsignedChar
                0x000004b8       0x24 .\CortexM3\ARM_GCC_541\Debug\QX_Parsing_Functions.o
                0x000004b8                AddUnsignedCharAsUnsignedChar
 .text.GetUnsignedCharAsUnsignedChar
                0x000004dc       0x6c .\CortexM3\ARM_GCC_541\Debug\QX_Parsing_Functions.o
                0x000004dc                GetUnsignedCharAsUnsignedChar
 .text.AddUnsignedShortAsUnsignedShort
                0x00000548       0x30 .\CortexM3\ARM_GCC_541\Debug\QX_Parsing_Functions.o
                0x00000548                AddUnsignedShortAsUnsignedShort
 .text.GetUnsignedShortAsUnsignedShort
                0x00000578       0x74 .\CortexM3\ARM_GCC_541\Debug\QX_Parsing_Functions.o
                0x00000578                GetUnsignedShortAsUnsignedShort
 .text.AddBitsAsByte
                0x000005ec       0x5c .\CortexM3\ARM_GCC_541\Debug\QX_Parsing_Functions.o
                0x000005ec                AddBitsAsByte
 .text.GetBitsAsByte
                0x00000648       0x70 .\CortexM3\ARM_GCC_541\Debug\QX_Parsing_Functions.o
                0x00000648                GetBitsAsByte
 .text.QX_InitMsg
                0x000006b8       0x10 .\CortexM3\ARM_GCC_541\Debug\QX_Protocol.o
                0x000006b8                QX_InitMsg
 .text.QX_Cli_Rx_CurVal
                0x000006c8       0x24 .\CortexM3\ARM_GCC_541\Debug\QX_Protocol.o
                0x000006c8                QX_Cli_Rx_CurVal
 .text.QX_Calc8bChecksum
                0x000006ec       0x1c .\CortexM3\ARM_GCC_541\Debug\QX_Protocol.o
                0x000006ec                QX_Calc8bChecksum
 .text.QX_AddExtdValToBuf
                0x00000708       0x48 .\CortexM3\ARM_GCC_541\Debug\QX_Protocol.o
                0x00000708                QX_AddExtdValToBuf
 .text.QX_BuildHeader
                0x00000750       0xf0 .\CortexM3\ARM_GCC_541\Debug\QX_Protocol.o
                0x00000750                QX_BuildHeader
 .text.QX_TxMsg_Setup
                0x00000840       0x2c .\CortexM3\ARM_GCC_541\Debug\QX_Protocol.o
                0x00000840                QX_TxMsg_Setup
 .text.QX_GetExtdValFromBuf
                0x0000086c       0x38 .\CortexM3\ARM_GCC_541\Debug\QX_Protocol.o
                0x0000086c                QX_GetExtdValFromBuf
 .text.QX_ParseHeader
                0x000008a4       0x9c .\CortexM3\ARM_GCC_541\Debug\QX_Protocol.o
                0x000008a4                QX_ParseHeader
 .text.QX_compute_crc32
                0x00000940       0x24 .\CortexM3\ARM_GCC_541\Debug\QX_Protocol.o
                0x00000940                QX_compute_crc32
 .text.QX_accumulate_crc32
                0x00000964       0x24 .\CortexM3\ARM_GCC_541\Debug\QX_Protocol.o
                0x00000964                QX_accumulate_crc32
 .text.QX_TxMsg_Finish
                0x00000988      0x104 .\CortexM3\ARM_GCC_541\Debug\QX_Protocol.o
                0x00000988                QX_TxMsg_Finish
 .text.QX_InitCli
                0x00000a8c        0x8 .\CortexM3\ARM_GCC_541\Debug\QX_Protocol.o
                0x00000a8c                QX_InitCli
 .text.QX_InitTxOptions
                0x00000a94       0x14 .\CortexM3\ARM_GCC_541\Debug\QX_Protocol.o
                0x00000a94                QX_InitTxOptions
 .text.QX_SendPacket_Srv_CurVal
                0x00000aa8       0x70 .\CortexM3\ARM_GCC_541\Debug\QX_Protocol.o
                0x00000aa8                QX_SendPacket_Srv_CurVal
 .text.QX_Srv_Rx_Read
                0x00000b18       0x68 .\CortexM3\ARM_GCC_541\Debug\QX_Protocol.o
                0x00000b18                QX_Srv_Rx_Read
 .text.QX_Srv_Rx_Write
                0x00000b80       0x8c .\CortexM3\ARM_GCC_541\Debug\QX_Protocol.o
                0x00000b80                QX_Srv_Rx_Write
 .text.QX_RxMsg
                0x00000c0c       0x98 .\CortexM3\ARM_GCC_541\Debug\QX_Protocol.o
                0x00000c0c                QX_RxMsg
 .text.QX_StreamRxCharSM
                0x00000ca4      0x29c .\CortexM3\ARM_GCC_541\Debug\QX_Protocol.o
                0x00000ca4                QX_StreamRxCharSM
 .text.QX_SendPacket_Cli_WriteABS
                0x00000f40       0x70 .\CortexM3\ARM_GCC_541\Debug\QX_Protocol.o
                0x00000f40                QX_SendPacket_Cli_WriteABS
 .text.ff_api_init
                0x00000fb0       0x4c .\CortexM3\ARM_GCC_541\Debug\QX_Protocol_App.o
                0x00000fb0                ff_api_init
 .text.ff_api_send
                0x00000ffc       0x3c .\CortexM3\ARM_GCC_541\Debug\QX_Protocol_App.o
                0x00000ffc                ff_api_send
 .text.QX_ParsePacket_Cli_MoVI_Ctrl_CB
                0x00001038      0x6a8 .\CortexM3\ARM_GCC_541\Debug\QX_Protocol_App.o
                0x00001038                QX_ParsePacket_Cli_MoVI_Ctrl_CB
 .text.QX_SendMsg2CommsPort_CB
                0x000016e0       0x2c .\CortexM3\ARM_GCC_541\Debug\QX_Protocol_App.o
                0x000016e0                QX_SendMsg2CommsPort_CB
 .text.QX_FwdMsg_CB
                0x0000170c        0x4 .\CortexM3\ARM_GCC_541\Debug\QX_Protocol_App.o
                0x0000170c                QX_FwdMsg_CB
 .text.QX_GetTicks_ms
                0x00001710        0x4 .\CortexM3\ARM_GCC_541\Debug\QX_Protocol_App.o
                0x00001710                QX_GetTicks_ms
 .text.BufAdd   0x00001714       0x6c .\CortexM3\ARM_GCC_541\Debug\simple_buffer.o
                0x00001714                BufAdd
 .text.CyClockStartupError
                0x00001780        0x4 .\CortexM3\ARM_GCC_541\Debug\cyfitter_cfg.o
 .text.cfg_write_bytes32
                0x00001784       0x34 .\CortexM3\ARM_GCC_541\Debug\cyfitter_cfg.o
 .text.AnalogSetDefault
                0x000017b8       0x28 .\CortexM3\ARM_GCC_541\Debug\cyfitter_cfg.o
 .text.CYMEMZERO
                0x000017e0        0xc .\CortexM3\ARM_GCC_541\Debug\cyfitter_cfg.o
 .text.ClockSetup
                0x000017ec       0xc0 .\CortexM3\ARM_GCC_541\Debug\cyfitter_cfg.o
 .text.CYCONFIGCPY
                0x000018ac        0x8 .\CortexM3\ARM_GCC_541\Debug\cyfitter_cfg.o
 .text.cyfitter_cfg
                0x000018b4      0x110 .\CortexM3\ARM_GCC_541\Debug\cyfitter_cfg.o
                0x000018b4                cyfitter_cfg
 .text.IntDefaultHandler
                0x000019c4       0x10 .\CortexM3\ARM_GCC_541\Debug\Cm3Start.o
                0x000019c4                IntDefaultHandler
 .text._sbrk    0x000019d4       0x30 .\CortexM3\ARM_GCC_541\Debug\Cm3Start.o
                0x000019d4                _sbrk
 .text.Start_c  0x00001a04       0x4c .\CortexM3\ARM_GCC_541\Debug\Cm3Start.o
                0x00001a04                Start_c
 .text.initialize_psoc
                0x00001a50       0x68 .\CortexM3\ARM_GCC_541\Debug\Cm3Start.o
                0x00001a50                initialize_psoc
 .text.UART_Init
                0x00001ab8       0x2c .\CortexM3\ARM_GCC_541\Debug\Proj03_freefly_api_uart.a(UART.o)
                0x00001ab8                UART_Init
 .text.UART_Enable
                0x00001ae4       0x38 .\CortexM3\ARM_GCC_541\Debug\Proj03_freefly_api_uart.a(UART.o)
                0x00001ae4                UART_Enable
 .text.UART_Start
                0x00001b1c       0x1c .\CortexM3\ARM_GCC_541\Debug\Proj03_freefly_api_uart.a(UART.o)
                0x00001b1c                UART_Start
 .text.UART_ReadRxData
                0x00001b38        0xc .\CortexM3\ARM_GCC_541\Debug\Proj03_freefly_api_uart.a(UART.o)
                0x00001b38                UART_ReadRxData
 .text.UART_ReadRxStatus
                0x00001b44       0x10 .\CortexM3\ARM_GCC_541\Debug\Proj03_freefly_api_uart.a(UART.o)
                0x00001b44                UART_ReadRxStatus
 .text.UART_GetByte
                0x00001b54       0x14 .\CortexM3\ARM_GCC_541\Debug\Proj03_freefly_api_uart.a(UART.o)
                0x00001b54                UART_GetByte
 .text.UART_GetRxBufferSize
                0x00001b68       0x18 .\CortexM3\ARM_GCC_541\Debug\Proj03_freefly_api_uart.a(UART.o)
                0x00001b68                UART_GetRxBufferSize
 .text.UART_PutChar
                0x00001b80       0x18 .\CortexM3\ARM_GCC_541\Debug\Proj03_freefly_api_uart.a(UART.o)
                0x00001b80                UART_PutChar
 .text.UART_PutString
                0x00001b98       0x24 .\CortexM3\ARM_GCC_541\Debug\Proj03_freefly_api_uart.a(UART.o)
                0x00001b98                UART_PutString
 .text.UART_PutArray
                0x00001bbc       0x28 .\CortexM3\ARM_GCC_541\Debug\Proj03_freefly_api_uart.a(UART.o)
                0x00001bbc                UART_PutArray
 .text.UART_IntClock_Start
                0x00001be4       0x1c .\CortexM3\ARM_GCC_541\Debug\Proj03_freefly_api_uart.a(UART_IntClock.o)
                0x00001be4                UART_IntClock_Start
 .text.CyDelay  0x00001c00       0x2c .\CortexM3\ARM_GCC_541\Debug\Proj03_freefly_api_uart.a(CyLib.o)
                0x00001c00                CyDelay
 .text.isr_rx_SetVector
                0x00001c2c        0xc .\CortexM3\ARM_GCC_541\Debug\Proj03_freefly_api_uart.a(isr_rx.o)
                0x00001c2c                isr_rx_SetVector
 .text.isr_rx_SetPriority
                0x00001c38       0x10 .\CortexM3\ARM_GCC_541\Debug\Proj03_freefly_api_uart.a(isr_rx.o)
                0x00001c38                isr_rx_SetPriority
 .text.isr_rx_Enable
                0x00001c48        0xc .\CortexM3\ARM_GCC_541\Debug\Proj03_freefly_api_uart.a(isr_rx.o)
                0x00001c48                isr_rx_Enable
 .text.isr_rx_Disable
                0x00001c54        0xc .\CortexM3\ARM_GCC_541\Debug\Proj03_freefly_api_uart.a(isr_rx.o)
                0x00001c54                isr_rx_Disable
 .text.isr_rx_StartEx
                0x00001c60       0x1c .\CortexM3\ARM_GCC_541\Debug\Proj03_freefly_api_uart.a(isr_rx.o)
                0x00001c60                isr_rx_StartEx
 .text.SW1_debounced_Read
                0x00001c7c       0x10 .\CortexM3\ARM_GCC_541\Debug\Proj03_freefly_api_uart.a(SW1_debounced.o)
                0x00001c7c                SW1_debounced_Read
 *fill*         0x00001c8c        0x4 
 .text          0x00001c90       0x20 .\CortexM3\ARM_GCC_541\Debug\Proj03_freefly_api_uart.a(CyBootAsmGnu.o)
                0x00001c90                CyDelayCycles
                0x00001ca0                CyEnterCriticalSection
                0x00001ca8                CyExitCriticalSection
 .text          0x00001cb0      0x21c d:/program files (x86)/psoc creator/4.4/psoc creator/import/gnu/arm/5.4.1/bin/../lib/gcc/arm-none-eabi/5.4.1/armv7-m\libgcc.a(_arm_addsubsf3.o)
                0x00001cb0                __aeabi_frsub
                0x00001cb8                __subsf3
                0x00001cb8                __aeabi_fsub
                0x00001cbc                __aeabi_fadd
                0x00001cbc                __addsf3
                0x00001e1c                __aeabi_ui2f
                0x00001e1c                __floatunsisf
                0x00001e24                __aeabi_i2f
                0x00001e24                __floatsisf
                0x00001e40                __aeabi_ul2f
                0x00001e40                __floatundisf
                0x00001e50                __aeabi_l2f
                0x00001e50                __floatdisf
 .text          0x00001ecc      0x2a0 d:/program files (x86)/psoc creator/4.4/psoc creator/import/gnu/arm/5.4.1/bin/../lib/gcc/arm-none-eabi/5.4.1/armv7-m\libgcc.a(_arm_muldivsf3.o)
                0x00001ecc                __mulsf3
                0x00001ecc                __aeabi_fmul
                0x00002034                __aeabi_fdiv
                0x00002034                __divsf3
 .text          0x0000216c       0xec d:/program files (x86)/psoc creator/4.4/psoc creator/import/gnu/arm/5.4.1/bin/../lib/gcc/arm-none-eabi/5.4.1/armv7-m\libgcc.a(_arm_cmpsf2.o)
                0x0000216c                __gesf2
                0x0000216c                __gtsf2
                0x00002174                __lesf2
                0x00002174                __ltsf2
                0x0000217c                __nesf2
                0x0000217c                __eqsf2
                0x0000217c                __cmpsf2
                0x000021dc                __aeabi_cfrcmple
                0x000021e4                __aeabi_cfcmpeq
                0x000021e4                __aeabi_cfcmple
                0x000021f4                __aeabi_fcmpeq
                0x00002208                __aeabi_fcmplt
                0x0000221c                __aeabi_fcmple
                0x00002230                __aeabi_fcmpge
                0x00002244                __aeabi_fcmpgt
 .text          0x00002258       0x2c d:/program files (x86)/psoc creator/4.4/psoc creator/import/gnu/arm/5.4.1/bin/../lib/gcc/arm-none-eabi/5.4.1/armv7-m\libgcc.a(_arm_unordsf2.o)
                0x00002258                __unordsf2
                0x00002258                __aeabi_fcmpun
 .text          0x00002284       0x4c d:/program files (x86)/psoc creator/4.4/psoc creator/import/gnu/arm/5.4.1/bin/../lib/gcc/arm-none-eabi/5.4.1/armv7-m\libgcc.a(_arm_fixsfsi.o)
                0x00002284                __aeabi_f2iz
                0x00002284                __fixsfsi
 .text          0x000022d0       0x40 d:/program files (x86)/psoc creator/4.4/psoc creator/import/gnu/arm/5.4.1/bin/../lib/gcc/arm-none-eabi/5.4.1/armv7-m\libgcc.a(_arm_fixunssfsi.o)
                0x000022d0                __fixunssfsi
                0x000022d0                __aeabi_f2uiz
 .text.__errno  0x00002310        0xc d:/program files (x86)/psoc creator/4.4/psoc creator/import/gnu/arm/5.4.1/bin/../lib/gcc/arm-none-eabi/5.4.1/../../../../arm-none-eabi/lib/armv7-m\libg_nano.a(lib_a-errno.o)
                0x00002310                __errno
 .text.__libc_init_array
                0x0000231c       0x4c d:/program files (x86)/psoc creator/4.4/psoc creator/import/gnu/arm/5.4.1/bin/../lib/gcc/arm-none-eabi/5.4.1/../../../../arm-none-eabi/lib/armv7-m\libg_nano.a(lib_a-init.o)
                0x0000231c                __libc_init_array
 .text.memcpy   0x00002368       0x16 d:/program files (x86)/psoc creator/4.4/psoc creator/import/gnu/arm/5.4.1/bin/../lib/gcc/arm-none-eabi/5.4.1/../../../../arm-none-eabi/lib/armv7-m\libg_nano.a(lib_a-memcpy-stub.o)
                0x00002368                memcpy
 .text.memset   0x0000237e       0x10 d:/program files (x86)/psoc creator/4.4/psoc creator/import/gnu/arm/5.4.1/bin/../lib/gcc/arm-none-eabi/5.4.1/../../../../arm-none-eabi/lib/armv7-m\libg_nano.a(lib_a-memset.o)
                0x0000237e                memset
 *fill*         0x0000238e        0x2 
 .text.sprintf  0x00002390       0x48 d:/program files (x86)/psoc creator/4.4/psoc creator/import/gnu/arm/5.4.1/bin/../lib/gcc/arm-none-eabi/5.4.1/../../../../arm-none-eabi/lib/armv7-m\libg_nano.a(lib_a-sprintf.o)
                0x00002390                siprintf
                0x00002390                sprintf
 .text.__ssputs_r
                0x000023d8       0xb2 d:/program files (x86)/psoc creator/4.4/psoc creator/import/gnu/arm/5.4.1/bin/../lib/gcc/arm-none-eabi/5.4.1/../../../../arm-none-eabi/lib/armv7-m\libg_nano.a(lib_a-nano-svfprintf.o)
                0x000023d8                __ssputs_r
 *fill*         0x0000248a        0x2 
 .text._svfprintf_r
                0x0000248c      0x1e8 d:/program files (x86)/psoc creator/4.4/psoc creator/import/gnu/arm/5.4.1/bin/../lib/gcc/arm-none-eabi/5.4.1/../../../../arm-none-eabi/lib/armv7-m\libg_nano.a(lib_a-nano-svfprintf.o)
                0x0000248c                _svfiprintf_r
                0x0000248c                _svfprintf_r
 .text._printf_common
                0x00002674       0xec d:/program files (x86)/psoc creator/4.4/psoc creator/import/gnu/arm/5.4.1/bin/../lib/gcc/arm-none-eabi/5.4.1/../../../../arm-none-eabi/lib/armv7-m\libg_nano.a(lib_a-nano-vfprintf_i.o)
                0x00002674                _printf_common
 .text._printf_i
                0x00002760      0x24c d:/program files (x86)/psoc creator/4.4/psoc creator/import/gnu/arm/5.4.1/bin/../lib/gcc/arm-none-eabi/5.4.1/../../../../arm-none-eabi/lib/armv7-m\libg_nano.a(lib_a-nano-vfprintf_i.o)
                0x00002760                _printf_i
 .text.memchr   0x000029ac       0x1c d:/program files (x86)/psoc creator/4.4/psoc creator/import/gnu/arm/5.4.1/bin/../lib/gcc/arm-none-eabi/5.4.1/../../../../arm-none-eabi/lib/armv7-m\libg_nano.a(lib_a-memchr-stub.o)
                0x000029ac                memchr
 .text.memmove  0x000029c8       0x36 d:/program files (x86)/psoc creator/4.4/psoc creator/import/gnu/arm/5.4.1/bin/../lib/gcc/arm-none-eabi/5.4.1/../../../../arm-none-eabi/lib/armv7-m\libg_nano.a(lib_a-memmove.o)
                0x000029c8                memmove
 *fill*         0x000029fe        0x2 
 .text._free_r  0x00002a00       0x98 d:/program files (x86)/psoc creator/4.4/psoc creator/import/gnu/arm/5.4.1/bin/../lib/gcc/arm-none-eabi/5.4.1/../../../../arm-none-eabi/lib/armv7-m\libg_nano.a(lib_a-nano-freer.o)
                0x00002a00                _free_r
 .text._malloc_r
                0x00002a98       0xbc d:/program files (x86)/psoc creator/4.4/psoc creator/import/gnu/arm/5.4.1/bin/../lib/gcc/arm-none-eabi/5.4.1/../../../../arm-none-eabi/lib/armv7-m\libg_nano.a(lib_a-nano-mallocr.o)
                0x00002a98                _malloc_r
 .text._realloc_r
                0x00002b54       0x4c d:/program files (x86)/psoc creator/4.4/psoc creator/import/gnu/arm/5.4.1/bin/../lib/gcc/arm-none-eabi/5.4.1/../../../../arm-none-eabi/lib/armv7-m\libg_nano.a(lib_a-nano-reallocr.o)
                0x00002b54                _realloc_r
 .text._sbrk_r  0x00002ba0       0x20 d:/program files (x86)/psoc creator/4.4/psoc creator/import/gnu/arm/5.4.1/bin/../lib/gcc/arm-none-eabi/5.4.1/../../../../arm-none-eabi/lib/armv7-m\libg_nano.a(lib_a-sbrkr.o)
                0x00002ba0                _sbrk_r
 .text.__malloc_lock
                0x00002bc0        0x2 d:/program files (x86)/psoc creator/4.4/psoc creator/import/gnu/arm/5.4.1/bin/../lib/gcc/arm-none-eabi/5.4.1/../../../../arm-none-eabi/lib/armv7-m\libg_nano.a(lib_a-mlock.o)
                0x00002bc0                __malloc_lock
 .text.__malloc_unlock
                0x00002bc2        0x2 d:/program files (x86)/psoc creator/4.4/psoc creator/import/gnu/arm/5.4.1/bin/../lib/gcc/arm-none-eabi/5.4.1/../../../../arm-none-eabi/lib/armv7-m\libg_nano.a(lib_a-mlock.o)
                0x00002bc2                __malloc_unlock
 .text._malloc_usable_size_r
                0x00002bc4       0x14 d:/program files (x86)/psoc creator/4.4/psoc creator/import/gnu/arm/5.4.1/bin/../lib/gcc/arm-none-eabi/5.4.1/../../../../arm-none-eabi/lib/armv7-m\libg_nano.a(lib_a-nano-msizer.o)
                0x00002bc4                _malloc_usable_size_r
 *(.plt)
 *(.gnu.warning)
 *(.glue_7t)
 .glue_7t       0x00002bd8        0x0 linker stubs
 *(.glue_7)
 .glue_7        0x00002bd8        0x0 linker stubs
 *(.vfp11_veneer)
 .vfp11_veneer  0x00002bd8        0x0 linker stubs
 *(.bootloader)
 *(.ARM.extab* .gnu.linkonce.armextab.*)
 *(.gcc_except_table)

.v4_bx          0x00002bd8        0x0
 .v4_bx         0x00002bd8        0x0 linker stubs

.iplt           0x00002bd8        0x0
 .iplt          0x00002bd8        0x0 d:/program files (x86)/psoc creator/4.4/psoc creator/import/gnu/arm/5.4.1/bin/../lib/gcc/arm-none-eabi/5.4.1/armv7-m/crtbegin.o

.eh_frame_hdr
 *(.eh_frame_hdr)

.eh_frame       0x00002bd8        0x4
 *(.eh_frame)
 .eh_frame      0x00002bd8        0x0 d:/program files (x86)/psoc creator/4.4/psoc creator/import/gnu/arm/5.4.1/bin/../lib/gcc/arm-none-eabi/5.4.1/armv7-m/crtbegin.o
 .eh_frame      0x00002bd8        0x4 d:/program files (x86)/psoc creator/4.4/psoc creator/import/gnu/arm/5.4.1/bin/../lib/gcc/arm-none-eabi/5.4.1/armv7-m/crtend.o
                [!provide]                PROVIDE (__exidx_start, .)

.ARM.exidx
 *(.ARM.exidx* .gnu.linkonce.armexidx.*)
                0x00002bdc                __exidx_end = .

.rodata         0x00002bdc      0x10c
 *(.rodata .rodata.* .gnu.linkonce.r.*)
 .rodata.str1.4
                0x00002bdc       0x64 .\CortexM3\ARM_GCC_541\Debug\main.o
                                 0x67 (size before relaxing)
 .rodata        0x00002c40       0x3a .\CortexM3\ARM_GCC_541\Debug\cyfitter_cfg.o
 .rodata.str1.1
                0x00002c7a        0x2 d:/program files (x86)/psoc creator/4.4/psoc creator/import/gnu/arm/5.4.1/bin/../lib/gcc/arm-none-eabi/5.4.1/../../../../arm-none-eabi/lib/armv7-m\libg_nano.a(lib_a-impure.o)
 .rodata.str1.1
                0x00002c7c       0x11 d:/program files (x86)/psoc creator/4.4/psoc creator/import/gnu/arm/5.4.1/bin/../lib/gcc/arm-none-eabi/5.4.1/../../../../arm-none-eabi/lib/armv7-m\libg_nano.a(lib_a-nano-svfprintf.o)
 .rodata.str1.1
                0x00002c8d       0x22 d:/program files (x86)/psoc creator/4.4/psoc creator/import/gnu/arm/5.4.1/bin/../lib/gcc/arm-none-eabi/5.4.1/../../../../arm-none-eabi/lib/armv7-m\libg_nano.a(lib_a-nano-vfprintf_i.o)
                0x00002cb0                . = ALIGN (0x4)
 *fill*         0x00002caf        0x1 
 *(.init)
 .init          0x00002cb0        0x4 d:/program files (x86)/psoc creator/4.4/psoc creator/import/gnu/arm/5.4.1/bin/../lib/gcc/arm-none-eabi/5.4.1/armv7-m/crti.o
                0x00002cb0                _init
 .init          0x00002cb4        0x8 d:/program files (x86)/psoc creator/4.4/psoc creator/import/gnu/arm/5.4.1/bin/../lib/gcc/arm-none-eabi/5.4.1/armv7-m/crtn.o
                0x00002cbc                . = ALIGN (0x4)
                0x00002cbc                __preinit_array_start = .
 *(.preinit_array)
                0x00002cbc                __preinit_array_end = .
                0x00002cbc                . = ALIGN (0x4)
                0x00002cbc                __init_array_start = .
 *(SORT(.init_array.*))
 *(.init_array)
 .init_array    0x00002cbc        0x4 d:/program files (x86)/psoc creator/4.4/psoc creator/import/gnu/arm/5.4.1/bin/../lib/gcc/arm-none-eabi/5.4.1/armv7-m/crtbegin.o
 .init_array    0x00002cc0        0x4 .\CortexM3\ARM_GCC_541\Debug\Cm3Start.o
                0x00002cc4                __init_array_end = .
                0x00002cc4                . = ALIGN (0x4)
 *(.fini)
 .fini          0x00002cc4        0x4 d:/program files (x86)/psoc creator/4.4/psoc creator/import/gnu/arm/5.4.1/bin/../lib/gcc/arm-none-eabi/5.4.1/armv7-m/crti.o
                0x00002cc4                _fini
 .fini          0x00002cc8        0x8 d:/program files (x86)/psoc creator/4.4/psoc creator/import/gnu/arm/5.4.1/bin/../lib/gcc/arm-none-eabi/5.4.1/armv7-m/crtn.o
                0x00002cd0                . = ALIGN (0x4)
                0x00002cd0                __fini_array_start = .
 *(.fini_array)
 .fini_array    0x00002cd0        0x4 d:/program files (x86)/psoc creator/4.4/psoc creator/import/gnu/arm/5.4.1/bin/../lib/gcc/arm-none-eabi/5.4.1/armv7-m/crtbegin.o
 *(SORT(.fini_array.*))
                0x00002cd4                __fini_array_end = .
                0x00002cd4                . = ALIGN (0x4)
 *crtbegin.o(.ctors)
 *(EXCLUDE_FILE(*crtend.o) .ctors)
 *(SORT(.ctors.*))
 *crtend.o(.ctors)
                0x00002cd4                . = ALIGN (0x4)
 *crtbegin.o(.dtors)
 *(EXCLUDE_FILE(*crtend.o) .dtors)
 *(SORT(.dtors.*))
 *crtend.o(.dtors)
                0x00002cd4                . = ALIGN (0x4)
                0x00002cd4                __cy_regions = .
                0x00002cd4        0x4 LONG 0x2ce8 __cy_region_init_ram
                0x00002cd8        0x4 LONG 0x1fff80c8 __cy_region_start_data
                0x00002cdc        0x4 LONG 0xf0 __cy_region_init_size_ram
                0x00002ce0        0x4 LONG 0x168 __cy_region_zero_size_ram
                0x00002ce4                __cy_regions_end = .
                0x00002ce8                . = ALIGN (0x8)
 *fill*         0x00002ce4        0x4 
                0x00002ce8                _etext = .

.cy_checksum_exclude
                0x00002ce8        0x0
 *(.cy_checksum_exclude)

.ramvectors     0x1fff8000       0xc0
                0x1fff8000                __cy_region_start_ram = .
 *(.ramvectors)
 .ramvectors    0x1fff8000       0xc0 .\CortexM3\ARM_GCC_541\Debug\Cm3Start.o
                0x1fff8000                CyRamVectors

.noinit         0x1fff80c0        0x1
 *(.noinit)
 .noinit        0x1fff80c0        0x1 .\CortexM3\ARM_GCC_541\Debug\Proj03_freefly_api_uart.a(CyLib.o)
                0x1fff80c0                CyResetStatus

.data           0x1fff80c8       0xf0 load address 0x00002ce8
                0x1fff80c8                __cy_region_start_data = .
 *(.jcr)
 .jcr           0x1fff80c8        0x0 d:/program files (x86)/psoc creator/4.4/psoc creator/import/gnu/arm/5.4.1/bin/../lib/gcc/arm-none-eabi/5.4.1/armv7-m/crtbegin.o
 .jcr           0x1fff80c8        0x4 d:/program files (x86)/psoc creator/4.4/psoc creator/import/gnu/arm/5.4.1/bin/../lib/gcc/arm-none-eabi/5.4.1/armv7-m/crtend.o
 *(.got.plt)
 *(.got)
 *(.shdata)
 *(.data .data.* .gnu.linkonce.d.*)
 .data          0x1fff80cc       0x74 .\CortexM3\ARM_GCC_541\Debug\QX_Protocol_App.o
                0x1fff80cc                FreeflyAPI
 .data          0x1fff8140        0x4 .\CortexM3\ARM_GCC_541\Debug\Cm3Start.o
 .data          0x1fff8144       0x10 .\CortexM3\ARM_GCC_541\Debug\Proj03_freefly_api_uart.a(CyLib.o)
                0x1fff8144                cydelay_32k_ms
                0x1fff8148                cydelay_freq_khz
                0x1fff814c                cydelay_freq_mhz
                0x1fff8150                cydelay_freq_hz
 .data.impure_data
                0x1fff8154       0x60 d:/program files (x86)/psoc creator/4.4/psoc creator/import/gnu/arm/5.4.1/bin/../lib/gcc/arm-none-eabi/5.4.1/../../../../arm-none-eabi/lib/armv7-m\libg_nano.a(lib_a-impure.o)
 .data._impure_ptr
                0x1fff81b4        0x4 d:/program files (x86)/psoc creator/4.4/psoc creator/import/gnu/arm/5.4.1/bin/../lib/gcc/arm-none-eabi/5.4.1/../../../../arm-none-eabi/lib/armv7-m\libg_nano.a(lib_a-impure.o)
                0x1fff81b4                _impure_ptr
                0x1fff81b8                . = ALIGN (0x8)
 *(.ram)
                0x1fff81b8                _edata = .

.igot.plt       0x1fff81b8        0x0 load address 0x00002dd8
 .igot.plt      0x1fff81b8        0x0 d:/program files (x86)/psoc creator/4.4/psoc creator/import/gnu/arm/5.4.1/bin/../lib/gcc/arm-none-eabi/5.4.1/armv7-m/crtbegin.o

.bss            0x1fff81b8      0x168 load address 0x00002dd8
                0x1fff81b8                PROVIDE (__bss_start__, .)
 *(.shbss)
 *(.bss .bss.* .gnu.linkonce.b.*)
 .bss           0x1fff81b8       0x1c d:/program files (x86)/psoc creator/4.4/psoc creator/import/gnu/arm/5.4.1/bin/../lib/gcc/arm-none-eabi/5.4.1/armv7-m/crtbegin.o
 .bss           0x1fff81d4        0x8 .\CortexM3\ARM_GCC_541\Debug\QX_Protocol.o
                0x1fff81d4                QX_BuildHeader_Legacy
                0x1fff81d8                QX_ParseHeader_Legacy
 .bss           0x1fff81dc        0x2 .\CortexM3\ARM_GCC_541\Debug\Proj03_freefly_api_uart.a(UART.o)
                0x1fff81dc                UART_initVar
 *fill*         0x1fff81de        0x2 
 .bss.__malloc_sbrk_start
                0x1fff81e0        0x4 d:/program files (x86)/psoc creator/4.4/psoc creator/import/gnu/arm/5.4.1/bin/../lib/gcc/arm-none-eabi/5.4.1/../../../../arm-none-eabi/lib/armv7-m\libg_nano.a(lib_a-nano-mallocr.o)
                0x1fff81e0                __malloc_sbrk_start
 .bss.__malloc_free_list
                0x1fff81e4        0x4 d:/program files (x86)/psoc creator/4.4/psoc creator/import/gnu/arm/5.4.1/bin/../lib/gcc/arm-none-eabi/5.4.1/../../../../arm-none-eabi/lib/armv7-m\libg_nano.a(lib_a-nano-mallocr.o)
                0x1fff81e4                __malloc_free_list
 *(COMMON)
 COMMON         0x1fff81e8        0xc .\CortexM3\ARM_GCC_541\Debug\QX_Parsing_Functions.o
                0x1fff81e8                rw
                0x1fff81ea                get_uint16_t
                0x1fff81ec                rw_orig
                0x1fff81f0                msgPtr
 COMMON         0x1fff81f4       0x9c .\CortexM3\ARM_GCC_541\Debug\QX_Protocol.o
                0x1fff81f4                QX_Clients
                0x1fff81fc                QX_CommsPorts
                0x1fff8288                QX_Servers
 COMMON         0x1fff8290       0x88 .\CortexM3\ARM_GCC_541\Debug\simple_buffer.o
                0x1fff8290                tail
                0x1fff8294                head
                0x1fff8298                Buf
 COMMON         0x1fff8318        0x4 d:/program files (x86)/psoc creator/4.4/psoc creator/import/gnu/arm/5.4.1/bin/../lib/gcc/arm-none-eabi/5.4.1/../../../../arm-none-eabi/lib/armv7-m\libg_nano.a(lib_a-reent.o)
                0x1fff8318                errno
                0x1fff8320                . = ALIGN (0x8)
 *fill*         0x1fff831c        0x4 
 *(.ram.b)
                0x1fff8320                _end = .
                0x1fff8320                __end = .
                0x1fff8320                PROVIDE (end, .)
                0x1fff8320                PROVIDE (__bss_end__, .)
                0x00002ce8                __cy_region_init_ram = LOADADDR (.data)
                0x000000f0                __cy_region_init_size_ram = (_edata - ADDR (.data))
                0x00000168                __cy_region_zero_size_ram = (_end - _edata)

.heap           0x1fff8320       0x80 load address 0x00002dd8
                0x1fff8320                . = _end
                0x1fff83a0                . = (. + 0x80)
 *fill*         0x1fff8320       0x80 
                0x1fff83a0                __cy_heap_limit = .

.stack          0x20007800      0x800
                0x20007800                __cy_stack_limit = .
                0x20008000                . = (. + 0x800)
 *fill*         0x20007800      0x800 
                0x00000001                ASSERT ((__cy_stack_limit >= __cy_heap_limit), region RAM overflowed with stack)
                0x00000000                cy_checksum_exclude_size = (CY_APPL_LOADABLE == 0x1)?SIZEOF (.cy_checksum_exclude):0x0
                0x00000001                ASSERT ((cy_checksum_exclude_size <= CY_CHECKSUM_EXCLUDE_SIZE), CY_BOOT: Section .cy_checksum_exclude size exceedes specified limit.)

.cyloadermeta
 *(.cyloadermeta)

.cyloadablemeta
 *(.cyloadablemeta)

.cyconfigecc    0x80000000      0x41c
 *(.cyconfigecc)
 .cyconfigecc   0x80000000      0x41c .\CortexM3\ARM_GCC_541\Debug\cymetadata.o
                0x80000000                cy_meta_configecc

.cycustnvl      0x90000000        0x4
 *(.cycustnvl)
 .cycustnvl     0x90000000        0x4 .\CortexM3\ARM_GCC_541\Debug\cymetadata.o
                0x90000000                cy_meta_custnvl

.cywolatch      0x90100000        0x4
 *(.cywolatch)
 .cywolatch     0x90100000        0x4 .\CortexM3\ARM_GCC_541\Debug\cymetadata.o
                0x90100000                cy_meta_wonvl

.cyeeprom       0x90200000        0x0
 *(.cyeeprom)
                0x00000001                ASSERT ((. <= ((0x90200000 + ee_offset) + ee_size)), .cyeeprom data will not fit in EEPROM)

.cyflashprotect
                0x90400000      0x100
 *(.cyflashprotect)
 .cyflashprotect
                0x90400000      0x100 .\CortexM3\ARM_GCC_541\Debug\cymetadata.o
                0x90400000                cy_meta_flashprotect

.cymeta         0x90500000        0xc
 *(.cymeta)
 .cymeta        0x90500000        0xc .\CortexM3\ARM_GCC_541\Debug\cymetadata.o
                0x90500000                cy_metadata

.rel.dyn        0x00002dd8        0x0 load address 0x9050000c
 .rel.iplt      0x00002dd8        0x0 d:/program files (x86)/psoc creator/4.4/psoc creator/import/gnu/arm/5.4.1/bin/../lib/gcc/arm-none-eabi/5.4.1/armv7-m/crtbegin.o

.stab
 *(.stab)

.stabstr
 *(.stabstr)

.debug
 *(.debug)

.line
 *(.line)

.debug_srcinfo
 *(.debug_srcinfo)

.debug_sfnames
 *(.debug_sfnames)

.debug_aranges  0x00000000      0xa18
 *(.debug_aranges)
 .debug_aranges
                0x00000000       0x38 .\CortexM3\ARM_GCC_541\Debug\main.o
 .debug_aranges
                0x00000038      0x160 .\CortexM3\ARM_GCC_541\Debug\QX_Parsing_Functions.o
 .debug_aranges
                0x00000198       0xe0 .\CortexM3\ARM_GCC_541\Debug\QX_Protocol.o
 .debug_aranges
                0x00000278       0x48 .\CortexM3\ARM_GCC_541\Debug\QX_Protocol_App.o
 .debug_aranges
                0x000002c0       0x28 .\CortexM3\ARM_GCC_541\Debug\simple_buffer.o
 .debug_aranges
                0x000002e8       0x58 .\CortexM3\ARM_GCC_541\Debug\cyfitter_cfg.o
 .debug_aranges
                0x00000340       0x18 .\CortexM3\ARM_GCC_541\Debug\cymetadata.o
 .debug_aranges
                0x00000358       0x48 .\CortexM3\ARM_GCC_541\Debug\Cm3Start.o
 .debug_aranges
                0x000003a0       0xf0 .\CortexM3\ARM_GCC_541\Debug\Proj03_freefly_api_uart.a(UART.o)
 .debug_aranges
                0x00000490       0x70 .\CortexM3\ARM_GCC_541\Debug\Proj03_freefly_api_uart.a(UART_IntClock.o)
 .debug_aranges
                0x00000500      0x2a0 .\CortexM3\ARM_GCC_541\Debug\Proj03_freefly_api_uart.a(CyLib.o)
 .debug_aranges
                0x000007a0       0x98 .\CortexM3\ARM_GCC_541\Debug\Proj03_freefly_api_uart.a(cyPm.o)
 .debug_aranges
                0x00000838       0x80 .\CortexM3\ARM_GCC_541\Debug\Proj03_freefly_api_uart.a(isr_rx.o)
 .debug_aranges
                0x000008b8       0x38 .\CortexM3\ARM_GCC_541\Debug\Proj03_freefly_api_uart.a(SW1_debounced.o)
 .debug_aranges
                0x000008f0       0x20 .\CortexM3\ARM_GCC_541\Debug\Proj03_freefly_api_uart.a(CyBootAsmGnu.o)
 .debug_aranges
                0x00000910       0x88 .\CortexM3\ARM_GCC_541\Debug\Proj03_freefly_api_uart.a(CyFlash.o)
 .debug_aranges
                0x00000998       0x80 .\CortexM3\ARM_GCC_541\Debug\Proj03_freefly_api_uart.a(CySpc.o)

.debug_pubnames
 *(.debug_pubnames)

.debug_info     0x00000000     0x80fa
 *(.debug_info .gnu.linkonce.wi.*)
 .debug_info    0x00000000      0xb58 .\CortexM3\ARM_GCC_541\Debug\main.o
 .debug_info    0x00000b58      0xfb3 .\CortexM3\ARM_GCC_541\Debug\QX_Parsing_Functions.o
 .debug_info    0x00001b0b     0x110c .\CortexM3\ARM_GCC_541\Debug\QX_Protocol.o
 .debug_info    0x00002c17     0x1282 .\CortexM3\ARM_GCC_541\Debug\QX_Protocol_App.o
 .debug_info    0x00003e99      0x197 .\CortexM3\ARM_GCC_541\Debug\simple_buffer.o
 .debug_info    0x00004030      0x594 .\CortexM3\ARM_GCC_541\Debug\cyfitter_cfg.o
 .debug_info    0x000045c4      0x135 .\CortexM3\ARM_GCC_541\Debug\cymetadata.o
 .debug_info    0x000046f9      0x3bb .\CortexM3\ARM_GCC_541\Debug\Cm3Start.o
 .debug_info    0x00004ab4      0x60c .\CortexM3\ARM_GCC_541\Debug\Proj03_freefly_api_uart.a(UART.o)
 .debug_info    0x000050c0      0x283 .\CortexM3\ARM_GCC_541\Debug\Proj03_freefly_api_uart.a(UART_IntClock.o)
 .debug_info    0x00005343     0x1374 .\CortexM3\ARM_GCC_541\Debug\Proj03_freefly_api_uart.a(CyLib.o)
 .debug_info    0x000066b7      0xa2a .\CortexM3\ARM_GCC_541\Debug\Proj03_freefly_api_uart.a(cyPm.o)
 .debug_info    0x000070e1      0x2d2 .\CortexM3\ARM_GCC_541\Debug\Proj03_freefly_api_uart.a(isr_rx.o)
 .debug_info    0x000073b3      0x11f .\CortexM3\ARM_GCC_541\Debug\Proj03_freefly_api_uart.a(SW1_debounced.o)
 .debug_info    0x000074d2       0x8b .\CortexM3\ARM_GCC_541\Debug\Proj03_freefly_api_uart.a(CyBootAsmGnu.o)
 .debug_info    0x0000755d      0x64d .\CortexM3\ARM_GCC_541\Debug\Proj03_freefly_api_uart.a(CyFlash.o)
 .debug_info    0x00007baa      0x550 .\CortexM3\ARM_GCC_541\Debug\Proj03_freefly_api_uart.a(CySpc.o)

.debug_abbrev   0x00000000     0x1968
 *(.debug_abbrev)
 .debug_abbrev  0x00000000      0x21b .\CortexM3\ARM_GCC_541\Debug\main.o
 .debug_abbrev  0x0000021b      0x1c5 .\CortexM3\ARM_GCC_541\Debug\QX_Parsing_Functions.o
 .debug_abbrev  0x000003e0      0x264 .\CortexM3\ARM_GCC_541\Debug\QX_Protocol.o
 .debug_abbrev  0x00000644      0x206 .\CortexM3\ARM_GCC_541\Debug\QX_Protocol_App.o
 .debug_abbrev  0x0000084a       0xc4 .\CortexM3\ARM_GCC_541\Debug\simple_buffer.o
 .debug_abbrev  0x0000090e      0x20d .\CortexM3\ARM_GCC_541\Debug\cyfitter_cfg.o
 .debug_abbrev  0x00000b1b       0x66 .\CortexM3\ARM_GCC_541\Debug\cymetadata.o
 .debug_abbrev  0x00000b81      0x1e8 .\CortexM3\ARM_GCC_541\Debug\Cm3Start.o
 .debug_abbrev  0x00000d69      0x175 .\CortexM3\ARM_GCC_541\Debug\Proj03_freefly_api_uart.a(UART.o)
 .debug_abbrev  0x00000ede      0x139 .\CortexM3\ARM_GCC_541\Debug\Proj03_freefly_api_uart.a(UART_IntClock.o)
 .debug_abbrev  0x00001017      0x254 .\CortexM3\ARM_GCC_541\Debug\Proj03_freefly_api_uart.a(CyLib.o)
 .debug_abbrev  0x0000126b      0x1ab .\CortexM3\ARM_GCC_541\Debug\Proj03_freefly_api_uart.a(cyPm.o)
 .debug_abbrev  0x00001416      0x173 .\CortexM3\ARM_GCC_541\Debug\Proj03_freefly_api_uart.a(isr_rx.o)
 .debug_abbrev  0x00001589       0x90 .\CortexM3\ARM_GCC_541\Debug\Proj03_freefly_api_uart.a(SW1_debounced.o)
 .debug_abbrev  0x00001619       0x14 .\CortexM3\ARM_GCC_541\Debug\Proj03_freefly_api_uart.a(CyBootAsmGnu.o)
 .debug_abbrev  0x0000162d      0x1a7 .\CortexM3\ARM_GCC_541\Debug\Proj03_freefly_api_uart.a(CyFlash.o)
 .debug_abbrev  0x000017d4      0x194 .\CortexM3\ARM_GCC_541\Debug\Proj03_freefly_api_uart.a(CySpc.o)

.debug_line     0x00000000     0x303a
 *(.debug_line)
 .debug_line    0x00000000      0x26c .\CortexM3\ARM_GCC_541\Debug\main.o
 .debug_line    0x0000026c      0x783 .\CortexM3\ARM_GCC_541\Debug\QX_Parsing_Functions.o
 .debug_line    0x000009ef      0x502 .\CortexM3\ARM_GCC_541\Debug\QX_Protocol.o
 .debug_line    0x00000ef1      0x443 .\CortexM3\ARM_GCC_541\Debug\QX_Protocol_App.o
 .debug_line    0x00001334      0x162 .\CortexM3\ARM_GCC_541\Debug\simple_buffer.o
 .debug_line    0x00001496      0x1ed .\CortexM3\ARM_GCC_541\Debug\cyfitter_cfg.o
 .debug_line    0x00001683      0x131 .\CortexM3\ARM_GCC_541\Debug\cymetadata.o
 .debug_line    0x000017b4      0x224 .\CortexM3\ARM_GCC_541\Debug\Cm3Start.o
 .debug_line    0x000019d8      0x2bc .\CortexM3\ARM_GCC_541\Debug\Proj03_freefly_api_uart.a(UART.o)
 .debug_line    0x00001c94      0x17c .\CortexM3\ARM_GCC_541\Debug\Proj03_freefly_api_uart.a(UART_IntClock.o)
 .debug_line    0x00001e10      0x816 .\CortexM3\ARM_GCC_541\Debug\Proj03_freefly_api_uart.a(CyLib.o)
 .debug_line    0x00002626      0x367 .\CortexM3\ARM_GCC_541\Debug\Proj03_freefly_api_uart.a(cyPm.o)
 .debug_line    0x0000298d      0x133 .\CortexM3\ARM_GCC_541\Debug\Proj03_freefly_api_uart.a(isr_rx.o)
 .debug_line    0x00002ac0       0x9a .\CortexM3\ARM_GCC_541\Debug\Proj03_freefly_api_uart.a(SW1_debounced.o)
 .debug_line    0x00002b5a       0x66 .\CortexM3\ARM_GCC_541\Debug\Proj03_freefly_api_uart.a(CyBootAsmGnu.o)
 .debug_line    0x00002bc0      0x21a .\CortexM3\ARM_GCC_541\Debug\Proj03_freefly_api_uart.a(CyFlash.o)
 .debug_line    0x00002dda      0x260 .\CortexM3\ARM_GCC_541\Debug\Proj03_freefly_api_uart.a(CySpc.o)

.debug_frame    0x00000000     0x20f4
 *(.debug_frame)
 .debug_frame   0x00000000       0x98 .\CortexM3\ARM_GCC_541\Debug\main.o
 .debug_frame   0x00000098      0x568 .\CortexM3\ARM_GCC_541\Debug\QX_Parsing_Functions.o
 .debug_frame   0x00000600      0x388 .\CortexM3\ARM_GCC_541\Debug\QX_Protocol.o
 .debug_frame   0x00000988       0xbc .\CortexM3\ARM_GCC_541\Debug\QX_Protocol_App.o
 .debug_frame   0x00000a44       0x68 .\CortexM3\ARM_GCC_541\Debug\simple_buffer.o
 .debug_frame   0x00000aac       0xe4 .\CortexM3\ARM_GCC_541\Debug\cyfitter_cfg.o
 .debug_frame   0x00000b90       0xb8 .\CortexM3\ARM_GCC_541\Debug\Cm3Start.o
 .debug_frame   0x00000c48      0x250 .\CortexM3\ARM_GCC_541\Debug\Proj03_freefly_api_uart.a(UART.o)
 .debug_frame   0x00000e98       0xe0 .\CortexM3\ARM_GCC_541\Debug\Proj03_freefly_api_uart.a(UART_IntClock.o)
 .debug_frame   0x00000f78      0x738 .\CortexM3\ARM_GCC_541\Debug\Proj03_freefly_api_uart.a(CyLib.o)
 .debug_frame   0x000016b0      0x1f8 .\CortexM3\ARM_GCC_541\Debug\Proj03_freefly_api_uart.a(cyPm.o)
 .debug_frame   0x000018a8      0x104 .\CortexM3\ARM_GCC_541\Debug\Proj03_freefly_api_uart.a(isr_rx.o)
 .debug_frame   0x000019ac       0x50 .\CortexM3\ARM_GCC_541\Debug\Proj03_freefly_api_uart.a(SW1_debounced.o)
 .debug_frame   0x000019fc      0x194 .\CortexM3\ARM_GCC_541\Debug\Proj03_freefly_api_uart.a(CyFlash.o)
 .debug_frame   0x00001b90      0x180 .\CortexM3\ARM_GCC_541\Debug\Proj03_freefly_api_uart.a(CySpc.o)
 .debug_frame   0x00001d10       0x20 d:/program files (x86)/psoc creator/4.4/psoc creator/import/gnu/arm/5.4.1/bin/../lib/gcc/arm-none-eabi/5.4.1/../../../../arm-none-eabi/lib/armv7-m\libg_nano.a(lib_a-errno.o)
 .debug_frame   0x00001d30       0x28 d:/program files (x86)/psoc creator/4.4/psoc creator/import/gnu/arm/5.4.1/bin/../lib/gcc/arm-none-eabi/5.4.1/../../../../arm-none-eabi/lib/armv7-m\libg_nano.a(lib_a-exit.o)
 .debug_frame   0x00001d58       0x2c d:/program files (x86)/psoc creator/4.4/psoc creator/import/gnu/arm/5.4.1/bin/../lib/gcc/arm-none-eabi/5.4.1/../../../../arm-none-eabi/lib/armv7-m\libg_nano.a(lib_a-init.o)
 .debug_frame   0x00001d84       0x28 d:/program files (x86)/psoc creator/4.4/psoc creator/import/gnu/arm/5.4.1/bin/../lib/gcc/arm-none-eabi/5.4.1/../../../../arm-none-eabi/lib/armv7-m\libg_nano.a(lib_a-memcpy-stub.o)
 .debug_frame   0x00001dac       0x20 d:/program files (x86)/psoc creator/4.4/psoc creator/import/gnu/arm/5.4.1/bin/../lib/gcc/arm-none-eabi/5.4.1/../../../../arm-none-eabi/lib/armv7-m\libg_nano.a(lib_a-memset.o)
 .debug_frame   0x00001dcc       0x70 d:/program files (x86)/psoc creator/4.4/psoc creator/import/gnu/arm/5.4.1/bin/../lib/gcc/arm-none-eabi/5.4.1/../../../../arm-none-eabi/lib/armv7-m\libg_nano.a(lib_a-sprintf.o)
 .debug_frame   0x00001e3c       0x90 d:/program files (x86)/psoc creator/4.4/psoc creator/import/gnu/arm/5.4.1/bin/../lib/gcc/arm-none-eabi/5.4.1/../../../../arm-none-eabi/lib/armv7-m\libg_nano.a(lib_a-nano-svfprintf.o)
 .debug_frame   0x00001ecc       0x60 d:/program files (x86)/psoc creator/4.4/psoc creator/import/gnu/arm/5.4.1/bin/../lib/gcc/arm-none-eabi/5.4.1/../../../../arm-none-eabi/lib/armv7-m\libg_nano.a(lib_a-nano-vfprintf_i.o)
 .debug_frame   0x00001f2c       0x28 d:/program files (x86)/psoc creator/4.4/psoc creator/import/gnu/arm/5.4.1/bin/../lib/gcc/arm-none-eabi/5.4.1/../../../../arm-none-eabi/lib/armv7-m\libg_nano.a(lib_a-memchr-stub.o)
 .debug_frame   0x00001f54       0x28 d:/program files (x86)/psoc creator/4.4/psoc creator/import/gnu/arm/5.4.1/bin/../lib/gcc/arm-none-eabi/5.4.1/../../../../arm-none-eabi/lib/armv7-m\libg_nano.a(lib_a-memmove.o)
 .debug_frame   0x00001f7c       0x38 d:/program files (x86)/psoc creator/4.4/psoc creator/import/gnu/arm/5.4.1/bin/../lib/gcc/arm-none-eabi/5.4.1/../../../../arm-none-eabi/lib/armv7-m\libg_nano.a(lib_a-nano-freer.o)
 .debug_frame   0x00001fb4       0x2c d:/program files (x86)/psoc creator/4.4/psoc creator/import/gnu/arm/5.4.1/bin/../lib/gcc/arm-none-eabi/5.4.1/../../../../arm-none-eabi/lib/armv7-m\libg_nano.a(lib_a-nano-mallocr.o)
 .debug_frame   0x00001fe0       0x3c d:/program files (x86)/psoc creator/4.4/psoc creator/import/gnu/arm/5.4.1/bin/../lib/gcc/arm-none-eabi/5.4.1/../../../../arm-none-eabi/lib/armv7-m\libg_nano.a(lib_a-nano-reallocr.o)
 .debug_frame   0x0000201c       0x2c d:/program files (x86)/psoc creator/4.4/psoc creator/import/gnu/arm/5.4.1/bin/../lib/gcc/arm-none-eabi/5.4.1/../../../../arm-none-eabi/lib/armv7-m\libg_nano.a(lib_a-sbrkr.o)
 .debug_frame   0x00002048       0x30 d:/program files (x86)/psoc creator/4.4/psoc creator/import/gnu/arm/5.4.1/bin/../lib/gcc/arm-none-eabi/5.4.1/../../../../arm-none-eabi/lib/armv7-m\libg_nano.a(lib_a-mlock.o)
 .debug_frame   0x00002078       0x20 d:/program files (x86)/psoc creator/4.4/psoc creator/import/gnu/arm/5.4.1/bin/../lib/gcc/arm-none-eabi/5.4.1/../../../../arm-none-eabi/lib/armv7-m\libg_nano.a(lib_a-nano-msizer.o)
 .debug_frame   0x00002098       0x5c d:/program files (x86)/psoc creator/4.4/psoc creator/import/gnu/arm/5.4.1/bin/../lib/gcc/arm-none-eabi/5.4.1/../../../../arm-none-eabi/lib/armv7-m\libg_nano.a(lib_a-reent.o)

.debug_str      0x00000000     0x2bfb
 *(.debug_str)
 .debug_str     0x00000000      0xa3d .\CortexM3\ARM_GCC_541\Debug\main.o
                                0xacc (size before relaxing)
 .debug_str     0x00000a3d      0x4da .\CortexM3\ARM_GCC_541\Debug\QX_Parsing_Functions.o
                                0x6b6 (size before relaxing)
 .debug_str     0x00000f17      0x50f .\CortexM3\ARM_GCC_541\Debug\QX_Protocol.o
                                0xabe (size before relaxing)
 .debug_str     0x00001426       0xff .\CortexM3\ARM_GCC_541\Debug\QX_Protocol_App.o
                                0xc81 (size before relaxing)
 .debug_str     0x00001525       0x42 .\CortexM3\ARM_GCC_541\Debug\simple_buffer.o
                                0x1dd (size before relaxing)
 .debug_str     0x00001567      0x1af .\CortexM3\ARM_GCC_541\Debug\cyfitter_cfg.o
                                0x33f (size before relaxing)
 .debug_str     0x00001716       0x75 .\CortexM3\ARM_GCC_541\Debug\cymetadata.o
                                0x1df (size before relaxing)
 .debug_str     0x0000178b      0x13f .\CortexM3\ARM_GCC_541\Debug\Cm3Start.o
                                0x305 (size before relaxing)
 .debug_str     0x000018ca      0x275 .\CortexM3\ARM_GCC_541\Debug\Proj03_freefly_api_uart.a(UART.o)
                                0x470 (size before relaxing)
 .debug_str     0x00001b3f      0x183 .\CortexM3\ARM_GCC_541\Debug\Proj03_freefly_api_uart.a(UART_IntClock.o)
                                0x331 (size before relaxing)
 .debug_str     0x00001cc2      0x814 .\CortexM3\ARM_GCC_541\Debug\Proj03_freefly_api_uart.a(CyLib.o)
                                0xa42 (size before relaxing)
 .debug_str     0x000024d6      0x365 .\CortexM3\ARM_GCC_541\Debug\Proj03_freefly_api_uart.a(cyPm.o)
                                0x72e (size before relaxing)
 .debug_str     0x0000283b       0xe5 .\CortexM3\ARM_GCC_541\Debug\Proj03_freefly_api_uart.a(isr_rx.o)
                                0x2af (size before relaxing)
 .debug_str     0x00002920       0x7b .\CortexM3\ARM_GCC_541\Debug\Proj03_freefly_api_uart.a(SW1_debounced.o)
                                0x205 (size before relaxing)
 .debug_str     0x0000299b      0x1b4 .\CortexM3\ARM_GCC_541\Debug\Proj03_freefly_api_uart.a(CyFlash.o)
                                0x3bb (size before relaxing)
 .debug_str     0x00002b4f       0xac .\CortexM3\ARM_GCC_541\Debug\Proj03_freefly_api_uart.a(CySpc.o)
                                0x333 (size before relaxing)

.debug_loc      0x00000000     0x43ee
 *(.debug_loc)
 .debug_loc     0x00000000      0x130 .\CortexM3\ARM_GCC_541\Debug\main.o
 .debug_loc     0x00000130     0x1708 .\CortexM3\ARM_GCC_541\Debug\QX_Parsing_Functions.o
 .debug_loc     0x00001838      0xacd .\CortexM3\ARM_GCC_541\Debug\QX_Protocol.o
 .debug_loc     0x00002305      0x1d9 .\CortexM3\ARM_GCC_541\Debug\QX_Protocol_App.o
 .debug_loc     0x000024de       0xab .\CortexM3\ARM_GCC_541\Debug\simple_buffer.o
 .debug_loc     0x00002589      0x259 .\CortexM3\ARM_GCC_541\Debug\cyfitter_cfg.o
 .debug_loc     0x000027e2      0x144 .\CortexM3\ARM_GCC_541\Debug\Cm3Start.o
 .debug_loc     0x00002926      0x258 .\CortexM3\ARM_GCC_541\Debug\Proj03_freefly_api_uart.a(UART.o)
 .debug_loc     0x00002b7e      0x12c .\CortexM3\ARM_GCC_541\Debug\Proj03_freefly_api_uart.a(UART_IntClock.o)
 .debug_loc     0x00002caa      0xa11 .\CortexM3\ARM_GCC_541\Debug\Proj03_freefly_api_uart.a(CyLib.o)
 .debug_loc     0x000036bb      0x1e4 .\CortexM3\ARM_GCC_541\Debug\Proj03_freefly_api_uart.a(cyPm.o)
 .debug_loc     0x0000389f       0x56 .\CortexM3\ARM_GCC_541\Debug\Proj03_freefly_api_uart.a(isr_rx.o)
 .debug_loc     0x000038f5       0x42 .\CortexM3\ARM_GCC_541\Debug\Proj03_freefly_api_uart.a(SW1_debounced.o)
 .debug_loc     0x00003937      0x3b2 .\CortexM3\ARM_GCC_541\Debug\Proj03_freefly_api_uart.a(CyFlash.o)
 .debug_loc     0x00003ce9      0x705 .\CortexM3\ARM_GCC_541\Debug\Proj03_freefly_api_uart.a(CySpc.o)

.debug_macinfo
 *(.debug_macinfo)

.debug_ranges   0x00000000      0x908
 *(.debug_ranges)
 .debug_ranges  0x00000000       0x40 .\CortexM3\ARM_GCC_541\Debug\main.o
 .debug_ranges  0x00000040      0x150 .\CortexM3\ARM_GCC_541\Debug\QX_Parsing_Functions.o
 .debug_ranges  0x00000190       0xd0 .\CortexM3\ARM_GCC_541\Debug\QX_Protocol.o
 .debug_ranges  0x00000260       0x38 .\CortexM3\ARM_GCC_541\Debug\QX_Protocol_App.o
 .debug_ranges  0x00000298       0x18 .\CortexM3\ARM_GCC_541\Debug\simple_buffer.o
 .debug_ranges  0x000002b0       0x48 .\CortexM3\ARM_GCC_541\Debug\cyfitter_cfg.o
 .debug_ranges  0x000002f8       0x38 .\CortexM3\ARM_GCC_541\Debug\Cm3Start.o
 .debug_ranges  0x00000330       0xe0 .\CortexM3\ARM_GCC_541\Debug\Proj03_freefly_api_uart.a(UART.o)
 .debug_ranges  0x00000410       0x60 .\CortexM3\ARM_GCC_541\Debug\Proj03_freefly_api_uart.a(UART_IntClock.o)
 .debug_ranges  0x00000470      0x290 .\CortexM3\ARM_GCC_541\Debug\Proj03_freefly_api_uart.a(CyLib.o)
 .debug_ranges  0x00000700       0x88 .\CortexM3\ARM_GCC_541\Debug\Proj03_freefly_api_uart.a(cyPm.o)
 .debug_ranges  0x00000788       0x70 .\CortexM3\ARM_GCC_541\Debug\Proj03_freefly_api_uart.a(isr_rx.o)
 .debug_ranges  0x000007f8       0x28 .\CortexM3\ARM_GCC_541\Debug\Proj03_freefly_api_uart.a(SW1_debounced.o)
 .debug_ranges  0x00000820       0x78 .\CortexM3\ARM_GCC_541\Debug\Proj03_freefly_api_uart.a(CyFlash.o)
 .debug_ranges  0x00000898       0x70 .\CortexM3\ARM_GCC_541\Debug\Proj03_freefly_api_uart.a(CySpc.o)

.comment        0x00000000       0x6e
 .comment       0x00000000       0x6e .\CortexM3\ARM_GCC_541\Debug\main.o
                                 0x6f (size before relaxing)
 .comment       0x0000006e       0x6f .\CortexM3\ARM_GCC_541\Debug\QX_Parsing_Functions.o
 .comment       0x0000006e       0x6f .\CortexM3\ARM_GCC_541\Debug\QX_Protocol.o
 .comment       0x0000006e       0x6f .\CortexM3\ARM_GCC_541\Debug\QX_Protocol_App.o
 .comment       0x0000006e       0x6f .\CortexM3\ARM_GCC_541\Debug\simple_buffer.o
 .comment       0x0000006e       0x6f .\CortexM3\ARM_GCC_541\Debug\cyfitter_cfg.o
 .comment       0x0000006e       0x6f .\CortexM3\ARM_GCC_541\Debug\cymetadata.o
 .comment       0x0000006e       0x6f .\CortexM3\ARM_GCC_541\Debug\Cm3Start.o
 .comment       0x0000006e       0x6f .\CortexM3\ARM_GCC_541\Debug\Proj03_freefly_api_uart.a(UART.o)
 .comment       0x0000006e       0x6f .\CortexM3\ARM_GCC_541\Debug\Proj03_freefly_api_uart.a(UART_IntClock.o)
 .comment       0x0000006e       0x6f .\CortexM3\ARM_GCC_541\Debug\Proj03_freefly_api_uart.a(CyLib.o)
 .comment       0x0000006e       0x6f .\CortexM3\ARM_GCC_541\Debug\Proj03_freefly_api_uart.a(cyPm.o)
 .comment       0x0000006e       0x6f .\CortexM3\ARM_GCC_541\Debug\Proj03_freefly_api_uart.a(isr_rx.o)
 .comment       0x0000006e       0x6f .\CortexM3\ARM_GCC_541\Debug\Proj03_freefly_api_uart.a(SW1_debounced.o)
 .comment       0x0000006e       0x6f .\CortexM3\ARM_GCC_541\Debug\Proj03_freefly_api_uart.a(CyFlash.o)
 .comment       0x0000006e       0x6f .\CortexM3\ARM_GCC_541\Debug\Proj03_freefly_api_uart.a(CySpc.o)

.debug_weaknames
 *(.debug_weaknames)

.debug_funcnames
 *(.debug_funcnames)

.debug_typenames
 *(.debug_typenames)

.debug_varnames
 *(.debug_varnames)

.note.gnu.arm.ident
 *(.note.gnu.arm.ident)

.ARM.attributes
                0x00000000       0x29
 *(.ARM.attributes)
 .ARM.attributes
                0x00000000       0x1d d:/program files (x86)/psoc creator/4.4/psoc creator/import/gnu/arm/5.4.1/bin/../lib/gcc/arm-none-eabi/5.4.1/armv7-m/crti.o
 .ARM.attributes
                0x0000001d       0x2d d:/program files (x86)/psoc creator/4.4/psoc creator/import/gnu/arm/5.4.1/bin/../lib/gcc/arm-none-eabi/5.4.1/armv7-m/crtbegin.o
 .ARM.attributes
                0x0000004a       0x1b d:/program files (x86)/psoc creator/4.4/psoc creator/import/gnu/arm/5.4.1/bin/../lib/gcc/arm-none-eabi/5.4.1/../../../../arm-none-eabi/lib/armv7-m/crt0.o
 .ARM.attributes
                0x00000065       0x33 .\CortexM3\ARM_GCC_541\Debug\main.o
 .ARM.attributes
                0x00000098       0x33 .\CortexM3\ARM_GCC_541\Debug\QX_Parsing_Functions.o
 .ARM.attributes
                0x000000cb       0x33 .\CortexM3\ARM_GCC_541\Debug\QX_Protocol.o
 .ARM.attributes
                0x000000fe       0x33 .\CortexM3\ARM_GCC_541\Debug\QX_Protocol_App.o
 .ARM.attributes
                0x00000131       0x33 .\CortexM3\ARM_GCC_541\Debug\simple_buffer.o
 .ARM.attributes
                0x00000164       0x33 .\CortexM3\ARM_GCC_541\Debug\cyfitter_cfg.o
 .ARM.attributes
                0x00000197       0x33 .\CortexM3\ARM_GCC_541\Debug\cymetadata.o
 .ARM.attributes
                0x000001ca       0x33 .\CortexM3\ARM_GCC_541\Debug\Cm3Start.o
 .ARM.attributes
                0x000001fd       0x33 .\CortexM3\ARM_GCC_541\Debug\Proj03_freefly_api_uart.a(UART.o)
 .ARM.attributes
                0x00000230       0x33 .\CortexM3\ARM_GCC_541\Debug\Proj03_freefly_api_uart.a(UART_IntClock.o)
 .ARM.attributes
                0x00000263       0x33 .\CortexM3\ARM_GCC_541\Debug\Proj03_freefly_api_uart.a(CyLib.o)
 .ARM.attributes
                0x00000296       0x33 .\CortexM3\ARM_GCC_541\Debug\Proj03_freefly_api_uart.a(cyPm.o)
 .ARM.attributes
                0x000002c9       0x33 .\CortexM3\ARM_GCC_541\Debug\Proj03_freefly_api_uart.a(isr_rx.o)
 .ARM.attributes
                0x000002fc       0x33 .\CortexM3\ARM_GCC_541\Debug\Proj03_freefly_api_uart.a(SW1_debounced.o)
 .ARM.attributes
                0x0000032f       0x21 .\CortexM3\ARM_GCC_541\Debug\Proj03_freefly_api_uart.a(CyBootAsmGnu.o)
 .ARM.attributes
                0x00000350       0x33 .\CortexM3\ARM_GCC_541\Debug\Proj03_freefly_api_uart.a(CyFlash.o)
 .ARM.attributes
                0x00000383       0x33 .\CortexM3\ARM_GCC_541\Debug\Proj03_freefly_api_uart.a(CySpc.o)
 .ARM.attributes
                0x000003b6       0x1d d:/program files (x86)/psoc creator/4.4/psoc creator/import/gnu/arm/5.4.1/bin/../lib/gcc/arm-none-eabi/5.4.1/armv7-m\libgcc.a(_arm_addsubsf3.o)
 .ARM.attributes
                0x000003d3       0x1d d:/program files (x86)/psoc creator/4.4/psoc creator/import/gnu/arm/5.4.1/bin/../lib/gcc/arm-none-eabi/5.4.1/armv7-m\libgcc.a(_arm_muldivsf3.o)
 .ARM.attributes
                0x000003f0       0x1d d:/program files (x86)/psoc creator/4.4/psoc creator/import/gnu/arm/5.4.1/bin/../lib/gcc/arm-none-eabi/5.4.1/armv7-m\libgcc.a(_arm_cmpsf2.o)
 .ARM.attributes
                0x0000040d       0x1d d:/program files (x86)/psoc creator/4.4/psoc creator/import/gnu/arm/5.4.1/bin/../lib/gcc/arm-none-eabi/5.4.1/armv7-m\libgcc.a(_arm_unordsf2.o)
 .ARM.attributes
                0x0000042a       0x1d d:/program files (x86)/psoc creator/4.4/psoc creator/import/gnu/arm/5.4.1/bin/../lib/gcc/arm-none-eabi/5.4.1/armv7-m\libgcc.a(_arm_fixsfsi.o)
 .ARM.attributes
                0x00000447       0x1d d:/program files (x86)/psoc creator/4.4/psoc creator/import/gnu/arm/5.4.1/bin/../lib/gcc/arm-none-eabi/5.4.1/armv7-m\libgcc.a(_arm_fixunssfsi.o)
 .ARM.attributes
                0x00000464       0x2d d:/program files (x86)/psoc creator/4.4/psoc creator/import/gnu/arm/5.4.1/bin/../lib/gcc/arm-none-eabi/5.4.1/../../../../arm-none-eabi/lib/armv7-m\libg_nano.a(lib_a-errno.o)
 .ARM.attributes
                0x00000491       0x2d d:/program files (x86)/psoc creator/4.4/psoc creator/import/gnu/arm/5.4.1/bin/../lib/gcc/arm-none-eabi/5.4.1/../../../../arm-none-eabi/lib/armv7-m\libg_nano.a(lib_a-exit.o)
 .ARM.attributes
                0x000004be       0x2d d:/program files (x86)/psoc creator/4.4/psoc creator/import/gnu/arm/5.4.1/bin/../lib/gcc/arm-none-eabi/5.4.1/../../../../arm-none-eabi/lib/armv7-m\libg_nano.a(lib_a-impure.o)
 .ARM.attributes
                0x000004eb       0x2d d:/program files (x86)/psoc creator/4.4/psoc creator/import/gnu/arm/5.4.1/bin/../lib/gcc/arm-none-eabi/5.4.1/../../../../arm-none-eabi/lib/armv7-m\libg_nano.a(lib_a-init.o)
 .ARM.attributes
                0x00000518       0x2d d:/program files (x86)/psoc creator/4.4/psoc creator/import/gnu/arm/5.4.1/bin/../lib/gcc/arm-none-eabi/5.4.1/../../../../arm-none-eabi/lib/armv7-m\libg_nano.a(lib_a-memcpy-stub.o)
 .ARM.attributes
                0x00000545       0x2d d:/program files (x86)/psoc creator/4.4/psoc creator/import/gnu/arm/5.4.1/bin/../lib/gcc/arm-none-eabi/5.4.1/../../../../arm-none-eabi/lib/armv7-m\libg_nano.a(lib_a-memset.o)
 .ARM.attributes
                0x00000572       0x2d d:/program files (x86)/psoc creator/4.4/psoc creator/import/gnu/arm/5.4.1/bin/../lib/gcc/arm-none-eabi/5.4.1/../../../../arm-none-eabi/lib/armv7-m\libg_nano.a(lib_a-sprintf.o)
 .ARM.attributes
                0x0000059f       0x2d d:/program files (x86)/psoc creator/4.4/psoc creator/import/gnu/arm/5.4.1/bin/../lib/gcc/arm-none-eabi/5.4.1/../../../../arm-none-eabi/lib/armv7-m\libg_nano.a(lib_a-nano-svfprintf.o)
 .ARM.attributes
                0x000005cc       0x2d d:/program files (x86)/psoc creator/4.4/psoc creator/import/gnu/arm/5.4.1/bin/../lib/gcc/arm-none-eabi/5.4.1/../../../../arm-none-eabi/lib/armv7-m\libg_nano.a(lib_a-nano-vfprintf_i.o)
 .ARM.attributes
                0x000005f9       0x2d d:/program files (x86)/psoc creator/4.4/psoc creator/import/gnu/arm/5.4.1/bin/../lib/gcc/arm-none-eabi/5.4.1/../../../../arm-none-eabi/lib/armv7-m\libg_nano.a(lib_a-memchr-stub.o)
 .ARM.attributes
                0x00000626       0x2d d:/program files (x86)/psoc creator/4.4/psoc creator/import/gnu/arm/5.4.1/bin/../lib/gcc/arm-none-eabi/5.4.1/../../../../arm-none-eabi/lib/armv7-m\libg_nano.a(lib_a-memmove.o)
 .ARM.attributes
                0x00000653       0x2d d:/program files (x86)/psoc creator/4.4/psoc creator/import/gnu/arm/5.4.1/bin/../lib/gcc/arm-none-eabi/5.4.1/../../../../arm-none-eabi/lib/armv7-m\libg_nano.a(lib_a-nano-freer.o)
 .ARM.attributes
                0x00000680       0x2d d:/program files (x86)/psoc creator/4.4/psoc creator/import/gnu/arm/5.4.1/bin/../lib/gcc/arm-none-eabi/5.4.1/../../../../arm-none-eabi/lib/armv7-m\libg_nano.a(lib_a-nano-mallocr.o)
 .ARM.attributes
                0x000006ad       0x2d d:/program files (x86)/psoc creator/4.4/psoc creator/import/gnu/arm/5.4.1/bin/../lib/gcc/arm-none-eabi/5.4.1/../../../../arm-none-eabi/lib/armv7-m\libg_nano.a(lib_a-nano-reallocr.o)
 .ARM.attributes
                0x000006da       0x2d d:/program files (x86)/psoc creator/4.4/psoc creator/import/gnu/arm/5.4.1/bin/../lib/gcc/arm-none-eabi/5.4.1/../../../../arm-none-eabi/lib/armv7-m\libg_nano.a(lib_a-sbrkr.o)
 .ARM.attributes
                0x00000707       0x2d d:/program files (x86)/psoc creator/4.4/psoc creator/import/gnu/arm/5.4.1/bin/../lib/gcc/arm-none-eabi/5.4.1/../../../../arm-none-eabi/lib/armv7-m\libg_nano.a(lib_a-mlock.o)
 .ARM.attributes
                0x00000734       0x2d d:/program files (x86)/psoc creator/4.4/psoc creator/import/gnu/arm/5.4.1/bin/../lib/gcc/arm-none-eabi/5.4.1/../../../../arm-none-eabi/lib/armv7-m\libg_nano.a(lib_a-nano-msizer.o)
 .ARM.attributes
                0x00000761       0x2d d:/program files (x86)/psoc creator/4.4/psoc creator/import/gnu/arm/5.4.1/bin/../lib/gcc/arm-none-eabi/5.4.1/../../../../arm-none-eabi/lib/armv7-m\libg_nano.a(lib_a-reent.o)
 .ARM.attributes
                0x0000078e       0x2d d:/program files (x86)/psoc creator/4.4/psoc creator/import/gnu/arm/5.4.1/bin/../lib/gcc/arm-none-eabi/5.4.1/armv7-m/crtend.o
 .ARM.attributes
                0x000007bb       0x1d d:/program files (x86)/psoc creator/4.4/psoc creator/import/gnu/arm/5.4.1/bin/../lib/gcc/arm-none-eabi/5.4.1/armv7-m/crtn.o

/DISCARD/
 *(.note.GNU-stack)
OUTPUT(D:\PSoC Programs\test_projects\Proj03_freefly_api_uart.cydsn\CortexM3\ARM_GCC_541\Debug\Proj03_freefly_api_uart.elf elf32-littlearm)
