Archive member included to satisfy reference by file (symbol)

.\ARM_GCC_541\Debug\Proj06_freefly_uart_control_test_gps.a(ADC_DelSig_1.o)
                              .\ARM_GCC_541\Debug\adc_balanced.o (ADC_DelSig_1_Start)
.\ARM_GCC_541\Debug\Proj06_freefly_uart_control_test_gps.a(ADC_DelSig_1_INT.o)
                              .\ARM_GCC_541\Debug\Proj06_freefly_uart_control_test_gps.a(ADC_DelSig_1.o) (ADC_DelSig_1_ISR1)
.\ARM_GCC_541\Debug\Proj06_freefly_uart_control_test_gps.a(UART_1.o)
                              .\ARM_GCC_541\Debug\main.o (UART_1_Start)
.\ARM_GCC_541\Debug\Proj06_freefly_uart_control_test_gps.a(AMux_1.o)
                              .\ARM_GCC_541\Debug\adc_balanced.o (AMux_1_Start)
.\ARM_GCC_541\Debug\Proj06_freefly_uart_control_test_gps.a(isr_adc.o)
                              .\ARM_GCC_541\Debug\adc_balanced.o (isr_adc_StartEx)
.\ARM_GCC_541\Debug\Proj06_freefly_uart_control_test_gps.a(UART_MOVI.o)
                              .\ARM_GCC_541\Debug\main.o (UART_MOVI_Start)
.\ARM_GCC_541\Debug\Proj06_freefly_uart_control_test_gps.a(isr_rx_movi.o)
                              .\ARM_GCC_541\Debug\main.o (isr_rx_movi_StartEx)
.\ARM_GCC_541\Debug\Proj06_freefly_uart_control_test_gps.a(Looptimer.o)
                              .\ARM_GCC_541\Debug\main.o (Looptimer_Start)
.\ARM_GCC_541\Debug\Proj06_freefly_uart_control_test_gps.a(isr_Looptimer.o)
                              .\ARM_GCC_541\Debug\main.o (isr_Looptimer_StartEx)
.\ARM_GCC_541\Debug\Proj06_freefly_uart_control_test_gps.a(ADC_DelSig_1_AMux.o)
                              .\ARM_GCC_541\Debug\Proj06_freefly_uart_control_test_gps.a(ADC_DelSig_1.o) (ADC_DelSig_1_AMux_Select)
.\ARM_GCC_541\Debug\Proj06_freefly_uart_control_test_gps.a(ADC_DelSig_1_Ext_CP_Clk.o)
                              .\ARM_GCC_541\Debug\Proj06_freefly_uart_control_test_gps.a(ADC_DelSig_1.o) (ADC_DelSig_1_Ext_CP_Clk_SetDividerRegister)
.\ARM_GCC_541\Debug\Proj06_freefly_uart_control_test_gps.a(ADC_DelSig_1_theACLK.o)
                              .\ARM_GCC_541\Debug\Proj06_freefly_uart_control_test_gps.a(ADC_DelSig_1.o) (ADC_DelSig_1_theACLK_SetDividerRegister)
.\ARM_GCC_541\Debug\Proj06_freefly_uart_control_test_gps.a(UART_1_IntClock.o)
                              .\ARM_GCC_541\Debug\Proj06_freefly_uart_control_test_gps.a(UART_1.o) (UART_1_IntClock_Start)
.\ARM_GCC_541\Debug\Proj06_freefly_uart_control_test_gps.a(CyLib.o)
                              .\ARM_GCC_541\Debug\Cm3Start.o (CyResetStatus)
.\ARM_GCC_541\Debug\Proj06_freefly_uart_control_test_gps.a(cyPm.o)
                              .\ARM_GCC_541\Debug\Proj06_freefly_uart_control_test_gps.a(CyLib.o) (CyPmReadStatus)
.\ARM_GCC_541\Debug\Proj06_freefly_uart_control_test_gps.a(Pin_Sensitivity.o)
                              .\ARM_GCC_541\Debug\main.o (Pin_Sensitivity_Read)
.\ARM_GCC_541\Debug\Proj06_freefly_uart_control_test_gps.a(CyBootAsmGnu.o)
                              .\ARM_GCC_541\Debug\cyfitter_cfg.o (CyDelayCycles)
.\ARM_GCC_541\Debug\Proj06_freefly_uart_control_test_gps.a(CyFlash.o)
                              .\ARM_GCC_541\Debug\Proj06_freefly_uart_control_test_gps.a(cyPm.o) (CyFlash_SetWaitCycles)
.\ARM_GCC_541\Debug\Proj06_freefly_uart_control_test_gps.a(CySpc.o)
                              .\ARM_GCC_541\Debug\Proj06_freefly_uart_control_test_gps.a(CyFlash.o) (CySpcStart)
c:/program files (x86)/cypress/psoc creator/4.4/psoc creator/import/gnu/arm/5.4.1/bin/../lib/gcc/arm-none-eabi/5.4.1/../../../../arm-none-eabi/lib/armv7-m\libm.a(lib_a-wf_asin.o)
                              .\ARM_GCC_541\Debug\main.o (asinf)
c:/program files (x86)/cypress/psoc creator/4.4/psoc creator/import/gnu/arm/5.4.1/bin/../lib/gcc/arm-none-eabi/5.4.1/../../../../arm-none-eabi/lib/armv7-m\libm.a(lib_a-wf_atan2.o)
                              .\ARM_GCC_541\Debug\main.o (atan2f)
c:/program files (x86)/cypress/psoc creator/4.4/psoc creator/import/gnu/arm/5.4.1/bin/../lib/gcc/arm-none-eabi/5.4.1/../../../../arm-none-eabi/lib/armv7-m\libm.a(lib_a-ef_asin.o)
                              c:/program files (x86)/cypress/psoc creator/4.4/psoc creator/import/gnu/arm/5.4.1/bin/../lib/gcc/arm-none-eabi/5.4.1/../../../../arm-none-eabi/lib/armv7-m\libm.a(lib_a-wf_asin.o) (__ieee754_asinf)
c:/program files (x86)/cypress/psoc creator/4.4/psoc creator/import/gnu/arm/5.4.1/bin/../lib/gcc/arm-none-eabi/5.4.1/../../../../arm-none-eabi/lib/armv7-m\libm.a(lib_a-ef_atan2.o)
                              c:/program files (x86)/cypress/psoc creator/4.4/psoc creator/import/gnu/arm/5.4.1/bin/../lib/gcc/arm-none-eabi/5.4.1/../../../../arm-none-eabi/lib/armv7-m\libm.a(lib_a-wf_atan2.o) (__ieee754_atan2f)
c:/program files (x86)/cypress/psoc creator/4.4/psoc creator/import/gnu/arm/5.4.1/bin/../lib/gcc/arm-none-eabi/5.4.1/../../../../arm-none-eabi/lib/armv7-m\libm.a(lib_a-ef_sqrt.o)
[...]
Memory Configuration

Name             Origin             Length             Attributes
rom              0x00000000         0x00040000         xr
ram              0x1fff8000         0x00010000         xrw
*default*        0x00000000         0xffffffff

Linker script and memory map

LOAD c:/program files (x86)/cypress/psoc creator/4.4/psoc creator/import/gnu/arm/5.4.1/bin/../lib/gcc/arm-none-eabi/5.4.1/armv7-m/crti.o
LOAD c:/program files (x86)/cypress/psoc creator/4.4/psoc creator/import/gnu/arm/5.4.1/bin/../lib/gcc/arm-none-eabi/5.4.1/armv7-m/crtbegin.o
LOAD c:/program files (x86)/cypress/psoc creator/4.4/psoc creator/import/gnu/arm/5.4.1/bin/../lib/gcc/arm-none-eabi/5.4.1/../../../../arm-none-eabi/lib/armv7-m/crt0.o
START GROUP
LOAD .\ARM_GCC_541\Debug\main.o
LOAD .\ARM_GCC_541\Debug\adc_balanced.o
LOAD .\ARM_GCC_541\Debug\joystick.o
LOAD .\ARM_GCC_541\Debug\movi_rb.o
LOAD .\ARM_GCC_541\Debug\movi_comm.o
LOAD .\ARM_GCC_541\Debug\QX_Parsing_Functions.o
LOAD .\ARM_GCC_541\Debug\QX_Protocol.o
LOAD .\ARM_GCC_541\Debug\QX_Protocol_App.o
LOAD .\ARM_GCC_541\Debug\simple_buffer.o
LOAD .\ARM_GCC_541\Debug\cyfitter_cfg.o
LOAD .\ARM_GCC_541\Debug\cymetadata.o
LOAD .\ARM_GCC_541\Debug\Cm3Start.o
LOAD .\ARM_GCC_541\Debug\Proj06_freefly_uart_control_test_gps.a
LOAD C:\Program Files (x86)\Cypress\PSoC Creator\4.4\PSoC Creator\psoc\content\cycomponentlibrary\CyComponentLibrary.cylib\CortexM3\ARM_GCC_541\Debug\CyComponentLibrary.a
LOAD c:/program files (x86)/cypress/psoc creator/4.4/psoc creator/import/gnu/arm/5.4.1/bin/../lib/gcc/arm-none-eabi/5.4.1/../../../../arm-none-eabi/lib/armv7-m\libm.a
END GROUP
START GROUP
LOAD c:/program files (x86)/cypress/psoc creator/4.4/psoc creator/import/gnu/arm/5.4.1/bin/../lib/gcc/arm-none-eabi/5.4.1/armv7-m\libgcc.a
LOAD c:/program files (x86)/cypress/psoc creator/4.4/psoc creator/import/gnu/arm/5.4.1/bin/../lib/gcc/arm-none-eabi/5.4.1/../../../../arm-none-eabi/lib/armv7-m\libg_nano.a
LOAD c:/program files (x86)/cypress/psoc creator/4.4/psoc creator/import/gnu/arm/5.4.1/bin/../lib/gcc/arm-none-eabi/5.4.1/../../../../arm-none-eabi/lib/armv7-m\libc_nano.a
END GROUP
START GROUP
LOAD c:/program files (x86)/cypress/psoc creator/4.4/psoc creator/import/gnu/arm/5.4.1/bin/../lib/gcc/arm-none-eabi/5.4.1/armv7-m\libgcc.a
LOAD c:/program files (x86)/cypress/psoc creator/4.4/psoc creator/import/gnu/arm/5.4.1/bin/../lib/gcc/arm-none-eabi/5.4.1/../../../../arm-none-eabi/lib/armv7-m\libc_nano.a
END GROUP
LOAD c:/program files (x86)/cypress/psoc creator/4.4/psoc creator/import/gnu/arm/5.4.1/bin/../lib/gcc/arm-none-eabi/5.4.1/armv7-m/crtend.o
LOAD c:/program files (x86)/cypress/psoc creator/4.4/psoc creator/import/gnu/arm/5.4.1/bin/../lib/gcc/arm-none-eabi/5.4.1/armv7-m/crtn.o
START GROUP
LOAD c:/program files (x86)/cypress/psoc creator/4.4/psoc creator/import/gnu/arm/5.4.1/bin/../lib/gcc/arm-none-eabi/5.4.1/armv7-m\libgcc.a
LOAD c:/program files (x86)/cypress/psoc creator/4.4/psoc creator/import/gnu/arm/5.4.1/bin/../lib/gcc/arm-none-eabi/5.4.1/../../../../arm-none-eabi/lib/armv7-m\libc.a
LOAD c:/program files (x86)/cypress/psoc creator/4.4/psoc creator/import/gnu/arm/5.4.1/bin/../lib/gcc/arm-none-eabi/5.4.1/../../../../arm-none-eabi/lib/armv7-m\libnosys.a
END GROUP
                0x00000000                CY_APPL_ORIGIN = 0x0
                0x00000100                CY_FLASH_ROW_SIZE = 0x100
                0x00000020                CY_ECC_ROW_SIZE = 0x20
                0x00000000                CY_EE_IN_BTLDR = 0x0
                0x00000000                CY_APPL_LOADABLE = 0x0
                0x00000800                CY_EE_SIZE = 0x800
                0x00000001                CY_APPL_NUM = 0x1
                0x00000001                CY_APPL_MAX = 0x1
                0x00000040                CY_METADATA_SIZE = 0x40
                0x00000000                CY_APPL_LOADABLE = 0x0
                0x00000000                CY_CHECKSUM_EXCLUDE_SIZE = ALIGN (0x0, CY_FLASH_ROW_SIZE)
                [!provide]                PROVIDE (__cy_heap_start, _end)
                0x00000001                PROVIDE (__cy_region_num, ((__cy_regions_end - __cy_regions) / 0x10))
                0x20008000                PROVIDE (__cy_stack, (ORIGIN (ram) + LENGTH (ram)))
                [!provide]                PROVIDE (__cy_heap_end, (__cy_stack - 0x800))

.cybootloader   0x00000000        0x0
 *(.cybootloader)
                0x00000000                appl1_start = CY_APPL_ORIGIN?CY_APPL_ORIGIN:ALIGN (CY_FLASH_ROW_SIZE)
                0x0001ff00                appl2_start = (appl1_start + ALIGN ((((LENGTH (rom) - appl1_start) - (0x2 * CY_FLASH_ROW_SIZE)) / 0x2), CY_FLASH_ROW_SIZE))
                0x00000000                appl_start = (CY_APPL_NUM == 0x1)?appl1_start:appl2_start
                0x00000000                ecc_offset = ((appl_start / CY_FLASH_ROW_SIZE) * CY_ECC_ROW_SIZE)
                0x00000000                ee_offset = (CY_APPL_LOADABLE && ! (CY_EE_IN_BTLDR))?((CY_EE_SIZE / CY_APPL_MAX) * (CY_APPL_NUM - 0x1)):0x0
                0x00000800                ee_size = (CY_APPL_LOADABLE && ! (CY_EE_IN_BTLDR))?(CY_EE_SIZE / CY_APPL_MAX):CY_EE_SIZE
                [!provide]                PROVIDE (CY_ECC_OFFSET, ecc_offset)

.text           0x00000000     0xca68
 CREATE_OBJECT_SYMBOLS
                0x00000000                PROVIDE (__cy_interrupt_vector, RomVectors)
 *(.romvectors)
 .romvectors    0x00000000       0x10 .\ARM_GCC_541\Debug\Cm3Start.o
                0x00000000                RomVectors
                0x00000001                ASSERT ((. != __cy_interrupt_vector), No interrupt vector)
                0x00000001                ASSERT (CY_APPL_ORIGIN?(SIZEOF (.cybootloader) <= CY_APPL_ORIGIN):0x1, Wrong image location)
                0x00000010                PROVIDE (__cy_reset, Reset)
 *(.text.Reset)
 .text.Reset    0x00000010       0x18 .\ARM_GCC_541\Debug\Cm3Start.o
                0x00000010                Reset
                0x00000001                ASSERT ((. != __cy_reset), No reset code)
 *(.dma_init)
                0x00000001                ASSERT ((((appl_start + .) <= 0x10000) || 0x1), DMA Init must be within the first 64k of flash)
 *(.text .text.* .gnu.linkonce.t.*)
 .text          0x00000028       0x5c c:/program files (x86)/cypress/psoc creator/4.4/psoc creator/import/gnu/arm/5.4.1/bin/../lib/gcc/arm-none-eabi/5.4.1/armv7-m/crtbegin.o
 .text.movi_uart_putc
                0x00000084       0x1c .\ARM_GCC_541\Debug\main.o
 .text.isr_rx_movi_Handler
                0x000000a0       0x60 .\ARM_GCC_541\Debug\main.o
                0x000000a0                isr_rx_movi_Handler
 .text.isr_Looptimer_Handler
                0x00000100       0x1c .\ARM_GCC_541\Debug\main.o
                0x00000100                isr_Looptimer_Handler
 .text.send_write_attr_u8
                0x0000011c      0x190 .\ARM_GCC_541\Debug\main.o
 .text.decomp   0x000002ac       0xa8 .\ARM_GCC_541\Debug\main.o
 .text.compute_euler_ints
                0x00000354      0x1bc .\ARM_GCC_541\Debug\main.o
 .text.mode_to_str
                0x00000510       0x38 .\ARM_GCC_541\Debug\main.o
 .text.print_cal_prompt_on_state_change
                0x00000548       0x78 .\ARM_GCC_541\Debug\main.o
 .text.do_kill  0x000005c0       0x58 .\ARM_GCC_541\Debug\main.o
 .text.print_hex_dump
                0x00000618       0xe0 .\ARM_GCC_541\Debug\main.o
 .text.print_test_attitude
                0x000006f8      0x360 .\ARM_GCC_541\Debug\main.o
 .text.print_test_gps
                0x00000a58      0x2d0 .\ARM_GCC_541\Debug\main.o
 .text.print_test_baro
                0x00000d28      0x158 .\ARM_GCC_541\Debug\main.o
 .text.print_test_sysstat
                0x00000e80      0x2a8 .\ARM_GCC_541\Debug\main.o
 .text.print_test_mag
                0x00001128      0x1c8 .\ARM_GCC_541\Debug\main.o
 .text.print_test_platform_att
                0x000012f0      0x1e8 .\ARM_GCC_541\Debug\main.o
 .text.print_test_motor_drive
                0x000014d8      0x144 .\ARM_GCC_541\Debug\main.o
 .text.print_quat_crosscheck
                0x0000161c      0x1ac .\ARM_GCC_541\Debug\main.o
 .text.print_test_response
                0x000017c8      0x210 .\ARM_GCC_541\Debug\main.o
 .text.print_sensor_mag
                0x000019d8      0x1c8 .\ARM_GCC_541\Debug\main.o
 .text.print_sensor_baro
                0x00001ba0      0x100 .\ARM_GCC_541\Debug\main.o
 .text.print_sensor_sysstat
                0x00001ca0      0x1a8 .\ARM_GCC_541\Debug\main.o
 .text.print_sensor_platform_att
                0x00001e48      0x164 .\ARM_GCC_541\Debug\main.o
 .text.print_sensor_response
                0x00001fac       0x8c .\ARM_GCC_541\Debug\main.o
 .text.main     0x00002038     0x19b0 .\ARM_GCC_541\Debug\main.o
                0x00002038                main
 .text.isr_adc_Handler
                0x000039e8       0x18 .\ARM_GCC_541\Debug\adc_balanced.o
                0x000039e8                isr_adc_Handler
 .text.adc_balanced_init
                0x00003a00       0x6c .\ARM_GCC_541\Debug\adc_balanced.o
                0x00003a00                adc_balanced_init
 .text.adc_balanced_advance_on_eoc
                0x00003a6c       0x64 .\ARM_GCC_541\Debug\adc_balanced.o
 .text.adc_balanced_poll_frame
                0x00003ad0       0x6c .\ARM_GCC_541\Debug\adc_balanced.o
                0x00003ad0                adc_balanced_poll_frame
 .text.adc_balanced_counts_to_mv
                0x00003b3c       0x20 .\ARM_GCC_541\Debug\adc_balanced.o
                0x00003b3c                adc_balanced_counts_to_mv
 .text.joystick_set_sensitivity
                0x00003b5c       0x48 .\ARM_GCC_541\Debug\joystick.o
                0x00003b5c                joystick_set_sensitivity
 .text.normalize_axis
                0x00003ba4       0xd0 .\ARM_GCC_541\Debug\joystick.o
 .text.apply_deadband
                0x00003c74       0x90 .\ARM_GCC_541\Debug\joystick.o
 .text.joystick_validate
                0x00003d04       0x94 .\ARM_GCC_541\Debug\joystick.o
                0x00003d04                joystick_validate
 .text.cal_begin_range_capture
                0x00003d98       0x84 .\ARM_GCC_541\Debug\joystick.o
 .text.cal_update_ranges
                0x00003e1c       0x98 .\ARM_GCC_541\Debug\joystick.o
 .text.cal_start_center_capture
                0x00003eb4       0x44 .\ARM_GCC_541\Debug\joystick.o
 .text.cal_center_capture_update
                0x00003ef8       0xa8 .\ARM_GCC_541\Debug\joystick.o
 .text.cal_save_or_restart
                0x00003fa0       0x44 .\ARM_GCC_541\Debug\joystick.o
 .text.joystick_init
                0x00003fe4       0xa4 .\ARM_GCC_541\Debug\joystick.o
                0x00003fe4                joystick_init
 .text.joystick_on_sample
                0x00004088       0x48 .\ARM_GCC_541\Debug\joystick.o
                0x00004088                joystick_on_sample
 .text.joystick_on_key
                0x000040d0       0x70 .\ARM_GCC_541\Debug\joystick.o
                0x000040d0                joystick_on_key
 .text.joystick_cal_state
                0x00004140       0x14 .\ARM_GCC_541\Debug\joystick.o
                0x00004140                joystick_cal_state
 .text.joystick_center_samples_collected
                0x00004154       0x14 .\ARM_GCC_541\Debug\joystick.o
                0x00004154                joystick_center_samples_collected
 .text.joystick_get_cmd
                0x00004168       0xe8 .\ARM_GCC_541\Debug\joystick.o
                0x00004168                joystick_get_cmd
 .text.rb_next  0x00004250       0x28 .\ARM_GCC_541\Debug\movi_rb.o
 .text.movi_rb_init
                0x00004278       0x2c .\ARM_GCC_541\Debug\movi_rb.o
                0x00004278                movi_rb_init
 .text.movi_rb_push
                0x000042a4       0x64 .\ARM_GCC_541\Debug\movi_rb.o
                0x000042a4                movi_rb_push
 .text.movi_rb_pop
                0x00004308       0x58 .\ARM_GCC_541\Debug\movi_rb.o
                0x00004308                movi_rb_pop
 .text.rd_be32  0x00004360       0x34 .\ARM_GCC_541\Debug\movi_comm.o
 .text.rd_be16  0x00004394       0x28 .\ARM_GCC_541\Debug\movi_comm.o
 .text.parse_gps_from_rxmsg
                0x000043bc      0x1d0 .\ARM_GCC_541\Debug\movi_comm.o
 .text.parse_baro_from_rxmsg
                0x0000458c       0xa8 .\ARM_GCC_541\Debug\movi_comm.o
 .text.parse_attitude_from_rxmsg
                0x00004634      0x1f0 .\ARM_GCC_541\Debug\movi_comm.o
 .text.parse_sysstat_from_rxmsg
                0x00004824      0x174 .\ARM_GCC_541\Debug\movi_comm.o
 .text.parse_mag_from_rxmsg
                0x00004998      0x200 .\ARM_GCC_541\Debug\movi_comm.o
 .text.load_freefly_control_from_movi
                0x00004b98      0x128 .\ARM_GCC_541\Debug\movi_comm.o
 .text.copy_status_from_freefly
                0x00004cc0       0x60 .\ARM_GCC_541\Debug\movi_comm.o
 .text.movi_comm_init
                0x00004d20       0x9c .\ARM_GCC_541\Debug\movi_comm.o
                0x00004d20                movi_comm_init
 .text.movi_comm_on_uart_error_flags
                0x00004dbc       0x30 .\ARM_GCC_541\Debug\movi_comm.o
                0x00004dbc                movi_comm_on_uart_error_flags
 .text.movi_comm_on_rx_byte
                0x00004dec       0x3c .\ARM_GCC_541\Debug\movi_comm.o
                0x00004dec                movi_comm_on_rx_byte
 .text.movi_comm_pump
                0x00004e28      0x160 .\ARM_GCC_541\Debug\movi_comm.o
                0x00004e28                movi_comm_pump
 .text.movi_comm_set_control
                0x00004f88       0x34 .\ARM_GCC_541\Debug\movi_comm.o
                0x00004f88                movi_comm_set_control
 .text.movi_comm_kill
                0x00004fbc       0x2c .\ARM_GCC_541\Debug\movi_comm.o
                0x00004fbc                movi_comm_kill
 .text.movi_comm_request_attr
                0x00004fe8       0xc8 .\ARM_GCC_541\Debug\movi_comm.o
                0x00004fe8                movi_comm_request_attr
 .text.movi_comm_request_attr_capture
                0x000050b0      0x100 .\ARM_GCC_541\Debug\movi_comm.o
                0x000050b0                movi_comm_request_attr_capture
 .text.movi_comm_send_control
                0x000051b0       0x90 .\ARM_GCC_541\Debug\movi_comm.o
                0x000051b0                movi_comm_send_control
 .text.movi_comm_get_status
                0x00005240       0x30 .\ARM_GCC_541\Debug\movi_comm.o
                0x00005240                movi_comm_get_status
 .text.movi_comm_get_statistics
                0x00005270       0x48 .\ARM_GCC_541\Debug\movi_comm.o
                0x00005270                movi_comm_get_statistics
 .text.QX_Parser_SetMsgPtr
                0x000052b8       0x1c .\ARM_GCC_541\Debug\QX_Parsing_Functions.o
                0x000052b8                QX_Parser_SetMsgPtr
 .text.QX_Parser_AdvMsgPtr
                0x000052d4       0x1c .\ARM_GCC_541\Debug\QX_Parsing_Functions.o
                0x000052d4                QX_Parser_AdvMsgPtr
 .text.QX_Parser_GetMsgPtr
                0x000052f0       0x14 .\ARM_GCC_541\Debug\QX_Parsing_Functions.o
                0x000052f0                QX_Parser_GetMsgPtr
 .text.QX_Parser_SetDir_Read
                0x00005304       0x18 .\ARM_GCC_541\Debug\QX_Parsing_Functions.o
                0x00005304                QX_Parser_SetDir_Read
 .text.QX_Parser_SetDir_WriteAbs
                0x0000531c       0x18 .\ARM_GCC_541\Debug\QX_Parsing_Functions.o
                0x0000531c                QX_Parser_SetDir_WriteAbs
 .text.AddFloatAsSignedShort
                0x00005334       0xc8 .\ARM_GCC_541\Debug\QX_Parsing_Functions.o
                0x00005334                AddFloatAsSignedShort
 .text.GetFloatAsSignedShort
                0x000053fc      0x170 .\ARM_GCC_541\Debug\QX_Parsing_Functions.o
                0x000053fc                GetFloatAsSignedShort
 .text.AddSignedShortAsSignedShort
                0x0000556c       0x58 .\ARM_GCC_541\Debug\QX_Parsing_Functions.o
                0x0000556c                AddSignedShortAsSignedShort
 .text.GetSignedShortAsSignedShort
                0x000055c4      0x15c .\ARM_GCC_541\Debug\QX_Parsing_Functions.o
                0x000055c4                GetSignedShortAsSignedShort
 .text.AddUnsignedCharAsUnsignedChar
                0x00005720       0x3c .\ARM_GCC_541\Debug\QX_Parsing_Functions.o
                0x00005720                AddUnsignedCharAsUnsignedChar
 .text.GetUnsignedCharAsUnsignedChar
                0x0000575c       0xc8 .\ARM_GCC_541\Debug\QX_Parsing_Functions.o
                0x0000575c                GetUnsignedCharAsUnsignedChar
 .text.AddUnsignedShortAsUnsignedShort
                0x00005824       0x54 .\ARM_GCC_541\Debug\QX_Parsing_Functions.o
                0x00005824                AddUnsignedShortAsUnsignedShort
 .text.GetUnsignedShortAsUnsignedShort
                0x00005878       0xf8 .\ARM_GCC_541\Debug\QX_Parsing_Functions.o
                0x00005878                GetUnsignedShortAsUnsignedShort
 .text.AddBitsAsByte
                0x00005970       0xc8 .\ARM_GCC_541\Debug\QX_Parsing_Functions.o
                0x00005970                AddBitsAsByte
 .text.GetBitsAsByte
                0x00005a38       0xd8 .\ARM_GCC_541\Debug\QX_Parsing_Functions.o
                0x00005a38                GetBitsAsByte
 .text.QX_InitMsg
                0x00005b10       0x30 .\ARM_GCC_541\Debug\QX_Protocol.o
                0x00005b10                QX_InitMsg
 .text.QX_RxMsg
                0x00005b40       0xec .\ARM_GCC_541\Debug\QX_Protocol.o
                0x00005b40                QX_RxMsg
 .text.QX_Srv_Rx_Read
                0x00005c2c       0x90 .\ARM_GCC_541\Debug\QX_Protocol.o
                0x00005c2c                QX_Srv_Rx_Read
 .text.QX_Srv_Rx_Write
                0x00005cbc       0xc4 .\ARM_GCC_541\Debug\QX_Protocol.o
                0x00005cbc                QX_Srv_Rx_Write
 .text.QX_Cli_Rx_CurVal
                0x00005d80       0x3c .\ARM_GCC_541\Debug\QX_Protocol.o
                0x00005d80                QX_Cli_Rx_CurVal
 .text.QX_TxMsg_Setup
                0x00005dbc       0x4c .\ARM_GCC_541\Debug\QX_Protocol.o
                0x00005dbc                QX_TxMsg_Setup
 .text.QX_TxMsg_Finish
                0x00005e08      0x1dc .\ARM_GCC_541\Debug\QX_Protocol.o
                0x00005e08                QX_TxMsg_Finish
 .text.QX_BuildHeader
                0x00005fe4      0x188 .\ARM_GCC_541\Debug\QX_Protocol.o
                0x00005fe4                QX_BuildHeader
 .text.QX_ParseHeader
                0x0000616c      0x114 .\ARM_GCC_541\Debug\QX_Protocol.o
                0x0000616c                QX_ParseHeader
 .text.QX_Calc8bChecksum
                0x00006280       0x3c .\ARM_GCC_541\Debug\QX_Protocol.o
                0x00006280                QX_Calc8bChecksum
 .text.QX_AddExtdValToBuf
                0x000062bc       0x88 .\ARM_GCC_541\Debug\QX_Protocol.o
                0x000062bc                QX_AddExtdValToBuf
 .text.QX_GetExtdValFromBuf
                0x00006344       0x6c .\ARM_GCC_541\Debug\QX_Protocol.o
                0x00006344                QX_GetExtdValFromBuf
 .text.QX_compute_crc32
                0x000063b0       0x4c .\ARM_GCC_541\Debug\QX_Protocol.o
                0x000063b0                QX_compute_crc32
 .text.QX_accumulate_crc32
                0x000063fc       0x54 .\ARM_GCC_541\Debug\QX_Protocol.o
                0x000063fc                QX_accumulate_crc32
 .text.QX_InitCli
                0x00006450       0x24 .\ARM_GCC_541\Debug\QX_Protocol.o
                0x00006450                QX_InitCli
 .text.QX_StreamRxCharSM
                0x00006474      0x6e0 .\ARM_GCC_541\Debug\QX_Protocol.o
                0x00006474                QX_StreamRxCharSM
 .text.QX_InitTxOptions
                0x00006b54       0x3c .\ARM_GCC_541\Debug\QX_Protocol.o
                0x00006b54                QX_InitTxOptions
 .text.QX_SendPacket_Srv_CurVal
                0x00006b90       0x98 .\ARM_GCC_541\Debug\QX_Protocol.o
                0x00006b90                QX_SendPacket_Srv_CurVal
 .text.QX_SendPacket_Cli_Read
                0x00006c28       0x80 .\ARM_GCC_541\Debug\QX_Protocol.o
                0x00006c28                QX_SendPacket_Cli_Read
 .text.QX_SendPacket_Cli_WriteABS
                0x00006ca8       0x98 .\ARM_GCC_541\Debug\QX_Protocol.o
                0x00006ca8                QX_SendPacket_Cli_WriteABS
 .text.ff_api_init
                0x00006d40       0x7c .\ARM_GCC_541\Debug\QX_Protocol_App.o
                0x00006d40                ff_api_init
 .text.ff_api_send
                0x00006dbc       0x44 .\ARM_GCC_541\Debug\QX_Protocol_App.o
                0x00006dbc                ff_api_send
 .text.QX_ParsePacket_Cli_MoVI_Ctrl_CB
                0x00006e00      0x818 .\ARM_GCC_541\Debug\QX_Protocol_App.o
                0x00006e00                QX_ParsePacket_Cli_MoVI_Ctrl_CB
 .text.QX_SendMsg2CommsPort_CB
                0x00007618       0x54 .\ARM_GCC_541\Debug\QX_Protocol_App.o
                0x00007618                QX_SendMsg2CommsPort_CB
 .text.QX_FwdMsg_CB
                0x0000766c       0x14 .\ARM_GCC_541\Debug\QX_Protocol_App.o
                0x0000766c                QX_FwdMsg_CB
 .text.QX_GetTicks_ms
                0x00007680       0x10 .\ARM_GCC_541\Debug\QX_Protocol_App.o
                0x00007680                QX_GetTicks_ms
 .text.BufAdd   0x00007690       0xac .\ARM_GCC_541\Debug\simple_buffer.o
                0x00007690                BufAdd
 .text.BufRemove
                0x0000773c       0x80 .\ARM_GCC_541\Debug\simple_buffer.o
                0x0000773c                BufRemove
 .text.CYMEMZERO
                0x000077bc       0x1c .\ARM_GCC_541\Debug\cyfitter_cfg.o
 .text.CYCONFIGCPY
                0x000077d8       0x20 .\ARM_GCC_541\Debug\cyfitter_cfg.o
 .text.CyClockStartupError
                0x000077f8        0xc .\ARM_GCC_541\Debug\cyfitter_cfg.o
 .text.cfg_write_bytes32
                0x00007804       0x74 .\ARM_GCC_541\Debug\cyfitter_cfg.o
 .text.ClockSetup
                0x00007878      0x16c .\ARM_GCC_541\Debug\cyfitter_cfg.o
 .text.AnalogSetDefault
                0x000079e4       0x44 .\ARM_GCC_541\Debug\cyfitter_cfg.o
 .text.AMux_1_Set
                0x00007a28       0x6c .\ARM_GCC_541\Debug\cyfitter_cfg.o
                0x00007a28                AMux_1_Set
 .text.AMux_1_Unset
                0x00007a94       0x74 .\ARM_GCC_541\Debug\cyfitter_cfg.o
                0x00007a94                AMux_1_Unset
 .text.ADC_DelSig_1_AMux_Set
                0x00007b08       0x40 .\ARM_GCC_541\Debug\cyfitter_cfg.o
                0x00007b08                ADC_DelSig_1_AMux_Set
 .text.ADC_DelSig_1_AMux_Unset
                0x00007b48       0x44 .\ARM_GCC_541\Debug\cyfitter_cfg.o
                0x00007b48                ADC_DelSig_1_AMux_Unset
 .text.cyfitter_cfg
                0x00007b8c      0x1ac .\ARM_GCC_541\Debug\cyfitter_cfg.o
                0x00007b8c                cyfitter_cfg
 .text.IntDefaultHandler
                0x00007d38       0x14 .\ARM_GCC_541\Debug\Cm3Start.o
                0x00007d38                IntDefaultHandler
 .text._sbrk    0x00007d4c       0x50 .\ARM_GCC_541\Debug\Cm3Start.o
                0x00007d4c                _sbrk
 .text.Start_c  0x00007d9c       0x98 .\ARM_GCC_541\Debug\Cm3Start.o
                0x00007d9c                Start_c
 .text.initialize_psoc
                0x00007e34       0x90 .\ARM_GCC_541\Debug\Cm3Start.o
                0x00007e34                initialize_psoc
 .text.ADC_DelSig_1_Init
                0x00007ec4      0x11c .\ARM_GCC_541\Debug\Proj06_freefly_uart_control_test_gps.a(ADC_DelSig_1.o)
                0x00007ec4                ADC_DelSig_1_Init
 .text.ADC_DelSig_1_Enable
                0x00007fe0      0x158 .\ARM_GCC_541\Debug\Proj06_freefly_uart_control_test_gps.a(ADC_DelSig_1.o)
                0x00007fe0                ADC_DelSig_1_Enable
 .text.ADC_DelSig_1_Start
                0x00008138       0x30 .\ARM_GCC_541\Debug\Proj06_freefly_uart_control_test_gps.a(ADC_DelSig_1.o)
                0x00008138                ADC_DelSig_1_Start
 .text.ADC_DelSig_1_StartConvert
                0x00008168       0x20 .\ARM_GCC_541\Debug\Proj06_freefly_uart_control_test_gps.a(ADC_DelSig_1.o)
                0x00008168                ADC_DelSig_1_StartConvert
 .text.ADC_DelSig_1_StopConvert
                0x00008188       0x20 .\ARM_GCC_541\Debug\Proj06_freefly_uart_control_test_gps.a(ADC_DelSig_1.o)
                0x00008188                ADC_DelSig_1_StopConvert
 .text.ADC_DelSig_1_GetResult16
                0x000081a8       0x7c .\ARM_GCC_541\Debug\Proj06_freefly_uart_control_test_gps.a(ADC_DelSig_1.o)
                0x000081a8                ADC_DelSig_1_GetResult16
 .text.ADC_DelSig_1_CountsTo_mVolts
                0x00008224       0x3c .\ARM_GCC_541\Debug\Proj06_freefly_uart_control_test_gps.a(ADC_DelSig_1.o)
                0x00008224                ADC_DelSig_1_CountsTo_mVolts
 .text.ADC_DelSig_1_InitConfig
                0x00008260      0x164 .\ARM_GCC_541\Debug\Proj06_freefly_uart_control_test_gps.a(ADC_DelSig_1.o)
 .text.ADC_DelSig_1_GainCompensation
                0x000083c4      0x170 .\ARM_GCC_541\Debug\Proj06_freefly_uart_control_test_gps.a(ADC_DelSig_1.o)
 .text.ADC_DelSig_1_SetDSMRef0Reg
                0x00008534       0x7c .\ARM_GCC_541\Debug\Proj06_freefly_uart_control_test_gps.a(ADC_DelSig_1.o)
 .text.ADC_DelSig_1_ISR1
                0x000085b0        0xc .\ARM_GCC_541\Debug\Proj06_freefly_uart_control_test_gps.a(ADC_DelSig_1_INT.o)
                0x000085b0                ADC_DelSig_1_ISR1
 .text.UART_1_Start
                0x000085bc       0x24 .\ARM_GCC_541\Debug\Proj06_freefly_uart_control_test_gps.a(UART_1.o)
                0x000085bc                UART_1_Start
 .text.UART_1_Init
                0x000085e0       0x40 .\ARM_GCC_541\Debug\Proj06_freefly_uart_control_test_gps.a(UART_1.o)
                0x000085e0                UART_1_Init
 .text.UART_1_Enable
                0x00008620       0x60 .\ARM_GCC_541\Debug\Proj06_freefly_uart_control_test_gps.a(UART_1.o)
                0x00008620                UART_1_Enable
 .text.UART_1_GetChar
                0x00008680       0x44 .\ARM_GCC_541\Debug\Proj06_freefly_uart_control_test_gps.a(UART_1.o)
                0x00008680                UART_1_GetChar
 .text.UART_1_PutChar
                0x000086c4       0x34 .\ARM_GCC_541\Debug\Proj06_freefly_uart_control_test_gps.a(UART_1.o)
                0x000086c4                UART_1_PutChar
 .text.UART_1_PutString
                0x000086f8       0x44 .\ARM_GCC_541\Debug\Proj06_freefly_uart_control_test_gps.a(UART_1.o)
                0x000086f8                UART_1_PutString
 .text.AMux_1_Start
                0x0000873c       0x34 .\ARM_GCC_541\Debug\Proj06_freefly_uart_control_test_gps.a(AMux_1.o)
                0x0000873c                AMux_1_Start
 .text.AMux_1_FastSelect
                0x00008770       0x38 .\ARM_GCC_541\Debug\Proj06_freefly_uart_control_test_gps.a(AMux_1.o)
                0x00008770                AMux_1_FastSelect
 .text.isr_adc_StartEx
                0x000087a8       0x24 .\ARM_GCC_541\Debug\Proj06_freefly_uart_control_test_gps.a(isr_adc.o)
                0x000087a8                isr_adc_StartEx
 .text.isr_adc_SetVector
                0x000087cc       0x24 .\ARM_GCC_541\Debug\Proj06_freefly_uart_control_test_gps.a(isr_adc.o)
                0x000087cc                isr_adc_SetVector
 .text.isr_adc_SetPriority
                0x000087f0       0x24 .\ARM_GCC_541\Debug\Proj06_freefly_uart_control_test_gps.a(isr_adc.o)
                0x000087f0                isr_adc_SetPriority
 .text.isr_adc_Enable
                0x00008814       0x18 .\ARM_GCC_541\Debug\Proj06_freefly_uart_control_test_gps.a(isr_adc.o)
                0x00008814                isr_adc_Enable
 .text.isr_adc_Disable
                0x0000882c       0x18 .\ARM_GCC_541\Debug\Proj06_freefly_uart_control_test_gps.a(isr_adc.o)
                0x0000882c                isr_adc_Disable
 .text.isr_adc_ClearPending
                0x00008844       0x18 .\ARM_GCC_541\Debug\Proj06_freefly_uart_control_test_gps.a(isr_adc.o)
                0x00008844                isr_adc_ClearPending
 .text.UART_MOVI_Start
                0x0000885c       0x24 .\ARM_GCC_541\Debug\Proj06_freefly_uart_control_test_gps.a(UART_MOVI.o)
                0x0000885c                UART_MOVI_Start
 .text.UART_MOVI_Init
                0x00008880       0x40 .\ARM_GCC_541\Debug\Proj06_freefly_uart_control_test_gps.a(UART_MOVI.o)
                0x00008880                UART_MOVI_Init
 .text.UART_MOVI_Enable
                0x000088c0       0x5c .\ARM_GCC_541\Debug\Proj06_freefly_uart_control_test_gps.a(UART_MOVI.o)
                0x000088c0                UART_MOVI_Enable
 .text.UART_MOVI_ClearRxBuffer
                0x0000891c       0x44 .\ARM_GCC_541\Debug\Proj06_freefly_uart_control_test_gps.a(UART_MOVI.o)
                0x0000891c                UART_MOVI_ClearRxBuffer
 .text.UART_MOVI_PutChar
                0x00008960       0x34 .\ARM_GCC_541\Debug\Proj06_freefly_uart_control_test_gps.a(UART_MOVI.o)
                0x00008960                UART_MOVI_PutChar
 .text.UART_MOVI_ClearTxBuffer
                0x00008994       0x44 .\ARM_GCC_541\Debug\Proj06_freefly_uart_control_test_gps.a(UART_MOVI.o)
                0x00008994                UART_MOVI_ClearTxBuffer
 .text.isr_rx_movi_StartEx
                0x000089d8       0x24 .\ARM_GCC_541\Debug\Proj06_freefly_uart_control_test_gps.a(isr_rx_movi.o)
                0x000089d8                isr_rx_movi_StartEx
 .text.isr_rx_movi_SetVector
                0x000089fc       0x24 .\ARM_GCC_541\Debug\Proj06_freefly_uart_control_test_gps.a(isr_rx_movi.o)
                0x000089fc                isr_rx_movi_SetVector
 .text.isr_rx_movi_SetPriority
                0x00008a20       0x24 .\ARM_GCC_541\Debug\Proj06_freefly_uart_control_test_gps.a(isr_rx_movi.o)
                0x00008a20                isr_rx_movi_SetPriority
 .text.isr_rx_movi_Enable
                0x00008a44       0x18 .\ARM_GCC_541\Debug\Proj06_freefly_uart_control_test_gps.a(isr_rx_movi.o)
                0x00008a44                isr_rx_movi_Enable
 .text.isr_rx_movi_Disable
                0x00008a5c       0x18 .\ARM_GCC_541\Debug\Proj06_freefly_uart_control_test_gps.a(isr_rx_movi.o)
                0x00008a5c                isr_rx_movi_Disable
 .text.Looptimer_Init
                0x00008a74       0xa0 .\ARM_GCC_541\Debug\Proj06_freefly_uart_control_test_gps.a(Looptimer.o)
                0x00008a74                Looptimer_Init
 .text.Looptimer_Enable
                0x00008b14       0x48 .\ARM_GCC_541\Debug\Proj06_freefly_uart_control_test_gps.a(Looptimer.o)
                0x00008b14                Looptimer_Enable
 .text.Looptimer_Start
                0x00008b5c       0x24 .\ARM_GCC_541\Debug\Proj06_freefly_uart_control_test_gps.a(Looptimer.o)
                0x00008b5c                Looptimer_Start
 .text.Looptimer_SetInterruptMode
                0x00008b80       0x20 .\ARM_GCC_541\Debug\Proj06_freefly_uart_control_test_gps.a(Looptimer.o)
                0x00008b80                Looptimer_SetInterruptMode
 .text.Looptimer_ReadStatusRegister
                0x00008ba0       0x18 .\ARM_GCC_541\Debug\Proj06_freefly_uart_control_test_gps.a(Looptimer.o)
                0x00008ba0                Looptimer_ReadStatusRegister
 .text.Looptimer_WritePeriod
                0x00008bb8       0x24 .\ARM_GCC_541\Debug\Proj06_freefly_uart_control_test_gps.a(Looptimer.o)
                0x00008bb8                Looptimer_WritePeriod
 .text.Looptimer_WriteCounter
                0x00008bdc       0x20 .\ARM_GCC_541\Debug\Proj06_freefly_uart_control_test_gps.a(Looptimer.o)
                0x00008bdc                Looptimer_WriteCounter
 .text.isr_Looptimer_StartEx
                0x00008bfc       0x24 .\ARM_GCC_541\Debug\Proj06_freefly_uart_control_test_gps.a(isr_Looptimer.o)
                0x00008bfc                isr_Looptimer_StartEx
 .text.isr_Looptimer_SetVector
                0x00008c20       0x24 .\ARM_GCC_541\Debug\Proj06_freefly_uart_control_test_gps.a(isr_Looptimer.o)
                0x00008c20                isr_Looptimer_SetVector
 .text.isr_Looptimer_SetPriority
                0x00008c44       0x24 .\ARM_GCC_541\Debug\Proj06_freefly_uart_control_test_gps.a(isr_Looptimer.o)
                0x00008c44                isr_Looptimer_SetPriority
 .text.isr_Looptimer_Enable
                0x00008c68       0x18 .\ARM_GCC_541\Debug\Proj06_freefly_uart_control_test_gps.a(isr_Looptimer.o)
                0x00008c68                isr_Looptimer_Enable
 .text.isr_Looptimer_Disable
                0x00008c80       0x18 .\ARM_GCC_541\Debug\Proj06_freefly_uart_control_test_gps.a(isr_Looptimer.o)
                0x00008c80                isr_Looptimer_Disable
 .text.ADC_DelSig_1_AMux_Start
                0x00008c98       0x34 .\ARM_GCC_541\Debug\Proj06_freefly_uart_control_test_gps.a(ADC_DelSig_1_AMux.o)
                0x00008c98                ADC_DelSig_1_AMux_Start
 .text.ADC_DelSig_1_AMux_Select
                0x00008ccc       0x28 .\ARM_GCC_541\Debug\Proj06_freefly_uart_control_test_gps.a(ADC_DelSig_1_AMux.o)
                0x00008ccc                ADC_DelSig_1_AMux_Select
 .text.ADC_DelSig_1_Ext_CP_Clk_SetDividerRegister
                0x00008cf4      0x164 .\ARM_GCC_541\Debug\Proj06_freefly_uart_control_test_gps.a(ADC_DelSig_1_Ext_CP_Clk.o)
                0x00008cf4                ADC_DelSig_1_Ext_CP_Clk_SetDividerRegister
 .text.ADC_DelSig_1_Ext_CP_Clk_GetDividerRegister
                0x00008e58       0x18 .\ARM_GCC_541\Debug\Proj06_freefly_uart_control_test_gps.a(ADC_DelSig_1_Ext_CP_Clk.o)
                0x00008e58                ADC_DelSig_1_Ext_CP_Clk_GetDividerRegister
 .text.ADC_DelSig_1_Ext_CP_Clk_SetModeRegister
                0x00008e70       0x34 .\ARM_GCC_541\Debug\Proj06_freefly_uart_control_test_gps.a(ADC_DelSig_1_Ext_CP_Clk.o)
                0x00008e70                ADC_DelSig_1_Ext_CP_Clk_SetModeRegister
 .text.ADC_DelSig_1_Ext_CP_Clk_GetSourceRegister
                0x00008ea4       0x1c .\ARM_GCC_541\Debug\Proj06_freefly_uart_control_test_gps.a(ADC_DelSig_1_Ext_CP_Clk.o)
                0x00008ea4                ADC_DelSig_1_Ext_CP_Clk_GetSourceRegister
 .text.ADC_DelSig_1_theACLK_SetDividerRegister
                0x00008ec0      0x164 .\ARM_GCC_541\Debug\Proj06_freefly_uart_control_test_gps.a(ADC_DelSig_1_theACLK.o)
                0x00008ec0                ADC_DelSig_1_theACLK_SetDividerRegister
 .text.ADC_DelSig_1_theACLK_GetDividerRegister
                0x00009024       0x18 .\ARM_GCC_541\Debug\Proj06_freefly_uart_control_test_gps.a(ADC_DelSig_1_theACLK.o)
                0x00009024                ADC_DelSig_1_theACLK_GetDividerRegister
 .text.ADC_DelSig_1_theACLK_SetModeRegister
                0x0000903c       0x34 .\ARM_GCC_541\Debug\Proj06_freefly_uart_control_test_gps.a(ADC_DelSig_1_theACLK.o)
                0x0000903c                ADC_DelSig_1_theACLK_SetModeRegister
 .text.ADC_DelSig_1_theACLK_GetSourceRegister
                0x00009070       0x1c .\ARM_GCC_541\Debug\Proj06_freefly_uart_control_test_gps.a(ADC_DelSig_1_theACLK.o)
                0x00009070                ADC_DelSig_1_theACLK_GetSourceRegister
 .text.UART_1_IntClock_Start
                0x0000908c       0x34 .\ARM_GCC_541\Debug\Proj06_freefly_uart_control_test_gps.a(UART_1_IntClock.o)
                0x0000908c                UART_1_IntClock_Start
 .text.CyHalt   0x000090c0       0x18 .\ARM_GCC_541\Debug\Proj06_freefly_uart_control_test_gps.a(CyLib.o)
                0x000090c0                CyHalt
 .text.CyDelay  0x000090d8       0x44 .\ARM_GCC_541\Debug\Proj06_freefly_uart_control_test_gps.a(CyLib.o)
                0x000090d8                CyDelay
 .text.CyDelayUs
                0x0000911c       0x28 .\ARM_GCC_541\Debug\Proj06_freefly_uart_control_test_gps.a(CyLib.o)
                0x0000911c                CyDelayUs
 .text.CyIntSetVector
                0x00009144       0x50 .\ARM_GCC_541\Debug\Proj06_freefly_uart_control_test_gps.a(CyLib.o)
                0x00009144                CyIntSetVector
 .text.CyIntSetPriority
                0x00009194       0x48 .\ARM_GCC_541\Debug\Proj06_freefly_uart_control_test_gps.a(CyLib.o)
                0x00009194                CyIntSetPriority
 .text.Pin_Sensitivity_Read
                0x000091dc       0x20 .\ARM_GCC_541\Debug\Proj06_freefly_uart_control_test_gps.a(Pin_Sensitivity.o)
                0x000091dc                Pin_Sensitivity_Read
 *fill*         0x000091fc        0x4 
 .text          0x00009200       0x54 .\ARM_GCC_541\Debug\Proj06_freefly_uart_control_test_gps.a(CyBootAsmGnu.o)
                0x00009200                CyDelayCycles
                0x0000923e                CyEnterCriticalSection
                0x00009246                CyExitCriticalSection
 .text.asinf    0x00009254       0xa4 c:/program files (x86)/cypress/psoc creator/4.4/psoc creator/import/gnu/arm/5.4.1/bin/../lib/gcc/arm-none-eabi/5.4.1/../../../../arm-none-eabi/lib/armv7-m\libm.a(lib_a-wf_asin.o)
                0x00009254                asinf
 .text.atan2f   0x000092f8        0x4 c:/program files (x86)/cypress/psoc creator/4.4/psoc creator/import/gnu/arm/5.4.1/bin/../lib/gcc/arm-none-eabi/5.4.1/../../../../arm-none-eabi/lib/armv7-m\libm.a(lib_a-wf_atan2.o)
                0x000092f8                atan2f
 .text.__ieee754_asinf
                0x000092fc      0x294 c:/program files (x86)/cypress/psoc creator/4.4/psoc creator/import/gnu/arm/5.4.1/bin/../lib/gcc/arm-none-eabi/5.4.1/../../../../arm-none-eabi/lib/armv7-m\libm.a(lib_a-ef_asin.o)
                0x000092fc                __ieee754_asinf
 .text.__ieee754_atan2f
                0x00009590      0x124 c:/program files (x86)/cypress/psoc creator/4.4/psoc creator/import/gnu/arm/5.4.1/bin/../lib/gcc/arm-none-eabi/5.4.1/../../../../arm-none-eabi/lib/armv7-m\libm.a(lib_a-ef_atan2.o)
                0x00009590                __ieee754_atan2f
 .text.__ieee754_sqrtf
                0x000096b4       0xa8 c:/program files (x86)/cypress/psoc creator/4.4/psoc creator/import/gnu/arm/5.4.1/bin/../lib/gcc/arm-none-eabi/5.4.1/../../../../arm-none-eabi/lib/armv7-m\libm.a(lib_a-ef_sqrt.o)
                0x000096b4                __ieee754_sqrtf
 .text.matherr  0x0000975c        0x4 c:/program files (x86)/cypress/psoc creator/4.4/psoc creator/import/gnu/arm/5.4.1/bin/../lib/gcc/arm-none-eabi/5.4.1/../../../../arm-none-eabi/lib/armv7-m\libm.a(lib_a-s_matherr.o)
                0x0000975c                matherr
 .text.nan      0x00009760        0xc c:/program files (x86)/cypress/psoc creator/4.4/psoc creator/import/gnu/arm/5.4.1/bin/../lib/gcc/arm-none-eabi/5.4.1/../../../../arm-none-eabi/lib/armv7-m\libm.a(lib_a-s_nan.o)
                0x00009760                nan
 .text.atanf    0x0000976c      0x22c c:/program files (x86)/cypress/psoc creator/4.4/psoc creator/import/gnu/arm/5.4.1/bin/../lib/gcc/arm-none-eabi/5.4.1/../../../../arm-none-eabi/lib/armv7-m\libm.a(lib_a-sf_atan.o)
                0x0000976c                atanf
 .text.fabsf    0x00009998        0x8 c:/program files (x86)/cypress/psoc creator/4.4/psoc creator/import/gnu/arm/5.4.1/bin/../lib/gcc/arm-none-eabi/5.4.1/../../../../arm-none-eabi/lib/armv7-m\libm.a(lib_a-sf_fabs.o)
                0x00009998                fabsf
 .text          0x000099a0      0x370 c:/program files (x86)/cypress/psoc creator/4.4/psoc creator/import/gnu/arm/5.4.1/bin/../lib/gcc/arm-none-eabi/5.4.1/armv7-m\libgcc.a(_arm_addsubdf3.o)
                0x000099a0                __aeabi_drsub
                0x000099a8                __aeabi_dsub
                0x000099a8                __subdf3
                0x000099ac                __aeabi_dadd
                0x000099ac                __adddf3
                0x00009c24                __floatunsidf
                0x00009c24                __aeabi_ui2d
                0x00009c44                __floatsidf
                0x00009c44                __aeabi_i2d
                0x00009c68                __aeabi_f2d
                0x00009c68                __extendsfdf2
                0x00009ca4                __floatundidf
                0x00009ca4                __aeabi_ul2d
                0x00009cb4                __floatdidf
                0x00009cb4                __aeabi_l2d
 .text          0x00009d10      0x110 c:/program files (x86)/cypress/psoc creator/4.4/psoc creator/import/gnu/arm/5.4.1/bin/../lib/gcc/arm-none-eabi/5.4.1/armv7-m\libgcc.a(_arm_cmpdf2.o)
                0x00009d10                __gtdf2
                0x00009d10                __gedf2
                0x00009d18                __ltdf2
                0x00009d18                __ledf2
                0x00009d20                __nedf2
                0x00009d20                __eqdf2
                0x00009d20                __cmpdf2
                0x00009d9c                __aeabi_cdrcmple
                0x00009dac                __aeabi_cdcmpeq
                0x00009dac                __aeabi_cdcmple
                0x00009dbc                __aeabi_dcmpeq
                0x00009dd0                __aeabi_dcmplt
                0x00009de4                __aeabi_dcmple
                0x00009df8                __aeabi_dcmpge
                0x00009e0c                __aeabi_dcmpgt
 .text          0x00009e20       0xa0 c:/program files (x86)/cypress/psoc creator/4.4/psoc creator/import/gnu/arm/5.4.1/bin/../lib/gcc/arm-none-eabi/5.4.1/armv7-m\libgcc.a(_arm_truncdfsf2.o)
                0x00009e20                __truncdfsf2
                0x00009e20                __aeabi_d2f
 .text          0x00009ec0      0x21c c:/program files (x86)/cypress/psoc creator/4.4/psoc creator/import/gnu/arm/5.4.1/bin/../lib/gcc/arm-none-eabi/5.4.1/armv7-m\libgcc.a(_arm_addsubsf3.o)
                0x00009ec0                __aeabi_frsub
                0x00009ec8                __subsf3
                0x00009ec8                __aeabi_fsub
                0x00009ecc                __aeabi_fadd
                0x00009ecc                __addsf3
                0x0000a02c                __aeabi_ui2f
                0x0000a02c                __floatunsisf
                0x0000a034                __aeabi_i2f
                0x0000a034                __floatsisf
                0x0000a050                __aeabi_ul2f
                0x0000a050                __floatundisf
                0x0000a060                __aeabi_l2f
                0x0000a060                __floatdisf
 .text          0x0000a0dc      0x2a0 c:/program files (x86)/cypress/psoc creator/4.4/psoc creator/import/gnu/arm/5.4.1/bin/../lib/gcc/arm-none-eabi/5.4.1/armv7-m\libgcc.a(_arm_muldivsf3.o)
                0x0000a0dc                __mulsf3
                0x0000a0dc                __aeabi_fmul
                0x0000a244                __aeabi_fdiv
                0x0000a244                __divsf3
 .text          0x0000a37c       0xec c:/program files (x86)/cypress/psoc creator/4.4/psoc creator/import/gnu/arm/5.4.1/bin/../lib/gcc/arm-none-eabi/5.4.1/armv7-m\libgcc.a(_arm_cmpsf2.o)
                0x0000a37c                __gesf2
                0x0000a37c                __gtsf2
                0x0000a384                __lesf2
                0x0000a384                __ltsf2
                0x0000a38c                __nesf2
                0x0000a38c                __eqsf2
                0x0000a38c                __cmpsf2
                0x0000a3ec                __aeabi_cfrcmple
                0x0000a3f4                __aeabi_cfcmpeq
                0x0000a3f4                __aeabi_cfcmple
                0x0000a404                __aeabi_fcmpeq
                0x0000a418                __aeabi_fcmplt
                0x0000a42c                __aeabi_fcmple
                0x0000a440                __aeabi_fcmpge
                0x0000a454                __aeabi_fcmpgt
 .text          0x0000a468       0x2c c:/program files (x86)/cypress/psoc creator/4.4/psoc creator/import/gnu/arm/5.4.1/bin/../lib/gcc/arm-none-eabi/5.4.1/armv7-m\libgcc.a(_arm_unordsf2.o)
                0x0000a468                __unordsf2
                0x0000a468                __aeabi_fcmpun
 .text          0x0000a494       0x4c c:/program files (x86)/cypress/psoc creator/4.4/psoc creator/import/gnu/arm/5.4.1/bin/../lib/gcc/arm-none-eabi/5.4.1/armv7-m\libgcc.a(_arm_fixsfsi.o)
                0x0000a494                __aeabi_f2iz
                0x0000a494                __fixsfsi
 .text          0x0000a4e0       0x40 c:/program files (x86)/cypress/psoc creator/4.4/psoc creator/import/gnu/arm/5.4.1/bin/../lib/gcc/arm-none-eabi/5.4.1/armv7-m\libgcc.a(_arm_fixunssfsi.o)
                0x0000a4e0                __fixunssfsi
                0x0000a4e0                __aeabi_f2uiz
 .text.__errno  0x0000a520        0xc c:/program files (x86)/cypress/psoc creator/4.4/psoc creator/import/gnu/arm/5.4.1/bin/../lib/gcc/arm-none-eabi/5.4.1/../../../../arm-none-eabi/lib/armv7-m\libg_nano.a(lib_a-errno.o)
                0x0000a520                __errno
 .text.__libc_init_array
                0x0000a52c       0x4c c:/program files (x86)/cypress/psoc creator/4.4/psoc creator/import/gnu/arm/5.4.1/bin/../lib/gcc/arm-none-eabi/5.4.1/../../../../arm-none-eabi/lib/armv7-m\libg_nano.a(lib_a-init.o)
                0x0000a52c                __libc_init_array
 .text.memcpy   0x0000a578       0x16 c:/program files (x86)/cypress/psoc creator/4.4/psoc creator/import/gnu/arm/5.4.1/bin/../lib/gcc/arm-none-eabi/5.4.1/../../../../arm-none-eabi/lib/armv7-m\libg_nano.a(lib_a-memcpy-stub.o)
                0x0000a578                memcpy
 .text.memset   0x0000a58e       0x10 c:/program files (x86)/cypress/psoc creator/4.4/psoc creator/import/gnu/arm/5.4.1/bin/../lib/gcc/arm-none-eabi/5.4.1/../../../../arm-none-eabi/lib/armv7-m\libg_nano.a(lib_a-memset.o)
                0x0000a58e                memset
 .text.__cvt    0x0000a59e       0xc0 c:/program files (x86)/cypress/psoc creator/4.4/psoc creator/import/gnu/arm/5.4.1/bin/../lib/gcc/arm-none-eabi/5.4.1/../../../../arm-none-eabi/lib/armv7-m\libg_nano.a(lib_a-nano-vfprintf_float.o)
                0x0000a59e                __cvt
 .text.__exponent
                0x0000a65e       0x62 c:/program files (x86)/cypress/psoc creator/4.4/psoc creator/import/gnu/arm/5.4.1/bin/../lib/gcc/arm-none-eabi/5.4.1/../../../../arm-none-eabi/lib/armv7-m\libg_nano.a(lib_a-nano-vfprintf_float.o)
                0x0000a65e                __exponent
 .text._printf_float
                0x0000a6c0      0x488 c:/program files (x86)/cypress/psoc creator/4.4/psoc creator/import/gnu/arm/5.4.1/bin/../lib/gcc/arm-none-eabi/5.4.1/../../../../arm-none-eabi/lib/armv7-m\libg_nano.a(lib_a-nano-vfprintf_float.o)
                0x0000a6c0                _printf_float
 .text._printf_common
                0x0000ab48       0xec c:/program files (x86)/cypress/psoc creator/4.4/psoc creator/import/gnu/arm/5.4.1/bin/../lib/gcc/arm-none-eabi/5.4.1/../../../../arm-none-eabi/lib/armv7-m\libg_nano.a(lib_a-nano-vfprintf_i.o)
                0x0000ab48                _printf_common
 .text._printf_i
                0x0000ac34      0x24c c:/program files (x86)/cypress/psoc creator/4.4/psoc creator/import/gnu/arm/5.4.1/bin/../lib/gcc/arm-none-eabi/5.4.1/../../../../arm-none-eabi/lib/armv7-m\libg_nano.a(lib_a-nano-vfprintf_i.o)
                0x0000ac34                _printf_i
 .text.sprintf  0x0000ae80       0x48 c:/program files (x86)/cypress/psoc creator/4.4/psoc creator/import/gnu/arm/5.4.1/bin/../lib/gcc/arm-none-eabi/5.4.1/../../../../arm-none-eabi/lib/armv7-m\libg_nano.a(lib_a-sprintf.o)
                0x0000ae80                siprintf
                0x0000ae80                sprintf
 .text          0x0000aec8       0x10 c:/program files (x86)/cypress/psoc creator/4.4/psoc creator/import/gnu/arm/5.4.1/bin/../lib/gcc/arm-none-eabi/5.4.1/../../../../arm-none-eabi/lib/armv7-m\libg_nano.a(lib_a-strlen.o)
                0x0000aec8                strlen
 .text.quorem   0x0000aed8      0x116 c:/program files (x86)/cypress/psoc creator/4.4/psoc creator/import/gnu/arm/5.4.1/bin/../lib/gcc/arm-none-eabi/5.4.1/../../../../arm-none-eabi/lib/armv7-m\libg_nano.a(lib_a-dtoa.o)
 *fill*         0x0000afee        0x2 
 .text._dtoa_r  0x0000aff0      0xb30 c:/program files (x86)/cypress/psoc creator/4.4/psoc creator/import/gnu/arm/5.4.1/bin/../lib/gcc/arm-none-eabi/5.4.1/../../../../arm-none-eabi/lib/armv7-m\libg_nano.a(lib_a-dtoa.o)
                0x0000aff0                _dtoa_r
 .text._localeconv_r
                0x0000bb20        0x8 c:/program files (x86)/cypress/psoc creator/4.4/psoc creator/import/gnu/arm/5.4.1/bin/../lib/gcc/arm-none-eabi/5.4.1/../../../../arm-none-eabi/lib/armv7-m\libg_nano.a(lib_a-locale.o)
                0x0000bb20                _localeconv_r
 .text.malloc   0x0000bb28       0x10 c:/program files (x86)/cypress/psoc creator/4.4/psoc creator/import/gnu/arm/5.4.1/bin/../lib/gcc/arm-none-eabi/5.4.1/../../../../arm-none-eabi/lib/armv7-m\libg_nano.a(lib_a-malloc.o)
                0x0000bb28                malloc
 .text.memchr   0x0000bb38       0x1c c:/program files (x86)/cypress/psoc creator/4.4/psoc creator/import/gnu/arm/5.4.1/bin/../lib/gcc/arm-none-eabi/5.4.1/../../../../arm-none-eabi/lib/armv7-m\libg_nano.a(lib_a-memchr-stub.o)
                0x0000bb38                memchr
 .text._Balloc  0x0000bb54       0x6a c:/program files (x86)/cypress/psoc creator/4.4/psoc creator/import/gnu/arm/5.4.1/bin/../lib/gcc/arm-none-eabi/5.4.1/../../../../arm-none-eabi/lib/armv7-m\libg_nano.a(lib_a-mprec.o)
                0x0000bb54                _Balloc
 .text._Bfree   0x0000bbbe       0x2e c:/program files (x86)/cypress/psoc creator/4.4/psoc creator/import/gnu/arm/5.4.1/bin/../lib/gcc/arm-none-eabi/5.4.1/../../../../arm-none-eabi/lib/armv7-m\libg_nano.a(lib_a-mprec.o)
                0x0000bbbe                _Bfree
 .text.__multadd
                0x0000bbec       0x76 c:/program files (x86)/cypress/psoc creator/4.4/psoc creator/import/gnu/arm/5.4.1/bin/../lib/gcc/arm-none-eabi/5.4.1/../../../../arm-none-eabi/lib/armv7-m\libg_nano.a(lib_a-mprec.o)
                0x0000bbec                __multadd
 .text.__hi0bits
                0x0000bc62       0x40 c:/program files (x86)/cypress/psoc creator/4.4/psoc creator/import/gnu/arm/5.4.1/bin/../lib/gcc/arm-none-eabi/5.4.1/../../../../arm-none-eabi/lib/armv7-m\libg_nano.a(lib_a-mprec.o)
                0x0000bc62                __hi0bits
 .text.__lo0bits
                0x0000bca2       0x5a c:/program files (x86)/cypress/psoc creator/4.4/psoc creator/import/gnu/arm/5.4.1/bin/../lib/gcc/arm-none-eabi/5.4.1/../../../../arm-none-eabi/lib/armv7-m\libg_nano.a(lib_a-mprec.o)
                0x0000bca2                __lo0bits
 .text.__i2b    0x0000bcfc       0x12 c:/program files (x86)/cypress/psoc creator/4.4/psoc creator/import/gnu/arm/5.4.1/bin/../lib/gcc/arm-none-eabi/5.4.1/../../../../arm-none-eabi/lib/armv7-m\libg_nano.a(lib_a-mprec.o)
                0x0000bcfc                __i2b
 .text.__multiply
                0x0000bd0e      0x120 c:/program files (x86)/cypress/psoc creator/4.4/psoc creator/import/gnu/arm/5.4.1/bin/../lib/gcc/arm-none-eabi/5.4.1/../../../../arm-none-eabi/lib/armv7-m\libg_nano.a(lib_a-mprec.o)
                0x0000bd0e                __multiply
 *fill*         0x0000be2e        0x2 
 .text.__pow5mult
                0x0000be30       0x9c c:/program files (x86)/cypress/psoc creator/4.4/psoc creator/import/gnu/arm/5.4.1/bin/../lib/gcc/arm-none-eabi/5.4.1/../../../../arm-none-eabi/lib/armv7-m\libg_nano.a(lib_a-mprec.o)
                0x0000be30                __pow5mult
 .text.__lshift
                0x0000becc       0xa2 c:/program files (x86)/cypress/psoc creator/4.4/psoc creator/import/gnu/arm/5.4.1/bin/../lib/gcc/arm-none-eabi/5.4.1/../../../../arm-none-eabi/lib/armv7-m\libg_nano.a(lib_a-mprec.o)
                0x0000becc                __lshift
 .text.__mcmp   0x0000bf6e       0x38 c:/program files (x86)/cypress/psoc creator/4.4/psoc creator/import/gnu/arm/5.4.1/bin/../lib/gcc/arm-none-eabi/5.4.1/../../../../arm-none-eabi/lib/armv7-m\libg_nano.a(lib_a-mprec.o)
                0x0000bf6e                __mcmp
 .text.__mdiff  0x0000bfa6       0xbe c:/program files (x86)/cypress/psoc creator/4.4/psoc creator/import/gnu/arm/5.4.1/bin/../lib/gcc/arm-none-eabi/5.4.1/../../../../arm-none-eabi/lib/armv7-m\libg_nano.a(lib_a-mprec.o)
                0x0000bfa6                __mdiff
 .text.__d2b    0x0000c064       0x9c c:/program files (x86)/cypress/psoc creator/4.4/psoc creator/import/gnu/arm/5.4.1/bin/../lib/gcc/arm-none-eabi/5.4.1/../../../../arm-none-eabi/lib/armv7-m\libg_nano.a(lib_a-mprec.o)
                0x0000c064                __d2b
 .text._calloc_r
                0x0000c100       0x1c c:/program files (x86)/cypress/psoc creator/4.4/psoc creator/import/gnu/arm/5.4.1/bin/../lib/gcc/arm-none-eabi/5.4.1/../../../../arm-none-eabi/lib/armv7-m\libg_nano.a(lib_a-nano-callocr.o)
                0x0000c100                _calloc_r
 .text._free_r  0x0000c11c       0x98 c:/program files (x86)/cypress/psoc creator/4.4/psoc creator/import/gnu/arm/5.4.1/bin/../lib/gcc/arm-none-eabi/5.4.1/../../../../arm-none-eabi/lib/armv7-m\libg_nano.a(lib_a-nano-freer.o)
                0x0000c11c                _free_r
 .text._malloc_r
                0x0000c1b4       0xbc c:/program files (x86)/cypress/psoc creator/4.4/psoc creator/import/gnu/arm/5.4.1/bin/../lib/gcc/arm-none-eabi/5.4.1/../../../../arm-none-eabi/lib/armv7-m\libg_nano.a(lib_a-nano-mallocr.o)
                0x0000c1b4                _malloc_r
 .text.__ssputs_r
                0x0000c270       0xb2 c:/program files (x86)/cypress/psoc creator/4.4/psoc creator/import/gnu/arm/5.4.1/bin/../lib/gcc/arm-none-eabi/5.4.1/../../../../arm-none-eabi/lib/armv7-m\libg_nano.a(lib_a-nano-svfprintf.o)
                0x0000c270                __ssputs_r
 *fill*         0x0000c322        0x2 
 .text._svfprintf_r
                0x0000c324      0x1e8 c:/program files (x86)/cypress/psoc creator/4.4/psoc creator/import/gnu/arm/5.4.1/bin/../lib/gcc/arm-none-eabi/5.4.1/../../../../arm-none-eabi/lib/armv7-m\libg_nano.a(lib_a-nano-svfprintf.o)
                0x0000c324                _svfiprintf_r
                0x0000c324                _svfprintf_r
 .text._sbrk_r  0x0000c50c       0x20 c:/program files (x86)/cypress/psoc creator/4.4/psoc creator/import/gnu/arm/5.4.1/bin/../lib/gcc/arm-none-eabi/5.4.1/../../../../arm-none-eabi/lib/armv7-m\libg_nano.a(lib_a-sbrkr.o)
                0x0000c50c                _sbrk_r
 .text.memmove  0x0000c52c       0x36 c:/program files (x86)/cypress/psoc creator/4.4/psoc creator/import/gnu/arm/5.4.1/bin/../lib/gcc/arm-none-eabi/5.4.1/../../../../arm-none-eabi/lib/armv7-m\libg_nano.a(lib_a-memmove.o)
                0x0000c52c                memmove
 .text.__malloc_lock
                0x0000c562        0x2 c:/program files (x86)/cypress/psoc creator/4.4/psoc creator/import/gnu/arm/5.4.1/bin/../lib/gcc/arm-none-eabi/5.4.1/../../../../arm-none-eabi/lib/armv7-m\libg_nano.a(lib_a-mlock.o)
                0x0000c562                __malloc_lock
 .text.__malloc_unlock
                0x0000c564        0x2 c:/program files (x86)/cypress/psoc creator/4.4/psoc creator/import/gnu/arm/5.4.1/bin/../lib/gcc/arm-none-eabi/5.4.1/../../../../arm-none-eabi/lib/armv7-m\libg_nano.a(lib_a-mlock.o)
                0x0000c564                __malloc_unlock
 .text._realloc_r
                0x0000c566       0x4c c:/program files (x86)/cypress/psoc creator/4.4/psoc creator/import/gnu/arm/5.4.1/bin/../lib/gcc/arm-none-eabi/5.4.1/../../../../arm-none-eabi/lib/armv7-m\libg_nano.a(lib_a-nano-reallocr.o)
                0x0000c566                _realloc_r
 .text._malloc_usable_size_r
                0x0000c5b2       0x14 c:/program files (x86)/cypress/psoc creator/4.4/psoc creator/import/gnu/arm/5.4.1/bin/../lib/gcc/arm-none-eabi/5.4.1/../../../../arm-none-eabi/lib/armv7-m\libg_nano.a(lib_a-nano-msizer.o)
                0x0000c5b2                _malloc_usable_size_r
 *fill*         0x0000c5c6        0x2 
 .text          0x0000c5c8      0x424 c:/program files (x86)/cypress/psoc creator/4.4/psoc creator/import/gnu/arm/5.4.1/bin/../lib/gcc/arm-none-eabi/5.4.1/armv7-m\libgcc.a(_arm_muldivdf3.o)
                0x0000c5c8                __aeabi_dmul
                0x0000c5c8                __muldf3
                0x0000c81c                __divdf3
                0x0000c81c                __aeabi_ddiv
 .text          0x0000c9ec       0x2c c:/program files (x86)/cypress/psoc creator/4.4/psoc creator/import/gnu/arm/5.4.1/bin/../lib/gcc/arm-none-eabi/5.4.1/armv7-m\libgcc.a(_arm_unorddf2.o)
                0x0000c9ec                __unorddf2
                0x0000c9ec                __aeabi_dcmpun
 .text          0x0000ca18       0x50 c:/program files (x86)/cypress/psoc creator/4.4/psoc creator/import/gnu/arm/5.4.1/bin/../lib/gcc/arm-none-eabi/5.4.1/armv7-m\libgcc.a(_arm_fixdfsi.o)
                0x0000ca18                __aeabi_d2iz
                0x0000ca18                __fixdfsi
 *(.plt)
 *(.gnu.warning)
 *(.glue_7t)
 .glue_7t       0x0000ca68        0x0 linker stubs
 *(.glue_7)
 .glue_7        0x0000ca68        0x0 linker stubs
 *(.vfp11_veneer)
 .vfp11_veneer  0x0000ca68        0x0 linker stubs
 *(.bootloader)
 *(.ARM.extab* .gnu.linkonce.armextab.*)
 *(.gcc_except_table)

.v4_bx          0x0000ca68        0x0
 .v4_bx         0x0000ca68        0x0 linker stubs

.iplt           0x0000ca68        0x0
 .iplt          0x0000ca68        0x0 c:/program files (x86)/cypress/psoc creator/4.4/psoc creator/import/gnu/arm/5.4.1/bin/../lib/gcc/arm-none-eabi/5.4.1/armv7-m/crtbegin.o

.eh_frame_hdr
 *(.eh_frame_hdr)

.eh_frame       0x0000ca68        0x4
 *(.eh_frame)
 .eh_frame      0x0000ca68        0x0 c:/program files (x86)/cypress/psoc creator/4.4/psoc creator/import/gnu/arm/5.4.1/bin/../lib/gcc/arm-none-eabi/5.4.1/armv7-m/crtbegin.o
 .eh_frame      0x0000ca68        0x4 c:/program files (x86)/cypress/psoc creator/4.4/psoc creator/import/gnu/arm/5.4.1/bin/../lib/gcc/arm-none-eabi/5.4.1/armv7-m/crtend.o
                [!provide]                PROVIDE (__exidx_start, .)

.ARM.exidx
 *(.ARM.exidx* .gnu.linkonce.armexidx.*)
                0x0000ca6c                __exidx_end = .

.rodata         0x0000ca70     0x1f90
 *(.rodata .rodata.* .gnu.linkonce.r.*)
 .rodata        0x0000ca70     0x1d74 .\ARM_GCC_541\Debug\main.o
 .rodata        0x0000e7e4       0x56 .\ARM_GCC_541\Debug\cyfitter_cfg.o
                0x0000e7e4                AMux_1__addrTable
                0x0000e7f4                AMux_1__maskTable
                0x0000e7f8                ADC_DelSig_1_AMux__addrTable
                0x0000e800                ADC_DelSig_1_AMux__maskTable
 *fill*         0x0000e83a        0x2 
 .rodata.str1.4
                0x0000e83c        0xc c:/program files (x86)/cypress/psoc creator/4.4/psoc creator/import/gnu/arm/5.4.1/bin/../lib/gcc/arm-none-eabi/5.4.1/../../../../arm-none-eabi/lib/armv7-m\libm.a(lib_a-wf_asin.o)
                                  0x9 (size before relaxing)
 .rodata.atanlo
                0x0000e848       0x10 c:/program files (x86)/cypress/psoc creator/4.4/psoc creator/import/gnu/arm/5.4.1/bin/../lib/gcc/arm-none-eabi/5.4.1/../../../../arm-none-eabi/lib/armv7-m\libm.a(lib_a-sf_atan.o)
 .rodata.atanhi
                0x0000e858       0x10 c:/program files (x86)/cypress/psoc creator/4.4/psoc creator/import/gnu/arm/5.4.1/bin/../lib/gcc/arm-none-eabi/5.4.1/../../../../arm-none-eabi/lib/armv7-m\libm.a(lib_a-sf_atan.o)
 .rodata.str1.1
                0x0000e868        0x2 c:/program files (x86)/cypress/psoc creator/4.4/psoc creator/import/gnu/arm/5.4.1/bin/../lib/gcc/arm-none-eabi/5.4.1/../../../../arm-none-eabi/lib/armv7-m\libg_nano.a(lib_a-impure.o)
 .rodata.str1.1
                0x0000e86a       0x12 c:/program files (x86)/cypress/psoc creator/4.4/psoc creator/import/gnu/arm/5.4.1/bin/../lib/gcc/arm-none-eabi/5.4.1/../../../../arm-none-eabi/lib/armv7-m\libg_nano.a(lib_a-nano-vfprintf_float.o)
 .rodata.str1.1
                0x0000e87c       0x22 c:/program files (x86)/cypress/psoc creator/4.4/psoc creator/import/gnu/arm/5.4.1/bin/../lib/gcc/arm-none-eabi/5.4.1/../../../../arm-none-eabi/lib/armv7-m\libg_nano.a(lib_a-nano-vfprintf_i.o)
 .rodata.str1.1
                0x0000e89e        0xd c:/program files (x86)/cypress/psoc creator/4.4/psoc creator/import/gnu/arm/5.4.1/bin/../lib/gcc/arm-none-eabi/5.4.1/../../../../arm-none-eabi/lib/armv7-m\libg_nano.a(lib_a-dtoa.o)
                                  0xf (size before relaxing)
 .rodata.str1.1
                0x0000e8ab        0x8 c:/program files (x86)/cypress/psoc creator/4.4/psoc creator/import/gnu/arm/5.4.1/bin/../lib/gcc/arm-none-eabi/5.4.1/../../../../arm-none-eabi/lib/armv7-m\libg_nano.a(lib_a-locale.o)
                                  0xb (size before relaxing)
 *fill*         0x0000e8b3        0x5 
 .rodata.__mprec_tens
                0x0000e8b8       0xc8 c:/program files (x86)/cypress/psoc creator/4.4/psoc creator/import/gnu/arm/5.4.1/bin/../lib/gcc/arm-none-eabi/5.4.1/../../../../arm-none-eabi/lib/armv7-m\libg_nano.a(lib_a-mprec.o)
                0x0000e8b8                __mprec_tens
 .rodata.p05.5408
                0x0000e980        0xc c:/program files (x86)/cypress/psoc creator/4.4/psoc creator/import/gnu/arm/5.4.1/bin/../lib/gcc/arm-none-eabi/5.4.1/../../../../arm-none-eabi/lib/armv7-m\libg_nano.a(lib_a-mprec.o)
 *fill*         0x0000e98c        0x4 
 .rodata.__mprec_bigtens
                0x0000e990       0x28 c:/program files (x86)/cypress/psoc creator/4.4/psoc creator/import/gnu/arm/5.4.1/bin/../lib/gcc/arm-none-eabi/5.4.1/../../../../arm-none-eabi/lib/armv7-m\libg_nano.a(lib_a-mprec.o)
                0x0000e990                __mprec_bigtens
 .rodata.str1.1
                0x0000e9b8       0x11 c:/program files (x86)/cypress/psoc creator/4.4/psoc creator/import/gnu/arm/5.4.1/bin/../lib/gcc/arm-none-eabi/5.4.1/../../../../arm-none-eabi/lib/armv7-m\libg_nano.a(lib_a-nano-svfprintf.o)
                0x0000e9cc                . = ALIGN (0x4)
 *fill*         0x0000e9c9        0x3 
 *(.init)
 .init          0x0000e9cc        0x4 c:/program files (x86)/cypress/psoc creator/4.4/psoc creator/import/gnu/arm/5.4.1/bin/../lib/gcc/arm-none-eabi/5.4.1/armv7-m/crti.o
                0x0000e9cc                _init
 .init          0x0000e9d0        0x8 c:/program files (x86)/cypress/psoc creator/4.4/psoc creator/import/gnu/arm/5.4.1/bin/../lib/gcc/arm-none-eabi/5.4.1/armv7-m/crtn.o
                0x0000e9d8                . = ALIGN (0x4)
                0x0000e9d8                __preinit_array_start = .
 *(.preinit_array)
                0x0000e9d8                __preinit_array_end = .
                0x0000e9d8                . = ALIGN (0x4)
                0x0000e9d8                __init_array_start = .
 *(SORT(.init_array.*))
 *(.init_array)
 .init_array    0x0000e9d8        0x4 c:/program files (x86)/cypress/psoc creator/4.4/psoc creator/import/gnu/arm/5.4.1/bin/../lib/gcc/arm-none-eabi/5.4.1/armv7-m/crtbegin.o
 .init_array    0x0000e9dc        0x4 .\ARM_GCC_541\Debug\Cm3Start.o
                0x0000e9e0                __init_array_end = .
                0x0000e9e0                . = ALIGN (0x4)
 *(.fini)
 .fini          0x0000e9e0        0x4 c:/program files (x86)/cypress/psoc creator/4.4/psoc creator/import/gnu/arm/5.4.1/bin/../lib/gcc/arm-none-eabi/5.4.1/armv7-m/crti.o
                0x0000e9e0                _fini
 .fini          0x0000e9e4        0x8 c:/program files (x86)/cypress/psoc creator/4.4/psoc creator/import/gnu/arm/5.4.1/bin/../lib/gcc/arm-none-eabi/5.4.1/armv7-m/crtn.o
                0x0000e9ec                . = ALIGN (0x4)
                0x0000e9ec                __fini_array_start = .
 *(.fini_array)
 .fini_array    0x0000e9ec        0x4 c:/program files (x86)/cypress/psoc creator/4.4/psoc creator/import/gnu/arm/5.4.1/bin/../lib/gcc/arm-none-eabi/5.4.1/armv7-m/crtbegin.o
 *(SORT(.fini_array.*))
                0x0000e9f0                __fini_array_end = .
                0x0000e9f0                . = ALIGN (0x4)
 *crtbegin.o(.ctors)
 *(EXCLUDE_FILE(*crtend.o) .ctors)
 *(SORT(.ctors.*))
 *crtend.o(.ctors)
                0x0000e9f0                . = ALIGN (0x4)
 *crtbegin.o(.dtors)
 *(EXCLUDE_FILE(*crtend.o) .dtors)
 *(SORT(.dtors.*))
 *crtend.o(.dtors)
                0x0000e9f0                . = ALIGN (0x4)
                0x0000e9f0                __cy_regions = .
                0x0000e9f0        0x4 LONG 0xea00 __cy_region_init_ram
                0x0000e9f4        0x4 LONG 0x1fff80c8 __cy_region_start_data
                0x0000e9f8        0x4 LONG 0x138 __cy_region_init_size_ram
                0x0000e9fc        0x4 LONG 0x448 __cy_region_zero_size_ram
                0x0000ea00                __cy_regions_end = .
                0x0000ea00                . = ALIGN (0x8)
                0x0000ea00                _etext = .

.cy_checksum_exclude
                0x0000ea00        0x0
 *(.cy_checksum_exclude)

.ramvectors     0x1fff8000       0xc0
                0x1fff8000                __cy_region_start_ram = .
 *(.ramvectors)
 .ramvectors    0x1fff8000       0xc0 .\ARM_GCC_541\Debug\Cm3Start.o
                0x1fff8000                CyRamVectors

.noinit         0x1fff80c0        0x5
 *(.noinit)
 .noinit        0x1fff80c0        0x4 .\ARM_GCC_541\Debug\Cm3Start.o
 .noinit        0x1fff80c4        0x1 .\ARM_GCC_541\Debug\Proj06_freefly_uart_control_test_gps.a(CyLib.o)
                0x1fff80c4                CyResetStatus

.data           0x1fff80c8      0x138 load address 0x0000ea00
                0x1fff80c8                __cy_region_start_data = .
 *(.jcr)
 .jcr           0x1fff80c8        0x0 c:/program files (x86)/cypress/psoc creator/4.4/psoc creator/import/gnu/arm/5.4.1/bin/../lib/gcc/arm-none-eabi/5.4.1/armv7-m/crtbegin.o
 .jcr           0x1fff80c8        0x4 c:/program files (x86)/cypress/psoc creator/4.4/psoc creator/import/gnu/arm/5.4.1/bin/../lib/gcc/arm-none-eabi/5.4.1/armv7-m/crtend.o
 *(.got.plt)
 *(.got)
 *(.shdata)
 *(.data .data.* .gnu.linkonce.d.*)
 .data          0x1fff80cc        0x4 .\ARM_GCC_541\Debug\main.o
 .data          0x1fff80d0        0x4 .\ARM_GCC_541\Debug\joystick.o
 .data          0x1fff80d4       0x74 .\ARM_GCC_541\Debug\QX_Protocol_App.o
                0x1fff80d4                FreeflyAPI
 .data          0x1fff8148        0x4 .\ARM_GCC_541\Debug\Cm3Start.o
 .data          0x1fff814c        0x1 .\ARM_GCC_541\Debug\Proj06_freefly_uart_control_test_gps.a(ADC_DelSig_1.o)
                0x1fff814c                ADC_DelSig_1_Config
 .data          0x1fff814d        0x1 .\ARM_GCC_541\Debug\Proj06_freefly_uart_control_test_gps.a(AMux_1.o)
 .data          0x1fff814e        0x1 .\ARM_GCC_541\Debug\Proj06_freefly_uart_control_test_gps.a(ADC_DelSig_1_AMux.o)
 *fill*         0x1fff814f        0x1 
 .data          0x1fff8150       0x10 .\ARM_GCC_541\Debug\Proj06_freefly_uart_control_test_gps.a(CyLib.o)
                0x1fff8150                cydelay_freq_hz
                0x1fff8154                cydelay_freq_khz
                0x1fff8158                cydelay_freq_mhz
                0x1fff815c                cydelay_32k_ms
 .data.__fdlib_version
                0x1fff8160        0x1 c:/program files (x86)/cypress/psoc creator/4.4/psoc creator/import/gnu/arm/5.4.1/bin/../lib/gcc/arm-none-eabi/5.4.1/../../../../arm-none-eabi/lib/armv7-m\libm.a(lib_a-s_lib_ver.o)
                0x1fff8160                __fdlib_version
 *fill*         0x1fff8161        0x3 
 .data.impure_data
                0x1fff8164       0x60 c:/program files (x86)/cypress/psoc creator/4.4/psoc creator/import/gnu/arm/5.4.1/bin/../lib/gcc/arm-none-eabi/5.4.1/../../../../arm-none-eabi/lib/armv7-m\libg_nano.a(lib_a-impure.o)
 .data._impure_ptr
                0x1fff81c4        0x4 c:/program files (x86)/cypress/psoc creator/4.4/psoc creator/import/gnu/arm/5.4.1/bin/../lib/gcc/arm-none-eabi/5.4.1/../../../../arm-none-eabi/lib/armv7-m\libg_nano.a(lib_a-impure.o)
                0x1fff81c4                _impure_ptr
 .data.lconv    0x1fff81c8       0x38 c:/program files (x86)/cypress/psoc creator/4.4/psoc creator/import/gnu/arm/5.4.1/bin/../lib/gcc/arm-none-eabi/5.4.1/../../../../arm-none-eabi/lib/armv7-m\libg_nano.a(lib_a-locale.o)
                0x1fff8200                . = ALIGN (0x8)
 *(.ram)
                0x1fff8200                _edata = .

.igot.plt       0x1fff8200        0x0 load address 0x0000eb38
 .igot.plt      0x1fff8200        0x0 c:/program files (x86)/cypress/psoc creator/4.4/psoc creator/import/gnu/arm/5.4.1/bin/../lib/gcc/arm-none-eabi/5.4.1/armv7-m/crtbegin.o

.bss            0x1fff8200      0x448 load address 0x0000eb38
                0x1fff8200                PROVIDE (__bss_start__, .)
 *(.shbss)
 *(.bss .bss.* .gnu.linkonce.b.*)
 .bss           0x1fff8200       0x1c c:/program files (x86)/cypress/psoc creator/4.4/psoc creator/import/gnu/arm/5.4.1/bin/../lib/gcc/arm-none-eabi/5.4.1/armv7-m/crtbegin.o
 .bss           0x1fff821c      0x284 .\ARM_GCC_541\Debug\main.o
                0x1fff845c                g_tick_ms
 .bss           0x1fff84a0        0x8 .\ARM_GCC_541\Debug\adc_balanced.o
 .bss           0x1fff84a8       0x42 .\ARM_GCC_541\Debug\joystick.o
 *fill*         0x1fff84ea        0x2 
 .bss           0x1fff84ec        0x8 .\ARM_GCC_541\Debug\QX_Protocol.o
                0x1fff84ec                QX_BuildHeader_Legacy
                0x1fff84f0                QX_ParseHeader_Legacy
 .bss           0x1fff84f4        0xc .\ARM_GCC_541\Debug\Proj06_freefly_uart_control_test_gps.a(ADC_DelSig_1.o)
                0x1fff84f4                ADC_DelSig_1_convDone
                0x1fff84f5                ADC_DelSig_1_stopConversion
                0x1fff84f6                ADC_DelSig_1_initVar
                0x1fff84f7                ADC_DelSig_1_started
                0x1fff84f8                ADC_DelSig_1_Offset
 .bss           0x1fff8500        0x2 .\ARM_GCC_541\Debug\Proj06_freefly_uart_control_test_gps.a(UART_1.o)
                0x1fff8500                UART_1_initVar
 .bss           0x1fff8502        0x2 .\ARM_GCC_541\Debug\Proj06_freefly_uart_control_test_gps.a(UART_MOVI.o)
                0x1fff8502                UART_MOVI_initVar
 .bss           0x1fff8504        0x1 .\ARM_GCC_541\Debug\Proj06_freefly_uart_control_test_gps.a(Looptimer.o)
                0x1fff8504                Looptimer_initVar
 *fill*         0x1fff8505        0x3 
 .bss.__malloc_sbrk_start
                0x1fff8508        0x4 c:/program files (x86)/cypress/psoc creator/4.4/psoc creator/import/gnu/arm/5.4.1/bin/../lib/gcc/arm-none-eabi/5.4.1/../../../../arm-none-eabi/lib/armv7-m\libg_nano.a(lib_a-nano-mallocr.o)
                0x1fff8508                __malloc_sbrk_start
 .bss.__malloc_free_list
                0x1fff850c        0x4 c:/program files (x86)/cypress/psoc creator/4.4/psoc creator/import/gnu/arm/5.4.1/bin/../lib/gcc/arm-none-eabi/5.4.1/../../../../arm-none-eabi/lib/armv7-m\libg_nano.a(lib_a-nano-mallocr.o)
                0x1fff850c                __malloc_free_list
 *(COMMON)
 COMMON         0x1fff8510        0xc .\ARM_GCC_541\Debug\QX_Parsing_Functions.o
                0x1fff8510                rw
                0x1fff8512                get_uint16_t
                0x1fff8514                rw_orig
                0x1fff8518                msgPtr
 COMMON         0x1fff851c       0x9c .\ARM_GCC_541\Debug\QX_Protocol.o
                0x1fff851c                QX_Clients
                0x1fff8524                QX_CommsPorts
                0x1fff85b0                QX_Servers
 COMMON         0x1fff85b8       0x88 .\ARM_GCC_541\Debug\simple_buffer.o
                0x1fff85b8                tail
                0x1fff85bc                head
                0x1fff85c0                Buf
 COMMON         0x1fff8640        0x4 .\ARM_GCC_541\Debug\Proj06_freefly_uart_control_test_gps.a(ADC_DelSig_1.o)
                0x1fff8640                ADC_DelSig_1_CountsPerVolt
 COMMON         0x1fff8644        0x4 c:/program files (x86)/cypress/psoc creator/4.4/psoc creator/import/gnu/arm/5.4.1/bin/../lib/gcc/arm-none-eabi/5.4.1/../../../../arm-none-eabi/lib/armv7-m\libg_nano.a(lib_a-reent.o)
                0x1fff8644                errno
                0x1fff8648                . = ALIGN (0x8)
 *(.ram.b)
                0x1fff8648                _end = .
                0x1fff8648                __end = .
                0x1fff8648                PROVIDE (end, .)
                0x1fff8648                PROVIDE (__bss_end__, .)
                0x0000ea00                __cy_region_init_ram = LOADADDR (.data)
                0x00000138                __cy_region_init_size_ram = (_edata - ADDR (.data))
                0x00000448                __cy_region_zero_size_ram = (_end - _edata)

.heap           0x1fff8648       0x80 load address 0x0000eb38
                0x1fff8648                . = _end
                0x1fff86c8                . = (. + 0x80)
 *fill*         0x1fff8648       0x80 
                0x1fff86c8                __cy_heap_limit = .

.stack          0x20007800      0x800
                0x20007800                __cy_stack_limit = .
                0x20008000                . = (. + 0x800)
 *fill*         0x20007800      0x800 
                0x00000001                ASSERT ((__cy_stack_limit >= __cy_heap_limit), region RAM overflowed with stack)
                0x00000000                cy_checksum_exclude_size = (CY_APPL_LOADABLE == 0x1)?SIZEOF (.cy_checksum_exclude):0x0
                0x00000001                ASSERT ((cy_checksum_exclude_size <= CY_CHECKSUM_EXCLUDE_SIZE), CY_BOOT: Section .cy_checksum_exclude size exceedes specified limit.)

.cyloadermeta
 *(.cyloadermeta)

.cyloadablemeta
 *(.cyloadablemeta)

.cyconfigecc    0x80000000      0x654
 *(.cyconfigecc)
 .cyconfigecc   0x80000000      0x654 .\ARM_GCC_541\Debug\cymetadata.o
                0x80000000                cy_meta_configecc

.cycustnvl      0x90000000        0x4
 *(.cycustnvl)
 .cycustnvl     0x90000000        0x4 .\ARM_GCC_541\Debug\cymetadata.o
                0x90000000                cy_meta_custnvl

.cywolatch      0x90100000        0x4
 *(.cywolatch)
 .cywolatch     0x90100000        0x4 .\ARM_GCC_541\Debug\cymetadata.o
                0x90100000                cy_meta_wonvl

.cyeeprom       0x90200000        0x0
 *(.cyeeprom)
                0x00000001                ASSERT ((. <= ((0x90200000 + ee_offset) + ee_size)), .cyeeprom data will not fit in EEPROM)

.cyflashprotect
                0x90400000      0x100
 *(.cyflashprotect)
 .cyflashprotect
                0x90400000      0x100 .\ARM_GCC_541\Debug\cymetadata.o
                0x90400000                cy_meta_flashprotect

.cymeta         0x90500000        0xc
 *(.cymeta)
 .cymeta        0x90500000        0xc .\ARM_GCC_541\Debug\cymetadata.o
                0x90500000                cy_metadata

.rel.dyn        0x0000eb38        0x0 load address 0x9050000c
 .rel.iplt      0x0000eb38        0x0 c:/program files (x86)/cypress/psoc creator/4.4/psoc creator/import/gnu/arm/5.4.1/bin/../lib/gcc/arm-none-eabi/5.4.1/armv7-m/crtbegin.o

.stab
 *(.stab)

.stabstr
 *(.stabstr)

.debug
 *(.debug)

.line
 *(.line)

.debug_srcinfo
 *(.debug_srcinfo)

.debug_sfnames
 *(.debug_sfnames)

.debug_aranges  0x00000000     0x11d0
 *(.debug_aranges)
 .debug_aranges
                0x00000000       0xe0 .\ARM_GCC_541\Debug\main.o
 .debug_aranges
                0x000000e0       0x40 .\ARM_GCC_541\Debug\adc_balanced.o
 .debug_aranges
                0x00000120       0xa0 .\ARM_GCC_541\Debug\joystick.o
 .debug_aranges
                0x000001c0       0x48 .\ARM_GCC_541\Debug\movi_rb.o
 .debug_aranges
                0x00000208       0xd8 .\ARM_GCC_541\Debug\movi_comm.o
 .debug_aranges
                0x000002e0      0x160 .\ARM_GCC_541\Debug\QX_Parsing_Functions.o
 .debug_aranges
                0x00000440       0xe0 .\ARM_GCC_541\Debug\QX_Protocol.o
 .debug_aranges
                0x00000520       0x48 .\ARM_GCC_541\Debug\QX_Protocol_App.o
 .debug_aranges
                0x00000568       0x28 .\ARM_GCC_541\Debug\simple_buffer.o
 .debug_aranges
                0x00000590       0x80 .\ARM_GCC_541\Debug\cyfitter_cfg.o
 .debug_aranges
                0x00000610       0x18 .\ARM_GCC_541\Debug\cymetadata.o
 .debug_aranges
                0x00000628       0x48 .\ARM_GCC_541\Debug\Cm3Start.o
 .debug_aranges
                0x00000670       0xe8 .\ARM_GCC_541\Debug\Proj06_freefly_uart_control_test_gps.a(ADC_DelSig_1.o)
 .debug_aranges
                0x00000758       0x38 .\ARM_GCC_541\Debug\Proj06_freefly_uart_control_test_gps.a(ADC_DelSig_1_INT.o)
 .debug_aranges
                0x00000790       0xf0 .\ARM_GCC_541\Debug\Proj06_freefly_uart_control_test_gps.a(UART_1.o)
 .debug_aranges
                0x00000880       0x30 .\ARM_GCC_541\Debug\Proj06_freefly_uart_control_test_gps.a(AMux_1.o)
 .debug_aranges
                0x000008b0       0x80 .\ARM_GCC_541\Debug\Proj06_freefly_uart_control_test_gps.a(isr_adc.o)
 .debug_aranges
                0x00000930       0xf0 .\ARM_GCC_541\Debug\Proj06_freefly_uart_control_test_gps.a(UART_MOVI.o)
 .debug_aranges
                0x00000a20       0x80 .\ARM_GCC_541\Debug\Proj06_freefly_uart_control_test_gps.a(isr_rx_movi.o)
 .debug_aranges
                0x00000aa0       0x88 .\ARM_GCC_541\Debug\Proj06_freefly_uart_control_test_gps.a(Looptimer.o)
 .debug_aranges
                0x00000b28       0x80 .\ARM_GCC_541\Debug\Proj06_freefly_uart_control_test_gps.a(isr_Looptimer.o)
 .debug_aranges
                0x00000ba8       0x30 .\ARM_GCC_541\Debug\Proj06_freefly_uart_control_test_gps.a(ADC_DelSig_1_AMux.o)
 .debug_aranges
                0x00000bd8       0x70 .\ARM_GCC_541\Debug\Proj06_freefly_uart_control_test_gps.a(ADC_DelSig_1_Ext_CP_Clk.o)
 .debug_aranges
                0x00000c48       0x80 .\ARM_GCC_541\Debug\Proj06_freefly_uart_control_test_gps.a(ADC_DelSig_1_theACLK.o)
 .debug_aranges
                0x00000cc8       0x70 .\ARM_GCC_541\Debug\Proj06_freefly_uart_control_test_gps.a(UART_1_IntClock.o)
 .debug_aranges
                0x00000d38      0x2a0 .\ARM_GCC_541\Debug\Proj06_freefly_uart_control_test_gps.a(CyLib.o)
 .debug_aranges
                0x00000fd8       0x98 .\ARM_GCC_541\Debug\Proj06_freefly_uart_control_test_gps.a(cyPm.o)
 .debug_aranges
                0x00001070       0x38 .\ARM_GCC_541\Debug\Proj06_freefly_uart_control_test_gps.a(Pin_Sensitivity.o)
 .debug_aranges
                0x000010a8       0x20 .\ARM_GCC_541\Debug\Proj06_freefly_uart_control_test_gps.a(CyBootAsmGnu.o)
 .debug_aranges
                0x000010c8       0x88 .\ARM_GCC_541\Debug\Proj06_freefly_uart_control_test_gps.a(CyFlash.o)
 .debug_aranges
                0x00001150       0x80 .\ARM_GCC_541\Debug\Proj06_freefly_uart_control_test_gps.a(CySpc.o)

.debug_pubnames
 *(.debug_pubnames)

.debug_info     0x00000000     0xb266
 *(.debug_info .gnu.linkonce.wi.*)
 .debug_info    0x00000000     0x1f8c .\ARM_GCC_541\Debug\main.o
 .debug_info    0x00001f8c      0x1f7 .\ARM_GCC_541\Debug\adc_balanced.o
 .debug_info    0x00002183      0x662 .\ARM_GCC_541\Debug\joystick.o
 .debug_info    0x000027e5      0x23c .\ARM_GCC_541\Debug\movi_rb.o
 .debug_info    0x00002a21     0x14f5 .\ARM_GCC_541\Debug\movi_comm.o
 .debug_info    0x00003f16      0xf3e .\ARM_GCC_541\Debug\QX_Parsing_Functions.o
 .debug_info    0x00004e54      0xd30 .\ARM_GCC_541\Debug\QX_Protocol.o
 .debug_info    0x00005b84      0x8bb .\ARM_GCC_541\Debug\QX_Protocol_App.o
 .debug_info    0x0000643f      0x196 .\ARM_GCC_541\Debug\simple_buffer.o
 .debug_info    0x000065d5      0x59a .\ARM_GCC_541\Debug\cyfitter_cfg.o
 .debug_info    0x00006b6f      0x138 .\ARM_GCC_541\Debug\cymetadata.o
 .debug_info    0x00006ca7      0x32b .\ARM_GCC_541\Debug\Cm3Start.o
 .debug_info    0x00006fd2      0x72c .\ARM_GCC_541\Debug\Proj06_freefly_uart_control_test_gps.a(ADC_DelSig_1.o)
 .debug_info    0x000076fe       0xd3 .\ARM_GCC_541\Debug\Proj06_freefly_uart_control_test_gps.a(ADC_DelSig_1_INT.o)
 .debug_info    0x000077d1      0x50a .\ARM_GCC_541\Debug\Proj06_freefly_uart_control_test_gps.a(UART_1.o)
 .debug_info    0x00007cdb       0xf7 .\ARM_GCC_541\Debug\Proj06_freefly_uart_control_test_gps.a(AMux_1.o)
 .debug_info    0x00007dd2      0x241 .\ARM_GCC_541\Debug\Proj06_freefly_uart_control_test_gps.a(isr_adc.o)
 .debug_info    0x00008013      0x50a .\ARM_GCC_541\Debug\Proj06_freefly_uart_control_test_gps.a(UART_MOVI.o)
 .debug_info    0x0000851d      0x241 .\ARM_GCC_541\Debug\Proj06_freefly_uart_control_test_gps.a(isr_rx_movi.o)
 .debug_info    0x0000875e      0x245 .\ARM_GCC_541\Debug\Proj06_freefly_uart_control_test_gps.a(Looptimer.o)
 .debug_info    0x000089a3      0x241 .\ARM_GCC_541\Debug\Proj06_freefly_uart_control_test_gps.a(isr_Looptimer.o)
 .debug_info    0x00008be4      0x10a .\ARM_GCC_541\Debug\Proj06_freefly_uart_control_test_gps.a(ADC_DelSig_1_AMux.o)
 .debug_info    0x00008cee      0x25d .\ARM_GCC_541\Debug\Proj06_freefly_uart_control_test_gps.a(ADC_DelSig_1_Ext_CP_Clk.o)
 .debug_info    0x00008f4b      0x299 .\ARM_GCC_541\Debug\Proj06_freefly_uart_control_test_gps.a(ADC_DelSig_1_theACLK.o)
 .debug_info    0x000091e4      0x25d .\ARM_GCC_541\Debug\Proj06_freefly_uart_control_test_gps.a(UART_1_IntClock.o)
 .debug_info    0x00009441      0xe51 .\ARM_GCC_541\Debug\Proj06_freefly_uart_control_test_gps.a(CyLib.o)
 .debug_info    0x0000a292      0x57a .\ARM_GCC_541\Debug\Proj06_freefly_uart_control_test_gps.a(cyPm.o)
 .debug_info    0x0000a80c      0x11e .\ARM_GCC_541\Debug\Proj06_freefly_uart_control_test_gps.a(Pin_Sensitivity.o)
 .debug_info    0x0000a92a       0xc3 .\ARM_GCC_541\Debug\Proj06_freefly_uart_control_test_gps.a(CyBootAsmGnu.o)
 .debug_info    0x0000a9ed      0x3b9 .\ARM_GCC_541\Debug\Proj06_freefly_uart_control_test_gps.a(CyFlash.o)
 .debug_info    0x0000ada6      0x4c0 .\ARM_GCC_541\Debug\Proj06_freefly_uart_control_test_gps.a(CySpc.o)

.debug_abbrev   0x00000000     0x287a
 *(.debug_abbrev)
 .debug_abbrev  0x00000000      0x26e .\ARM_GCC_541\Debug\main.o
 .debug_abbrev  0x0000026e      0x111 .\ARM_GCC_541\Debug\adc_balanced.o
 .debug_abbrev  0x0000037f      0x24b .\ARM_GCC_541\Debug\joystick.o
 .debug_abbrev  0x000005ca      0x124 .\ARM_GCC_541\Debug\movi_rb.o
 .debug_abbrev  0x000006ee      0x25e .\ARM_GCC_541\Debug\movi_comm.o
 .debug_abbrev  0x0000094c      0x1a7 .\ARM_GCC_541\Debug\QX_Parsing_Functions.o
 .debug_abbrev  0x00000af3      0x1d0 .\ARM_GCC_541\Debug\QX_Protocol.o
 .debug_abbrev  0x00000cc3      0x1d8 .\ARM_GCC_541\Debug\QX_Protocol_App.o
 .debug_abbrev  0x00000e9b       0xc4 .\ARM_GCC_541\Debug\simple_buffer.o
 .debug_abbrev  0x00000f5f      0x1ca .\ARM_GCC_541\Debug\cyfitter_cfg.o
 .debug_abbrev  0x00001129       0x77 .\ARM_GCC_541\Debug\cymetadata.o
 .debug_abbrev  0x000011a0      0x1d6 .\ARM_GCC_541\Debug\Cm3Start.o
 .debug_abbrev  0x00001376      0x19d .\ARM_GCC_541\Debug\Proj06_freefly_uart_control_test_gps.a(ADC_DelSig_1.o)
 .debug_abbrev  0x00001513       0x42 .\ARM_GCC_541\Debug\Proj06_freefly_uart_control_test_gps.a(ADC_DelSig_1_INT.o)
 .debug_abbrev  0x00001555      0x163 .\ARM_GCC_541\Debug\Proj06_freefly_uart_control_test_gps.a(UART_1.o)
 .debug_abbrev  0x000016b8       0x87 .\ARM_GCC_541\Debug\Proj06_freefly_uart_control_test_gps.a(AMux_1.o)
 .debug_abbrev  0x0000173f      0x172 .\ARM_GCC_541\Debug\Proj06_freefly_uart_control_test_gps.a(isr_adc.o)
 .debug_abbrev  0x000018b1      0x163 .\ARM_GCC_541\Debug\Proj06_freefly_uart_control_test_gps.a(UART_MOVI.o)
 .debug_abbrev  0x00001a14      0x172 .\ARM_GCC_541\Debug\Proj06_freefly_uart_control_test_gps.a(isr_rx_movi.o)
 .debug_abbrev  0x00001b86       0xe9 .\ARM_GCC_541\Debug\Proj06_freefly_uart_control_test_gps.a(Looptimer.o)
 .debug_abbrev  0x00001c6f      0x172 .\ARM_GCC_541\Debug\Proj06_freefly_uart_control_test_gps.a(isr_Looptimer.o)
 .debug_abbrev  0x00001de1       0x6f .\ARM_GCC_541\Debug\Proj06_freefly_uart_control_test_gps.a(ADC_DelSig_1_AMux.o)
 .debug_abbrev  0x00001e50      0x11d .\ARM_GCC_541\Debug\Proj06_freefly_uart_control_test_gps.a(ADC_DelSig_1_Ext_CP_Clk.o)
 .debug_abbrev  0x00001f6d      0x11d .\ARM_GCC_541\Debug\Proj06_freefly_uart_control_test_gps.a(ADC_DelSig_1_theACLK.o)
 .debug_abbrev  0x0000208a      0x11d .\ARM_GCC_541\Debug\Proj06_freefly_uart_control_test_gps.a(UART_1_IntClock.o)
 .debug_abbrev  0x000021a7      0x217 .\ARM_GCC_541\Debug\Proj06_freefly_uart_control_test_gps.a(CyLib.o)
 .debug_abbrev  0x000023be      0x161 .\ARM_GCC_541\Debug\Proj06_freefly_uart_control_test_gps.a(cyPm.o)
 .debug_abbrev  0x0000251f       0x90 .\ARM_GCC_541\Debug\Proj06_freefly_uart_control_test_gps.a(Pin_Sensitivity.o)
 .debug_abbrev  0x000025af       0x14 .\ARM_GCC_541\Debug\Proj06_freefly_uart_control_test_gps.a(CyBootAsmGnu.o)
 .debug_abbrev  0x000025c3      0x14b .\ARM_GCC_541\Debug\Proj06_freefly_uart_control_test_gps.a(CyFlash.o)
 .debug_abbrev  0x0000270e      0x16c .\ARM_GCC_541\Debug\Proj06_freefly_uart_control_test_gps.a(CySpc.o)

.debug_line     0x00000000     0x5ba9
 *(.debug_line)
 .debug_line    0x00000000      0xf20 .\ARM_GCC_541\Debug\main.o
 .debug_line    0x00000f20      0x1f0 .\ARM_GCC_541\Debug\adc_balanced.o
 .debug_line    0x00001110      0x41a .\ARM_GCC_541\Debug\joystick.o
 .debug_line    0x0000152a      0x1c9 .\ARM_GCC_541\Debug\movi_rb.o
 .debug_line    0x000016f3      0x518 .\ARM_GCC_541\Debug\movi_comm.o
 .debug_line    0x00001c0b      0x815 .\ARM_GCC_541\Debug\QX_Parsing_Functions.o
 .debug_line    0x00002420      0x50c .\ARM_GCC_541\Debug\QX_Protocol.o
 .debug_line    0x0000292c      0x46b .\ARM_GCC_541\Debug\QX_Protocol_App.o
 .debug_line    0x00002d97      0x15c .\ARM_GCC_541\Debug\simple_buffer.o
 .debug_line    0x00002ef3      0x27a .\ARM_GCC_541\Debug\cyfitter_cfg.o
 .debug_line    0x0000316d      0x141 .\ARM_GCC_541\Debug\cymetadata.o
 .debug_line    0x000032ae      0x1dc .\ARM_GCC_541\Debug\Cm3Start.o
 .debug_line    0x0000348a      0x365 .\ARM_GCC_541\Debug\Proj06_freefly_uart_control_test_gps.a(ADC_DelSig_1.o)
 .debug_line    0x000037ef       0x95 .\ARM_GCC_541\Debug\Proj06_freefly_uart_control_test_gps.a(ADC_DelSig_1_INT.o)
 .debug_line    0x00003884      0x2e4 .\ARM_GCC_541\Debug\Proj06_freefly_uart_control_test_gps.a(UART_1.o)
 .debug_line    0x00003b68       0x9b .\ARM_GCC_541\Debug\Proj06_freefly_uart_control_test_gps.a(AMux_1.o)
 .debug_line    0x00003c03      0x142 .\ARM_GCC_541\Debug\Proj06_freefly_uart_control_test_gps.a(isr_adc.o)
 .debug_line    0x00003d45      0x2e7 .\ARM_GCC_541\Debug\Proj06_freefly_uart_control_test_gps.a(UART_MOVI.o)
 .debug_line    0x0000402c      0x156 .\ARM_GCC_541\Debug\Proj06_freefly_uart_control_test_gps.a(isr_rx_movi.o)
 .debug_line    0x00004182      0x161 .\ARM_GCC_541\Debug\Proj06_freefly_uart_control_test_gps.a(Looptimer.o)
 .debug_line    0x000042e3      0x158 .\ARM_GCC_541\Debug\Proj06_freefly_uart_control_test_gps.a(isr_Looptimer.o)
 .debug_line    0x0000443b       0xa6 .\ARM_GCC_541\Debug\Proj06_freefly_uart_control_test_gps.a(ADC_DelSig_1_AMux.o)
 .debug_line    0x000044e1      0x1b6 .\ARM_GCC_541\Debug\Proj06_freefly_uart_control_test_gps.a(ADC_DelSig_1_Ext_CP_Clk.o)
 .debug_line    0x00004697      0x1d7 .\ARM_GCC_541\Debug\Proj06_freefly_uart_control_test_gps.a(ADC_DelSig_1_theACLK.o)
 .debug_line    0x0000486e      0x1ae .\ARM_GCC_541\Debug\Proj06_freefly_uart_control_test_gps.a(UART_1_IntClock.o)
 .debug_line    0x00004a1c      0x883 .\ARM_GCC_541\Debug\Proj06_freefly_uart_control_test_gps.a(CyLib.o)
 .debug_line    0x0000529f      0x38e .\ARM_GCC_541\Debug\Proj06_freefly_uart_control_test_gps.a(cyPm.o)
 .debug_line    0x0000562d       0x9f .\ARM_GCC_541\Debug\Proj06_freefly_uart_control_test_gps.a(Pin_Sensitivity.o)
 .debug_line    0x000056cc       0x7d .\ARM_GCC_541\Debug\Proj06_freefly_uart_control_test_gps.a(CyBootAsmGnu.o)
 .debug_line    0x00005749      0x22f .\ARM_GCC_541\Debug\Proj06_freefly_uart_control_test_gps.a(CyFlash.o)
 .debug_line    0x00005978      0x231 .\ARM_GCC_541\Debug\Proj06_freefly_uart_control_test_gps.a(CySpc.o)

.debug_frame    0x00000000     0x5410
 *(.debug_frame)
 .debug_frame   0x00000000      0x474 .\ARM_GCC_541\Debug\main.o
 .debug_frame   0x00000474       0xc8 .\ARM_GCC_541\Debug\adc_balanced.o
 .debug_frame   0x0000053c      0x2c0 .\ARM_GCC_541\Debug\joystick.o
 .debug_frame   0x000007fc      0x100 .\ARM_GCC_541\Debug\movi_rb.o
 .debug_frame   0x000008fc      0x3f4 .\ARM_GCC_541\Debug\movi_comm.o
 .debug_frame   0x00000cf0      0x680 .\ARM_GCC_541\Debug\QX_Parsing_Functions.o
 .debug_frame   0x00001370      0x448 .\ARM_GCC_541\Debug\QX_Protocol.o
 .debug_frame   0x000017b8       0xf0 .\ARM_GCC_541\Debug\QX_Protocol_App.o
 .debug_frame   0x000018a8       0x60 .\ARM_GCC_541\Debug\simple_buffer.o
 .debug_frame   0x00001908      0x20c .\ARM_GCC_541\Debug\cyfitter_cfg.o
 .debug_frame   0x00001b14       0xd8 .\ARM_GCC_541\Debug\Cm3Start.o
 .debug_frame   0x00001bec      0x40c .\ARM_GCC_541\Debug\Proj06_freefly_uart_control_test_gps.a(ADC_DelSig_1.o)
 .debug_frame   0x00001ff8       0xa0 .\ARM_GCC_541\Debug\Proj06_freefly_uart_control_test_gps.a(ADC_DelSig_1_INT.o)
 .debug_frame   0x00002098      0x42c .\ARM_GCC_541\Debug\Proj06_freefly_uart_control_test_gps.a(UART_1.o)
 .debug_frame   0x000024c4       0x7c .\ARM_GCC_541\Debug\Proj06_freefly_uart_control_test_gps.a(AMux_1.o)
 .debug_frame   0x00002540      0x1e8 .\ARM_GCC_541\Debug\Proj06_freefly_uart_control_test_gps.a(isr_adc.o)
 .debug_frame   0x00002728      0x42c .\ARM_GCC_541\Debug\Proj06_freefly_uart_control_test_gps.a(UART_MOVI.o)
 .debug_frame   0x00002b54      0x1e8 .\ARM_GCC_541\Debug\Proj06_freefly_uart_control_test_gps.a(isr_rx_movi.o)
 .debug_frame   0x00002d3c      0x208 .\ARM_GCC_541\Debug\Proj06_freefly_uart_control_test_gps.a(Looptimer.o)
 .debug_frame   0x00002f44      0x1e8 .\ARM_GCC_541\Debug\Proj06_freefly_uart_control_test_gps.a(isr_Looptimer.o)
 .debug_frame   0x0000312c       0x88 .\ARM_GCC_541\Debug\Proj06_freefly_uart_control_test_gps.a(ADC_DelSig_1_AMux.o)
 .debug_frame   0x000031b4      0x1b4 .\ARM_GCC_541\Debug\Proj06_freefly_uart_control_test_gps.a(ADC_DelSig_1_Ext_CP_Clk.o)
 .debug_frame   0x00003368      0x200 .\ARM_GCC_541\Debug\Proj06_freefly_uart_control_test_gps.a(ADC_DelSig_1_theACLK.o)
 .debug_frame   0x00003568      0x1b4 .\ARM_GCC_541\Debug\Proj06_freefly_uart_control_test_gps.a(UART_1_IntClock.o)
 .debug_frame   0x0000371c      0xc0c .\ARM_GCC_541\Debug\Proj06_freefly_uart_control_test_gps.a(CyLib.o)
 .debug_frame   0x00004328      0x234 .\ARM_GCC_541\Debug\Proj06_freefly_uart_control_test_gps.a(cyPm.o)
 .debug_frame   0x0000455c       0xa8 .\ARM_GCC_541\Debug\Proj06_freefly_uart_control_test_gps.a(Pin_Sensitivity.o)
 .debug_frame   0x00004604      0x238 .\ARM_GCC_541\Debug\Proj06_freefly_uart_control_test_gps.a(CyFlash.o)
 .debug_frame   0x0000483c      0x228 .\ARM_GCC_541\Debug\Proj06_freefly_uart_control_test_gps.a(CySpc.o)
 .debug_frame   0x00004a64       0x3c c:/program files (x86)/cypress/psoc creator/4.4/psoc creator/import/gnu/arm/5.4.1/bin/../lib/gcc/arm-none-eabi/5.4.1/../../../../arm-none-eabi/lib/armv7-m\libm.a(lib_a-wf_asin.o)
 .debug_frame   0x00004aa0       0x20 c:/program files (x86)/cypress/psoc creator/4.4/psoc creator/import/gnu/arm/5.4.1/bin/../lib/gcc/arm-none-eabi/5.4.1/../../../../arm-none-eabi/lib/armv7-m\libm.a(lib_a-wf_atan2.o)
 .debug_frame   0x00004ac0       0x34 c:/program files (x86)/cypress/psoc creator/4.4/psoc creator/import/gnu/arm/5.4.1/bin/../lib/gcc/arm-none-eabi/5.4.1/../../../../arm-none-eabi/lib/armv7-m\libm.a(lib_a-ef_asin.o)
 .debug_frame   0x00004af4       0x3c c:/program files (x86)/cypress/psoc creator/4.4/psoc creator/import/gnu/arm/5.4.1/bin/../lib/gcc/arm-none-eabi/5.4.1/../../../../arm-none-eabi/lib/armv7-m\libm.a(lib_a-ef_atan2.o)
 .debug_frame   0x00004b30       0x2c c:/program files (x86)/cypress/psoc creator/4.4/psoc creator/import/gnu/arm/5.4.1/bin/../lib/gcc/arm-none-eabi/5.4.1/../../../../arm-none-eabi/lib/armv7-m\libm.a(lib_a-ef_sqrt.o)
 .debug_frame   0x00004b5c       0x20 c:/program files (x86)/cypress/psoc creator/4.4/psoc creator/import/gnu/arm/5.4.1/bin/../lib/gcc/arm-none-eabi/5.4.1/../../../../arm-none-eabi/lib/armv7-m\libm.a(lib_a-s_matherr.o)
 .debug_frame   0x00004b7c       0x20 c:/program files (x86)/cypress/psoc creator/4.4/psoc creator/import/gnu/arm/5.4.1/bin/../lib/gcc/arm-none-eabi/5.4.1/../../../../arm-none-eabi/lib/armv7-m\libm.a(lib_a-s_nan.o)
 .debug_frame   0x00004b9c       0x30 c:/program files (x86)/cypress/psoc creator/4.4/psoc creator/import/gnu/arm/5.4.1/bin/../lib/gcc/arm-none-eabi/5.4.1/../../../../arm-none-eabi/lib/armv7-m\libm.a(lib_a-sf_atan.o)
 .debug_frame   0x00004bcc       0x20 c:/program files (x86)/cypress/psoc creator/4.4/psoc creator/import/gnu/arm/5.4.1/bin/../lib/gcc/arm-none-eabi/5.4.1/../../../../arm-none-eabi/lib/armv7-m\libm.a(lib_a-sf_fabs.o)
 .debug_frame   0x00004bec       0x20 c:/program files (x86)/cypress/psoc creator/4.4/psoc creator/import/gnu/arm/5.4.1/bin/../lib/gcc/arm-none-eabi/5.4.1/../../../../arm-none-eabi/lib/armv7-m\libg_nano.a(lib_a-errno.o)
 .debug_frame   0x00004c0c       0x28 c:/program files (x86)/cypress/psoc creator/4.4/psoc creator/import/gnu/arm/5.4.1/bin/../lib/gcc/arm-none-eabi/5.4.1/../../../../arm-none-eabi/lib/armv7-m\libg_nano.a(lib_a-exit.o)
 .debug_frame   0x00004c34       0x2c c:/program files (x86)/cypress/psoc creator/4.4/psoc creator/import/gnu/arm/5.4.1/bin/../lib/gcc/arm-none-eabi/5.4.1/../../../../arm-none-eabi/lib/armv7-m\libg_nano.a(lib_a-init.o)
 .debug_frame   0x00004c60       0x28 c:/program files (x86)/cypress/psoc creator/4.4/psoc creator/import/gnu/arm/5.4.1/bin/../lib/gcc/arm-none-eabi/5.4.1/../../../../arm-none-eabi/lib/armv7-m\libg_nano.a(lib_a-memcpy-stub.o)
 .debug_frame   0x00004c88       0x20 c:/program files (x86)/cypress/psoc creator/4.4/psoc creator/import/gnu/arm/5.4.1/bin/../lib/gcc/arm-none-eabi/5.4.1/../../../../arm-none-eabi/lib/armv7-m\libg_nano.a(lib_a-memset.o)
 .debug_frame   0x00004ca8       0x8c c:/program files (x86)/cypress/psoc creator/4.4/psoc creator/import/gnu/arm/5.4.1/bin/../lib/gcc/arm-none-eabi/5.4.1/../../../../arm-none-eabi/lib/armv7-m\libg_nano.a(lib_a-nano-vfprintf_float.o)
 .debug_frame   0x00004d34       0x60 c:/program files (x86)/cypress/psoc creator/4.4/psoc creator/import/gnu/arm/5.4.1/bin/../lib/gcc/arm-none-eabi/5.4.1/../../../../arm-none-eabi/lib/armv7-m\libg_nano.a(lib_a-nano-vfprintf_i.o)
 .debug_frame   0x00004d94       0x70 c:/program files (x86)/cypress/psoc creator/4.4/psoc creator/import/gnu/arm/5.4.1/bin/../lib/gcc/arm-none-eabi/5.4.1/../../../../arm-none-eabi/lib/armv7-m\libg_nano.a(lib_a-sprintf.o)