Archive member included to satisfy reference by file (symbol)

.\ARM_GCC_541\Debug\Proj06_freefly_uart_control_test_gps.a(ADC_DelSig_1.o)
                              .\ARM_GCC_541\Debug\adc_balanced.o (ADC_DelSig_1_Start)
.\ARM_GCC_541\Debug\Proj06_freefly_uart_control_test_gps.a(ADC_DelSig_1_INT.o)
                              .\ARM_GCC_541\Debug\Proj06_freefly_uart_control_test_gps.a(ADC_DelSig_1.o) (ADC_DelSig_1_ISR1)
.\ARM_GCC_541\Debug\Proj06_freefly_uart_control_test_gps.a(UART_1.o)
                              .\ARM_GCC_541\Debug\main.o (UART_1_Start)
.\ARM_GCC_541\Debug\Proj06_freefly_uart_control_test_gps.a(AMux_1.o)
                              .\ARM_GCC_541\Debug\adc_balanced.o (AMux_1_Start)
.\ARM_GCC_541\Debug\Proj06_freefly_uart_control_test_gps.a(isr_adc.o)
                              .\ARM_GCC_541\Debug\adc_balanced.o (isr_adc_StartEx)
.\ARM_GCC_541\Debug\Proj06_freefly_uart_control_test_gps.a(UART_MOVI.o)
                              .\ARM_GCC_541\Debug\main.o (UART_MOVI_Start)
.\ARM_GCC_541\Debug\Proj06_freefly_uart_control_test_gps.a(isr_rx_movi.o)
                              .\ARM_GCC_541\Debug\main.o (isr_rx_movi_StartEx)
.\ARM_GCC_541\Debug\Proj06_freefly_uart_control_test_gps.a(Looptimer.o)
                              .\ARM_GCC_541\Debug\main.o (Looptimer_Start)
.\ARM_GCC_541\Debug\Proj06_freefly_uart_control_test_gps.a(isr_Looptimer.o)
                              .\ARM_GCC_541\Debug\main.o (isr_Looptimer_StartEx)
.\ARM_GCC_541\Debug\Proj06_freefly_uart_control_test_gps.a(ADC_DelSig_1_AMux.o)
                              .\ARM_GCC_541\Debug\Proj06_freefly_uart_control_test_gps.a(ADC_DelSig_1.o) (ADC_DelSig_1_AMux_Select)
.\ARM_GCC_541\Debug\Proj06_freefly_uart_control_test_gps.a(ADC_DelSig_1_Ext_CP_Clk.o)
                              .\ARM_GCC_541\Debug\Proj06_freefly_uart_control_test_gps.a(ADC_DelSig_1.o) (ADC_DelSig_1_Ext_CP_Clk_SetDividerRegister)
.\ARM_GCC_541\Debug\Proj06_freefly_uart_control_test_gps.a(ADC_DelSig_1_theACLK.o)
                              .\ARM_GCC_541\Debug\Proj06_freefly_uart_control_test_gps.a(ADC_DelSig_1.o) (ADC_DelSig_1_theACLK_SetDividerRegister)
.\ARM_GCC_541\Debug\Proj06_freefly_uart_control_test_gps.a(UART_1_IntClock.o)
                              .\ARM_GCC_541\Debug\Proj06_freefly_uart_control_test_gps.a(UART_1.o) (UART_1_IntClock_Start)
.\ARM_GCC_541\Debug\Proj06_freefly_uart_control_test_gps.a(CyLib.o)
                              .\ARM_GCC_541\Debug\Cm3Start.o (CyResetStatus)
.\ARM_GCC_541\Debug\Proj06_freefly_uart_control_test_gps.a(cyPm.o)
                              .\ARM_GCC_541\Debug\Proj06_freefly_uart_control_test_gps.a(CyLib.o) (CyPmReadStatus)
.\ARM_GCC_541\Debug\Proj06_freefly_uart_control_test_gps.a(CyBootAsmGnu.o)
                              .\ARM_GCC_541\Debug\cyfitter_cfg.o (CyDelayCycles)
.\ARM_GCC_541\Debug\Proj06_freefly_uart_control_test_gps.a(CyFlash.o)
                              .\ARM_GCC_541\Debug\Proj06_freefly_uart_control_test_gps.a(cyPm.o) (CyFlash_SetWaitCycles)
.\ARM_GCC_541\Debug\Proj06_freefly_uart_control_test_gps.a(CySpc.o)
                              .\ARM_GCC_541\Debug\Proj06_freefly_uart_control_test_gps.a(CyFlash.o) (CySpcStart)
c:/program files (x86)/cypress/psoc creator/4.4/psoc creator/import/gnu/arm/5.4.1/bin/../lib/gcc/arm-none-eabi/5.4.1/../../../../arm-none-eabi/lib/armv7-m\libm.a(lib_a-wf_asin.o)
                              .\ARM_GCC_541\Debug\main.o (asinf)
c:/program files (x86)/cypress/psoc creator/4.4/psoc creator/import/gnu/arm/5.4.1/bin/../lib/gcc/arm-none-eabi/5.4.1/../../../../arm-none-eabi/lib/armv7-m\libm.a(lib_a-wf_atan2.o)
                              .\ARM_GCC_541\Debug\main.o (atan2f)
c:/program files (x86)/cypress/psoc creator/4.4/psoc creator/import/gnu/arm/5.4.1/bin/../lib/gcc/arm-none-eabi/5.4.1/../../../../arm-none-eabi/lib/armv7-m\libm.a(lib_a-ef_asin.o)
                              c:/program files (x86)/cypress/psoc creator/4.4/psoc creator/import/gnu/arm/5.4.1/bin/../lib/gcc/arm-none-eabi/5.4.1/../../../../arm-none-eabi/lib/armv7-m\libm.a(lib_a-wf_asin.o) (__ieee754_asinf)
c:/program files (x86)/cypress/psoc creator/4.4/psoc creator/import/gnu/arm/5.4.1/bin/../lib/gcc/arm-none-eabi/5.4.1/../../../../arm-none-eabi/lib/armv7-m\libm.a(lib_a-ef_atan2.o)
                              c:/program files (x86)/cypress/psoc creator/4.4/psoc creator/import/gnu/arm/5.4.1/bin/../lib/gcc/arm-none-eabi/5.4.1/../../../../arm-none-eabi/lib/armv7-m\libm.a(lib_a-wf_atan2.o) (__ieee754_atan2f)
c:/program files (x86)/cypress/psoc creator/4.4/psoc creator/import/gnu/arm/5.4.1/bin/../lib/gcc/arm-none-eabi/5.4.1/../../../../arm-none-eabi/lib/armv7-m\libm.a(lib_a-ef_sqrt.o)
                              c:/program files (x86)/cypress/psoc creator/4.4/psoc creator/import/gnu/arm/5.4.1/bin/../lib/gcc/arm-none-eabi/5.4.1/../../../../arm-none-eabi/lib/armv7-m\libm.a(lib_a-ef_asin.o) (__ieee754_sqrtf)
[...]
Memory Configuration

Name             Origin             Length             Attributes
rom              0x00000000         0x00040000         xr
ram              0x1fff8000         0x00010000         xrw
*default*        0x00000000         0xffffffff

Linker script and memory map

LOAD c:/program files (x86)/cypress/psoc creator/4.4/psoc creator/import/gnu/arm/5.4.1/bin/../lib/gcc/arm-none-eabi/5.4.1/armv7-m/crti.o
LOAD c:/program files (x86)/cypress/psoc creator/4.4/psoc creator/import/gnu/arm/5.4.1/bin/../lib/gcc/arm-none-eabi/5.4.1/armv7-m/crtbegin.o
LOAD c:/program files (x86)/cypress/psoc creator/4.4/psoc creator/import/gnu/arm/5.4.1/bin/../lib/gcc/arm-none-eabi/5.4.1/../../../../arm-none-eabi/lib/armv7-m/crt0.o
START GROUP
LOAD .\ARM_GCC_541\Debug\main.o
LOAD .\ARM_GCC_541\Debug\adc_balanced.o
LOAD .\ARM_GCC_541\Debug\joystick.o
LOAD .\ARM_GCC_541\Debug\movi_rb.o
LOAD .\ARM_GCC_541\Debug\movi_comm.o
LOAD .\ARM_GCC_541\Debug\QX_Parsing_Functions.o
LOAD .\ARM_GCC_541\Debug\QX_Protocol.o
LOAD .\ARM_GCC_541\Debug\QX_Protocol_App.o
LOAD .\ARM_GCC_541\Debug\simple_buffer.o
LOAD .\ARM_GCC_541\Debug\cyfitter_cfg.o
LOAD .\ARM_GCC_541\Debug\cymetadata.o
LOAD .\ARM_GCC_541\Debug\Cm3Start.o
LOAD .\ARM_GCC_541\Debug\Proj06_freefly_uart_control_test_gps.a
LOAD C:\Program Files (x86)\Cypress\PSoC Creator\4.4\PSoC Creator\psoc\content\cycomponentlibrary\CyComponentLibrary.cylib\CortexM3\ARM_GCC_541\Debug\CyComponentLibrary.a
LOAD c:/program files (x86)/cypress/psoc creator/4.4/psoc creator/import/gnu/arm/5.4.1/bin/../lib/gcc/arm-none-eabi/5.4.1/../../../../arm-none-eabi/lib/armv7-m\libm.a
END GROUP
START GROUP
LOAD c:/program files (x86)/cypress/psoc creator/4.4/psoc creator/import/gnu/arm/5.4.1/bin/../lib/gcc/arm-none-eabi/5.4.1/armv7-m\libgcc.a
LOAD c:/program files (x86)/cypress/psoc creator/4.4/psoc creator/import/gnu/arm/5.4.1/bin/../lib/gcc/arm-none-eabi/5.4.1/../../../../arm-none-eabi/lib/armv7-m\libg_nano.a
LOAD c:/program files (x86)/cypress/psoc creator/4.4/psoc creator/import/gnu/arm/5.4.1/bin/../lib/gcc/arm-none-eabi/5.4.1/../../../../arm-none-eabi/lib/armv7-m\libc_nano.a
END GROUP
START GROUP
LOAD c:/program files (x86)/cypress/psoc creator/4.4/psoc creator/import/gnu/arm/5.4.1/bin/../lib/gcc/arm-none-eabi/5.4.1/armv7-m\libgcc.a
LOAD c:/program files (x86)/cypress/psoc creator/4.4/psoc creator/import/gnu/arm/5.4.1/bin/../lib/gcc/arm-none-eabi/5.4.1/../../../../arm-none-eabi/lib/armv7-m\libc_nano.a
END GROUP
LOAD c:/program files (x86)/cypress/psoc creator/4.4/psoc creator/import/gnu/arm/5.4.1/bin/../lib/gcc/arm-none-eabi/5.4.1/armv7-m/crtend.o
LOAD c:/program files (x86)/cypress/psoc creator/4.4/psoc creator/import/gnu/arm/5.4.1/bin/../lib/gcc/arm-none-eabi/5.4.1/armv7-m/crtn.o
START GROUP
LOAD c:/program files (x86)/cypress/psoc creator/4.4/psoc creator/import/gnu/arm/5.4.1/bin/../lib/gcc/arm-none-eabi/5.4.1/armv7-m\libgcc.a
LOAD c:/program files (x86)/cypress/psoc creator/4.4/psoc creator/import/gnu/arm/5.4.1/bin/../lib/gcc/arm-none-eabi/5.4.1/../../../../arm-none-eabi/lib/armv7-m\libc.a
LOAD c:/program files (x86)/cypress/psoc creator/4.4/psoc creator/import/gnu/arm/5.4.1/bin/../lib/gcc/arm-none-eabi/5.4.1/../../../../arm-none-eabi/lib/armv7-m\libnosys.a
END GROUP
                0x00000000                CY_APPL_ORIGIN = 0x0
                0x00000100                CY_FLASH_ROW_SIZE = 0x100
                0x00000020                CY_ECC_ROW_SIZE = 0x20
                0x00000000                CY_EE_IN_BTLDR = 0x0
                0x00000000                CY_APPL_LOADABLE = 0x0
                0x00000800                CY_EE_SIZE = 0x800
                0x00000001                CY_APPL_NUM = 0x1
                0x00000001                CY_APPL_MAX = 0x1
                0x00000040                CY_METADATA_SIZE = 0x40
                0x00000000                CY_APPL_LOADABLE = 0x0
                0x00000000                CY_CHECKSUM_EXCLUDE_SIZE = ALIGN (0x0, CY_FLASH_ROW_SIZE)
                [!provide]                PROVIDE (__cy_heap_start, _end)
                0x00000001                PROVIDE (__cy_region_num, ((__cy_regions_end - __cy_regions) / 0x10))
                0x20008000                PROVIDE (__cy_stack, (ORIGIN (ram) + LENGTH (ram)))
                [!provide]                PROVIDE (__cy_heap_end, (__cy_stack - 0x800))

.cybootloader   0x00000000        0x0
 *(.cybootloader)
                0x00000000                appl1_start = CY_APPL_ORIGIN?CY_APPL_ORIGIN:ALIGN (CY_FLASH_ROW_SIZE)
                0x0001ff00                appl2_start = (appl1_start + ALIGN ((((LENGTH (rom) - appl1_start) - (0x2 * CY_FLASH_ROW_SIZE)) / 0x2), CY_FLASH_ROW_SIZE))
                0x00000000                appl_start = (CY_APPL_NUM == 0x1)?appl1_start:appl2_start
                0x00000000                ecc_offset = ((appl_start / CY_FLASH_ROW_SIZE) * CY_ECC_ROW_SIZE)
                0x00000000                ee_offset = (CY_APPL_LOADABLE && ! (CY_EE_IN_BTLDR))?((CY_EE_SIZE / CY_APPL_MAX) * (CY_APPL_NUM - 0x1)):0x0
                0x00000800                ee_size = (CY_APPL_LOADABLE && ! (CY_EE_IN_BTLDR))?(CY_EE_SIZE / CY_APPL_MAX):CY_EE_SIZE
                [!provide]                PROVIDE (CY_ECC_OFFSET, ecc_offset)

.text           0x00000000     0x77a8
 CREATE_OBJECT_SYMBOLS
                0x00000000                PROVIDE (__cy_interrupt_vector, RomVectors)
 *(.romvectors)
 .romvectors    0x00000000       0x10 .\ARM_GCC_541\Debug\Cm3Start.o
                0x00000000                RomVectors
                0x00000001                ASSERT ((. != __cy_interrupt_vector), No interrupt vector)
                0x00000001                ASSERT (CY_APPL_ORIGIN?(SIZEOF (.cybootloader) <= CY_APPL_ORIGIN):0x1, Wrong image location)
                0x00000010                PROVIDE (__cy_reset, Reset)
 *(.text.Reset)
 .text.Reset    0x00000010       0x18 .\ARM_GCC_541\Debug\Cm3Start.o
                0x00000010                Reset
                0x00000001                ASSERT ((. != __cy_reset), No reset code)
 *(.dma_init)
                0x00000001                ASSERT ((((appl_start + .) <= 0x10000) || 0x1), DMA Init must be within the first 64k of flash)
 *(.text .text.* .gnu.linkonce.t.*)
 .text          0x00000028       0x5c c:/program files (x86)/cypress/psoc creator/4.4/psoc creator/import/gnu/arm/5.4.1/bin/../lib/gcc/arm-none-eabi/5.4.1/armv7-m/crtbegin.o
 .text.decomp   0x00000084       0xa8 .\ARM_GCC_541\Debug\main.o
 .text.compute_euler_ints
                0x0000012c      0x1bc .\ARM_GCC_541\Debug\main.o
 .text.mode_to_str
                0x000002e8       0x38 .\ARM_GCC_541\Debug\main.o
 .text.print_cal_prompt_on_state_change
                0x00000320       0x78 .\ARM_GCC_541\Debug\main.o
 .text.movi_uart_putc
                0x00000398       0x1c .\ARM_GCC_541\Debug\main.o
 .text.isr_rx_movi_Handler
                0x000003b4       0x60 .\ARM_GCC_541\Debug\main.o
                0x000003b4                isr_rx_movi_Handler
 .text.isr_Looptimer_Handler
                0x00000414       0x1c .\ARM_GCC_541\Debug\main.o
                0x00000414                isr_Looptimer_Handler
 .text.do_kill  0x00000430       0x58 .\ARM_GCC_541\Debug\main.o
 .text.main     0x00000488      0x9e8 .\ARM_GCC_541\Debug\main.o
                0x00000488                main
 .text.isr_adc_Handler
                0x00000e70       0x18 .\ARM_GCC_541\Debug\adc_balanced.o
                0x00000e70                isr_adc_Handler
 .text.adc_balanced_init
                0x00000e88       0x6c .\ARM_GCC_541\Debug\adc_balanced.o
                0x00000e88                adc_balanced_init
 .text.adc_balanced_advance_on_eoc
                0x00000ef4       0x64 .\ARM_GCC_541\Debug\adc_balanced.o
 .text.adc_balanced_poll_frame
                0x00000f58       0x6c .\ARM_GCC_541\Debug\adc_balanced.o
                0x00000f58                adc_balanced_poll_frame
 .text.adc_balanced_counts_to_mv
                0x00000fc4       0x20 .\ARM_GCC_541\Debug\adc_balanced.o
                0x00000fc4                adc_balanced_counts_to_mv
 .text.normalize_axis
                0x00000fe4       0xd0 .\ARM_GCC_541\Debug\joystick.o
 .text.apply_deadband
                0x000010b4       0x90 .\ARM_GCC_541\Debug\joystick.o
 .text.joystick_validate
                0x00001144       0x84 .\ARM_GCC_541\Debug\joystick.o
                0x00001144                joystick_validate
 .text.cal_begin_range_capture
                0x000011c8       0x84 .\ARM_GCC_541\Debug\joystick.o
 .text.cal_update_ranges
                0x0000124c       0x98 .\ARM_GCC_541\Debug\joystick.o
 .text.cal_start_center_capture
                0x000012e4       0x44 .\ARM_GCC_541\Debug\joystick.o
 .text.cal_center_capture_update
                0x00001328       0xa8 .\ARM_GCC_541\Debug\joystick.o
 .text.cal_save_or_restart
                0x000013d0       0x44 .\ARM_GCC_541\Debug\joystick.o
 .text.joystick_init
                0x00001414       0xa4 .\ARM_GCC_541\Debug\joystick.o
                0x00001414                joystick_init
 .text.joystick_on_sample
                0x000014b8       0x48 .\ARM_GCC_541\Debug\joystick.o
                0x000014b8                joystick_on_sample
 .text.joystick_on_key
                0x00001500       0x70 .\ARM_GCC_541\Debug\joystick.o
                0x00001500                joystick_on_key
 .text.joystick_cal_state
                0x00001570       0x14 .\ARM_GCC_541\Debug\joystick.o
                0x00001570                joystick_cal_state
 .text.joystick_center_samples_collected
                0x00001584       0x14 .\ARM_GCC_541\Debug\joystick.o
                0x00001584                joystick_center_samples_collected
 .text.joystick_get_cmd
                0x00001598       0xa8 .\ARM_GCC_541\Debug\joystick.o
                0x00001598                joystick_get_cmd
 .text.rb_next  0x00001640       0x28 .\ARM_GCC_541\Debug\movi_rb.o
 .text.movi_rb_init
                0x00001668       0x2c .\ARM_GCC_541\Debug\movi_rb.o
                0x00001668                movi_rb_init
 .text.movi_rb_push
                0x00001694       0x64 .\ARM_GCC_541\Debug\movi_rb.o
                0x00001694                movi_rb_push
 .text.movi_rb_pop
                0x000016f8       0x58 .\ARM_GCC_541\Debug\movi_rb.o
                0x000016f8                movi_rb_pop
 .text.parse_gps_from_rxmsg
                0x00001750      0x1c0 .\ARM_GCC_541\Debug\movi_comm.o
 .text.load_freefly_control_from_movi
                0x00001910      0x128 .\ARM_GCC_541\Debug\movi_comm.o
 .text.copy_status_from_freefly
                0x00001a38       0x60 .\ARM_GCC_541\Debug\movi_comm.o
 .text.movi_comm_init
                0x00001a98       0x6c .\ARM_GCC_541\Debug\movi_comm.o
                0x00001a98                movi_comm_init
 .text.movi_comm_on_uart_error_flags
                0x00001b04       0x30 .\ARM_GCC_541\Debug\movi_comm.o
                0x00001b04                movi_comm_on_uart_error_flags
 .text.movi_comm_on_rx_byte
                0x00001b34       0x38 .\ARM_GCC_541\Debug\movi_comm.o
                0x00001b34                movi_comm_on_rx_byte
 .text.movi_comm_pump
                0x00001b6c      0x114 .\ARM_GCC_541\Debug\movi_comm.o
                0x00001b6c                movi_comm_pump
 .text.movi_comm_set_control
                0x00001c80       0x34 .\ARM_GCC_541\Debug\movi_comm.o
                0x00001c80                movi_comm_set_control
 .text.movi_comm_kill
                0x00001cb4       0x2c .\ARM_GCC_541\Debug\movi_comm.o
                0x00001cb4                movi_comm_kill
 .text.movi_comm_send_control
                0x00001ce0       0x88 .\ARM_GCC_541\Debug\movi_comm.o
                0x00001ce0                movi_comm_send_control
 .text.movi_comm_get_status
                0x00001d68       0x40 .\ARM_GCC_541\Debug\movi_comm.o
                0x00001d68                movi_comm_get_status
 .text.movi_comm_get_statistics
                0x00001da8       0x48 .\ARM_GCC_541\Debug\movi_comm.o
                0x00001da8                movi_comm_get_statistics
 .text.QX_Parser_SetMsgPtr
                0x00001df0       0x1c .\ARM_GCC_541\Debug\QX_Parsing_Functions.o
                0x00001df0                QX_Parser_SetMsgPtr
 .text.QX_Parser_AdvMsgPtr
                0x00001e0c       0x1c .\ARM_GCC_541\Debug\QX_Parsing_Functions.o
                0x00001e0c                QX_Parser_AdvMsgPtr
 .text.QX_Parser_GetMsgPtr
                0x00001e28       0x14 .\ARM_GCC_541\Debug\QX_Parsing_Functions.o
                0x00001e28                QX_Parser_GetMsgPtr
 .text.QX_Parser_SetDir_Read
                0x00001e3c       0x18 .\ARM_GCC_541\Debug\QX_Parsing_Functions.o
                0x00001e3c                QX_Parser_SetDir_Read
 .text.QX_Parser_SetDir_WriteAbs
                0x00001e54       0x18 .\ARM_GCC_541\Debug\QX_Parsing_Functions.o
                0x00001e54                QX_Parser_SetDir_WriteAbs
 .text.AddFloatAsSignedShort
                0x00001e6c       0xc8 .\ARM_GCC_541\Debug\QX_Parsing_Functions.o
                0x00001e6c                AddFloatAsSignedShort
 .text.GetFloatAsSignedShort
                0x00001f34      0x170 .\ARM_GCC_541\Debug\QX_Parsing_Functions.o
                0x00001f34                GetFloatAsSignedShort
 .text.AddSignedShortAsSignedShort
                0x000020a4       0x58 .\ARM_GCC_541\Debug\QX_Parsing_Functions.o
                0x000020a4                AddSignedShortAsSignedShort
 .text.GetSignedShortAsSignedShort
                0x000020fc      0x15c .\ARM_GCC_541\Debug\QX_Parsing_Functions.o
                0x000020fc                GetSignedShortAsSignedShort
 .text.AddUnsignedCharAsUnsignedChar
                0x00002258       0x3c .\ARM_GCC_541\Debug\QX_Parsing_Functions.o
                0x00002258                AddUnsignedCharAsUnsignedChar
 .text.GetUnsignedCharAsUnsignedChar
                0x00002294       0xc8 .\ARM_GCC_541\Debug\QX_Parsing_Functions.o
                0x00002294                GetUnsignedCharAsUnsignedChar
 .text.AddUnsignedShortAsUnsignedShort
                0x0000235c       0x54 .\ARM_GCC_541\Debug\QX_Parsing_Functions.o
                0x0000235c                AddUnsignedShortAsUnsignedShort
 .text.GetUnsignedShortAsUnsignedShort
                0x000023b0       0xf8 .\ARM_GCC_541\Debug\QX_Parsing_Functions.o
                0x000023b0                GetUnsignedShortAsUnsignedShort
 .text.AddBitsAsByte
                0x000024a8       0xc8 .\ARM_GCC_541\Debug\QX_Parsing_Functions.o
                0x000024a8                AddBitsAsByte
 .text.GetBitsAsByte
                0x00002570       0xd8 .\ARM_GCC_541\Debug\QX_Parsing_Functions.o
                0x00002570                GetBitsAsByte
 .text.QX_InitMsg
                0x00002648       0x30 .\ARM_GCC_541\Debug\QX_Protocol.o
                0x00002648                QX_InitMsg
 .text.QX_RxMsg
                0x00002678       0xec .\ARM_GCC_541\Debug\QX_Protocol.o
                0x00002678                QX_RxMsg
 .text.QX_Srv_Rx_Read
                0x00002764       0x90 .\ARM_GCC_541\Debug\QX_Protocol.o
                0x00002764                QX_Srv_Rx_Read
 .text.QX_Srv_Rx_Write
                0x000027f4       0xc4 .\ARM_GCC_541\Debug\QX_Protocol.o
                0x000027f4                QX_Srv_Rx_Write
 .text.QX_Cli_Rx_CurVal
                0x000028b8       0x3c .\ARM_GCC_541\Debug\QX_Protocol.o
                0x000028b8                QX_Cli_Rx_CurVal
 .text.QX_TxMsg_Setup
                0x000028f4       0x4c .\ARM_GCC_541\Debug\QX_Protocol.o
                0x000028f4                QX_TxMsg_Setup
 .text.QX_TxMsg_Finish
                0x00002940      0x1dc .\ARM_GCC_541\Debug\QX_Protocol.o
                0x00002940                QX_TxMsg_Finish
 .text.QX_BuildHeader
                0x00002b1c      0x188 .\ARM_GCC_541\Debug\QX_Protocol.o
                0x00002b1c                QX_BuildHeader
 .text.QX_ParseHeader
                0x00002ca4      0x114 .\ARM_GCC_541\Debug\QX_Protocol.o
                0x00002ca4                QX_ParseHeader
 .text.QX_Calc8bChecksum
                0x00002db8       0x3c .\ARM_GCC_541\Debug\QX_Protocol.o
                0x00002db8                QX_Calc8bChecksum
 .text.QX_AddExtdValToBuf
                0x00002df4       0x88 .\ARM_GCC_541\Debug\QX_Protocol.o
                0x00002df4                QX_AddExtdValToBuf
 .text.QX_GetExtdValFromBuf
                0x00002e7c       0x6c .\ARM_GCC_541\Debug\QX_Protocol.o
                0x00002e7c                QX_GetExtdValFromBuf
 .text.QX_compute_crc32
                0x00002ee8       0x4c .\ARM_GCC_541\Debug\QX_Protocol.o
                0x00002ee8                QX_compute_crc32
 .text.QX_accumulate_crc32
                0x00002f34       0x54 .\ARM_GCC_541\Debug\QX_Protocol.o
                0x00002f34                QX_accumulate_crc32
 .text.QX_InitCli
                0x00002f88       0x24 .\ARM_GCC_541\Debug\QX_Protocol.o
                0x00002f88                QX_InitCli
 .text.QX_StreamRxCharSM
                0x00002fac      0x6e0 .\ARM_GCC_541\Debug\QX_Protocol.o
                0x00002fac                QX_StreamRxCharSM
 .text.QX_InitTxOptions
                0x0000368c       0x3c .\ARM_GCC_541\Debug\QX_Protocol.o
                0x0000368c                QX_InitTxOptions
 .text.QX_SendPacket_Srv_CurVal
                0x000036c8       0x98 .\ARM_GCC_541\Debug\QX_Protocol.o
                0x000036c8                QX_SendPacket_Srv_CurVal
 .text.QX_SendPacket_Cli_Read
                0x00003760       0x80 .\ARM_GCC_541\Debug\QX_Protocol.o
                0x00003760                QX_SendPacket_Cli_Read
 .text.QX_SendPacket_Cli_WriteABS
                0x000037e0       0x98 .\ARM_GCC_541\Debug\QX_Protocol.o
                0x000037e0                QX_SendPacket_Cli_WriteABS
 .text.ff_api_init
                0x00003878       0x7c .\ARM_GCC_541\Debug\QX_Protocol_App.o
                0x00003878                ff_api_init
 .text.ff_api_send
                0x000038f4       0x44 .\ARM_GCC_541\Debug\QX_Protocol_App.o
                0x000038f4                ff_api_send
 .text.QX_ParsePacket_Cli_MoVI_Ctrl_CB
                0x00003938      0x818 .\ARM_GCC_541\Debug\QX_Protocol_App.o
                0x00003938                QX_ParsePacket_Cli_MoVI_Ctrl_CB
 .text.QX_SendMsg2CommsPort_CB
                0x00004150       0x54 .\ARM_GCC_541\Debug\QX_Protocol_App.o
                0x00004150                QX_SendMsg2CommsPort_CB
 .text.QX_FwdMsg_CB
                0x000041a4       0x14 .\ARM_GCC_541\Debug\QX_Protocol_App.o
                0x000041a4                QX_FwdMsg_CB
 .text.QX_GetTicks_ms
                0x000041b8       0x10 .\ARM_GCC_541\Debug\QX_Protocol_App.o
                0x000041b8                QX_GetTicks_ms
 .text.BufAdd   0x000041c8       0xac .\ARM_GCC_541\Debug\simple_buffer.o
                0x000041c8                BufAdd
 .text.BufRemove
                0x00004274       0x80 .\ARM_GCC_541\Debug\simple_buffer.o
                0x00004274                BufRemove
 .text.CYMEMZERO
                0x000042f4       0x1c .\ARM_GCC_541\Debug\cyfitter_cfg.o
 .text.CYCONFIGCPY
                0x00004310       0x20 .\ARM_GCC_541\Debug\cyfitter_cfg.o
 .text.CyClockStartupError
                0x00004330        0xc .\ARM_GCC_541\Debug\cyfitter_cfg.o
 .text.cfg_write_bytes32
                0x0000433c       0x74 .\ARM_GCC_541\Debug\cyfitter_cfg.o
 .text.ClockSetup
                0x000043b0      0x16c .\ARM_GCC_541\Debug\cyfitter_cfg.o
 .text.AnalogSetDefault
                0x0000451c       0x44 .\ARM_GCC_541\Debug\cyfitter_cfg.o
 .text.AMux_1_Set
                0x00004560       0x6c .\ARM_GCC_541\Debug\cyfitter_cfg.o
                0x00004560                AMux_1_Set
 .text.AMux_1_Unset
                0x000045cc       0x74 .\ARM_GCC_541\Debug\cyfitter_cfg.o
                0x000045cc                AMux_1_Unset
 .text.ADC_DelSig_1_AMux_Set
                0x00004640       0x40 .\ARM_GCC_541\Debug\cyfitter_cfg.o
                0x00004640                ADC_DelSig_1_AMux_Set
 .text.ADC_DelSig_1_AMux_Unset
                0x00004680       0x44 .\ARM_GCC_541\Debug\cyfitter_cfg.o
                0x00004680                ADC_DelSig_1_AMux_Unset
 .text.cyfitter_cfg
                0x000046c4      0x1ac .\ARM_GCC_541\Debug\cyfitter_cfg.o
                0x000046c4                cyfitter_cfg
 .text.IntDefaultHandler
                0x00004870       0x14 .\ARM_GCC_541\Debug\Cm3Start.o
                0x00004870                IntDefaultHandler
 .text._sbrk    0x00004884       0x50 .\ARM_GCC_541\Debug\Cm3Start.o
                0x00004884                _sbrk
 .text.Start_c  0x000048d4       0x98 .\ARM_GCC_541\Debug\Cm3Start.o
                0x000048d4                Start_c
 .text.initialize_psoc
                0x0000496c       0x90 .\ARM_GCC_541\Debug\Cm3Start.o
                0x0000496c                initialize_psoc
 .text.ADC_DelSig_1_Init
                0x000049fc      0x11c .\ARM_GCC_541\Debug\Proj06_freefly_uart_control_test_gps.a(ADC_DelSig_1.o)
                0x000049fc                ADC_DelSig_1_Init
 .text.ADC_DelSig_1_Enable
                0x00004b18      0x158 .\ARM_GCC_541\Debug\Proj06_freefly_uart_control_test_gps.a(ADC_DelSig_1.o)
                0x00004b18                ADC_DelSig_1_Enable
 .text.ADC_DelSig_1_Start
                0x00004c70       0x30 .\ARM_GCC_541\Debug\Proj06_freefly_uart_control_test_gps.a(ADC_DelSig_1.o)
                0x00004c70                ADC_DelSig_1_Start
 .text.ADC_DelSig_1_StartConvert
                0x00004ca0       0x20 .\ARM_GCC_541\Debug\Proj06_freefly_uart_control_test_gps.a(ADC_DelSig_1.o)
                0x00004ca0                ADC_DelSig_1_StartConvert
 .text.ADC_DelSig_1_StopConvert
                0x00004cc0       0x20 .\ARM_GCC_541\Debug\Proj06_freefly_uart_control_test_gps.a(ADC_DelSig_1.o)
                0x00004cc0                ADC_DelSig_1_StopConvert
 .text.ADC_DelSig_1_GetResult16
                0x00004ce0       0x7c .\ARM_GCC_541\Debug\Proj06_freefly_uart_control_test_gps.a(ADC_DelSig_1.o)
                0x00004ce0                ADC_DelSig_1_GetResult16
 .text.ADC_DelSig_1_CountsTo_mVolts
                0x00004d5c       0x3c .\ARM_GCC_541\Debug\Proj06_freefly_uart_control_test_gps.a(ADC_DelSig_1.o)
                0x00004d5c                ADC_DelSig_1_CountsTo_mVolts
 .text.ADC_DelSig_1_InitConfig
                0x00004d98      0x164 .\ARM_GCC_541\Debug\Proj06_freefly_uart_control_test_gps.a(ADC_DelSig_1.o)
 .text.ADC_DelSig_1_GainCompensation
                0x00004efc      0x170 .\ARM_GCC_541\Debug\Proj06_freefly_uart_control_test_gps.a(ADC_DelSig_1.o)
 .text.ADC_DelSig_1_SetDSMRef0Reg
                0x0000506c       0x7c .\ARM_GCC_541\Debug\Proj06_freefly_uart_control_test_gps.a(ADC_DelSig_1.o)
 .text.ADC_DelSig_1_ISR1
                0x000050e8        0xc .\ARM_GCC_541\Debug\Proj06_freefly_uart_control_test_gps.a(ADC_DelSig_1_INT.o)
                0x000050e8                ADC_DelSig_1_ISR1
 .text.UART_1_Start
                0x000050f4       0x24 .\ARM_GCC_541\Debug\Proj06_freefly_uart_control_test_gps.a(UART_1.o)
                0x000050f4                UART_1_Start
 .text.UART_1_Init
                0x00005118       0x40 .\ARM_GCC_541\Debug\Proj06_freefly_uart_control_test_gps.a(UART_1.o)
                0x00005118                UART_1_Init
 .text.UART_1_Enable
                0x00005158       0x60 .\ARM_GCC_541\Debug\Proj06_freefly_uart_control_test_gps.a(UART_1.o)
                0x00005158                UART_1_Enable
 .text.UART_1_GetChar
                0x000051b8       0x44 .\ARM_GCC_541\Debug\Proj06_freefly_uart_control_test_gps.a(UART_1.o)
                0x000051b8                UART_1_GetChar
 .text.UART_1_PutChar
                0x000051fc       0x34 .\ARM_GCC_541\Debug\Proj06_freefly_uart_control_test_gps.a(UART_1.o)
                0x000051fc                UART_1_PutChar
 .text.UART_1_PutString
                0x00005230       0x44 .\ARM_GCC_541\Debug\Proj06_freefly_uart_control_test_gps.a(UART_1.o)
                0x00005230                UART_1_PutString
 .text.AMux_1_Start
                0x00005274       0x34 .\ARM_GCC_541\Debug\Proj06_freefly_uart_control_test_gps.a(AMux_1.o)
                0x00005274                AMux_1_Start
 .text.AMux_1_FastSelect
                0x000052a8       0x38 .\ARM_GCC_541\Debug\Proj06_freefly_uart_control_test_gps.a(AMux_1.o)
                0x000052a8                AMux_1_FastSelect
 .text.isr_adc_StartEx
                0x000052e0       0x24 .\ARM_GCC_541\Debug\Proj06_freefly_uart_control_test_gps.a(isr_adc.o)
                0x000052e0                isr_adc_StartEx
 .text.isr_adc_SetVector
                0x00005304       0x24 .\ARM_GCC_541\Debug\Proj06_freefly_uart_control_test_gps.a(isr_adc.o)
                0x00005304                isr_adc_SetVector
 .text.isr_adc_SetPriority
                0x00005328       0x24 .\ARM_GCC_541\Debug\Proj06_freefly_uart_control_test_gps.a(isr_adc.o)
                0x00005328                isr_adc_SetPriority
 .text.isr_adc_Enable
                0x0000534c       0x18 .\ARM_GCC_541\Debug\Proj06_freefly_uart_control_test_gps.a(isr_adc.o)
                0x0000534c                isr_adc_Enable
 .text.isr_adc_Disable
                0x00005364       0x18 .\ARM_GCC_541\Debug\Proj06_freefly_uart_control_test_gps.a(isr_adc.o)
                0x00005364                isr_adc_Disable
 .text.isr_adc_ClearPending
                0x0000537c       0x18 .\ARM_GCC_541\Debug\Proj06_freefly_uart_control_test_gps.a(isr_adc.o)
                0x0000537c                isr_adc_ClearPending
 .text.UART_MOVI_Start
                0x00005394       0x24 .\ARM_GCC_541\Debug\Proj06_freefly_uart_control_test_gps.a(UART_MOVI.o)
                0x00005394                UART_MOVI_Start
 .text.UART_MOVI_Init
                0x000053b8       0x40 .\ARM_GCC_541\Debug\Proj06_freefly_uart_control_test_gps.a(UART_MOVI.o)
                0x000053b8                UART_MOVI_Init
 .text.UART_MOVI_Enable
                0x000053f8       0x5c .\ARM_GCC_541\Debug\Proj06_freefly_uart_control_test_gps.a(UART_MOVI.o)
                0x000053f8                UART_MOVI_Enable
 .text.UART_MOVI_ClearRxBuffer
                0x00005454       0x44 .\ARM_GCC_541\Debug\Proj06_freefly_uart_control_test_gps.a(UART_MOVI.o)
                0x00005454                UART_MOVI_ClearRxBuffer
 .text.UART_MOVI_PutChar
                0x00005498       0x34 .\ARM_GCC_541\Debug\Proj06_freefly_uart_control_test_gps.a(UART_MOVI.o)
                0x00005498                UART_MOVI_PutChar
 .text.UART_MOVI_ClearTxBuffer
                0x000054cc       0x44 .\ARM_GCC_541\Debug\Proj06_freefly_uart_control_test_gps.a(UART_MOVI.o)
                0x000054cc                UART_MOVI_ClearTxBuffer
 .text.isr_rx_movi_StartEx
                0x00005510       0x24 .\ARM_GCC_541\Debug\Proj06_freefly_uart_control_test_gps.a(isr_rx_movi.o)
                0x00005510                isr_rx_movi_StartEx
 .text.isr_rx_movi_SetVector
                0x00005534       0x24 .\ARM_GCC_541\Debug\Proj06_freefly_uart_control_test_gps.a(isr_rx_movi.o)
                0x00005534                isr_rx_movi_SetVector
 .text.isr_rx_movi_SetPriority
                0x00005558       0x24 .\ARM_GCC_541\Debug\Proj06_freefly_uart_control_test_gps.a(isr_rx_movi.o)
                0x00005558                isr_rx_movi_SetPriority
 .text.isr_rx_movi_Enable
                0x0000557c       0x18 .\ARM_GCC_541\Debug\Proj06_freefly_uart_control_test_gps.a(isr_rx_movi.o)
                0x0000557c                isr_rx_movi_Enable
 .text.isr_rx_movi_Disable
                0x00005594       0x18 .\ARM_GCC_541\Debug\Proj06_freefly_uart_control_test_gps.a(isr_rx_movi.o)
                0x00005594                isr_rx_movi_Disable
 .text.Looptimer_Init
                0x000055ac       0xa0 .\ARM_GCC_541\Debug\Proj06_freefly_uart_control_test_gps.a(Looptimer.o)
                0x000055ac                Looptimer_Init
 .text.Looptimer_Enable
                0x0000564c       0x48 .\ARM_GCC_541\Debug\Proj06_freefly_uart_control_test_gps.a(Looptimer.o)
                0x0000564c                Looptimer_Enable
 .text.Looptimer_Start
                0x00005694       0x24 .\ARM_GCC_541\Debug\Proj06_freefly_uart_control_test_gps.a(Looptimer.o)
                0x00005694                Looptimer_Start
 .text.Looptimer_SetInterruptMode
                0x000056b8       0x20 .\ARM_GCC_541\Debug\Proj06_freefly_uart_control_test_gps.a(Looptimer.o)
                0x000056b8                Looptimer_SetInterruptMode
 .text.Looptimer_ReadStatusRegister
                0x000056d8       0x18 .\ARM_GCC_541\Debug\Proj06_freefly_uart_control_test_gps.a(Looptimer.o)
                0x000056d8                Looptimer_ReadStatusRegister
 .text.Looptimer_WritePeriod
                0x000056f0       0x24 .\ARM_GCC_541\Debug\Proj06_freefly_uart_control_test_gps.a(Looptimer.o)
                0x000056f0                Looptimer_WritePeriod
 .text.Looptimer_WriteCounter
                0x00005714       0x20 .\ARM_GCC_541\Debug\Proj06_freefly_uart_control_test_gps.a(Looptimer.o)
                0x00005714                Looptimer_WriteCounter
 .text.isr_Looptimer_StartEx
                0x00005734       0x24 .\ARM_GCC_541\Debug\Proj06_freefly_uart_control_test_gps.a(isr_Looptimer.o)
                0x00005734                isr_Looptimer_StartEx
 .text.isr_Looptimer_SetVector
                0x00005758       0x24 .\ARM_GCC_541\Debug\Proj06_freefly_uart_control_test_gps.a(isr_Looptimer.o)
                0x00005758                isr_Looptimer_SetVector
 .text.isr_Looptimer_SetPriority
                0x0000577c       0x24 .\ARM_GCC_541\Debug\Proj06_freefly_uart_control_test_gps.a(isr_Looptimer.o)
                0x0000577c                isr_Looptimer_SetPriority
 .text.isr_Looptimer_Enable
                0x000057a0       0x18 .\ARM_GCC_541\Debug\Proj06_freefly_uart_control_test_gps.a(isr_Looptimer.o)
                0x000057a0                isr_Looptimer_Enable
 .text.isr_Looptimer_Disable
                0x000057b8       0x18 .\ARM_GCC_541\Debug\Proj06_freefly_uart_control_test_gps.a(isr_Looptimer.o)
                0x000057b8                isr_Looptimer_Disable
 .text.ADC_DelSig_1_AMux_Start
                0x000057d0       0x34 .\ARM_GCC_541\Debug\Proj06_freefly_uart_control_test_gps.a(ADC_DelSig_1_AMux.o)
                0x000057d0                ADC_DelSig_1_AMux_Start
 .text.ADC_DelSig_1_AMux_Select
                0x00005804       0x28 .\ARM_GCC_541\Debug\Proj06_freefly_uart_control_test_gps.a(ADC_DelSig_1_AMux.o)
                0x00005804                ADC_DelSig_1_AMux_Select
 .text.ADC_DelSig_1_Ext_CP_Clk_SetDividerRegister
                0x0000582c      0x164 .\ARM_GCC_541\Debug\Proj06_freefly_uart_control_test_gps.a(ADC_DelSig_1_Ext_CP_Clk.o)
                0x0000582c                ADC_DelSig_1_Ext_CP_Clk_SetDividerRegister
 .text.ADC_DelSig_1_Ext_CP_Clk_GetDividerRegister
                0x00005990       0x18 .\ARM_GCC_541\Debug\Proj06_freefly_uart_control_test_gps.a(ADC_DelSig_1_Ext_CP_Clk.o)
                0x00005990                ADC_DelSig_1_Ext_CP_Clk_GetDividerRegister
 .text.ADC_DelSig_1_Ext_CP_Clk_SetModeRegister
                0x000059a8       0x34 .\ARM_GCC_541\Debug\Proj06_freefly_uart_control_test_gps.a(ADC_DelSig_1_Ext_CP_Clk.o)
                0x000059a8                ADC_DelSig_1_Ext_CP_Clk_SetModeRegister
 .text.ADC_DelSig_1_Ext_CP_Clk_GetSourceRegister
                0x000059dc       0x1c .\ARM_GCC_541\Debug\Proj06_freefly_uart_control_test_gps.a(ADC_DelSig_1_Ext_CP_Clk.o)
                0x000059dc                ADC_DelSig_1_Ext_CP_Clk_GetSourceRegister
 .text.ADC_DelSig_1_theACLK_SetDividerRegister
                0x000059f8      0x164 .\ARM_GCC_541\Debug\Proj06_freefly_uart_control_test_gps.a(ADC_DelSig_1_theACLK.o)
                0x000059f8                ADC_DelSig_1_theACLK_SetDividerRegister
 .text.ADC_DelSig_1_theACLK_GetDividerRegister
                0x00005b5c       0x18 .\ARM_GCC_541\Debug\Proj06_freefly_uart_control_test_gps.a(ADC_DelSig_1_theACLK.o)
                0x00005b5c                ADC_DelSig_1_theACLK_GetDividerRegister
 .text.ADC_DelSig_1_theACLK_SetModeRegister
                0x00005b74       0x34 .\ARM_GCC_541\Debug\Proj06_freefly_uart_control_test_gps.a(ADC_DelSig_1_theACLK.o)
                0x00005b74                ADC_DelSig_1_theACLK_SetModeRegister
 .text.ADC_DelSig_1_theACLK_GetSourceRegister
                0x00005ba8       0x1c .\ARM_GCC_541\Debug\Proj06_freefly_uart_control_test_gps.a(ADC_DelSig_1_theACLK.o)
                0x00005ba8                ADC_DelSig_1_theACLK_GetSourceRegister
 .text.UART_1_IntClock_Start
                0x00005bc4       0x34 .\ARM_GCC_541\Debug\Proj06_freefly_uart_control_test_gps.a(UART_1_IntClock.o)
                0x00005bc4                UART_1_IntClock_Start
 .text.CyHalt   0x00005bf8       0x18 .\ARM_GCC_541\Debug\Proj06_freefly_uart_control_test_gps.a(CyLib.o)
                0x00005bf8                CyHalt
 .text.CyDelayUs
                0x00005c10       0x28 .\ARM_GCC_541\Debug\Proj06_freefly_uart_control_test_gps.a(CyLib.o)
                0x00005c10                CyDelayUs
 .text.CyIntSetVector
                0x00005c38       0x50 .\ARM_GCC_541\Debug\Proj06_freefly_uart_control_test_gps.a(CyLib.o)
                0x00005c38                CyIntSetVector
 .text.CyIntSetPriority
                0x00005c88       0x48 .\ARM_GCC_541\Debug\Proj06_freefly_uart_control_test_gps.a(CyLib.o)
                0x00005c88                CyIntSetPriority
 .text          0x00005cd0       0x54 .\ARM_GCC_541\Debug\Proj06_freefly_uart_control_test_gps.a(CyBootAsmGnu.o)
                0x00005cd0                CyDelayCycles
                0x00005d0e                CyEnterCriticalSection
                0x00005d16                CyExitCriticalSection
 .text.asinf    0x00005d24       0xa4 c:/program files (x86)/cypress/psoc creator/4.4/psoc creator/import/gnu/arm/5.4.1/bin/../lib/gcc/arm-none-eabi/5.4.1/../../../../arm-none-eabi/lib/armv7-m\libm.a(lib_a-wf_asin.o)
                0x00005d24                asinf
 .text.atan2f   0x00005dc8        0x4 c:/program files (x86)/cypress/psoc creator/4.4/psoc creator/import/gnu/arm/5.4.1/bin/../lib/gcc/arm-none-eabi/5.4.1/../../../../arm-none-eabi/lib/armv7-m\libm.a(lib_a-wf_atan2.o)
                0x00005dc8                atan2f
 .text.__ieee754_asinf
                0x00005dcc      0x294 c:/program files (x86)/cypress/psoc creator/4.4/psoc creator/import/gnu/arm/5.4.1/bin/../lib/gcc/arm-none-eabi/5.4.1/../../../../arm-none-eabi/lib/armv7-m\libm.a(lib_a-ef_asin.o)
                0x00005dcc                __ieee754_asinf
 .text.__ieee754_atan2f
                0x00006060      0x124 c:/program files (x86)/cypress/psoc creator/4.4/psoc creator/import/gnu/arm/5.4.1/bin/../lib/gcc/arm-none-eabi/5.4.1/../../../../arm-none-eabi/lib/armv7-m\libm.a(lib_a-ef_atan2.o)
                0x00006060                __ieee754_atan2f
 .text.__ieee754_sqrtf
                0x00006184       0xa8 c:/program files (x86)/cypress/psoc creator/4.4/psoc creator/import/gnu/arm/5.4.1/bin/../lib/gcc/arm-none-eabi/5.4.1/../../../../arm-none-eabi/lib/armv7-m\libm.a(lib_a-ef_sqrt.o)
                0x00006184                __ieee754_sqrtf
 .text.matherr  0x0000622c        0x4 c:/program files (x86)/cypress/psoc creator/4.4/psoc creator/import/gnu/arm/5.4.1/bin/../lib/gcc/arm-none-eabi/5.4.1/../../../../arm-none-eabi/lib/armv7-m\libm.a(lib_a-s_matherr.o)
                0x0000622c                matherr
 .text.nan      0x00006230        0xc c:/program files (x86)/cypress/psoc creator/4.4/psoc creator/import/gnu/arm/5.4.1/bin/../lib/gcc/arm-none-eabi/5.4.1/../../../../arm-none-eabi/lib/armv7-m\libm.a(lib_a-s_nan.o)
                0x00006230                nan
 .text.atanf    0x0000623c      0x22c c:/program files (x86)/cypress/psoc creator/4.4/psoc creator/import/gnu/arm/5.4.1/bin/../lib/gcc/arm-none-eabi/5.4.1/../../../../arm-none-eabi/lib/armv7-m\libm.a(lib_a-sf_atan.o)
                0x0000623c                atanf
 .text.fabsf    0x00006468        0x8 c:/program files (x86)/cypress/psoc creator/4.4/psoc creator/import/gnu/arm/5.4.1/bin/../lib/gcc/arm-none-eabi/5.4.1/../../../../arm-none-eabi/lib/armv7-m\libm.a(lib_a-sf_fabs.o)
                0x00006468                fabsf
 .text          0x00006470      0x370 c:/program files (x86)/cypress/psoc creator/4.4/psoc creator/import/gnu/arm/5.4.1/bin/../lib/gcc/arm-none-eabi/5.4.1/armv7-m\libgcc.a(_arm_addsubdf3.o)
                0x00006470                __aeabi_drsub
                0x00006478                __aeabi_dsub
                0x00006478                __subdf3
                0x0000647c                __aeabi_dadd
                0x0000647c                __adddf3
                0x000066f4                __floatunsidf
                0x000066f4                __aeabi_ui2d
                0x00006714                __floatsidf
                0x00006714                __aeabi_i2d
                0x00006738                __aeabi_f2d
                0x00006738                __extendsfdf2
                0x00006774                __floatundidf
                0x00006774                __aeabi_ul2d
                0x00006784                __floatdidf
                0x00006784                __aeabi_l2d
 .text          0x000067e0       0xa0 c:/program files (x86)/cypress/psoc creator/4.4/psoc creator/import/gnu/arm/5.4.1/bin/../lib/gcc/arm-none-eabi/5.4.1/armv7-m\libgcc.a(_arm_truncdfsf2.o)
                0x000067e0                __truncdfsf2
                0x000067e0                __aeabi_d2f
 .text          0x00006880      0x21c c:/program files (x86)/cypress/psoc creator/4.4/psoc creator/import/gnu/arm/5.4.1/bin/../lib/gcc/arm-none-eabi/5.4.1/armv7-m\libgcc.a(_arm_addsubsf3.o)
                0x00006880                __aeabi_frsub
                0x00006888                __subsf3
                0x00006888                __aeabi_fsub
                0x0000688c                __aeabi_fadd
                0x0000688c                __addsf3
                0x000069ec                __aeabi_ui2f
                0x000069ec                __floatunsisf
                0x000069f4                __aeabi_i2f
                0x000069f4                __floatsisf
                0x00006a10                __aeabi_ul2f
                0x00006a10                __floatundisf
                0x00006a20                __aeabi_l2f
                0x00006a20                __floatdisf
 .text          0x00006a9c      0x2a0 c:/program files (x86)/cypress/psoc creator/4.4/psoc creator/import/gnu/arm/5.4.1/bin/../lib/gcc/arm-none-eabi/5.4.1/armv7-m\libgcc.a(_arm_muldivsf3.o)
                0x00006a9c                __mulsf3
                0x00006a9c                __aeabi_fmul
                0x00006c04                __aeabi_fdiv
                0x00006c04                __divsf3
 .text          0x00006d3c       0xec c:/program files (x86)/cypress/psoc creator/4.4/psoc creator/import/gnu/arm/5.4.1/bin/../lib/gcc/arm-none-eabi/5.4.1/armv7-m\libgcc.a(_arm_cmpsf2.o)
                0x00006d3c                __gesf2
                0x00006d3c                __gtsf2
                0x00006d44                __lesf2
                0x00006d44                __ltsf2
                0x00006d4c                __nesf2
                0x00006d4c                __eqsf2
                0x00006d4c                __cmpsf2
                0x00006dac                __aeabi_cfrcmple
                0x00006db4                __aeabi_cfcmpeq
                0x00006db4                __aeabi_cfcmple
                0x00006dc4                __aeabi_fcmpeq
                0x00006dd8                __aeabi_fcmplt
                0x00006dec                __aeabi_fcmple
                0x00006e00                __aeabi_fcmpge
                0x00006e14                __aeabi_fcmpgt
 .text          0x00006e28       0x2c c:/program files (x86)/cypress/psoc creator/4.4/psoc creator/import/gnu/arm/5.4.1/bin/../lib/gcc/arm-none-eabi/5.4.1/armv7-m\libgcc.a(_arm_unordsf2.o)
                0x00006e28                __unordsf2
                0x00006e28                __aeabi_fcmpun
 .text          0x00006e54       0x4c c:/program files (x86)/cypress/psoc creator/4.4/psoc creator/import/gnu/arm/5.4.1/bin/../lib/gcc/arm-none-eabi/5.4.1/armv7-m\libgcc.a(_arm_fixsfsi.o)
                0x00006e54                __aeabi_f2iz
                0x00006e54                __fixsfsi
 .text          0x00006ea0       0x40 c:/program files (x86)/cypress/psoc creator/4.4/psoc creator/import/gnu/arm/5.4.1/bin/../lib/gcc/arm-none-eabi/5.4.1/armv7-m\libgcc.a(_arm_fixunssfsi.o)
                0x00006ea0                __fixunssfsi
                0x00006ea0                __aeabi_f2uiz
 .text.__errno  0x00006ee0        0xc c:/program files (x86)/cypress/psoc creator/4.4/psoc creator/import/gnu/arm/5.4.1/bin/../lib/gcc/arm-none-eabi/5.4.1/../../../../arm-none-eabi/lib/armv7-m\libg_nano.a(lib_a-errno.o)
                0x00006ee0                __errno
 .text.__libc_init_array
                0x00006eec       0x4c c:/program files (x86)/cypress/psoc creator/4.4/psoc creator/import/gnu/arm/5.4.1/bin/../lib/gcc/arm-none-eabi/5.4.1/../../../../arm-none-eabi/lib/armv7-m\libg_nano.a(lib_a-init.o)
                0x00006eec                __libc_init_array
 .text.memcpy   0x00006f38       0x16 c:/program files (x86)/cypress/psoc creator/4.4/psoc creator/import/gnu/arm/5.4.1/bin/../lib/gcc/arm-none-eabi/5.4.1/../../../../arm-none-eabi/lib/armv7-m\libg_nano.a(lib_a-memcpy-stub.o)
                0x00006f38                memcpy
 .text.memset   0x00006f4e       0x10 c:/program files (x86)/cypress/psoc creator/4.4/psoc creator/import/gnu/arm/5.4.1/bin/../lib/gcc/arm-none-eabi/5.4.1/../../../../arm-none-eabi/lib/armv7-m\libg_nano.a(lib_a-memset.o)
                0x00006f4e                memset
 *fill*         0x00006f5e        0x2 
 .text.sprintf  0x00006f60       0x48 c:/program files (x86)/cypress/psoc creator/4.4/psoc creator/import/gnu/arm/5.4.1/bin/../lib/gcc/arm-none-eabi/5.4.1/../../../../arm-none-eabi/lib/armv7-m\libg_nano.a(lib_a-sprintf.o)
                0x00006f60                siprintf
                0x00006f60                sprintf
 .text.__ssputs_r
                0x00006fa8       0xb2 c:/program files (x86)/cypress/psoc creator/4.4/psoc creator/import/gnu/arm/5.4.1/bin/../lib/gcc/arm-none-eabi/5.4.1/../../../../arm-none-eabi/lib/armv7-m\libg_nano.a(lib_a-nano-svfprintf.o)
                0x00006fa8                __ssputs_r
 *fill*         0x0000705a        0x2 
 .text._svfprintf_r
                0x0000705c      0x1e8 c:/program files (x86)/cypress/psoc creator/4.4/psoc creator/import/gnu/arm/5.4.1/bin/../lib/gcc/arm-none-eabi/5.4.1/../../../../arm-none-eabi/lib/armv7-m\libg_nano.a(lib_a-nano-svfprintf.o)
                0x0000705c                _svfiprintf_r
                0x0000705c                _svfprintf_r
 .text._printf_common
                0x00007244       0xec c:/program files (x86)/cypress/psoc creator/4.4/psoc creator/import/gnu/arm/5.4.1/bin/../lib/gcc/arm-none-eabi/5.4.1/../../../../arm-none-eabi/lib/armv7-m\libg_nano.a(lib_a-nano-vfprintf_i.o)
                0x00007244                _printf_common
 .text._printf_i
                0x00007330      0x24c c:/program files (x86)/cypress/psoc creator/4.4/psoc creator/import/gnu/arm/5.4.1/bin/../lib/gcc/arm-none-eabi/5.4.1/../../../../arm-none-eabi/lib/armv7-m\libg_nano.a(lib_a-nano-vfprintf_i.o)
                0x00007330                _printf_i
 .text.memchr   0x0000757c       0x1c c:/program files (x86)/cypress/psoc creator/4.4/psoc creator/import/gnu/arm/5.4.1/bin/../lib/gcc/arm-none-eabi/5.4.1/../../../../arm-none-eabi/lib/armv7-m\libg_nano.a(lib_a-memchr-stub.o)
                0x0000757c                memchr
 .text.memmove  0x00007598       0x36 c:/program files (x86)/cypress/psoc creator/4.4/psoc creator/import/gnu/arm/5.4.1/bin/../lib/gcc/arm-none-eabi/5.4.1/../../../../arm-none-eabi/lib/armv7-m\libg_nano.a(lib_a-memmove.o)
                0x00007598                memmove
 *fill*         0x000075ce        0x2 
 .text._free_r  0x000075d0       0x98 c:/program files (x86)/cypress/psoc creator/4.4/psoc creator/import/gnu/arm/5.4.1/bin/../lib/gcc/arm-none-eabi/5.4.1/../../../../arm-none-eabi/lib/armv7-m\libg_nano.a(lib_a-nano-freer.o)
                0x000075d0                _free_r
 .text._malloc_r
                0x00007668       0xbc c:/program files (x86)/cypress/psoc creator/4.4/psoc creator/import/gnu/arm/5.4.1/bin/../lib/gcc/arm-none-eabi/5.4.1/../../../../arm-none-eabi/lib/armv7-m\libg_nano.a(lib_a-nano-mallocr.o)
                0x00007668                _malloc_r
 .text._realloc_r
                0x00007724       0x4c c:/program files (x86)/cypress/psoc creator/4.4/psoc creator/import/gnu/arm/5.4.1/bin/../lib/gcc/arm-none-eabi/5.4.1/../../../../arm-none-eabi/lib/armv7-m\libg_nano.a(lib_a-nano-reallocr.o)
                0x00007724                _realloc_r
 .text._sbrk_r  0x00007770       0x20 c:/program files (x86)/cypress/psoc creator/4.4/psoc creator/import/gnu/arm/5.4.1/bin/../lib/gcc/arm-none-eabi/5.4.1/../../../../arm-none-eabi/lib/armv7-m\libg_nano.a(lib_a-sbrkr.o)
                0x00007770                _sbrk_r
 .text.__malloc_lock
                0x00007790        0x2 c:/program files (x86)/cypress/psoc creator/4.4/psoc creator/import/gnu/arm/5.4.1/bin/../lib/gcc/arm-none-eabi/5.4.1/../../../../arm-none-eabi/lib/armv7-m\libg_nano.a(lib_a-mlock.o)
                0x00007790                __malloc_lock
 .text.__malloc_unlock
                0x00007792        0x2 c:/program files (x86)/cypress/psoc creator/4.4/psoc creator/import/gnu/arm/5.4.1/bin/../lib/gcc/arm-none-eabi/5.4.1/../../../../arm-none-eabi/lib/armv7-m\libg_nano.a(lib_a-mlock.o)
                0x00007792                __malloc_unlock
 .text._malloc_usable_size_r
                0x00007794       0x14 c:/program files (x86)/cypress/psoc creator/4.4/psoc creator/import/gnu/arm/5.4.1/bin/../lib/gcc/arm-none-eabi/5.4.1/../../../../arm-none-eabi/lib/armv7-m\libg_nano.a(lib_a-nano-msizer.o)
                0x00007794                _malloc_usable_size_r
 *(.plt)
 *(.gnu.warning)
 *(.glue_7t)
 .glue_7t       0x000077a8        0x0 linker stubs
 *(.glue_7)
 .glue_7        0x000077a8        0x0 linker stubs
 *(.vfp11_veneer)
 .vfp11_veneer  0x000077a8        0x0 linker stubs
 *(.bootloader)
 *(.ARM.extab* .gnu.linkonce.armextab.*)
 *(.gcc_except_table)

.v4_bx          0x000077a8        0x0
 .v4_bx         0x000077a8        0x0 linker stubs

.iplt           0x000077a8        0x0
 .iplt          0x000077a8        0x0 c:/program files (x86)/cypress/psoc creator/4.4/psoc creator/import/gnu/arm/5.4.1/bin/../lib/gcc/arm-none-eabi/5.4.1/armv7-m/crtbegin.o

.eh_frame_hdr
 *(.eh_frame_hdr)

.eh_frame       0x000077a8        0x4
 *(.eh_frame)
 .eh_frame      0x000077a8        0x0 c:/program files (x86)/cypress/psoc creator/4.4/psoc creator/import/gnu/arm/5.4.1/bin/../lib/gcc/arm-none-eabi/5.4.1/armv7-m/crtbegin.o
 .eh_frame      0x000077a8        0x4 c:/program files (x86)/cypress/psoc creator/4.4/psoc creator/import/gnu/arm/5.4.1/bin/../lib/gcc/arm-none-eabi/5.4.1/armv7-m/crtend.o
                [!provide]                PROVIDE (__exidx_start, .)

.ARM.exidx
 *(.ARM.exidx* .gnu.linkonce.armexidx.*)
                0x000077ac                __exidx_end = .

.rodata         0x000077ac      0x64c
 *(.rodata .rodata.* .gnu.linkonce.r.*)
 .rodata        0x000077ac      0x555 .\ARM_GCC_541\Debug\main.o
 *fill*         0x00007d01        0x3 
 .rodata        0x00007d04       0x56 .\ARM_GCC_541\Debug\cyfitter_cfg.o
                0x00007d04                AMux_1__addrTable
                0x00007d14                AMux_1__maskTable
                0x00007d18                ADC_DelSig_1_AMux__addrTable
                0x00007d20                ADC_DelSig_1_AMux__maskTable
 *fill*         0x00007d5a        0x2 
 .rodata.str1.4
                0x00007d5c        0xc c:/program files (x86)/cypress/psoc creator/4.4/psoc creator/import/gnu/arm/5.4.1/bin/../lib/gcc/arm-none-eabi/5.4.1/../../../../arm-none-eabi/lib/armv7-m\libm.a(lib_a-wf_asin.o)
                                  0x9 (size before relaxing)
 .rodata.atanlo
                0x00007d68       0x10 c:/program files (x86)/cypress/psoc creator/4.4/psoc creator/import/gnu/arm/5.4.1/bin/../lib/gcc/arm-none-eabi/5.4.1/../../../../arm-none-eabi/lib/armv7-m\libm.a(lib_a-sf_atan.o)
 .rodata.atanhi
                0x00007d78       0x10 c:/program files (x86)/cypress/psoc creator/4.4/psoc creator/import/gnu/arm/5.4.1/bin/../lib/gcc/arm-none-eabi/5.4.1/../../../../arm-none-eabi/lib/armv7-m\libm.a(lib_a-sf_atan.o)
 .rodata.str1.1
                0x00007d88        0x2 c:/program files (x86)/cypress/psoc creator/4.4/psoc creator/import/gnu/arm/5.4.1/bin/../lib/gcc/arm-none-eabi/5.4.1/../../../../arm-none-eabi/lib/armv7-m\libg_nano.a(lib_a-impure.o)
 .rodata.str1.1
                0x00007d8a       0x11 c:/program files (x86)/cypress/psoc creator/4.4/psoc creator/import/gnu/arm/5.4.1/bin/../lib/gcc/arm-none-eabi/5.4.1/../../../../arm-none-eabi/lib/armv7-m\libg_nano.a(lib_a-nano-svfprintf.o)
 .rodata.str1.1
                0x00007d9b       0x22 c:/program files (x86)/cypress/psoc creator/4.4/psoc creator/import/gnu/arm/5.4.1/bin/../lib/gcc/arm-none-eabi/5.4.1/../../../../arm-none-eabi/lib/armv7-m\libg_nano.a(lib_a-nano-vfprintf_i.o)
                0x00007dc0                . = ALIGN (0x4)
 *fill*         0x00007dbd        0x3 
 *(.init)
 .init          0x00007dc0        0x4 c:/program files (x86)/cypress/psoc creator/4.4/psoc creator/import/gnu/arm/5.4.1/bin/../lib/gcc/arm-none-eabi/5.4.1/armv7-m/crti.o
                0x00007dc0                _init
 .init          0x00007dc4        0x8 c:/program files (x86)/cypress/psoc creator/4.4/psoc creator/import/gnu/arm/5.4.1/bin/../lib/gcc/arm-none-eabi/5.4.1/armv7-m/crtn.o
                0x00007dcc                . = ALIGN (0x4)
                0x00007dcc                __preinit_array_start = .
 *(.preinit_array)
                0x00007dcc                __preinit_array_end = .
                0x00007dcc                . = ALIGN (0x4)
                0x00007dcc                __init_array_start = .
 *(SORT(.init_array.*))
 *(.init_array)
 .init_array    0x00007dcc        0x4 c:/program files (x86)/cypress/psoc creator/4.4/psoc creator/import/gnu/arm/5.4.1/bin/../lib/gcc/arm-none-eabi/5.4.1/armv7-m/crtbegin.o
 .init_array    0x00007dd0        0x4 .\ARM_GCC_541\Debug\Cm3Start.o
                0x00007dd4                __init_array_end = .
                0x00007dd4                . = ALIGN (0x4)
 *(.fini)
 .fini          0x00007dd4        0x4 c:/program files (x86)/cypress/psoc creator/4.4/psoc creator/import/gnu/arm/5.4.1/bin/../lib/gcc/arm-none-eabi/5.4.1/armv7-m/crti.o
                0x00007dd4                _fini
 .fini          0x00007dd8        0x8 c:/program files (x86)/cypress/psoc creator/4.4/psoc creator/import/gnu/arm/5.4.1/bin/../lib/gcc/arm-none-eabi/5.4.1/armv7-m/crtn.o
                0x00007de0                . = ALIGN (0x4)
                0x00007de0                __fini_array_start = .
 *(.fini_array)
 .fini_array    0x00007de0        0x4 c:/program files (x86)/cypress/psoc creator/4.4/psoc creator/import/gnu/arm/5.4.1/bin/../lib/gcc/arm-none-eabi/5.4.1/armv7-m/crtbegin.o
 *(SORT(.fini_array.*))
                0x00007de4                __fini_array_end = .
                0x00007de4                . = ALIGN (0x4)
 *crtbegin.o(.ctors)
 *(EXCLUDE_FILE(*crtend.o) .ctors)
 *(SORT(.ctors.*))
 *crtend.o(.ctors)
                0x00007de4                . = ALIGN (0x4)
 *crtbegin.o(.dtors)
 *(EXCLUDE_FILE(*crtend.o) .dtors)
 *(SORT(.dtors.*))
 *crtend.o(.dtors)
                0x00007de4                . = ALIGN (0x4)
                0x00007de4                __cy_regions = .
                0x00007de4        0x4 LONG 0x7df8 __cy_region_init_ram
                0x00007de8        0x4 LONG 0x1fff80c8 __cy_region_start_data
                0x00007dec        0x4 LONG 0xf8 __cy_region_init_size_ram
                0x00007df0        0x4 LONG 0x350 __cy_region_zero_size_ram
                0x00007df4                __cy_regions_end = .
                0x00007df8                . = ALIGN (0x8)
 *fill*         0x00007df4        0x4 
                0x00007df8                _etext = .

.cy_checksum_exclude
                0x00007df8        0x0
 *(.cy_checksum_exclude)

.ramvectors     0x1fff8000       0xc0
                0x1fff8000                __cy_region_start_ram = .
 *(.ramvectors)
 .ramvectors    0x1fff8000       0xc0 .\ARM_GCC_541\Debug\Cm3Start.o
                0x1fff8000                CyRamVectors

.noinit         0x1fff80c0        0x5
 *(.noinit)
 .noinit        0x1fff80c0        0x4 .\ARM_GCC_541\Debug\Cm3Start.o
 .noinit        0x1fff80c4        0x1 .\ARM_GCC_541\Debug\Proj06_freefly_uart_control_test_gps.a(CyLib.o)
                0x1fff80c4                CyResetStatus

.data           0x1fff80c8       0xf8 load address 0x00007df8
                0x1fff80c8                __cy_region_start_data = .
 *(.jcr)
 .jcr           0x1fff80c8        0x0 c:/program files (x86)/cypress/psoc creator/4.4/psoc creator/import/gnu/arm/5.4.1/bin/../lib/gcc/arm-none-eabi/5.4.1/armv7-m/crtbegin.o
 .jcr           0x1fff80c8        0x4 c:/program files (x86)/cypress/psoc creator/4.4/psoc creator/import/gnu/arm/5.4.1/bin/../lib/gcc/arm-none-eabi/5.4.1/armv7-m/crtend.o
 *(.got.plt)
 *(.got)
 *(.shdata)
 *(.data .data.* .gnu.linkonce.d.*)
 .data          0x1fff80cc       0x74 .\ARM_GCC_541\Debug\QX_Protocol_App.o
                0x1fff80cc                FreeflyAPI
 .data          0x1fff8140        0x4 .\ARM_GCC_541\Debug\Cm3Start.o
 .data          0x1fff8144        0x1 .\ARM_GCC_541\Debug\Proj06_freefly_uart_control_test_gps.a(ADC_DelSig_1.o)
                0x1fff8144                ADC_DelSig_1_Config
 .data          0x1fff8145        0x1 .\ARM_GCC_541\Debug\Proj06_freefly_uart_control_test_gps.a(AMux_1.o)
 .data          0x1fff8146        0x1 .\ARM_GCC_541\Debug\Proj06_freefly_uart_control_test_gps.a(ADC_DelSig_1_AMux.o)
 *fill*         0x1fff8147        0x1 
 .data          0x1fff8148       0x10 .\ARM_GCC_541\Debug\Proj06_freefly_uart_control_test_gps.a(CyLib.o)
                0x1fff8148                cydelay_freq_hz
                0x1fff814c                cydelay_freq_khz
                0x1fff8150                cydelay_freq_mhz
                0x1fff8154                cydelay_32k_ms
 .data.__fdlib_version
                0x1fff8158        0x1 c:/program files (x86)/cypress/psoc creator/4.4/psoc creator/import/gnu/arm/5.4.1/bin/../lib/gcc/arm-none-eabi/5.4.1/../../../../arm-none-eabi/lib/armv7-m\libm.a(lib_a-s_lib_ver.o)
                0x1fff8158                __fdlib_version
 *fill*         0x1fff8159        0x3 
 .data.impure_data
                0x1fff815c       0x60 c:/program files (x86)/cypress/psoc creator/4.4/psoc creator/import/gnu/arm/5.4.1/bin/../lib/gcc/arm-none-eabi/5.4.1/../../../../arm-none-eabi/lib/armv7-m\libg_nano.a(lib_a-impure.o)
 .data._impure_ptr
                0x1fff81bc        0x4 c:/program files (x86)/cypress/psoc creator/4.4/psoc creator/import/gnu/arm/5.4.1/bin/../lib/gcc/arm-none-eabi/5.4.1/../../../../arm-none-eabi/lib/armv7-m\libg_nano.a(lib_a-impure.o)
                0x1fff81bc                _impure_ptr
                0x1fff81c0                . = ALIGN (0x8)
 *(.ram)
                0x1fff81c0                _edata = .

.igot.plt       0x1fff81c0        0x0 load address 0x00007ef0
 .igot.plt      0x1fff81c0        0x0 c:/program files (x86)/cypress/psoc creator/4.4/psoc creator/import/gnu/arm/5.4.1/bin/../lib/gcc/arm-none-eabi/5.4.1/armv7-m/crtbegin.o

.bss            0x1fff81c0      0x350 load address 0x00007ef0
                0x1fff81c0                PROVIDE (__bss_start__, .)
 *(.shbss)
 *(.bss .bss.* .gnu.linkonce.b.*)
 .bss           0x1fff81c0       0x1c c:/program files (x86)/cypress/psoc creator/4.4/psoc creator/import/gnu/arm/5.4.1/bin/../lib/gcc/arm-none-eabi/5.4.1/armv7-m/crtbegin.o
 .bss           0x1fff81dc      0x18c .\ARM_GCC_541\Debug\main.o
                0x1fff835c                g_tick_ms
 .bss           0x1fff8368        0x8 .\ARM_GCC_541\Debug\adc_balanced.o
 .bss           0x1fff8370       0x42 .\ARM_GCC_541\Debug\joystick.o
 *fill*         0x1fff83b2        0x2 
 .bss           0x1fff83b4        0x8 .\ARM_GCC_541\Debug\QX_Protocol.o
                0x1fff83b4                QX_BuildHeader_Legacy
                0x1fff83b8                QX_ParseHeader_Legacy
 .bss           0x1fff83bc        0xc .\ARM_GCC_541\Debug\Proj06_freefly_uart_control_test_gps.a(ADC_DelSig_1.o)
                0x1fff83bc                ADC_DelSig_1_convDone
                0x1fff83bd                ADC_DelSig_1_stopConversion
                0x1fff83be                ADC_DelSig_1_initVar
                0x1fff83bf                ADC_DelSig_1_started
                0x1fff83c0                ADC_DelSig_1_Offset
 .bss           0x1fff83c8        0x2 .\ARM_GCC_541\Debug\Proj06_freefly_uart_control_test_gps.a(UART_1.o)
                0x1fff83c8                UART_1_initVar
 .bss           0x1fff83ca        0x2 .\ARM_GCC_541\Debug\Proj06_freefly_uart_control_test_gps.a(UART_MOVI.o)
                0x1fff83ca                UART_MOVI_initVar
 .bss           0x1fff83cc        0x1 .\ARM_GCC_541\Debug\Proj06_freefly_uart_control_test_gps.a(Looptimer.o)
                0x1fff83cc                Looptimer_initVar
 *fill*         0x1fff83cd        0x3 
 .bss.__malloc_sbrk_start
                0x1fff83d0        0x4 c:/program files (x86)/cypress/psoc creator/4.4/psoc creator/import/gnu/arm/5.4.1/bin/../lib/gcc/arm-none-eabi/5.4.1/../../../../arm-none-eabi/lib/armv7-m\libg_nano.a(lib_a-nano-mallocr.o)
                0x1fff83d0                __malloc_sbrk_start
 .bss.__malloc_free_list
                0x1fff83d4        0x4 c:/program files (x86)/cypress/psoc creator/4.4/psoc creator/import/gnu/arm/5.4.1/bin/../lib/gcc/arm-none-eabi/5.4.1/../../../../arm-none-eabi/lib/armv7-m\libg_nano.a(lib_a-nano-mallocr.o)
                0x1fff83d4                __malloc_free_list
 *(COMMON)
 COMMON         0x1fff83d8        0xc .\ARM_GCC_541\Debug\QX_Parsing_Functions.o
                0x1fff83d8                rw
                0x1fff83da                get_uint16_t
                0x1fff83dc                rw_orig
                0x1fff83e0                msgPtr
 COMMON         0x1fff83e4       0x9c .\ARM_GCC_541\Debug\QX_Protocol.o
                0x1fff83e4                QX_Clients
                0x1fff83ec                QX_CommsPorts
                0x1fff8478                QX_Servers
 COMMON         0x1fff8480       0x88 .\ARM_GCC_541\Debug\simple_buffer.o
                0x1fff8480                tail
                0x1fff8484                head
                0x1fff8488                Buf
 COMMON         0x1fff8508        0x4 .\ARM_GCC_541\Debug\Proj06_freefly_uart_control_test_gps.a(ADC_DelSig_1.o)
                0x1fff8508                ADC_DelSig_1_CountsPerVolt
 COMMON         0x1fff850c        0x4 c:/program files (x86)/cypress/psoc creator/4.4/psoc creator/import/gnu/arm/5.4.1/bin/../lib/gcc/arm-none-eabi/5.4.1/../../../../arm-none-eabi/lib/armv7-m\libg_nano.a(lib_a-reent.o)
                0x1fff850c                errno
                0x1fff8510                . = ALIGN (0x8)
 *(.ram.b)
                0x1fff8510                _end = .
                0x1fff8510                __end = .
                0x1fff8510                PROVIDE (end, .)
                0x1fff8510                PROVIDE (__bss_end__, .)
                0x00007df8                __cy_region_init_ram = LOADADDR (.data)
                0x000000f8                __cy_region_init_size_ram = (_edata - ADDR (.data))
                0x00000350                __cy_region_zero_size_ram = (_end - _edata)

.heap           0x1fff8510       0x80 load address 0x00007ef0
                0x1fff8510                . = _end
                0x1fff8590                . = (. + 0x80)
 *fill*         0x1fff8510       0x80 
                0x1fff8590                __cy_heap_limit = .

.stack          0x20007800      0x800
                0x20007800                __cy_stack_limit = .
                0x20008000                . = (. + 0x800)
 *fill*         0x20007800      0x800 
                0x00000001                ASSERT ((__cy_stack_limit >= __cy_heap_limit), region RAM overflowed with stack)
                0x00000000                cy_checksum_exclude_size = (CY_APPL_LOADABLE == 0x1)?SIZEOF (.cy_checksum_exclude):0x0
                0x00000001                ASSERT ((cy_checksum_exclude_size <= CY_CHECKSUM_EXCLUDE_SIZE), CY_BOOT: Section .cy_checksum_exclude size exceedes specified limit.)

.cyloadermeta
 *(.cyloadermeta)

.cyloadablemeta
 *(.cyloadablemeta)

.cyconfigecc    0x80000000      0x654
 *(.cyconfigecc)
 .cyconfigecc   0x80000000      0x654 .\ARM_GCC_541\Debug\cymetadata.o
                0x80000000                cy_meta_configecc

.cycustnvl      0x90000000        0x4
 *(.cycustnvl)
 .cycustnvl     0x90000000        0x4 .\ARM_GCC_541\Debug\cymetadata.o
                0x90000000                cy_meta_custnvl

.cywolatch      0x90100000        0x4
 *(.cywolatch)
 .cywolatch     0x90100000        0x4 .\ARM_GCC_541\Debug\cymetadata.o
                0x90100000                cy_meta_wonvl

.cyeeprom       0x90200000        0x0
 *(.cyeeprom)
                0x00000001                ASSERT ((. <= ((0x90200000 + ee_offset) + ee_size)), .cyeeprom data will not fit in EEPROM)

.cyflashprotect
                0x90400000      0x100
 *(.cyflashprotect)
 .cyflashprotect
                0x90400000      0x100 .\ARM_GCC_541\Debug\cymetadata.o
                0x90400000                cy_meta_flashprotect

.cymeta         0x90500000        0xc
 *(.cymeta)
 .cymeta        0x90500000        0xc .\ARM_GCC_541\Debug\cymetadata.o
                0x90500000                cy_metadata

.rel.dyn        0x00007ef0        0x0 load address 0x9050000c
 .rel.iplt      0x00007ef0        0x0 c:/program files (x86)/cypress/psoc creator/4.4/psoc creator/import/gnu/arm/5.4.1/bin/../lib/gcc/arm-none-eabi/5.4.1/armv7-m/crtbegin.o

.stab
 *(.stab)

.stabstr
 *(.stabstr)

.debug
 *(.debug)

.line
 *(.line)

.debug_srcinfo
 *(.debug_srcinfo)

.debug_sfnames
 *(.debug_sfnames)

.debug_aranges  0x00000000     0x10e0
 *(.debug_aranges)
 .debug_aranges
                0x00000000       0x60 .\ARM_GCC_541\Debug\main.o
 .debug_aranges
                0x00000060       0x50 .\ARM_GCC_541\Debug\adc_balanced.o
 .debug_aranges
                0x000000b0       0x98 .\ARM_GCC_541\Debug\joystick.o
 .debug_aranges
                0x00000148       0x48 .\ARM_GCC_541\Debug\movi_rb.o
 .debug_aranges
                0x00000190       0x98 .\ARM_GCC_541\Debug\movi_comm.o
 .debug_aranges
                0x00000228      0x160 .\ARM_GCC_541\Debug\QX_Parsing_Functions.o
 .debug_aranges
                0x00000388       0xe0 .\ARM_GCC_541\Debug\QX_Protocol.o
 .debug_aranges
                0x00000468       0x48 .\ARM_GCC_541\Debug\QX_Protocol_App.o
 .debug_aranges
                0x000004b0       0x28 .\ARM_GCC_541\Debug\simple_buffer.o
 .debug_aranges
                0x000004d8       0x80 .\ARM_GCC_541\Debug\cyfitter_cfg.o
 .debug_aranges
                0x00000558       0x18 .\ARM_GCC_541\Debug\cymetadata.o
 .debug_aranges
                0x00000570       0x48 .\ARM_GCC_541\Debug\Cm3Start.o
 .debug_aranges
                0x000005b8       0xe8 .\ARM_GCC_541\Debug\Proj06_freefly_uart_control_test_gps.a(ADC_DelSig_1.o)
 .debug_aranges
                0x000006a0       0x38 .\ARM_GCC_541\Debug\Proj06_freefly_uart_control_test_gps.a(ADC_DelSig_1_INT.o)
 .debug_aranges
                0x000006d8       0xf0 .\ARM_GCC_541\Debug\Proj06_freefly_uart_control_test_gps.a(UART_1.o)
 .debug_aranges
                0x000007c8       0x30 .\ARM_GCC_541\Debug\Proj06_freefly_uart_control_test_gps.a(AMux_1.o)
 .debug_aranges
                0x000007f8       0x80 .\ARM_GCC_541\Debug\Proj06_freefly_uart_control_test_gps.a(isr_adc.o)
 .debug_aranges
                0x00000878       0xf0 .\ARM_GCC_541\Debug\Proj06_freefly_uart_control_test_gps.a(UART_MOVI.o)
 .debug_aranges
                0x00000968       0x80 .\ARM_GCC_541\Debug\Proj06_freefly_uart_control_test_gps.a(isr_rx_movi.o)
 .debug_aranges
                0x000009e8       0x88 .\ARM_GCC_541\Debug\Proj06_freefly_uart_control_test_gps.a(Looptimer.o)
 .debug_aranges
                0x00000a70       0x80 .\ARM_GCC_541\Debug\Proj06_freefly_uart_control_test_gps.a(isr_Looptimer.o)
 .debug_aranges
                0x00000af0       0x30 .\ARM_GCC_541\Debug\Proj06_freefly_uart_control_test_gps.a(ADC_DelSig_1_AMux.o)
 .debug_aranges
                0x00000b20       0x70 .\ARM_GCC_541\Debug\Proj06_freefly_uart_control_test_gps.a(ADC_DelSig_1_Ext_CP_Clk.o)
 .debug_aranges
                0x00000b90       0x80 .\ARM_GCC_541\Debug\Proj06_freefly_uart_control_test_gps.a(ADC_DelSig_1_theACLK.o)
 .debug_aranges
                0x00000c10       0x70 .\ARM_GCC_541\Debug\Proj06_freefly_uart_control_test_gps.a(UART_1_IntClock.o)
 .debug_aranges
                0x00000c80      0x2a0 .\ARM_GCC_541\Debug\Proj06_freefly_uart_control_test_gps.a(CyLib.o)
 .debug_aranges
                0x00000f20       0x98 .\ARM_GCC_541\Debug\Proj06_freefly_uart_control_test_gps.a(cyPm.o)
 .debug_aranges
                0x00000fb8       0x20 .\ARM_GCC_541\Debug\Proj06_freefly_uart_control_test_gps.a(CyBootAsmGnu.o)
 .debug_aranges
                0x00000fd8       0x88 .\ARM_GCC_541\Debug\Proj06_freefly_uart_control_test_gps.a(CyFlash.o)
 .debug_aranges
                0x00001060       0x80 .\ARM_GCC_541\Debug\Proj06_freefly_uart_control_test_gps.a(CySpc.o)

.debug_pubnames
 *(.debug_pubnames)

.debug_info     0x00000000     0x9811
 *(.debug_info .gnu.linkonce.wi.*)
 .debug_info    0x00000000      0xc89 .\ARM_GCC_541\Debug\main.o
 .debug_info    0x00000c89      0x242 .\ARM_GCC_541\Debug\adc_balanced.o
 .debug_info    0x00000ecb      0x5ec .\ARM_GCC_541\Debug\joystick.o
 .debug_info    0x000014b7      0x23c .\ARM_GCC_541\Debug\movi_rb.o
 .debug_info    0x000016f3      0xeec .\ARM_GCC_541\Debug\movi_comm.o
 .debug_info    0x000025df      0xf3e .\ARM_GCC_541\Debug\QX_Parsing_Functions.o
 .debug_info    0x0000351d      0xd30 .\ARM_GCC_541\Debug\QX_Protocol.o
 .debug_info    0x0000424d      0x8bb .\ARM_GCC_541\Debug\QX_Protocol_App.o
 .debug_info    0x00004b08      0x196 .\ARM_GCC_541\Debug\simple_buffer.o
 .debug_info    0x00004c9e      0x59a .\ARM_GCC_541\Debug\cyfitter_cfg.o
 .debug_info    0x00005238      0x138 .\ARM_GCC_541\Debug\cymetadata.o
 .debug_info    0x00005370      0x32b .\ARM_GCC_541\Debug\Cm3Start.o
 .debug_info    0x0000569b      0x72c .\ARM_GCC_541\Debug\Proj06_freefly_uart_control_test_gps.a(ADC_DelSig_1.o)
 .debug_info    0x00005dc7       0xd3 .\ARM_GCC_541\Debug\Proj06_freefly_uart_control_test_gps.a(ADC_DelSig_1_INT.o)
 .debug_info    0x00005e9a      0x50a .\ARM_GCC_541\Debug\Proj06_freefly_uart_control_test_gps.a(UART_1.o)
 .debug_info    0x000063a4       0xf7 .\ARM_GCC_541\Debug\Proj06_freefly_uart_control_test_gps.a(AMux_1.o)
 .debug_info    0x0000649b      0x241 .\ARM_GCC_541\Debug\Proj06_freefly_uart_control_test_gps.a(isr_adc.o)
 .debug_info    0x000066dc      0x50a .\ARM_GCC_541\Debug\Proj06_freefly_uart_control_test_gps.a(UART_MOVI.o)
 .debug_info    0x00006be6      0x241 .\ARM_GCC_541\Debug\Proj06_freefly_uart_control_test_gps.a(isr_rx_movi.o)
 .debug_info    0x00006e27      0x245 .\ARM_GCC_541\Debug\Proj06_freefly_uart_control_test_gps.a(Looptimer.o)
 .debug_info    0x0000706c      0x241 .\ARM_GCC_541\Debug\Proj06_freefly_uart_control_test_gps.a(isr_Looptimer.o)
 .debug_info    0x000072ad      0x10a .\ARM_GCC_541\Debug\Proj06_freefly_uart_control_test_gps.a(ADC_DelSig_1_AMux.o)
 .debug_info    0x000073b7      0x25d .\ARM_GCC_541\Debug\Proj06_freefly_uart_control_test_gps.a(ADC_DelSig_1_Ext_CP_Clk.o)
 .debug_info    0x00007614      0x299 .\ARM_GCC_541\Debug\Proj06_freefly_uart_control_test_gps.a(ADC_DelSig_1_theACLK.o)
 .debug_info    0x000078ad      0x25d .\ARM_GCC_541\Debug\Proj06_freefly_uart_control_test_gps.a(UART_1_IntClock.o)
 .debug_info    0x00007b0a      0xe51 .\ARM_GCC_541\Debug\Proj06_freefly_uart_control_test_gps.a(CyLib.o)
 .debug_info    0x0000895b      0x57a .\ARM_GCC_541\Debug\Proj06_freefly_uart_control_test_gps.a(cyPm.o)
 .debug_info    0x00008ed5       0xc3 .\ARM_GCC_541\Debug\Proj06_freefly_uart_control_test_gps.a(CyBootAsmGnu.o)
 .debug_info    0x00008f98      0x3b9 .\ARM_GCC_541\Debug\Proj06_freefly_uart_control_test_gps.a(CyFlash.o)
 .debug_info    0x00009351      0x4c0 .\ARM_GCC_541\Debug\Proj06_freefly_uart_control_test_gps.a(CySpc.o)

.debug_abbrev   0x00000000     0x270c
 *(.debug_abbrev)
 .debug_abbrev  0x00000000      0x204 .\ARM_GCC_541\Debug\main.o
 .debug_abbrev  0x00000204      0x143 .\ARM_GCC_541\Debug\adc_balanced.o
 .debug_abbrev  0x00000347      0x1df .\ARM_GCC_541\Debug\joystick.o
 .debug_abbrev  0x00000526      0x124 .\ARM_GCC_541\Debug\movi_rb.o
 .debug_abbrev  0x0000064a      0x224 .\ARM_GCC_541\Debug\movi_comm.o
 .debug_abbrev  0x0000086e      0x1a7 .\ARM_GCC_541\Debug\QX_Parsing_Functions.o
 .debug_abbrev  0x00000a15      0x1d0 .\ARM_GCC_541\Debug\QX_Protocol.o
 .debug_abbrev  0x00000be5      0x1d8 .\ARM_GCC_541\Debug\QX_Protocol_App.o
 .debug_abbrev  0x00000dbd       0xc4 .\ARM_GCC_541\Debug\simple_buffer.o
 .debug_abbrev  0x00000e81      0x1ca .\ARM_GCC_541\Debug\cyfitter_cfg.o
 .debug_abbrev  0x0000104b       0x77 .\ARM_GCC_541\Debug\cymetadata.o
 .debug_abbrev  0x000010c2      0x1d6 .\ARM_GCC_541\Debug\Cm3Start.o
 .debug_abbrev  0x00001298      0x19d .\ARM_GCC_541\Debug\Proj06_freefly_uart_control_test_gps.a(ADC_DelSig_1.o)
 .debug_abbrev  0x00001435       0x42 .\ARM_GCC_541\Debug\Proj06_freefly_uart_control_test_gps.a(ADC_DelSig_1_INT.o)
 .debug_abbrev  0x00001477      0x163 .\ARM_GCC_541\Debug\Proj06_freefly_uart_control_test_gps.a(UART_1.o)
 .debug_abbrev  0x000015da       0x87 .\ARM_GCC_541\Debug\Proj06_freefly_uart_control_test_gps.a(AMux_1.o)
 .debug_abbrev  0x00001661      0x172 .\ARM_GCC_541\Debug\Proj06_freefly_uart_control_test_gps.a(isr_adc.o)
 .debug_abbrev  0x000017d3      0x163 .\ARM_GCC_541\Debug\Proj06_freefly_uart_control_test_gps.a(UART_MOVI.o)
 .debug_abbrev  0x00001936      0x172 .\ARM_GCC_541\Debug\Proj06_freefly_uart_control_test_gps.a(isr_rx_movi.o)
 .debug_abbrev  0x00001aa8       0xe9 .\ARM_GCC_541\Debug\Proj06_freefly_uart_control_test_gps.a(Looptimer.o)
 .debug_abbrev  0x00001b91      0x172 .\ARM_GCC_541\Debug\Proj06_freefly_uart_control_test_gps.a(isr_Looptimer.o)
 .debug_abbrev  0x00001d03       0x6f .\ARM_GCC_541\Debug\Proj06_freefly_uart_control_test_gps.a(ADC_DelSig_1_AMux.o)
 .debug_abbrev  0x00001d72      0x11d .\ARM_GCC_541\Debug\Proj06_freefly_uart_control_test_gps.a(ADC_DelSig_1_Ext_CP_Clk.o)
 .debug_abbrev  0x00001e8f      0x11d .\ARM_GCC_541\Debug\Proj06_freefly_uart_control_test_gps.a(ADC_DelSig_1_theACLK.o)
 .debug_abbrev  0x00001fac      0x11d .\ARM_GCC_541\Debug\Proj06_freefly_uart_control_test_gps.a(UART_1_IntClock.o)
 .debug_abbrev  0x000020c9      0x217 .\ARM_GCC_541\Debug\Proj06_freefly_uart_control_test_gps.a(CyLib.o)
 .debug_abbrev  0x000022e0      0x161 .\ARM_GCC_541\Debug\Proj06_freefly_uart_control_test_gps.a(cyPm.o)
 .debug_abbrev  0x00002441       0x14 .\ARM_GCC_541\Debug\Proj06_freefly_uart_control_test_gps.a(CyBootAsmGnu.o)
 .debug_abbrev  0x00002455      0x14b .\ARM_GCC_541\Debug\Proj06_freefly_uart_control_test_gps.a(CyFlash.o)
 .debug_abbrev  0x000025a0      0x16c .\ARM_GCC_541\Debug\Proj06_freefly_uart_control_test_gps.a(CySpc.o)

.debug_line     0x00000000     0x4ed4
 *(.debug_line)
 .debug_line    0x00000000      0x479 .\ARM_GCC_541\Debug\main.o
 .debug_line    0x00000479      0x224 .\ARM_GCC_541\Debug\adc_balanced.o
 .debug_line    0x0000069d      0x3d2 .\ARM_GCC_541\Debug\joystick.o
 .debug_line    0x00000a6f      0x1c8 .\ARM_GCC_541\Debug\movi_rb.o
 .debug_line    0x00000c37      0x39e .\ARM_GCC_541\Debug\movi_comm.o
 .debug_line    0x00000fd5      0x815 .\ARM_GCC_541\Debug\QX_Parsing_Functions.o
 .debug_line    0x000017ea      0x50c .\ARM_GCC_541\Debug\QX_Protocol.o
 .debug_line    0x00001cf6      0x46b .\ARM_GCC_541\Debug\QX_Protocol_App.o
 .debug_line    0x00002161      0x15c .\ARM_GCC_541\Debug\simple_buffer.o
 .debug_line    0x000022bd      0x27a .\ARM_GCC_541\Debug\cyfitter_cfg.o
 .debug_line    0x00002537      0x141 .\ARM_GCC_541\Debug\cymetadata.o
 .debug_line    0x00002678      0x1dc .\ARM_GCC_541\Debug\Cm3Start.o
 .debug_line    0x00002854      0x365 .\ARM_GCC_541\Debug\Proj06_freefly_uart_control_test_gps.a(ADC_DelSig_1.o)
 .debug_line    0x00002bb9       0x95 .\ARM_GCC_541\Debug\Proj06_freefly_uart_control_test_gps.a(ADC_DelSig_1_INT.o)
 .debug_line    0x00002c4e      0x2e4 .\ARM_GCC_541\Debug\Proj06_freefly_uart_control_test_gps.a(UART_1.o)
 .debug_line    0x00002f32       0x9b .\ARM_GCC_541\Debug\Proj06_freefly_uart_control_test_gps.a(AMux_1.o)
 .debug_line    0x00002fcd      0x142 .\ARM_GCC_541\Debug\Proj06_freefly_uart_control_test_gps.a(isr_adc.o)
 .debug_line    0x0000310f      0x2e7 .\ARM_GCC_541\Debug\Proj06_freefly_uart_control_test_gps.a(UART_MOVI.o)
 .debug_line    0x000033f6      0x156 .\ARM_GCC_541\Debug\Proj06_freefly_uart_control_test_gps.a(isr_rx_movi.o)
 .debug_line    0x0000354c      0x161 .\ARM_GCC_541\Debug\Proj06_freefly_uart_control_test_gps.a(Looptimer.o)
 .debug_line    0x000036ad      0x158 .\ARM_GCC_541\Debug\Proj06_freefly_uart_control_test_gps.a(isr_Looptimer.o)
 .debug_line    0x00003805       0xa6 .\ARM_GCC_541\Debug\Proj06_freefly_uart_control_test_gps.a(ADC_DelSig_1_AMux.o)
 .debug_line    0x000038ab      0x1b6 .\ARM_GCC_541\Debug\Proj06_freefly_uart_control_test_gps.a(ADC_DelSig_1_Ext_CP_Clk.o)
 .debug_line    0x00003a61      0x1d7 .\ARM_GCC_541\Debug\Proj06_freefly_uart_control_test_gps.a(ADC_DelSig_1_theACLK.o)
 .debug_line    0x00003c38      0x1ae .\ARM_GCC_541\Debug\Proj06_freefly_uart_control_test_gps.a(UART_1_IntClock.o)
 .debug_line    0x00003de6      0x883 .\ARM_GCC_541\Debug\Proj06_freefly_uart_control_test_gps.a(CyLib.o)
 .debug_line    0x00004669      0x38e .\ARM_GCC_541\Debug\Proj06_freefly_uart_control_test_gps.a(cyPm.o)
 .debug_line    0x000049f7       0x7d .\ARM_GCC_541\Debug\Proj06_freefly_uart_control_test_gps.a(CyBootAsmGnu.o)
 .debug_line    0x00004a74      0x22f .\ARM_GCC_541\Debug\Proj06_freefly_uart_control_test_gps.a(CyFlash.o)
 .debug_line    0x00004ca3      0x231 .\ARM_GCC_541\Debug\Proj06_freefly_uart_control_test_gps.a(CySpc.o)

.debug_frame    0x00000000     0x4b20
 *(.debug_frame)
 .debug_frame   0x00000000      0x17c .\ARM_GCC_541\Debug\main.o
 .debug_frame   0x0000017c      0x114 .\ARM_GCC_541\Debug\adc_balanced.o
 .debug_frame   0x00000290      0x298 .\ARM_GCC_541\Debug\joystick.o
 .debug_frame   0x00000528      0x100 .\ARM_GCC_541\Debug\movi_rb.o
 .debug_frame   0x00000628      0x2c0 .\ARM_GCC_541\Debug\movi_comm.o
 .debug_frame   0x000008e8      0x680 .\ARM_GCC_541\Debug\QX_Parsing_Functions.o
 .debug_frame   0x00000f68      0x448 .\ARM_GCC_541\Debug\QX_Protocol.o
 .debug_frame   0x000013b0       0xf0 .\ARM_GCC_541\Debug\QX_Protocol_App.o
 .debug_frame   0x000014a0       0x60 .\ARM_GCC_541\Debug\simple_buffer.o
 .debug_frame   0x00001500      0x20c .\ARM_GCC_541\Debug\cyfitter_cfg.o
 .debug_frame   0x0000170c       0xd8 .\ARM_GCC_541\Debug\Cm3Start.o
 .debug_frame   0x000017e4      0x40c .\ARM_GCC_541\Debug\Proj06_freefly_uart_control_test_gps.a(ADC_DelSig_1.o)
 .debug_frame   0x00001bf0       0xa0 .\ARM_GCC_541\Debug\Proj06_freefly_uart_control_test_gps.a(ADC_DelSig_1_INT.o)
 .debug_frame   0x00001c90      0x42c .\ARM_GCC_541\Debug\Proj06_freefly_uart_control_test_gps.a(UART_1.o)
 .debug_frame   0x000020bc       0x7c .\ARM_GCC_541\Debug\Proj06_freefly_uart_control_test_gps.a(AMux_1.o)
 .debug_frame   0x00002138      0x1e8 .\ARM_GCC_541\Debug\Proj06_freefly_uart_control_test_gps.a(isr_adc.o)
 .debug_frame   0x00002320      0x42c .\ARM_GCC_541\Debug\Proj06_freefly_uart_control_test_gps.a(UART_MOVI.o)
 .debug_frame   0x0000274c      0x1e8 .\ARM_GCC_541\Debug\Proj06_freefly_uart_control_test_gps.a(isr_rx_movi.o)
 .debug_frame   0x00002934      0x208 .\ARM_GCC_541\Debug\Proj06_freefly_uart_control_test_gps.a(Looptimer.o)
 .debug_frame   0x00002b3c      0x1e8 .\ARM_GCC_541\Debug\Proj06_freefly_uart_control_test_gps.a(isr_Looptimer.o)
 .debug_frame   0x00002d24       0x88 .\ARM_GCC_541\Debug\Proj06_freefly_uart_control_test_gps.a(ADC_DelSig_1_AMux.o)
 .debug_frame   0x00002dac      0x1b4 .\ARM_GCC_541\Debug\Proj06_freefly_uart_control_test_gps.a(ADC_DelSig_1_Ext_CP_Clk.o)
 .debug_frame   0x00002f60      0x200 .\ARM_GCC_541\Debug\Proj06_freefly_uart_control_test_gps.a(ADC_DelSig_1_theACLK.o)
 .debug_frame   0x00003160      0x1b4 .\ARM_GCC_541\Debug\Proj06_freefly_uart_control_test_gps.a(UART_1_IntClock.o)
 .debug_frame   0x00003314      0xc0c .\ARM_GCC_541\Debug\Proj06_freefly_uart_control_test_gps.a(CyLib.o)
 .debug_frame   0x00003f20      0x234 .\ARM_GCC_541\Debug\Proj06_freefly_uart_control_test_gps.a(cyPm.o)
 .debug_frame   0x00004154      0x238 .\ARM_GCC_541\Debug\Proj06_freefly_uart_control_test_gps.a(CyFlash.o)
 .debug_frame   0x0000438c      0x228 .\ARM_GCC_541\Debug\Proj06_freefly_uart_control_test_gps.a(CySpc.o)
 .debug_frame   0x000045b4       0x3c c:/program files (x86)/cypress/psoc creator/4.4/psoc creator/import/gnu/arm/5.4.1/bin/../lib/gcc/arm-none-eabi/5.4.1/../../../../arm-none-eabi/lib/armv7-m\libm.a(lib_a-wf_asin.o)
 .debug_frame   0x000045f0       0x20 c:/program files (x86)/cypress/psoc creator/4.4/psoc creator/import/gnu/arm/5.4.1/bin/../lib/gcc/arm-none-eabi/5.4.1/../../../../arm-none-eabi/lib/armv7-m\libm.a(lib_a-wf_atan2.o)
 .debug_frame   0x00004610       0x34 c:/program files (x86)/cypress/psoc creator/4.4/psoc creator/import/gnu/arm/5.4.1/bin/../lib/gcc/arm-none-eabi/5.4.1/../../../../arm-none-eabi/lib/armv7-m\libm.a(lib_a-ef_asin.o)
 .debug_frame   0x00004644       0x3c c:/program files (x86)/cypress/psoc creator/4.4/psoc creator/import/gnu/arm/5.4.1/bin/../lib/gcc/arm-none-eabi/5.4.1/../../../../arm-none-eabi/lib/armv7-m\libm.a(lib_a-ef_atan2.o)
 .debug_frame   0x00004680       0x2c c:/program files (x86)/cypress/psoc creator/4.4/psoc creator/import/gnu/arm/5.4.1/bin/../lib/gcc/arm-none-eabi/5.4.1/../../../../arm-none-eabi/lib/armv7-m\libm.a(lib_a-ef_sqrt.o)
 .debug_frame   0x000046ac       0x20 c:/program files (x86)/cypress/psoc creator/4.4/psoc creator/import/gnu/arm/5.4.1/bin/../lib/gcc/arm-none-eabi/5.4.1/../../../../arm-none-eabi/lib/armv7-m\libm.a(lib_a-s_matherr.o)
 .debug_frame   0x000046cc       0x20 c:/program files (x86)/cypress/psoc creator/4.4/psoc creator/import/gnu/arm/5.4.1/bin/../lib/gcc/arm-none-eabi/5.4.1/../../../../arm-none-eabi/lib/armv7-m\libm.a(lib_a-s_nan.o)
 .debug_frame   0x000046ec       0x30 c:/program files (x86)/cypress/psoc creator/4.4/psoc creator/import/gnu/arm/5.4.1/bin/../lib/gcc/arm-none-eabi/5.4.1/../../../../arm-none-eabi/lib/armv7-m\libm.a(lib_a-sf_atan.o)
 .debug_frame   0x0000471c       0x20 c:/program files (x86)/cypress/psoc creator/4.4/psoc creator/import/gnu/arm/5.4.1/bin/../lib/gcc/arm-none-eabi/5.4.1/../../../../arm-none-eabi/lib/armv7-m\libm.a(lib_a-sf_fabs.o)
 .debug_frame   0x0000473c       0x20 c:/program files (x86)/cypress/psoc creator/4.4/psoc creator/import/gnu/arm/5.4.1/bin/../lib/gcc/arm-none-eabi/5.4.1/../../../../arm-none-eabi/lib/armv7-m\libg_nano.a(lib_a-errno.o)
 .debug_frame   0x0000475c       0x28 c:/program files (x86)/cypress/psoc creator/4.4/psoc creator/import/gnu/arm/5.4.1/bin/../lib/gcc/arm-none-eabi/5.4.1/../../../../arm-none-eabi/lib/armv7-m\libg_nano.a(lib_a-exit.o)
 .debug_frame   0x00004784       0x2c c:/program files (x86)/cypress/psoc creator/4.4/psoc creator/import/gnu/arm/5.4.1/bin/../lib/gcc/arm-none-eabi/5.4.1/../../../../arm-none-eabi/lib/armv7-m\libg_nano.a(lib_a-init.o)
 .debug_frame   0x000047b0       0x28 c:/program files (x86)/cypress/psoc creator/4.4/psoc creator/import/gnu/arm/5.4.1/bin/../lib/gcc/arm-none-eabi/5.4.1/../../../../arm-none-eabi/lib/armv7-m\libg_nano.a(lib_a-memcpy-stub.o)
 .debug_frame   0x000047d8       0x20 c:/program files (x86)/cypress/psoc creator/4.4/psoc creator/import/gnu/arm/5.4.1/bin/../lib/gcc/arm-none-eabi/5.4.1/../../../../arm-none-eabi/lib/armv7-m\libg_nano.a(lib_a-memset.o)
 .debug_frame   0x000047f8       0x70 c:/program files (x86)/cypress/psoc creator/4.4/psoc creator/import/gnu/arm/5.4.1/bin/../lib/gcc/arm-none-eabi/5.4.1/../../../../arm-none-eabi/lib/armv7-m\libg_nano.a(lib_a-sprintf.o)
 .debug_frame   0x00004868       0x90 c:/program files (x86)/cypress/psoc creator/4.4/psoc creator/import/gnu/arm/5.4.1/bin/../lib/gcc/arm-none-eabi/5.4.1/../../../../arm-none-eabi/lib/armv7-m\libg_nano.a(lib_a-nano-svfprintf.o)
 .debug_frame   0x000048f8       0x60 c:/program files (x86)/cypress/psoc creator/4.4/psoc creator/import/gnu/arm/5.4.1/bin/../lib/gcc/arm-none-eabi/5.4.1/../../../../arm-none-eabi/lib/armv7-m\libg_nano.a(lib_a-nano-vfprintf_i.o)
 .debug_frame   0x00004958       0x28 c:/program files (x86)/cypress/psoc creator/4.4/psoc creator/import/gnu/arm/5.4.1/bin/../lib/gcc/arm-none-eabi/5.4.1/../../../../arm-none-eabi/lib/armv7-m\libg_nano.a(lib_a-memchr-stub.o)
 .debug_frame   0x00004980       0x28 c:/program files (x86)/cypress/psoc creator/4.4/psoc creator/import/gnu/arm/5.4.1/bin/../lib/gcc/arm-none-eabi/5.4.1/../../../../arm-none-eabi/lib/armv7-m\libg_nano.a(lib_a-memmove.o)
 .debug_frame   0x000049a8       0x38 c:/program files (x86)/cypress/psoc creator/4.4/psoc creator/import/gnu/arm/5.4.1/bin/../lib/gcc/arm-none-eabi/5.4.1/../../../../arm-none-eabi/lib/armv7-m\libg_nano.a(lib_a-nano-freer.o)
 .debug_frame   0x000049e0       0x2c c:/program files (x86)/cypress/psoc creator/4.4/psoc creator/import/gnu/arm/5.4.1/bin/../lib/gcc/arm-none-eabi/5.4.1/../../../../arm-none-eabi/lib/armv7-m\libg_nano.a(lib_a-nano-mallocr.o)
 .debug_frame   0x00004a0c       0x3c c:/program files (x86)/cypress/psoc creator/4.4/psoc creator/import/gnu/arm/5.4.1/bin/../lib/gcc/arm-none-eabi/5.4.1/../../../../arm-none-eabi/lib/armv7-m\libg_nano.a(lib_a-nano-reallocr.o)
 .debug_frame   0x00004a48       0x2c c:/program files (x86)/cypress/psoc creator/4.4/psoc creator/import/gnu/arm/5.4.1/bin/../lib/gcc/arm-none-eabi/5.4.1/../../../../arm-none-eabi/lib/armv7-m\libg_nano.a(lib_a-sbrkr.o)
 .debug_frame   0x00004a74       0x30 c:/program files (x86)/cypress/psoc creator/4.4/psoc creator/import/gnu/arm/5.4.1/bin/../lib/gcc/arm-none-eabi/5.4.1/../../../../arm-none-eabi/lib/armv7-m\libg_nano.a(lib_a-mlock.o)
 .debug_frame   0x00004aa4       0x20 c:/program files (x86)/cypress/psoc creator/4.4/psoc creator/import/gnu/arm/5.4.1/bin/../lib/gcc/arm-none-eabi/5.4.1/../../../../arm-none-eabi/lib/armv7-m\libg_nano.a(lib_a-nano-msizer.o)
 .debug_frame   0x00004ac4       0x5c c:/program files (x86)/cypress/psoc creator/4.4/psoc creator/import/gnu/arm/5.4.1/bin/../lib/gcc/arm-none-eabi/5.4.1/../../../../arm-none-eabi/lib/armv7-m\libg_nano.a(lib_a-reent.o)

.debug_str      0x00000000     0x4536
 *(.debug_str)
 .debug_str     0x00000000      0x6cd .\ARM_GCC_541\Debug\main.o
                                0x79b (size before relaxing)
 .debug_str     0x000006cd       0xeb .\ARM_GCC_541\Debug\adc_balanced.o
                                0x2d1 (size before relaxing)
 .debug_str     0x000007b8      0x1c5 .\ARM_GCC_541\Debug\joystick.o
                                0x46a (size before relaxing)
 .debug_str     0x0000097d       0x54 .\ARM_GCC_541\Debug\movi_rb.o
                                0x229 (size before relaxing)
 .debug_str     0x000009d1      0xa5f .\ARM_GCC_541\Debug\movi_comm.o
                                0xec0 (size before relaxing)
 .debug_str     0x00001430      0x4ba .\ARM_GCC_541\Debug\QX_Parsing_Functions.o
                                0x6dd (size before relaxing)
 .debug_str     0x000018ea      0x3ee .\ARM_GCC_541\Debug\QX_Protocol.o
                                0xaaa (size before relaxing)
 .debug_str     0x00001cd8      0x11b .\ARM_GCC_541\Debug\QX_Protocol_App.o
                                0xb02 (size before relaxing)
 .debug_str     0x00001df3       0x33 .\ARM_GCC_541\Debug\simple_buffer.o
                                0x204 (size before relaxing)
 .debug_str     0x00001e26      0x237 .\ARM_GCC_541\Debug\cyfitter_cfg.o
                                0x417 (size before relaxing)
 .debug_str     0x0000205d       0x75 .\ARM_GCC_541\Debug\cymetadata.o
                                0x217 (size before relaxing)
 .debug_str     0x000020d2      0x11e .\ARM_GCC_541\Debug\Cm3Start.o
                                0x30a (size before relaxing)
 .debug_str     0x000021f0      0x42f .\ARM_GCC_541\Debug\Proj06_freefly_uart_control_test_gps.a(ADC_DelSig_1.o)
                                0x656 (size before relaxing)
 .debug_str     0x0000261f       0x72 .\ARM_GCC_541\Debug\Proj06_freefly_uart_control_test_gps.a(ADC_DelSig_1_INT.o)
                                0x220 (size before relaxing)
 .debug_str     0x00002691      0x299 .\ARM_GCC_541\Debug\Proj06_freefly_uart_control_test_gps.a(UART_1.o)
                                0x48e (size before relaxing)
 .debug_str     0x0000292a       0x6c .\ARM_GCC_541\Debug\Proj06_freefly_uart_control_test_gps.a(AMux_1.o)
                                0x213 (size before relaxing)
 .debug_str     0x00002996      0x11a .\ARM_GCC_541\Debug\Proj06_freefly_uart_control_test_gps.a(isr_adc.o)
                                0x2f5 (size before relaxing)
 .debug_str     0x00002ab0      0x291 .\ARM_GCC_541\Debug\Proj06_freefly_uart_control_test_gps.a(UART_MOVI.o)
                                0x4e5 (size before relaxing)
 .debug_str     0x00002d41      0x13a .\ARM_GCC_541\Debug\Proj06_freefly_uart_control_test_gps.a(isr_rx_movi.o)
                                0x32d (size before relaxing)
 .debug_str     0x00002e7b      0x16a .\ARM_GCC_541\Debug\Proj06_freefly_uart_control_test_gps.a(Looptimer.o)
                                0x368 (size before relaxing)
 .debug_str     0x00002fe5      0x156 .\ARM_GCC_541\Debug\Proj06_freefly_uart_control_test_gps.a(isr_Looptimer.o)
                                0x349 (size before relaxing)
 .debug_str     0x0000313b       0x97 .\ARM_GCC_541\Debug\Proj06_freefly_uart_control_test_gps.a(ADC_DelSig_1_AMux.o)
                                0x243 (size before relaxing)
 .debug_str     0x000031d2      0x21a .\ARM_GCC_541\Debug\Proj06_freefly_uart_control_test_gps.a(ADC_DelSig_1_Ext_CP_Clk.o)
                                0x3e1 (size before relaxing)
 .debug_str     0x000033ec      0x208 .\ARM_GCC_541\Debug\Proj06_freefly_uart_control_test_gps.a(ADC_DelSig_1_theACLK.o)
                                0x412 (size before relaxing)
 .debug_str     0x000035f4      0x177 .\ARM_GCC_541\Debug\Proj06_freefly_uart_control_test_gps.a(UART_1_IntClock.o)
                                0x381 (size before relaxing)
 .debug_str     0x0000376b      0x7de .\ARM_GCC_541\Debug\Proj06_freefly_uart_control_test_gps.a(CyLib.o)
                                0xa1d (size before relaxing)
 .debug_str     0x00003f49      0x371 .\ARM_GCC_541\Debug\Proj06_freefly_uart_control_test_gps.a(cyPm.o)
                                0x576 (size before relaxing)
 .debug_str     0x000042ba      0x14f .\ARM_GCC_541\Debug\Proj06_freefly_uart_control_test_gps.a(CyFlash.o)
                                0x33a (size before relaxing)
 .debug_str     0x00004409      0x12d .\ARM_GCC_541\Debug\Proj06_freefly_uart_control_test_gps.a(CySpc.o)
                                0x334 (size before relaxing)

.debug_loc
 *(.debug_loc)

.debug_macinfo
 *(.debug_macinfo)

.debug_ranges   0x00000000      0xee8
 *(.debug_ranges)
 .debug_ranges  0x00000000       0x50 .\ARM_GCC_541\Debug\main.o
 .debug_ranges  0x00000050       0x40 .\ARM_GCC_541\Debug\adc_balanced.o
 .debug_ranges  0x00000090       0x88 .\ARM_GCC_541\Debug\joystick.o
 .debug_ranges  0x00000118       0x38 .\ARM_GCC_541\Debug\movi_rb.o
 .debug_ranges  0x00000150       0x88 .\ARM_GCC_541\Debug\movi_comm.o
 .debug_ranges  0x000001d8      0x150 .\ARM_GCC_541\Debug\QX_Parsing_Functions.o
 .debug_ranges  0x00000328       0xd0 .\ARM_GCC_541\Debug\QX_Protocol.o
 .debug_ranges  0x000003f8       0x38 .\ARM_GCC_541\Debug\QX_Protocol_App.o
 .debug_ranges  0x00000430       0x18 .\ARM_GCC_541\Debug\simple_buffer.o
 .debug_ranges  0x00000448       0x70 .\ARM_GCC_541\Debug\cyfitter_cfg.o
 .debug_ranges  0x000004b8       0x38 .\ARM_GCC_541\Debug\Cm3Start.o
 .debug_ranges  0x000004f0       0xd8 .\ARM_GCC_541\Debug\Proj06_freefly_uart_control_test_gps.a(ADC_DelSig_1.o)
 .debug_ranges  0x000005c8       0x28 .\ARM_GCC_541\Debug\Proj06_freefly_uart_control_test_gps.a(ADC_DelSig_1_INT.o)
 .debug_ranges  0x000005f0       0xe0 .\ARM_GCC_541\Debug\Proj06_freefly_uart_control_test_gps.a(UART_1.o)
 .debug_ranges  0x000006d0       0x20 .\ARM_GCC_541\Debug\Proj06_freefly_uart_control_test_gps.a(AMux_1.o)
 .debug_ranges  0x000006f0       0x70 .\ARM_GCC_541\Debug\Proj06_freefly_uart_control_test_gps.a(isr_adc.o)
 .debug_ranges  0x00000760       0xe0 .\ARM_GCC_541\Debug\Proj06_freefly_uart_control_test_gps.a(UART_MOVI.o)
 .debug_ranges  0x00000840       0x70 .\ARM_GCC_541\Debug\Proj06_freefly_uart_control_test_gps.a(isr_rx_movi.o)
 .debug_ranges  0x000008b0       0x78 .\ARM_GCC_541\Debug\Proj06_freefly_uart_control_test_gps.a(Looptimer.o)
 .debug_ranges  0x00000928       0x70 .\ARM_GCC_541\Debug\Proj06_freefly_uart_control_test_gps.a(isr_Looptimer.o)
 .debug_ranges  0x00000998       0x20 .\ARM_GCC_541\Debug\Proj06_freefly_uart_control_test_gps.a(ADC_DelSig_1_AMux.o)
 .debug_ranges  0x000009b8       0x60 .\ARM_GCC_541\Debug\Proj06_freefly_uart_control_test_gps.a(ADC_DelSig_1_Ext_CP_Clk.o)
 .debug_ranges  0x00000a18       0x70 .\ARM_GCC_541\Debug\Proj06_freefly_uart_control_test_gps.a(ADC_DelSig_1_theACLK.o)
 .debug_ranges  0x00000a88       0x60 .\ARM_GCC_541\Debug\Proj06_freefly_uart_control_test_gps.a(UART_1_IntClock.o)
 .debug_ranges  0x00000ae8      0x290 .\ARM_GCC_541\Debug\Proj06_freefly_uart_control_test_gps.a(CyLib.o)
 .debug_ranges  0x00000d78       0x88 .\ARM_GCC_541\Debug\Proj06_freefly_uart_control_test_gps.a(cyPm.o)
 .debug_ranges  0x00000e00       0x78 .\ARM_GCC_541\Debug\Proj06_freefly_uart_control_test_gps.a(CyFlash.o)
 .debug_ranges  0x00000e78       0x70 .\ARM_GCC_541\Debug\Proj06_freefly_uart_control_test_gps.a(CySpc.o)

.comment        0x00000000       0x6e
 .comment       0x00000000       0x6e .\ARM_GCC_541\Debug\main.o
                                 0x6f (size before relaxing)
 .comment       0x0000006e       0x6f .\ARM_GCC_541\Debug\adc_balanced.o
 .comment       0x0000006e       0x6f .\ARM_GCC_541\Debug\joystick.o
 .comment       0x0000006e       0x6f .\ARM_GCC_541\Debug\movi_rb.o
 .comment       0x0000006e       0x6f .\ARM_GCC_541\Debug\movi_comm.o
 .comment       0x0000006e       0x6f .\ARM_GCC_541\Debug\QX_Parsing_Functions.o
 .comment       0x0000006e       0x6f .\ARM_GCC_541\Debug\QX_Protocol.o
 .comment       0x0000006e       0x6f .\ARM_GCC_541\Debug\QX_Protocol_App.o
 .comment       0x0000006e       0x6f .\ARM_GCC_541\Debug\simple_buffer.o
 .comment       0x0000006e       0x6f .\ARM_GCC_541\Debug\cyfitter_cfg.o
 .comment       0x0000006e       0x6f .\ARM_GCC_541\Debug\cymetadata.o
 .comment       0x0000006e       0x6f .\ARM_GCC_541\Debug\Cm3Start.o
 .comment       0x0000006e       0x6f .\ARM_GCC_541\Debug\Proj06_freefly_uart_control_test_gps.a(ADC_DelSig_1.o)
 .comment       0x0000006e       0x6f .\ARM_GCC_541\Debug\Proj06_freefly_uart_control_test_gps.a(ADC_DelSig_1_INT.o)
 .comment       0x0000006e       0x6f .\ARM_GCC_541\Debug\Proj06_freefly_uart_control_test_gps.a(UART_1.o)
 .comment       0x0000006e       0x6f .\ARM_GCC_541\Debug\Proj06_freefly_uart_control_test_gps.a(AMux_1.o)
 .comment       0x0000006e       0x6f .\ARM_GCC_541\Debug\Proj06_freefly_uart_control_test_gps.a(isr_adc.o)
 .comment       0x0000006e       0x6f .\ARM_GCC_541\Debug\Proj06_freefly_uart_control_test_gps.a(UART_MOVI.o)
 .comment       0x0000006e       0x6f .\ARM_GCC_541\Debug\Proj06_freefly_uart_control_test_gps.a(isr_rx_movi.o)
 .comment       0x0000006e       0x6f .\ARM_GCC_541\Debug\Proj06_freefly_uart_control_test_gps.a(Looptimer.o)
 .comment       0x0000006e       0x6f .\ARM_GCC_541\Debug\Proj06_freefly_uart_control_test_gps.a(isr_Looptimer.o)
 .comment       0x0000006e       0x6f .\ARM_GCC_541\Debug\Proj06_freefly_uart_control_test_gps.a(ADC_DelSig_1_AMux.o)
 .comment       0x0000006e       0x6f .\ARM_GCC_541\Debug\Proj06_freefly_uart_control_test_gps.a(ADC_DelSig_1_Ext_CP_Clk.o)
 .comment       0x0000006e       0x6f .\ARM_GCC_541\Debug\Proj06_freefly_uart_control_test_gps.a(ADC_DelSig_1_theACLK.o)
 .comment       0x0000006e       0x6f .\ARM_GCC_541\Debug\Proj06_freefly_uart_control_test_gps.a(UART_1_IntClock.o)
 .comment       0x0000006e       0x6f .\ARM_GCC_541\Debug\Proj06_freefly_uart_control_test_gps.a(CyLib.o)
 .comment       0x0000006e       0x6f .\ARM_GCC_541\Debug\Proj06_freefly_uart_control_test_gps.a(cyPm.o)
 .comment       0x0000006e       0x6f .\ARM_GCC_541\Debug\Proj06_freefly_uart_control_test_gps.a(CyFlash.o)
 .comment       0x0000006e       0x6f .\ARM_GCC_541\Debug\Proj06_freefly_uart_control_test_gps.a(CySpc.o)

.debug_weaknames
 *(.debug_weaknames)

.debug_funcnames
 *(.debug_funcnames)

.debug_typenames
 *(.debug_typenames)

.debug_varnames
 *(.debug_varnames)

.note.gnu.arm.ident
 *(.note.gnu.arm.ident)

.ARM.attributes
                0x00000000       0x29
 *(.ARM.attributes)
 .ARM.attributes
                0x00000000       0x1d c:/program files (x86)/cypress/psoc creator/4.4/psoc creator/import/gnu/arm/5.4.1/bin/../lib/gcc/arm-none-eabi/5.4.1/armv7-m/crti.o
 .ARM.attributes
                0x0000001d       0x2d c:/program files (x86)/cypress/psoc creator/4.4/psoc creator/import/gnu/arm/5.4.1/bin/../lib/gcc/arm-none-eabi/5.4.1/armv7-m/crtbegin.o
 .ARM.attributes
                0x0000004a       0x1b c:/program files (x86)/cypress/psoc creator/4.4/psoc creator/import/gnu/arm/5.4.1/bin/../lib/gcc/arm-none-eabi/5.4.1/../../../../arm-none-eabi/lib/armv7-m/crt0.o
 .ARM.attributes
                0x00000065       0x33 .\ARM_GCC_541\Debug\main.o
 .ARM.attributes
                0x00000098       0x33 .\ARM_GCC_541\Debug\adc_balanced.o
 .ARM.attributes
                0x000000cb       0x33 .\ARM_GCC_541\Debug\joystick.o
 .ARM.attributes