Archive member included to satisfy reference by file (symbol)

.\ARM_GCC_541\Debug\Proj06_freefly_hamflyAPI_integration.a(ADC_DelSig_1.o)
                              .\ARM_GCC_541\Debug\adc_balanced.o (ADC_DelSig_1_Start)
.\ARM_GCC_541\Debug\Proj06_freefly_hamflyAPI_integration.a(ADC_DelSig_1_INT.o)
                              .\ARM_GCC_541\Debug\Proj06_freefly_hamflyAPI_integration.a(ADC_DelSig_1.o) (ADC_DelSig_1_ISR1)
.\ARM_GCC_541\Debug\Proj06_freefly_hamflyAPI_integration.a(UART_1.o)
                              .\ARM_GCC_541\Debug\main.o (UART_1_Start)
.\ARM_GCC_541\Debug\Proj06_freefly_hamflyAPI_integration.a(AMux_1.o)
                              .\ARM_GCC_541\Debug\adc_balanced.o (AMux_1_Start)
.\ARM_GCC_541\Debug\Proj06_freefly_hamflyAPI_integration.a(isr_adc.o)
                              .\ARM_GCC_541\Debug\adc_balanced.o (isr_adc_StartEx)
.\ARM_GCC_541\Debug\Proj06_freefly_hamflyAPI_integration.a(UART_MOVI.o)
                              .\ARM_GCC_541\Debug\main.o (UART_MOVI_Start)
.\ARM_GCC_541\Debug\Proj06_freefly_hamflyAPI_integration.a(isr_rx_movi.o)
                              .\ARM_GCC_541\Debug\main.o (isr_rx_movi_StartEx)
.\ARM_GCC_541\Debug\Proj06_freefly_hamflyAPI_integration.a(Looptimer.o)
                              .\ARM_GCC_541\Debug\main.o (Looptimer_Start)
.\ARM_GCC_541\Debug\Proj06_freefly_hamflyAPI_integration.a(isr_Looptimer.o)
                              .\ARM_GCC_541\Debug\main.o (isr_Looptimer_StartEx)
.\ARM_GCC_541\Debug\Proj06_freefly_hamflyAPI_integration.a(Pin_Sensitivity.o)
                              .\ARM_GCC_541\Debug\main.o (Pin_Sensitivity_Read)
.\ARM_GCC_541\Debug\Proj06_freefly_hamflyAPI_integration.a(ADC_DelSig_1_AMux.o)
                              .\ARM_GCC_541\Debug\Proj06_freefly_hamflyAPI_integration.a(ADC_DelSig_1.o) (ADC_DelSig_1_AMux_Select)
.\ARM_GCC_541\Debug\Proj06_freefly_hamflyAPI_integration.a(ADC_DelSig_1_Ext_CP_Clk.o)
                              .\ARM_GCC_541\Debug\Proj06_freefly_hamflyAPI_integration.a(ADC_DelSig_1.o) (ADC_DelSig_1_Ext_CP_Clk_SetDividerRegister)
.\ARM_GCC_541\Debug\Proj06_freefly_hamflyAPI_integration.a(ADC_DelSig_1_theACLK.o)
                              .\ARM_GCC_541\Debug\Proj06_freefly_hamflyAPI_integration.a(ADC_DelSig_1.o) (ADC_DelSig_1_theACLK_SetDividerRegister)
.\ARM_GCC_541\Debug\Proj06_freefly_hamflyAPI_integration.a(UART_1_IntClock.o)
                              .\ARM_GCC_541\Debug\Proj06_freefly_hamflyAPI_integration.a(UART_1.o) (UART_1_IntClock_Start)
.\ARM_GCC_541\Debug\Proj06_freefly_hamflyAPI_integration.a(CyLib.o)
                              .\ARM_GCC_541\Debug\Cm3Start.o (CyResetStatus)
.\ARM_GCC_541\Debug\Proj06_freefly_hamflyAPI_integration.a(cyPm.o)
                              .\ARM_GCC_541\Debug\Proj06_freefly_hamflyAPI_integration.a(CyLib.o) (CyPmReadStatus)
.\ARM_GCC_541\Debug\Proj06_freefly_hamflyAPI_integration.a(EEPROM_CONFIG.o)
                              .\ARM_GCC_541\Debug\psoc_eeprom.o (EEPROM_CONFIG_Start)
.\ARM_GCC_541\Debug\Proj06_freefly_hamflyAPI_integration.a(CyBootAsmGnu.o)
                              .\ARM_GCC_541\Debug\cyfitter_cfg.o (CyDelayCycles)
.\ARM_GCC_541\Debug\Proj06_freefly_hamflyAPI_integration.a(CyFlash.o)
                              .\ARM_GCC_541\Debug\Proj06_freefly_hamflyAPI_integration.a(EEPROM_CONFIG.o) (dieTemperature)
.\ARM_GCC_541\Debug\Proj06_freefly_hamflyAPI_integration.a(CySpc.o)
                              .\ARM_GCC_541\Debug\Proj06_freefly_hamflyAPI_integration.a(EEPROM_CONFIG.o) (CySpcStart)
c:/program files (x86)/cypress/psoc creator/4.4/psoc creator/import/gnu/arm/5.4.1/bin/../lib/gcc/arm-none-eabi/5.4.1/../../../../arm-none-eabi/lib/armv7-m\libm.a(lib_a-s_cos.o)
                              .\ARM_GCC_541\Debug\hamfly_core_gimbal.o (cos)
c:/program files (x86)/cypress/psoc creator/4.4/psoc creator/import/gnu/arm/5.4.1/bin/../lib/gcc/arm-none-eabi/5.4.1/../../../../arm-none-eabi/lib/armv7-m\libm.a(lib_a-w_atan2.o)
                              .\ARM_GCC_541\Debug\hamfly_core_gimbal.o (atan2)
c:/program files (x86)/cypress/psoc creator/4.4/psoc creator/import/gnu/arm/5.4.1/bin/../lib/gcc/arm-none-eabi/5.4.1/../../../../arm-none-eabi/lib/armv7-m\libm.a(lib_a-w_sqrt.o)
                              .\ARM_GCC_541\Debug\hamfly_core_gimbal.o (sqrt)
c:/program files (x86)/cypress/psoc creator/4.4/psoc creator/import/gnu/arm/5.4.1/bin/../lib/gcc/arm-none-eabi/5.4.1/../../../../arm-none-eabi/lib/armv7-m\libm.a(lib_a-wf_asin.o)
                              .\ARM_GCC_541\Debug\main.o (asinf)
c:/program files (x86)/cypress/psoc creator/4.4/psoc creator/import/gnu/arm/5.4.1/bin/../lib/gcc/arm-none-eabi/5.4.1/../../../../arm-none-eabi/lib/armv7-m\libm.a(lib_a-wf_atan2.o)
                              .\ARM_GCC_541\Debug\main.o (atan2f)
c:/program files (x86)/cypress/psoc creator/4.4/psoc creator/import/gnu/arm/5.4.1/bin/../lib/gcc/arm-none-eabi/5.4.1/../../../../arm-none-eabi/lib/armv7-m\libm.a(lib_a-e_atan2.o)
[...]
Memory Configuration

Name             Origin             Length             Attributes
rom              0x00000000         0x00040000         xr
ram              0x1fff8000         0x00010000         xrw
*default*        0x00000000         0xffffffff

Linker script and memory map

LOAD c:/program files (x86)/cypress/psoc creator/4.4/psoc creator/import/gnu/arm/5.4.1/bin/../lib/gcc/arm-none-eabi/5.4.1/armv7-m/crti.o
LOAD c:/program files (x86)/cypress/psoc creator/4.4/psoc creator/import/gnu/arm/5.4.1/bin/../lib/gcc/arm-none-eabi/5.4.1/armv7-m/crtbegin.o
LOAD c:/program files (x86)/cypress/psoc creator/4.4/psoc creator/import/gnu/arm/5.4.1/bin/../lib/gcc/arm-none-eabi/5.4.1/../../../../arm-none-eabi/lib/armv7-m/crt0.o
START GROUP
LOAD .\ARM_GCC_541\Debug\main.o
LOAD .\ARM_GCC_541\Debug\adc_balanced.o
LOAD .\ARM_GCC_541\Debug\joystick.o
LOAD .\ARM_GCC_541\Debug\psoc_eeprom.o
LOAD .\ARM_GCC_541\Debug\hamfly_comm_rb.o
LOAD .\ARM_GCC_541\Debug\hamfly_comm_txbuf.o
LOAD .\ARM_GCC_541\Debug\hamfly_core_gimbal.o
LOAD .\ARM_GCC_541\Debug\hamfly_core_telemetry.o
LOAD .\ARM_GCC_541\Debug\hamfly_qx_app.o
LOAD .\ARM_GCC_541\Debug\hamfly_qx_protocol.o
LOAD .\ARM_GCC_541\Debug\cyfitter_cfg.o
LOAD .\ARM_GCC_541\Debug\cymetadata.o
LOAD .\ARM_GCC_541\Debug\Cm3Start.o
LOAD .\ARM_GCC_541\Debug\Proj06_freefly_hamflyAPI_integration.a
LOAD C:\Program Files (x86)\Cypress\PSoC Creator\4.4\PSoC Creator\psoc\content\cycomponentlibrary\CyComponentLibrary.cylib\CortexM3\ARM_GCC_541\Debug\CyComponentLibrary.a
LOAD c:/program files (x86)/cypress/psoc creator/4.4/psoc creator/import/gnu/arm/5.4.1/bin/../lib/gcc/arm-none-eabi/5.4.1/../../../../arm-none-eabi/lib/armv7-m\libm.a
END GROUP
START GROUP
LOAD c:/program files (x86)/cypress/psoc creator/4.4/psoc creator/import/gnu/arm/5.4.1/bin/../lib/gcc/arm-none-eabi/5.4.1/armv7-m\libgcc.a
LOAD c:/program files (x86)/cypress/psoc creator/4.4/psoc creator/import/gnu/arm/5.4.1/bin/../lib/gcc/arm-none-eabi/5.4.1/../../../../arm-none-eabi/lib/armv7-m\libg_nano.a
LOAD c:/program files (x86)/cypress/psoc creator/4.4/psoc creator/import/gnu/arm/5.4.1/bin/../lib/gcc/arm-none-eabi/5.4.1/../../../../arm-none-eabi/lib/armv7-m\libc_nano.a
END GROUP
START GROUP
LOAD c:/program files (x86)/cypress/psoc creator/4.4/psoc creator/import/gnu/arm/5.4.1/bin/../lib/gcc/arm-none-eabi/5.4.1/armv7-m\libgcc.a
LOAD c:/program files (x86)/cypress/psoc creator/4.4/psoc creator/import/gnu/arm/5.4.1/bin/../lib/gcc/arm-none-eabi/5.4.1/../../../../arm-none-eabi/lib/armv7-m\libc_nano.a
END GROUP
LOAD c:/program files (x86)/cypress/psoc creator/4.4/psoc creator/import/gnu/arm/5.4.1/bin/../lib/gcc/arm-none-eabi/5.4.1/armv7-m/crtend.o
LOAD c:/program files (x86)/cypress/psoc creator/4.4/psoc creator/import/gnu/arm/5.4.1/bin/../lib/gcc/arm-none-eabi/5.4.1/armv7-m/crtn.o
START GROUP
LOAD c:/program files (x86)/cypress/psoc creator/4.4/psoc creator/import/gnu/arm/5.4.1/bin/../lib/gcc/arm-none-eabi/5.4.1/armv7-m\libgcc.a
LOAD c:/program files (x86)/cypress/psoc creator/4.4/psoc creator/import/gnu/arm/5.4.1/bin/../lib/gcc/arm-none-eabi/5.4.1/../../../../arm-none-eabi/lib/armv7-m\libc.a
LOAD c:/program files (x86)/cypress/psoc creator/4.4/psoc creator/import/gnu/arm/5.4.1/bin/../lib/gcc/arm-none-eabi/5.4.1/../../../../arm-none-eabi/lib/armv7-m\libnosys.a
END GROUP
                0x00000000                CY_APPL_ORIGIN = 0x0
                0x00000100                CY_FLASH_ROW_SIZE = 0x100
                0x00000020                CY_ECC_ROW_SIZE = 0x20
                0x00000000                CY_EE_IN_BTLDR = 0x0
                0x00000000                CY_APPL_LOADABLE = 0x0
                0x00000800                CY_EE_SIZE = 0x800
                0x00000001                CY_APPL_NUM = 0x1
                0x00000001                CY_APPL_MAX = 0x1
                0x00000040                CY_METADATA_SIZE = 0x40
                0x00000000                CY_APPL_LOADABLE = 0x0
                0x00000000                CY_CHECKSUM_EXCLUDE_SIZE = ALIGN (0x0, CY_FLASH_ROW_SIZE)
                [!provide]                PROVIDE (__cy_heap_start, _end)
                0x00000001                PROVIDE (__cy_region_num, ((__cy_regions_end - __cy_regions) / 0x10))
                0x20008000                PROVIDE (__cy_stack, (ORIGIN (ram) + LENGTH (ram)))
                [!provide]                PROVIDE (__cy_heap_end, (__cy_stack - 0x800))

.cybootloader   0x00000000        0x0
 *(.cybootloader)
                0x00000000                appl1_start = CY_APPL_ORIGIN?CY_APPL_ORIGIN:ALIGN (CY_FLASH_ROW_SIZE)
                0x0001ff00                appl2_start = (appl1_start + ALIGN ((((LENGTH (rom) - appl1_start) - (0x2 * CY_FLASH_ROW_SIZE)) / 0x2), CY_FLASH_ROW_SIZE))
                0x00000000                appl_start = (CY_APPL_NUM == 0x1)?appl1_start:appl2_start
                0x00000000                ecc_offset = ((appl_start / CY_FLASH_ROW_SIZE) * CY_ECC_ROW_SIZE)
                0x00000000                ee_offset = (CY_APPL_LOADABLE && ! (CY_EE_IN_BTLDR))?((CY_EE_SIZE / CY_APPL_MAX) * (CY_APPL_NUM - 0x1)):0x0
                0x00000800                ee_size = (CY_APPL_LOADABLE && ! (CY_EE_IN_BTLDR))?(CY_EE_SIZE / CY_APPL_MAX):CY_EE_SIZE
                [!provide]                PROVIDE (CY_ECC_OFFSET, ecc_offset)

.text           0x00000000     0xc74e
 CREATE_OBJECT_SYMBOLS
                0x00000000                PROVIDE (__cy_interrupt_vector, RomVectors)
 *(.romvectors)
 .romvectors    0x00000000       0x10 .\ARM_GCC_541\Debug\Cm3Start.o
                0x00000000                RomVectors
                0x00000001                ASSERT ((. != __cy_interrupt_vector), No interrupt vector)
                0x00000001                ASSERT (CY_APPL_ORIGIN?(SIZEOF (.cybootloader) <= CY_APPL_ORIGIN):0x1, Wrong image location)
                0x00000010                PROVIDE (__cy_reset, Reset)
 *(.text.Reset)
 .text.Reset    0x00000010       0x18 .\ARM_GCC_541\Debug\Cm3Start.o
                0x00000010                Reset
                0x00000001                ASSERT ((. != __cy_reset), No reset code)
 *(.dma_init)
                0x00000001                ASSERT ((((appl_start + .) <= 0x10000) || 0x1), DMA Init must be within the first 64k of flash)
 *(.text .text.* .gnu.linkonce.t.*)
 .text          0x00000028       0x5c c:/program files (x86)/cypress/psoc creator/4.4/psoc creator/import/gnu/arm/5.4.1/bin/../lib/gcc/arm-none-eabi/5.4.1/armv7-m/crtbegin.o
 .text.psoc_uart_putc
                0x00000084       0x1c .\ARM_GCC_541\Debug\main.o
 .text.psoc_get_tick
                0x000000a0       0x1c .\ARM_GCC_541\Debug\main.o
 .text.isr_rx_movi_Handler
                0x000000bc       0x58 .\ARM_GCC_541\Debug\main.o
                0x000000bc                isr_rx_movi_Handler
 .text.isr_Looptimer_Handler
                0x00000114       0x1c .\ARM_GCC_541\Debug\main.o
                0x00000114                isr_Looptimer_Handler
 .text.decomp   0x00000130       0xa8 .\ARM_GCC_541\Debug\main.o
 .text.compute_euler
                0x000001d8      0x1bc .\ARM_GCC_541\Debug\main.o
 .text.mode_str
                0x00000394       0x38 .\ARM_GCC_541\Debug\main.o
 .text.print_hex_dump
                0x000003cc       0xe0 .\ARM_GCC_541\Debug\main.o
 .text.print_att
                0x000004ac      0x1b8 .\ARM_GCC_541\Debug\main.o
 .text.print_gps
                0x00000664      0x160 .\ARM_GCC_541\Debug\main.o
 .text.print_baro
                0x000007c4      0x13c .\ARM_GCC_541\Debug\main.o
 .text.print_sysstat
                0x00000900      0x168 .\ARM_GCC_541\Debug\main.o
 .text.print_mag
                0x00000a68      0x15c .\ARM_GCC_541\Debug\main.o
 .text.print_platform
                0x00000bc4      0x1bc .\ARM_GCC_541\Debug\main.o
 .text.print_motor
                0x00000d80      0x10c .\ARM_GCC_541\Debug\main.o
 .text.print_test_response
                0x00000e8c      0x194 .\ARM_GCC_541\Debug\main.o
 .text.print_sensor_response
                0x00001020      0x400 .\ARM_GCC_541\Debug\main.o
 .text.do_kill  0x00001420       0x5c .\ARM_GCC_541\Debug\main.o
 .text.print_quat_crosscheck
                0x0000147c      0x188 .\ARM_GCC_541\Debug\main.o
 .text.cal_prompt
                0x00001604       0xb8 .\ARM_GCC_541\Debug\main.o
 .text.main     0x000016bc     0x1700 .\ARM_GCC_541\Debug\main.o
                0x000016bc                main
 .text.isr_adc_Handler
                0x00002dbc       0x18 .\ARM_GCC_541\Debug\adc_balanced.o
                0x00002dbc                isr_adc_Handler
 .text.adc_balanced_init
                0x00002dd4       0x6c .\ARM_GCC_541\Debug\adc_balanced.o
                0x00002dd4                adc_balanced_init
 .text.adc_balanced_advance_on_eoc
                0x00002e40       0x64 .\ARM_GCC_541\Debug\adc_balanced.o
 .text.adc_balanced_poll_frame
                0x00002ea4       0x6c .\ARM_GCC_541\Debug\adc_balanced.o
                0x00002ea4                adc_balanced_poll_frame
 .text.adc_balanced_counts_to_mv
                0x00002f10       0x20 .\ARM_GCC_541\Debug\adc_balanced.o
                0x00002f10                adc_balanced_counts_to_mv
 .text.joystick_set_sensitivity
                0x00002f30       0x48 .\ARM_GCC_541\Debug\joystick.o
                0x00002f30                joystick_set_sensitivity
 .text.normalize_axis
                0x00002f78       0xd0 .\ARM_GCC_541\Debug\joystick.o
 .text.apply_deadband
                0x00003048       0x90 .\ARM_GCC_541\Debug\joystick.o
 .text.joystick_validate
                0x000030d8       0x94 .\ARM_GCC_541\Debug\joystick.o
                0x000030d8                joystick_validate
 .text.cal_begin_range_capture
                0x0000316c       0x84 .\ARM_GCC_541\Debug\joystick.o
 .text.cal_update_ranges
                0x000031f0       0x98 .\ARM_GCC_541\Debug\joystick.o
 .text.cal_start_center_capture
                0x00003288       0x44 .\ARM_GCC_541\Debug\joystick.o
 .text.cal_center_capture_update
                0x000032cc       0xa8 .\ARM_GCC_541\Debug\joystick.o
 .text.cal_save_or_restart
                0x00003374       0x44 .\ARM_GCC_541\Debug\joystick.o
 .text.joystick_init
                0x000033b8       0xa4 .\ARM_GCC_541\Debug\joystick.o
                0x000033b8                joystick_init
 .text.joystick_on_sample
                0x0000345c       0x48 .\ARM_GCC_541\Debug\joystick.o
                0x0000345c                joystick_on_sample
 .text.joystick_on_key
                0x000034a4       0x70 .\ARM_GCC_541\Debug\joystick.o
                0x000034a4                joystick_on_key
 .text.joystick_cal_state
                0x00003514       0x14 .\ARM_GCC_541\Debug\joystick.o
                0x00003514                joystick_cal_state
 .text.joystick_get_cal
                0x00003528       0x3c .\ARM_GCC_541\Debug\joystick.o
                0x00003528                joystick_get_cal
 .text.joystick_center_samples_collected
                0x00003564       0x14 .\ARM_GCC_541\Debug\joystick.o
                0x00003564                joystick_center_samples_collected
 .text.joystick_get_cmd
                0x00003578       0xe8 .\ARM_GCC_541\Debug\joystick.o
                0x00003578                joystick_get_cmd
 .text.joystick_save
                0x00003660       0x30 .\ARM_GCC_541\Debug\joystick.o
                0x00003660                joystick_save
 .text.joystick_load
                0x00003690       0x4c .\ARM_GCC_541\Debug\joystick.o
                0x00003690                joystick_load
 .text.slot_id_to_row
                0x000036dc       0x2c .\ARM_GCC_541\Debug\psoc_eeprom.o
 .text.read_row_byte
                0x00003708       0x38 .\ARM_GCC_541\Debug\psoc_eeprom.o
 .text.read_row_data
                0x00003740       0x3c .\ARM_GCC_541\Debug\psoc_eeprom.o
 .text.psoc_eeprom_init
                0x0000377c        0xc .\ARM_GCC_541\Debug\psoc_eeprom.o
                0x0000377c                psoc_eeprom_init
 .text.psoc_eeprom_write
                0x00003788       0x90 .\ARM_GCC_541\Debug\psoc_eeprom.o
                0x00003788                psoc_eeprom_write
 .text.psoc_eeprom_read
                0x00003818       0x7c .\ARM_GCC_541\Debug\psoc_eeprom.o
                0x00003818                psoc_eeprom_read
 .text.rb_next  0x00003894       0x28 .\ARM_GCC_541\Debug\hamfly_comm_rb.o
 .text.hamfly_rb_init
                0x000038bc       0x2c .\ARM_GCC_541\Debug\hamfly_comm_rb.o
                0x000038bc                hamfly_rb_init
 .text.hamfly_rb_push
                0x000038e8       0x64 .\ARM_GCC_541\Debug\hamfly_comm_rb.o
                0x000038e8                hamfly_rb_push
 .text.hamfly_rb_pop
                0x0000394c       0x58 .\ARM_GCC_541\Debug\hamfly_comm_rb.o
                0x0000394c                hamfly_rb_pop
 .text.load_freefly_control
                0x000039a4       0x50 .\ARM_GCC_541\Debug\hamfly_core_gimbal.o
 .text.copy_qx287_to_telemetry
                0x000039f4       0x1c .\ARM_GCC_541\Debug\hamfly_core_gimbal.o
 .text.drain_rb
                0x00003a10       0x44 .\ARM_GCC_541\Debug\hamfly_core_gimbal.o
 .text.hamfly_init
                0x00003a54       0x5c .\ARM_GCC_541\Debug\hamfly_core_gimbal.o
                0x00003a54                hamfly_init
 .text.hamfly_on_rx_byte
                0x00003ab0       0x3c .\ARM_GCC_541\Debug\hamfly_core_gimbal.o
                0x00003ab0                hamfly_on_rx_byte
 .text.hamfly_on_uart_err_flags
                0x00003aec       0x30 .\ARM_GCC_541\Debug\hamfly_core_gimbal.o
                0x00003aec                hamfly_on_uart_err_flags
 .text.hamfly_pump
                0x00003b1c      0x27c .\ARM_GCC_541\Debug\hamfly_core_gimbal.o
                0x00003b1c                hamfly_pump
 .text.hamfly_send_control
                0x00003d98       0x7c .\ARM_GCC_541\Debug\hamfly_core_gimbal.o
                0x00003d98                hamfly_send_control
 .text.hamfly_kill
                0x00003e14       0x3c .\ARM_GCC_541\Debug\hamfly_core_gimbal.o
                0x00003e14                hamfly_kill
 .text.hamfly_request_attr
                0x00003e50       0xa8 .\ARM_GCC_541\Debug\hamfly_core_gimbal.o
                0x00003e50                hamfly_request_attr
 .text.hamfly_request_attr_capture
                0x00003ef8      0x108 .\ARM_GCC_541\Debug\hamfly_core_gimbal.o
                0x00003ef8                hamfly_request_attr_capture
 .text.hamfly_write_attr_u8
                0x00004000      0x1e4 .\ARM_GCC_541\Debug\hamfly_core_gimbal.o
                0x00004000                hamfly_write_attr_u8
 .text.hamfly_get_telemetry
                0x000041e4       0x30 .\ARM_GCC_541\Debug\hamfly_core_gimbal.o
                0x000041e4                hamfly_get_telemetry
 .text.hamfly_get_statistics
                0x00004214       0x48 .\ARM_GCC_541\Debug\hamfly_core_gimbal.o
                0x00004214                hamfly_get_statistics
 .text.rd_be32  0x0000425c       0x34 .\ARM_GCC_541\Debug\hamfly_core_telemetry.o
 .text.rd_be16  0x00004290       0x28 .\ARM_GCC_541\Debug\hamfly_core_telemetry.o
 .text.rd_be_u16
                0x000042b8       0x28 .\ARM_GCC_541\Debug\hamfly_core_telemetry.o
 .text.rd_le16  0x000042e0       0x24 .\ARM_GCC_541\Debug\hamfly_core_telemetry.o
 .text.hamfly_decode_qx287
                0x00004304       0x68 .\ARM_GCC_541\Debug\hamfly_core_telemetry.o
                0x00004304                hamfly_decode_qx287
 .text.hamfly_decode_gps
                0x0000436c      0x1a0 .\ARM_GCC_541\Debug\hamfly_core_telemetry.o
                0x0000436c                hamfly_decode_gps
 .text.hamfly_decode_baro
                0x0000450c       0x78 .\ARM_GCC_541\Debug\hamfly_core_telemetry.o
                0x0000450c                hamfly_decode_baro
 .text.hamfly_decode_attitude
                0x00004584      0x144 .\ARM_GCC_541\Debug\hamfly_core_telemetry.o
                0x00004584                hamfly_decode_attitude
 .text.hamfly_decode_sysstat
                0x000046c8      0x1c8 .\ARM_GCC_541\Debug\hamfly_core_telemetry.o
                0x000046c8                hamfly_decode_sysstat
 .text.hamfly_decode_mag
                0x00004890      0x18c .\ARM_GCC_541\Debug\hamfly_core_telemetry.o
                0x00004890                hamfly_decode_mag
 .text.hamfly_decode_sysecho
                0x00004a1c       0x7c .\ARM_GCC_541\Debug\hamfly_core_telemetry.o
                0x00004a1c                hamfly_decode_sysecho
 .text.ff_api_init
                0x00004a98       0x7c .\ARM_GCC_541\Debug\hamfly_qx_app.o
 .text.ff_api_send
                0x00004b14       0x44 .\ARM_GCC_541\Debug\hamfly_qx_app.o
 .text.QX_ParsePacket_Cli_MoVI_Ctrl_CB
                0x00004b58      0x83c .\ARM_GCC_541\Debug\hamfly_qx_app.o
 .text.QX_SendMsg2CommsPort_CB
                0x00005394       0x64 .\ARM_GCC_541\Debug\hamfly_qx_app.o
                0x00005394                QX_SendMsg2CommsPort_CB
 .text.QX_FwdMsg_CB
                0x000053f8       0x14 .\ARM_GCC_541\Debug\hamfly_qx_app.o
                0x000053f8                QX_FwdMsg_CB
 .text.QX_GetTicks_ms
                0x0000540c       0x34 .\ARM_GCC_541\Debug\hamfly_qx_app.o
                0x0000540c                QX_GetTicks_ms
 .text.QX_Parser_SetMsgPtr
                0x00005440       0x1c .\ARM_GCC_541\Debug\hamfly_qx_protocol.o
                0x00005440                QX_Parser_SetMsgPtr
 .text.QX_Parser_AdvMsgPtr
                0x0000545c       0x1c .\ARM_GCC_541\Debug\hamfly_qx_protocol.o
                0x0000545c                QX_Parser_AdvMsgPtr
 .text.QX_Parser_GetMsgPtr
                0x00005478       0x14 .\ARM_GCC_541\Debug\hamfly_qx_protocol.o
                0x00005478                QX_Parser_GetMsgPtr
 .text.QX_Parser_SetDir_Read
                0x0000548c       0x18 .\ARM_GCC_541\Debug\hamfly_qx_protocol.o
                0x0000548c                QX_Parser_SetDir_Read
 .text.QX_Parser_SetDir_WriteAbs
                0x000054a4       0x18 .\ARM_GCC_541\Debug\hamfly_qx_protocol.o
                0x000054a4                QX_Parser_SetDir_WriteAbs
 .text.AddFloatAsSignedShort
                0x000054bc       0xc8 .\ARM_GCC_541\Debug\hamfly_qx_protocol.o
                0x000054bc                AddFloatAsSignedShort
 .text.GetFloatAsSignedShort
                0x00005584      0x170 .\ARM_GCC_541\Debug\hamfly_qx_protocol.o
                0x00005584                GetFloatAsSignedShort
 .text.AddSignedShortAsSignedShort
                0x000056f4       0x58 .\ARM_GCC_541\Debug\hamfly_qx_protocol.o
                0x000056f4                AddSignedShortAsSignedShort
 .text.GetSignedShortAsSignedShort
                0x0000574c      0x15c .\ARM_GCC_541\Debug\hamfly_qx_protocol.o
                0x0000574c                GetSignedShortAsSignedShort
 .text.AddUnsignedCharAsUnsignedChar
                0x000058a8       0x3c .\ARM_GCC_541\Debug\hamfly_qx_protocol.o
                0x000058a8                AddUnsignedCharAsUnsignedChar
 .text.GetUnsignedCharAsUnsignedChar
                0x000058e4       0xc8 .\ARM_GCC_541\Debug\hamfly_qx_protocol.o
                0x000058e4                GetUnsignedCharAsUnsignedChar
 .text.AddUnsignedShortAsUnsignedShort
                0x000059ac       0x54 .\ARM_GCC_541\Debug\hamfly_qx_protocol.o
                0x000059ac                AddUnsignedShortAsUnsignedShort
 .text.GetUnsignedShortAsUnsignedShort
                0x00005a00       0xf8 .\ARM_GCC_541\Debug\hamfly_qx_protocol.o
                0x00005a00                GetUnsignedShortAsUnsignedShort
 .text.AddBitsAsByte
                0x00005af8       0xcc .\ARM_GCC_541\Debug\hamfly_qx_protocol.o
                0x00005af8                AddBitsAsByte
 .text.GetBitsAsByte
                0x00005bc4       0xdc .\ARM_GCC_541\Debug\hamfly_qx_protocol.o
                0x00005bc4                GetBitsAsByte
 .text.QX_InitMsg
                0x00005ca0       0x30 .\ARM_GCC_541\Debug\hamfly_qx_protocol.o
 .text.QX_RxMsg
                0x00005cd0       0xec .\ARM_GCC_541\Debug\hamfly_qx_protocol.o
 .text.QX_Srv_Rx_Read
                0x00005dbc       0x90 .\ARM_GCC_541\Debug\hamfly_qx_protocol.o
 .text.QX_Srv_Rx_Write
                0x00005e4c       0xc4 .\ARM_GCC_541\Debug\hamfly_qx_protocol.o
 .text.QX_Cli_Rx_CurVal
                0x00005f10       0x3c .\ARM_GCC_541\Debug\hamfly_qx_protocol.o
 .text.QX_TxMsg_Setup
                0x00005f4c       0x4c .\ARM_GCC_541\Debug\hamfly_qx_protocol.o
 .text.QX_TxMsg_Finish
                0x00005f98      0x1dc .\ARM_GCC_541\Debug\hamfly_qx_protocol.o
 .text.QX_BuildHeader
                0x00006174      0x188 .\ARM_GCC_541\Debug\hamfly_qx_protocol.o
 .text.QX_ParseHeader
                0x000062fc      0x114 .\ARM_GCC_541\Debug\hamfly_qx_protocol.o
 .text.QX_Calc8bChecksum
                0x00006410       0x3c .\ARM_GCC_541\Debug\hamfly_qx_protocol.o
 .text.QX_AddExtdValToBuf
                0x0000644c       0x88 .\ARM_GCC_541\Debug\hamfly_qx_protocol.o
 .text.QX_GetExtdValFromBuf
                0x000064d4       0x6c .\ARM_GCC_541\Debug\hamfly_qx_protocol.o
 .text.QX_compute_crc32
                0x00006540       0x4c .\ARM_GCC_541\Debug\hamfly_qx_protocol.o
 .text.QX_accumulate_crc32
                0x0000658c       0x54 .\ARM_GCC_541\Debug\hamfly_qx_protocol.o
                0x0000658c                QX_accumulate_crc32
 .text.QX_InitCli
                0x000065e0       0x24 .\ARM_GCC_541\Debug\hamfly_qx_protocol.o
                0x000065e0                QX_InitCli
 .text.QX_InitTxOptions
                0x00006604       0x3c .\ARM_GCC_541\Debug\hamfly_qx_protocol.o
                0x00006604                QX_InitTxOptions
 .text.QX_SendPacket_Srv_CurVal
                0x00006640       0x98 .\ARM_GCC_541\Debug\hamfly_qx_protocol.o
                0x00006640                QX_SendPacket_Srv_CurVal
 .text.QX_SendPacket_Cli_Read
                0x000066d8       0x80 .\ARM_GCC_541\Debug\hamfly_qx_protocol.o
                0x000066d8                QX_SendPacket_Cli_Read
 .text.QX_SendPacket_Cli_WriteABS
                0x00006758       0x98 .\ARM_GCC_541\Debug\hamfly_qx_protocol.o
                0x00006758                QX_SendPacket_Cli_WriteABS
 .text.QX_StreamRxCharSM
                0x000067f0      0x6e0 .\ARM_GCC_541\Debug\hamfly_qx_protocol.o
                0x000067f0                QX_StreamRxCharSM
 .text.CYMEMZERO
                0x00006ed0       0x1c .\ARM_GCC_541\Debug\cyfitter_cfg.o
 .text.CYCONFIGCPY
                0x00006eec       0x20 .\ARM_GCC_541\Debug\cyfitter_cfg.o
 .text.CyClockStartupError
                0x00006f0c        0xc .\ARM_GCC_541\Debug\cyfitter_cfg.o
 .text.cfg_write_bytes32
                0x00006f18       0x74 .\ARM_GCC_541\Debug\cyfitter_cfg.o
 .text.ClockSetup
                0x00006f8c      0x16c .\ARM_GCC_541\Debug\cyfitter_cfg.o
 .text.AnalogSetDefault
                0x000070f8       0x44 .\ARM_GCC_541\Debug\cyfitter_cfg.o
 .text.AMux_1_Set
                0x0000713c       0x6c .\ARM_GCC_541\Debug\cyfitter_cfg.o
                0x0000713c                AMux_1_Set
 .text.AMux_1_Unset
                0x000071a8       0x74 .\ARM_GCC_541\Debug\cyfitter_cfg.o
                0x000071a8                AMux_1_Unset
 .text.ADC_DelSig_1_AMux_Set
                0x0000721c       0x40 .\ARM_GCC_541\Debug\cyfitter_cfg.o
                0x0000721c                ADC_DelSig_1_AMux_Set
 .text.ADC_DelSig_1_AMux_Unset
                0x0000725c       0x44 .\ARM_GCC_541\Debug\cyfitter_cfg.o
                0x0000725c                ADC_DelSig_1_AMux_Unset
 .text.cyfitter_cfg
                0x000072a0      0x1ac .\ARM_GCC_541\Debug\cyfitter_cfg.o
                0x000072a0                cyfitter_cfg
 .text.IntDefaultHandler
                0x0000744c       0x14 .\ARM_GCC_541\Debug\Cm3Start.o
                0x0000744c                IntDefaultHandler
 .text._sbrk    0x00007460       0x50 .\ARM_GCC_541\Debug\Cm3Start.o
                0x00007460                _sbrk
 .text.Start_c  0x000074b0       0x98 .\ARM_GCC_541\Debug\Cm3Start.o
                0x000074b0                Start_c
 .text.initialize_psoc
                0x00007548       0x90 .\ARM_GCC_541\Debug\Cm3Start.o
                0x00007548                initialize_psoc
 .text.ADC_DelSig_1_Init
                0x000075d8      0x11c .\ARM_GCC_541\Debug\Proj06_freefly_hamflyAPI_integration.a(ADC_DelSig_1.o)
                0x000075d8                ADC_DelSig_1_Init
 .text.ADC_DelSig_1_Enable
                0x000076f4      0x158 .\ARM_GCC_541\Debug\Proj06_freefly_hamflyAPI_integration.a(ADC_DelSig_1.o)
                0x000076f4                ADC_DelSig_1_Enable
 .text.ADC_DelSig_1_Start
                0x0000784c       0x30 .\ARM_GCC_541\Debug\Proj06_freefly_hamflyAPI_integration.a(ADC_DelSig_1.o)
                0x0000784c                ADC_DelSig_1_Start
 .text.ADC_DelSig_1_StartConvert
                0x0000787c       0x20 .\ARM_GCC_541\Debug\Proj06_freefly_hamflyAPI_integration.a(ADC_DelSig_1.o)
                0x0000787c                ADC_DelSig_1_StartConvert
 .text.ADC_DelSig_1_StopConvert
                0x0000789c       0x20 .\ARM_GCC_541\Debug\Proj06_freefly_hamflyAPI_integration.a(ADC_DelSig_1.o)
                0x0000789c                ADC_DelSig_1_StopConvert
 .text.ADC_DelSig_1_GetResult16
                0x000078bc       0x7c .\ARM_GCC_541\Debug\Proj06_freefly_hamflyAPI_integration.a(ADC_DelSig_1.o)
                0x000078bc                ADC_DelSig_1_GetResult16
 .text.ADC_DelSig_1_CountsTo_mVolts
                0x00007938       0x3c .\ARM_GCC_541\Debug\Proj06_freefly_hamflyAPI_integration.a(ADC_DelSig_1.o)
                0x00007938                ADC_DelSig_1_CountsTo_mVolts
 .text.ADC_DelSig_1_InitConfig
                0x00007974      0x164 .\ARM_GCC_541\Debug\Proj06_freefly_hamflyAPI_integration.a(ADC_DelSig_1.o)
 .text.ADC_DelSig_1_GainCompensation
                0x00007ad8      0x170 .\ARM_GCC_541\Debug\Proj06_freefly_hamflyAPI_integration.a(ADC_DelSig_1.o)
 .text.ADC_DelSig_1_SetDSMRef0Reg
                0x00007c48       0x7c .\ARM_GCC_541\Debug\Proj06_freefly_hamflyAPI_integration.a(ADC_DelSig_1.o)
 .text.ADC_DelSig_1_ISR1
                0x00007cc4        0xc .\ARM_GCC_541\Debug\Proj06_freefly_hamflyAPI_integration.a(ADC_DelSig_1_INT.o)
                0x00007cc4                ADC_DelSig_1_ISR1
 .text.UART_1_Start
                0x00007cd0       0x24 .\ARM_GCC_541\Debug\Proj06_freefly_hamflyAPI_integration.a(UART_1.o)
                0x00007cd0                UART_1_Start
 .text.UART_1_Init
                0x00007cf4       0x40 .\ARM_GCC_541\Debug\Proj06_freefly_hamflyAPI_integration.a(UART_1.o)
                0x00007cf4                UART_1_Init
 .text.UART_1_Enable
                0x00007d34       0x60 .\ARM_GCC_541\Debug\Proj06_freefly_hamflyAPI_integration.a(UART_1.o)
                0x00007d34                UART_1_Enable
 .text.UART_1_GetChar
                0x00007d94       0x44 .\ARM_GCC_541\Debug\Proj06_freefly_hamflyAPI_integration.a(UART_1.o)
                0x00007d94                UART_1_GetChar
 .text.UART_1_PutChar
                0x00007dd8       0x34 .\ARM_GCC_541\Debug\Proj06_freefly_hamflyAPI_integration.a(UART_1.o)
                0x00007dd8                UART_1_PutChar
 .text.UART_1_PutString
                0x00007e0c       0x44 .\ARM_GCC_541\Debug\Proj06_freefly_hamflyAPI_integration.a(UART_1.o)
                0x00007e0c                UART_1_PutString
 .text.AMux_1_Start
                0x00007e50       0x34 .\ARM_GCC_541\Debug\Proj06_freefly_hamflyAPI_integration.a(AMux_1.o)
                0x00007e50                AMux_1_Start
 .text.AMux_1_FastSelect
                0x00007e84       0x38 .\ARM_GCC_541\Debug\Proj06_freefly_hamflyAPI_integration.a(AMux_1.o)
                0x00007e84                AMux_1_FastSelect
 .text.isr_adc_StartEx
                0x00007ebc       0x24 .\ARM_GCC_541\Debug\Proj06_freefly_hamflyAPI_integration.a(isr_adc.o)
                0x00007ebc                isr_adc_StartEx
 .text.isr_adc_SetVector
                0x00007ee0       0x24 .\ARM_GCC_541\Debug\Proj06_freefly_hamflyAPI_integration.a(isr_adc.o)
                0x00007ee0                isr_adc_SetVector
 .text.isr_adc_SetPriority
                0x00007f04       0x24 .\ARM_GCC_541\Debug\Proj06_freefly_hamflyAPI_integration.a(isr_adc.o)
                0x00007f04                isr_adc_SetPriority
 .text.isr_adc_Enable
                0x00007f28       0x18 .\ARM_GCC_541\Debug\Proj06_freefly_hamflyAPI_integration.a(isr_adc.o)
                0x00007f28                isr_adc_Enable
 .text.isr_adc_Disable
                0x00007f40       0x18 .\ARM_GCC_541\Debug\Proj06_freefly_hamflyAPI_integration.a(isr_adc.o)
                0x00007f40                isr_adc_Disable
 .text.isr_adc_ClearPending
                0x00007f58       0x18 .\ARM_GCC_541\Debug\Proj06_freefly_hamflyAPI_integration.a(isr_adc.o)
                0x00007f58                isr_adc_ClearPending
 .text.UART_MOVI_Start
                0x00007f70       0x24 .\ARM_GCC_541\Debug\Proj06_freefly_hamflyAPI_integration.a(UART_MOVI.o)
                0x00007f70                UART_MOVI_Start
 .text.UART_MOVI_Init
                0x00007f94       0x40 .\ARM_GCC_541\Debug\Proj06_freefly_hamflyAPI_integration.a(UART_MOVI.o)
                0x00007f94                UART_MOVI_Init
 .text.UART_MOVI_Enable
                0x00007fd4       0x5c .\ARM_GCC_541\Debug\Proj06_freefly_hamflyAPI_integration.a(UART_MOVI.o)
                0x00007fd4                UART_MOVI_Enable
 .text.UART_MOVI_ClearRxBuffer
                0x00008030       0x44 .\ARM_GCC_541\Debug\Proj06_freefly_hamflyAPI_integration.a(UART_MOVI.o)
                0x00008030                UART_MOVI_ClearRxBuffer
 .text.UART_MOVI_PutChar
                0x00008074       0x34 .\ARM_GCC_541\Debug\Proj06_freefly_hamflyAPI_integration.a(UART_MOVI.o)
                0x00008074                UART_MOVI_PutChar
 .text.UART_MOVI_ClearTxBuffer
                0x000080a8       0x44 .\ARM_GCC_541\Debug\Proj06_freefly_hamflyAPI_integration.a(UART_MOVI.o)
                0x000080a8                UART_MOVI_ClearTxBuffer
 .text.isr_rx_movi_StartEx
                0x000080ec       0x24 .\ARM_GCC_541\Debug\Proj06_freefly_hamflyAPI_integration.a(isr_rx_movi.o)
                0x000080ec                isr_rx_movi_StartEx
 .text.isr_rx_movi_SetVector
                0x00008110       0x24 .\ARM_GCC_541\Debug\Proj06_freefly_hamflyAPI_integration.a(isr_rx_movi.o)
                0x00008110                isr_rx_movi_SetVector
 .text.isr_rx_movi_SetPriority
                0x00008134       0x24 .\ARM_GCC_541\Debug\Proj06_freefly_hamflyAPI_integration.a(isr_rx_movi.o)
                0x00008134                isr_rx_movi_SetPriority
 .text.isr_rx_movi_Enable
                0x00008158       0x18 .\ARM_GCC_541\Debug\Proj06_freefly_hamflyAPI_integration.a(isr_rx_movi.o)
                0x00008158                isr_rx_movi_Enable
 .text.isr_rx_movi_Disable
                0x00008170       0x18 .\ARM_GCC_541\Debug\Proj06_freefly_hamflyAPI_integration.a(isr_rx_movi.o)
                0x00008170                isr_rx_movi_Disable
 .text.Looptimer_Init
                0x00008188       0xa0 .\ARM_GCC_541\Debug\Proj06_freefly_hamflyAPI_integration.a(Looptimer.o)
                0x00008188                Looptimer_Init
 .text.Looptimer_Enable
                0x00008228       0x48 .\ARM_GCC_541\Debug\Proj06_freefly_hamflyAPI_integration.a(Looptimer.o)
                0x00008228                Looptimer_Enable
 .text.Looptimer_Start
                0x00008270       0x24 .\ARM_GCC_541\Debug\Proj06_freefly_hamflyAPI_integration.a(Looptimer.o)
                0x00008270                Looptimer_Start
 .text.Looptimer_SetInterruptMode
                0x00008294       0x20 .\ARM_GCC_541\Debug\Proj06_freefly_hamflyAPI_integration.a(Looptimer.o)
                0x00008294                Looptimer_SetInterruptMode
 .text.Looptimer_ReadStatusRegister
                0x000082b4       0x18 .\ARM_GCC_541\Debug\Proj06_freefly_hamflyAPI_integration.a(Looptimer.o)
                0x000082b4                Looptimer_ReadStatusRegister
 .text.Looptimer_WritePeriod
                0x000082cc       0x24 .\ARM_GCC_541\Debug\Proj06_freefly_hamflyAPI_integration.a(Looptimer.o)
                0x000082cc                Looptimer_WritePeriod
 .text.Looptimer_WriteCounter
                0x000082f0       0x20 .\ARM_GCC_541\Debug\Proj06_freefly_hamflyAPI_integration.a(Looptimer.o)
                0x000082f0                Looptimer_WriteCounter
 .text.isr_Looptimer_StartEx
                0x00008310       0x24 .\ARM_GCC_541\Debug\Proj06_freefly_hamflyAPI_integration.a(isr_Looptimer.o)
                0x00008310                isr_Looptimer_StartEx
 .text.isr_Looptimer_SetVector
                0x00008334       0x24 .\ARM_GCC_541\Debug\Proj06_freefly_hamflyAPI_integration.a(isr_Looptimer.o)
                0x00008334                isr_Looptimer_SetVector
 .text.isr_Looptimer_SetPriority
                0x00008358       0x24 .\ARM_GCC_541\Debug\Proj06_freefly_hamflyAPI_integration.a(isr_Looptimer.o)
                0x00008358                isr_Looptimer_SetPriority
 .text.isr_Looptimer_Enable
                0x0000837c       0x18 .\ARM_GCC_541\Debug\Proj06_freefly_hamflyAPI_integration.a(isr_Looptimer.o)
                0x0000837c                isr_Looptimer_Enable
 .text.isr_Looptimer_Disable
                0x00008394       0x18 .\ARM_GCC_541\Debug\Proj06_freefly_hamflyAPI_integration.a(isr_Looptimer.o)
                0x00008394                isr_Looptimer_Disable
 .text.Pin_Sensitivity_Read
                0x000083ac       0x20 .\ARM_GCC_541\Debug\Proj06_freefly_hamflyAPI_integration.a(Pin_Sensitivity.o)
                0x000083ac                Pin_Sensitivity_Read
 .text.ADC_DelSig_1_AMux_Start
                0x000083cc       0x34 .\ARM_GCC_541\Debug\Proj06_freefly_hamflyAPI_integration.a(ADC_DelSig_1_AMux.o)
                0x000083cc                ADC_DelSig_1_AMux_Start
 .text.ADC_DelSig_1_AMux_Select
                0x00008400       0x28 .\ARM_GCC_541\Debug\Proj06_freefly_hamflyAPI_integration.a(ADC_DelSig_1_AMux.o)
                0x00008400                ADC_DelSig_1_AMux_Select
 .text.ADC_DelSig_1_Ext_CP_Clk_SetDividerRegister
                0x00008428      0x164 .\ARM_GCC_541\Debug\Proj06_freefly_hamflyAPI_integration.a(ADC_DelSig_1_Ext_CP_Clk.o)
                0x00008428                ADC_DelSig_1_Ext_CP_Clk_SetDividerRegister
 .text.ADC_DelSig_1_Ext_CP_Clk_GetDividerRegister
                0x0000858c       0x18 .\ARM_GCC_541\Debug\Proj06_freefly_hamflyAPI_integration.a(ADC_DelSig_1_Ext_CP_Clk.o)
                0x0000858c                ADC_DelSig_1_Ext_CP_Clk_GetDividerRegister
 .text.ADC_DelSig_1_Ext_CP_Clk_SetModeRegister
                0x000085a4       0x34 .\ARM_GCC_541\Debug\Proj06_freefly_hamflyAPI_integration.a(ADC_DelSig_1_Ext_CP_Clk.o)
                0x000085a4                ADC_DelSig_1_Ext_CP_Clk_SetModeRegister
 .text.ADC_DelSig_1_Ext_CP_Clk_GetSourceRegister
                0x000085d8       0x1c .\ARM_GCC_541\Debug\Proj06_freefly_hamflyAPI_integration.a(ADC_DelSig_1_Ext_CP_Clk.o)
                0x000085d8                ADC_DelSig_1_Ext_CP_Clk_GetSourceRegister
 .text.ADC_DelSig_1_theACLK_SetDividerRegister
                0x000085f4      0x164 .\ARM_GCC_541\Debug\Proj06_freefly_hamflyAPI_integration.a(ADC_DelSig_1_theACLK.o)
                0x000085f4                ADC_DelSig_1_theACLK_SetDividerRegister
 .text.ADC_DelSig_1_theACLK_GetDividerRegister
                0x00008758       0x18 .\ARM_GCC_541\Debug\Proj06_freefly_hamflyAPI_integration.a(ADC_DelSig_1_theACLK.o)
                0x00008758                ADC_DelSig_1_theACLK_GetDividerRegister
 .text.ADC_DelSig_1_theACLK_SetModeRegister
                0x00008770       0x34 .\ARM_GCC_541\Debug\Proj06_freefly_hamflyAPI_integration.a(ADC_DelSig_1_theACLK.o)
                0x00008770                ADC_DelSig_1_theACLK_SetModeRegister
 .text.ADC_DelSig_1_theACLK_GetSourceRegister
                0x000087a4       0x1c .\ARM_GCC_541\Debug\Proj06_freefly_hamflyAPI_integration.a(ADC_DelSig_1_theACLK.o)
                0x000087a4                ADC_DelSig_1_theACLK_GetSourceRegister
 .text.UART_1_IntClock_Start
                0x000087c0       0x34 .\ARM_GCC_541\Debug\Proj06_freefly_hamflyAPI_integration.a(UART_1_IntClock.o)
                0x000087c0                UART_1_IntClock_Start
 .text.CyHalt   0x000087f4       0x18 .\ARM_GCC_541\Debug\Proj06_freefly_hamflyAPI_integration.a(CyLib.o)
                0x000087f4                CyHalt
 .text.CyDelay  0x0000880c       0x44 .\ARM_GCC_541\Debug\Proj06_freefly_hamflyAPI_integration.a(CyLib.o)
                0x0000880c                CyDelay
 .text.CyDelayUs
                0x00008850       0x28 .\ARM_GCC_541\Debug\Proj06_freefly_hamflyAPI_integration.a(CyLib.o)
                0x00008850                CyDelayUs
 .text.CyIntSetVector
                0x00008878       0x50 .\ARM_GCC_541\Debug\Proj06_freefly_hamflyAPI_integration.a(CyLib.o)
                0x00008878                CyIntSetVector
 .text.CyIntSetPriority
                0x000088c8       0x48 .\ARM_GCC_541\Debug\Proj06_freefly_hamflyAPI_integration.a(CyLib.o)
                0x000088c8                CyIntSetPriority
 .text.EEPROM_CONFIG_Enable
                0x00008910       0x10 .\ARM_GCC_541\Debug\Proj06_freefly_hamflyAPI_integration.a(EEPROM_CONFIG.o)
                0x00008910                EEPROM_CONFIG_Enable
 .text.EEPROM_CONFIG_Start
                0x00008920        0xc .\ARM_GCC_541\Debug\Proj06_freefly_hamflyAPI_integration.a(EEPROM_CONFIG.o)
                0x00008920                EEPROM_CONFIG_Start
 .text.EEPROM_CONFIG_UpdateTemperature
                0x0000892c       0x10 .\ARM_GCC_541\Debug\Proj06_freefly_hamflyAPI_integration.a(EEPROM_CONFIG.o)
                0x0000892c                EEPROM_CONFIG_UpdateTemperature
 .text.EEPROM_CONFIG_Write
                0x0000893c       0xf0 .\ARM_GCC_541\Debug\Proj06_freefly_hamflyAPI_integration.a(EEPROM_CONFIG.o)
                0x0000893c                EEPROM_CONFIG_Write
 *fill*         0x00008a2c        0x4 
 .text          0x00008a30       0x54 .\ARM_GCC_541\Debug\Proj06_freefly_hamflyAPI_integration.a(CyBootAsmGnu.o)
                0x00008a30                CyDelayCycles
                0x00008a6e                CyEnterCriticalSection
                0x00008a76                CyExitCriticalSection
 .text.CySetTempInt
                0x00008a84       0x7c .\ARM_GCC_541\Debug\Proj06_freefly_hamflyAPI_integration.a(CyFlash.o)
 .text.CyFlashGetSpcAlgorithm
                0x00008b00       0x70 .\ARM_GCC_541\Debug\Proj06_freefly_hamflyAPI_integration.a(CyFlash.o)
                0x00008b00                CyFlashGetSpcAlgorithm
 .text.CySetTemp
                0x00008b70       0x24 .\ARM_GCC_541\Debug\Proj06_freefly_hamflyAPI_integration.a(CyFlash.o)
                0x00008b70                CySetTemp
 .text.CyEEPROM_Start
                0x00008b94       0x8c .\ARM_GCC_541\Debug\Proj06_freefly_hamflyAPI_integration.a(CyFlash.o)
                0x00008b94                CyEEPROM_Start
 .text.CySpcStart
                0x00008c20       0x48 .\ARM_GCC_541\Debug\Proj06_freefly_hamflyAPI_integration.a(CySpc.o)
                0x00008c20                CySpcStart
 .text.CySpcReadData
                0x00008c68       0x54 .\ARM_GCC_541\Debug\Proj06_freefly_hamflyAPI_integration.a(CySpc.o)
                0x00008c68                CySpcReadData
 .text.CySpcLoadRow
                0x00008cbc       0x88 .\ARM_GCC_541\Debug\Proj06_freefly_hamflyAPI_integration.a(CySpc.o)
                0x00008cbc                CySpcLoadRow
 .text.CySpcWriteRow
                0x00008d44       0x98 .\ARM_GCC_541\Debug\Proj06_freefly_hamflyAPI_integration.a(CySpc.o)
                0x00008d44                CySpcWriteRow
 .text.CySpcGetTemp
                0x00008ddc       0x64 .\ARM_GCC_541\Debug\Proj06_freefly_hamflyAPI_integration.a(CySpc.o)
                0x00008ddc                CySpcGetTemp
 .text.CySpcLock
                0x00008e40       0x68 .\ARM_GCC_541\Debug\Proj06_freefly_hamflyAPI_integration.a(CySpc.o)
                0x00008e40                CySpcLock
 .text.CySpcUnlock
                0x00008ea8       0x50 .\ARM_GCC_541\Debug\Proj06_freefly_hamflyAPI_integration.a(CySpc.o)
                0x00008ea8                CySpcUnlock
 .text.CySpcGetAlgorithm
                0x00008ef8       0x44 .\ARM_GCC_541\Debug\Proj06_freefly_hamflyAPI_integration.a(CySpc.o)
                0x00008ef8                CySpcGetAlgorithm
 .text.asinf    0x00008f3c       0xa4 c:/program files (x86)/cypress/psoc creator/4.4/psoc creator/import/gnu/arm/5.4.1/bin/../lib/gcc/arm-none-eabi/5.4.1/../../../../arm-none-eabi/lib/armv7-m\libm.a(lib_a-wf_asin.o)
                0x00008f3c                asinf
 .text.atan2f   0x00008fe0        0x4 c:/program files (x86)/cypress/psoc creator/4.4/psoc creator/import/gnu/arm/5.4.1/bin/../lib/gcc/arm-none-eabi/5.4.1/../../../../arm-none-eabi/lib/armv7-m\libm.a(lib_a-wf_atan2.o)
                0x00008fe0                atan2f
 .text.__ieee754_asinf
                0x00008fe4      0x294 c:/program files (x86)/cypress/psoc creator/4.4/psoc creator/import/gnu/arm/5.4.1/bin/../lib/gcc/arm-none-eabi/5.4.1/../../../../arm-none-eabi/lib/armv7-m\libm.a(lib_a-ef_asin.o)
                0x00008fe4                __ieee754_asinf
 .text.__ieee754_atan2f
                0x00009278      0x124 c:/program files (x86)/cypress/psoc creator/4.4/psoc creator/import/gnu/arm/5.4.1/bin/../lib/gcc/arm-none-eabi/5.4.1/../../../../arm-none-eabi/lib/armv7-m\libm.a(lib_a-ef_atan2.o)
                0x00009278                __ieee754_atan2f
 .text.__ieee754_sqrtf
                0x0000939c       0xa8 c:/program files (x86)/cypress/psoc creator/4.4/psoc creator/import/gnu/arm/5.4.1/bin/../lib/gcc/arm-none-eabi/5.4.1/../../../../arm-none-eabi/lib/armv7-m\libm.a(lib_a-ef_sqrt.o)
                0x0000939c                __ieee754_sqrtf
 .text.matherr  0x00009444        0x4 c:/program files (x86)/cypress/psoc creator/4.4/psoc creator/import/gnu/arm/5.4.1/bin/../lib/gcc/arm-none-eabi/5.4.1/../../../../arm-none-eabi/lib/armv7-m\libm.a(lib_a-s_matherr.o)
                0x00009444                matherr
 .text.nan      0x00009448        0xc c:/program files (x86)/cypress/psoc creator/4.4/psoc creator/import/gnu/arm/5.4.1/bin/../lib/gcc/arm-none-eabi/5.4.1/../../../../arm-none-eabi/lib/armv7-m\libm.a(lib_a-s_nan.o)
                0x00009448                nan
 .text.atanf    0x00009454      0x22c c:/program files (x86)/cypress/psoc creator/4.4/psoc creator/import/gnu/arm/5.4.1/bin/../lib/gcc/arm-none-eabi/5.4.1/../../../../arm-none-eabi/lib/armv7-m\libm.a(lib_a-sf_atan.o)
                0x00009454                atanf
 .text.fabsf    0x00009680        0x8 c:/program files (x86)/cypress/psoc creator/4.4/psoc creator/import/gnu/arm/5.4.1/bin/../lib/gcc/arm-none-eabi/5.4.1/../../../../arm-none-eabi/lib/armv7-m\libm.a(lib_a-sf_fabs.o)
                0x00009680                fabsf
 .text          0x00009688      0x370 c:/program files (x86)/cypress/psoc creator/4.4/psoc creator/import/gnu/arm/5.4.1/bin/../lib/gcc/arm-none-eabi/5.4.1/armv7-m\libgcc.a(_arm_addsubdf3.o)
                0x00009688                __aeabi_drsub
                0x00009690                __aeabi_dsub
                0x00009690                __subdf3
                0x00009694                __aeabi_dadd
                0x00009694                __adddf3
                0x0000990c                __floatunsidf
                0x0000990c                __aeabi_ui2d
                0x0000992c                __floatsidf
                0x0000992c                __aeabi_i2d
                0x00009950                __aeabi_f2d
                0x00009950                __extendsfdf2
                0x0000998c                __floatundidf
                0x0000998c                __aeabi_ul2d
                0x0000999c                __floatdidf
                0x0000999c                __aeabi_l2d
 .text          0x000099f8      0x424 c:/program files (x86)/cypress/psoc creator/4.4/psoc creator/import/gnu/arm/5.4.1/bin/../lib/gcc/arm-none-eabi/5.4.1/armv7-m\libgcc.a(_arm_muldivdf3.o)
                0x000099f8                __aeabi_dmul
                0x000099f8                __muldf3
                0x00009c4c                __divdf3
                0x00009c4c                __aeabi_ddiv
 .text          0x00009e1c      0x110 c:/program files (x86)/cypress/psoc creator/4.4/psoc creator/import/gnu/arm/5.4.1/bin/../lib/gcc/arm-none-eabi/5.4.1/armv7-m\libgcc.a(_arm_cmpdf2.o)
                0x00009e1c                __gtdf2
                0x00009e1c                __gedf2
                0x00009e24                __ltdf2
                0x00009e24                __ledf2
                0x00009e2c                __nedf2
                0x00009e2c                __eqdf2
                0x00009e2c                __cmpdf2
                0x00009ea8                __aeabi_cdrcmple
                0x00009eb8                __aeabi_cdcmpeq
                0x00009eb8                __aeabi_cdcmple
                0x00009ec8                __aeabi_dcmpeq
                0x00009edc                __aeabi_dcmplt
                0x00009ef0                __aeabi_dcmple
                0x00009f04                __aeabi_dcmpge
                0x00009f18                __aeabi_dcmpgt
 .text          0x00009f2c       0x2c c:/program files (x86)/cypress/psoc creator/4.4/psoc creator/import/gnu/arm/5.4.1/bin/../lib/gcc/arm-none-eabi/5.4.1/armv7-m\libgcc.a(_arm_unorddf2.o)
                0x00009f2c                __unorddf2
                0x00009f2c                __aeabi_dcmpun
 .text          0x00009f58       0x50 c:/program files (x86)/cypress/psoc creator/4.4/psoc creator/import/gnu/arm/5.4.1/bin/../lib/gcc/arm-none-eabi/5.4.1/armv7-m\libgcc.a(_arm_fixdfsi.o)
                0x00009f58                __aeabi_d2iz
                0x00009f58                __fixdfsi
 .text          0x00009fa8       0xa0 c:/program files (x86)/cypress/psoc creator/4.4/psoc creator/import/gnu/arm/5.4.1/bin/../lib/gcc/arm-none-eabi/5.4.1/armv7-m\libgcc.a(_arm_truncdfsf2.o)
                0x00009fa8                __truncdfsf2
                0x00009fa8                __aeabi_d2f
 .text          0x0000a048      0x21c c:/program files (x86)/cypress/psoc creator/4.4/psoc creator/import/gnu/arm/5.4.1/bin/../lib/gcc/arm-none-eabi/5.4.1/armv7-m\libgcc.a(_arm_addsubsf3.o)
                0x0000a048                __aeabi_frsub
                0x0000a050                __subsf3
                0x0000a050                __aeabi_fsub
                0x0000a054                __aeabi_fadd
                0x0000a054                __addsf3
                0x0000a1b4                __aeabi_ui2f
                0x0000a1b4                __floatunsisf
                0x0000a1bc                __aeabi_i2f
                0x0000a1bc                __floatsisf
                0x0000a1d8                __aeabi_ul2f
                0x0000a1d8                __floatundisf
                0x0000a1e8                __aeabi_l2f
                0x0000a1e8                __floatdisf
 .text          0x0000a264      0x2a0 c:/program files (x86)/cypress/psoc creator/4.4/psoc creator/import/gnu/arm/5.4.1/bin/../lib/gcc/arm-none-eabi/5.4.1/armv7-m\libgcc.a(_arm_muldivsf3.o)
                0x0000a264                __mulsf3
                0x0000a264                __aeabi_fmul
                0x0000a3cc                __aeabi_fdiv
                0x0000a3cc                __divsf3
 .text          0x0000a504       0xec c:/program files (x86)/cypress/psoc creator/4.4/psoc creator/import/gnu/arm/5.4.1/bin/../lib/gcc/arm-none-eabi/5.4.1/armv7-m\libgcc.a(_arm_cmpsf2.o)
                0x0000a504                __gesf2
                0x0000a504                __gtsf2
                0x0000a50c                __lesf2
                0x0000a50c                __ltsf2
                0x0000a514                __nesf2
                0x0000a514                __eqsf2
                0x0000a514                __cmpsf2
                0x0000a574                __aeabi_cfrcmple
                0x0000a57c                __aeabi_cfcmpeq
                0x0000a57c                __aeabi_cfcmple
                0x0000a58c                __aeabi_fcmpeq
                0x0000a5a0                __aeabi_fcmplt
                0x0000a5b4                __aeabi_fcmple
                0x0000a5c8                __aeabi_fcmpge
                0x0000a5dc                __aeabi_fcmpgt
 .text          0x0000a5f0       0x2c c:/program files (x86)/cypress/psoc creator/4.4/psoc creator/import/gnu/arm/5.4.1/bin/../lib/gcc/arm-none-eabi/5.4.1/armv7-m\libgcc.a(_arm_unordsf2.o)
                0x0000a5f0                __unordsf2
                0x0000a5f0                __aeabi_fcmpun
 .text          0x0000a61c       0x4c c:/program files (x86)/cypress/psoc creator/4.4/psoc creator/import/gnu/arm/5.4.1/bin/../lib/gcc/arm-none-eabi/5.4.1/armv7-m\libgcc.a(_arm_fixsfsi.o)
                0x0000a61c                __aeabi_f2iz
                0x0000a61c                __fixsfsi
 .text          0x0000a668       0x40 c:/program files (x86)/cypress/psoc creator/4.4/psoc creator/import/gnu/arm/5.4.1/bin/../lib/gcc/arm-none-eabi/5.4.1/armv7-m\libgcc.a(_arm_fixunssfsi.o)
                0x0000a668                __fixunssfsi
                0x0000a668                __aeabi_f2uiz
 .text.__errno  0x0000a6a8        0xc c:/program files (x86)/cypress/psoc creator/4.4/psoc creator/import/gnu/arm/5.4.1/bin/../lib/gcc/arm-none-eabi/5.4.1/../../../../arm-none-eabi/lib/armv7-m\libg_nano.a(lib_a-errno.o)
                0x0000a6a8                __errno
 .text.__libc_init_array
                0x0000a6b4       0x4c c:/program files (x86)/cypress/psoc creator/4.4/psoc creator/import/gnu/arm/5.4.1/bin/../lib/gcc/arm-none-eabi/5.4.1/../../../../arm-none-eabi/lib/armv7-m\libg_nano.a(lib_a-init.o)
                0x0000a6b4                __libc_init_array
 .text.memcpy   0x0000a700       0x16 c:/program files (x86)/cypress/psoc creator/4.4/psoc creator/import/gnu/arm/5.4.1/bin/../lib/gcc/arm-none-eabi/5.4.1/../../../../arm-none-eabi/lib/armv7-m\libg_nano.a(lib_a-memcpy-stub.o)
                0x0000a700                memcpy
 .text.memset   0x0000a716       0x10 c:/program files (x86)/cypress/psoc creator/4.4/psoc creator/import/gnu/arm/5.4.1/bin/../lib/gcc/arm-none-eabi/5.4.1/../../../../arm-none-eabi/lib/armv7-m\libg_nano.a(lib_a-memset.o)
                0x0000a716                memset
 .text.__cvt    0x0000a726       0xc0 c:/program files (x86)/cypress/psoc creator/4.4/psoc creator/import/gnu/arm/5.4.1/bin/../lib/gcc/arm-none-eabi/5.4.1/../../../../arm-none-eabi/lib/armv7-m\libg_nano.a(lib_a-nano-vfprintf_float.o)
                0x0000a726                __cvt
 .text.__exponent
                0x0000a7e6       0x62 c:/program files (x86)/cypress/psoc creator/4.4/psoc creator/import/gnu/arm/5.4.1/bin/../lib/gcc/arm-none-eabi/5.4.1/../../../../arm-none-eabi/lib/armv7-m\libg_nano.a(lib_a-nano-vfprintf_float.o)
                0x0000a7e6                __exponent
 .text._printf_float
                0x0000a848      0x488 c:/program files (x86)/cypress/psoc creator/4.4/psoc creator/import/gnu/arm/5.4.1/bin/../lib/gcc/arm-none-eabi/5.4.1/../../../../arm-none-eabi/lib/armv7-m\libg_nano.a(lib_a-nano-vfprintf_float.o)
                0x0000a848                _printf_float
 .text._printf_common
                0x0000acd0       0xec c:/program files (x86)/cypress/psoc creator/4.4/psoc creator/import/gnu/arm/5.4.1/bin/../lib/gcc/arm-none-eabi/5.4.1/../../../../arm-none-eabi/lib/armv7-m\libg_nano.a(lib_a-nano-vfprintf_i.o)
                0x0000acd0                _printf_common
 .text._printf_i
                0x0000adbc      0x24c c:/program files (x86)/cypress/psoc creator/4.4/psoc creator/import/gnu/arm/5.4.1/bin/../lib/gcc/arm-none-eabi/5.4.1/../../../../arm-none-eabi/lib/armv7-m\libg_nano.a(lib_a-nano-vfprintf_i.o)
                0x0000adbc                _printf_i
 .text.sprintf  0x0000b008       0x48 c:/program files (x86)/cypress/psoc creator/4.4/psoc creator/import/gnu/arm/5.4.1/bin/../lib/gcc/arm-none-eabi/5.4.1/../../../../arm-none-eabi/lib/armv7-m\libg_nano.a(lib_a-sprintf.o)
                0x0000b008                siprintf
                0x0000b008                sprintf
 .text          0x0000b050       0x10 c:/program files (x86)/cypress/psoc creator/4.4/psoc creator/import/gnu/arm/5.4.1/bin/../lib/gcc/arm-none-eabi/5.4.1/../../../../arm-none-eabi/lib/armv7-m\libg_nano.a(lib_a-strlen.o)
                0x0000b050                strlen
 .text.quorem   0x0000b060      0x116 c:/program files (x86)/cypress/psoc creator/4.4/psoc creator/import/gnu/arm/5.4.1/bin/../lib/gcc/arm-none-eabi/5.4.1/../../../../arm-none-eabi/lib/armv7-m\libg_nano.a(lib_a-dtoa.o)
 *fill*         0x0000b176        0x2 
 .text._dtoa_r  0x0000b178      0xb30 c:/program files (x86)/cypress/psoc creator/4.4/psoc creator/import/gnu/arm/5.4.1/bin/../lib/gcc/arm-none-eabi/5.4.1/../../../../arm-none-eabi/lib/armv7-m\libg_nano.a(lib_a-dtoa.o)
                0x0000b178                _dtoa_r
 .text._localeconv_r
                0x0000bca8        0x8 c:/program files (x86)/cypress/psoc creator/4.4/psoc creator/import/gnu/arm/5.4.1/bin/../lib/gcc/arm-none-eabi/5.4.1/../../../../arm-none-eabi/lib/armv7-m\libg_nano.a(lib_a-locale.o)
                0x0000bca8                _localeconv_r
 .text.malloc   0x0000bcb0       0x10 c:/program files (x86)/cypress/psoc creator/4.4/psoc creator/import/gnu/arm/5.4.1/bin/../lib/gcc/arm-none-eabi/5.4.1/../../../../arm-none-eabi/lib/armv7-m\libg_nano.a(lib_a-malloc.o)
                0x0000bcb0                malloc
 .text.memchr   0x0000bcc0       0x1c c:/program files (x86)/cypress/psoc creator/4.4/psoc creator/import/gnu/arm/5.4.1/bin/../lib/gcc/arm-none-eabi/5.4.1/../../../../arm-none-eabi/lib/armv7-m\libg_nano.a(lib_a-memchr-stub.o)
                0x0000bcc0                memchr
 .text._Balloc  0x0000bcdc       0x6a c:/program files (x86)/cypress/psoc creator/4.4/psoc creator/import/gnu/arm/5.4.1/bin/../lib/gcc/arm-none-eabi/5.4.1/../../../../arm-none-eabi/lib/armv7-m\libg_nano.a(lib_a-mprec.o)
                0x0000bcdc                _Balloc
 .text._Bfree   0x0000bd46       0x2e c:/program files (x86)/cypress/psoc creator/4.4/psoc creator/import/gnu/arm/5.4.1/bin/../lib/gcc/arm-none-eabi/5.4.1/../../../../arm-none-eabi/lib/armv7-m\libg_nano.a(lib_a-mprec.o)
                0x0000bd46                _Bfree
 .text.__multadd
                0x0000bd74       0x76 c:/program files (x86)/cypress/psoc creator/4.4/psoc creator/import/gnu/arm/5.4.1/bin/../lib/gcc/arm-none-eabi/5.4.1/../../../../arm-none-eabi/lib/armv7-m\libg_nano.a(lib_a-mprec.o)
                0x0000bd74                __multadd
 .text.__hi0bits
                0x0000bdea       0x40 c:/program files (x86)/cypress/psoc creator/4.4/psoc creator/import/gnu/arm/5.4.1/bin/../lib/gcc/arm-none-eabi/5.4.1/../../../../arm-none-eabi/lib/armv7-m\libg_nano.a(lib_a-mprec.o)
                0x0000bdea                __hi0bits
 .text.__lo0bits
                0x0000be2a       0x5a c:/program files (x86)/cypress/psoc creator/4.4/psoc creator/import/gnu/arm/5.4.1/bin/../lib/gcc/arm-none-eabi/5.4.1/../../../../arm-none-eabi/lib/armv7-m\libg_nano.a(lib_a-mprec.o)
                0x0000be2a                __lo0bits
 .text.__i2b    0x0000be84       0x12 c:/program files (x86)/cypress/psoc creator/4.4/psoc creator/import/gnu/arm/5.4.1/bin/../lib/gcc/arm-none-eabi/5.4.1/../../../../arm-none-eabi/lib/armv7-m\libg_nano.a(lib_a-mprec.o)
                0x0000be84                __i2b
 .text.__multiply
                0x0000be96      0x120 c:/program files (x86)/cypress/psoc creator/4.4/psoc creator/import/gnu/arm/5.4.1/bin/../lib/gcc/arm-none-eabi/5.4.1/../../../../arm-none-eabi/lib/armv7-m\libg_nano.a(lib_a-mprec.o)
                0x0000be96                __multiply
 *fill*         0x0000bfb6        0x2 
 .text.__pow5mult
                0x0000bfb8       0x9c c:/program files (x86)/cypress/psoc creator/4.4/psoc creator/import/gnu/arm/5.4.1/bin/../lib/gcc/arm-none-eabi/5.4.1/../../../../arm-none-eabi/lib/armv7-m\libg_nano.a(lib_a-mprec.o)
                0x0000bfb8                __pow5mult
 .text.__lshift
                0x0000c054       0xa2 c:/program files (x86)/cypress/psoc creator/4.4/psoc creator/import/gnu/arm/5.4.1/bin/../lib/gcc/arm-none-eabi/5.4.1/../../../../arm-none-eabi/lib/armv7-m\libg_nano.a(lib_a-mprec.o)
                0x0000c054                __lshift
 .text.__mcmp   0x0000c0f6       0x38 c:/program files (x86)/cypress/psoc creator/4.4/psoc creator/import/gnu/arm/5.4.1/bin/../lib/gcc/arm-none-eabi/5.4.1/../../../../arm-none-eabi/lib/armv7-m\libg_nano.a(lib_a-mprec.o)
                0x0000c0f6                __mcmp
 .text.__mdiff  0x0000c12e       0xbe c:/program files (x86)/cypress/psoc creator/4.4/psoc creator/import/gnu/arm/5.4.1/bin/../lib/gcc/arm-none-eabi/5.4.1/../../../../arm-none-eabi/lib/armv7-m\libg_nano.a(lib_a-mprec.o)
                0x0000c12e                __mdiff
 .text.__d2b    0x0000c1ec       0x9c c:/program files (x86)/cypress/psoc creator/4.4/psoc creator/import/gnu/arm/5.4.1/bin/../lib/gcc/arm-none-eabi/5.4.1/../../../../arm-none-eabi/lib/armv7-m\libg_nano.a(lib_a-mprec.o)
                0x0000c1ec                __d2b
 .text._calloc_r
                0x0000c288       0x1c c:/program files (x86)/cypress/psoc creator/4.4/psoc creator/import/gnu/arm/5.4.1/bin/../lib/gcc/arm-none-eabi/5.4.1/../../../../arm-none-eabi/lib/armv7-m\libg_nano.a(lib_a-nano-callocr.o)
                0x0000c288                _calloc_r
 .text._free_r  0x0000c2a4       0x98 c:/program files (x86)/cypress/psoc creator/4.4/psoc creator/import/gnu/arm/5.4.1/bin/../lib/gcc/arm-none-eabi/5.4.1/../../../../arm-none-eabi/lib/armv7-m\libg_nano.a(lib_a-nano-freer.o)
                0x0000c2a4                _free_r
 .text._malloc_r
                0x0000c33c       0xbc c:/program files (x86)/cypress/psoc creator/4.4/psoc creator/import/gnu/arm/5.4.1/bin/../lib/gcc/arm-none-eabi/5.4.1/../../../../arm-none-eabi/lib/armv7-m\libg_nano.a(lib_a-nano-mallocr.o)
                0x0000c33c                _malloc_r
 .text.__ssputs_r
                0x0000c3f8       0xb2 c:/program files (x86)/cypress/psoc creator/4.4/psoc creator/import/gnu/arm/5.4.1/bin/../lib/gcc/arm-none-eabi/5.4.1/../../../../arm-none-eabi/lib/armv7-m\libg_nano.a(lib_a-nano-svfprintf.o)
                0x0000c3f8                __ssputs_r
 *fill*         0x0000c4aa        0x2 
 .text._svfprintf_r
                0x0000c4ac      0x1e8 c:/program files (x86)/cypress/psoc creator/4.4/psoc creator/import/gnu/arm/5.4.1/bin/../lib/gcc/arm-none-eabi/5.4.1/../../../../arm-none-eabi/lib/armv7-m\libg_nano.a(lib_a-nano-svfprintf.o)
                0x0000c4ac                _svfiprintf_r
                0x0000c4ac                _svfprintf_r
 .text._sbrk_r  0x0000c694       0x20 c:/program files (x86)/cypress/psoc creator/4.4/psoc creator/import/gnu/arm/5.4.1/bin/../lib/gcc/arm-none-eabi/5.4.1/../../../../arm-none-eabi/lib/armv7-m\libg_nano.a(lib_a-sbrkr.o)
                0x0000c694                _sbrk_r
 .text.memmove  0x0000c6b4       0x36 c:/program files (x86)/cypress/psoc creator/4.4/psoc creator/import/gnu/arm/5.4.1/bin/../lib/gcc/arm-none-eabi/5.4.1/../../../../arm-none-eabi/lib/armv7-m\libg_nano.a(lib_a-memmove.o)
                0x0000c6b4                memmove
 .text.__malloc_lock
                0x0000c6ea        0x2 c:/program files (x86)/cypress/psoc creator/4.4/psoc creator/import/gnu/arm/5.4.1/bin/../lib/gcc/arm-none-eabi/5.4.1/../../../../arm-none-eabi/lib/armv7-m\libg_nano.a(lib_a-mlock.o)
                0x0000c6ea                __malloc_lock
 .text.__malloc_unlock
                0x0000c6ec        0x2 c:/program files (x86)/cypress/psoc creator/4.4/psoc creator/import/gnu/arm/5.4.1/bin/../lib/gcc/arm-none-eabi/5.4.1/../../../../arm-none-eabi/lib/armv7-m\libg_nano.a(lib_a-mlock.o)
                0x0000c6ec                __malloc_unlock
 .text._realloc_r
                0x0000c6ee       0x4c c:/program files (x86)/cypress/psoc creator/4.4/psoc creator/import/gnu/arm/5.4.1/bin/../lib/gcc/arm-none-eabi/5.4.1/../../../../arm-none-eabi/lib/armv7-m\libg_nano.a(lib_a-nano-reallocr.o)
                0x0000c6ee                _realloc_r
 .text._malloc_usable_size_r
                0x0000c73a       0x14 c:/program files (x86)/cypress/psoc creator/4.4/psoc creator/import/gnu/arm/5.4.1/bin/../lib/gcc/arm-none-eabi/5.4.1/../../../../arm-none-eabi/lib/armv7-m\libg_nano.a(lib_a-nano-msizer.o)
                0x0000c73a                _malloc_usable_size_r
 *(.plt)
 *(.gnu.warning)
 *(.glue_7t)
 .glue_7t       0x0000c74e        0x0 linker stubs
 *(.glue_7)
 .glue_7        0x0000c74e        0x0 linker stubs
 *(.vfp11_veneer)
 .vfp11_veneer  0x0000c74e        0x0 linker stubs
 *(.bootloader)
 *(.ARM.extab* .gnu.linkonce.armextab.*)
 *(.gcc_except_table)

.v4_bx          0x0000c750        0x0
 .v4_bx         0x0000c750        0x0 linker stubs

.iplt           0x0000c750        0x0
 .iplt          0x0000c750        0x0 c:/program files (x86)/cypress/psoc creator/4.4/psoc creator/import/gnu/arm/5.4.1/bin/../lib/gcc/arm-none-eabi/5.4.1/armv7-m/crtbegin.o

.eh_frame_hdr
 *(.eh_frame_hdr)

.eh_frame       0x0000c750        0x4
 *(.eh_frame)
 .eh_frame      0x0000c750        0x0 c:/program files (x86)/cypress/psoc creator/4.4/psoc creator/import/gnu/arm/5.4.1/bin/../lib/gcc/arm-none-eabi/5.4.1/armv7-m/crtbegin.o
 .eh_frame      0x0000c750        0x4 c:/program files (x86)/cypress/psoc creator/4.4/psoc creator/import/gnu/arm/5.4.1/bin/../lib/gcc/arm-none-eabi/5.4.1/armv7-m/crtend.o
                [!provide]                PROVIDE (__exidx_start, .)

.ARM.exidx
 *(.ARM.exidx* .gnu.linkonce.armexidx.*)
                0x0000c754                __exidx_end = .

.rodata         0x0000c758      0xfb8
 *(.rodata .rodata.* .gnu.linkonce.r.*)
 .rodata        0x0000c758      0xda0 .\ARM_GCC_541\Debug\main.o
 .rodata        0x0000d4f8       0x56 .\ARM_GCC_541\Debug\cyfitter_cfg.o
                0x0000d4f8                AMux_1__addrTable
                0x0000d508                AMux_1__maskTable
                0x0000d50c                ADC_DelSig_1_AMux__addrTable
                0x0000d514                ADC_DelSig_1_AMux__maskTable
 *fill*         0x0000d54e        0x2 
 .rodata.str1.4
                0x0000d550        0xc c:/program files (x86)/cypress/psoc creator/4.4/psoc creator/import/gnu/arm/5.4.1/bin/../lib/gcc/arm-none-eabi/5.4.1/../../../../arm-none-eabi/lib/armv7-m\libm.a(lib_a-wf_asin.o)
                                  0x9 (size before relaxing)
 .rodata.atanlo
                0x0000d55c       0x10 c:/program files (x86)/cypress/psoc creator/4.4/psoc creator/import/gnu/arm/5.4.1/bin/../lib/gcc/arm-none-eabi/5.4.1/../../../../arm-none-eabi/lib/armv7-m\libm.a(lib_a-sf_atan.o)
 .rodata.atanhi
                0x0000d56c       0x10 c:/program files (x86)/cypress/psoc creator/4.4/psoc creator/import/gnu/arm/5.4.1/bin/../lib/gcc/arm-none-eabi/5.4.1/../../../../arm-none-eabi/lib/armv7-m\libm.a(lib_a-sf_atan.o)
 .rodata.str1.1
                0x0000d57c        0x2 c:/program files (x86)/cypress/psoc creator/4.4/psoc creator/import/gnu/arm/5.4.1/bin/../lib/gcc/arm-none-eabi/5.4.1/../../../../arm-none-eabi/lib/armv7-m\libg_nano.a(lib_a-impure.o)
 .rodata.str1.1
                0x0000d57e       0x12 c:/program files (x86)/cypress/psoc creator/4.4/psoc creator/import/gnu/arm/5.4.1/bin/../lib/gcc/arm-none-eabi/5.4.1/../../../../arm-none-eabi/lib/armv7-m\libg_nano.a(lib_a-nano-vfprintf_float.o)
 .rodata.str1.1
                0x0000d590       0x22 c:/program files (x86)/cypress/psoc creator/4.4/psoc creator/import/gnu/arm/5.4.1/bin/../lib/gcc/arm-none-eabi/5.4.1/../../../../arm-none-eabi/lib/armv7-m\libg_nano.a(lib_a-nano-vfprintf_i.o)
 .rodata.str1.1
                0x0000d5b2        0xd c:/program files (x86)/cypress/psoc creator/4.4/psoc creator/import/gnu/arm/5.4.1/bin/../lib/gcc/arm-none-eabi/5.4.1/../../../../arm-none-eabi/lib/armv7-m\libg_nano.a(lib_a-dtoa.o)
                                  0xf (size before relaxing)
 .rodata.str1.1
                0x0000d5bf        0x8 c:/program files (x86)/cypress/psoc creator/4.4/psoc creator/import/gnu/arm/5.4.1/bin/../lib/gcc/arm-none-eabi/5.4.1/../../../../arm-none-eabi/lib/armv7-m\libg_nano.a(lib_a-locale.o)
                                  0xb (size before relaxing)
 *fill*         0x0000d5c7        0x1 
 .rodata.__mprec_tens
                0x0000d5c8       0xc8 c:/program files (x86)/cypress/psoc creator/4.4/psoc creator/import/gnu/arm/5.4.1/bin/../lib/gcc/arm-none-eabi/5.4.1/../../../../arm-none-eabi/lib/armv7-m\libg_nano.a(lib_a-mprec.o)
                0x0000d5c8                __mprec_tens
 .rodata.p05.5408
                0x0000d690        0xc c:/program files (x86)/cypress/psoc creator/4.4/psoc creator/import/gnu/arm/5.4.1/bin/../lib/gcc/arm-none-eabi/5.4.1/../../../../arm-none-eabi/lib/armv7-m\libg_nano.a(lib_a-mprec.o)
 *fill*         0x0000d69c        0x4 
 .rodata.__mprec_bigtens
                0x0000d6a0       0x28 c:/program files (x86)/cypress/psoc creator/4.4/psoc creator/import/gnu/arm/5.4.1/bin/../lib/gcc/arm-none-eabi/5.4.1/../../../../arm-none-eabi/lib/armv7-m\libg_nano.a(lib_a-mprec.o)
                0x0000d6a0                __mprec_bigtens
 .rodata.str1.1
                0x0000d6c8       0x11 c:/program files (x86)/cypress/psoc creator/4.4/psoc creator/import/gnu/arm/5.4.1/bin/../lib/gcc/arm-none-eabi/5.4.1/../../../../arm-none-eabi/lib/armv7-m\libg_nano.a(lib_a-nano-svfprintf.o)
                0x0000d6dc                . = ALIGN (0x4)
 *fill*         0x0000d6d9        0x3 
 *(.init)
 .init          0x0000d6dc        0x4 c:/program files (x86)/cypress/psoc creator/4.4/psoc creator/import/gnu/arm/5.4.1/bin/../lib/gcc/arm-none-eabi/5.4.1/armv7-m/crti.o
                0x0000d6dc                _init
 .init          0x0000d6e0        0x8 c:/program files (x86)/cypress/psoc creator/4.4/psoc creator/import/gnu/arm/5.4.1/bin/../lib/gcc/arm-none-eabi/5.4.1/armv7-m/crtn.o
                0x0000d6e8                . = ALIGN (0x4)
                0x0000d6e8                __preinit_array_start = .
 *(.preinit_array)
                0x0000d6e8                __preinit_array_end = .
                0x0000d6e8                . = ALIGN (0x4)
                0x0000d6e8                __init_array_start = .
 *(SORT(.init_array.*))
 *(.init_array)
 .init_array    0x0000d6e8        0x4 c:/program files (x86)/cypress/psoc creator/4.4/psoc creator/import/gnu/arm/5.4.1/bin/../lib/gcc/arm-none-eabi/5.4.1/armv7-m/crtbegin.o
 .init_array    0x0000d6ec        0x4 .\ARM_GCC_541\Debug\Cm3Start.o
                0x0000d6f0                __init_array_end = .
                0x0000d6f0                . = ALIGN (0x4)
 *(.fini)
 .fini          0x0000d6f0        0x4 c:/program files (x86)/cypress/psoc creator/4.4/psoc creator/import/gnu/arm/5.4.1/bin/../lib/gcc/arm-none-eabi/5.4.1/armv7-m/crti.o
                0x0000d6f0                _fini
 .fini          0x0000d6f4        0x8 c:/program files (x86)/cypress/psoc creator/4.4/psoc creator/import/gnu/arm/5.4.1/bin/../lib/gcc/arm-none-eabi/5.4.1/armv7-m/crtn.o
                0x0000d6fc                . = ALIGN (0x4)
                0x0000d6fc                __fini_array_start = .
 *(.fini_array)
 .fini_array    0x0000d6fc        0x4 c:/program files (x86)/cypress/psoc creator/4.4/psoc creator/import/gnu/arm/5.4.1/bin/../lib/gcc/arm-none-eabi/5.4.1/armv7-m/crtbegin.o
 *(SORT(.fini_array.*))
                0x0000d700                __fini_array_end = .
                0x0000d700                . = ALIGN (0x4)
 *crtbegin.o(.ctors)
 *(EXCLUDE_FILE(*crtend.o) .ctors)
 *(SORT(.ctors.*))
 *crtend.o(.ctors)
                0x0000d700                . = ALIGN (0x4)
 *crtbegin.o(.dtors)
 *(EXCLUDE_FILE(*crtend.o) .dtors)
 *(SORT(.dtors.*))
 *crtend.o(.dtors)
                0x0000d700                . = ALIGN (0x4)
                0x0000d700                __cy_regions = .
                0x0000d700        0x4 LONG 0xd710 __cy_region_init_ram
                0x0000d704        0x4 LONG 0x1fff80c8 __cy_region_start_data
                0x0000d708        0x4 LONG 0x138 __cy_region_init_size_ram
                0x0000d70c        0x4 LONG 0x4d0 __cy_region_zero_size_ram
                0x0000d710                __cy_regions_end = .
                0x0000d710                . = ALIGN (0x8)
                0x0000d710                _etext = .

.cy_checksum_exclude
                0x0000d710        0x0
 *(.cy_checksum_exclude)

.ramvectors     0x1fff8000       0xc0
                0x1fff8000                __cy_region_start_ram = .
 *(.ramvectors)
 .ramvectors    0x1fff8000       0xc0 .\ARM_GCC_541\Debug\Cm3Start.o
                0x1fff8000                CyRamVectors

.noinit         0x1fff80c0        0x5
 *(.noinit)
 .noinit        0x1fff80c0        0x4 .\ARM_GCC_541\Debug\Cm3Start.o
 .noinit        0x1fff80c4        0x1 .\ARM_GCC_541\Debug\Proj06_freefly_hamflyAPI_integration.a(CyLib.o)
                0x1fff80c4                CyResetStatus

.data           0x1fff80c8      0x138 load address 0x0000d710
                0x1fff80c8                __cy_region_start_data = .
 *(.jcr)
 .jcr           0x1fff80c8        0x0 c:/program files (x86)/cypress/psoc creator/4.4/psoc creator/import/gnu/arm/5.4.1/bin/../lib/gcc/arm-none-eabi/5.4.1/armv7-m/crtbegin.o
 .jcr           0x1fff80c8        0x4 c:/program files (x86)/cypress/psoc creator/4.4/psoc creator/import/gnu/arm/5.4.1/bin/../lib/gcc/arm-none-eabi/5.4.1/armv7-m/crtend.o
 *(.got.plt)
 *(.got)
 *(.shdata)
 *(.data .data.* .gnu.linkonce.d.*)
 .data          0x1fff80cc        0x4 .\ARM_GCC_541\Debug\joystick.o
 .data          0x1fff80d0       0x74 .\ARM_GCC_541\Debug\hamfly_qx_app.o
                0x1fff80d0                FreeflyAPI
 .data          0x1fff8144        0x4 .\ARM_GCC_541\Debug\Cm3Start.o
 .data          0x1fff8148        0x1 .\ARM_GCC_541\Debug\Proj06_freefly_hamflyAPI_integration.a(ADC_DelSig_1.o)
                0x1fff8148                ADC_DelSig_1_Config
 .data          0x1fff8149        0x1 .\ARM_GCC_541\Debug\Proj06_freefly_hamflyAPI_integration.a(AMux_1.o)
 .data          0x1fff814a        0x1 .\ARM_GCC_541\Debug\Proj06_freefly_hamflyAPI_integration.a(ADC_DelSig_1_AMux.o)
 *fill*         0x1fff814b        0x1 
 .data          0x1fff814c       0x10 .\ARM_GCC_541\Debug\Proj06_freefly_hamflyAPI_integration.a(CyLib.o)
                0x1fff814c                cydelay_freq_hz
                0x1fff8150                cydelay_freq_khz
                0x1fff8154                cydelay_freq_mhz
                0x1fff8158                cydelay_32k_ms
 .data.__fdlib_version
                0x1fff815c        0x1 c:/program files (x86)/cypress/psoc creator/4.4/psoc creator/import/gnu/arm/5.4.1/bin/../lib/gcc/arm-none-eabi/5.4.1/../../../../arm-none-eabi/lib/armv7-m\libm.a(lib_a-s_lib_ver.o)
                0x1fff815c                __fdlib_version
 *fill*         0x1fff815d        0x3 
 .data.impure_data
                0x1fff8160       0x60 c:/program files (x86)/cypress/psoc creator/4.4/psoc creator/import/gnu/arm/5.4.1/bin/../lib/gcc/arm-none-eabi/5.4.1/../../../../arm-none-eabi/lib/armv7-m\libg_nano.a(lib_a-impure.o)
 .data._impure_ptr
                0x1fff81c0        0x4 c:/program files (x86)/cypress/psoc creator/4.4/psoc creator/import/gnu/arm/5.4.1/bin/../lib/gcc/arm-none-eabi/5.4.1/../../../../arm-none-eabi/lib/armv7-m\libg_nano.a(lib_a-impure.o)
                0x1fff81c0                _impure_ptr
 .data.lconv    0x1fff81c4       0x38 c:/program files (x86)/cypress/psoc creator/4.4/psoc creator/import/gnu/arm/5.4.1/bin/../lib/gcc/arm-none-eabi/5.4.1/../../../../arm-none-eabi/lib/armv7-m\libg_nano.a(lib_a-locale.o)
                0x1fff8200                . = ALIGN (0x8)
 *fill*         0x1fff81fc        0x4 
 *(.ram)
                0x1fff8200                _edata = .

.igot.plt       0x1fff8200        0x0 load address 0x0000d848
 .igot.plt      0x1fff8200        0x0 c:/program files (x86)/cypress/psoc creator/4.4/psoc creator/import/gnu/arm/5.4.1/bin/../lib/gcc/arm-none-eabi/5.4.1/armv7-m/crtbegin.o

.bss            0x1fff8200      0x4d0 load address 0x0000d848
                0x1fff8200                PROVIDE (__bss_start__, .)
 *(.shbss)
 *(.bss .bss.* .gnu.linkonce.b.*)
 .bss           0x1fff8200       0x1c c:/program files (x86)/cypress/psoc creator/4.4/psoc creator/import/gnu/arm/5.4.1/bin/../lib/gcc/arm-none-eabi/5.4.1/armv7-m/crtbegin.o
 .bss           0x1fff821c      0x384 .\ARM_GCC_541\Debug\main.o
                0x1fff859c                g_tick_ms
 .bss           0x1fff85a0        0x8 .\ARM_GCC_541\Debug\adc_balanced.o
 .bss           0x1fff85a8       0x42 .\ARM_GCC_541\Debug\joystick.o
 *fill*         0x1fff85ea        0x2 
 .bss           0x1fff85ec        0x4 .\ARM_GCC_541\Debug\hamfly_qx_app.o
                0x1fff85ec                qx_active_gimbal_ptr
 .bss           0x1fff85f0        0x9 .\ARM_GCC_541\Debug\hamfly_qx_protocol.o
                0x1fff85f0                QX_BuildHeader_Legacy
                0x1fff85f4                QX_ParseHeader_Legacy
 *fill*         0x1fff85f9        0x3 
 .bss           0x1fff85fc        0xc .\ARM_GCC_541\Debug\Proj06_freefly_hamflyAPI_integration.a(ADC_DelSig_1.o)
                0x1fff85fc                ADC_DelSig_1_convDone
                0x1fff85fd                ADC_DelSig_1_stopConversion
                0x1fff85fe                ADC_DelSig_1_initVar
                0x1fff85ff                ADC_DelSig_1_started
                0x1fff8600                ADC_DelSig_1_Offset
 .bss           0x1fff8608        0x2 .\ARM_GCC_541\Debug\Proj06_freefly_hamflyAPI_integration.a(UART_1.o)
                0x1fff8608                UART_1_initVar
 .bss           0x1fff860a        0x2 .\ARM_GCC_541\Debug\Proj06_freefly_hamflyAPI_integration.a(UART_MOVI.o)
                0x1fff860a                UART_MOVI_initVar
 .bss           0x1fff860c        0x1 .\ARM_GCC_541\Debug\Proj06_freefly_hamflyAPI_integration.a(Looptimer.o)
                0x1fff860c                Looptimer_initVar
 *fill*         0x1fff860d        0x3 
 .bss           0x1fff8610        0x8 .\ARM_GCC_541\Debug\Proj06_freefly_hamflyAPI_integration.a(CySpc.o)
                0x1fff8610                SpcLockState
 .bss.__malloc_sbrk_start
                0x1fff8618        0x4 c:/program files (x86)/cypress/psoc creator/4.4/psoc creator/import/gnu/arm/5.4.1/bin/../lib/gcc/arm-none-eabi/5.4.1/../../../../arm-none-eabi/lib/armv7-m\libg_nano.a(lib_a-nano-mallocr.o)
                0x1fff8618                __malloc_sbrk_start
 .bss.__malloc_free_list
                0x1fff861c        0x4 c:/program files (x86)/cypress/psoc creator/4.4/psoc creator/import/gnu/arm/5.4.1/bin/../lib/gcc/arm-none-eabi/5.4.1/../../../../arm-none-eabi/lib/armv7-m\libg_nano.a(lib_a-nano-mallocr.o)
                0x1fff861c                __malloc_free_list
 *(COMMON)
 COMMON         0x1fff8620       0xa4 .\ARM_GCC_541\Debug\hamfly_qx_protocol.o
                0x1fff8620                rw
                0x1fff8624                QX_Clients
                0x1fff862c                QX_CommsPorts
                0x1fff86b8                QX_Servers
                0x1fff86c0                msgPtr
 COMMON         0x1fff86c4        0x4 .\ARM_GCC_541\Debug\Proj06_freefly_hamflyAPI_integration.a(ADC_DelSig_1.o)
                0x1fff86c4                ADC_DelSig_1_CountsPerVolt
 COMMON         0x1fff86c8        0x2 .\ARM_GCC_541\Debug\Proj06_freefly_hamflyAPI_integration.a(CyFlash.o)
                0x1fff86c8                dieTemperature
 *fill*         0x1fff86ca        0x2 
 COMMON         0x1fff86cc        0x4 c:/program files (x86)/cypress/psoc creator/4.4/psoc creator/import/gnu/arm/5.4.1/bin/../lib/gcc/arm-none-eabi/5.4.1/../../../../arm-none-eabi/lib/armv7-m\libg_nano.a(lib_a-reent.o)
                0x1fff86cc                errno
                0x1fff86d0                . = ALIGN (0x8)
 *(.ram.b)
                0x1fff86d0                _end = .
                0x1fff86d0                __end = .
                0x1fff86d0                PROVIDE (end, .)
                0x1fff86d0                PROVIDE (__bss_end__, .)
                0x0000d710                __cy_region_init_ram = LOADADDR (.data)
                0x00000138                __cy_region_init_size_ram = (_edata - ADDR (.data))
                0x000004d0                __cy_region_zero_size_ram = (_end - _edata)

.heap           0x1fff86d0       0x80 load address 0x0000d848
                0x1fff86d0                . = _end
                0x1fff8750                . = (. + 0x80)
 *fill*         0x1fff86d0       0x80 
                0x1fff8750                __cy_heap_limit = .

.stack          0x20007800      0x800
                0x20007800                __cy_stack_limit = .
                0x20008000                . = (. + 0x800)
 *fill*         0x20007800      0x800 
                0x00000001                ASSERT ((__cy_stack_limit >= __cy_heap_limit), region RAM overflowed with stack)
                0x00000000                cy_checksum_exclude_size = (CY_APPL_LOADABLE == 0x1)?SIZEOF (.cy_checksum_exclude):0x0
                0x00000001                ASSERT ((cy_checksum_exclude_size <= CY_CHECKSUM_EXCLUDE_SIZE), CY_BOOT: Section .cy_checksum_exclude size exceedes specified limit.)

.cyloadermeta
 *(.cyloadermeta)

.cyloadablemeta
 *(.cyloadablemeta)

.cyconfigecc    0x80000000      0x654
 *(.cyconfigecc)
 .cyconfigecc   0x80000000      0x654 .\ARM_GCC_541\Debug\cymetadata.o
                0x80000000                cy_meta_configecc

.cycustnvl      0x90000000        0x4
 *(.cycustnvl)
 .cycustnvl     0x90000000        0x4 .\ARM_GCC_541\Debug\cymetadata.o
                0x90000000                cy_meta_custnvl

.cywolatch      0x90100000        0x4
 *(.cywolatch)
 .cywolatch     0x90100000        0x4 .\ARM_GCC_541\Debug\cymetadata.o
                0x90100000                cy_meta_wonvl

.cyeeprom       0x90200000        0x0
 *(.cyeeprom)
                0x00000001                ASSERT ((. <= ((0x90200000 + ee_offset) + ee_size)), .cyeeprom data will not fit in EEPROM)

.cyflashprotect
                0x90400000      0x100
 *(.cyflashprotect)
 .cyflashprotect
                0x90400000      0x100 .\ARM_GCC_541\Debug\cymetadata.o
                0x90400000                cy_meta_flashprotect

.cymeta         0x90500000        0xc
 *(.cymeta)
 .cymeta        0x90500000        0xc .\ARM_GCC_541\Debug\cymetadata.o
                0x90500000                cy_metadata

.rel.dyn        0x0000d848        0x0 load address 0x9050000c
 .rel.iplt      0x0000d848        0x0 c:/program files (x86)/cypress/psoc creator/4.4/psoc creator/import/gnu/arm/5.4.1/bin/../lib/gcc/arm-none-eabi/5.4.1/armv7-m/crtbegin.o

.stab
 *(.stab)

.stabstr
 *(.stabstr)

.debug
 *(.debug)

.line
 *(.line)

.debug_srcinfo
 *(.debug_srcinfo)

.debug_sfnames
 *(.debug_sfnames)

.debug_aranges  0x00000000     0x1298
 *(.debug_aranges)
 .debug_aranges
                0x00000000       0xc0 .\ARM_GCC_541\Debug\main.o
 .debug_aranges
                0x000000c0       0x40 .\ARM_GCC_541\Debug\adc_balanced.o
 .debug_aranges
                0x00000100       0xb0 .\ARM_GCC_541\Debug\joystick.o
 .debug_aranges
                0x000001b0       0x58 .\ARM_GCC_541\Debug\psoc_eeprom.o
 .debug_aranges
                0x00000208       0x48 .\ARM_GCC_541\Debug\hamfly_comm_rb.o
 .debug_aranges
                0x00000250       0xb0 .\ARM_GCC_541\Debug\hamfly_core_gimbal.o
 .debug_aranges
                0x00000300       0x70 .\ARM_GCC_541\Debug\hamfly_core_telemetry.o
 .debug_aranges
                0x00000370       0x48 .\ARM_GCC_541\Debug\hamfly_qx_app.o
 .debug_aranges
                0x000003b8      0x228 .\ARM_GCC_541\Debug\hamfly_qx_protocol.o
 .debug_aranges
                0x000005e0       0x80 .\ARM_GCC_541\Debug\cyfitter_cfg.o
 .debug_aranges
                0x00000660       0x18 .\ARM_GCC_541\Debug\cymetadata.o
 .debug_aranges
                0x00000678       0x48 .\ARM_GCC_541\Debug\Cm3Start.o
 .debug_aranges
                0x000006c0       0xe8 .\ARM_GCC_541\Debug\Proj06_freefly_hamflyAPI_integration.a(ADC_DelSig_1.o)
 .debug_aranges
                0x000007a8       0x38 .\ARM_GCC_541\Debug\Proj06_freefly_hamflyAPI_integration.a(ADC_DelSig_1_INT.o)
 .debug_aranges
                0x000007e0       0xf0 .\ARM_GCC_541\Debug\Proj06_freefly_hamflyAPI_integration.a(UART_1.o)
 .debug_aranges
                0x000008d0       0x30 .\ARM_GCC_541\Debug\Proj06_freefly_hamflyAPI_integration.a(AMux_1.o)
 .debug_aranges
                0x00000900       0x80 .\ARM_GCC_541\Debug\Proj06_freefly_hamflyAPI_integration.a(isr_adc.o)
 .debug_aranges
                0x00000980       0xf0 .\ARM_GCC_541\Debug\Proj06_freefly_hamflyAPI_integration.a(UART_MOVI.o)
 .debug_aranges
                0x00000a70       0x80 .\ARM_GCC_541\Debug\Proj06_freefly_hamflyAPI_integration.a(isr_rx_movi.o)
 .debug_aranges
                0x00000af0       0x88 .\ARM_GCC_541\Debug\Proj06_freefly_hamflyAPI_integration.a(Looptimer.o)
 .debug_aranges
                0x00000b78       0x80 .\ARM_GCC_541\Debug\Proj06_freefly_hamflyAPI_integration.a(isr_Looptimer.o)
 .debug_aranges
                0x00000bf8       0x38 .\ARM_GCC_541\Debug\Proj06_freefly_hamflyAPI_integration.a(Pin_Sensitivity.o)
 .debug_aranges
                0x00000c30       0x30 .\ARM_GCC_541\Debug\Proj06_freefly_hamflyAPI_integration.a(ADC_DelSig_1_AMux.o)
 .debug_aranges
                0x00000c60       0x70 .\ARM_GCC_541\Debug\Proj06_freefly_hamflyAPI_integration.a(ADC_DelSig_1_Ext_CP_Clk.o)
 .debug_aranges
                0x00000cd0       0x80 .\ARM_GCC_541\Debug\Proj06_freefly_hamflyAPI_integration.a(ADC_DelSig_1_theACLK.o)
 .debug_aranges
                0x00000d50       0x70 .\ARM_GCC_541\Debug\Proj06_freefly_hamflyAPI_integration.a(UART_1_IntClock.o)
 .debug_aranges
                0x00000dc0      0x2a0 .\ARM_GCC_541\Debug\Proj06_freefly_hamflyAPI_integration.a(CyLib.o)
 .debug_aranges
                0x00001060       0x98 .\ARM_GCC_541\Debug\Proj06_freefly_hamflyAPI_integration.a(cyPm.o)
 .debug_aranges
                0x000010f8       0x78 .\ARM_GCC_541\Debug\Proj06_freefly_hamflyAPI_integration.a(EEPROM_CONFIG.o)
 .debug_aranges
                0x00001170       0x20 .\ARM_GCC_541\Debug\Proj06_freefly_hamflyAPI_integration.a(CyBootAsmGnu.o)
 .debug_aranges
                0x00001190       0x88 .\ARM_GCC_541\Debug\Proj06_freefly_hamflyAPI_integration.a(CyFlash.o)
 .debug_aranges
                0x00001218       0x80 .\ARM_GCC_541\Debug\Proj06_freefly_hamflyAPI_integration.a(CySpc.o)

.debug_pubnames
 *(.debug_pubnames)

.debug_info     0x00000000     0xc08c
 *(.debug_info .gnu.linkonce.wi.*)
 .debug_info    0x00000000     0x19cc .\ARM_GCC_541\Debug\main.o
 .debug_info    0x000019cc      0x1f7 .\ARM_GCC_541\Debug\adc_balanced.o
 .debug_info    0x00001bc3      0x6c5 .\ARM_GCC_541\Debug\joystick.o
 .debug_info    0x00002288      0x2db .\ARM_GCC_541\Debug\psoc_eeprom.o
 .debug_info    0x00002563      0x23c .\ARM_GCC_541\Debug\hamfly_comm_rb.o
 .debug_info    0x0000279f     0x14f9 .\ARM_GCC_541\Debug\hamfly_core_gimbal.o
 .debug_info    0x00003c98      0xa22 .\ARM_GCC_541\Debug\hamfly_core_telemetry.o
 .debug_info    0x000046ba      0xee9 .\ARM_GCC_541\Debug\hamfly_qx_app.o
 .debug_info    0x000055a3     0x1aff .\ARM_GCC_541\Debug\hamfly_qx_protocol.o
 .debug_info    0x000070a2      0x59a .\ARM_GCC_541\Debug\cyfitter_cfg.o
 .debug_info    0x0000763c      0x138 .\ARM_GCC_541\Debug\cymetadata.o
 .debug_info    0x00007774      0x32b .\ARM_GCC_541\Debug\Cm3Start.o
 .debug_info    0x00007a9f      0x72c .\ARM_GCC_541\Debug\Proj06_freefly_hamflyAPI_integration.a(ADC_DelSig_1.o)
 .debug_info    0x000081cb       0xd3 .\ARM_GCC_541\Debug\Proj06_freefly_hamflyAPI_integration.a(ADC_DelSig_1_INT.o)
 .debug_info    0x0000829e      0x50a .\ARM_GCC_541\Debug\Proj06_freefly_hamflyAPI_integration.a(UART_1.o)
 .debug_info    0x000087a8       0xf7 .\ARM_GCC_541\Debug\Proj06_freefly_hamflyAPI_integration.a(AMux_1.o)
 .debug_info    0x0000889f      0x241 .\ARM_GCC_541\Debug\Proj06_freefly_hamflyAPI_integration.a(isr_adc.o)
 .debug_info    0x00008ae0      0x50a .\ARM_GCC_541\Debug\Proj06_freefly_hamflyAPI_integration.a(UART_MOVI.o)
 .debug_info    0x00008fea      0x241 .\ARM_GCC_541\Debug\Proj06_freefly_hamflyAPI_integration.a(isr_rx_movi.o)
 .debug_info    0x0000922b      0x245 .\ARM_GCC_541\Debug\Proj06_freefly_hamflyAPI_integration.a(Looptimer.o)
 .debug_info    0x00009470      0x241 .\ARM_GCC_541\Debug\Proj06_freefly_hamflyAPI_integration.a(isr_Looptimer.o)
 .debug_info    0x000096b1      0x11e .\ARM_GCC_541\Debug\Proj06_freefly_hamflyAPI_integration.a(Pin_Sensitivity.o)
 .debug_info    0x000097cf      0x10a .\ARM_GCC_541\Debug\Proj06_freefly_hamflyAPI_integration.a(ADC_DelSig_1_AMux.o)
 .debug_info    0x000098d9      0x25d .\ARM_GCC_541\Debug\Proj06_freefly_hamflyAPI_integration.a(ADC_DelSig_1_Ext_CP_Clk.o)
 .debug_info    0x00009b36      0x299 .\ARM_GCC_541\Debug\Proj06_freefly_hamflyAPI_integration.a(ADC_DelSig_1_theACLK.o)
 .debug_info    0x00009dcf      0x25d .\ARM_GCC_541\Debug\Proj06_freefly_hamflyAPI_integration.a(UART_1_IntClock.o)
 .debug_info    0x0000a02c      0xe51 .\ARM_GCC_541\Debug\Proj06_freefly_hamflyAPI_integration.a(CyLib.o)
 .debug_info    0x0000ae7d      0x57a .\ARM_GCC_541\Debug\Proj06_freefly_hamflyAPI_integration.a(cyPm.o)
 .debug_info    0x0000b3f7      0x359 .\ARM_GCC_541\Debug\Proj06_freefly_hamflyAPI_integration.a(EEPROM_CONFIG.o)
 .debug_info    0x0000b750       0xc3 .\ARM_GCC_541\Debug\Proj06_freefly_hamflyAPI_integration.a(CyBootAsmGnu.o)
 .debug_info    0x0000b813      0x3b9 .\ARM_GCC_541\Debug\Proj06_freefly_hamflyAPI_integration.a(CyFlash.o)
 .debug_info    0x0000bbcc      0x4c0 .\ARM_GCC_541\Debug\Proj06_freefly_hamflyAPI_integration.a(CySpc.o)

.debug_abbrev   0x00000000     0x2ac8
 *(.debug_abbrev)
 .debug_abbrev  0x00000000      0x24c .\ARM_GCC_541\Debug\main.o
 .debug_abbrev  0x0000024c      0x111 .\ARM_GCC_541\Debug\adc_balanced.o
 .debug_abbrev  0x0000035d      0x267 .\ARM_GCC_541\Debug\joystick.o
 .debug_abbrev  0x000005c4      0x13f .\ARM_GCC_541\Debug\psoc_eeprom.o
 .debug_abbrev  0x00000703      0x124 .\ARM_GCC_541\Debug\hamfly_comm_rb.o
 .debug_abbrev  0x00000827      0x280 .\ARM_GCC_541\Debug\hamfly_core_gimbal.o
 .debug_abbrev  0x00000aa7      0x17e .\ARM_GCC_541\Debug\hamfly_core_telemetry.o
 .debug_abbrev  0x00000c25      0x1fa .\ARM_GCC_541\Debug\hamfly_qx_app.o
 .debug_abbrev  0x00000e1f      0x277 .\ARM_GCC_541\Debug\hamfly_qx_protocol.o
 .debug_abbrev  0x00001096      0x1ca .\ARM_GCC_541\Debug\cyfitter_cfg.o
 .debug_abbrev  0x00001260       0x77 .\ARM_GCC_541\Debug\cymetadata.o
 .debug_abbrev  0x000012d7      0x1d6 .\ARM_GCC_541\Debug\Cm3Start.o
 .debug_abbrev  0x000014ad      0x19d .\ARM_GCC_541\Debug\Proj06_freefly_hamflyAPI_integration.a(ADC_DelSig_1.o)
 .debug_abbrev  0x0000164a       0x42 .\ARM_GCC_541\Debug\Proj06_freefly_hamflyAPI_integration.a(ADC_DelSig_1_INT.o)
 .debug_abbrev  0x0000168c      0x163 .\ARM_GCC_541\Debug\Proj06_freefly_hamflyAPI_integration.a(UART_1.o)
 .debug_abbrev  0x000017ef       0x87 .\ARM_GCC_541\Debug\Proj06_freefly_hamflyAPI_integration.a(AMux_1.o)
 .debug_abbrev  0x00001876      0x172 .\ARM_GCC_541\Debug\Proj06_freefly_hamflyAPI_integration.a(isr_adc.o)
 .debug_abbrev  0x000019e8      0x163 .\ARM_GCC_541\Debug\Proj06_freefly_hamflyAPI_integration.a(UART_MOVI.o)
 .debug_abbrev  0x00001b4b      0x172 .\ARM_GCC_541\Debug\Proj06_freefly_hamflyAPI_integration.a(isr_rx_movi.o)
 .debug_abbrev  0x00001cbd       0xe9 .\ARM_GCC_541\Debug\Proj06_freefly_hamflyAPI_integration.a(Looptimer.o)
 .debug_abbrev  0x00001da6      0x172 .\ARM_GCC_541\Debug\Proj06_freefly_hamflyAPI_integration.a(isr_Looptimer.o)
 .debug_abbrev  0x00001f18       0x90 .\ARM_GCC_541\Debug\Proj06_freefly_hamflyAPI_integration.a(Pin_Sensitivity.o)
 .debug_abbrev  0x00001fa8       0x6f .\ARM_GCC_541\Debug\Proj06_freefly_hamflyAPI_integration.a(ADC_DelSig_1_AMux.o)
 .debug_abbrev  0x00002017      0x11d .\ARM_GCC_541\Debug\Proj06_freefly_hamflyAPI_integration.a(ADC_DelSig_1_Ext_CP_Clk.o)
 .debug_abbrev  0x00002134      0x11d .\ARM_GCC_541\Debug\Proj06_freefly_hamflyAPI_integration.a(ADC_DelSig_1_theACLK.o)
 .debug_abbrev  0x00002251      0x11d .\ARM_GCC_541\Debug\Proj06_freefly_hamflyAPI_integration.a(UART_1_IntClock.o)
 .debug_abbrev  0x0000236e      0x217 .\ARM_GCC_541\Debug\Proj06_freefly_hamflyAPI_integration.a(CyLib.o)
 .debug_abbrev  0x00002585      0x161 .\ARM_GCC_541\Debug\Proj06_freefly_hamflyAPI_integration.a(cyPm.o)
 .debug_abbrev  0x000026e6      0x117 .\ARM_GCC_541\Debug\Proj06_freefly_hamflyAPI_integration.a(EEPROM_CONFIG.o)
 .debug_abbrev  0x000027fd       0x14 .\ARM_GCC_541\Debug\Proj06_freefly_hamflyAPI_integration.a(CyBootAsmGnu.o)
 .debug_abbrev  0x00002811      0x14b .\ARM_GCC_541\Debug\Proj06_freefly_hamflyAPI_integration.a(CyFlash.o)
 .debug_abbrev  0x0000295c      0x16c .\ARM_GCC_541\Debug\Proj06_freefly_hamflyAPI_integration.a(CySpc.o)

.debug_line     0x00000000     0x5f6c
 *(.debug_line)
 .debug_line    0x00000000      0xc5a .\ARM_GCC_541\Debug\main.o
 .debug_line    0x00000c5a      0x1f0 .\ARM_GCC_541\Debug\adc_balanced.o
 .debug_line    0x00000e4a      0x459 .\ARM_GCC_541\Debug\joystick.o
 .debug_line    0x000012a3      0x24b .\ARM_GCC_541\Debug\psoc_eeprom.o
 .debug_line    0x000014ee      0x1ee .\ARM_GCC_541\Debug\hamfly_comm_rb.o
 .debug_line    0x000016dc        0x0 .\ARM_GCC_541\Debug\hamfly_comm_txbuf.o
 .debug_line    0x000016dc      0x4dd .\ARM_GCC_541\Debug\hamfly_core_gimbal.o
 .debug_line    0x00001bb9      0x2bc .\ARM_GCC_541\Debug\hamfly_core_telemetry.o
 .debug_line    0x00001e75      0x4ae .\ARM_GCC_541\Debug\hamfly_qx_app.o
 .debug_line    0x00002323      0xd66 .\ARM_GCC_541\Debug\hamfly_qx_protocol.o
 .debug_line    0x00003089      0x27a .\ARM_GCC_541\Debug\cyfitter_cfg.o
 .debug_line    0x00003303      0x141 .\ARM_GCC_541\Debug\cymetadata.o
 .debug_line    0x00003444      0x1dc .\ARM_GCC_541\Debug\Cm3Start.o
 .debug_line    0x00003620      0x365 .\ARM_GCC_541\Debug\Proj06_freefly_hamflyAPI_integration.a(ADC_DelSig_1.o)
 .debug_line    0x00003985       0x95 .\ARM_GCC_541\Debug\Proj06_freefly_hamflyAPI_integration.a(ADC_DelSig_1_INT.o)
 .debug_line    0x00003a1a      0x2e4 .\ARM_GCC_541\Debug\Proj06_freefly_hamflyAPI_integration.a(UART_1.o)
 .debug_line    0x00003cfe       0x9b .\ARM_GCC_541\Debug\Proj06_freefly_hamflyAPI_integration.a(AMux_1.o)
 .debug_line    0x00003d99      0x142 .\ARM_GCC_541\Debug\Proj06_freefly_hamflyAPI_integration.a(isr_adc.o)
 .debug_line    0x00003edb      0x2e7 .\ARM_GCC_541\Debug\Proj06_freefly_hamflyAPI_integration.a(UART_MOVI.o)
 .debug_line    0x000041c2      0x156 .\ARM_GCC_541\Debug\Proj06_freefly_hamflyAPI_integration.a(isr_rx_movi.o)
 .debug_line    0x00004318      0x161 .\ARM_GCC_541\Debug\Proj06_freefly_hamflyAPI_integration.a(Looptimer.o)
 .debug_line    0x00004479      0x158 .\ARM_GCC_541\Debug\Proj06_freefly_hamflyAPI_integration.a(isr_Looptimer.o)
 .debug_line    0x000045d1       0x9f .\ARM_GCC_541\Debug\Proj06_freefly_hamflyAPI_integration.a(Pin_Sensitivity.o)
 .debug_line    0x00004670       0xa6 .\ARM_GCC_541\Debug\Proj06_freefly_hamflyAPI_integration.a(ADC_DelSig_1_AMux.o)
 .debug_line    0x00004716      0x1b6 .\ARM_GCC_541\Debug\Proj06_freefly_hamflyAPI_integration.a(ADC_DelSig_1_Ext_CP_Clk.o)
 .debug_line    0x000048cc      0x1d7 .\ARM_GCC_541\Debug\Proj06_freefly_hamflyAPI_integration.a(ADC_DelSig_1_theACLK.o)
 .debug_line    0x00004aa3      0x1ae .\ARM_GCC_541\Debug\Proj06_freefly_hamflyAPI_integration.a(UART_1_IntClock.o)
 .debug_line    0x00004c51      0x883 .\ARM_GCC_541\Debug\Proj06_freefly_hamflyAPI_integration.a(CyLib.o)
 .debug_line    0x000054d4      0x38e .\ARM_GCC_541\Debug\Proj06_freefly_hamflyAPI_integration.a(cyPm.o)
 .debug_line    0x00005862      0x22d .\ARM_GCC_541\Debug\Proj06_freefly_hamflyAPI_integration.a(EEPROM_CONFIG.o)
 .debug_line    0x00005a8f       0x7d .\ARM_GCC_541\Debug\Proj06_freefly_hamflyAPI_integration.a(CyBootAsmGnu.o)
 .debug_line    0x00005b0c      0x22f .\ARM_GCC_541\Debug\Proj06_freefly_hamflyAPI_integration.a(CyFlash.o)
 .debug_line    0x00005d3b      0x231 .\ARM_GCC_541\Debug\Proj06_freefly_hamflyAPI_integration.a(CySpc.o)

.debug_frame    0x00000000     0x5a34
 *(.debug_frame)
 .debug_frame   0x00000000      0x3b4 .\ARM_GCC_541\Debug\main.o
 .debug_frame   0x000003b4       0xc8 .\ARM_GCC_541\Debug\adc_balanced.o
 .debug_frame   0x0000047c      0x310 .\ARM_GCC_541\Debug\joystick.o
 .debug_frame   0x0000078c      0x138 .\ARM_GCC_541\Debug\psoc_eeprom.o
 .debug_frame   0x000008c4      0x100 .\ARM_GCC_541\Debug\hamfly_comm_rb.o
 .debug_frame   0x000009c4      0x324 .\ARM_GCC_541\Debug\hamfly_core_gimbal.o
 .debug_frame   0x00000ce8      0x1c8 .\ARM_GCC_541\Debug\hamfly_core_telemetry.o
 .debug_frame   0x00000eb0       0xe8 .\ARM_GCC_541\Debug\hamfly_qx_app.o
 .debug_frame   0x00000f98      0xab8 .\ARM_GCC_541\Debug\hamfly_qx_protocol.o
 .debug_frame   0x00001a50      0x20c .\ARM_GCC_541\Debug\cyfitter_cfg.o
 .debug_frame   0x00001c5c       0xd8 .\ARM_GCC_541\Debug\Cm3Start.o
 .debug_frame   0x00001d34      0x40c .\ARM_GCC_541\Debug\Proj06_freefly_hamflyAPI_integration.a(ADC_DelSig_1.o)
 .debug_frame   0x00002140       0xa0 .\ARM_GCC_541\Debug\Proj06_freefly_hamflyAPI_integration.a(ADC_DelSig_1_INT.o)
 .debug_frame   0x000021e0      0x42c .\ARM_GCC_541\Debug\Proj06_freefly_hamflyAPI_integration.a(UART_1.o)
 .debug_frame   0x0000260c       0x7c .\ARM_GCC_541\Debug\Proj06_freefly_hamflyAPI_integration.a(AMux_1.o)
 .debug_frame   0x00002688      0x1e8 .\ARM_GCC_541\Debug\Proj06_freefly_hamflyAPI_integration.a(isr_adc.o)
 .debug_frame   0x00002870      0x42c .\ARM_GCC_541\Debug\Proj06_freefly_hamflyAPI_integration.a(UART_MOVI.o)
 .debug_frame   0x00002c9c      0x1e8 .\ARM_GCC_541\Debug\Proj06_freefly_hamflyAPI_integration.a(isr_rx_movi.o)
 .debug_frame   0x00002e84      0x208 .\ARM_GCC_541\Debug\Proj06_freefly_hamflyAPI_integration.a(Looptimer.o)
 .debug_frame   0x0000308c      0x1e8 .\ARM_GCC_541\Debug\Proj06_freefly_hamflyAPI_integration.a(isr_Looptimer.o)
 .debug_frame   0x00003274       0xa8 .\ARM_GCC_541\Debug\Proj06_freefly_hamflyAPI_integration.a(Pin_Sensitivity.o)
 .debug_frame   0x0000331c       0x88 .\ARM_GCC_541\Debug\Proj06_freefly_hamflyAPI_integration.a(ADC_DelSig_1_AMux.o)