Component: ARM Compiler 5.06 update 1 (build 61) Tool: armlink [4d35a8]

==============================================================================

Section Cross References

    main.o(i.HAL_UART_RxCpltCallback) refers to simple_buffer.o(i.BufAdd) for BufAdd
    main.o(i.HAL_UART_RxCpltCallback) refers to stm32f7xx_hal_uart.o(i.HAL_UART_Receive_IT) for HAL_UART_Receive_IT
    main.o(i.HAL_UART_RxCpltCallback) refers to main.o(.data) for .data
    main.o(i.MX_ADC1_Init) refers to stm32f7xx_hal_adc.o(i.HAL_ADC_Init) for HAL_ADC_Init
    main.o(i.MX_ADC1_Init) refers to stm32f7xx_hal_adc.o(i.HAL_ADC_ConfigChannel) for HAL_ADC_ConfigChannel
    main.o(i.MX_ADC1_Init) refers to main.o(.bss) for .bss
    main.o(i.MX_USART6_UART_Init) refers to stm32f7xx_hal_uart.o(i.HAL_UART_Init) for HAL_UART_Init
    main.o(i.MX_USART6_UART_Init) refers to main.o(.bss) for .bss
    main.o(i.SystemClock_Config) refers to stm32f7xx_hal_rcc.o(i.HAL_RCC_OscConfig) for HAL_RCC_OscConfig
    main.o(i.SystemClock_Config) refers to stm32f7xx_hal_pwr_ex.o(i.HAL_PWREx_EnableOverDrive) for HAL_PWREx_EnableOverDrive
    main.o(i.SystemClock_Config) refers to stm32f7xx_hal_rcc.o(i.HAL_RCC_ClockConfig) for HAL_RCC_ClockConfig
    main.o(i.SystemClock_Config) refers to stm32f7xx_hal_rcc_ex.o(i.HAL_RCCEx_PeriphCLKConfig) for HAL_RCCEx_PeriphCLKConfig
    main.o(i.SystemClock_Config) refers to stm32f7xx_hal_rcc.o(i.HAL_RCC_GetHCLKFreq) for HAL_RCC_GetHCLKFreq
    main.o(i.SystemClock_Config) refers to stm32f7xx_hal_cortex.o(i.HAL_SYSTICK_Config) for HAL_SYSTICK_Config
    main.o(i.SystemClock_Config) refers to stm32f7xx_hal_cortex.o(i.HAL_SYSTICK_CLKSourceConfig) for HAL_SYSTICK_CLKSourceConfig
    main.o(i.SystemClock_Config) refers to stm32f7xx_hal_cortex.o(i.HAL_NVIC_SetPriority) for HAL_NVIC_SetPriority
    main.o(i.button_debounced_D2_press_event) refers to main.o(.data) for .data
    main.o(i.button_debounced_D3_press_event) refers to qx_protocol_app.o(.data) for FreeflyAPI
    main.o(i.get_button_debounced_D2) refers to stm32f7xx_hal_gpio.o(i.HAL_GPIO_ReadPin) for HAL_GPIO_ReadPin
    main.o(i.get_button_debounced_D2) refers to main.o(i.button_debounced_D2_press_event) for button_debounced_D2_press_event
    main.o(i.get_button_debounced_D2) refers to main.o(.data) for .data
    main.o(i.get_button_debounced_D3) refers to stm32f7xx_hal_gpio.o(i.HAL_GPIO_ReadPin) for HAL_GPIO_ReadPin
    main.o(i.get_button_debounced_D3) refers to main.o(i.button_debounced_D3_press_event) for button_debounced_D3_press_event
    main.o(i.get_button_debounced_D3) refers to main.o(.data) for .data
    main.o(i.main) refers to stm32f7xx_hal.o(i.HAL_Init) for HAL_Init
    main.o(i.main) refers to main.o(i.SystemClock_Config) for SystemClock_Config
    main.o(i.main) refers to stm32f7xx_hal_cortex.o(i.HAL_NVIC_SetPriority) for HAL_NVIC_SetPriority
    main.o(i.main) refers to main.o(i.MX_ADC1_Init) for MX_ADC1_Init
    main.o(i.main) refers to main.o(i.MX_USART6_UART_Init) for MX_USART6_UART_Init
    main.o(i.main) refers to stm32f7xx_hal_adc.o(i.HAL_ADC_Start_DMA) for HAL_ADC_Start_DMA
    main.o(i.main) refers to stm32f7xx_hal_gpio.o(i.HAL_GPIO_Init) for HAL_GPIO_Init
    main.o(i.main) refers to qx_protocol.o(i.QX_InitCli) for QX_InitCli
    main.o(i.main) refers to stm32f7xx_hal_uart.o(i.HAL_UART_Receive_IT) for HAL_UART_Receive_IT
    main.o(i.main) refers to stm32f7xx_hal.o(i.HAL_Delay) for HAL_Delay
    main.o(i.main) refers to main.o(i.mapfloat) for mapfloat
    main.o(i.main) refers to main.o(i.get_button_debounced_D3) for get_button_debounced_D3
    main.o(i.main) refers to main.o(i.get_button_debounced_D2) for get_button_debounced_D2
    main.o(i.main) refers to stm32f7xx_hal_gpio.o(i.HAL_GPIO_ReadPin) for HAL_GPIO_ReadPin
    main.o(i.main) refers to qx_protocol.o(i.QX_StreamRxCharSM) for QX_StreamRxCharSM
    main.o(i.main) refers to simple_buffer.o(i.BufRemove) for BufRemove
    main.o(i.main) refers to stm32f7xx_hal_uart.o(i.HAL_UART_Transmit_IT) for HAL_UART_Transmit_IT
    main.o(i.main) refers to printfa.o(i.__0printf) for __2printf
    main.o(i.main) refers to f2d.o(.text) for __aeabi_f2d
    main.o(i.main) refers to main.o(.data) for .data
    main.o(i.main) refers to main.o(.bss) for .bss
    main.o(i.main) refers to qx_protocol_app.o(i.QX_ParsePacket_Cli_MoVI_Ctrl_CB) for QX_ParsePacket_Cli_MoVI_Ctrl_CB
    main.o(i.main) refers to qx_protocol.o(.data) for QX_Clients
    main.o(i.main) refers to qx_protocol_app.o(.data) for FreeflyAPI
    main.o(i.main) refers to main.o(i.print_lens_state) for print_lens_state
    main.o(i.print_lens_state) refers to printfa.o(i.__0printf) for __2printf
    stm32f7xx_it.o(i.DMA2_Stream0_IRQHandler) refers to stm32f7xx_hal_dma.o(i.HAL_DMA_IRQHandler) for HAL_DMA_IRQHandler
    stm32f7xx_it.o(i.DMA2_Stream0_IRQHandler) refers to main.o(.bss) for hdma_adc1
    stm32f7xx_it.o(i.SysTick_Handler) refers to stm32f7xx_hal.o(i.HAL_IncTick) for HAL_IncTick
[...]
    Removing stm32f7xx_hal_adc.o(i.HAL_ADC_LevelOutOfWindowCallback), (2 bytes).
    Removing stm32f7xx_hal_adc.o(i.HAL_ADC_MspDeInit), (2 bytes).
    Removing stm32f7xx_hal_adc.o(i.HAL_ADC_MspInit), (2 bytes).
    Removing stm32f7xx_hal_adc.o(i.HAL_ADC_PollForConversion), (160 bytes).
    Removing stm32f7xx_hal_adc.o(i.HAL_ADC_PollForEvent), (108 bytes).
    Removing stm32f7xx_hal_adc.o(i.HAL_ADC_Start), (184 bytes).
    Removing stm32f7xx_hal_adc.o(i.HAL_ADC_Start_IT), (196 bytes).
    Removing stm32f7xx_hal_adc.o(i.HAL_ADC_Stop), (60 bytes).
    Removing stm32f7xx_hal_adc.o(i.HAL_ADC_Stop_DMA), (88 bytes).
    Removing stm32f7xx_hal_adc.o(i.HAL_ADC_Stop_IT), (72 bytes).
    Removing stm32f7xx_hal_pwr_ex.o(.rev16_text), (4 bytes).
    Removing stm32f7xx_hal_pwr_ex.o(.revsh_text), (4 bytes).
    Removing stm32f7xx_hal_pwr_ex.o(.rrx_text), (6 bytes).
    Removing stm32f7xx_hal_pwr_ex.o(i.HAL_PWREx_ControlVoltageScaling), (176 bytes).
    Removing stm32f7xx_hal_pwr_ex.o(i.HAL_PWREx_DisableBkUpReg), (64 bytes).
    Removing stm32f7xx_hal_pwr_ex.o(i.HAL_PWREx_DisableFlashPowerDown), (16 bytes).
    Removing stm32f7xx_hal_pwr_ex.o(i.HAL_PWREx_DisableLowRegulatorLowVoltage), (16 bytes).
    Removing stm32f7xx_hal_pwr_ex.o(i.HAL_PWREx_DisableMainRegulatorLowVoltage), (16 bytes).
    Removing stm32f7xx_hal_pwr_ex.o(i.HAL_PWREx_DisableOverDrive), (108 bytes).
    Removing stm32f7xx_hal_pwr_ex.o(i.HAL_PWREx_EnableBkUpReg), (64 bytes).
    Removing stm32f7xx_hal_pwr_ex.o(i.HAL_PWREx_EnableFlashPowerDown), (16 bytes).
    Removing stm32f7xx_hal_pwr_ex.o(i.HAL_PWREx_EnableLowRegulatorLowVoltage), (16 bytes).
    Removing stm32f7xx_hal_pwr_ex.o(i.HAL_PWREx_EnableMainRegulatorLowVoltage), (16 bytes).
    Removing stm32f7xx_hal_pwr_ex.o(i.HAL_PWREx_EnterUnderDriveSTOPMode), (144 bytes).
    Removing stm32f7xx_hal_pwr_ex.o(i.HAL_PWREx_GetVoltageRange), (16 bytes).
    Removing startup_stm32f746xx.o(HEAP), (512 bytes).
    Removing qx_parsing_functions.o(i.AddFloatAsSignedChar), (96 bytes).
    Removing qx_parsing_functions.o(i.AddFloatAsSignedLong), (128 bytes).
    Removing qx_parsing_functions.o(i.AddFloatAsUnsignedChar), (96 bytes).
    Removing qx_parsing_functions.o(i.AddFloatAsUnsignedShort), (96 bytes).
    Removing qx_parsing_functions.o(i.AddSignedCharAsSignedChar), (32 bytes).
    Removing qx_parsing_functions.o(i.AddSignedLongAsSignedChar), (32 bytes).
    Removing qx_parsing_functions.o(i.AddSignedLongAsSignedLong), (60 bytes).
    Removing qx_parsing_functions.o(i.AddSignedLongAsSignedShort), (36 bytes).
    Removing qx_parsing_functions.o(i.AddSignedLongAsUnsignedChar), (32 bytes).
    Removing qx_parsing_functions.o(i.AddSignedShortAsSignedChar), (32 bytes).
    Removing qx_parsing_functions.o(i.AddSignedShortAsUnsignedChar), (32 bytes).
    Removing qx_parsing_functions.o(i.GetFloatAsSignedChar), (196 bytes).
    Removing qx_parsing_functions.o(i.GetFloatAsSignedLong), (232 bytes).
    Removing qx_parsing_functions.o(i.GetFloatAsUnsignedChar), (196 bytes).
    Removing qx_parsing_functions.o(i.GetFloatAsUnsignedShort), (208 bytes).
    Removing qx_parsing_functions.o(i.GetSignedCharAsSignedChar), (88 bytes).
    Removing qx_parsing_functions.o(i.GetSignedLongAsSignedChar), (88 bytes).
    Removing qx_parsing_functions.o(i.GetSignedLongAsSignedLong), (132 bytes).
    Removing qx_parsing_functions.o(i.GetSignedLongAsSignedShort), (104 bytes).
    Removing qx_parsing_functions.o(i.GetSignedLongAsUnsignedChar), (88 bytes).
    Removing qx_parsing_functions.o(i.GetSignedShortAsSignedChar), (172 bytes).
    Removing qx_parsing_functions.o(i.GetSignedShortAsUnsignedChar), (92 bytes).
    Removing qx_parsing_functions.o(i.QX_Parser_Dir_ForceWriteAbs_Reset), (12 bytes).
    Removing qx_parsing_functions.o(i.QX_Parser_Dir_ForceWriteAbs_Set), (20 bytes).
    Removing qx_parsing_functions.o(i.QX_Parser_GetDir), (12 bytes).
    Removing qx_parsing_functions.o(i.QX_Parser_SetDir_WriteRel), (12 bytes).
    Removing qx_parsing_functions.o(.data), (2 bytes).
    Removing qx_protocol.o(i.QX_Connection_Status_Update), (52 bytes).
    Removing qx_protocol.o(i.QX_Disable_Default_Response), (6 bytes).
    Removing qx_protocol.o(i.QX_InitSrv), (6 bytes).
    Removing qx_protocol.o(i.QX_SendPacket_Cli_Control), (32 bytes).
    Removing qx_protocol.o(i.QX_SendPacket_Cli_Read), (86 bytes).
    Removing qx_protocol.o(i.QX_SendPacket_Cli_WriteREL), (100 bytes).

275 unused section(s) (total 17792 bytes) removed from the image.

==============================================================================

Image Symbol Table

    Local Symbols

    Symbol Name                              Value     Ov Type        Size  Object(Section)

    ../Drivers/STM32F7xx_HAL_Driver/Src/stm32f7xx_hal.c 0x00000000   Number         0  stm32f7xx_hal.o ABSOLUTE
    ../Drivers/STM32F7xx_HAL_Driver/Src/stm32f7xx_hal_adc.c 0x00000000   Number         0  stm32f7xx_hal_adc.o ABSOLUTE
    ../Drivers/STM32F7xx_HAL_Driver/Src/stm32f7xx_hal_adc_ex.c 0x00000000   Number         0  stm32f7xx_hal_adc_ex.o ABSOLUTE
    ../Drivers/STM32F7xx_HAL_Driver/Src/stm32f7xx_hal_cortex.c 0x00000000   Number         0  stm32f7xx_hal_cortex.o ABSOLUTE
    ../Drivers/STM32F7xx_HAL_Driver/Src/stm32f7xx_hal_dma.c 0x00000000   Number         0  stm32f7xx_hal_dma.o ABSOLUTE
    ../Drivers/STM32F7xx_HAL_Driver/Src/stm32f7xx_hal_dma_ex.c 0x00000000   Number         0  stm32f7xx_hal_dma_ex.o ABSOLUTE
    ../Drivers/STM32F7xx_HAL_Driver/Src/stm32f7xx_hal_flash.c 0x00000000   Number         0  stm32f7xx_hal_flash.o ABSOLUTE
    ../Drivers/STM32F7xx_HAL_Driver/Src/stm32f7xx_hal_flash_ex.c 0x00000000   Number         0  stm32f7xx_hal_flash_ex.o ABSOLUTE
    ../Drivers/STM32F7xx_HAL_Driver/Src/stm32f7xx_hal_gpio.c 0x00000000   Number         0  stm32f7xx_hal_gpio.o ABSOLUTE
    ../Drivers/STM32F7xx_HAL_Driver/Src/stm32f7xx_hal_pwr.c 0x00000000   Number         0  stm32f7xx_hal_pwr.o ABSOLUTE
    ../Drivers/STM32F7xx_HAL_Driver/Src/stm32f7xx_hal_pwr_ex.c 0x00000000   Number         0  stm32f7xx_hal_pwr_ex.o ABSOLUTE
    ../Drivers/STM32F7xx_HAL_Driver/Src/stm32f7xx_hal_rcc.c 0x00000000   Number         0  stm32f7xx_hal_rcc.o ABSOLUTE
    ../Drivers/STM32F7xx_HAL_Driver/Src/stm32f7xx_hal_rcc_ex.c 0x00000000   Number         0  stm32f7xx_hal_rcc_ex.o ABSOLUTE
    ../Drivers/STM32F7xx_HAL_Driver/Src/stm32f7xx_hal_tim.c 0x00000000   Number         0  stm32f7xx_hal_tim.o ABSOLUTE
    ../Drivers/STM32F7xx_HAL_Driver/Src/stm32f7xx_hal_tim_ex.c 0x00000000   Number         0  stm32f7xx_hal_tim_ex.o ABSOLUTE
    ../Drivers/STM32F7xx_HAL_Driver/Src/stm32f7xx_hal_uart.c 0x00000000   Number         0  stm32f7xx_hal_uart.o ABSOLUTE
    ../Src/main.c                            0x00000000   Number         0  main.o ABSOLUTE
    ../Src/stm32f7xx_hal_msp.c               0x00000000   Number         0  stm32f7xx_hal_msp.o ABSOLUTE
    ../Src/stm32f7xx_it.c                    0x00000000   Number         0  stm32f7xx_it.o ABSOLUTE
    ../Src/system_stm32f7xx.c                0x00000000   Number         0  system_stm32f7xx.o ABSOLUTE
    ../clib/microlib/division.c              0x00000000   Number         0  uidiv.o ABSOLUTE
    ../clib/microlib/division.c              0x00000000   Number         0  uldiv.o ABSOLUTE
    ../clib/microlib/init/entry.s            0x00000000   Number         0  entry7a.o ABSOLUTE
    ../clib/microlib/init/entry.s            0x00000000   Number         0  entry11a.o ABSOLUTE
    ../clib/microlib/init/entry.s            0x00000000   Number         0  entry2.o ABSOLUTE
    ../clib/microlib/init/entry.s            0x00000000   Number         0  entry10a.o ABSOLUTE
    ../clib/microlib/init/entry.s            0x00000000   Number         0  entry9b.o ABSOLUTE
    ../clib/microlib/init/entry.s            0x00000000   Number         0  entry9a.o ABSOLUTE
    ../clib/microlib/init/entry.s            0x00000000   Number         0  entry8b.o ABSOLUTE
    ../clib/microlib/init/entry.s            0x00000000   Number         0  entry8a.o ABSOLUTE
    ../clib/microlib/init/entry.s            0x00000000   Number         0  entry.o ABSOLUTE
    ../clib/microlib/init/entry.s            0x00000000   Number         0  entry7b.o ABSOLUTE
    ../clib/microlib/init/entry.s            0x00000000   Number         0  entry5.o ABSOLUTE
    ../clib/microlib/init/entry.s            0x00000000   Number         0  entry11b.o ABSOLUTE
    ../clib/microlib/init/entry.s            0x00000000   Number         0  entry10b.o ABSOLUTE
    ../clib/microlib/longlong.c              0x00000000   Number         0  llsshr.o ABSOLUTE
    ../clib/microlib/longlong.c              0x00000000   Number         0  llshl.o ABSOLUTE
    ../clib/microlib/longlong.c              0x00000000   Number         0  llushr.o ABSOLUTE
    ../clib/microlib/printf/printf.c         0x00000000   Number         0  printf0.o ABSOLUTE
    ../clib/microlib/printf/printf.c         0x00000000   Number         0  printf3.o ABSOLUTE
    ../clib/microlib/printf/printf.c         0x00000000   Number         0  printf5.o ABSOLUTE
    ../clib/microlib/printf/printf.c         0x00000000   Number         0  printfb.o ABSOLUTE
    ../clib/microlib/printf/printf.c         0x00000000   Number         0  printf6.o ABSOLUTE
    ../clib/microlib/printf/printf.c         0x00000000   Number         0  printfa.o ABSOLUTE
    ../clib/microlib/printf/printf.c         0x00000000   Number         0  printf8.o ABSOLUTE
    ../clib/microlib/printf/printf.c         0x00000000   Number         0  printf7.o ABSOLUTE
    ../clib/microlib/printf/printf.c         0x00000000   Number         0  printf2.o ABSOLUTE
    ../clib/microlib/printf/printf.c         0x00000000   Number         0  printf1.o ABSOLUTE
    ../clib/microlib/printf/printf.c         0x00000000   Number         0  printf4.o ABSOLUTE
    ../clib/microlib/printf/stubs.s          0x00000000   Number         0  stubs.o ABSOLUTE
    ../clib/microlib/stdio/streams.c         0x00000000   Number         0  stdout.o ABSOLUTE
    ../clib/microlib/string/memset.c         0x00000000   Number         0  memseta.o ABSOLUTE
    ../clib/microlib/stubs.s                 0x00000000   Number         0  iusefp.o ABSOLUTE
    ../fplib/microlib/f2d.c                  0x00000000   Number         0  f2d.o ABSOLUTE
    ../fplib/microlib/fpadd.c                0x00000000   Number         0  dadd.o ABSOLUTE
    ../fplib/microlib/fpdiv.c                0x00000000   Number         0  ddiv.o ABSOLUTE
    ../fplib/microlib/fpepilogue.c           0x00000000   Number         0  depilogue.o ABSOLUTE
    ../fplib/microlib/fpfix.c                0x00000000   Number         0  dfixul.o ABSOLUTE
    ../fplib/microlib/fpmul.c                0x00000000   Number         0  dmul.o ABSOLUTE
    ..\Drivers\STM32F7xx_HAL_Driver\Src\stm32f7xx_hal.c 0x00000000   Number         0  stm32f7xx_hal.o ABSOLUTE
    ..\Drivers\STM32F7xx_HAL_Driver\Src\stm32f7xx_hal_adc.c 0x00000000   Number         0  stm32f7xx_hal_adc.o ABSOLUTE
    ..\Drivers\STM32F7xx_HAL_Driver\Src\stm32f7xx_hal_adc_ex.c 0x00000000   Number         0  stm32f7xx_hal_adc_ex.o ABSOLUTE
    ..\Drivers\STM32F7xx_HAL_Driver\Src\stm32f7xx_hal_cortex.c 0x00000000   Number         0  stm32f7xx_hal_cortex.o ABSOLUTE
    ..\Drivers\STM32F7xx_HAL_Driver\Src\stm32f7xx_hal_dma.c 0x00000000   Number         0  stm32f7xx_hal_dma.o ABSOLUTE
    ..\Drivers\STM32F7xx_HAL_Driver\Src\stm32f7xx_hal_dma_ex.c 0x00000000   Number         0  stm32f7xx_hal_dma_ex.o ABSOLUTE
    ..\Drivers\STM32F7xx_HAL_Driver\Src\stm32f7xx_hal_flash.c 0x00000000   Number         0  stm32f7xx_hal_flash.o ABSOLUTE
    ..\Drivers\STM32F7xx_HAL_Driver\Src\stm32f7xx_hal_flash_ex.c 0x00000000   Number         0  stm32f7xx_hal_flash_ex.o ABSOLUTE
    ..\Drivers\STM32F7xx_HAL_Driver\Src\stm32f7xx_hal_gpio.c 0x00000000   Number         0  stm32f7xx_hal_gpio.o ABSOLUTE
    ..\Drivers\STM32F7xx_HAL_Driver\Src\stm32f7xx_hal_pwr.c 0x00000000   Number         0  stm32f7xx_hal_pwr.o ABSOLUTE
    ..\Drivers\STM32F7xx_HAL_Driver\Src\stm32f7xx_hal_pwr_ex.c 0x00000000   Number         0  stm32f7xx_hal_pwr_ex.o ABSOLUTE
    ..\Drivers\STM32F7xx_HAL_Driver\Src\stm32f7xx_hal_rcc.c 0x00000000   Number         0  stm32f7xx_hal_rcc.o ABSOLUTE
    ..\Drivers\STM32F7xx_HAL_Driver\Src\stm32f7xx_hal_rcc_ex.c 0x00000000   Number         0  stm32f7xx_hal_rcc_ex.o ABSOLUTE
    ..\Drivers\STM32F7xx_HAL_Driver\Src\stm32f7xx_hal_tim.c 0x00000000   Number         0  stm32f7xx_hal_tim.o ABSOLUTE
    ..\Drivers\STM32F7xx_HAL_Driver\Src\stm32f7xx_hal_tim_ex.c 0x00000000   Number         0  stm32f7xx_hal_tim_ex.o ABSOLUTE
    ..\Drivers\STM32F7xx_HAL_Driver\Src\stm32f7xx_hal_uart.c 0x00000000   Number         0  stm32f7xx_hal_uart.o ABSOLUTE
    ..\QX_Lib\QX_Parsing_Functions.c         0x00000000   Number         0  qx_parsing_functions.o ABSOLUTE
    ..\QX_Lib\QX_Protocol.c                  0x00000000   Number         0  qx_protocol.o ABSOLUTE
    ..\Src\QX_Protocol_App.c                 0x00000000   Number         0  qx_protocol_app.o ABSOLUTE
    ..\Src\main.c                            0x00000000   Number         0  main.o ABSOLUTE
    ..\Src\simple_buffer.c                   0x00000000   Number         0  simple_buffer.o ABSOLUTE
    ..\Src\stm32f7xx_hal_msp.c               0x00000000   Number         0  stm32f7xx_hal_msp.o ABSOLUTE
    ..\Src\stm32f7xx_it.c                    0x00000000   Number         0  stm32f7xx_it.o ABSOLUTE
    ..\Src\system_stm32f7xx.c                0x00000000   Number         0  system_stm32f7xx.o ABSOLUTE
    cdrcmple.s                               0x00000000   Number         0  cdrcmple.o ABSOLUTE
    dc.s                                     0x00000000   Number         0  dc.o ABSOLUTE
    handlers.s                               0x00000000   Number         0  handlers.o ABSOLUTE
    init.s                                   0x00000000   Number         0  init.o ABSOLUTE
    startup_stm32f746xx.s                    0x00000000   Number         0  startup_stm32f746xx.o ABSOLUTE
    RESET                                    0x08000000   Section      456  startup_stm32f746xx.o(RESET)
    .ARM.Collect$$$$00000000                 0x080001c8   Section        0  entry.o(.ARM.Collect$$$$00000000)
    .ARM.Collect$$$$00000001                 0x080001c8   Section        4  entry2.o(.ARM.Collect$$$$00000001)
    .ARM.Collect$$$$00000004                 0x080001cc   Section        4  entry5.o(.ARM.Collect$$$$00000004)
    .ARM.Collect$$$$00000008                 0x080001d0   Section        0  entry7b.o(.ARM.Collect$$$$00000008)
    .ARM.Collect$$$$0000000A                 0x080001d0   Section        0  entry8b.o(.ARM.Collect$$$$0000000A)
    .ARM.Collect$$$$0000000B                 0x080001d0   Section        8  entry9a.o(.ARM.Collect$$$$0000000B)
    .ARM.Collect$$$$0000000D                 0x080001d8   Section        0  entry10a.o(.ARM.Collect$$$$0000000D)
    .ARM.Collect$$$$0000000F                 0x080001d8   Section        0  entry11a.o(.ARM.Collect$$$$0000000F)
    .ARM.Collect$$$$00002712                 0x080001d8   Section        4  entry2.o(.ARM.Collect$$$$00002712)
    __lit__00000000                          0x080001d8   Data           4  entry2.o(.ARM.Collect$$$$00002712)
    .text                                    0x080001dc   Section       36  startup_stm32f746xx.o(.text)
    $v0                                      0x080001dc   Number         0  startup_stm32f746xx.o(.text)
    .text                                    0x08000200   Section        0  memseta.o(.text)
    .text                                    0x08000224   Section        0  f2d.o(.text)
    .text                                    0x0800024a   Section        0  uidiv.o(.text)
    .text                                    0x08000276   Section        0  uldiv.o(.text)
    .text                                    0x080002d8   Section        0  dadd.o(.text)
    .text                                    0x080002d8   Section        0  iusefp.o(.text)
    .text                                    0x08000426   Section        0  dmul.o(.text)
    .text                                    0x0800050a   Section        0  ddiv.o(.text)
    .text                                    0x080005e8   Section        0  dfixul.o(.text)
    .text                                    0x08000618   Section       48  cdrcmple.o(.text)
    .text                                    0x08000648   Section       36  init.o(.text)
    .text                                    0x0800066c   Section        0  llshl.o(.text)
    .text                                    0x0800068a   Section        0  llushr.o(.text)
    .text                                    0x080006aa   Section        0  llsshr.o(.text)
    .text                                    0x080006ce   Section        0  depilogue.o(.text)
    i.ADC_DMAConvCplt                        0x08000788   Section        0  stm32f7xx_hal_adc.o(i.ADC_DMAConvCplt)
    ADC_DMAConvCplt                          0x08000789   Thumb Code    98  stm32f7xx_hal_adc.o(i.ADC_DMAConvCplt)
    i.ADC_DMAError                           0x080007ea   Section        0  stm32f7xx_hal_adc.o(i.ADC_DMAError)
    ADC_DMAError                             0x080007eb   Thumb Code    22  stm32f7xx_hal_adc.o(i.ADC_DMAError)
    i.ADC_DMAHalfConvCplt                    0x08000800   Section        0  stm32f7xx_hal_adc.o(i.ADC_DMAHalfConvCplt)
    ADC_DMAHalfConvCplt                      0x08000801   Thumb Code    10  stm32f7xx_hal_adc.o(i.ADC_DMAHalfConvCplt)
    i.ADC_Init                               0x0800080c   Section        0  stm32f7xx_hal_adc.o(i.ADC_Init)
    ADC_Init                                 0x0800080d   Thumb Code   302  stm32f7xx_hal_adc.o(i.ADC_Init)
    i.AddBitsAsByte                          0x08000944   Section        0  qx_parsing_functions.o(i.AddBitsAsByte)
    i.AddFloatAsSignedShort                  0x08000994   Section        0  qx_parsing_functions.o(i.AddFloatAsSignedShort)
    i.AddSignedShortAsSignedShort            0x080009f4   Section        0  qx_parsing_functions.o(i.AddSignedShortAsSignedShort)
    i.AddUnsignedCharAsUnsignedChar          0x08000a14   Section        0  qx_parsing_functions.o(i.AddUnsignedCharAsUnsignedChar)
    i.AddUnsignedShortAsUnsignedShort        0x08000a34   Section        0  qx_parsing_functions.o(i.AddUnsignedShortAsUnsignedShort)
    i.BufAdd                                 0x08000a5c   Section        0  simple_buffer.o(i.BufAdd)
    i.BufRemove                              0x08000a9c   Section        0  simple_buffer.o(i.BufRemove)
    i.BusFault_Handler                       0x08000ad0   Section        0  stm32f7xx_it.o(i.BusFault_Handler)
    i.DMA2_Stream0_IRQHandler                0x08000ad4   Section        0  stm32f7xx_it.o(i.DMA2_Stream0_IRQHandler)
    i.DMA_CalcBaseAndBitshift                0x08000ae0   Section        0  stm32f7xx_hal_dma.o(i.DMA_CalcBaseAndBitshift)
    DMA_CalcBaseAndBitshift                  0x08000ae1   Thumb Code    34  stm32f7xx_hal_dma.o(i.DMA_CalcBaseAndBitshift)
    i.DMA_CheckFifoParam                     0x08000b08   Section        0  stm32f7xx_hal_dma.o(i.DMA_CheckFifoParam)
    DMA_CheckFifoParam                       0x08000b09   Thumb Code    84  stm32f7xx_hal_dma.o(i.DMA_CheckFifoParam)
    i.DMA_SetConfig                          0x08000b5c   Section        0  stm32f7xx_hal_dma.o(i.DMA_SetConfig)
    DMA_SetConfig                            0x08000b5d   Thumb Code    40  stm32f7xx_hal_dma.o(i.DMA_SetConfig)
    i.DebugMon_Handler                       0x08000b84   Section        0  stm32f7xx_it.o(i.DebugMon_Handler)
    i.Error_Handler                          0x08000b86   Section        0  main.o(i.Error_Handler)
    i.GetBitsAsByte                          0x08000b88   Section        0  qx_parsing_functions.o(i.GetBitsAsByte)
    i.GetFloatAsSignedShort                  0x08000be0   Section        0  qx_parsing_functions.o(i.GetFloatAsSignedShort)
    i.GetSignedShortAsSignedShort            0x08000cb4   Section        0  qx_parsing_functions.o(i.GetSignedShortAsSignedShort)
    i.GetUnsignedCharAsUnsignedChar          0x08000d6c   Section        0  qx_parsing_functions.o(i.GetUnsignedCharAsUnsignedChar)
    i.GetUnsignedShortAsUnsignedShort        0x08000dc0   Section        0  qx_parsing_functions.o(i.GetUnsignedShortAsUnsignedShort)
    i.HAL_ADC_ConfigChannel                  0x08000e24   Section        0  stm32f7xx_hal_adc.o(i.HAL_ADC_ConfigChannel)
    i.HAL_ADC_ConvCpltCallback               0x08000f88   Section        0  stm32f7xx_hal_adc.o(i.HAL_ADC_ConvCpltCallback)
    i.HAL_ADC_ConvHalfCpltCallback           0x08000f8a   Section        0  stm32f7xx_hal_adc.o(i.HAL_ADC_ConvHalfCpltCallback)
    i.HAL_ADC_ErrorCallback                  0x08000f8c   Section        0  stm32f7xx_hal_adc.o(i.HAL_ADC_ErrorCallback)
    i.HAL_ADC_Init                           0x08000f8e   Section        0  stm32f7xx_hal_adc.o(i.HAL_ADC_Init)
    i.HAL_ADC_MspInit                        0x08000fe4   Section        0  stm32f7xx_hal_msp.o(i.HAL_ADC_MspInit)
    i.HAL_ADC_Start_DMA                      0x08001070   Section        0  stm32f7xx_hal_adc.o(i.HAL_ADC_Start_DMA)
    i.HAL_DMA_Abort_IT                       0x0800116c   Section        0  stm32f7xx_hal_dma.o(i.HAL_DMA_Abort_IT)
    i.HAL_DMA_IRQHandler                     0x08001190   Section        0  stm32f7xx_hal_dma.o(i.HAL_DMA_IRQHandler)
    i.HAL_DMA_Init                           0x08001338   Section        0  stm32f7xx_hal_dma.o(i.HAL_DMA_Init)
    i.HAL_DMA_Start_IT                       0x08001418   Section        0  stm32f7xx_hal_dma.o(i.HAL_DMA_Start_IT)
    i.HAL_Delay                              0x08001492   Section        0  stm32f7xx_hal.o(i.HAL_Delay)
    i.HAL_GPIO_Init                          0x080014a8   Section        0  stm32f7xx_hal_gpio.o(i.HAL_GPIO_Init)
    i.HAL_GPIO_ReadPin                       0x08001680   Section        0  stm32f7xx_hal_gpio.o(i.HAL_GPIO_ReadPin)
    i.HAL_GetTick                            0x0800168c   Section        0  stm32f7xx_hal.o(i.HAL_GetTick)
    i.HAL_IncTick                            0x08001698   Section        0  stm32f7xx_hal.o(i.HAL_IncTick)
    i.HAL_Init                               0x080016a8   Section        0  stm32f7xx_hal.o(i.HAL_Init)
    i.HAL_InitTick                           0x080016c0   Section        0  stm32f7xx_hal.o(i.HAL_InitTick)
    i.HAL_MspInit                            0x080016e8   Section        0  stm32f7xx_hal_msp.o(i.HAL_MspInit)
    i.HAL_NVIC_EnableIRQ                     0x08001740   Section        0  stm32f7xx_hal_cortex.o(i.HAL_NVIC_EnableIRQ)
    i.HAL_NVIC_SetPriority                   0x08001758   Section        0  stm32f7xx_hal_cortex.o(i.HAL_NVIC_SetPriority)
    i.HAL_NVIC_SetPriorityGrouping           0x08001798   Section        0  stm32f7xx_hal_cortex.o(i.HAL_NVIC_SetPriorityGrouping)
    i.HAL_PWREx_EnableOverDrive              0x080017bc   Section        0  stm32f7xx_hal_pwr_ex.o(i.HAL_PWREx_EnableOverDrive)
    i.HAL_RCCEx_PeriphCLKConfig              0x08001828   Section        0  stm32f7xx_hal_rcc_ex.o(i.HAL_RCCEx_PeriphCLKConfig)
    i.HAL_RCC_ClockConfig                    0x08001edc   Section        0  stm32f7xx_hal_rcc.o(i.HAL_RCC_ClockConfig)
    i.HAL_RCC_GetHCLKFreq                    0x08002040   Section        0  stm32f7xx_hal_rcc.o(i.HAL_RCC_GetHCLKFreq)
    i.HAL_RCC_GetPCLK1Freq                   0x0800204c   Section        0  stm32f7xx_hal_rcc.o(i.HAL_RCC_GetPCLK1Freq)
    i.HAL_RCC_GetPCLK2Freq                   0x0800207c   Section        0  stm32f7xx_hal_rcc.o(i.HAL_RCC_GetPCLK2Freq)
    i.HAL_RCC_GetSysClockFreq                0x080020ac   Section        0  stm32f7xx_hal_rcc.o(i.HAL_RCC_GetSysClockFreq)
    i.HAL_RCC_OscConfig                      0x0800212c   Section        0  stm32f7xx_hal_rcc.o(i.HAL_RCC_OscConfig)
    i.HAL_SYSTICK_CLKSourceConfig            0x08002488   Section        0  stm32f7xx_hal_cortex.o(i.HAL_SYSTICK_CLKSourceConfig)
    i.HAL_SYSTICK_Callback                   0x080024a0   Section        0  stm32f7xx_hal_cortex.o(i.HAL_SYSTICK_Callback)
    i.HAL_SYSTICK_Config                     0x080024a2   Section        0  stm32f7xx_hal_cortex.o(i.HAL_SYSTICK_Config)
    i.HAL_SYSTICK_IRQHandler                 0x080024c8   Section        0  stm32f7xx_hal_cortex.o(i.HAL_SYSTICK_IRQHandler)
    i.HAL_UART_ErrorCallback                 0x080024d0   Section        0  stm32f7xx_hal_uart.o(i.HAL_UART_ErrorCallback)
    i.HAL_UART_IRQHandler                    0x080024d4   Section        0  stm32f7xx_hal_uart.o(i.HAL_UART_IRQHandler)
    i.HAL_UART_Init                          0x0800264c   Section        0  stm32f7xx_hal_uart.o(i.HAL_UART_Init)
    i.HAL_UART_MspInit                       0x080026b8   Section        0  stm32f7xx_hal_msp.o(i.HAL_UART_MspInit)
    i.HAL_UART_Receive_IT                    0x08002710   Section        0  stm32f7xx_hal_uart.o(i.HAL_UART_Receive_IT)
    i.HAL_UART_RxCpltCallback                0x080027a0   Section        0  main.o(i.HAL_UART_RxCpltCallback)
    i.HAL_UART_Transmit_IT                   0x080027d0   Section        0  stm32f7xx_hal_uart.o(i.HAL_UART_Transmit_IT)
    i.HAL_UART_TxCpltCallback                0x08002812   Section        0  stm32f7xx_hal_uart.o(i.HAL_UART_TxCpltCallback)
    i.HardFault_Handler                      0x08002814   Section        0  stm32f7xx_it.o(i.HardFault_Handler)
    i.MX_ADC1_Init                           0x08002818   Section        0  main.o(i.MX_ADC1_Init)
    MX_ADC1_Init                             0x08002819   Thumb Code    92  main.o(i.MX_ADC1_Init)
    i.MX_USART6_UART_Init                    0x08002880   Section        0  main.o(i.MX_USART6_UART_Init)
    MX_USART6_UART_Init                      0x08002881   Thumb Code    44  main.o(i.MX_USART6_UART_Init)
    i.MemManage_Handler                      0x080028b8   Section        0  stm32f7xx_it.o(i.MemManage_Handler)
    i.NMI_Handler                            0x080028ba   Section        0  stm32f7xx_it.o(i.NMI_Handler)
    i.NVIC_SetPriority                       0x080028bc   Section        0  stm32f7xx_hal_cortex.o(i.NVIC_SetPriority)
    NVIC_SetPriority                         0x080028bd   Thumb Code    34  stm32f7xx_hal_cortex.o(i.NVIC_SetPriority)
    i.PendSV_Handler                         0x080028de   Section        0  stm32f7xx_it.o(i.PendSV_Handler)
    i.QX_AddExtdValToBuf                     0x080028e0   Section        0  qx_protocol.o(i.QX_AddExtdValToBuf)
    i.QX_BuildHeader                         0x08002922   Section        0  qx_protocol.o(i.QX_BuildHeader)
    i.QX_Calc8bChecksum                      0x08002a04   Section        0  qx_protocol.o(i.QX_Calc8bChecksum)
    i.QX_Cli_Rx_CurVal                       0x08002a20   Section        0  qx_protocol.o(i.QX_Cli_Rx_CurVal)
    i.QX_FwdMsg_CB                           0x08002a30   Section        0  qx_protocol_app.o(i.QX_FwdMsg_CB)
    i.QX_GetExtdValFromBuf                   0x08002a32   Section        0  qx_protocol.o(i.QX_GetExtdValFromBuf)
    i.QX_GetTicks_ms                         0x08002a64   Section        0  qx_protocol_app.o(i.QX_GetTicks_ms)
    i.QX_InitCli                             0x08002a68   Section        0  qx_protocol.o(i.QX_InitCli)
    i.QX_InitMsg                             0x08002a6e   Section        0  qx_protocol.o(i.QX_InitMsg)
    i.QX_InitTxOptions                       0x08002a82   Section        0  qx_protocol.o(i.QX_InitTxOptions)
    i.QX_ParseHeader                         0x08002a94   Section        0  qx_protocol.o(i.QX_ParseHeader)
    i.QX_ParsePacket_Cli_MoVI_Ctrl_CB        0x08002b30   Section        0  qx_protocol_app.o(i.QX_ParsePacket_Cli_MoVI_Ctrl_CB)
    i.QX_Parser_AdvMsgPtr                    0x08003190   Section        0  qx_parsing_functions.o(i.QX_Parser_AdvMsgPtr)
    i.QX_Parser_GetMsgPtr                    0x080031a0   Section        0  qx_parsing_functions.o(i.QX_Parser_GetMsgPtr)
    i.QX_Parser_SetDir_Read                  0x080031ac   Section        0  qx_parsing_functions.o(i.QX_Parser_SetDir_Read)
    i.QX_Parser_SetDir_WriteAbs              0x080031b8   Section        0  qx_parsing_functions.o(i.QX_Parser_SetDir_WriteAbs)
    i.QX_Parser_SetMsgPtr                    0x080031c4   Section        0  qx_parsing_functions.o(i.QX_Parser_SetMsgPtr)
    i.QX_RxMsg                               0x080031d0   Section        0  qx_protocol.o(i.QX_RxMsg)
    i.QX_SendMsg2CommsPort_CB                0x08003260   Section        0  qx_protocol_app.o(i.QX_SendMsg2CommsPort_CB)
    i.QX_SendPacket_Cli_WriteABS             0x0800328c   Section        0  qx_protocol.o(i.QX_SendPacket_Cli_WriteABS)
    i.QX_SendPacket_Srv_CurVal               0x080032ee   Section        0  qx_protocol.o(i.QX_SendPacket_Srv_CurVal)
    i.QX_Srv_Rx_Read                         0x08003350   Section        0  qx_protocol.o(i.QX_Srv_Rx_Read)
    i.QX_Srv_Rx_Write                        0x080033a8   Section        0  qx_protocol.o(i.QX_Srv_Rx_Write)
    i.QX_StreamRxCharSM                      0x08003420   Section        0  qx_protocol.o(i.QX_StreamRxCharSM)
    i.QX_TxMsg_Finish                        0x080035c0   Section        0  qx_protocol.o(i.QX_TxMsg_Finish)
    i.QX_TxMsg_Setup                         0x080036b8   Section        0  qx_protocol.o(i.QX_TxMsg_Setup)
    i.QX_accumulate_crc32                    0x080036e0   Section        0  qx_protocol.o(i.QX_accumulate_crc32)
    i.QX_compute_crc32                       0x08003704   Section        0  qx_protocol.o(i.QX_compute_crc32)
    i.SVC_Handler                            0x08003724   Section        0  stm32f7xx_it.o(i.SVC_Handler)
    i.SysTick_Handler                        0x08003726   Section        0  stm32f7xx_it.o(i.SysTick_Handler)
    i.SystemClock_Config                     0x08003734   Section        0  main.o(i.SystemClock_Config)
    i.SystemInit                             0x080037ec   Section        0  system_stm32f7xx.o(i.SystemInit)
    i.UART_AdvFeatureConfig                  0x08003840   Section        0  stm32f7xx_hal_uart.o(i.UART_AdvFeatureConfig)
    i.UART_CheckIdleState                    0x08003908   Section        0  stm32f7xx_hal_uart.o(i.UART_CheckIdleState)
    i.UART_DMAAbortOnError                   0x08003948   Section        0  stm32f7xx_hal_uart.o(i.UART_DMAAbortOnError)
    UART_DMAAbortOnError                     0x08003949   Thumb Code    20  stm32f7xx_hal_uart.o(i.UART_DMAAbortOnError)
    i.UART_EndRxTransfer                     0x0800395c   Section        0  stm32f7xx_hal_uart.o(i.UART_EndRxTransfer)
    UART_EndRxTransfer                       0x0800395d   Thumb Code    28  stm32f7xx_hal_uart.o(i.UART_EndRxTransfer)
    i.UART_Receive_IT                        0x08003978   Section        0  stm32f7xx_hal_uart.o(i.UART_Receive_IT)
    UART_Receive_IT                          0x08003979   Thumb Code   120  stm32f7xx_hal_uart.o(i.UART_Receive_IT)
    i.UART_SetConfig                         0x080039f0   Section        0  stm32f7xx_hal_uart.o(i.UART_SetConfig)
    i.UART_WaitOnFlagUntilTimeout            0x08003c48   Section        0  stm32f7xx_hal_uart.o(i.UART_WaitOnFlagUntilTimeout)
    i.USART6_IRQHandler                      0x08003cac   Section        0  stm32f7xx_it.o(i.USART6_IRQHandler)
    i.UsageFault_Handler                     0x08003cb8   Section        0  stm32f7xx_it.o(i.UsageFault_Handler)
    i.__0printf                              0x08003cbc   Section        0  printfa.o(i.__0printf)
    i.__scatterload_copy                     0x08003cdc   Section       14  handlers.o(i.__scatterload_copy)
    i.__scatterload_null                     0x08003cea   Section        2  handlers.o(i.__scatterload_null)
    i.__scatterload_zeroinit                 0x08003cec   Section       14  handlers.o(i.__scatterload_zeroinit)
    i._fp_digits                             0x08003cfc   Section        0  printfa.o(i._fp_digits)
    _fp_digits                               0x08003cfd   Thumb Code   334  printfa.o(i._fp_digits)
    i._printf_core                           0x08003e60   Section        0  printfa.o(i._printf_core)
    _printf_core                             0x08003e61   Thumb Code  1744  printfa.o(i._printf_core)
    i._printf_post_padding                   0x0800453c   Section        0  printfa.o(i._printf_post_padding)
    _printf_post_padding                     0x0800453d   Thumb Code    36  printfa.o(i._printf_post_padding)
    i._printf_pre_padding                    0x08004560   Section        0  printfa.o(i._printf_pre_padding)
    _printf_pre_padding                      0x08004561   Thumb Code    46  printfa.o(i._printf_pre_padding)
    i.button_debounced_D2_press_event        0x08004590   Section        0  main.o(i.button_debounced_D2_press_event)
    i.button_debounced_D3_press_event        0x080045a8   Section        0  main.o(i.button_debounced_D3_press_event)
    i.ff_api_init                            0x080045bc   Section        0  qx_protocol_app.o(i.ff_api_init)
    i.ff_api_send                            0x08004608   Section        0  qx_protocol_app.o(i.ff_api_send)
    i.fputc                                  0x08004640   Section        0  main.o(i.fputc)
    i.get_button_debounced_D2                0x08004668   Section        0  main.o(i.get_button_debounced_D2)
    i.get_button_debounced_D3                0x080046bc   Section        0  main.o(i.get_button_debounced_D3)
    i.main                                   0x08004710   Section        0  main.o(i.main)
    i.mapfloat                               0x08004e1c   Section        0  main.o(i.mapfloat)
    i.print_lens_state                       0x08004e38   Section        0  main.o(i.print_lens_state)
    .constdata                               0x08004f58   Section       16  system_stm32f7xx.o(.constdata)
    .constdata                               0x08004f68   Section        8  system_stm32f7xx.o(.constdata)
    .constdata                               0x08004f70   Section        8  stm32f7xx_hal_dma.o(.constdata)
    flagBitshiftOffset                       0x08004f70   Data           8  stm32f7xx_hal_dma.o(.constdata)
    .data                                    0x20000000   Section       36  main.o(.data)
    value                                    0x20000001   Data           1  main.o(.data)
    value_last                               0x20000002   Data           1  main.o(.data)
    debounce_cntr                            0x20000003   Data           1  main.o(.data)
    value                                    0x20000004   Data           1  main.o(.data)
    value_last                               0x20000005   Data           1  main.o(.data)
    debounce_cntr                            0x20000006   Data           1  main.o(.data)
    .data                                    0x20000024   Section        4  simple_buffer.o(.data)
    .data                                    0x20000028   Section      116  qx_protocol_app.o(.data)
    .data                                    0x2000009c   Section        4  system_stm32f7xx.o(.data)
    .data                                    0x200000a0   Section        4  stm32f7xx_hal.o(.data)
    .data                                    0x200000a4   Section        8  qx_parsing_functions.o(.data)
    .data                                    0x200000ac   Section       24  qx_protocol.o(.data)
    .data                                    0x200000c4   Section        4  stdout.o(.data)
    .bss                                     0x200000c8   Section      684  main.o(.bss)
    .bss                                     0x20000374   Section       96  main.o(.bss)
    .bss                                     0x200003d4   Section      128  simple_buffer.o(.bss)
    .bss                                     0x20000454   Section      140  qx_protocol.o(.bss)
    STACK                                    0x200004e0   Section     1024  startup_stm32f746xx.o(STACK)

    Global Symbols

    Symbol Name                              Value     Ov Type        Size  Object(Section)

    BuildAttributes$$THM_ISAv4$E$P$D$K$B$S$7EM$VFPi5$EXTD16$VFPS$VFMA$PE$PLD8$A:L22UL41UL21$X:L11$S22US41US21$IEEE1$IW$USESV6$~STKCKD$USESV7$~SHL$OSPACE$ROPI$EBA8$MICROLIB$REQ8$PRES8$EABIv2 0x00000000   Number         0  anon$$obj.o ABSOLUTE
    __ARM_use_no_argv                        0x00000000   Number         0  main.o ABSOLUTE
    _printf_a                                0x00000000   Number         0  stubs.o ABSOLUTE
    _printf_c                                0x00000000   Number         0  stubs.o ABSOLUTE
    _printf_charcount                        0x00000000   Number         0  stubs.o ABSOLUTE
    _printf_d                                0x00000000   Number         0  stubs.o ABSOLUTE
    _printf_e                                0x00000000   Number         0  stubs.o ABSOLUTE
    _printf_f                                0x00000000   Number         0  stubs.o ABSOLUTE
    _printf_flags                            0x00000000   Number         0  stubs.o ABSOLUTE
    _printf_fp_dec                           0x00000000   Number         0  stubs.o ABSOLUTE
    _printf_fp_hex                           0x00000000   Number         0  stubs.o ABSOLUTE
    _printf_g                                0x00000000   Number         0  stubs.o ABSOLUTE
    _printf_i                                0x00000000   Number         0  stubs.o ABSOLUTE
    _printf_int_dec                          0x00000000   Number         0  stubs.o ABSOLUTE
    _printf_l                                0x00000000   Number         0  stubs.o ABSOLUTE
    _printf_lc                               0x00000000   Number         0  stubs.o ABSOLUTE
    _printf_ll                               0x00000000   Number         0  stubs.o ABSOLUTE
    _printf_lld                              0x00000000   Number         0  stubs.o ABSOLUTE
    _printf_lli                              0x00000000   Number         0  stubs.o ABSOLUTE
    _printf_llo                              0x00000000   Number         0  stubs.o ABSOLUTE
    _printf_llu                              0x00000000   Number         0  stubs.o ABSOLUTE
    _printf_llx                              0x00000000   Number         0  stubs.o ABSOLUTE
    _printf_longlong_dec                     0x00000000   Number         0  stubs.o ABSOLUTE
    _printf_longlong_hex                     0x00000000   Number         0  stubs.o ABSOLUTE
    _printf_longlong_oct                     0x00000000   Number         0  stubs.o ABSOLUTE
    _printf_ls                               0x00000000   Number         0  stubs.o ABSOLUTE
    _printf_mbtowc                           0x00000000   Number         0  stubs.o ABSOLUTE
    _printf_n                                0x00000000   Number         0  stubs.o ABSOLUTE
    _printf_o                                0x00000000   Number         0  stubs.o ABSOLUTE
    _printf_p                                0x00000000   Number         0  stubs.o ABSOLUTE
    _printf_percent                          0x00000000   Number         0  stubs.o ABSOLUTE
    _printf_pre_padding                      0x00000000   Number         0  stubs.o ABSOLUTE
    _printf_return_value                     0x00000000   Number         0  stubs.o ABSOLUTE
    _printf_s                                0x00000000   Number         0  stubs.o ABSOLUTE
    _printf_sizespec                         0x00000000   Number         0  stubs.o ABSOLUTE
    _printf_str                              0x00000000   Number         0  stubs.o ABSOLUTE
    _printf_truncate_signed                  0x00000000   Number         0  stubs.o ABSOLUTE
    _printf_truncate_unsigned                0x00000000   Number         0  stubs.o ABSOLUTE
    _printf_u                                0x00000000   Number         0  stubs.o ABSOLUTE
    _printf_wc                               0x00000000   Number         0  stubs.o ABSOLUTE
    _printf_wctomb                           0x00000000   Number         0  stubs.o ABSOLUTE
    _printf_widthprec                        0x00000000   Number         0  stubs.o ABSOLUTE
    _printf_x                                0x00000000   Number         0  stubs.o ABSOLUTE
    __cpp_initialize__aeabi_                  - Undefined Weak Reference
    __cxa_finalize                            - Undefined Weak Reference
    __decompress                              - Undefined Weak Reference
    _clock_init                               - Undefined Weak Reference
    _microlib_exit                            - Undefined Weak Reference
    __Vectors_Size                           0x000001c8   Number         0  startup_stm32f746xx.o ABSOLUTE
    __Vectors                                0x08000000   Data           4  startup_stm32f746xx.o(RESET)
    __Vectors_End                            0x080001c8   Data           0  startup_stm32f746xx.o(RESET)
    __main                                   0x080001c9   Thumb Code     0  entry.o(.ARM.Collect$$$$00000000)
    _main_stk                                0x080001c9   Thumb Code     0  entry2.o(.ARM.Collect$$$$00000001)
    _main_scatterload                        0x080001cd   Thumb Code     0  entry5.o(.ARM.Collect$$$$00000004)
    __main_after_scatterload                 0x080001d1   Thumb Code     0  entry5.o(.ARM.Collect$$$$00000004)
    _main_clock                              0x080001d1   Thumb Code     0  entry7b.o(.ARM.Collect$$$$00000008)
    _main_cpp_init                           0x080001d1   Thumb Code     0  entry8b.o(.ARM.Collect$$$$0000000A)
    _main_init                               0x080001d1   Thumb Code     0  entry9a.o(.ARM.Collect$$$$0000000B)
    __rt_final_cpp                           0x080001d9   Thumb Code     0  entry10a.o(.ARM.Collect$$$$0000000D)
    __rt_final_exit                          0x080001d9   Thumb Code     0  entry11a.o(.ARM.Collect$$$$0000000F)
    Reset_Handler                            0x080001dd   Thumb Code     8  startup_stm32f746xx.o(.text)
    ADC_IRQHandler                           0x080001f7   Thumb Code     0  startup_stm32f746xx.o(.text)
    CAN1_RX0_IRQHandler                      0x080001f7   Thumb Code     0  startup_stm32f746xx.o(.text)
    CAN1_RX1_IRQHandler                      0x080001f7   Thumb Code     0  startup_stm32f746xx.o(.text)
    CAN1_SCE_IRQHandler                      0x080001f7   Thumb Code     0  startup_stm32f746xx.o(.text)
    CAN1_TX_IRQHandler                       0x080001f7   Thumb Code     0  startup_stm32f746xx.o(.text)
    CAN2_RX0_IRQHandler                      0x080001f7   Thumb Code     0  startup_stm32f746xx.o(.text)
    CAN2_RX1_IRQHandler                      0x080001f7   Thumb Code     0  startup_stm32f746xx.o(.text)
    CAN2_SCE_IRQHandler                      0x080001f7   Thumb Code     0  startup_stm32f746xx.o(.text)
    CAN2_TX_IRQHandler                       0x080001f7   Thumb Code     0  startup_stm32f746xx.o(.text)
    CEC_IRQHandler                           0x080001f7   Thumb Code     0  startup_stm32f746xx.o(.text)
    DCMI_IRQHandler                          0x080001f7   Thumb Code     0  startup_stm32f746xx.o(.text)
    DMA1_Stream0_IRQHandler                  0x080001f7   Thumb Code     0  startup_stm32f746xx.o(.text)
    DMA1_Stream1_IRQHandler                  0x080001f7   Thumb Code     0  startup_stm32f746xx.o(.text)
    DMA1_Stream2_IRQHandler                  0x080001f7   Thumb Code     0  startup_stm32f746xx.o(.text)
    DMA1_Stream3_IRQHandler                  0x080001f7   Thumb Code     0  startup_stm32f746xx.o(.text)
    DMA1_Stream4_IRQHandler                  0x080001f7   Thumb Code     0  startup_stm32f746xx.o(.text)
    DMA1_Stream5_IRQHandler                  0x080001f7   Thumb Code     0  startup_stm32f746xx.o(.text)
    DMA1_Stream6_IRQHandler                  0x080001f7   Thumb Code     0  startup_stm32f746xx.o(.text)
    DMA1_Stream7_IRQHandler                  0x080001f7   Thumb Code     0  startup_stm32f746xx.o(.text)
    DMA2D_IRQHandler                         0x080001f7   Thumb Code     0  startup_stm32f746xx.o(.text)
    DMA2_Stream1_IRQHandler                  0x080001f7   Thumb Code     0  startup_stm32f746xx.o(.text)
    DMA2_Stream2_IRQHandler                  0x080001f7   Thumb Code     0  startup_stm32f746xx.o(.text)
    DMA2_Stream3_IRQHandler                  0x080001f7   Thumb Code     0  startup_stm32f746xx.o(.text)
    DMA2_Stream4_IRQHandler                  0x080001f7   Thumb Code     0  startup_stm32f746xx.o(.text)
    DMA2_Stream5_IRQHandler                  0x080001f7   Thumb Code     0  startup_stm32f746xx.o(.text)
    DMA2_Stream6_IRQHandler                  0x080001f7   Thumb Code     0  startup_stm32f746xx.o(.text)
    DMA2_Stream7_IRQHandler                  0x080001f7   Thumb Code     0  startup_stm32f746xx.o(.text)
    ETH_IRQHandler                           0x080001f7   Thumb Code     0  startup_stm32f746xx.o(.text)
    ETH_WKUP_IRQHandler                      0x080001f7   Thumb Code     0  startup_stm32f746xx.o(.text)
    EXTI0_IRQHandler                         0x080001f7   Thumb Code     0  startup_stm32f746xx.o(.text)
    EXTI15_10_IRQHandler                     0x080001f7   Thumb Code     0  startup_stm32f746xx.o(.text)
    EXTI1_IRQHandler                         0x080001f7   Thumb Code     0  startup_stm32f746xx.o(.text)
    EXTI2_IRQHandler                         0x080001f7   Thumb Code     0  startup_stm32f746xx.o(.text)
    EXTI3_IRQHandler                         0x080001f7   Thumb Code     0  startup_stm32f746xx.o(.text)
    EXTI4_IRQHandler                         0x080001f7   Thumb Code     0  startup_stm32f746xx.o(.text)
    EXTI9_5_IRQHandler                       0x080001f7   Thumb Code     0  startup_stm32f746xx.o(.text)
    FLASH_IRQHandler                         0x080001f7   Thumb Code     0  startup_stm32f746xx.o(.text)
    FMC_IRQHandler                           0x080001f7   Thumb Code     0  startup_stm32f746xx.o(.text)
    FPU_IRQHandler                           0x080001f7   Thumb Code     0  startup_stm32f746xx.o(.text)
    I2C1_ER_IRQHandler                       0x080001f7   Thumb Code     0  startup_stm32f746xx.o(.text)
    I2C1_EV_IRQHandler                       0x080001f7   Thumb Code     0  startup_stm32f746xx.o(.text)
    I2C2_ER_IRQHandler                       0x080001f7   Thumb Code     0  startup_stm32f746xx.o(.text)
    I2C2_EV_IRQHandler                       0x080001f7   Thumb Code     0  startup_stm32f746xx.o(.text)
    I2C3_ER_IRQHandler                       0x080001f7   Thumb Code     0  startup_stm32f746xx.o(.text)
    I2C3_EV_IRQHandler                       0x080001f7   Thumb Code     0  startup_stm32f746xx.o(.text)
    I2C4_ER_IRQHandler                       0x080001f7   Thumb Code     0  startup_stm32f746xx.o(.text)
    I2C4_EV_IRQHandler                       0x080001f7   Thumb Code     0  startup_stm32f746xx.o(.text)
    LPTIM1_IRQHandler                        0x080001f7   Thumb Code     0  startup_stm32f746xx.o(.text)
    LTDC_ER_IRQHandler                       0x080001f7   Thumb Code     0  startup_stm32f746xx.o(.text)
    LTDC_IRQHandler                          0x080001f7   Thumb Code     0  startup_stm32f746xx.o(.text)
    OTG_FS_IRQHandler                        0x080001f7   Thumb Code     0  startup_stm32f746xx.o(.text)
    OTG_FS_WKUP_IRQHandler                   0x080001f7   Thumb Code     0  startup_stm32f746xx.o(.text)
    OTG_HS_EP1_IN_IRQHandler                 0x080001f7   Thumb Code     0  startup_stm32f746xx.o(.text)
    OTG_HS_EP1_OUT_IRQHandler                0x080001f7   Thumb Code     0  startup_stm32f746xx.o(.text)
    OTG_HS_IRQHandler                        0x080001f7   Thumb Code     0  startup_stm32f746xx.o(.text)
    OTG_HS_WKUP_IRQHandler                   0x080001f7   Thumb Code     0  startup_stm32f746xx.o(.text)
    PVD_IRQHandler                           0x080001f7   Thumb Code     0  startup_stm32f746xx.o(.text)
    QUADSPI_IRQHandler                       0x080001f7   Thumb Code     0  startup_stm32f746xx.o(.text)
    RCC_IRQHandler                           0x080001f7   Thumb Code     0  startup_stm32f746xx.o(.text)
    RNG_IRQHandler                           0x080001f7   Thumb Code     0  startup_stm32f746xx.o(.text)
    RTC_Alarm_IRQHandler                     0x080001f7   Thumb Code     0  startup_stm32f746xx.o(.text)
    RTC_WKUP_IRQHandler                      0x080001f7   Thumb Code     0  startup_stm32f746xx.o(.text)
    SAI1_IRQHandler                          0x080001f7   Thumb Code     0  startup_stm32f746xx.o(.text)
    SAI2_IRQHandler                          0x080001f7   Thumb Code     0  startup_stm32f746xx.o(.text)
    SDMMC1_IRQHandler                        0x080001f7   Thumb Code     0  startup_stm32f746xx.o(.text)
    SPDIF_RX_IRQHandler                      0x080001f7   Thumb Code     0  startup_stm32f746xx.o(.text)
    SPI1_IRQHandler                          0x080001f7   Thumb Code     0  startup_stm32f746xx.o(.text)
    SPI2_IRQHandler                          0x080001f7   Thumb Code     0  startup_stm32f746xx.o(.text)
    SPI3_IRQHandler                          0x080001f7   Thumb Code     0  startup_stm32f746xx.o(.text)
    SPI4_IRQHandler                          0x080001f7   Thumb Code     0  startup_stm32f746xx.o(.text)
    SPI5_IRQHandler                          0x080001f7   Thumb Code     0  startup_stm32f746xx.o(.text)
    SPI6_IRQHandler                          0x080001f7   Thumb Code     0  startup_stm32f746xx.o(.text)
    TAMP_STAMP_IRQHandler                    0x080001f7   Thumb Code     0  startup_stm32f746xx.o(.text)
    TIM1_BRK_TIM9_IRQHandler                 0x080001f7   Thumb Code     0  startup_stm32f746xx.o(.text)
    TIM1_CC_IRQHandler                       0x080001f7   Thumb Code     0  startup_stm32f746xx.o(.text)
    TIM1_TRG_COM_TIM11_IRQHandler            0x080001f7   Thumb Code     0  startup_stm32f746xx.o(.text)
    TIM1_UP_TIM10_IRQHandler                 0x080001f7   Thumb Code     0  startup_stm32f746xx.o(.text)
    TIM2_IRQHandler                          0x080001f7   Thumb Code     0  startup_stm32f746xx.o(.text)
    TIM3_IRQHandler                          0x080001f7   Thumb Code     0  startup_stm32f746xx.o(.text)
    TIM4_IRQHandler                          0x080001f7   Thumb Code     0  startup_stm32f746xx.o(.text)
    TIM5_IRQHandler                          0x080001f7   Thumb Code     0  startup_stm32f746xx.o(.text)
    TIM6_DAC_IRQHandler                      0x080001f7   Thumb Code     0  startup_stm32f746xx.o(.text)
    TIM7_IRQHandler                          0x080001f7   Thumb Code     0  startup_stm32f746xx.o(.text)
    TIM8_BRK_TIM12_IRQHandler                0x080001f7   Thumb Code     0  startup_stm32f746xx.o(.text)
    TIM8_CC_IRQHandler                       0x080001f7   Thumb Code     0  startup_stm32f746xx.o(.text)
    TIM8_TRG_COM_TIM14_IRQHandler            0x080001f7   Thumb Code     0  startup_stm32f746xx.o(.text)
    TIM8_UP_TIM13_IRQHandler                 0x080001f7   Thumb Code     0  startup_stm32f746xx.o(.text)
    UART4_IRQHandler                         0x080001f7   Thumb Code     0  startup_stm32f746xx.o(.text)
    UART5_IRQHandler                         0x080001f7   Thumb Code     0  startup_stm32f746xx.o(.text)
    UART7_IRQHandler                         0x080001f7   Thumb Code     0  startup_stm32f746xx.o(.text)
    UART8_IRQHandler                         0x080001f7   Thumb Code     0  startup_stm32f746xx.o(.text)
    USART1_IRQHandler                        0x080001f7   Thumb Code     0  startup_stm32f746xx.o(.text)
    USART2_IRQHandler                        0x080001f7   Thumb Code     0  startup_stm32f746xx.o(.text)
    USART3_IRQHandler                        0x080001f7   Thumb Code     0  startup_stm32f746xx.o(.text)
    WWDG_IRQHandler                          0x080001f7   Thumb Code     0  startup_stm32f746xx.o(.text)
    __aeabi_memset                           0x08000201   Thumb Code    14  memseta.o(.text)
    __aeabi_memset4                          0x08000201   Thumb Code     0  memseta.o(.text)
    __aeabi_memset8                          0x08000201   Thumb Code     0  memseta.o(.text)
    __aeabi_memclr                           0x0800020f   Thumb Code     4  memseta.o(.text)
    __aeabi_memclr4                          0x0800020f   Thumb Code     0  memseta.o(.text)
    __aeabi_memclr8                          0x0800020f   Thumb Code     0  memseta.o(.text)
    _memset$wrapper                          0x08000213   Thumb Code    18  memseta.o(.text)
    __aeabi_f2d                              0x08000225   Thumb Code    38  f2d.o(.text)
    __aeabi_uidiv                            0x0800024b   Thumb Code     0  uidiv.o(.text)
    __aeabi_uidivmod                         0x0800024b   Thumb Code    44  uidiv.o(.text)
    __aeabi_uldivmod                         0x08000277   Thumb Code    98  uldiv.o(.text)
    __I$use$fp                               0x080002d9   Thumb Code     0  iusefp.o(.text)
    __aeabi_dadd                             0x080002d9   Thumb Code   322  dadd.o(.text)
    __aeabi_dsub                             0x0800041b   Thumb Code     6  dadd.o(.text)
    __aeabi_drsub                            0x08000421   Thumb Code     6  dadd.o(.text)
    __aeabi_dmul                             0x08000427   Thumb Code   228  dmul.o(.text)
    __aeabi_ddiv                             0x0800050b   Thumb Code   222  ddiv.o(.text)
    __aeabi_d2ulz                            0x080005e9   Thumb Code    48  dfixul.o(.text)
    __aeabi_cdrcmple                         0x08000619   Thumb Code    48  cdrcmple.o(.text)
    __scatterload                            0x08000649   Thumb Code    28  init.o(.text)
    __scatterload_rt2                        0x08000649   Thumb Code     0  init.o(.text)
    __aeabi_llsl                             0x0800066d   Thumb Code    30  llshl.o(.text)
    _ll_shift_l                              0x0800066d   Thumb Code     0  llshl.o(.text)
    __aeabi_llsr                             0x0800068b   Thumb Code    32  llushr.o(.text)
    _ll_ushift_r                             0x0800068b   Thumb Code     0  llushr.o(.text)
    __aeabi_lasr                             0x080006ab   Thumb Code    36  llsshr.o(.text)
    _ll_sshift_r                             0x080006ab   Thumb Code     0  llsshr.o(.text)
    _double_round                            0x080006cf   Thumb Code    30  depilogue.o(.text)
    _double_epilogue                         0x080006ed   Thumb Code   156  depilogue.o(.text)
    AddBitsAsByte                            0x08000945   Thumb Code    74  qx_parsing_functions.o(i.AddBitsAsByte)
    AddFloatAsSignedShort                    0x08000995   Thumb Code    92  qx_parsing_functions.o(i.AddFloatAsSignedShort)
    AddSignedShortAsSignedShort              0x080009f5   Thumb Code    28  qx_parsing_functions.o(i.AddSignedShortAsSignedShort)
    AddUnsignedCharAsUnsignedChar            0x08000a15   Thumb Code    26  qx_parsing_functions.o(i.AddUnsignedCharAsUnsignedChar)
    AddUnsignedShortAsUnsignedShort          0x08000a35   Thumb Code    34  qx_parsing_functions.o(i.AddUnsignedShortAsUnsignedShort)
    BufAdd                                   0x08000a5d   Thumb Code    54  simple_buffer.o(i.BufAdd)
    BufRemove                                0x08000a9d   Thumb Code    44  simple_buffer.o(i.BufRemove)
    BusFault_Handler                         0x08000ad1   Thumb Code     2  stm32f7xx_it.o(i.BusFault_Handler)
    DMA2_Stream0_IRQHandler                  0x08000ad5   Thumb Code     6  stm32f7xx_it.o(i.DMA2_Stream0_IRQHandler)
    DebugMon_Handler                         0x08000b85   Thumb Code     2  stm32f7xx_it.o(i.DebugMon_Handler)
    Error_Handler                            0x08000b87   Thumb Code     2  main.o(i.Error_Handler)
    GetBitsAsByte                            0x08000b89   Thumb Code    84  qx_parsing_functions.o(i.GetBitsAsByte)
    GetFloatAsSignedShort                    0x08000be1   Thumb Code   204  qx_parsing_functions.o(i.GetFloatAsSignedShort)
    GetSignedShortAsSignedShort              0x08000cb5   Thumb Code   180  qx_parsing_functions.o(i.GetSignedShortAsSignedShort)
    GetUnsignedCharAsUnsignedChar            0x08000d6d   Thumb Code    80  qx_parsing_functions.o(i.GetUnsignedCharAsUnsignedChar)
    GetUnsignedShortAsUnsignedShort          0x08000dc1   Thumb Code    94  qx_parsing_functions.o(i.GetUnsignedShortAsUnsignedShort)
    HAL_ADC_ConfigChannel                    0x08000e25   Thumb Code   338  stm32f7xx_hal_adc.o(i.HAL_ADC_ConfigChannel)
    HAL_ADC_ConvCpltCallback                 0x08000f89   Thumb Code     2  stm32f7xx_hal_adc.o(i.HAL_ADC_ConvCpltCallback)
    HAL_ADC_ConvHalfCpltCallback             0x08000f8b   Thumb Code     2  stm32f7xx_hal_adc.o(i.HAL_ADC_ConvHalfCpltCallback)
    HAL_ADC_ErrorCallback                    0x08000f8d   Thumb Code     2  stm32f7xx_hal_adc.o(i.HAL_ADC_ErrorCallback)
    HAL_ADC_Init                             0x08000f8f   Thumb Code    84  stm32f7xx_hal_adc.o(i.HAL_ADC_Init)
    HAL_ADC_MspInit                          0x08000fe5   Thumb Code   116  stm32f7xx_hal_msp.o(i.HAL_ADC_MspInit)
    HAL_ADC_Start_DMA                        0x08001071   Thumb Code   226  stm32f7xx_hal_adc.o(i.HAL_ADC_Start_DMA)
    HAL_DMA_Abort_IT                         0x0800116d   Thumb Code    36  stm32f7xx_hal_dma.o(i.HAL_DMA_Abort_IT)
    HAL_DMA_IRQHandler                       0x08001191   Thumb Code   414  stm32f7xx_hal_dma.o(i.HAL_DMA_IRQHandler)
    HAL_DMA_Init                             0x08001339   Thumb Code   218  stm32f7xx_hal_dma.o(i.HAL_DMA_Init)
    HAL_DMA_Start_IT                         0x08001419   Thumb Code   122  stm32f7xx_hal_dma.o(i.HAL_DMA_Start_IT)
    HAL_Delay                                0x08001493   Thumb Code    22  stm32f7xx_hal.o(i.HAL_Delay)
    HAL_GPIO_Init                            0x080014a9   Thumb Code   418  stm32f7xx_hal_gpio.o(i.HAL_GPIO_Init)
    HAL_GPIO_ReadPin                         0x08001681   Thumb Code    10  stm32f7xx_hal_gpio.o(i.HAL_GPIO_ReadPin)
    HAL_GetTick                              0x0800168d   Thumb Code     6  stm32f7xx_hal.o(i.HAL_GetTick)
    HAL_IncTick                              0x08001699   Thumb Code    10  stm32f7xx_hal.o(i.HAL_IncTick)
    HAL_Init                                 0x080016a9   Thumb Code    22  stm32f7xx_hal.o(i.HAL_Init)
    HAL_InitTick                             0x080016c1   Thumb Code    34  stm32f7xx_hal.o(i.HAL_InitTick)
    HAL_MspInit                              0x080016e9   Thumb Code    88  stm32f7xx_hal_msp.o(i.HAL_MspInit)
    HAL_NVIC_EnableIRQ                       0x08001741   Thumb Code    22  stm32f7xx_hal_cortex.o(i.HAL_NVIC_EnableIRQ)
    HAL_NVIC_SetPriority                     0x08001759   Thumb Code    60  stm32f7xx_hal_cortex.o(i.HAL_NVIC_SetPriority)
    HAL_NVIC_SetPriorityGrouping             0x08001799   Thumb Code    28  stm32f7xx_hal_cortex.o(i.HAL_NVIC_SetPriorityGrouping)
    HAL_PWREx_EnableOverDrive                0x080017bd   Thumb Code   100  stm32f7xx_hal_pwr_ex.o(i.HAL_PWREx_EnableOverDrive)
    HAL_RCCEx_PeriphCLKConfig                0x08001829   Thumb Code  1712  stm32f7xx_hal_rcc_ex.o(i.HAL_RCCEx_PeriphCLKConfig)
    HAL_RCC_ClockConfig                      0x08001edd   Thumb Code   338  stm32f7xx_hal_rcc.o(i.HAL_RCC_ClockConfig)
    HAL_RCC_GetHCLKFreq                      0x08002041   Thumb Code     6  stm32f7xx_hal_rcc.o(i.HAL_RCC_GetHCLKFreq)
    HAL_RCC_GetPCLK1Freq                     0x0800204d   Thumb Code    34  stm32f7xx_hal_rcc.o(i.HAL_RCC_GetPCLK1Freq)
    HAL_RCC_GetPCLK2Freq                     0x0800207d   Thumb Code    34  stm32f7xx_hal_rcc.o(i.HAL_RCC_GetPCLK2Freq)
    HAL_RCC_GetSysClockFreq                  0x080020ad   Thumb Code   120  stm32f7xx_hal_rcc.o(i.HAL_RCC_GetSysClockFreq)
    HAL_RCC_OscConfig                        0x0800212d   Thumb Code   850  stm32f7xx_hal_rcc.o(i.HAL_RCC_OscConfig)
    HAL_SYSTICK_CLKSourceConfig              0x08002489   Thumb Code    24  stm32f7xx_hal_cortex.o(i.HAL_SYSTICK_CLKSourceConfig)
    HAL_SYSTICK_Callback                     0x080024a1   Thumb Code     2  stm32f7xx_hal_cortex.o(i.HAL_SYSTICK_Callback)
    HAL_SYSTICK_Config                       0x080024a3   Thumb Code    38  stm32f7xx_hal_cortex.o(i.HAL_SYSTICK_Config)
    HAL_SYSTICK_IRQHandler                   0x080024c9   Thumb Code     8  stm32f7xx_hal_cortex.o(i.HAL_SYSTICK_IRQHandler)
    HAL_UART_ErrorCallback                   0x080024d1   Thumb Code     2  stm32f7xx_hal_uart.o(i.HAL_UART_ErrorCallback)
    HAL_UART_IRQHandler                      0x080024d5   Thumb Code   372  stm32f7xx_hal_uart.o(i.HAL_UART_IRQHandler)
    HAL_UART_Init                            0x0800264d   Thumb Code   106  stm32f7xx_hal_uart.o(i.HAL_UART_Init)
    HAL_UART_MspInit                         0x080026b9   Thumb Code    74  stm32f7xx_hal_msp.o(i.HAL_UART_MspInit)
    HAL_UART_Receive_IT                      0x08002711   Thumb Code   142  stm32f7xx_hal_uart.o(i.HAL_UART_Receive_IT)
    HAL_UART_RxCpltCallback                  0x080027a1   Thumb Code    40  main.o(i.HAL_UART_RxCpltCallback)
    HAL_UART_Transmit_IT                     0x080027d1   Thumb Code    66  stm32f7xx_hal_uart.o(i.HAL_UART_Transmit_IT)
    HAL_UART_TxCpltCallback                  0x08002813   Thumb Code     2  stm32f7xx_hal_uart.o(i.HAL_UART_TxCpltCallback)
    HardFault_Handler                        0x08002815   Thumb Code     2  stm32f7xx_it.o(i.HardFault_Handler)
    MemManage_Handler                        0x080028b9   Thumb Code     2  stm32f7xx_it.o(i.MemManage_Handler)
    NMI_Handler                              0x080028bb   Thumb Code     2  stm32f7xx_it.o(i.NMI_Handler)
    PendSV_Handler                           0x080028df   Thumb Code     2  stm32f7xx_it.o(i.PendSV_Handler)
    QX_AddExtdValToBuf                       0x080028e1   Thumb Code    66  qx_protocol.o(i.QX_AddExtdValToBuf)
    QX_BuildHeader                           0x08002923   Thumb Code   226  qx_protocol.o(i.QX_BuildHeader)
    QX_Calc8bChecksum                        0x08002a05   Thumb Code    28  qx_protocol.o(i.QX_Calc8bChecksum)
    QX_Cli_Rx_CurVal                         0x08002a21   Thumb Code    10  qx_protocol.o(i.QX_Cli_Rx_CurVal)
    QX_FwdMsg_CB                             0x08002a31   Thumb Code     2  qx_protocol_app.o(i.QX_FwdMsg_CB)
    QX_GetExtdValFromBuf                     0x08002a33   Thumb Code    50  qx_protocol.o(i.QX_GetExtdValFromBuf)
    QX_GetTicks_ms                           0x08002a65   Thumb Code     4  qx_protocol_app.o(i.QX_GetTicks_ms)
    QX_InitCli                               0x08002a69   Thumb Code     6  qx_protocol.o(i.QX_InitCli)
    QX_InitMsg                               0x08002a6f   Thumb Code    20  qx_protocol.o(i.QX_InitMsg)
    QX_InitTxOptions                         0x08002a83   Thumb Code    18  qx_protocol.o(i.QX_InitTxOptions)
    QX_ParseHeader                           0x08002a95   Thumb Code   154  qx_protocol.o(i.QX_ParseHeader)
    QX_ParsePacket_Cli_MoVI_Ctrl_CB          0x08002b31   Thumb Code  1626  qx_protocol_app.o(i.QX_ParsePacket_Cli_MoVI_Ctrl_CB)
    QX_Parser_AdvMsgPtr                      0x08003191   Thumb Code    10  qx_parsing_functions.o(i.QX_Parser_AdvMsgPtr)
    QX_Parser_GetMsgPtr                      0x080031a1   Thumb Code     6  qx_parsing_functions.o(i.QX_Parser_GetMsgPtr)
    QX_Parser_SetDir_Read                    0x080031ad   Thumb Code     8  qx_parsing_functions.o(i.QX_Parser_SetDir_Read)
    QX_Parser_SetDir_WriteAbs                0x080031b9   Thumb Code     8  qx_parsing_functions.o(i.QX_Parser_SetDir_WriteAbs)
    QX_Parser_SetMsgPtr                      0x080031c5   Thumb Code     6  qx_parsing_functions.o(i.QX_Parser_SetMsgPtr)
    QX_RxMsg                                 0x080031d1   Thumb Code   138  qx_protocol.o(i.QX_RxMsg)
    QX_SendMsg2CommsPort_CB                  0x08003261   Thumb Code    44  qx_protocol_app.o(i.QX_SendMsg2CommsPort_CB)
    QX_SendPacket_Cli_WriteABS               0x0800328d   Thumb Code    98  qx_protocol.o(i.QX_SendPacket_Cli_WriteABS)
    QX_SendPacket_Srv_CurVal                 0x080032ef   Thumb Code    98  qx_protocol.o(i.QX_SendPacket_Srv_CurVal)
    QX_Srv_Rx_Read                           0x08003351   Thumb Code    84  qx_protocol.o(i.QX_Srv_Rx_Read)
    QX_Srv_Rx_Write                          0x080033a9   Thumb Code   116  qx_protocol.o(i.QX_Srv_Rx_Write)
    QX_StreamRxCharSM                        0x08003421   Thumb Code   410  qx_protocol.o(i.QX_StreamRxCharSM)
    QX_TxMsg_Finish                          0x080035c1   Thumb Code   246  qx_protocol.o(i.QX_TxMsg_Finish)
    QX_TxMsg_Setup                           0x080036b9   Thumb Code    36  qx_protocol.o(i.QX_TxMsg_Setup)
    QX_accumulate_crc32                      0x080036e1   Thumb Code    36  qx_protocol.o(i.QX_accumulate_crc32)
    QX_compute_crc32                         0x08003705   Thumb Code    28  qx_protocol.o(i.QX_compute_crc32)
    SVC_Handler                              0x08003725   Thumb Code     2  stm32f7xx_it.o(i.SVC_Handler)
    SysTick_Handler                          0x08003727   Thumb Code    14  stm32f7xx_it.o(i.SysTick_Handler)
    SystemClock_Config                       0x08003735   Thumb Code   174  main.o(i.SystemClock_Config)
    SystemInit                               0x080037ed   Thumb Code    68  system_stm32f7xx.o(i.SystemInit)
    UART_AdvFeatureConfig                    0x08003841   Thumb Code   200  stm32f7xx_hal_uart.o(i.UART_AdvFeatureConfig)
    UART_CheckIdleState                      0x08003909   Thumb Code    64  stm32f7xx_hal_uart.o(i.UART_CheckIdleState)
    UART_SetConfig                           0x080039f1   Thumb Code   550  stm32f7xx_hal_uart.o(i.UART_SetConfig)
    UART_WaitOnFlagUntilTimeout              0x08003c49   Thumb Code   100  stm32f7xx_hal_uart.o(i.UART_WaitOnFlagUntilTimeout)
    USART6_IRQHandler                        0x08003cad   Thumb Code     6  stm32f7xx_it.o(i.USART6_IRQHandler)
    UsageFault_Handler                       0x08003cb9   Thumb Code     2  stm32f7xx_it.o(i.UsageFault_Handler)
    __0printf                                0x08003cbd   Thumb Code    22  printfa.o(i.__0printf)
    __1printf                                0x08003cbd   Thumb Code     0  printfa.o(i.__0printf)
    __2printf                                0x08003cbd   Thumb Code     0  printfa.o(i.__0printf)
    __c89printf                              0x08003cbd   Thumb Code     0  printfa.o(i.__0printf)
    printf                                   0x08003cbd   Thumb Code     0  printfa.o(i.__0printf)
    __scatterload_copy                       0x08003cdd   Thumb Code    14  handlers.o(i.__scatterload_copy)
    __scatterload_null                       0x08003ceb   Thumb Code     2  handlers.o(i.__scatterload_null)
    __scatterload_zeroinit                   0x08003ced   Thumb Code    14  handlers.o(i.__scatterload_zeroinit)
    button_debounced_D2_press_event          0x08004591   Thumb Code    20  main.o(i.button_debounced_D2_press_event)
    button_debounced_D3_press_event          0x080045a9   Thumb Code    16  main.o(i.button_debounced_D3_press_event)
    ff_api_init                              0x080045bd   Thumb Code    62  qx_protocol_app.o(i.ff_api_init)
    ff_api_send                              0x08004609   Thumb Code    52  qx_protocol_app.o(i.ff_api_send)
    fputc                                    0x08004641   Thumb Code    34  main.o(i.fputc)
    get_button_debounced_D2                  0x08004669   Thumb Code    76  main.o(i.get_button_debounced_D2)
    get_button_debounced_D3                  0x080046bd   Thumb Code    76  main.o(i.get_button_debounced_D3)
    main                                     0x08004711   Thumb Code  1482  main.o(i.main)
    mapfloat                                 0x08004e1d   Thumb Code    26  main.o(i.mapfloat)
    print_lens_state                         0x08004e39   Thumb Code    78  main.o(i.print_lens_state)
    AHBPrescTable                            0x08004f58   Data          16  system_stm32f7xx.o(.constdata)
    APBPrescTable                            0x08004f68   Data           8  system_stm32f7xx.o(.constdata)
    Region$$Table$$Base                      0x08004f78   Number         0  anon$$obj.o(Region$$Table)
    Region$$Table$$Limit                     0x08004f98   Number         0  anon$$obj.o(Region$$Table)
    control_state                            0x20000000   Data           1  main.o(.data)
    UART_Rx_char                             0x20000007   Data           1  main.o(.data)
    print_cntr                               0x20000008   Data           4  main.o(.data)
    joystick_x                               0x2000000c   Data           4  main.o(.data)
    joystick_y                               0x20000010   Data           4  main.o(.data)
    joystick_x_raw                           0x20000014   Data           4  main.o(.data)
    joystick_y_raw                           0x20000018   Data           4  main.o(.data)
    ADC_Buff                                 0x2000001c   Data           8  main.o(.data)
    head                                     0x20000024   Data           2  simple_buffer.o(.data)
    tail                                     0x20000026   Data           2  simple_buffer.o(.data)
    FreeflyAPI                               0x20000028   Data         116  qx_protocol_app.o(.data)
    SystemCoreClock                          0x2000009c   Data           4  system_stm32f7xx.o(.data)
    uwTick                                   0x200000a0   Data           4  stm32f7xx_hal.o(.data)
    rw                                       0x200000a4   Data           1  qx_parsing_functions.o(.data)
    rw_orig                                  0x200000a5   Data           1  qx_parsing_functions.o(.data)
    msgPtr                                   0x200000a8   Data           4  qx_parsing_functions.o(.data)
    QX_BuildHeader_Legacy                    0x200000ac   Data           4  qx_protocol.o(.data)
    QX_ParseHeader_Legacy                    0x200000b0   Data           4  qx_protocol.o(.data)
    QX_Servers                               0x200000b4   Data           8  qx_protocol.o(.data)
    QX_Clients                               0x200000bc   Data           8  qx_protocol.o(.data)
    __stdout                                 0x200000c4   Data           4  stdout.o(.data)
    hadc1                                    0x200000c8   Data          72  main.o(.bss)
    huart6                                   0x20000110   Data         112  main.o(.bss)
    UART_Tx_Buf                              0x20000180   Data         500  main.o(.bss)
    hdma_adc1                                0x20000374   Data          96  main.o(.bss)
    Buf                                      0x200003d4   Data         128  simple_buffer.o(.bss)
    QX_CommsPorts                            0x20000454   Data         140  qx_protocol.o(.bss)
    __initial_sp                             0x200008e0   Data           0  startup_stm32f746xx.o(STACK)



==============================================================================

Memory Map of the image

  Image Entry point : 0x080001c9

  Load Region LR_IROM1 (Base: 0x08000000, Size: 0x00005060, Max: 0x00100000, ABSOLUTE)

    Execution Region ER_IROM1 (Base: 0x08000000, Size: 0x00004f98, Max: 0x00100000, ABSOLUTE)

    Base Addr    Size         Type   Attr      Idx    E Section Name        Object

    0x08000000   0x000001c8   Data   RO         2121    RESET               startup_stm32f746xx.o
    0x080001c8   0x00000000   Code   RO         2547  * .ARM.Collect$$$$00000000  mc_w.l(entry.o)
    0x080001c8   0x00000004   Code   RO         2815    .ARM.Collect$$$$00000001  mc_w.l(entry2.o)
    0x080001cc   0x00000004   Code   RO         2818    .ARM.Collect$$$$00000004  mc_w.l(entry5.o)
    0x080001d0   0x00000000   Code   RO         2820    .ARM.Collect$$$$00000008  mc_w.l(entry7b.o)
    0x080001d0   0x00000000   Code   RO         2822    .ARM.Collect$$$$0000000A  mc_w.l(entry8b.o)
    0x080001d0   0x00000008   Code   RO         2823    .ARM.Collect$$$$0000000B  mc_w.l(entry9a.o)
    0x080001d8   0x00000000   Code   RO         2825    .ARM.Collect$$$$0000000D  mc_w.l(entry10a.o)
    0x080001d8   0x00000000   Code   RO         2827    .ARM.Collect$$$$0000000F  mc_w.l(entry11a.o)
    0x080001d8   0x00000004   Code   RO         2816    .ARM.Collect$$$$00002712  mc_w.l(entry2.o)
    0x080001dc   0x00000024   Code   RO         2122    .text               startup_stm32f746xx.o
    0x08000200   0x00000024   Code   RO         2550    .text               mc_w.l(memseta.o)
    0x08000224   0x00000026   Code   RO         2813    .text               mf_w.l(f2d.o)
    0x0800024a   0x0000002c   Code   RO         2830    .text               mc_w.l(uidiv.o)
    0x08000276   0x00000062   Code   RO         2832    .text               mc_w.l(uldiv.o)
    0x080002d8   0x00000000   Code   RO         2834    .text               mc_w.l(iusefp.o)
    0x080002d8   0x0000014e   Code   RO         2835    .text               mf_w.l(dadd.o)
    0x08000426   0x000000e4   Code   RO         2837    .text               mf_w.l(dmul.o)
    0x0800050a   0x000000de   Code   RO         2839    .text               mf_w.l(ddiv.o)
    0x080005e8   0x00000030   Code   RO         2841    .text               mf_w.l(dfixul.o)
    0x08000618   0x00000030   Code   RO         2843    .text               mf_w.l(cdrcmple.o)
    0x08000648   0x00000024   Code   RO         2845    .text               mc_w.l(init.o)
    0x0800066c   0x0000001e   Code   RO         2847    .text               mc_w.l(llshl.o)
    0x0800068a   0x00000020   Code   RO         2849    .text               mc_w.l(llushr.o)
    0x080006aa   0x00000024   Code   RO         2851    .text               mc_w.l(llsshr.o)
    0x080006ce   0x000000ba   Code   RO         2853    .text               mf_w.l(depilogue.o)
    0x08000788   0x00000062   Code   RO         1856    i.ADC_DMAConvCplt   stm32f7xx_hal_adc.o
    0x080007ea   0x00000016   Code   RO         1857    i.ADC_DMAError      stm32f7xx_hal_adc.o
    0x08000800   0x0000000a   Code   RO         1858    i.ADC_DMAHalfConvCplt  stm32f7xx_hal_adc.o
    0x0800080a   0x00000002   PAD
    0x0800080c   0x00000138   Code   RO         1859    i.ADC_Init          stm32f7xx_hal_adc.o
    0x08000944   0x00000050   Code   RO         2126    i.AddBitsAsByte     qx_parsing_functions.o
    0x08000994   0x00000060   Code   RO         2129    i.AddFloatAsSignedShort  qx_parsing_functions.o
    0x080009f4   0x00000020   Code   RO         2138    i.AddSignedShortAsSignedShort  qx_parsing_functions.o
    0x08000a14   0x00000020   Code   RO         2140    i.AddUnsignedCharAsUnsignedChar  qx_parsing_functions.o
    0x08000a34   0x00000028   Code   RO         2141    i.AddUnsignedShortAsUnsignedShort  qx_parsing_functions.o
    0x08000a5c   0x00000040   Code   RO          356    i.BufAdd            simple_buffer.o
    0x08000a9c   0x00000034   Code   RO          357    i.BufRemove         simple_buffer.o
    0x08000ad0   0x00000002   Code   RO          218    i.BusFault_Handler  stm32f7xx_it.o
    0x08000ad2   0x00000002   PAD
    0x08000ad4   0x0000000c   Code   RO          219    i.DMA2_Stream0_IRQHandler  stm32f7xx_it.o
    0x08000ae0   0x00000028   Code   RO         1448    i.DMA_CalcBaseAndBitshift  stm32f7xx_hal_dma.o
    0x08000b08   0x00000054   Code   RO         1449    i.DMA_CheckFifoParam  stm32f7xx_hal_dma.o
    0x08000b5c   0x00000028   Code   RO         1450    i.DMA_SetConfig     stm32f7xx_hal_dma.o
    0x08000b84   0x00000002   Code   RO          220    i.DebugMon_Handler  stm32f7xx_it.o
    0x08000b86   0x00000002   Code   RO            4    i.Error_Handler     main.o
    0x08000b88   0x00000058   Code   RO         2142    i.GetBitsAsByte     qx_parsing_functions.o
    0x08000be0   0x000000d4   Code   RO         2145    i.GetFloatAsSignedShort  qx_parsing_functions.o
    0x08000cb4   0x000000b8   Code   RO         2154    i.GetSignedShortAsSignedShort  qx_parsing_functions.o
    0x08000d6c   0x00000054   Code   RO         2156    i.GetUnsignedCharAsUnsignedChar  qx_parsing_functions.o
    0x08000dc0   0x00000064   Code   RO         2157    i.GetUnsignedShortAsUnsignedShort  qx_parsing_functions.o
    0x08000e24   0x00000164   Code   RO         1861    i.HAL_ADC_ConfigChannel  stm32f7xx_hal_adc.o
    0x08000f88   0x00000002   Code   RO         1862    i.HAL_ADC_ConvCpltCallback  stm32f7xx_hal_adc.o
    0x08000f8a   0x00000002   Code   RO         1863    i.HAL_ADC_ConvHalfCpltCallback  stm32f7xx_hal_adc.o
    0x08000f8c   0x00000002   Code   RO         1865    i.HAL_ADC_ErrorCallback  stm32f7xx_hal_adc.o
    0x08000f8e   0x00000054   Code   RO         1870    i.HAL_ADC_Init      stm32f7xx_hal_adc.o
    0x08000fe2   0x00000002   PAD
    0x08000fe4   0x0000008c   Code   RO          311    i.HAL_ADC_MspInit   stm32f7xx_hal_msp.o
    0x08001070   0x000000fc   Code   RO         1877    i.HAL_ADC_Start_DMA  stm32f7xx_hal_adc.o
    0x0800116c   0x00000024   Code   RO         1452    i.HAL_DMA_Abort_IT  stm32f7xx_hal_dma.o
    0x08001190   0x000001a8   Code   RO         1456    i.HAL_DMA_IRQHandler  stm32f7xx_hal_dma.o
    0x08001338   0x000000e0   Code   RO         1457    i.HAL_DMA_Init      stm32f7xx_hal_dma.o
    0x08001418   0x0000007a   Code   RO         1461    i.HAL_DMA_Start_IT  stm32f7xx_hal_dma.o
    0x08001492   0x00000016   Code   RO          910    i.HAL_Delay         stm32f7xx_hal.o
    0x080014a8   0x000001d8   Code   RO         1367    i.HAL_GPIO_Init     stm32f7xx_hal_gpio.o
    0x08001680   0x0000000a   Code   RO         1369    i.HAL_GPIO_ReadPin  stm32f7xx_hal_gpio.o
    0x0800168a   0x00000002   PAD
    0x0800168c   0x0000000c   Code   RO          918    i.HAL_GetTick       stm32f7xx_hal.o
    0x08001698   0x00000010   Code   RO          919    i.HAL_IncTick       stm32f7xx_hal.o
    0x080016a8   0x00000016   Code   RO          920    i.HAL_Init          stm32f7xx_hal.o
    0x080016be   0x00000002   PAD
    0x080016c0   0x00000028   Code   RO          921    i.HAL_InitTick      stm32f7xx_hal.o
    0x080016e8   0x00000058   Code   RO          312    i.HAL_MspInit       stm32f7xx_hal_msp.o
    0x08001740   0x00000016   Code   RO          773    i.HAL_NVIC_EnableIRQ  stm32f7xx_hal_cortex.o
    0x08001756   0x00000002   PAD
    0x08001758   0x00000040   Code   RO          779    i.HAL_NVIC_SetPriority  stm32f7xx_hal_cortex.o
    0x08001798   0x00000024   Code   RO          780    i.HAL_NVIC_SetPriorityGrouping  stm32f7xx_hal_cortex.o
    0x080017bc   0x0000006c   Code   RO         2036    i.HAL_PWREx_EnableOverDrive  stm32f7xx_hal_pwr_ex.o
    0x08001828   0x000006b4   Code   RO         1702    i.HAL_RCCEx_PeriphCLKConfig  stm32f7xx_hal_rcc_ex.o
    0x08001edc   0x00000164   Code   RO         1127    i.HAL_RCC_ClockConfig  stm32f7xx_hal_rcc.o
    0x08002040   0x0000000c   Code   RO         1132    i.HAL_RCC_GetHCLKFreq  stm32f7xx_hal_rcc.o
    0x0800204c   0x00000030   Code   RO         1134    i.HAL_RCC_GetPCLK1Freq  stm32f7xx_hal_rcc.o
    0x0800207c   0x00000030   Code   RO         1135    i.HAL_RCC_GetPCLK2Freq  stm32f7xx_hal_rcc.o
    0x080020ac   0x00000080   Code   RO         1136    i.HAL_RCC_GetSysClockFreq  stm32f7xx_hal_rcc.o
    0x0800212c   0x0000035c   Code   RO         1139    i.HAL_RCC_OscConfig  stm32f7xx_hal_rcc.o
    0x08002488   0x00000018   Code   RO          782    i.HAL_SYSTICK_CLKSourceConfig  stm32f7xx_hal_cortex.o
    0x080024a0   0x00000002   Code   RO          783    i.HAL_SYSTICK_Callback  stm32f7xx_hal_cortex.o
    0x080024a2   0x00000026   Code   RO          784    i.HAL_SYSTICK_Config  stm32f7xx_hal_cortex.o
    0x080024c8   0x00000008   Code   RO          785    i.HAL_SYSTICK_IRQHandler  stm32f7xx_hal_cortex.o
    0x080024d0   0x00000002   Code   RO          504    i.HAL_UART_ErrorCallback  stm32f7xx_hal_uart.o
    0x080024d2   0x00000002   PAD
    0x080024d4   0x00000178   Code   RO          507    i.HAL_UART_IRQHandler  stm32f7xx_hal_uart.o
    0x0800264c   0x0000006a   Code   RO          508    i.HAL_UART_Init     stm32f7xx_hal_uart.o
    0x080026b6   0x00000002   PAD
    0x080026b8   0x00000058   Code   RO          314    i.HAL_UART_MspInit  stm32f7xx_hal_msp.o
    0x08002710   0x0000008e   Code   RO          513    i.HAL_UART_Receive_IT  stm32f7xx_hal_uart.o
    0x0800279e   0x00000002   PAD
    0x080027a0   0x00000030   Code   RO            5    i.HAL_UART_RxCpltCallback  main.o
    0x080027d0   0x00000042   Code   RO          518    i.HAL_UART_Transmit_IT  stm32f7xx_hal_uart.o
    0x08002812   0x00000002   Code   RO          519    i.HAL_UART_TxCpltCallback  stm32f7xx_hal_uart.o
    0x08002814   0x00000002   Code   RO          221    i.HardFault_Handler  stm32f7xx_it.o
    0x08002816   0x00000002   PAD
    0x08002818   0x00000068   Code   RO            6    i.MX_ADC1_Init      main.o
    0x08002880   0x00000038   Code   RO            7    i.MX_USART6_UART_Init  main.o
    0x080028b8   0x00000002   Code   RO          222    i.MemManage_Handler  stm32f7xx_it.o
    0x080028ba   0x00000002   Code   RO          223    i.NMI_Handler       stm32f7xx_it.o
    0x080028bc   0x00000022   Code   RO          786    i.NVIC_SetPriority  stm32f7xx_hal_cortex.o
    0x080028de   0x00000002   Code   RO          224    i.PendSV_Handler    stm32f7xx_it.o
    0x080028e0   0x00000042   Code   RO         2389    i.QX_AddExtdValToBuf  qx_protocol.o
    0x08002922   0x000000e2   Code   RO         2390    i.QX_BuildHeader    qx_protocol.o
    0x08002a04   0x0000001c   Code   RO         2391    i.QX_Calc8bChecksum  qx_protocol.o
    0x08002a20   0x00000010   Code   RO         2392    i.QX_Cli_Rx_CurVal  qx_protocol.o
    0x08002a30   0x00000002   Code   RO          384    i.QX_FwdMsg_CB      qx_protocol_app.o
    0x08002a32   0x00000032   Code   RO         2395    i.QX_GetExtdValFromBuf  qx_protocol.o
    0x08002a64   0x00000004   Code   RO          385    i.QX_GetTicks_ms    qx_protocol_app.o
    0x08002a68   0x00000006   Code   RO         2396    i.QX_InitCli        qx_protocol.o
    0x08002a6e   0x00000014   Code   RO         2397    i.QX_InitMsg        qx_protocol.o
    0x08002a82   0x00000012   Code   RO         2399    i.QX_InitTxOptions  qx_protocol.o
    0x08002a94   0x0000009a   Code   RO         2400    i.QX_ParseHeader    qx_protocol.o
    0x08002b2e   0x00000002   PAD
    0x08002b30   0x00000660   Code   RO          386    i.QX_ParsePacket_Cli_MoVI_Ctrl_CB  qx_protocol_app.o
    0x08003190   0x00000010   Code   RO         2158    i.QX_Parser_AdvMsgPtr  qx_parsing_functions.o
    0x080031a0   0x0000000c   Code   RO         2162    i.QX_Parser_GetMsgPtr  qx_parsing_functions.o
    0x080031ac   0x0000000c   Code   RO         2163    i.QX_Parser_SetDir_Read  qx_parsing_functions.o
    0x080031b8   0x0000000c   Code   RO         2164    i.QX_Parser_SetDir_WriteAbs  qx_parsing_functions.o
    0x080031c4   0x0000000c   Code   RO         2166    i.QX_Parser_SetMsgPtr  qx_parsing_functions.o
    0x080031d0   0x00000090   Code   RO         2401    i.QX_RxMsg          qx_protocol.o
    0x08003260   0x0000002c   Code   RO          387    i.QX_SendMsg2CommsPort_CB  qx_protocol_app.o
    0x0800328c   0x00000062   Code   RO         2404    i.QX_SendPacket_Cli_WriteABS  qx_protocol.o
    0x080032ee   0x00000062   Code   RO         2406    i.QX_SendPacket_Srv_CurVal  qx_protocol.o
    0x08003350   0x00000058   Code   RO         2407    i.QX_Srv_Rx_Read    qx_protocol.o
    0x080033a8   0x00000078   Code   RO         2408    i.QX_Srv_Rx_Write   qx_protocol.o
    0x08003420   0x000001a0   Code   RO         2409    i.QX_StreamRxCharSM  qx_protocol.o
    0x080035c0   0x000000f6   Code   RO         2410    i.QX_TxMsg_Finish   qx_protocol.o
    0x080036b6   0x00000002   PAD
    0x080036b8   0x00000028   Code   RO         2411    i.QX_TxMsg_Setup    qx_protocol.o
    0x080036e0   0x00000024   Code   RO         2412    i.QX_accumulate_crc32  qx_protocol.o
    0x08003704   0x00000020   Code   RO         2413    i.QX_compute_crc32  qx_protocol.o
    0x08003724   0x00000002   Code   RO          225    i.SVC_Handler       stm32f7xx_it.o
    0x08003726   0x0000000e   Code   RO          226    i.SysTick_Handler   stm32f7xx_it.o
    0x08003734   0x000000b8   Code   RO            8    i.SystemClock_Config  main.o
    0x080037ec   0x00000054   Code   RO          452    i.SystemInit        system_stm32f7xx.o
    0x08003840   0x000000c8   Code   RO          521    i.UART_AdvFeatureConfig  stm32f7xx_hal_uart.o
    0x08003908   0x00000040   Code   RO          522    i.UART_CheckIdleState  stm32f7xx_hal_uart.o
    0x08003948   0x00000014   Code   RO          523    i.UART_DMAAbortOnError  stm32f7xx_hal_uart.o
    0x0800395c   0x0000001c   Code   RO          529    i.UART_EndRxTransfer  stm32f7xx_hal_uart.o
    0x08003978   0x00000078   Code   RO          531    i.UART_Receive_IT   stm32f7xx_hal_uart.o
    0x080039f0   0x00000258   Code   RO          532    i.UART_SetConfig    stm32f7xx_hal_uart.o
    0x08003c48   0x00000064   Code   RO          533    i.UART_WaitOnFlagUntilTimeout  stm32f7xx_hal_uart.o
    0x08003cac   0x0000000c   Code   RO          227    i.USART6_IRQHandler  stm32f7xx_it.o
    0x08003cb8   0x00000002   Code   RO          228    i.UsageFault_Handler  stm32f7xx_it.o
    0x08003cba   0x00000002   PAD
    0x08003cbc   0x00000020   Code   RO         2785    i.__0printf         mc_w.l(printfa.o)
    0x08003cdc   0x0000000e   Code   RO         2857    i.__scatterload_copy  mc_w.l(handlers.o)
    0x08003cea   0x00000002   Code   RO         2858    i.__scatterload_null  mc_w.l(handlers.o)
    0x08003cec   0x0000000e   Code   RO         2859    i.__scatterload_zeroinit  mc_w.l(handlers.o)
    0x08003cfa   0x00000002   PAD
    0x08003cfc   0x00000164   Code   RO         2792    i._fp_digits        mc_w.l(printfa.o)
    0x08003e60   0x000006dc   Code   RO         2793    i._printf_core      mc_w.l(printfa.o)
    0x0800453c   0x00000024   Code   RO         2794    i._printf_post_padding  mc_w.l(printfa.o)
    0x08004560   0x0000002e   Code   RO         2795    i._printf_pre_padding  mc_w.l(printfa.o)
    0x0800458e   0x00000002   PAD
    0x08004590   0x00000018   Code   RO            9    i.button_debounced_D2_press_event  main.o
    0x080045a8   0x00000014   Code   RO           10    i.button_debounced_D3_press_event  main.o
    0x080045bc   0x0000004c   Code   RO          388    i.ff_api_init       qx_protocol_app.o
    0x08004608   0x00000038   Code   RO          389    i.ff_api_send       qx_protocol_app.o
    0x08004640   0x00000028   Code   RO           11    i.fputc             main.o
    0x08004668   0x00000054   Code   RO           12    i.get_button_debounced_D2  main.o
    0x080046bc   0x00000054   Code   RO           13    i.get_button_debounced_D3  main.o
    0x08004710   0x0000070c   Code   RO           14    i.main              main.o
    0x08004e1c   0x0000001a   Code   RO           15    i.mapfloat          main.o
    0x08004e36   0x00000002   PAD
    0x08004e38   0x00000120   Code   RO           16    i.print_lens_state  main.o
    0x08004f58   0x00000010   Data   RO          453    .constdata          system_stm32f7xx.o
    0x08004f68   0x00000008   Data   RO          454    .constdata          system_stm32f7xx.o
    0x08004f70   0x00000008   Data   RO         1463    .constdata          stm32f7xx_hal_dma.o
    0x08004f78   0x00000020   Data   RO         2855    Region$$Table       anon$$obj.o


    Execution Region RW_IRAM1 (Base: 0x20000000, Size: 0x000008e0, Max: 0x00050000, ABSOLUTE)

    Base Addr    Size         Type   Attr      Idx    E Section Name        Object

    0x20000000   0x00000024   Data   RW           19    .data               main.o
    0x20000024   0x00000004   Data   RW          359    .data               simple_buffer.o
    0x20000028   0x00000074   Data   RW          392    .data               qx_protocol_app.o
    0x2000009c   0x00000004   Data   RW          455    .data               system_stm32f7xx.o
    0x200000a0   0x00000004   Data   RW          926    .data               stm32f7xx_hal.o
    0x200000a4   0x00000008   Data   RW         2167    .data               qx_parsing_functions.o
    0x200000ac   0x00000018   Data   RW         2415    .data               qx_protocol.o
    0x200000c4   0x00000004   Data   RW         2829    .data               mc_w.l(stdout.o)
    0x200000c8   0x000002ac   Zero   RW           17    .bss                main.o
    0x20000374   0x00000060   Zero   RW           18    .bss                main.o
    0x200003d4   0x00000080   Zero   RW          358    .bss                simple_buffer.o
    0x20000454   0x0000008c   Zero   RW         2414    .bss                qx_protocol.o
    0x200004e0   0x00000400   Zero   RW         2119    STACK               startup_stm32f746xx.o


==============================================================================

Image component sizes


      Code (inc. data)   RO Data    RW Data    ZI Data      Debug   Object Name

      2764        932          0         36        780     832399   main.o
      1012         98          0          8          0      15651   qx_parsing_functions.o
      1902         42          0         24        140      17372   qx_protocol.o
      1814         60          0        116          0       8597   qx_protocol_app.o
       116         18          0          4        128       2077   simple_buffer.o
        36          8        456          0       1024        812   startup_stm32f746xx.o
       112         18          0          4          0       3839   stm32f7xx_hal.o
      1140         54          0          0          0       7421   stm32f7xx_hal_adc.o
       228         12          0          0          0      37309   stm32f7xx_hal_cortex.o
       970         22          8          0          0       6586   stm32f7xx_hal_dma.o
       482         54          0          0          0       2595   stm32f7xx_hal_gpio.o
       316         38          0          0          0       2319   stm32f7xx_hal_msp.o
       108          8          0          0          0       1284   stm32f7xx_hal_pwr_ex.o
      1452         70          0          0          0       5732   stm32f7xx_hal_rcc.o
      1716         16          0          0          0       2436   stm32f7xx_hal_rcc_ex.o
      1826         74          0          0          0      11207   stm32f7xx_hal_uart.o
        54         12          0          0          0       5152   stm32f7xx_it.o
        84         16         24          4          0       1251   system_stm32f7xx.o

    ----------------------------------------------------------------------
     16160       1552        520        196       2072     964039   Object Totals
         0          0         32          0          0          0   (incl. Generated)
        28          0          0          0          0          0   (incl. Padding)

    ----------------------------------------------------------------------

      Code (inc. data)   RO Data    RW Data    ZI Data      Debug   Library Member Name

         0          0          0          0          0          0   entry.o
         0          0          0          0          0          0   entry10a.o
         0          0          0          0          0          0   entry11a.o
         8          4          0          0          0          0   entry2.o
         4          0          0          0          0          0   entry5.o
         0          0          0          0          0          0   entry7b.o
         0          0          0          0          0          0   entry8b.o
         8          4          0          0          0          0   entry9a.o
        30          0          0          0          0          0   handlers.o
        36          8          0          0          0         68   init.o
         0          0          0          0          0          0   iusefp.o
        30          0          0          0          0         68   llshl.o
        36          0          0          0          0         68   llsshr.o
        32          0          0          0          0         68   llushr.o
        36          0          0          0          0        108   memseta.o
      2226         90          0          0          0        444   printfa.o
         0          0          0          4          0          0   stdout.o
        44          0          0          0          0         80   uidiv.o
        98          0          0          0          0         92   uldiv.o
        48          0          0          0          0         68   cdrcmple.o
       334          0          0          0          0        148   dadd.o
       222          0          0          0          0        100   ddiv.o
       186          0          0          0          0        176   depilogue.o
        48          0          0          0          0         68   dfixul.o
       228          0          0          0          0         96   dmul.o
        38          0          0          0          0         68   f2d.o

    ----------------------------------------------------------------------
      3696        106          0          4          0       1720   Library Totals
         4          0          0          0          0          0   (incl. Padding)

    ----------------------------------------------------------------------

      Code (inc. data)   RO Data    RW Data    ZI Data      Debug   Library Name

      2588        106          0          4          0        996   mc_w.l
      1104          0          0          0          0        724   mf_w.l

    ----------------------------------------------------------------------
      3696        106          0          4          0       1720   Library Totals

    ----------------------------------------------------------------------

==============================================================================


      Code (inc. data)   RO Data    RW Data    ZI Data      Debug   

     19856       1658        520        200       2072     953831   Grand Totals
     19856       1658        520        200       2072     953831   ELF Image Totals
     19856       1658        520        200          0          0   ROM Totals

==============================================================================

    Total RO  Size (Code + RO Data)                20376 (  19.90kB)
    Total RW  Size (RW Data + ZI Data)              2272 (   2.22kB)
    Total ROM Size (Code + RO Data + RW Data)      20576 (  20.09kB)

==============================================================================

