Archive member included to satisfy reference by file (symbol)

.\ARM_GCC_541\Debug\Proj08_DemoTxIntegration.a(UART_MOVI.o)
                              .\ARM_GCC_541\Debug\main.o (UART_MOVI_Start)
.\ARM_GCC_541\Debug\Proj08_DemoTxIntegration.a(isr_rx_movi.o)
                              .\ARM_GCC_541\Debug\main.o (isr_rx_movi_StartEx)
.\ARM_GCC_541\Debug\Proj08_DemoTxIntegration.a(Looptimer.o)
                              .\ARM_GCC_541\Debug\main.o (Looptimer_Start)
.\ARM_GCC_541\Debug\Proj08_DemoTxIntegration.a(isr_Looptimer.o)
                              .\ARM_GCC_541\Debug\main.o (isr_Looptimer_StartEx)
.\ARM_GCC_541\Debug\Proj08_DemoTxIntegration.a(EEPROM_CONFIG.o)
                              .\ARM_GCC_541\Debug\psoc_eeprom.o (EEPROM_CONFIG_Start)
.\ARM_GCC_541\Debug\Proj08_DemoTxIntegration.a(CyFlash.o)
                              .\ARM_GCC_541\Debug\Proj08_DemoTxIntegration.a(EEPROM_CONFIG.o) (dieTemperature)
.\ARM_GCC_541\Debug\Proj08_DemoTxIntegration.a(CyLib.o)
                              .\ARM_GCC_541\Debug\Cm3Start.o (CyResetStatus)
.\ARM_GCC_541\Debug\Proj08_DemoTxIntegration.a(cyPm.o)
                              .\ARM_GCC_541\Debug\Proj08_DemoTxIntegration.a(CyLib.o) (CyPmReadStatus)
.\ARM_GCC_541\Debug\Proj08_DemoTxIntegration.a(CySpc.o)
                              .\ARM_GCC_541\Debug\Proj08_DemoTxIntegration.a(EEPROM_CONFIG.o) (CySpcStart)
.\ARM_GCC_541\Debug\Proj08_DemoTxIntegration.a(UART_SBC.o)
                              .\ARM_GCC_541\Debug\main.o (UART_SBC_Start)
.\ARM_GCC_541\Debug\Proj08_DemoTxIntegration.a(isr_rx_sbc.o)
                              .\ARM_GCC_541\Debug\main.o (isr_rx_sbc_StartEx)
.\ARM_GCC_541\Debug\Proj08_DemoTxIntegration.a(UART_SBC_IntClock.o)
                              .\ARM_GCC_541\Debug\Proj08_DemoTxIntegration.a(UART_SBC.o) (UART_SBC_IntClock_Start)
.\ARM_GCC_541\Debug\Proj08_DemoTxIntegration.a(Pin_Debug_SuperLoop.o)
                              .\ARM_GCC_541\Debug\main.o (Pin_Debug_SuperLoop_Write)
.\ARM_GCC_541\Debug\Proj08_DemoTxIntegration.a(Pin_Debug_CoarseCentroid.o)
                              .\ARM_GCC_541\Debug\sbc_comms.o (Pin_Debug_CoarseCentroid_Write)
.\ARM_GCC_541\Debug\Proj08_DemoTxIntegration.a(Pin_SwitchAuto.o)
                              .\ARM_GCC_541\Debug\app_statemachine.o (Pin_SwitchAuto_Read)
.\ARM_GCC_541\Debug\Proj08_DemoTxIntegration.a(VDAC8_3v3Ref.o)
                              .\ARM_GCC_541\Debug\main.o (VDAC8_3v3Ref_Start)
.\ARM_GCC_541\Debug\Proj08_DemoTxIntegration.a(USBFS_DEBUG.o)
                              .\ARM_GCC_541\Debug\debug_usbcdc.o (USBFS_DEBUG_Start)
.\ARM_GCC_541\Debug\Proj08_DemoTxIntegration.a(USBFS_DEBUG_cdc.o)
                              .\ARM_GCC_541\Debug\debug_usbcdc.o (USBFS_DEBUG_CDC_Init)
.\ARM_GCC_541\Debug\Proj08_DemoTxIntegration.a(USBFS_DEBUG_drv.o)
                              .\ARM_GCC_541\Debug\Proj08_DemoTxIntegration.a(USBFS_DEBUG.o) (USBFS_DEBUG_EP)
.\ARM_GCC_541\Debug\Proj08_DemoTxIntegration.a(USBFS_DEBUG_episr.o)
                              .\ARM_GCC_541\Debug\Proj08_DemoTxIntegration.a(USBFS_DEBUG.o) (USBFS_DEBUG_EP_1_ISR)
.\ARM_GCC_541\Debug\Proj08_DemoTxIntegration.a(USBFS_DEBUG_pm.o)
                              .\ARM_GCC_541\Debug\Proj08_DemoTxIntegration.a(USBFS_DEBUG.o) (USBFS_DEBUG_DP_ISR)
.\ARM_GCC_541\Debug\Proj08_DemoTxIntegration.a(USBFS_DEBUG_std.o)
                              .\ARM_GCC_541\Debug\Proj08_DemoTxIntegration.a(USBFS_DEBUG_drv.o) (USBFS_DEBUG_HandleStandardRqst)
.\ARM_GCC_541\Debug\Proj08_DemoTxIntegration.a(USBFS_DEBUG_vnd.o)
                              .\ARM_GCC_541\Debug\Proj08_DemoTxIntegration.a(USBFS_DEBUG_drv.o) (USBFS_DEBUG_HandleVendorRqst)
.\ARM_GCC_541\Debug\Proj08_DemoTxIntegration.a(USBFS_DEBUG_Dp.o)
                              .\ARM_GCC_541\Debug\Proj08_DemoTxIntegration.a(USBFS_DEBUG.o) (USBFS_DEBUG_Dp_ClearInterrupt)
.\ARM_GCC_541\Debug\Proj08_DemoTxIntegration.a(CyBootAsmGnu.o)
                              .\ARM_GCC_541\Debug\cyfitter_cfg.o (CyDelayCycles)
.\ARM_GCC_541\Debug\Proj08_DemoTxIntegration.a(USBFS_DEBUG_cls.o)
                              .\ARM_GCC_541\Debug\Proj08_DemoTxIntegration.a(USBFS_DEBUG_drv.o) (USBFS_DEBUG_DispatchClassRqst)
.\ARM_GCC_541\Debug\Proj08_DemoTxIntegration.a(USBFS_DEBUG_descr.o)
                              .\ARM_GCC_541\Debug\Proj08_DemoTxIntegration.a(USBFS_DEBUG_std.o) (USBFS_DEBUG_DEVICE0_DESCR)
c:/program files (x86)/cypress/psoc creator/4.4/psoc creator/import/gnu/arm/5.4.1/bin/../lib/gcc/arm-none-eabi/5.4.1/../../../../arm-none-eabi/lib/armv7-m\libm.a(lib_a-s_cos.o)
                              .\ARM_GCC_541\Debug\hamfly_core_gimbal.o (cos)
c:/program files (x86)/cypress/psoc creator/4.4/psoc creator/import/gnu/arm/5.4.1/bin/../lib/gcc/arm-none-eabi/5.4.1/../../../../arm-none-eabi/lib/armv7-m\libm.a(lib_a-sf_cos.o)
                              .\ARM_GCC_541\Debug\app_state_auto.o (cosf)
[...]
Memory Configuration

Name             Origin             Length             Attributes
rom              0x00000000         0x00040000         xr
ram              0x1fff8000         0x00010000         xrw
*default*        0x00000000         0xffffffff

Linker script and memory map

LOAD c:/program files (x86)/cypress/psoc creator/4.4/psoc creator/import/gnu/arm/5.4.1/bin/../lib/gcc/arm-none-eabi/5.4.1/armv7-m/crti.o
LOAD c:/program files (x86)/cypress/psoc creator/4.4/psoc creator/import/gnu/arm/5.4.1/bin/../lib/gcc/arm-none-eabi/5.4.1/armv7-m/crtbegin.o
LOAD c:/program files (x86)/cypress/psoc creator/4.4/psoc creator/import/gnu/arm/5.4.1/bin/../lib/gcc/arm-none-eabi/5.4.1/../../../../arm-none-eabi/lib/armv7-m/crt0.o
START GROUP
LOAD .\ARM_GCC_541\Debug\main.o
LOAD .\ARM_GCC_541\Debug\psoc_eeprom.o
LOAD .\ARM_GCC_541\Debug\app_ctx.o
LOAD .\ARM_GCC_541\Debug\app_statemachine.o
LOAD .\ARM_GCC_541\Debug\sbc_comms.o
LOAD .\ARM_GCC_541\Debug\telemetry.o
LOAD .\ARM_GCC_541\Debug\app_state_stby.o
LOAD .\ARM_GCC_541\Debug\app_state_manu.o
LOAD .\ARM_GCC_541\Debug\app_state_auto.o
LOAD .\ARM_GCC_541\Debug\app_state_error.o
LOAD .\ARM_GCC_541\Debug\utils.o
LOAD .\ARM_GCC_541\Debug\debug_usbcdc.o
LOAD .\ARM_GCC_541\Debug\hamfly_comm_rb.o
LOAD .\ARM_GCC_541\Debug\hamfly_comm_txbuf.o
LOAD .\ARM_GCC_541\Debug\hamfly_core_gimbal.o
LOAD .\ARM_GCC_541\Debug\hamfly_core_telemetry.o
LOAD .\ARM_GCC_541\Debug\hamfly_qx_app.o
LOAD .\ARM_GCC_541\Debug\hamfly_qx_protocol.o
LOAD .\ARM_GCC_541\Debug\cyfitter_cfg.o
LOAD .\ARM_GCC_541\Debug\cymetadata.o
LOAD .\ARM_GCC_541\Debug\Cm3Start.o
LOAD .\ARM_GCC_541\Debug\Proj08_DemoTxIntegration.a
LOAD C:\Program Files (x86)\Cypress\PSoC Creator\4.4\PSoC Creator\psoc\content\cycomponentlibrary\CyComponentLibrary.cylib\CortexM3\ARM_GCC_541\Debug\CyComponentLibrary.a
LOAD c:/program files (x86)/cypress/psoc creator/4.4/psoc creator/import/gnu/arm/5.4.1/bin/../lib/gcc/arm-none-eabi/5.4.1/../../../../arm-none-eabi/lib/armv7-m\libm.a
END GROUP
START GROUP
LOAD c:/program files (x86)/cypress/psoc creator/4.4/psoc creator/import/gnu/arm/5.4.1/bin/../lib/gcc/arm-none-eabi/5.4.1/armv7-m\libgcc.a
LOAD c:/program files (x86)/cypress/psoc creator/4.4/psoc creator/import/gnu/arm/5.4.1/bin/../lib/gcc/arm-none-eabi/5.4.1/../../../../arm-none-eabi/lib/armv7-m\libg_nano.a
LOAD c:/program files (x86)/cypress/psoc creator/4.4/psoc creator/import/gnu/arm/5.4.1/bin/../lib/gcc/arm-none-eabi/5.4.1/../../../../arm-none-eabi/lib/armv7-m\libc_nano.a
END GROUP
START GROUP
LOAD c:/program files (x86)/cypress/psoc creator/4.4/psoc creator/import/gnu/arm/5.4.1/bin/../lib/gcc/arm-none-eabi/5.4.1/armv7-m\libgcc.a
LOAD c:/program files (x86)/cypress/psoc creator/4.4/psoc creator/import/gnu/arm/5.4.1/bin/../lib/gcc/arm-none-eabi/5.4.1/../../../../arm-none-eabi/lib/armv7-m\libc_nano.a
END GROUP
LOAD c:/program files (x86)/cypress/psoc creator/4.4/psoc creator/import/gnu/arm/5.4.1/bin/../lib/gcc/arm-none-eabi/5.4.1/armv7-m/crtend.o
LOAD c:/program files (x86)/cypress/psoc creator/4.4/psoc creator/import/gnu/arm/5.4.1/bin/../lib/gcc/arm-none-eabi/5.4.1/armv7-m/crtn.o
START GROUP
LOAD c:/program files (x86)/cypress/psoc creator/4.4/psoc creator/import/gnu/arm/5.4.1/bin/../lib/gcc/arm-none-eabi/5.4.1/armv7-m\libgcc.a
LOAD c:/program files (x86)/cypress/psoc creator/4.4/psoc creator/import/gnu/arm/5.4.1/bin/../lib/gcc/arm-none-eabi/5.4.1/../../../../arm-none-eabi/lib/armv7-m\libc.a
LOAD c:/program files (x86)/cypress/psoc creator/4.4/psoc creator/import/gnu/arm/5.4.1/bin/../lib/gcc/arm-none-eabi/5.4.1/../../../../arm-none-eabi/lib/armv7-m\libnosys.a
END GROUP
                0x00000000                CY_APPL_ORIGIN = 0x0
                0x00000100                CY_FLASH_ROW_SIZE = 0x100
                0x00000020                CY_ECC_ROW_SIZE = 0x20
                0x00000000                CY_EE_IN_BTLDR = 0x0
                0x00000000                CY_APPL_LOADABLE = 0x0
                0x00000800                CY_EE_SIZE = 0x800
                0x00000001                CY_APPL_NUM = 0x1
                0x00000001                CY_APPL_MAX = 0x1
                0x00000040                CY_METADATA_SIZE = 0x40
                0x00000000                CY_APPL_LOADABLE = 0x0
                0x00000000                CY_CHECKSUM_EXCLUDE_SIZE = ALIGN (0x0, CY_FLASH_ROW_SIZE)
                [!provide]                PROVIDE (__cy_heap_start, _end)
                0x00000001                PROVIDE (__cy_region_num, ((__cy_regions_end - __cy_regions) / 0x10))
                0x20008000                PROVIDE (__cy_stack, (ORIGIN (ram) + LENGTH (ram)))
                [!provide]                PROVIDE (__cy_heap_end, (__cy_stack - 0x800))

.cybootloader   0x00000000        0x0
 *(.cybootloader)
                0x00000000                appl1_start = CY_APPL_ORIGIN?CY_APPL_ORIGIN:ALIGN (CY_FLASH_ROW_SIZE)
                0x0001ff00                appl2_start = (appl1_start + ALIGN ((((LENGTH (rom) - appl1_start) - (0x2 * CY_FLASH_ROW_SIZE)) / 0x2), CY_FLASH_ROW_SIZE))
                0x00000000                appl_start = (CY_APPL_NUM == 0x1)?appl1_start:appl2_start
                0x00000000                ecc_offset = ((appl_start / CY_FLASH_ROW_SIZE) * CY_ECC_ROW_SIZE)
                0x00000000                ee_offset = (CY_APPL_LOADABLE && ! (CY_EE_IN_BTLDR))?((CY_EE_SIZE / CY_APPL_MAX) * (CY_APPL_NUM - 0x1)):0x0
                0x00000800                ee_size = (CY_APPL_LOADABLE && ! (CY_EE_IN_BTLDR))?(CY_EE_SIZE / CY_APPL_MAX):CY_EE_SIZE
                [!provide]                PROVIDE (CY_ECC_OFFSET, ecc_offset)

.text           0x00000000     0xeeee
 CREATE_OBJECT_SYMBOLS
                0x00000000                PROVIDE (__cy_interrupt_vector, RomVectors)
 *(.romvectors)
 .romvectors    0x00000000       0x10 .\ARM_GCC_541\Debug\Cm3Start.o
                0x00000000                RomVectors
                0x00000001                ASSERT ((. != __cy_interrupt_vector), No interrupt vector)
                0x00000001                ASSERT (CY_APPL_ORIGIN?(SIZEOF (.cybootloader) <= CY_APPL_ORIGIN):0x1, Wrong image location)
                0x00000010                PROVIDE (__cy_reset, Reset)
 *(.text.Reset)
 .text.Reset    0x00000010       0x18 .\ARM_GCC_541\Debug\Cm3Start.o
                0x00000010                Reset
                0x00000001                ASSERT ((. != __cy_reset), No reset code)
 *(.dma_init)
                0x00000001                ASSERT ((((appl_start + .) <= 0x10000) || 0x1), DMA Init must be within the first 64k of flash)
 *(.text .text.* .gnu.linkonce.t.*)
 .text          0x00000028       0x5c c:/program files (x86)/cypress/psoc creator/4.4/psoc creator/import/gnu/arm/5.4.1/bin/../lib/gcc/arm-none-eabi/5.4.1/armv7-m/crtbegin.o
 .text._hamfly_psoc5_putc
                0x00000084       0x1c .\ARM_GCC_541\Debug\main.o
 .text.psoc_get_tick
                0x000000a0       0x1c .\ARM_GCC_541\Debug\main.o
 .text.isr_rx_movi_Handler
                0x000000bc       0x58 .\ARM_GCC_541\Debug\main.o
                0x000000bc                isr_rx_movi_Handler
 .text.isr_Looptimer_Handler
                0x00000114       0x1c .\ARM_GCC_541\Debug\main.o
                0x00000114                isr_Looptimer_Handler
 .text.isr_rx_sbc_Handler
                0x00000130       0x50 .\ARM_GCC_541\Debug\main.o
                0x00000130                isr_rx_sbc_Handler
 .text.decomp   0x00000180       0xa8 .\ARM_GCC_541\Debug\main.o
 .text.main     0x00000228      0x280 .\ARM_GCC_541\Debug\main.o
                0x00000228                main
 .text.psoc_eeprom_init
                0x000004a8        0xc .\ARM_GCC_541\Debug\psoc_eeprom.o
                0x000004a8                psoc_eeprom_init
 .text.app_ctx_init
                0x000004b4       0x70 .\ARM_GCC_541\Debug\app_ctx.o
                0x000004b4                app_ctx_init
 .text.depth_of
                0x00000524       0x34 .\ARM_GCC_541\Debug\app_statemachine.o
 .text.lca      0x00000558       0x80 .\ARM_GCC_541\Debug\app_statemachine.o
 .text.app_transition
                0x000005d8      0x150 .\ARM_GCC_541\Debug\app_statemachine.o
                0x000005d8                app_transition
 .text.app_start
                0x00000728       0x28 .\ARM_GCC_541\Debug\app_statemachine.o
                0x00000728                app_start
 .text.app_raise_error
                0x00000750       0x68 .\ARM_GCC_541\Debug\app_statemachine.o
                0x00000750                app_raise_error
 .text.app_state_name
                0x000007b8       0x20 .\ARM_GCC_541\Debug\app_statemachine.o
                0x000007b8                app_state_name
 .text.app_telem_tick
                0x000007d8       0x80 .\ARM_GCC_541\Debug\app_statemachine.o
                0x000007d8                app_telem_tick
 .text.build_defer
                0x00000858       0x30 .\ARM_GCC_541\Debug\app_statemachine.o
                0x00000858                build_defer
 .text.build_hold
                0x00000888       0x30 .\ARM_GCC_541\Debug\app_statemachine.o
                0x00000888                build_hold
 .text.app_build_control
                0x000008b8       0x50 .\ARM_GCC_541\Debug\app_statemachine.o
                0x000008b8                app_build_control
 .text.set_origin
                0x00000908       0x7c .\ARM_GCC_541\Debug\app_statemachine.o
                0x00000908                set_origin
 .text.print_help
                0x00000984       0x1c .\ARM_GCC_541\Debug\app_statemachine.o
 .text.handle_global_key
                0x000009a0       0xa0 .\ARM_GCC_541\Debug\app_statemachine.o
 .text.leaf_traps_nav
                0x00000a40       0x3c .\ARM_GCC_541\Debug\app_statemachine.o
 .text.handle_nav_key
                0x00000a7c       0x48 .\ARM_GCC_541\Debug\app_statemachine.o
 .text.app_dispatch_key
                0x00000ac4       0xa0 .\ARM_GCC_541\Debug\app_statemachine.o
                0x00000ac4                app_dispatch_key
 .text.sbc_state_is_requestable
                0x00000b64       0x24 .\ARM_GCC_541\Debug\app_statemachine.o
 .text.nudge_allowed_in
                0x00000b88       0x4c .\ARM_GCC_541\Debug\app_statemachine.o
 .text.app_sbc_tick
                0x00000bd4      0x1dc .\ARM_GCC_541\Debug\app_statemachine.o
                0x00000bd4                app_sbc_tick
 .text.sbc_init
                0x00000db0       0xb8 .\ARM_GCC_541\Debug\sbc_comms.o
                0x00000db0                sbc_init
 .text.decode_centroid
                0x00000e68      0x114 .\ARM_GCC_541\Debug\sbc_comms.o
 .text.sbc_on_rx_byte
                0x00000f7c      0x2e0 .\ARM_GCC_541\Debug\sbc_comms.o
                0x00000f7c                sbc_on_rx_byte
 .text.sbc_on_uart_err_flags
                0x0000125c       0x30 .\ARM_GCC_541\Debug\sbc_comms.o
                0x0000125c                sbc_on_uart_err_flags
 .text.sbc_get_centroid
                0x0000128c       0xa0 .\ARM_GCC_541\Debug\sbc_comms.o
                0x0000128c                sbc_get_centroid
 .text.sbc_discard_centroid
                0x0000132c       0x4c .\ARM_GCC_541\Debug\sbc_comms.o
                0x0000132c                sbc_discard_centroid
 .text.sbc_unknown_magic
                0x00001378       0x14 .\ARM_GCC_541\Debug\sbc_comms.o
                0x00001378                sbc_unknown_magic
 .text.sbc_rx_pkt_count
                0x0000138c       0x14 .\ARM_GCC_541\Debug\sbc_comms.o
                0x0000138c                sbc_rx_pkt_count
 .text.sbc_last_centroid_dt_ms
                0x000013a0       0x2c .\ARM_GCC_541\Debug\sbc_comms.o
                0x000013a0                sbc_last_centroid_dt_ms
 .text.sbc_last_rx_ms
                0x000013cc       0x2c .\ARM_GCC_541\Debug\sbc_comms.o
                0x000013cc                sbc_last_rx_ms
 .text.sbc_crc_errors
                0x000013f8       0x14 .\ARM_GCC_541\Debug\sbc_comms.o
                0x000013f8                sbc_crc_errors
 .text.sbc_uart_errors
                0x0000140c       0x14 .\ARM_GCC_541\Debug\sbc_comms.o
                0x0000140c                sbc_uart_errors
 .text.sbc_send_frame
                0x00001420       0x8c .\ARM_GCC_541\Debug\sbc_comms.o
                0x00001420                sbc_send_frame
 .text.sbc_get_state_req
                0x000014ac       0x4c .\ARM_GCC_541\Debug\sbc_comms.o
                0x000014ac                sbc_get_state_req
 .text.sbc_get_gps_target
                0x000014f8       0x4c .\ARM_GCC_541\Debug\sbc_comms.o
                0x000014f8                sbc_get_gps_target
 .text.sbc_get_nudge
                0x00001544       0x4c .\ARM_GCC_541\Debug\sbc_comms.o
                0x00001544                sbc_get_nudge
 .text.sbc_get_param
                0x00001590       0x50 .\ARM_GCC_541\Debug\sbc_comms.o
                0x00001590                sbc_get_param
 .text.sbc_get_set_origin
                0x000015e0       0x3c .\ARM_GCC_541\Debug\sbc_comms.o
                0x000015e0                sbc_get_set_origin
 .text.sbc_send_state_ack
                0x0000161c       0x30 .\ARM_GCC_541\Debug\sbc_comms.o
                0x0000161c                sbc_send_state_ack
 .text.sat_i16  0x0000164c       0x4c .\ARM_GCC_541\Debug\telemetry.o
 .text.sat_u32  0x00001698       0x44 .\ARM_GCC_541\Debug\telemetry.o
 .text.sat_u16  0x000016dc       0x48 .\ARM_GCC_541\Debug\telemetry.o
 .text.telemetry_collect_hot
                0x00001724      0x164 .\ARM_GCC_541\Debug\telemetry.o
                0x00001724                telemetry_collect_hot
 .text.telemetry_collect_link
                0x00001888       0x64 .\ARM_GCC_541\Debug\telemetry.o
                0x00001888                telemetry_collect_link
 .text.telemetry_collect_power
                0x000018ec       0xc0 .\ARM_GCC_541\Debug\telemetry.o
                0x000018ec                telemetry_collect_power
 .text.telemetry_collect_env
                0x000019ac       0x80 .\ARM_GCC_541\Debug\telemetry.o
                0x000019ac                telemetry_collect_env
 .text.telemetry_collect_gps
                0x00001a2c       0xa8 .\ARM_GCC_541\Debug\telemetry.o
                0x00001a2c                telemetry_collect_gps
 .text.telemetry_collect_baro
                0x00001ad4       0x90 .\ARM_GCC_541\Debug\telemetry.o
                0x00001ad4                telemetry_collect_baro
 .text.telemetry_collect_mag
                0x00001b64       0xcc .\ARM_GCC_541\Debug\telemetry.o
                0x00001b64                telemetry_collect_mag
 .text.encode_hot
                0x00001c30      0x11c .\ARM_GCC_541\Debug\telemetry.o
 .text.encode_link
                0x00001d4c       0x94 .\ARM_GCC_541\Debug\telemetry.o
 .text.encode_power
                0x00001de0       0x9c .\ARM_GCC_541\Debug\telemetry.o
 .text.encode_env
                0x00001e7c       0x58 .\ARM_GCC_541\Debug\telemetry.o
 .text.encode_gps
                0x00001ed4       0xe8 .\ARM_GCC_541\Debug\telemetry.o
 .text.encode_baro
                0x00001fbc       0x64 .\ARM_GCC_541\Debug\telemetry.o
 .text.encode_mag
                0x00002020       0x8c .\ARM_GCC_541\Debug\telemetry.o
 .text.telemetry_send_hot_sbc
                0x000020ac       0x44 .\ARM_GCC_541\Debug\telemetry.o
                0x000020ac                telemetry_send_hot_sbc
 .text.telemetry_send_link_sbc
                0x000020f0       0x44 .\ARM_GCC_541\Debug\telemetry.o
                0x000020f0                telemetry_send_link_sbc
 .text.telemetry_send_power_sbc
                0x00002134       0x44 .\ARM_GCC_541\Debug\telemetry.o
                0x00002134                telemetry_send_power_sbc
 .text.telemetry_send_env_sbc
                0x00002178       0x44 .\ARM_GCC_541\Debug\telemetry.o
                0x00002178                telemetry_send_env_sbc
 .text.telemetry_send_gps_sbc
                0x000021bc       0x44 .\ARM_GCC_541\Debug\telemetry.o
                0x000021bc                telemetry_send_gps_sbc
 .text.telemetry_send_baro_sbc
                0x00002200       0x44 .\ARM_GCC_541\Debug\telemetry.o
                0x00002200                telemetry_send_baro_sbc
 .text.telemetry_send_mag_sbc
                0x00002244       0x44 .\ARM_GCC_541\Debug\telemetry.o
                0x00002244                telemetry_send_mag_sbc
 .text.telemetry_pump
                0x00002288       0xd0 .\ARM_GCC_541\Debug\telemetry.o
                0x00002288                telemetry_pump
 .text.entry_stby_defer
                0x00002358       0x20 .\ARM_GCC_541\Debug\app_state_stby.o
                0x00002358                entry_stby_defer
 .text.entry_stby_hold
                0x00002378       0x1c .\ARM_GCC_541\Debug\app_state_stby.o
                0x00002378                entry_stby_hold
 .text.app_stby_tick
                0x00002394       0xb0 .\ARM_GCC_541\Debug\app_state_stby.o
                0x00002394                app_stby_tick
 .text.key_stby_hold
                0x00002444       0x2c .\ARM_GCC_541\Debug\app_state_stby.o
                0x00002444                key_stby_hold
 .text.guard_manu_joystick
                0x00002470       0x20 .\ARM_GCC_541\Debug\app_state_manu.o
                0x00002470                guard_manu_joystick
 .text.entry_manu_joystick
                0x00002490       0x20 .\ARM_GCC_541\Debug\app_state_manu.o
                0x00002490                entry_manu_joystick
 .text.exit_manu_joystick
                0x000024b0       0x1c .\ARM_GCC_541\Debug\app_state_manu.o
                0x000024b0                exit_manu_joystick
 .text.build_manu_joystick
                0x000024cc       0xf0 .\ARM_GCC_541\Debug\app_state_manu.o
                0x000024cc                build_manu_joystick
 .text.manu_set_hold
                0x000025bc       0x88 .\ARM_GCC_541\Debug\app_state_manu.o
 .text.key_manu_joystick
                0x00002644      0x1bc .\ARM_GCC_541\Debug\app_state_manu.o
                0x00002644                key_manu_joystick
 .text.app_manual_tick
                0x00002800       0xbc .\ARM_GCC_541\Debug\app_state_manu.o
                0x00002800                app_manual_tick
 .text.guard_auto_parent
                0x000028bc       0x24 .\ARM_GCC_541\Debug\app_state_auto.o
                0x000028bc                guard_auto_parent
 .text.guard_auto_home
                0x000028e0       0x18 .\ARM_GCC_541\Debug\app_state_auto.o
                0x000028e0                guard_auto_home
 .text.guard_auto_acq_gps
                0x000028f8       0x18 .\ARM_GCC_541\Debug\app_state_auto.o
                0x000028f8                guard_auto_acq_gps
 .text.app_auto_tick
                0x00002910      0x33c .\ARM_GCC_541\Debug\app_state_auto.o
                0x00002910                app_auto_tick
 .text.entry_auto_home
                0x00002c4c       0x9c .\ARM_GCC_541\Debug\app_state_auto.o
                0x00002c4c                entry_auto_home
 .text.exit_auto_home
                0x00002ce8       0x24 .\ARM_GCC_541\Debug\app_state_auto.o
                0x00002ce8                exit_auto_home
 .text.key_auto_home
                0x00002d0c       0x28 .\ARM_GCC_541\Debug\app_state_auto.o
                0x00002d0c                key_auto_home
 .text.build_auto_home
                0x00002d34       0x74 .\ARM_GCC_541\Debug\app_state_auto.o
                0x00002d34                build_auto_home
 .text.entry_auto_hold
                0x00002da8       0x28 .\ARM_GCC_541\Debug\app_state_auto.o
                0x00002da8                entry_auto_hold
 .text.key_auto_hold
                0x00002dd0       0x2c .\ARM_GCC_541\Debug\app_state_auto.o
                0x00002dd0                key_auto_hold
 .text.gps_bearing_deg
                0x00002dfc       0xf8 .\ARM_GCC_541\Debug\app_state_auto.o
 .text.gps_elev_deg
                0x00002ef4      0x15c .\ARM_GCC_541\Debug\app_state_auto.o
 .text.gps_start_slew
                0x00003050       0x3c .\ARM_GCC_541\Debug\app_state_auto.o
 .text.gps_update_pointing
                0x0000308c       0xe8 .\ARM_GCC_541\Debug\app_state_auto.o
 .text.gps_check_settle
                0x00003174      0x1c8 .\ARM_GCC_541\Debug\app_state_auto.o
 .text.entry_auto_acq_gps
                0x0000333c       0x48 .\ARM_GCC_541\Debug\app_state_auto.o
                0x0000333c                entry_auto_acq_gps
 .text.exit_auto_acq_gps
                0x00003384       0x38 .\ARM_GCC_541\Debug\app_state_auto.o
                0x00003384                exit_auto_acq_gps
 .text.key_auto_acq_gps
                0x000033bc       0x28 .\ARM_GCC_541\Debug\app_state_auto.o
                0x000033bc                key_auto_acq_gps
 .text.build_auto_acq_gps
                0x000033e4       0xa8 .\ARM_GCC_541\Debug\app_state_auto.o
                0x000033e4                build_auto_acq_gps
 .text.entry_auto_acq_spiral
                0x0000348c       0x1c .\ARM_GCC_541\Debug\app_state_auto.o
                0x0000348c                entry_auto_acq_spiral
 .text.entry_auto_tracking
                0x000034a8       0x2c .\ARM_GCC_541\Debug\app_state_auto.o
                0x000034a8                entry_auto_tracking
 .text.key_auto_tracking
                0x000034d4       0x28 .\ARM_GCC_541\Debug\app_state_auto.o
                0x000034d4                key_auto_tracking
 .text.build_auto_tracking
                0x000034fc      0x120 .\ARM_GCC_541\Debug\app_state_auto.o
                0x000034fc                build_auto_tracking
 .text.entry_auto_loss
                0x0000361c       0x1c .\ARM_GCC_541\Debug\app_state_auto.o
                0x0000361c                entry_auto_loss
 .text.key_auto_loss
                0x00003638       0x3c .\ARM_GCC_541\Debug\app_state_auto.o
                0x00003638                key_auto_loss
 .text.entry_auto_no_lock
                0x00003674       0x1c .\ARM_GCC_541\Debug\app_state_auto.o
                0x00003674                entry_auto_no_lock
 .text.key_auto_no_lock
                0x00003690       0x3c .\ARM_GCC_541\Debug\app_state_auto.o
                0x00003690                key_auto_no_lock
 .text.sev_str  0x000036cc       0x40 .\ARM_GCC_541\Debug\app_state_error.o
 .text.entry_error_active
                0x0000370c       0x78 .\ARM_GCC_541\Debug\app_state_error.o
                0x0000370c                entry_error_active
 .text.key_error_active
                0x00003784       0x48 .\ARM_GCC_541\Debug\app_state_error.o
                0x00003784                key_error_active
 .text.entry_error_kill
                0x000037cc       0x2c .\ARM_GCC_541\Debug\app_state_error.o
                0x000037cc                entry_error_kill
 .text.key_error_kill
                0x000037f8       0x18 .\ARM_GCC_541\Debug\app_state_error.o
                0x000037f8                key_error_kill
 .text.build_error
                0x00003810       0x28 .\ARM_GCC_541\Debug\app_state_error.o
                0x00003810                build_error
 .text.gimbal_pan_tilt_deg
                0x00003838       0x54 .\ARM_GCC_541\Debug\utils.o
                0x00003838                gimbal_pan_tilt_deg
 .text.nudge_apply
                0x0000388c      0x1ec .\ARM_GCC_541\Debug\utils.o
                0x0000388c                nudge_apply
 .text.handle_nudge_key
                0x00003a78      0x114 .\ARM_GCC_541\Debug\utils.o
                0x00003a78                handle_nudge_key
 .text.dbg_init
                0x00003b8c       0x10 .\ARM_GCC_541\Debug\debug_usbcdc.o
                0x00003b8c                dbg_init
 .text.dbg_tick
                0x00003b9c       0x34 .\ARM_GCC_541\Debug\debug_usbcdc.o
                0x00003b9c                dbg_tick
 .text.dbg_put  0x00003bd0       0x94 .\ARM_GCC_541\Debug\debug_usbcdc.o
                0x00003bd0                dbg_put
 .text.dbg_get  0x00003c64       0x3c .\ARM_GCC_541\Debug\debug_usbcdc.o
                0x00003c64                dbg_get
 .text.rb_next  0x00003ca0       0x28 .\ARM_GCC_541\Debug\hamfly_comm_rb.o
 .text.hamfly_rb_init
                0x00003cc8       0x2c .\ARM_GCC_541\Debug\hamfly_comm_rb.o
                0x00003cc8                hamfly_rb_init
 .text.hamfly_rb_push
                0x00003cf4       0x64 .\ARM_GCC_541\Debug\hamfly_comm_rb.o
                0x00003cf4                hamfly_rb_push
 .text.hamfly_rb_pop
                0x00003d58       0x58 .\ARM_GCC_541\Debug\hamfly_comm_rb.o
                0x00003d58                hamfly_rb_pop
 .text.load_freefly_control
                0x00003db0       0x50 .\ARM_GCC_541\Debug\hamfly_core_gimbal.o
 .text.copy_qx287_to_telemetry
                0x00003e00       0x1c .\ARM_GCC_541\Debug\hamfly_core_gimbal.o
 .text.drain_rb
                0x00003e1c       0x44 .\ARM_GCC_541\Debug\hamfly_core_gimbal.o
 .text.hamfly_init
                0x00003e60       0x5c .\ARM_GCC_541\Debug\hamfly_core_gimbal.o
                0x00003e60                hamfly_init
 .text.hamfly_on_rx_byte
                0x00003ebc       0x3c .\ARM_GCC_541\Debug\hamfly_core_gimbal.o
                0x00003ebc                hamfly_on_rx_byte
 .text.hamfly_on_uart_err_flags
                0x00003ef8       0x30 .\ARM_GCC_541\Debug\hamfly_core_gimbal.o
                0x00003ef8                hamfly_on_uart_err_flags
 .text.hamfly_pump
                0x00003f28      0x27c .\ARM_GCC_541\Debug\hamfly_core_gimbal.o
                0x00003f28                hamfly_pump
 .text.hamfly_send_control
                0x000041a4       0x7c .\ARM_GCC_541\Debug\hamfly_core_gimbal.o
                0x000041a4                hamfly_send_control
 .text.hamfly_kill
                0x00004220       0x3c .\ARM_GCC_541\Debug\hamfly_core_gimbal.o
                0x00004220                hamfly_kill
 .text.hamfly_request_attr
                0x0000425c       0xa8 .\ARM_GCC_541\Debug\hamfly_core_gimbal.o
                0x0000425c                hamfly_request_attr
 .text.hamfly_get_telemetry
                0x00004304       0x30 .\ARM_GCC_541\Debug\hamfly_core_gimbal.o
                0x00004304                hamfly_get_telemetry
 .text.rd_be32  0x00004334       0x34 .\ARM_GCC_541\Debug\hamfly_core_telemetry.o
 .text.rd_be16  0x00004368       0x28 .\ARM_GCC_541\Debug\hamfly_core_telemetry.o
 .text.rd_be_u16
                0x00004390       0x28 .\ARM_GCC_541\Debug\hamfly_core_telemetry.o
 .text.rd_le16  0x000043b8       0x24 .\ARM_GCC_541\Debug\hamfly_core_telemetry.o
 .text.hamfly_telemetry_to_euler
                0x000043dc      0x1d4 .\ARM_GCC_541\Debug\hamfly_core_telemetry.o
                0x000043dc                hamfly_telemetry_to_euler
 .text.hamfly_decode_qx287
                0x000045b0       0x68 .\ARM_GCC_541\Debug\hamfly_core_telemetry.o
                0x000045b0                hamfly_decode_qx287
 .text.hamfly_decode_gps
                0x00004618      0x1a0 .\ARM_GCC_541\Debug\hamfly_core_telemetry.o
                0x00004618                hamfly_decode_gps
 .text.hamfly_decode_baro
                0x000047b8       0x78 .\ARM_GCC_541\Debug\hamfly_core_telemetry.o
                0x000047b8                hamfly_decode_baro
 .text.hamfly_decode_attitude
                0x00004830      0x144 .\ARM_GCC_541\Debug\hamfly_core_telemetry.o
                0x00004830                hamfly_decode_attitude
 .text.hamfly_decode_sysstat
                0x00004974      0x1c8 .\ARM_GCC_541\Debug\hamfly_core_telemetry.o
                0x00004974                hamfly_decode_sysstat
 .text.hamfly_decode_mag
                0x00004b3c      0x18c .\ARM_GCC_541\Debug\hamfly_core_telemetry.o
                0x00004b3c                hamfly_decode_mag
 .text.hamfly_decode_sysecho
                0x00004cc8       0x7c .\ARM_GCC_541\Debug\hamfly_core_telemetry.o
                0x00004cc8                hamfly_decode_sysecho
 .text.ff_api_init
                0x00004d44       0x7c .\ARM_GCC_541\Debug\hamfly_qx_app.o
 .text.ff_api_send
                0x00004dc0       0x44 .\ARM_GCC_541\Debug\hamfly_qx_app.o
 .text.QX_ParsePacket_Cli_MoVI_Ctrl_CB
                0x00004e04      0x884 .\ARM_GCC_541\Debug\hamfly_qx_app.o
 .text.QX_SendMsg2CommsPort_CB
                0x00005688       0x64 .\ARM_GCC_541\Debug\hamfly_qx_app.o
                0x00005688                QX_SendMsg2CommsPort_CB
 .text.QX_FwdMsg_CB
                0x000056ec       0x14 .\ARM_GCC_541\Debug\hamfly_qx_app.o
                0x000056ec                QX_FwdMsg_CB
 .text.QX_GetTicks_ms
                0x00005700       0x34 .\ARM_GCC_541\Debug\hamfly_qx_app.o
                0x00005700                QX_GetTicks_ms
 .text.QX_Parser_SetMsgPtr
                0x00005734       0x1c .\ARM_GCC_541\Debug\hamfly_qx_protocol.o
                0x00005734                QX_Parser_SetMsgPtr
 .text.QX_Parser_AdvMsgPtr
                0x00005750       0x1c .\ARM_GCC_541\Debug\hamfly_qx_protocol.o
                0x00005750                QX_Parser_AdvMsgPtr
 .text.QX_Parser_GetMsgPtr
                0x0000576c       0x14 .\ARM_GCC_541\Debug\hamfly_qx_protocol.o
                0x0000576c                QX_Parser_GetMsgPtr
 .text.QX_Parser_SetDir_Read
                0x00005780       0x18 .\ARM_GCC_541\Debug\hamfly_qx_protocol.o
                0x00005780                QX_Parser_SetDir_Read
 .text.QX_Parser_SetDir_WriteAbs
                0x00005798       0x18 .\ARM_GCC_541\Debug\hamfly_qx_protocol.o
                0x00005798                QX_Parser_SetDir_WriteAbs
 .text.AddFloatAsSignedShort
                0x000057b0       0xc8 .\ARM_GCC_541\Debug\hamfly_qx_protocol.o
                0x000057b0                AddFloatAsSignedShort
 .text.GetFloatAsSignedShort
                0x00005878      0x170 .\ARM_GCC_541\Debug\hamfly_qx_protocol.o
                0x00005878                GetFloatAsSignedShort
 .text.AddSignedShortAsSignedShort
                0x000059e8       0x58 .\ARM_GCC_541\Debug\hamfly_qx_protocol.o
                0x000059e8                AddSignedShortAsSignedShort
 .text.GetSignedShortAsSignedShort
                0x00005a40      0x15c .\ARM_GCC_541\Debug\hamfly_qx_protocol.o
                0x00005a40                GetSignedShortAsSignedShort
 .text.AddUnsignedCharAsUnsignedChar
                0x00005b9c       0x3c .\ARM_GCC_541\Debug\hamfly_qx_protocol.o
                0x00005b9c                AddUnsignedCharAsUnsignedChar
 .text.GetUnsignedCharAsUnsignedChar
                0x00005bd8       0xc8 .\ARM_GCC_541\Debug\hamfly_qx_protocol.o
                0x00005bd8                GetUnsignedCharAsUnsignedChar
 .text.AddUnsignedShortAsUnsignedShort
                0x00005ca0       0x54 .\ARM_GCC_541\Debug\hamfly_qx_protocol.o
                0x00005ca0                AddUnsignedShortAsUnsignedShort
 .text.GetUnsignedShortAsUnsignedShort
                0x00005cf4       0xf8 .\ARM_GCC_541\Debug\hamfly_qx_protocol.o
                0x00005cf4                GetUnsignedShortAsUnsignedShort
 .text.AddBitsAsByte
                0x00005dec       0xcc .\ARM_GCC_541\Debug\hamfly_qx_protocol.o
                0x00005dec                AddBitsAsByte
 .text.GetBitsAsByte
                0x00005eb8       0xdc .\ARM_GCC_541\Debug\hamfly_qx_protocol.o
                0x00005eb8                GetBitsAsByte
 .text.QX_InitMsg
                0x00005f94       0x30 .\ARM_GCC_541\Debug\hamfly_qx_protocol.o
 .text.QX_RxMsg
                0x00005fc4       0xec .\ARM_GCC_541\Debug\hamfly_qx_protocol.o
 .text.QX_Srv_Rx_Read
                0x000060b0       0x90 .\ARM_GCC_541\Debug\hamfly_qx_protocol.o
 .text.QX_Srv_Rx_Write
                0x00006140       0xc4 .\ARM_GCC_541\Debug\hamfly_qx_protocol.o
 .text.QX_Cli_Rx_CurVal
                0x00006204       0x3c .\ARM_GCC_541\Debug\hamfly_qx_protocol.o
 .text.QX_TxMsg_Setup
                0x00006240       0x4c .\ARM_GCC_541\Debug\hamfly_qx_protocol.o
 .text.QX_TxMsg_Finish
                0x0000628c      0x1dc .\ARM_GCC_541\Debug\hamfly_qx_protocol.o
 .text.QX_BuildHeader
                0x00006468      0x188 .\ARM_GCC_541\Debug\hamfly_qx_protocol.o
 .text.QX_ParseHeader
                0x000065f0      0x114 .\ARM_GCC_541\Debug\hamfly_qx_protocol.o
 .text.QX_Calc8bChecksum
                0x00006704       0x3c .\ARM_GCC_541\Debug\hamfly_qx_protocol.o
 .text.QX_AddExtdValToBuf
                0x00006740       0x88 .\ARM_GCC_541\Debug\hamfly_qx_protocol.o
 .text.QX_GetExtdValFromBuf
                0x000067c8       0x6c .\ARM_GCC_541\Debug\hamfly_qx_protocol.o
 .text.QX_compute_crc32
                0x00006834       0x4c .\ARM_GCC_541\Debug\hamfly_qx_protocol.o
 .text.QX_accumulate_crc32
                0x00006880       0x54 .\ARM_GCC_541\Debug\hamfly_qx_protocol.o
                0x00006880                QX_accumulate_crc32
 .text.QX_InitCli
                0x000068d4       0x24 .\ARM_GCC_541\Debug\hamfly_qx_protocol.o
                0x000068d4                QX_InitCli
 .text.QX_InitTxOptions
                0x000068f8       0x3c .\ARM_GCC_541\Debug\hamfly_qx_protocol.o
                0x000068f8                QX_InitTxOptions
 .text.QX_SendPacket_Srv_CurVal
                0x00006934       0x98 .\ARM_GCC_541\Debug\hamfly_qx_protocol.o
                0x00006934                QX_SendPacket_Srv_CurVal
 .text.QX_SendPacket_Cli_Read
                0x000069cc       0x80 .\ARM_GCC_541\Debug\hamfly_qx_protocol.o
                0x000069cc                QX_SendPacket_Cli_Read
 .text.QX_SendPacket_Cli_WriteABS
                0x00006a4c       0x98 .\ARM_GCC_541\Debug\hamfly_qx_protocol.o
                0x00006a4c                QX_SendPacket_Cli_WriteABS
 .text.QX_StreamRxCharSM
                0x00006ae4      0x6e0 .\ARM_GCC_541\Debug\hamfly_qx_protocol.o
                0x00006ae4                QX_StreamRxCharSM
 .text.CYMEMZERO
                0x000071c4       0x1c .\ARM_GCC_541\Debug\cyfitter_cfg.o
 .text.CYCONFIGCPY
                0x000071e0       0x20 .\ARM_GCC_541\Debug\cyfitter_cfg.o
 .text.CyClockStartupError
                0x00007200        0xc .\ARM_GCC_541\Debug\cyfitter_cfg.o
 .text.cfg_write_bytes32
                0x0000720c       0x74 .\ARM_GCC_541\Debug\cyfitter_cfg.o
 .text.ClockSetup
                0x00007280      0x12c .\ARM_GCC_541\Debug\cyfitter_cfg.o
 .text.AnalogSetDefault
                0x000073ac       0x60 .\ARM_GCC_541\Debug\cyfitter_cfg.o
 .text.cyfitter_cfg
                0x0000740c      0x1ac .\ARM_GCC_541\Debug\cyfitter_cfg.o
                0x0000740c                cyfitter_cfg
 .text.IntDefaultHandler
                0x000075b8       0x14 .\ARM_GCC_541\Debug\Cm3Start.o
                0x000075b8                IntDefaultHandler
 .text._sbrk    0x000075cc       0x50 .\ARM_GCC_541\Debug\Cm3Start.o
                0x000075cc                _sbrk
 .text.Start_c  0x0000761c       0x98 .\ARM_GCC_541\Debug\Cm3Start.o
                0x0000761c                Start_c
 .text.initialize_psoc
                0x000076b4       0x90 .\ARM_GCC_541\Debug\Cm3Start.o
                0x000076b4                initialize_psoc
 .text.UART_MOVI_Start
                0x00007744       0x24 .\ARM_GCC_541\Debug\Proj08_DemoTxIntegration.a(UART_MOVI.o)
                0x00007744                UART_MOVI_Start
 .text.UART_MOVI_Init
                0x00007768       0x40 .\ARM_GCC_541\Debug\Proj08_DemoTxIntegration.a(UART_MOVI.o)
                0x00007768                UART_MOVI_Init
 .text.UART_MOVI_Enable
                0x000077a8       0x5c .\ARM_GCC_541\Debug\Proj08_DemoTxIntegration.a(UART_MOVI.o)
                0x000077a8                UART_MOVI_Enable
 .text.UART_MOVI_ReadRxData
                0x00007804       0x1c .\ARM_GCC_541\Debug\Proj08_DemoTxIntegration.a(UART_MOVI.o)
                0x00007804                UART_MOVI_ReadRxData
 .text.UART_MOVI_GetRxBufferSize
                0x00007820       0x2c .\ARM_GCC_541\Debug\Proj08_DemoTxIntegration.a(UART_MOVI.o)
                0x00007820                UART_MOVI_GetRxBufferSize
 .text.UART_MOVI_ClearRxBuffer
                0x0000784c       0x44 .\ARM_GCC_541\Debug\Proj08_DemoTxIntegration.a(UART_MOVI.o)
                0x0000784c                UART_MOVI_ClearRxBuffer
 .text.UART_MOVI_PutChar
                0x00007890       0x34 .\ARM_GCC_541\Debug\Proj08_DemoTxIntegration.a(UART_MOVI.o)
                0x00007890                UART_MOVI_PutChar
 .text.UART_MOVI_ClearTxBuffer
                0x000078c4       0x44 .\ARM_GCC_541\Debug\Proj08_DemoTxIntegration.a(UART_MOVI.o)
                0x000078c4                UART_MOVI_ClearTxBuffer
 .text.isr_rx_movi_StartEx
                0x00007908       0x24 .\ARM_GCC_541\Debug\Proj08_DemoTxIntegration.a(isr_rx_movi.o)
                0x00007908                isr_rx_movi_StartEx
 .text.isr_rx_movi_SetVector
                0x0000792c       0x24 .\ARM_GCC_541\Debug\Proj08_DemoTxIntegration.a(isr_rx_movi.o)
                0x0000792c                isr_rx_movi_SetVector
 .text.isr_rx_movi_SetPriority
                0x00007950       0x24 .\ARM_GCC_541\Debug\Proj08_DemoTxIntegration.a(isr_rx_movi.o)
                0x00007950                isr_rx_movi_SetPriority
 .text.isr_rx_movi_Enable
                0x00007974       0x18 .\ARM_GCC_541\Debug\Proj08_DemoTxIntegration.a(isr_rx_movi.o)
                0x00007974                isr_rx_movi_Enable
 .text.isr_rx_movi_Disable
                0x0000798c       0x18 .\ARM_GCC_541\Debug\Proj08_DemoTxIntegration.a(isr_rx_movi.o)
                0x0000798c                isr_rx_movi_Disable
 .text.Looptimer_Init
                0x000079a4       0xa0 .\ARM_GCC_541\Debug\Proj08_DemoTxIntegration.a(Looptimer.o)
                0x000079a4                Looptimer_Init
 .text.Looptimer_Enable
                0x00007a44       0x48 .\ARM_GCC_541\Debug\Proj08_DemoTxIntegration.a(Looptimer.o)
                0x00007a44                Looptimer_Enable
 .text.Looptimer_Start
                0x00007a8c       0x24 .\ARM_GCC_541\Debug\Proj08_DemoTxIntegration.a(Looptimer.o)
                0x00007a8c                Looptimer_Start
 .text.Looptimer_SetInterruptMode
                0x00007ab0       0x20 .\ARM_GCC_541\Debug\Proj08_DemoTxIntegration.a(Looptimer.o)
                0x00007ab0                Looptimer_SetInterruptMode
 .text.Looptimer_ReadStatusRegister
                0x00007ad0       0x18 .\ARM_GCC_541\Debug\Proj08_DemoTxIntegration.a(Looptimer.o)
                0x00007ad0                Looptimer_ReadStatusRegister
 .text.Looptimer_WritePeriod
                0x00007ae8       0x24 .\ARM_GCC_541\Debug\Proj08_DemoTxIntegration.a(Looptimer.o)
                0x00007ae8                Looptimer_WritePeriod
 .text.Looptimer_WriteCounter
                0x00007b0c       0x20 .\ARM_GCC_541\Debug\Proj08_DemoTxIntegration.a(Looptimer.o)
                0x00007b0c                Looptimer_WriteCounter
 .text.isr_Looptimer_StartEx
                0x00007b2c       0x24 .\ARM_GCC_541\Debug\Proj08_DemoTxIntegration.a(isr_Looptimer.o)
                0x00007b2c                isr_Looptimer_StartEx
 .text.isr_Looptimer_SetVector
                0x00007b50       0x24 .\ARM_GCC_541\Debug\Proj08_DemoTxIntegration.a(isr_Looptimer.o)
                0x00007b50                isr_Looptimer_SetVector
 .text.isr_Looptimer_SetPriority
                0x00007b74       0x24 .\ARM_GCC_541\Debug\Proj08_DemoTxIntegration.a(isr_Looptimer.o)
                0x00007b74                isr_Looptimer_SetPriority
 .text.isr_Looptimer_Enable
                0x00007b98       0x18 .\ARM_GCC_541\Debug\Proj08_DemoTxIntegration.a(isr_Looptimer.o)
                0x00007b98                isr_Looptimer_Enable
 .text.isr_Looptimer_Disable
                0x00007bb0       0x18 .\ARM_GCC_541\Debug\Proj08_DemoTxIntegration.a(isr_Looptimer.o)
                0x00007bb0                isr_Looptimer_Disable
 .text.EEPROM_CONFIG_Enable
                0x00007bc8       0x10 .\ARM_GCC_541\Debug\Proj08_DemoTxIntegration.a(EEPROM_CONFIG.o)
                0x00007bc8                EEPROM_CONFIG_Enable
 .text.EEPROM_CONFIG_Start
                0x00007bd8        0xc .\ARM_GCC_541\Debug\Proj08_DemoTxIntegration.a(EEPROM_CONFIG.o)
                0x00007bd8                EEPROM_CONFIG_Start
 .text.CySetTempInt
                0x00007be4       0x7c .\ARM_GCC_541\Debug\Proj08_DemoTxIntegration.a(CyFlash.o)
 .text.CyFlashGetSpcAlgorithm
                0x00007c60       0x70 .\ARM_GCC_541\Debug\Proj08_DemoTxIntegration.a(CyFlash.o)
                0x00007c60                CyFlashGetSpcAlgorithm
 .text.CySetTemp
                0x00007cd0       0x24 .\ARM_GCC_541\Debug\Proj08_DemoTxIntegration.a(CyFlash.o)
                0x00007cd0                CySetTemp
 .text.CyEEPROM_Start
                0x00007cf4       0x8c .\ARM_GCC_541\Debug\Proj08_DemoTxIntegration.a(CyFlash.o)
                0x00007cf4                CyEEPROM_Start
 .text.CyHalt   0x00007d80       0x18 .\ARM_GCC_541\Debug\Proj08_DemoTxIntegration.a(CyLib.o)
                0x00007d80                CyHalt
 .text.CyDelayUs
                0x00007d98       0x28 .\ARM_GCC_541\Debug\Proj08_DemoTxIntegration.a(CyLib.o)
                0x00007d98                CyDelayUs
 .text.CyIntSetVector
                0x00007dc0       0x50 .\ARM_GCC_541\Debug\Proj08_DemoTxIntegration.a(CyLib.o)
                0x00007dc0                CyIntSetVector
 .text.CyIntSetPriority
                0x00007e10       0x48 .\ARM_GCC_541\Debug\Proj08_DemoTxIntegration.a(CyLib.o)
                0x00007e10                CyIntSetPriority
 .text.CyGetUniqueId
                0x00007e58       0xc4 .\ARM_GCC_541\Debug\Proj08_DemoTxIntegration.a(CyLib.o)
                0x00007e58                CyGetUniqueId
 .text.CySpcStart
                0x00007f1c       0x48 .\ARM_GCC_541\Debug\Proj08_DemoTxIntegration.a(CySpc.o)
                0x00007f1c                CySpcStart
 .text.CySpcReadData
                0x00007f64       0x54 .\ARM_GCC_541\Debug\Proj08_DemoTxIntegration.a(CySpc.o)
                0x00007f64                CySpcReadData
 .text.CySpcGetTemp
                0x00007fb8       0x64 .\ARM_GCC_541\Debug\Proj08_DemoTxIntegration.a(CySpc.o)
                0x00007fb8                CySpcGetTemp
 .text.CySpcLock
                0x0000801c       0x68 .\ARM_GCC_541\Debug\Proj08_DemoTxIntegration.a(CySpc.o)
                0x0000801c                CySpcLock
 .text.CySpcUnlock
                0x00008084       0x50 .\ARM_GCC_541\Debug\Proj08_DemoTxIntegration.a(CySpc.o)
                0x00008084                CySpcUnlock
 .text.CySpcGetAlgorithm
                0x000080d4       0x44 .\ARM_GCC_541\Debug\Proj08_DemoTxIntegration.a(CySpc.o)
                0x000080d4                CySpcGetAlgorithm
 .text.UART_SBC_Start
                0x00008118       0x24 .\ARM_GCC_541\Debug\Proj08_DemoTxIntegration.a(UART_SBC.o)
                0x00008118                UART_SBC_Start
 .text.UART_SBC_Init
                0x0000813c       0x40 .\ARM_GCC_541\Debug\Proj08_DemoTxIntegration.a(UART_SBC.o)
                0x0000813c                UART_SBC_Init
 .text.UART_SBC_Enable
                0x0000817c       0x60 .\ARM_GCC_541\Debug\Proj08_DemoTxIntegration.a(UART_SBC.o)
                0x0000817c                UART_SBC_Enable
 .text.UART_SBC_ReadRxData
                0x000081dc       0x1c .\ARM_GCC_541\Debug\Proj08_DemoTxIntegration.a(UART_SBC.o)
                0x000081dc                UART_SBC_ReadRxData
 .text.UART_SBC_GetRxBufferSize
                0x000081f8       0x2c .\ARM_GCC_541\Debug\Proj08_DemoTxIntegration.a(UART_SBC.o)
                0x000081f8                UART_SBC_GetRxBufferSize
 .text.UART_SBC_ClearRxBuffer
                0x00008224       0x44 .\ARM_GCC_541\Debug\Proj08_DemoTxIntegration.a(UART_SBC.o)
                0x00008224                UART_SBC_ClearRxBuffer
 .text.UART_SBC_PutChar
                0x00008268       0x34 .\ARM_GCC_541\Debug\Proj08_DemoTxIntegration.a(UART_SBC.o)
                0x00008268                UART_SBC_PutChar
 .text.UART_SBC_ClearTxBuffer
                0x0000829c       0x44 .\ARM_GCC_541\Debug\Proj08_DemoTxIntegration.a(UART_SBC.o)
                0x0000829c                UART_SBC_ClearTxBuffer
 .text.isr_rx_sbc_StartEx
                0x000082e0       0x24 .\ARM_GCC_541\Debug\Proj08_DemoTxIntegration.a(isr_rx_sbc.o)
                0x000082e0                isr_rx_sbc_StartEx
 .text.isr_rx_sbc_SetVector
                0x00008304       0x24 .\ARM_GCC_541\Debug\Proj08_DemoTxIntegration.a(isr_rx_sbc.o)
                0x00008304                isr_rx_sbc_SetVector
 .text.isr_rx_sbc_SetPriority
                0x00008328       0x24 .\ARM_GCC_541\Debug\Proj08_DemoTxIntegration.a(isr_rx_sbc.o)
                0x00008328                isr_rx_sbc_SetPriority
 .text.isr_rx_sbc_Enable
                0x0000834c       0x18 .\ARM_GCC_541\Debug\Proj08_DemoTxIntegration.a(isr_rx_sbc.o)
                0x0000834c                isr_rx_sbc_Enable
 .text.isr_rx_sbc_Disable
                0x00008364       0x18 .\ARM_GCC_541\Debug\Proj08_DemoTxIntegration.a(isr_rx_sbc.o)
                0x00008364                isr_rx_sbc_Disable
 .text.UART_SBC_IntClock_Start
                0x0000837c       0x34 .\ARM_GCC_541\Debug\Proj08_DemoTxIntegration.a(UART_SBC_IntClock.o)
                0x0000837c                UART_SBC_IntClock_Start
 .text.Pin_Debug_SuperLoop_Write
                0x000083b0       0x3c .\ARM_GCC_541\Debug\Proj08_DemoTxIntegration.a(Pin_Debug_SuperLoop.o)
                0x000083b0                Pin_Debug_SuperLoop_Write
 .text.Pin_Debug_SuperLoop_Read
                0x000083ec       0x20 .\ARM_GCC_541\Debug\Proj08_DemoTxIntegration.a(Pin_Debug_SuperLoop.o)
                0x000083ec                Pin_Debug_SuperLoop_Read
 .text.Pin_Debug_CoarseCentroid_Write
                0x0000840c       0x3c .\ARM_GCC_541\Debug\Proj08_DemoTxIntegration.a(Pin_Debug_CoarseCentroid.o)
                0x0000840c                Pin_Debug_CoarseCentroid_Write
 .text.Pin_Debug_CoarseCentroid_Read
                0x00008448       0x20 .\ARM_GCC_541\Debug\Proj08_DemoTxIntegration.a(Pin_Debug_CoarseCentroid.o)
                0x00008448                Pin_Debug_CoarseCentroid_Read
 .text.Pin_SwitchAuto_Read
                0x00008468       0x20 .\ARM_GCC_541\Debug\Proj08_DemoTxIntegration.a(Pin_SwitchAuto.o)
                0x00008468                Pin_SwitchAuto_Read
 .text.VDAC8_3v3Ref_Init
                0x00008488       0x28 .\ARM_GCC_541\Debug\Proj08_DemoTxIntegration.a(VDAC8_3v3Ref.o)
                0x00008488                VDAC8_3v3Ref_Init
 .text.VDAC8_3v3Ref_Enable
                0x000084b0       0x34 .\ARM_GCC_541\Debug\Proj08_DemoTxIntegration.a(VDAC8_3v3Ref.o)
                0x000084b0                VDAC8_3v3Ref_Enable
 .text.VDAC8_3v3Ref_Start
                0x000084e4       0x28 .\ARM_GCC_541\Debug\Proj08_DemoTxIntegration.a(VDAC8_3v3Ref.o)
                0x000084e4                VDAC8_3v3Ref_Start
 .text.VDAC8_3v3Ref_SetSpeed
                0x0000850c       0x40 .\ARM_GCC_541\Debug\Proj08_DemoTxIntegration.a(VDAC8_3v3Ref.o)
                0x0000850c                VDAC8_3v3Ref_SetSpeed
 .text.VDAC8_3v3Ref_SetRange
                0x0000854c       0x40 .\ARM_GCC_541\Debug\Proj08_DemoTxIntegration.a(VDAC8_3v3Ref.o)
                0x0000854c                VDAC8_3v3Ref_SetRange
 .text.VDAC8_3v3Ref_SetValue
                0x0000858c       0x20 .\ARM_GCC_541\Debug\Proj08_DemoTxIntegration.a(VDAC8_3v3Ref.o)
                0x0000858c                VDAC8_3v3Ref_SetValue
 .text.VDAC8_3v3Ref_DacTrim
                0x000085ac       0x3c .\ARM_GCC_541\Debug\Proj08_DemoTxIntegration.a(VDAC8_3v3Ref.o)
                0x000085ac                VDAC8_3v3Ref_DacTrim
 .text.USBFS_DEBUG_Start
                0x000085e8       0x3c .\ARM_GCC_541\Debug\Proj08_DemoTxIntegration.a(USBFS_DEBUG.o)
                0x000085e8                USBFS_DEBUG_Start
 .text.USBFS_DEBUG_Init
                0x00008624      0x190 .\ARM_GCC_541\Debug\Proj08_DemoTxIntegration.a(USBFS_DEBUG.o)
                0x00008624                USBFS_DEBUG_Init
 .text.USBFS_DEBUG_InitComponent
                0x000087b4       0xf8 .\ARM_GCC_541\Debug\Proj08_DemoTxIntegration.a(USBFS_DEBUG.o)
                0x000087b4                USBFS_DEBUG_InitComponent
 .text.USBFS_DEBUG_ReInitComponent
                0x000088ac       0x68 .\ARM_GCC_541\Debug\Proj08_DemoTxIntegration.a(USBFS_DEBUG.o)
                0x000088ac                USBFS_DEBUG_ReInitComponent
 .text.USBFS_DEBUG_GetConfiguration
                0x00008914       0x18 .\ARM_GCC_541\Debug\Proj08_DemoTxIntegration.a(USBFS_DEBUG.o)
                0x00008914                USBFS_DEBUG_GetConfiguration
 .text.USBFS_DEBUG_IsConfigurationChanged
                0x0000892c       0x30 .\ARM_GCC_541\Debug\Proj08_DemoTxIntegration.a(USBFS_DEBUG.o)
                0x0000892c                USBFS_DEBUG_IsConfigurationChanged
 .text.USBFS_DEBUG_GetEPState
                0x0000895c       0x2c .\ARM_GCC_541\Debug\Proj08_DemoTxIntegration.a(USBFS_DEBUG.o)
                0x0000895c                USBFS_DEBUG_GetEPState
 .text.USBFS_DEBUG_GetEPCount
                0x00008988       0x60 .\ARM_GCC_541\Debug\Proj08_DemoTxIntegration.a(USBFS_DEBUG.o)
                0x00008988                USBFS_DEBUG_GetEPCount
 .text.USBFS_DEBUG_LoadInEP
                0x000089e8      0x108 .\ARM_GCC_541\Debug\Proj08_DemoTxIntegration.a(USBFS_DEBUG.o)
                0x000089e8                USBFS_DEBUG_LoadInEP
 .text.USBFS_DEBUG_ReadOutEP
                0x00008af0       0x8c .\ARM_GCC_541\Debug\Proj08_DemoTxIntegration.a(USBFS_DEBUG.o)
                0x00008af0                USBFS_DEBUG_ReadOutEP
 .text.USBFS_DEBUG_EnableOutEP
                0x00008b7c       0x5c .\ARM_GCC_541\Debug\Proj08_DemoTxIntegration.a(USBFS_DEBUG.o)
                0x00008b7c                USBFS_DEBUG_EnableOutEP
 .text.USBFS_DEBUG_DispatchCDCClassRqst
                0x00008bd8       0xe4 .\ARM_GCC_541\Debug\Proj08_DemoTxIntegration.a(USBFS_DEBUG_cdc.o)
                0x00008bd8                USBFS_DEBUG_DispatchCDCClassRqst
 .text.USBFS_DEBUG_GetInterfaceComPort
                0x00008cbc       0x60 .\ARM_GCC_541\Debug\Proj08_DemoTxIntegration.a(USBFS_DEBUG_cdc.o)
                0x00008cbc                USBFS_DEBUG_GetInterfaceComPort
 .text.USBFS_DEBUG_CDC_Init
                0x00008d1c       0xa8 .\ARM_GCC_541\Debug\Proj08_DemoTxIntegration.a(USBFS_DEBUG_cdc.o)
                0x00008d1c                USBFS_DEBUG_CDC_Init
 .text.USBFS_DEBUG_PutData
                0x00008dc4       0x6c .\ARM_GCC_541\Debug\Proj08_DemoTxIntegration.a(USBFS_DEBUG_cdc.o)
                0x00008dc4                USBFS_DEBUG_PutData
 .text.USBFS_DEBUG_DataIsReady
                0x00008e30       0x24 .\ARM_GCC_541\Debug\Proj08_DemoTxIntegration.a(USBFS_DEBUG_cdc.o)
                0x00008e30                USBFS_DEBUG_DataIsReady
 .text.USBFS_DEBUG_CDCIsReady
                0x00008e54       0x24 .\ARM_GCC_541\Debug\Proj08_DemoTxIntegration.a(USBFS_DEBUG_cdc.o)
                0x00008e54                USBFS_DEBUG_CDCIsReady
 .text.USBFS_DEBUG_GetData
                0x00008e78       0x3c .\ARM_GCC_541\Debug\Proj08_DemoTxIntegration.a(USBFS_DEBUG_cdc.o)
                0x00008e78                USBFS_DEBUG_GetData
 .text.USBFS_DEBUG_Cdc_EpInit
                0x00008eb4       0x90 .\ARM_GCC_541\Debug\Proj08_DemoTxIntegration.a(USBFS_DEBUG_cdc.o)
                0x00008eb4                USBFS_DEBUG_Cdc_EpInit
 .text.USBFS_DEBUG_EP_0_ISR
                0x00008f44       0xf8 .\ARM_GCC_541\Debug\Proj08_DemoTxIntegration.a(USBFS_DEBUG_drv.o)
                0x00008f44                USBFS_DEBUG_EP_0_ISR
 .text.USBFS_DEBUG_HandleSetup
                0x0000903c       0x88 .\ARM_GCC_541\Debug\Proj08_DemoTxIntegration.a(USBFS_DEBUG_drv.o)
                0x0000903c                USBFS_DEBUG_HandleSetup
 .text.USBFS_DEBUG_HandleIN
                0x000090c4       0x4c .\ARM_GCC_541\Debug\Proj08_DemoTxIntegration.a(USBFS_DEBUG_drv.o)
                0x000090c4                USBFS_DEBUG_HandleIN
 .text.USBFS_DEBUG_HandleOUT
                0x00009110       0x58 .\ARM_GCC_541\Debug\Proj08_DemoTxIntegration.a(USBFS_DEBUG_drv.o)
                0x00009110                USBFS_DEBUG_HandleOUT
 .text.USBFS_DEBUG_LoadEP0
                0x00009168       0xd0 .\ARM_GCC_541\Debug\Proj08_DemoTxIntegration.a(USBFS_DEBUG_drv.o)
                0x00009168                USBFS_DEBUG_LoadEP0
 .text.USBFS_DEBUG_InitControlRead
                0x00009238       0x70 .\ARM_GCC_541\Debug\Proj08_DemoTxIntegration.a(USBFS_DEBUG_drv.o)
                0x00009238                USBFS_DEBUG_InitControlRead
 .text.USBFS_DEBUG_InitZeroLengthControlTransfer
                0x000092a8       0x40 .\ARM_GCC_541\Debug\Proj08_DemoTxIntegration.a(USBFS_DEBUG_drv.o)
                0x000092a8                USBFS_DEBUG_InitZeroLengthControlTransfer
 .text.USBFS_DEBUG_ControlReadDataStage
                0x000092e8        0xc .\ARM_GCC_541\Debug\Proj08_DemoTxIntegration.a(USBFS_DEBUG_drv.o)
                0x000092e8                USBFS_DEBUG_ControlReadDataStage
 .text.USBFS_DEBUG_ControlReadStatusStage
                0x000092f4       0x40 .\ARM_GCC_541\Debug\Proj08_DemoTxIntegration.a(USBFS_DEBUG_drv.o)
                0x000092f4                USBFS_DEBUG_ControlReadStatusStage
 .text.USBFS_DEBUG_InitControlWrite
                0x00009334       0x64 .\ARM_GCC_541\Debug\Proj08_DemoTxIntegration.a(USBFS_DEBUG_drv.o)
                0x00009334                USBFS_DEBUG_InitControlWrite
 .text.USBFS_DEBUG_ControlWriteDataStage
                0x00009398       0xb4 .\ARM_GCC_541\Debug\Proj08_DemoTxIntegration.a(USBFS_DEBUG_drv.o)
                0x00009398                USBFS_DEBUG_ControlWriteDataStage
 .text.USBFS_DEBUG_ControlWriteStatusStage
                0x0000944c       0x24 .\ARM_GCC_541\Debug\Proj08_DemoTxIntegration.a(USBFS_DEBUG_drv.o)
                0x0000944c                USBFS_DEBUG_ControlWriteStatusStage
 .text.USBFS_DEBUG_InitNoDataControlTransfer
                0x00009470       0x38 .\ARM_GCC_541\Debug\Proj08_DemoTxIntegration.a(USBFS_DEBUG_drv.o)
                0x00009470                USBFS_DEBUG_InitNoDataControlTransfer
 .text.USBFS_DEBUG_NoDataControlStatusStage
                0x000094a8       0x4c .\ARM_GCC_541\Debug\Proj08_DemoTxIntegration.a(USBFS_DEBUG_drv.o)
                0x000094a8                USBFS_DEBUG_NoDataControlStatusStage
 .text.USBFS_DEBUG_UpdateStatusBlock
                0x000094f4       0x40 .\ARM_GCC_541\Debug\Proj08_DemoTxIntegration.a(USBFS_DEBUG_drv.o)
                0x000094f4                USBFS_DEBUG_UpdateStatusBlock
 .text.USBFS_DEBUG_InitializeStatusBlock
                0x00009534       0x34 .\ARM_GCC_541\Debug\Proj08_DemoTxIntegration.a(USBFS_DEBUG_drv.o)
                0x00009534                USBFS_DEBUG_InitializeStatusBlock
 .text.USBFS_DEBUG_EP_1_ISR
                0x00009568       0x48 .\ARM_GCC_541\Debug\Proj08_DemoTxIntegration.a(USBFS_DEBUG_episr.o)
                0x00009568                USBFS_DEBUG_EP_1_ISR
 .text.USBFS_DEBUG_EP_2_ISR
                0x000095b0       0x4c .\ARM_GCC_541\Debug\Proj08_DemoTxIntegration.a(USBFS_DEBUG_episr.o)
                0x000095b0                USBFS_DEBUG_EP_2_ISR
 .text.USBFS_DEBUG_EP_3_ISR
                0x000095fc       0x54 .\ARM_GCC_541\Debug\Proj08_DemoTxIntegration.a(USBFS_DEBUG_episr.o)
                0x000095fc                USBFS_DEBUG_EP_3_ISR
 .text.USBFS_DEBUG_BUS_RESET_ISR
                0x00009650        0xc .\ARM_GCC_541\Debug\Proj08_DemoTxIntegration.a(USBFS_DEBUG_episr.o)
                0x00009650                USBFS_DEBUG_BUS_RESET_ISR
 .text.USBFS_DEBUG_DP_ISR
                0x0000965c        0xc .\ARM_GCC_541\Debug\Proj08_DemoTxIntegration.a(USBFS_DEBUG_pm.o)
                0x0000965c                USBFS_DEBUG_DP_ISR
 .text.USBFS_DEBUG_HandleStandardRqst
                0x00009668      0x494 .\ARM_GCC_541\Debug\Proj08_DemoTxIntegration.a(USBFS_DEBUG_std.o)
                0x00009668                USBFS_DEBUG_HandleStandardRqst
 .text.USBFS_DEBUG_ReadDieID
                0x00009afc       0xd8 .\ARM_GCC_541\Debug\Proj08_DemoTxIntegration.a(USBFS_DEBUG_std.o)
                0x00009afc                USBFS_DEBUG_ReadDieID
 .text.USBFS_DEBUG_ConfigReg
                0x00009bd4      0x138 .\ARM_GCC_541\Debug\Proj08_DemoTxIntegration.a(USBFS_DEBUG_std.o)
                0x00009bd4                USBFS_DEBUG_ConfigReg
 .text.USBFS_DEBUG_Config
                0x00009d0c      0x3a4 .\ARM_GCC_541\Debug\Proj08_DemoTxIntegration.a(USBFS_DEBUG_std.o)
                0x00009d0c                USBFS_DEBUG_Config
 .text.USBFS_DEBUG_ConfigAltChanged
                0x0000a0b0      0x25c .\ARM_GCC_541\Debug\Proj08_DemoTxIntegration.a(USBFS_DEBUG_std.o)
                0x0000a0b0                USBFS_DEBUG_ConfigAltChanged
 .text.USBFS_DEBUG_GetConfigTablePtr
                0x0000a30c       0x50 .\ARM_GCC_541\Debug\Proj08_DemoTxIntegration.a(USBFS_DEBUG_std.o)
                0x0000a30c                USBFS_DEBUG_GetConfigTablePtr
 .text.USBFS_DEBUG_GetDeviceTablePtr
                0x0000a35c       0x24 .\ARM_GCC_541\Debug\Proj08_DemoTxIntegration.a(USBFS_DEBUG_std.o)
                0x0000a35c                USBFS_DEBUG_GetDeviceTablePtr
 .text.USBFS_DEBUG_GetInterfaceClassTablePtr
                0x0000a380       0x4c .\ARM_GCC_541\Debug\Proj08_DemoTxIntegration.a(USBFS_DEBUG_std.o)
                0x0000a380                USBFS_DEBUG_GetInterfaceClassTablePtr
 .text.USBFS_DEBUG_SetEndpointHalt
                0x0000a3cc       0xe8 .\ARM_GCC_541\Debug\Proj08_DemoTxIntegration.a(USBFS_DEBUG_std.o)
                0x0000a3cc                USBFS_DEBUG_SetEndpointHalt
 .text.USBFS_DEBUG_ClearEndpointHalt
                0x0000a4b4      0x158 .\ARM_GCC_541\Debug\Proj08_DemoTxIntegration.a(USBFS_DEBUG_std.o)
                0x0000a4b4                USBFS_DEBUG_ClearEndpointHalt
 .text.USBFS_DEBUG_ValidateAlternateSetting
                0x0000a60c       0x70 .\ARM_GCC_541\Debug\Proj08_DemoTxIntegration.a(USBFS_DEBUG_std.o)
                0x0000a60c                USBFS_DEBUG_ValidateAlternateSetting
 .text.USBFS_DEBUG_HandleVendorRqst
                0x0000a67c       0x34 .\ARM_GCC_541\Debug\Proj08_DemoTxIntegration.a(USBFS_DEBUG_vnd.o)
                0x0000a67c                USBFS_DEBUG_HandleVendorRqst
 .text.USBFS_DEBUG_Dp_ClearInterrupt
                0x0000a6b0       0x20 .\ARM_GCC_541\Debug\Proj08_DemoTxIntegration.a(USBFS_DEBUG_Dp.o)
                0x0000a6b0                USBFS_DEBUG_Dp_ClearInterrupt
 .text          0x0000a6d0       0x54 .\ARM_GCC_541\Debug\Proj08_DemoTxIntegration.a(CyBootAsmGnu.o)
                0x0000a6d0                CyDelayCycles
                0x0000a70e                CyEnterCriticalSection
                0x0000a716                CyExitCriticalSection
 .text.USBFS_DEBUG_DispatchClassRqst
                0x0000a724       0x84 .\ARM_GCC_541\Debug\Proj08_DemoTxIntegration.a(USBFS_DEBUG_cls.o)
                0x0000a724                USBFS_DEBUG_DispatchClassRqst
 .text.cosf     0x0000a7a8       0x78 c:/program files (x86)/cypress/psoc creator/4.4/psoc creator/import/gnu/arm/5.4.1/bin/../lib/gcc/arm-none-eabi/5.4.1/../../../../arm-none-eabi/lib/armv7-m\libm.a(lib_a-sf_cos.o)
                0x0000a7a8                cosf
 .text.sinf     0x0000a820       0x7c c:/program files (x86)/cypress/psoc creator/4.4/psoc creator/import/gnu/arm/5.4.1/bin/../lib/gcc/arm-none-eabi/5.4.1/../../../../arm-none-eabi/lib/armv7-m\libm.a(lib_a-sf_sin.o)
                0x0000a820                sinf
 .text.asinf    0x0000a89c       0xa4 c:/program files (x86)/cypress/psoc creator/4.4/psoc creator/import/gnu/arm/5.4.1/bin/../lib/gcc/arm-none-eabi/5.4.1/../../../../arm-none-eabi/lib/armv7-m\libm.a(lib_a-wf_asin.o)
                0x0000a89c                asinf
 .text.atan2f   0x0000a940        0x4 c:/program files (x86)/cypress/psoc creator/4.4/psoc creator/import/gnu/arm/5.4.1/bin/../lib/gcc/arm-none-eabi/5.4.1/../../../../arm-none-eabi/lib/armv7-m\libm.a(lib_a-wf_atan2.o)
                0x0000a940                atan2f
 .text.sqrtf    0x0000a944       0x9c c:/program files (x86)/cypress/psoc creator/4.4/psoc creator/import/gnu/arm/5.4.1/bin/../lib/gcc/arm-none-eabi/5.4.1/../../../../arm-none-eabi/lib/armv7-m\libm.a(lib_a-wf_sqrt.o)
                0x0000a944                sqrtf
 .text.__ieee754_asinf
                0x0000a9e0      0x294 c:/program files (x86)/cypress/psoc creator/4.4/psoc creator/import/gnu/arm/5.4.1/bin/../lib/gcc/arm-none-eabi/5.4.1/../../../../arm-none-eabi/lib/armv7-m\libm.a(lib_a-ef_asin.o)
                0x0000a9e0                __ieee754_asinf
 .text.__ieee754_atan2f
                0x0000ac74      0x124 c:/program files (x86)/cypress/psoc creator/4.4/psoc creator/import/gnu/arm/5.4.1/bin/../lib/gcc/arm-none-eabi/5.4.1/../../../../arm-none-eabi/lib/armv7-m\libm.a(lib_a-ef_atan2.o)
                0x0000ac74                __ieee754_atan2f
 .text.__ieee754_rem_pio2f
                0x0000ad98      0x2e4 c:/program files (x86)/cypress/psoc creator/4.4/psoc creator/import/gnu/arm/5.4.1/bin/../lib/gcc/arm-none-eabi/5.4.1/../../../../arm-none-eabi/lib/armv7-m\libm.a(lib_a-ef_rem_pio2.o)
                0x0000ad98                __ieee754_rem_pio2f
 .text.__ieee754_sqrtf
                0x0000b07c       0xa8 c:/program files (x86)/cypress/psoc creator/4.4/psoc creator/import/gnu/arm/5.4.1/bin/../lib/gcc/arm-none-eabi/5.4.1/../../../../arm-none-eabi/lib/armv7-m\libm.a(lib_a-ef_sqrt.o)
                0x0000b07c                __ieee754_sqrtf
 .text.__kernel_cosf
                0x0000b124      0x188 c:/program files (x86)/cypress/psoc creator/4.4/psoc creator/import/gnu/arm/5.4.1/bin/../lib/gcc/arm-none-eabi/5.4.1/../../../../arm-none-eabi/lib/armv7-m\libm.a(lib_a-kf_cos.o)
                0x0000b124                __kernel_cosf
 .text.__kernel_rem_pio2f
                0x0000b2ac      0x6a0 c:/program files (x86)/cypress/psoc creator/4.4/psoc creator/import/gnu/arm/5.4.1/bin/../lib/gcc/arm-none-eabi/5.4.1/../../../../arm-none-eabi/lib/armv7-m\libm.a(lib_a-kf_rem_pio2.o)
                0x0000b2ac                __kernel_rem_pio2f
 .text.__kernel_sinf
                0x0000b94c       0xec c:/program files (x86)/cypress/psoc creator/4.4/psoc creator/import/gnu/arm/5.4.1/bin/../lib/gcc/arm-none-eabi/5.4.1/../../../../arm-none-eabi/lib/armv7-m\libm.a(lib_a-kf_sin.o)
                0x0000b94c                __kernel_sinf
 .text.matherr  0x0000ba38        0x4 c:/program files (x86)/cypress/psoc creator/4.4/psoc creator/import/gnu/arm/5.4.1/bin/../lib/gcc/arm-none-eabi/5.4.1/../../../../arm-none-eabi/lib/armv7-m\libm.a(lib_a-s_matherr.o)
                0x0000ba38                matherr
 .text.nan      0x0000ba3c        0xc c:/program files (x86)/cypress/psoc creator/4.4/psoc creator/import/gnu/arm/5.4.1/bin/../lib/gcc/arm-none-eabi/5.4.1/../../../../arm-none-eabi/lib/armv7-m\libm.a(lib_a-s_nan.o)
                0x0000ba3c                nan
 .text.atanf    0x0000ba48      0x22c c:/program files (x86)/cypress/psoc creator/4.4/psoc creator/import/gnu/arm/5.4.1/bin/../lib/gcc/arm-none-eabi/5.4.1/../../../../arm-none-eabi/lib/armv7-m\libm.a(lib_a-sf_atan.o)
                0x0000ba48                atanf
 .text.fabsf    0x0000bc74        0x8 c:/program files (x86)/cypress/psoc creator/4.4/psoc creator/import/gnu/arm/5.4.1/bin/../lib/gcc/arm-none-eabi/5.4.1/../../../../arm-none-eabi/lib/armv7-m\libm.a(lib_a-sf_fabs.o)
                0x0000bc74                fabsf
 .text.floorf   0x0000bc7c       0x8c c:/program files (x86)/cypress/psoc creator/4.4/psoc creator/import/gnu/arm/5.4.1/bin/../lib/gcc/arm-none-eabi/5.4.1/../../../../arm-none-eabi/lib/armv7-m\libm.a(lib_a-sf_floor.o)
                0x0000bc7c                floorf
 .text.scalbnf  0x0000bd08       0xb0 c:/program files (x86)/cypress/psoc creator/4.4/psoc creator/import/gnu/arm/5.4.1/bin/../lib/gcc/arm-none-eabi/5.4.1/../../../../arm-none-eabi/lib/armv7-m\libm.a(lib_a-sf_scalbn.o)
                0x0000bd08                scalbnf
 .text.copysignf
                0x0000bdb8        0xc c:/program files (x86)/cypress/psoc creator/4.4/psoc creator/import/gnu/arm/5.4.1/bin/../lib/gcc/arm-none-eabi/5.4.1/../../../../arm-none-eabi/lib/armv7-m\libm.a(lib_a-sf_copysign.o)
                0x0000bdb8                copysignf
 .text          0x0000bdc4      0x370 c:/program files (x86)/cypress/psoc creator/4.4/psoc creator/import/gnu/arm/5.4.1/bin/../lib/gcc/arm-none-eabi/5.4.1/armv7-m\libgcc.a(_arm_addsubdf3.o)
                0x0000bdc4                __aeabi_drsub
                0x0000bdcc                __aeabi_dsub
                0x0000bdcc                __subdf3
                0x0000bdd0                __aeabi_dadd
                0x0000bdd0                __adddf3
                0x0000c048                __floatunsidf
                0x0000c048                __aeabi_ui2d
                0x0000c068                __floatsidf
                0x0000c068                __aeabi_i2d
                0x0000c08c                __aeabi_f2d
                0x0000c08c                __extendsfdf2
                0x0000c0c8                __floatundidf
                0x0000c0c8                __aeabi_ul2d
                0x0000c0d8                __floatdidf
                0x0000c0d8                __aeabi_l2d
 .text          0x0000c134      0x424 c:/program files (x86)/cypress/psoc creator/4.4/psoc creator/import/gnu/arm/5.4.1/bin/../lib/gcc/arm-none-eabi/5.4.1/armv7-m\libgcc.a(_arm_muldivdf3.o)
                0x0000c134                __aeabi_dmul
                0x0000c134                __muldf3
                0x0000c388                __divdf3
                0x0000c388                __aeabi_ddiv
 .text          0x0000c558      0x110 c:/program files (x86)/cypress/psoc creator/4.4/psoc creator/import/gnu/arm/5.4.1/bin/../lib/gcc/arm-none-eabi/5.4.1/armv7-m\libgcc.a(_arm_cmpdf2.o)
                0x0000c558                __gtdf2
                0x0000c558                __gedf2
                0x0000c560                __ltdf2
                0x0000c560                __ledf2
                0x0000c568                __nedf2
                0x0000c568                __eqdf2
                0x0000c568                __cmpdf2
                0x0000c5e4                __aeabi_cdrcmple
                0x0000c5f4                __aeabi_cdcmpeq
                0x0000c5f4                __aeabi_cdcmple
                0x0000c604                __aeabi_dcmpeq
                0x0000c618                __aeabi_dcmplt
                0x0000c62c                __aeabi_dcmple
                0x0000c640                __aeabi_dcmpge
                0x0000c654                __aeabi_dcmpgt
 .text          0x0000c668       0x2c c:/program files (x86)/cypress/psoc creator/4.4/psoc creator/import/gnu/arm/5.4.1/bin/../lib/gcc/arm-none-eabi/5.4.1/armv7-m\libgcc.a(_arm_unorddf2.o)
                0x0000c668                __unorddf2
                0x0000c668                __aeabi_dcmpun
 .text          0x0000c694       0x50 c:/program files (x86)/cypress/psoc creator/4.4/psoc creator/import/gnu/arm/5.4.1/bin/../lib/gcc/arm-none-eabi/5.4.1/armv7-m\libgcc.a(_arm_fixdfsi.o)
                0x0000c694                __aeabi_d2iz
                0x0000c694                __fixdfsi
 .text          0x0000c6e4       0xa0 c:/program files (x86)/cypress/psoc creator/4.4/psoc creator/import/gnu/arm/5.4.1/bin/../lib/gcc/arm-none-eabi/5.4.1/armv7-m\libgcc.a(_arm_truncdfsf2.o)
                0x0000c6e4                __truncdfsf2
                0x0000c6e4                __aeabi_d2f
 .text          0x0000c784      0x21c c:/program files (x86)/cypress/psoc creator/4.4/psoc creator/import/gnu/arm/5.4.1/bin/../lib/gcc/arm-none-eabi/5.4.1/armv7-m\libgcc.a(_arm_addsubsf3.o)
                0x0000c784                __aeabi_frsub
                0x0000c78c                __subsf3
                0x0000c78c                __aeabi_fsub
                0x0000c790                __aeabi_fadd
                0x0000c790                __addsf3
                0x0000c8f0                __aeabi_ui2f
                0x0000c8f0                __floatunsisf
                0x0000c8f8                __aeabi_i2f
                0x0000c8f8                __floatsisf
                0x0000c914                __aeabi_ul2f
                0x0000c914                __floatundisf
                0x0000c924                __aeabi_l2f
                0x0000c924                __floatdisf
 .text          0x0000c9a0      0x2a0 c:/program files (x86)/cypress/psoc creator/4.4/psoc creator/import/gnu/arm/5.4.1/bin/../lib/gcc/arm-none-eabi/5.4.1/armv7-m\libgcc.a(_arm_muldivsf3.o)
                0x0000c9a0                __mulsf3
                0x0000c9a0                __aeabi_fmul
                0x0000cb08                __aeabi_fdiv
                0x0000cb08                __divsf3
 .text          0x0000cc40       0xec c:/program files (x86)/cypress/psoc creator/4.4/psoc creator/import/gnu/arm/5.4.1/bin/../lib/gcc/arm-none-eabi/5.4.1/armv7-m\libgcc.a(_arm_cmpsf2.o)
                0x0000cc40                __gesf2
                0x0000cc40                __gtsf2
                0x0000cc48                __lesf2
                0x0000cc48                __ltsf2
                0x0000cc50                __nesf2
                0x0000cc50                __eqsf2
                0x0000cc50                __cmpsf2
                0x0000ccb0                __aeabi_cfrcmple
                0x0000ccb8                __aeabi_cfcmpeq
                0x0000ccb8                __aeabi_cfcmple
                0x0000ccc8                __aeabi_fcmpeq
                0x0000ccdc                __aeabi_fcmplt
                0x0000ccf0                __aeabi_fcmple
                0x0000cd04                __aeabi_fcmpge
                0x0000cd18                __aeabi_fcmpgt
 .text          0x0000cd2c       0x2c c:/program files (x86)/cypress/psoc creator/4.4/psoc creator/import/gnu/arm/5.4.1/bin/../lib/gcc/arm-none-eabi/5.4.1/armv7-m\libgcc.a(_arm_unordsf2.o)
                0x0000cd2c                __unordsf2
                0x0000cd2c                __aeabi_fcmpun
 .text          0x0000cd58       0x4c c:/program files (x86)/cypress/psoc creator/4.4/psoc creator/import/gnu/arm/5.4.1/bin/../lib/gcc/arm-none-eabi/5.4.1/armv7-m\libgcc.a(_arm_fixsfsi.o)
                0x0000cd58                __aeabi_f2iz
                0x0000cd58                __fixsfsi
 .text          0x0000cda4       0x40 c:/program files (x86)/cypress/psoc creator/4.4/psoc creator/import/gnu/arm/5.4.1/bin/../lib/gcc/arm-none-eabi/5.4.1/armv7-m\libgcc.a(_arm_fixunssfsi.o)
                0x0000cda4                __fixunssfsi
                0x0000cda4                __aeabi_f2uiz
 .text.__errno  0x0000cde4        0xc c:/program files (x86)/cypress/psoc creator/4.4/psoc creator/import/gnu/arm/5.4.1/bin/../lib/gcc/arm-none-eabi/5.4.1/../../../../arm-none-eabi/lib/armv7-m\libg_nano.a(lib_a-errno.o)
                0x0000cde4                __errno
 .text.__libc_init_array
                0x0000cdf0       0x4c c:/program files (x86)/cypress/psoc creator/4.4/psoc creator/import/gnu/arm/5.4.1/bin/../lib/gcc/arm-none-eabi/5.4.1/../../../../arm-none-eabi/lib/armv7-m\libg_nano.a(lib_a-init.o)
                0x0000cdf0                __libc_init_array
 .text.memcpy   0x0000ce3c       0x16 c:/program files (x86)/cypress/psoc creator/4.4/psoc creator/import/gnu/arm/5.4.1/bin/../lib/gcc/arm-none-eabi/5.4.1/../../../../arm-none-eabi/lib/armv7-m\libg_nano.a(lib_a-memcpy-stub.o)
                0x0000ce3c                memcpy
 .text.memset   0x0000ce52       0x10 c:/program files (x86)/cypress/psoc creator/4.4/psoc creator/import/gnu/arm/5.4.1/bin/../lib/gcc/arm-none-eabi/5.4.1/../../../../arm-none-eabi/lib/armv7-m\libg_nano.a(lib_a-memset.o)
                0x0000ce52                memset
 .text.__cvt    0x0000ce62       0xc0 c:/program files (x86)/cypress/psoc creator/4.4/psoc creator/import/gnu/arm/5.4.1/bin/../lib/gcc/arm-none-eabi/5.4.1/../../../../arm-none-eabi/lib/armv7-m\libg_nano.a(lib_a-nano-vfprintf_float.o)
                0x0000ce62                __cvt
 .text.__exponent
                0x0000cf22       0x62 c:/program files (x86)/cypress/psoc creator/4.4/psoc creator/import/gnu/arm/5.4.1/bin/../lib/gcc/arm-none-eabi/5.4.1/../../../../arm-none-eabi/lib/armv7-m\libg_nano.a(lib_a-nano-vfprintf_float.o)
                0x0000cf22                __exponent
 .text._printf_float
                0x0000cf84      0x488 c:/program files (x86)/cypress/psoc creator/4.4/psoc creator/import/gnu/arm/5.4.1/bin/../lib/gcc/arm-none-eabi/5.4.1/../../../../arm-none-eabi/lib/armv7-m\libg_nano.a(lib_a-nano-vfprintf_float.o)
                0x0000cf84                _printf_float
 .text._printf_common
                0x0000d40c       0xec c:/program files (x86)/cypress/psoc creator/4.4/psoc creator/import/gnu/arm/5.4.1/bin/../lib/gcc/arm-none-eabi/5.4.1/../../../../arm-none-eabi/lib/armv7-m\libg_nano.a(lib_a-nano-vfprintf_i.o)
                0x0000d40c                _printf_common
 .text._printf_i
                0x0000d4f8      0x24c c:/program files (x86)/cypress/psoc creator/4.4/psoc creator/import/gnu/arm/5.4.1/bin/../lib/gcc/arm-none-eabi/5.4.1/../../../../arm-none-eabi/lib/armv7-m\libg_nano.a(lib_a-nano-vfprintf_i.o)
                0x0000d4f8                _printf_i
 .text.snprintf
                0x0000d744       0x64 c:/program files (x86)/cypress/psoc creator/4.4/psoc creator/import/gnu/arm/5.4.1/bin/../lib/gcc/arm-none-eabi/5.4.1/../../../../arm-none-eabi/lib/armv7-m\libg_nano.a(lib_a-snprintf.o)
                0x0000d744                sniprintf
                0x0000d744                snprintf
 .text.sprintf  0x0000d7a8       0x48 c:/program files (x86)/cypress/psoc creator/4.4/psoc creator/import/gnu/arm/5.4.1/bin/../lib/gcc/arm-none-eabi/5.4.1/../../../../arm-none-eabi/lib/armv7-m\libg_nano.a(lib_a-sprintf.o)
                0x0000d7a8                siprintf
                0x0000d7a8                sprintf
 .text          0x0000d7f0       0x10 c:/program files (x86)/cypress/psoc creator/4.4/psoc creator/import/gnu/arm/5.4.1/bin/../lib/gcc/arm-none-eabi/5.4.1/../../../../arm-none-eabi/lib/armv7-m\libg_nano.a(lib_a-strlen.o)
                0x0000d7f0                strlen
 .text.quorem   0x0000d800      0x116 c:/program files (x86)/cypress/psoc creator/4.4/psoc creator/import/gnu/arm/5.4.1/bin/../lib/gcc/arm-none-eabi/5.4.1/../../../../arm-none-eabi/lib/armv7-m\libg_nano.a(lib_a-dtoa.o)
 *fill*         0x0000d916        0x2 
 .text._dtoa_r  0x0000d918      0xb30 c:/program files (x86)/cypress/psoc creator/4.4/psoc creator/import/gnu/arm/5.4.1/bin/../lib/gcc/arm-none-eabi/5.4.1/../../../../arm-none-eabi/lib/armv7-m\libg_nano.a(lib_a-dtoa.o)
                0x0000d918                _dtoa_r
 .text._localeconv_r
                0x0000e448        0x8 c:/program files (x86)/cypress/psoc creator/4.4/psoc creator/import/gnu/arm/5.4.1/bin/../lib/gcc/arm-none-eabi/5.4.1/../../../../arm-none-eabi/lib/armv7-m\libg_nano.a(lib_a-locale.o)
                0x0000e448                _localeconv_r
 .text.malloc   0x0000e450       0x10 c:/program files (x86)/cypress/psoc creator/4.4/psoc creator/import/gnu/arm/5.4.1/bin/../lib/gcc/arm-none-eabi/5.4.1/../../../../arm-none-eabi/lib/armv7-m\libg_nano.a(lib_a-malloc.o)
                0x0000e450                malloc
 .text.memchr   0x0000e460       0x1c c:/program files (x86)/cypress/psoc creator/4.4/psoc creator/import/gnu/arm/5.4.1/bin/../lib/gcc/arm-none-eabi/5.4.1/../../../../arm-none-eabi/lib/armv7-m\libg_nano.a(lib_a-memchr-stub.o)
                0x0000e460                memchr
 .text._Balloc  0x0000e47c       0x6a c:/program files (x86)/cypress/psoc creator/4.4/psoc creator/import/gnu/arm/5.4.1/bin/../lib/gcc/arm-none-eabi/5.4.1/../../../../arm-none-eabi/lib/armv7-m\libg_nano.a(lib_a-mprec.o)
                0x0000e47c                _Balloc
 .text._Bfree   0x0000e4e6       0x2e c:/program files (x86)/cypress/psoc creator/4.4/psoc creator/import/gnu/arm/5.4.1/bin/../lib/gcc/arm-none-eabi/5.4.1/../../../../arm-none-eabi/lib/armv7-m\libg_nano.a(lib_a-mprec.o)
                0x0000e4e6                _Bfree
 .text.__multadd
                0x0000e514       0x76 c:/program files (x86)/cypress/psoc creator/4.4/psoc creator/import/gnu/arm/5.4.1/bin/../lib/gcc/arm-none-eabi/5.4.1/../../../../arm-none-eabi/lib/armv7-m\libg_nano.a(lib_a-mprec.o)
                0x0000e514                __multadd
 .text.__hi0bits
                0x0000e58a       0x40 c:/program files (x86)/cypress/psoc creator/4.4/psoc creator/import/gnu/arm/5.4.1/bin/../lib/gcc/arm-none-eabi/5.4.1/../../../../arm-none-eabi/lib/armv7-m\libg_nano.a(lib_a-mprec.o)
                0x0000e58a                __hi0bits
 .text.__lo0bits
                0x0000e5ca       0x5a c:/program files (x86)/cypress/psoc creator/4.4/psoc creator/import/gnu/arm/5.4.1/bin/../lib/gcc/arm-none-eabi/5.4.1/../../../../arm-none-eabi/lib/armv7-m\libg_nano.a(lib_a-mprec.o)
                0x0000e5ca                __lo0bits
 .text.__i2b    0x0000e624       0x12 c:/program files (x86)/cypress/psoc creator/4.4/psoc creator/import/gnu/arm/5.4.1/bin/../lib/gcc/arm-none-eabi/5.4.1/../../../../arm-none-eabi/lib/armv7-m\libg_nano.a(lib_a-mprec.o)
                0x0000e624                __i2b
 .text.__multiply
                0x0000e636      0x120 c:/program files (x86)/cypress/psoc creator/4.4/psoc creator/import/gnu/arm/5.4.1/bin/../lib/gcc/arm-none-eabi/5.4.1/../../../../arm-none-eabi/lib/armv7-m\libg_nano.a(lib_a-mprec.o)
                0x0000e636                __multiply
 *fill*         0x0000e756        0x2 
 .text.__pow5mult
                0x0000e758       0x9c c:/program files (x86)/cypress/psoc creator/4.4/psoc creator/import/gnu/arm/5.4.1/bin/../lib/gcc/arm-none-eabi/5.4.1/../../../../arm-none-eabi/lib/armv7-m\libg_nano.a(lib_a-mprec.o)
                0x0000e758                __pow5mult
 .text.__lshift
                0x0000e7f4       0xa2 c:/program files (x86)/cypress/psoc creator/4.4/psoc creator/import/gnu/arm/5.4.1/bin/../lib/gcc/arm-none-eabi/5.4.1/../../../../arm-none-eabi/lib/armv7-m\libg_nano.a(lib_a-mprec.o)
                0x0000e7f4                __lshift
 .text.__mcmp   0x0000e896       0x38 c:/program files (x86)/cypress/psoc creator/4.4/psoc creator/import/gnu/arm/5.4.1/bin/../lib/gcc/arm-none-eabi/5.4.1/../../../../arm-none-eabi/lib/armv7-m\libg_nano.a(lib_a-mprec.o)
                0x0000e896                __mcmp
 .text.__mdiff  0x0000e8ce       0xbe c:/program files (x86)/cypress/psoc creator/4.4/psoc creator/import/gnu/arm/5.4.1/bin/../lib/gcc/arm-none-eabi/5.4.1/../../../../arm-none-eabi/lib/armv7-m\libg_nano.a(lib_a-mprec.o)
                0x0000e8ce                __mdiff
 .text.__d2b    0x0000e98c       0x9c c:/program files (x86)/cypress/psoc creator/4.4/psoc creator/import/gnu/arm/5.4.1/bin/../lib/gcc/arm-none-eabi/5.4.1/../../../../arm-none-eabi/lib/armv7-m\libg_nano.a(lib_a-mprec.o)
                0x0000e98c                __d2b
 .text._calloc_r
                0x0000ea28       0x1c c:/program files (x86)/cypress/psoc creator/4.4/psoc creator/import/gnu/arm/5.4.1/bin/../lib/gcc/arm-none-eabi/5.4.1/../../../../arm-none-eabi/lib/armv7-m\libg_nano.a(lib_a-nano-callocr.o)
                0x0000ea28                _calloc_r
 .text._free_r  0x0000ea44       0x98 c:/program files (x86)/cypress/psoc creator/4.4/psoc creator/import/gnu/arm/5.4.1/bin/../lib/gcc/arm-none-eabi/5.4.1/../../../../arm-none-eabi/lib/armv7-m\libg_nano.a(lib_a-nano-freer.o)
                0x0000ea44                _free_r
 .text._malloc_r
                0x0000eadc       0xbc c:/program files (x86)/cypress/psoc creator/4.4/psoc creator/import/gnu/arm/5.4.1/bin/../lib/gcc/arm-none-eabi/5.4.1/../../../../arm-none-eabi/lib/armv7-m\libg_nano.a(lib_a-nano-mallocr.o)
                0x0000eadc                _malloc_r
 .text.__ssputs_r
                0x0000eb98       0xb2 c:/program files (x86)/cypress/psoc creator/4.4/psoc creator/import/gnu/arm/5.4.1/bin/../lib/gcc/arm-none-eabi/5.4.1/../../../../arm-none-eabi/lib/armv7-m\libg_nano.a(lib_a-nano-svfprintf.o)
                0x0000eb98                __ssputs_r
 *fill*         0x0000ec4a        0x2 
 .text._svfprintf_r
                0x0000ec4c      0x1e8 c:/program files (x86)/cypress/psoc creator/4.4/psoc creator/import/gnu/arm/5.4.1/bin/../lib/gcc/arm-none-eabi/5.4.1/../../../../arm-none-eabi/lib/armv7-m\libg_nano.a(lib_a-nano-svfprintf.o)
                0x0000ec4c                _svfiprintf_r
                0x0000ec4c                _svfprintf_r
 .text._sbrk_r  0x0000ee34       0x20 c:/program files (x86)/cypress/psoc creator/4.4/psoc creator/import/gnu/arm/5.4.1/bin/../lib/gcc/arm-none-eabi/5.4.1/../../../../arm-none-eabi/lib/armv7-m\libg_nano.a(lib_a-sbrkr.o)
                0x0000ee34                _sbrk_r
 .text.memmove  0x0000ee54       0x36 c:/program files (x86)/cypress/psoc creator/4.4/psoc creator/import/gnu/arm/5.4.1/bin/../lib/gcc/arm-none-eabi/5.4.1/../../../../arm-none-eabi/lib/armv7-m\libg_nano.a(lib_a-memmove.o)
                0x0000ee54                memmove
 .text.__malloc_lock
                0x0000ee8a        0x2 c:/program files (x86)/cypress/psoc creator/4.4/psoc creator/import/gnu/arm/5.4.1/bin/../lib/gcc/arm-none-eabi/5.4.1/../../../../arm-none-eabi/lib/armv7-m\libg_nano.a(lib_a-mlock.o)
                0x0000ee8a                __malloc_lock
 .text.__malloc_unlock
                0x0000ee8c        0x2 c:/program files (x86)/cypress/psoc creator/4.4/psoc creator/import/gnu/arm/5.4.1/bin/../lib/gcc/arm-none-eabi/5.4.1/../../../../arm-none-eabi/lib/armv7-m\libg_nano.a(lib_a-mlock.o)
                0x0000ee8c                __malloc_unlock
 .text._realloc_r
                0x0000ee8e       0x4c c:/program files (x86)/cypress/psoc creator/4.4/psoc creator/import/gnu/arm/5.4.1/bin/../lib/gcc/arm-none-eabi/5.4.1/../../../../arm-none-eabi/lib/armv7-m\libg_nano.a(lib_a-nano-reallocr.o)
                0x0000ee8e                _realloc_r
 .text._malloc_usable_size_r
                0x0000eeda       0x14 c:/program files (x86)/cypress/psoc creator/4.4/psoc creator/import/gnu/arm/5.4.1/bin/../lib/gcc/arm-none-eabi/5.4.1/../../../../arm-none-eabi/lib/armv7-m\libg_nano.a(lib_a-nano-msizer.o)
                0x0000eeda                _malloc_usable_size_r
 *(.plt)
 *(.gnu.warning)
 *(.glue_7t)
 .glue_7t       0x0000eeee        0x0 linker stubs
 *(.glue_7)
 .glue_7        0x0000eeee        0x0 linker stubs
 *(.vfp11_veneer)
 .vfp11_veneer  0x0000eeee        0x0 linker stubs
 *(.bootloader)
 *(.ARM.extab* .gnu.linkonce.armextab.*)
 *(.gcc_except_table)

.v4_bx          0x0000eef0        0x0
 .v4_bx         0x0000eef0        0x0 linker stubs

.iplt           0x0000eef0        0x0
 .iplt          0x0000eef0        0x0 c:/program files (x86)/cypress/psoc creator/4.4/psoc creator/import/gnu/arm/5.4.1/bin/../lib/gcc/arm-none-eabi/5.4.1/armv7-m/crtbegin.o

.eh_frame_hdr
 *(.eh_frame_hdr)

.eh_frame       0x0000eef0        0x4
 *(.eh_frame)
 .eh_frame      0x0000eef0        0x0 c:/program files (x86)/cypress/psoc creator/4.4/psoc creator/import/gnu/arm/5.4.1/bin/../lib/gcc/arm-none-eabi/5.4.1/armv7-m/crtbegin.o
 .eh_frame      0x0000eef0        0x4 c:/program files (x86)/cypress/psoc creator/4.4/psoc creator/import/gnu/arm/5.4.1/bin/../lib/gcc/arm-none-eabi/5.4.1/armv7-m/crtend.o
                [!provide]                PROVIDE (__exidx_start, .)

.ARM.exidx
 *(.ARM.exidx* .gnu.linkonce.armexidx.*)
                0x0000eef4                __exidx_end = .

.rodata         0x0000eef8     0x13f8
 *(.rodata .rodata.* .gnu.linkonce.r.*)
 .rodata        0x0000eef8       0xe6 .\ARM_GCC_541\Debug\main.o
 *fill*         0x0000efde        0x2 
 .rodata        0x0000efe0      0x438 .\ARM_GCC_541\Debug\app_statemachine.o
 .rodata        0x0000f418      0x100 .\ARM_GCC_541\Debug\sbc_comms.o
 .rodata        0x0000f518       0xb9 .\ARM_GCC_541\Debug\app_state_stby.o
 *fill*         0x0000f5d1        0x3 
 .rodata        0x0000f5d4       0xa0 .\ARM_GCC_541\Debug\app_state_manu.o
 .rodata        0x0000f674      0x376 .\ARM_GCC_541\Debug\app_state_auto.o
 *fill*         0x0000f9ea        0x2 
 .rodata        0x0000f9ec       0xc5 .\ARM_GCC_541\Debug\app_state_error.o
 *fill*         0x0000fab1        0x3 
 .rodata        0x0000fab4       0x4b .\ARM_GCC_541\Debug\utils.o
 *fill*         0x0000faff        0x1 
 .rodata        0x0000fb00        0x4 .\ARM_GCC_541\Debug\hamfly_core_telemetry.o
 .rodata        0x0000fb04       0x36 .\ARM_GCC_541\Debug\cyfitter_cfg.o
 *fill*         0x0000fb3a        0x2 
 .rodata        0x0000fb3c       0x11 .\ARM_GCC_541\Debug\Proj08_DemoTxIntegration.a(USBFS_DEBUG_std.o)
 *fill*         0x0000fb4d        0x3 
 .rodata        0x0000fb50      0x208 .\ARM_GCC_541\Debug\Proj08_DemoTxIntegration.a(USBFS_DEBUG_descr.o)
                0x0000fb50                USBFS_DEBUG_DEVICE0_DESCR
                0x0000fb64                USBFS_DEBUG_DEVICE0_CONFIGURATION0_DESCR
                0x0000fbb0                USBFS_DEBUG_STRING_DESCRIPTORS
                0x0000fcf0                USBFS_DEBUG_SN_STRING_DESCRIPTOR
                0x0000fcf4                USBFS_DEBUG_DEVICE0_CONFIGURATION0_EP_SETTINGS_TABLE
                0x0000fd0c                USBFS_DEBUG_DEVICE0_CONFIGURATION0_INTERFACE_CLASS
                0x0000fd10                USBFS_DEBUG_DEVICE0_CONFIGURATION0_TABLE
                0x0000fd38                USBFS_DEBUG_DEVICE0_TABLE
                0x0000fd50                USBFS_DEBUG_TABLE
 .rodata.str1.4
                0x0000fd58        0x9 c:/program files (x86)/cypress/psoc creator/4.4/psoc creator/import/gnu/arm/5.4.1/bin/../lib/gcc/arm-none-eabi/5.4.1/../../../../arm-none-eabi/lib/armv7-m\libm.a(lib_a-wf_asin.o)
 *fill*         0x0000fd61        0x3 
 .rodata.str1.4
                0x0000fd64        0x8 c:/program files (x86)/cypress/psoc creator/4.4/psoc creator/import/gnu/arm/5.4.1/bin/../lib/gcc/arm-none-eabi/5.4.1/../../../../arm-none-eabi/lib/armv7-m\libm.a(lib_a-wf_sqrt.o)
                                  0x6 (size before relaxing)
 .rodata.npio2_hw
                0x0000fd6c       0x80 c:/program files (x86)/cypress/psoc creator/4.4/psoc creator/import/gnu/arm/5.4.1/bin/../lib/gcc/arm-none-eabi/5.4.1/../../../../arm-none-eabi/lib/armv7-m\libm.a(lib_a-ef_rem_pio2.o)
 .rodata.two_over_pi
                0x0000fdec      0x318 c:/program files (x86)/cypress/psoc creator/4.4/psoc creator/import/gnu/arm/5.4.1/bin/../lib/gcc/arm-none-eabi/5.4.1/../../../../arm-none-eabi/lib/armv7-m\libm.a(lib_a-ef_rem_pio2.o)
 .rodata.init_jk
                0x00010104        0xc c:/program files (x86)/cypress/psoc creator/4.4/psoc creator/import/gnu/arm/5.4.1/bin/../lib/gcc/arm-none-eabi/5.4.1/../../../../arm-none-eabi/lib/armv7-m\libm.a(lib_a-kf_rem_pio2.o)
 .rodata.PIo2   0x00010110       0x2c c:/program files (x86)/cypress/psoc creator/4.4/psoc creator/import/gnu/arm/5.4.1/bin/../lib/gcc/arm-none-eabi/5.4.1/../../../../arm-none-eabi/lib/armv7-m\libm.a(lib_a-kf_rem_pio2.o)
 .rodata.atanlo
                0x0001013c       0x10 c:/program files (x86)/cypress/psoc creator/4.4/psoc creator/import/gnu/arm/5.4.1/bin/../lib/gcc/arm-none-eabi/5.4.1/../../../../arm-none-eabi/lib/armv7-m\libm.a(lib_a-sf_atan.o)
 .rodata.atanhi
                0x0001014c       0x10 c:/program files (x86)/cypress/psoc creator/4.4/psoc creator/import/gnu/arm/5.4.1/bin/../lib/gcc/arm-none-eabi/5.4.1/../../../../arm-none-eabi/lib/armv7-m\libm.a(lib_a-sf_atan.o)
 .rodata.str1.1
                0x0001015c        0x2 c:/program files (x86)/cypress/psoc creator/4.4/psoc creator/import/gnu/arm/5.4.1/bin/../lib/gcc/arm-none-eabi/5.4.1/../../../../arm-none-eabi/lib/armv7-m\libg_nano.a(lib_a-impure.o)
 .rodata.str1.1
                0x0001015e       0x12 c:/program files (x86)/cypress/psoc creator/4.4/psoc creator/import/gnu/arm/5.4.1/bin/../lib/gcc/arm-none-eabi/5.4.1/../../../../arm-none-eabi/lib/armv7-m\libg_nano.a(lib_a-nano-vfprintf_float.o)
 .rodata.str1.1
                0x00010170       0x22 c:/program files (x86)/cypress/psoc creator/4.4/psoc creator/import/gnu/arm/5.4.1/bin/../lib/gcc/arm-none-eabi/5.4.1/../../../../arm-none-eabi/lib/armv7-m\libg_nano.a(lib_a-nano-vfprintf_i.o)
 .rodata.str1.1
                0x00010192        0xd c:/program files (x86)/cypress/psoc creator/4.4/psoc creator/import/gnu/arm/5.4.1/bin/../lib/gcc/arm-none-eabi/5.4.1/../../../../arm-none-eabi/lib/armv7-m\libg_nano.a(lib_a-dtoa.o)
                                  0xf (size before relaxing)
 .rodata.str1.1
                0x0001019f        0x8 c:/program files (x86)/cypress/psoc creator/4.4/psoc creator/import/gnu/arm/5.4.1/bin/../lib/gcc/arm-none-eabi/5.4.1/../../../../arm-none-eabi/lib/armv7-m\libg_nano.a(lib_a-locale.o)
                                  0xb (size before relaxing)
 *fill*         0x000101a7        0x1 
 .rodata.__mprec_tens
                0x000101a8       0xc8 c:/program files (x86)/cypress/psoc creator/4.4/psoc creator/import/gnu/arm/5.4.1/bin/../lib/gcc/arm-none-eabi/5.4.1/../../../../arm-none-eabi/lib/armv7-m\libg_nano.a(lib_a-mprec.o)
                0x000101a8                __mprec_tens
 .rodata.p05.5408
                0x00010270        0xc c:/program files (x86)/cypress/psoc creator/4.4/psoc creator/import/gnu/arm/5.4.1/bin/../lib/gcc/arm-none-eabi/5.4.1/../../../../arm-none-eabi/lib/armv7-m\libg_nano.a(lib_a-mprec.o)
 *fill*         0x0001027c        0x4 
 .rodata.__mprec_bigtens
                0x00010280       0x28 c:/program files (x86)/cypress/psoc creator/4.4/psoc creator/import/gnu/arm/5.4.1/bin/../lib/gcc/arm-none-eabi/5.4.1/../../../../arm-none-eabi/lib/armv7-m\libg_nano.a(lib_a-mprec.o)
                0x00010280                __mprec_bigtens
 .rodata.str1.1
                0x000102a8       0x11 c:/program files (x86)/cypress/psoc creator/4.4/psoc creator/import/gnu/arm/5.4.1/bin/../lib/gcc/arm-none-eabi/5.4.1/../../../../arm-none-eabi/lib/armv7-m\libg_nano.a(lib_a-nano-svfprintf.o)
                0x000102bc                . = ALIGN (0x4)
 *fill*         0x000102b9        0x3 
 *(.init)
 .init          0x000102bc        0x4 c:/program files (x86)/cypress/psoc creator/4.4/psoc creator/import/gnu/arm/5.4.1/bin/../lib/gcc/arm-none-eabi/5.4.1/armv7-m/crti.o
                0x000102bc                _init
 .init          0x000102c0        0x8 c:/program files (x86)/cypress/psoc creator/4.4/psoc creator/import/gnu/arm/5.4.1/bin/../lib/gcc/arm-none-eabi/5.4.1/armv7-m/crtn.o
                0x000102c8                . = ALIGN (0x4)
                0x000102c8                __preinit_array_start = .
 *(.preinit_array)
                0x000102c8                __preinit_array_end = .
                0x000102c8                . = ALIGN (0x4)
                0x000102c8                __init_array_start = .
 *(SORT(.init_array.*))
 *(.init_array)
 .init_array    0x000102c8        0x4 c:/program files (x86)/cypress/psoc creator/4.4/psoc creator/import/gnu/arm/5.4.1/bin/../lib/gcc/arm-none-eabi/5.4.1/armv7-m/crtbegin.o
 .init_array    0x000102cc        0x4 .\ARM_GCC_541\Debug\Cm3Start.o
                0x000102d0                __init_array_end = .
                0x000102d0                . = ALIGN (0x4)
 *(.fini)
 .fini          0x000102d0        0x4 c:/program files (x86)/cypress/psoc creator/4.4/psoc creator/import/gnu/arm/5.4.1/bin/../lib/gcc/arm-none-eabi/5.4.1/armv7-m/crti.o
                0x000102d0                _fini
 .fini          0x000102d4        0x8 c:/program files (x86)/cypress/psoc creator/4.4/psoc creator/import/gnu/arm/5.4.1/bin/../lib/gcc/arm-none-eabi/5.4.1/armv7-m/crtn.o
                0x000102dc                . = ALIGN (0x4)
                0x000102dc                __fini_array_start = .
 *(.fini_array)
 .fini_array    0x000102dc        0x4 c:/program files (x86)/cypress/psoc creator/4.4/psoc creator/import/gnu/arm/5.4.1/bin/../lib/gcc/arm-none-eabi/5.4.1/armv7-m/crtbegin.o
 *(SORT(.fini_array.*))
                0x000102e0                __fini_array_end = .
                0x000102e0                . = ALIGN (0x4)
 *crtbegin.o(.ctors)
 *(EXCLUDE_FILE(*crtend.o) .ctors)
 *(SORT(.ctors.*))
 *crtend.o(.ctors)
                0x000102e0                . = ALIGN (0x4)
 *crtbegin.o(.dtors)
 *(EXCLUDE_FILE(*crtend.o) .dtors)
 *(SORT(.dtors.*))
 *crtend.o(.dtors)
                0x000102e0                . = ALIGN (0x4)
                0x000102e0                __cy_regions = .
                0x000102e0        0x4 LONG 0x102f0 __cy_region_init_ram
                0x000102e4        0x4 LONG 0x1fff80c8 __cy_region_start_data
                0x000102e8        0x4 LONG 0x180 __cy_region_init_size_ram
                0x000102ec        0x4 LONG 0x600 __cy_region_zero_size_ram
                0x000102f0                __cy_regions_end = .
                0x000102f0                . = ALIGN (0x8)
                0x000102f0                _etext = .

.cy_checksum_exclude
                0x000102f0        0x0
 *(.cy_checksum_exclude)

.ramvectors     0x1fff8000       0xc0
                0x1fff8000                __cy_region_start_ram = .
 *(.ramvectors)
 .ramvectors    0x1fff8000       0xc0 .\ARM_GCC_541\Debug\Cm3Start.o
                0x1fff8000                CyRamVectors

.noinit         0x1fff80c0        0x5
 *(.noinit)
 .noinit        0x1fff80c0        0x4 .\ARM_GCC_541\Debug\Cm3Start.o
 .noinit        0x1fff80c4        0x1 .\ARM_GCC_541\Debug\Proj08_DemoTxIntegration.a(CyLib.o)
                0x1fff80c4                CyResetStatus

.data           0x1fff80c8      0x180 load address 0x000102f0
                0x1fff80c8                __cy_region_start_data = .
 *(.jcr)
 .jcr           0x1fff80c8        0x0 c:/program files (x86)/cypress/psoc creator/4.4/psoc creator/import/gnu/arm/5.4.1/bin/../lib/gcc/arm-none-eabi/5.4.1/armv7-m/crtbegin.o
 .jcr           0x1fff80c8        0x4 c:/program files (x86)/cypress/psoc creator/4.4/psoc creator/import/gnu/arm/5.4.1/bin/../lib/gcc/arm-none-eabi/5.4.1/armv7-m/crtend.o
 *(.got.plt)
 *(.got)
 *(.shdata)
 *(.data .data.* .gnu.linkonce.d.*)
 .data          0x1fff80cc       0x30 .\ARM_GCC_541\Debug\telemetry.o
 .data          0x1fff80fc        0x8 .\ARM_GCC_541\Debug\app_state_auto.o
 .data          0x1fff8104       0x74 .\ARM_GCC_541\Debug\hamfly_qx_app.o
                0x1fff8104                FreeflyAPI
 .data          0x1fff8178        0x4 .\ARM_GCC_541\Debug\Cm3Start.o
 .data          0x1fff817c       0x10 .\ARM_GCC_541\Debug\Proj08_DemoTxIntegration.a(CyLib.o)
                0x1fff817c                cydelay_freq_hz
                0x1fff8180                cydelay_freq_khz
                0x1fff8184                cydelay_freq_mhz
                0x1fff8188                cydelay_32k_ms