Archive member included to satisfy reference by file (symbol)

.\ARM_GCC_541\Debug\Proj08_DemoTxIntegration.a(UART_MOVI.o)
                              .\ARM_GCC_541\Debug\main.o (UART_MOVI_Start)
.\ARM_GCC_541\Debug\Proj08_DemoTxIntegration.a(isr_rx_movi.o)
                              .\ARM_GCC_541\Debug\main.o (isr_rx_movi_StartEx)
.\ARM_GCC_541\Debug\Proj08_DemoTxIntegration.a(Looptimer.o)
                              .\ARM_GCC_541\Debug\main.o (Looptimer_Start)
.\ARM_GCC_541\Debug\Proj08_DemoTxIntegration.a(isr_Looptimer.o)
                              .\ARM_GCC_541\Debug\main.o (isr_Looptimer_StartEx)
.\ARM_GCC_541\Debug\Proj08_DemoTxIntegration.a(EEPROM_CONFIG.o)
                              .\ARM_GCC_541\Debug\psoc_eeprom.o (EEPROM_CONFIG_Start)
.\ARM_GCC_541\Debug\Proj08_DemoTxIntegration.a(CyFlash.o)
                              .\ARM_GCC_541\Debug\Proj08_DemoTxIntegration.a(EEPROM_CONFIG.o) (dieTemperature)
.\ARM_GCC_541\Debug\Proj08_DemoTxIntegration.a(CyLib.o)
                              .\ARM_GCC_541\Debug\Cm3Start.o (CyResetStatus)
.\ARM_GCC_541\Debug\Proj08_DemoTxIntegration.a(cyPm.o)
                              .\ARM_GCC_541\Debug\Proj08_DemoTxIntegration.a(CyLib.o) (CyPmReadStatus)
.\ARM_GCC_541\Debug\Proj08_DemoTxIntegration.a(CySpc.o)
                              .\ARM_GCC_541\Debug\Proj08_DemoTxIntegration.a(EEPROM_CONFIG.o) (CySpcStart)
.\ARM_GCC_541\Debug\Proj08_DemoTxIntegration.a(UART_SBC.o)
                              .\ARM_GCC_541\Debug\main.o (UART_SBC_Start)
.\ARM_GCC_541\Debug\Proj08_DemoTxIntegration.a(isr_rx_sbc.o)
                              .\ARM_GCC_541\Debug\main.o (isr_rx_sbc_StartEx)
.\ARM_GCC_541\Debug\Proj08_DemoTxIntegration.a(UART_SBC_IntClock.o)
                              .\ARM_GCC_541\Debug\Proj08_DemoTxIntegration.a(UART_SBC.o) (UART_SBC_IntClock_Start)
.\ARM_GCC_541\Debug\Proj08_DemoTxIntegration.a(Pin_Debug_SuperLoop.o)
                              .\ARM_GCC_541\Debug\main.o (Pin_Debug_SuperLoop_Write)
.\ARM_GCC_541\Debug\Proj08_DemoTxIntegration.a(Pin_Debug_CoarseCentroid.o)
                              .\ARM_GCC_541\Debug\sbc_comms.o (Pin_Debug_CoarseCentroid_Write)
.\ARM_GCC_541\Debug\Proj08_DemoTxIntegration.a(Pin_SwitchAuto.o)
                              .\ARM_GCC_541\Debug\app_statemachine.o (Pin_SwitchAuto_Read)
.\ARM_GCC_541\Debug\Proj08_DemoTxIntegration.a(VDAC8_3v3Ref.o)
                              .\ARM_GCC_541\Debug\main.o (VDAC8_3v3Ref_Start)
.\ARM_GCC_541\Debug\Proj08_DemoTxIntegration.a(USBFS_DEBUG.o)
                              .\ARM_GCC_541\Debug\debug_usbcdc.o (USBFS_DEBUG_Start)
.\ARM_GCC_541\Debug\Proj08_DemoTxIntegration.a(USBFS_DEBUG_cdc.o)
                              .\ARM_GCC_541\Debug\debug_usbcdc.o (USBFS_DEBUG_CDC_Init)
.\ARM_GCC_541\Debug\Proj08_DemoTxIntegration.a(USBFS_DEBUG_drv.o)
                              .\ARM_GCC_541\Debug\Proj08_DemoTxIntegration.a(USBFS_DEBUG.o) (USBFS_DEBUG_EP)
.\ARM_GCC_541\Debug\Proj08_DemoTxIntegration.a(USBFS_DEBUG_episr.o)
                              .\ARM_GCC_541\Debug\Proj08_DemoTxIntegration.a(USBFS_DEBUG.o) (USBFS_DEBUG_EP_1_ISR)
.\ARM_GCC_541\Debug\Proj08_DemoTxIntegration.a(USBFS_DEBUG_pm.o)
                              .\ARM_GCC_541\Debug\Proj08_DemoTxIntegration.a(USBFS_DEBUG.o) (USBFS_DEBUG_DP_ISR)
.\ARM_GCC_541\Debug\Proj08_DemoTxIntegration.a(USBFS_DEBUG_std.o)
                              .\ARM_GCC_541\Debug\Proj08_DemoTxIntegration.a(USBFS_DEBUG_drv.o) (USBFS_DEBUG_HandleStandardRqst)
.\ARM_GCC_541\Debug\Proj08_DemoTxIntegration.a(USBFS_DEBUG_vnd.o)
                              .\ARM_GCC_541\Debug\Proj08_DemoTxIntegration.a(USBFS_DEBUG_drv.o) (USBFS_DEBUG_HandleVendorRqst)
.\ARM_GCC_541\Debug\Proj08_DemoTxIntegration.a(USBFS_DEBUG_Dp.o)
                              .\ARM_GCC_541\Debug\Proj08_DemoTxIntegration.a(USBFS_DEBUG.o) (USBFS_DEBUG_Dp_ClearInterrupt)
.\ARM_GCC_541\Debug\Proj08_DemoTxIntegration.a(CyBootAsmGnu.o)
                              .\ARM_GCC_541\Debug\cyfitter_cfg.o (CyDelayCycles)
.\ARM_GCC_541\Debug\Proj08_DemoTxIntegration.a(USBFS_DEBUG_cls.o)
                              .\ARM_GCC_541\Debug\Proj08_DemoTxIntegration.a(USBFS_DEBUG_drv.o) (USBFS_DEBUG_DispatchClassRqst)
.\ARM_GCC_541\Debug\Proj08_DemoTxIntegration.a(USBFS_DEBUG_descr.o)
                              .\ARM_GCC_541\Debug\Proj08_DemoTxIntegration.a(USBFS_DEBUG_std.o) (USBFS_DEBUG_DEVICE0_DESCR)
c:/program files (x86)/cypress/psoc creator/4.4/psoc creator/import/gnu/arm/5.4.1/bin/../lib/gcc/arm-none-eabi/5.4.1/../../../../arm-none-eabi/lib/armv7-m\libm.a(lib_a-s_cos.o)
                              .\ARM_GCC_541\Debug\hamfly_core_gimbal.o (cos)
c:/program files (x86)/cypress/psoc creator/4.4/psoc creator/import/gnu/arm/5.4.1/bin/../lib/gcc/arm-none-eabi/5.4.1/../../../../arm-none-eabi/lib/armv7-m\libm.a(lib_a-sf_cos.o)
                              .\ARM_GCC_541\Debug\app_state_auto.o (cosf)
[...]
Memory Configuration

Name             Origin             Length             Attributes
rom              0x00000000         0x00040000         xr
ram              0x1fff8000         0x00010000         xrw
*default*        0x00000000         0xffffffff

Linker script and memory map

LOAD c:/program files (x86)/cypress/psoc creator/4.4/psoc creator/import/gnu/arm/5.4.1/bin/../lib/gcc/arm-none-eabi/5.4.1/armv7-m/crti.o
LOAD c:/program files (x86)/cypress/psoc creator/4.4/psoc creator/import/gnu/arm/5.4.1/bin/../lib/gcc/arm-none-eabi/5.4.1/armv7-m/crtbegin.o
LOAD c:/program files (x86)/cypress/psoc creator/4.4/psoc creator/import/gnu/arm/5.4.1/bin/../lib/gcc/arm-none-eabi/5.4.1/../../../../arm-none-eabi/lib/armv7-m/crt0.o
START GROUP
LOAD .\ARM_GCC_541\Debug\main.o
LOAD .\ARM_GCC_541\Debug\psoc_eeprom.o
LOAD .\ARM_GCC_541\Debug\app_ctx.o
LOAD .\ARM_GCC_541\Debug\app_statemachine.o
LOAD .\ARM_GCC_541\Debug\sbc_comms.o
LOAD .\ARM_GCC_541\Debug\telemetry.o
LOAD .\ARM_GCC_541\Debug\app_state_stby.o
LOAD .\ARM_GCC_541\Debug\app_state_manu.o
LOAD .\ARM_GCC_541\Debug\app_state_auto.o
LOAD .\ARM_GCC_541\Debug\app_state_error.o
LOAD .\ARM_GCC_541\Debug\utils.o
LOAD .\ARM_GCC_541\Debug\debug_usbcdc.o
LOAD .\ARM_GCC_541\Debug\hamfly_comm_rb.o
LOAD .\ARM_GCC_541\Debug\hamfly_comm_txbuf.o
LOAD .\ARM_GCC_541\Debug\hamfly_core_gimbal.o
LOAD .\ARM_GCC_541\Debug\hamfly_core_telemetry.o
LOAD .\ARM_GCC_541\Debug\hamfly_qx_app.o
LOAD .\ARM_GCC_541\Debug\hamfly_qx_protocol.o
LOAD .\ARM_GCC_541\Debug\cyfitter_cfg.o
LOAD .\ARM_GCC_541\Debug\cymetadata.o
LOAD .\ARM_GCC_541\Debug\Cm3Start.o
LOAD .\ARM_GCC_541\Debug\Proj08_DemoTxIntegration.a
LOAD C:\Program Files (x86)\Cypress\PSoC Creator\4.4\PSoC Creator\psoc\content\cycomponentlibrary\CyComponentLibrary.cylib\CortexM3\ARM_GCC_541\Debug\CyComponentLibrary.a
LOAD c:/program files (x86)/cypress/psoc creator/4.4/psoc creator/import/gnu/arm/5.4.1/bin/../lib/gcc/arm-none-eabi/5.4.1/../../../../arm-none-eabi/lib/armv7-m\libm.a
END GROUP
START GROUP
LOAD c:/program files (x86)/cypress/psoc creator/4.4/psoc creator/import/gnu/arm/5.4.1/bin/../lib/gcc/arm-none-eabi/5.4.1/armv7-m\libgcc.a
LOAD c:/program files (x86)/cypress/psoc creator/4.4/psoc creator/import/gnu/arm/5.4.1/bin/../lib/gcc/arm-none-eabi/5.4.1/../../../../arm-none-eabi/lib/armv7-m\libg_nano.a
LOAD c:/program files (x86)/cypress/psoc creator/4.4/psoc creator/import/gnu/arm/5.4.1/bin/../lib/gcc/arm-none-eabi/5.4.1/../../../../arm-none-eabi/lib/armv7-m\libc_nano.a
END GROUP
START GROUP
LOAD c:/program files (x86)/cypress/psoc creator/4.4/psoc creator/import/gnu/arm/5.4.1/bin/../lib/gcc/arm-none-eabi/5.4.1/armv7-m\libgcc.a
LOAD c:/program files (x86)/cypress/psoc creator/4.4/psoc creator/import/gnu/arm/5.4.1/bin/../lib/gcc/arm-none-eabi/5.4.1/../../../../arm-none-eabi/lib/armv7-m\libc_nano.a
END GROUP
LOAD c:/program files (x86)/cypress/psoc creator/4.4/psoc creator/import/gnu/arm/5.4.1/bin/../lib/gcc/arm-none-eabi/5.4.1/armv7-m/crtend.o
LOAD c:/program files (x86)/cypress/psoc creator/4.4/psoc creator/import/gnu/arm/5.4.1/bin/../lib/gcc/arm-none-eabi/5.4.1/armv7-m/crtn.o
START GROUP
LOAD c:/program files (x86)/cypress/psoc creator/4.4/psoc creator/import/gnu/arm/5.4.1/bin/../lib/gcc/arm-none-eabi/5.4.1/armv7-m\libgcc.a
LOAD c:/program files (x86)/cypress/psoc creator/4.4/psoc creator/import/gnu/arm/5.4.1/bin/../lib/gcc/arm-none-eabi/5.4.1/../../../../arm-none-eabi/lib/armv7-m\libc.a
LOAD c:/program files (x86)/cypress/psoc creator/4.4/psoc creator/import/gnu/arm/5.4.1/bin/../lib/gcc/arm-none-eabi/5.4.1/../../../../arm-none-eabi/lib/armv7-m\libnosys.a
END GROUP
                0x00000000                CY_APPL_ORIGIN = 0x0
                0x00000100                CY_FLASH_ROW_SIZE = 0x100
                0x00000020                CY_ECC_ROW_SIZE = 0x20
                0x00000000                CY_EE_IN_BTLDR = 0x0
                0x00000000                CY_APPL_LOADABLE = 0x0
                0x00000800                CY_EE_SIZE = 0x800
                0x00000001                CY_APPL_NUM = 0x1
                0x00000001                CY_APPL_MAX = 0x1
                0x00000040                CY_METADATA_SIZE = 0x40
                0x00000000                CY_APPL_LOADABLE = 0x0
                0x00000000                CY_CHECKSUM_EXCLUDE_SIZE = ALIGN (0x0, CY_FLASH_ROW_SIZE)
                [!provide]                PROVIDE (__cy_heap_start, _end)
                0x00000001                PROVIDE (__cy_region_num, ((__cy_regions_end - __cy_regions) / 0x10))
                0x20008000                PROVIDE (__cy_stack, (ORIGIN (ram) + LENGTH (ram)))
                [!provide]                PROVIDE (__cy_heap_end, (__cy_stack - 0x800))

.cybootloader   0x00000000        0x0
 *(.cybootloader)
                0x00000000                appl1_start = CY_APPL_ORIGIN?CY_APPL_ORIGIN:ALIGN (CY_FLASH_ROW_SIZE)
                0x0001ff00                appl2_start = (appl1_start + ALIGN ((((LENGTH (rom) - appl1_start) - (0x2 * CY_FLASH_ROW_SIZE)) / 0x2), CY_FLASH_ROW_SIZE))
                0x00000000                appl_start = (CY_APPL_NUM == 0x1)?appl1_start:appl2_start
                0x00000000                ecc_offset = ((appl_start / CY_FLASH_ROW_SIZE) * CY_ECC_ROW_SIZE)
                0x00000000                ee_offset = (CY_APPL_LOADABLE && ! (CY_EE_IN_BTLDR))?((CY_EE_SIZE / CY_APPL_MAX) * (CY_APPL_NUM - 0x1)):0x0
                0x00000800                ee_size = (CY_APPL_LOADABLE && ! (CY_EE_IN_BTLDR))?(CY_EE_SIZE / CY_APPL_MAX):CY_EE_SIZE
                [!provide]                PROVIDE (CY_ECC_OFFSET, ecc_offset)

.text           0x00000000     0xf196
 CREATE_OBJECT_SYMBOLS
                0x00000000                PROVIDE (__cy_interrupt_vector, RomVectors)
 *(.romvectors)
 .romvectors    0x00000000       0x10 .\ARM_GCC_541\Debug\Cm3Start.o
                0x00000000                RomVectors
                0x00000001                ASSERT ((. != __cy_interrupt_vector), No interrupt vector)
                0x00000001                ASSERT (CY_APPL_ORIGIN?(SIZEOF (.cybootloader) <= CY_APPL_ORIGIN):0x1, Wrong image location)
                0x00000010                PROVIDE (__cy_reset, Reset)
 *(.text.Reset)
 .text.Reset    0x00000010       0x18 .\ARM_GCC_541\Debug\Cm3Start.o
                0x00000010                Reset
                0x00000001                ASSERT ((. != __cy_reset), No reset code)
 *(.dma_init)
                0x00000001                ASSERT ((((appl_start + .) <= 0x10000) || 0x1), DMA Init must be within the first 64k of flash)
 *(.text .text.* .gnu.linkonce.t.*)
 .text          0x00000028       0x5c c:/program files (x86)/cypress/psoc creator/4.4/psoc creator/import/gnu/arm/5.4.1/bin/../lib/gcc/arm-none-eabi/5.4.1/armv7-m/crtbegin.o
 .text._hamfly_psoc5_putc
                0x00000084       0x1c .\ARM_GCC_541\Debug\main.o
 .text.psoc_get_tick
                0x000000a0       0x1c .\ARM_GCC_541\Debug\main.o
 .text.isr_rx_movi_Handler
                0x000000bc       0x58 .\ARM_GCC_541\Debug\main.o
                0x000000bc                isr_rx_movi_Handler
 .text.isr_Looptimer_Handler
                0x00000114       0x1c .\ARM_GCC_541\Debug\main.o
                0x00000114                isr_Looptimer_Handler
 .text.isr_rx_sbc_Handler
                0x00000130       0x50 .\ARM_GCC_541\Debug\main.o
                0x00000130                isr_rx_sbc_Handler
 .text.decomp   0x00000180       0xa8 .\ARM_GCC_541\Debug\main.o
 .text.main     0x00000228      0x280 .\ARM_GCC_541\Debug\main.o
                0x00000228                main
 .text.psoc_eeprom_init
                0x000004a8        0xc .\ARM_GCC_541\Debug\psoc_eeprom.o
                0x000004a8                psoc_eeprom_init
 .text.app_ctx_init
                0x000004b4       0x70 .\ARM_GCC_541\Debug\app_ctx.o
                0x000004b4                app_ctx_init
 .text.depth_of
                0x00000524       0x34 .\ARM_GCC_541\Debug\app_statemachine.o
 .text.lca      0x00000558       0x80 .\ARM_GCC_541\Debug\app_statemachine.o
 .text.app_transition
                0x000005d8      0x150 .\ARM_GCC_541\Debug\app_statemachine.o
                0x000005d8                app_transition
 .text.app_start
                0x00000728       0x28 .\ARM_GCC_541\Debug\app_statemachine.o
                0x00000728                app_start
 .text.app_raise_error
                0x00000750       0x68 .\ARM_GCC_541\Debug\app_statemachine.o
                0x00000750                app_raise_error
 .text.app_state_name
                0x000007b8       0x20 .\ARM_GCC_541\Debug\app_statemachine.o
                0x000007b8                app_state_name
 .text.app_telem_tick
                0x000007d8       0x80 .\ARM_GCC_541\Debug\app_statemachine.o
                0x000007d8                app_telem_tick
 .text.build_defer
                0x00000858       0x30 .\ARM_GCC_541\Debug\app_statemachine.o
                0x00000858                build_defer
 .text.build_hold
                0x00000888       0x30 .\ARM_GCC_541\Debug\app_statemachine.o
                0x00000888                build_hold
 .text.app_build_control
                0x000008b8       0x50 .\ARM_GCC_541\Debug\app_statemachine.o
                0x000008b8                app_build_control
 .text.set_origin
                0x00000908       0x84 .\ARM_GCC_541\Debug\app_statemachine.o
                0x00000908                set_origin
 .text.print_help
                0x0000098c       0x1c .\ARM_GCC_541\Debug\app_statemachine.o
 .text.handle_global_key
                0x000009a8       0xa0 .\ARM_GCC_541\Debug\app_statemachine.o
 .text.leaf_traps_nav
                0x00000a48       0x3c .\ARM_GCC_541\Debug\app_statemachine.o
 .text.handle_nav_key
                0x00000a84       0x48 .\ARM_GCC_541\Debug\app_statemachine.o
 .text.app_dispatch_key
                0x00000acc       0xa0 .\ARM_GCC_541\Debug\app_statemachine.o
                0x00000acc                app_dispatch_key
 .text.sbc_state_is_requestable
                0x00000b6c       0x24 .\ARM_GCC_541\Debug\app_statemachine.o
 .text.nudge_allowed_in
                0x00000b90       0x4c .\ARM_GCC_541\Debug\app_statemachine.o
 .text.app_param_get
                0x00000bdc       0x2c .\ARM_GCC_541\Debug\app_statemachine.o
                0x00000bdc                app_param_get
 .text.app_sbc_tick
                0x00000c08      0x2c8 .\ARM_GCC_541\Debug\app_statemachine.o
                0x00000c08                app_sbc_tick
 .text.sbc_init
                0x00000ed0       0xcc .\ARM_GCC_541\Debug\sbc_comms.o
                0x00000ed0                sbc_init
 .text.decode_centroid
                0x00000f9c      0x114 .\ARM_GCC_541\Debug\sbc_comms.o
 .text.sbc_on_rx_byte
                0x000010b0      0x324 .\ARM_GCC_541\Debug\sbc_comms.o
                0x000010b0                sbc_on_rx_byte
 .text.sbc_on_uart_err_flags
                0x000013d4       0x30 .\ARM_GCC_541\Debug\sbc_comms.o
                0x000013d4                sbc_on_uart_err_flags
 .text.sbc_get_centroid
                0x00001404       0xa0 .\ARM_GCC_541\Debug\sbc_comms.o
                0x00001404                sbc_get_centroid
 .text.sbc_discard_centroid
                0x000014a4       0x4c .\ARM_GCC_541\Debug\sbc_comms.o
                0x000014a4                sbc_discard_centroid
 .text.sbc_unknown_magic
                0x000014f0       0x14 .\ARM_GCC_541\Debug\sbc_comms.o
                0x000014f0                sbc_unknown_magic
 .text.sbc_rx_pkt_count
                0x00001504       0x14 .\ARM_GCC_541\Debug\sbc_comms.o
                0x00001504                sbc_rx_pkt_count
 .text.sbc_last_centroid_dt_ms
                0x00001518       0x2c .\ARM_GCC_541\Debug\sbc_comms.o
                0x00001518                sbc_last_centroid_dt_ms
 .text.sbc_last_rx_ms
                0x00001544       0x2c .\ARM_GCC_541\Debug\sbc_comms.o
                0x00001544                sbc_last_rx_ms
 .text.sbc_crc_errors
                0x00001570       0x14 .\ARM_GCC_541\Debug\sbc_comms.o
                0x00001570                sbc_crc_errors
 .text.sbc_uart_errors
                0x00001584       0x14 .\ARM_GCC_541\Debug\sbc_comms.o
                0x00001584                sbc_uart_errors
 .text.sbc_send_frame
                0x00001598       0x8c .\ARM_GCC_541\Debug\sbc_comms.o
                0x00001598                sbc_send_frame
 .text.sbc_get_state_req
                0x00001624       0x4c .\ARM_GCC_541\Debug\sbc_comms.o
                0x00001624                sbc_get_state_req
 .text.sbc_get_gps_target
                0x00001670       0x4c .\ARM_GCC_541\Debug\sbc_comms.o
                0x00001670                sbc_get_gps_target
 .text.sbc_get_nudge
                0x000016bc       0x4c .\ARM_GCC_541\Debug\sbc_comms.o
                0x000016bc                sbc_get_nudge
 .text.sbc_get_param
                0x00001708       0x50 .\ARM_GCC_541\Debug\sbc_comms.o
                0x00001708                sbc_get_param
 .text.sbc_get_param_read
                0x00001758       0x4c .\ARM_GCC_541\Debug\sbc_comms.o
                0x00001758                sbc_get_param_read
 .text.sbc_get_fatal_clear
                0x000017a4       0x3c .\ARM_GCC_541\Debug\sbc_comms.o
                0x000017a4                sbc_get_fatal_clear
 .text.sbc_send_cmd_ack
                0x000017e0       0x30 .\ARM_GCC_541\Debug\sbc_comms.o
                0x000017e0                sbc_send_cmd_ack
 .text.sbc_send_param_value
                0x00001810       0x38 .\ARM_GCC_541\Debug\sbc_comms.o
                0x00001810                sbc_send_param_value
 .text.sbc_get_set_origin
                0x00001848       0x3c .\ARM_GCC_541\Debug\sbc_comms.o
                0x00001848                sbc_get_set_origin
 .text.sbc_send_state_ack
                0x00001884       0x30 .\ARM_GCC_541\Debug\sbc_comms.o
                0x00001884                sbc_send_state_ack
 .text.sat_i16  0x000018b4       0x4c .\ARM_GCC_541\Debug\telemetry.o
 .text.sat_u32  0x00001900       0x44 .\ARM_GCC_541\Debug\telemetry.o
 .text.sat_u16  0x00001944       0x48 .\ARM_GCC_541\Debug\telemetry.o
 .text.telemetry_collect_hot
                0x0000198c      0x194 .\ARM_GCC_541\Debug\telemetry.o
                0x0000198c                telemetry_collect_hot
 .text.telemetry_collect_link
                0x00001b20       0x64 .\ARM_GCC_541\Debug\telemetry.o
                0x00001b20                telemetry_collect_link
 .text.telemetry_collect_power
                0x00001b84       0xc0 .\ARM_GCC_541\Debug\telemetry.o
                0x00001b84                telemetry_collect_power
 .text.telemetry_collect_env
                0x00001c44       0x80 .\ARM_GCC_541\Debug\telemetry.o
                0x00001c44                telemetry_collect_env
 .text.telemetry_collect_gps
                0x00001cc4       0xa8 .\ARM_GCC_541\Debug\telemetry.o
                0x00001cc4                telemetry_collect_gps
 .text.telemetry_collect_baro
                0x00001d6c       0x90 .\ARM_GCC_541\Debug\telemetry.o
                0x00001d6c                telemetry_collect_baro
 .text.telemetry_collect_mag
                0x00001dfc       0xcc .\ARM_GCC_541\Debug\telemetry.o
                0x00001dfc                telemetry_collect_mag
 .text.encode_hot
                0x00001ec8      0x11c .\ARM_GCC_541\Debug\telemetry.o
 .text.encode_link
                0x00001fe4       0x94 .\ARM_GCC_541\Debug\telemetry.o
 .text.encode_power
                0x00002078       0x9c .\ARM_GCC_541\Debug\telemetry.o
 .text.encode_env
                0x00002114       0x58 .\ARM_GCC_541\Debug\telemetry.o
 .text.encode_gps
                0x0000216c       0xe8 .\ARM_GCC_541\Debug\telemetry.o
 .text.encode_baro
                0x00002254       0x64 .\ARM_GCC_541\Debug\telemetry.o
 .text.encode_mag
                0x000022b8       0x8c .\ARM_GCC_541\Debug\telemetry.o
 .text.telemetry_send_hot_sbc
                0x00002344       0x44 .\ARM_GCC_541\Debug\telemetry.o
                0x00002344                telemetry_send_hot_sbc
 .text.telemetry_send_link_sbc
                0x00002388       0x44 .\ARM_GCC_541\Debug\telemetry.o
                0x00002388                telemetry_send_link_sbc
 .text.telemetry_send_power_sbc
                0x000023cc       0x44 .\ARM_GCC_541\Debug\telemetry.o
                0x000023cc                telemetry_send_power_sbc
 .text.telemetry_send_env_sbc
                0x00002410       0x44 .\ARM_GCC_541\Debug\telemetry.o
                0x00002410                telemetry_send_env_sbc
 .text.telemetry_send_gps_sbc
                0x00002454       0x44 .\ARM_GCC_541\Debug\telemetry.o
                0x00002454                telemetry_send_gps_sbc
 .text.telemetry_send_baro_sbc
                0x00002498       0x44 .\ARM_GCC_541\Debug\telemetry.o
                0x00002498                telemetry_send_baro_sbc
 .text.telemetry_send_mag_sbc
                0x000024dc       0x44 .\ARM_GCC_541\Debug\telemetry.o
                0x000024dc                telemetry_send_mag_sbc
 .text.telemetry_pump
                0x00002520       0xd0 .\ARM_GCC_541\Debug\telemetry.o
                0x00002520                telemetry_pump
 .text.entry_stby_defer
                0x000025f0       0x20 .\ARM_GCC_541\Debug\app_state_stby.o
                0x000025f0                entry_stby_defer
 .text.entry_stby_hold
                0x00002610       0x1c .\ARM_GCC_541\Debug\app_state_stby.o
                0x00002610                entry_stby_hold
 .text.app_stby_tick
                0x0000262c       0xb0 .\ARM_GCC_541\Debug\app_state_stby.o
                0x0000262c                app_stby_tick
 .text.key_stby_hold
                0x000026dc       0x2c .\ARM_GCC_541\Debug\app_state_stby.o
                0x000026dc                key_stby_hold
 .text.guard_manu_joystick
                0x00002708       0x20 .\ARM_GCC_541\Debug\app_state_manu.o
                0x00002708                guard_manu_joystick
 .text.entry_manu_joystick
                0x00002728       0x20 .\ARM_GCC_541\Debug\app_state_manu.o
                0x00002728                entry_manu_joystick
 .text.exit_manu_joystick
                0x00002748       0x1c .\ARM_GCC_541\Debug\app_state_manu.o
                0x00002748                exit_manu_joystick
 .text.build_manu_joystick
                0x00002764       0xf0 .\ARM_GCC_541\Debug\app_state_manu.o
                0x00002764                build_manu_joystick
 .text.manu_set_hold
                0x00002854       0x88 .\ARM_GCC_541\Debug\app_state_manu.o
 .text.key_manu_joystick
                0x000028dc      0x1c8 .\ARM_GCC_541\Debug\app_state_manu.o
                0x000028dc                key_manu_joystick
 .text.app_manual_tick
                0x00002aa4       0xbc .\ARM_GCC_541\Debug\app_state_manu.o
                0x00002aa4                app_manual_tick
 .text.guard_auto_parent
                0x00002b60       0x24 .\ARM_GCC_541\Debug\app_state_auto.o
                0x00002b60                guard_auto_parent
 .text.guard_auto_home
                0x00002b84       0x18 .\ARM_GCC_541\Debug\app_state_auto.o
                0x00002b84                guard_auto_home
 .text.guard_auto_acq_gps
                0x00002b9c       0x18 .\ARM_GCC_541\Debug\app_state_auto.o
                0x00002b9c                guard_auto_acq_gps
 .text.app_auto_tick
                0x00002bb4      0x33c .\ARM_GCC_541\Debug\app_state_auto.o
                0x00002bb4                app_auto_tick
 .text.entry_auto_home
                0x00002ef0       0x9c .\ARM_GCC_541\Debug\app_state_auto.o
                0x00002ef0                entry_auto_home
 .text.exit_auto_home
                0x00002f8c       0x24 .\ARM_GCC_541\Debug\app_state_auto.o
                0x00002f8c                exit_auto_home
 .text.key_auto_home
                0x00002fb0       0x28 .\ARM_GCC_541\Debug\app_state_auto.o
                0x00002fb0                key_auto_home
 .text.build_auto_home
                0x00002fd8       0x74 .\ARM_GCC_541\Debug\app_state_auto.o
                0x00002fd8                build_auto_home
 .text.entry_auto_hold
                0x0000304c       0x28 .\ARM_GCC_541\Debug\app_state_auto.o
                0x0000304c                entry_auto_hold
 .text.key_auto_hold
                0x00003074       0x2c .\ARM_GCC_541\Debug\app_state_auto.o
                0x00003074                key_auto_hold
 .text.gps_bearing_deg
                0x000030a0       0xf8 .\ARM_GCC_541\Debug\app_state_auto.o
 .text.gps_elev_deg
                0x00003198      0x15c .\ARM_GCC_541\Debug\app_state_auto.o
 .text.gps_start_slew
                0x000032f4       0x3c .\ARM_GCC_541\Debug\app_state_auto.o
 .text.gps_update_pointing
                0x00003330       0xe8 .\ARM_GCC_541\Debug\app_state_auto.o
 .text.gps_check_settle
                0x00003418      0x1c8 .\ARM_GCC_541\Debug\app_state_auto.o
 .text.entry_auto_acq_gps
                0x000035e0       0x48 .\ARM_GCC_541\Debug\app_state_auto.o
                0x000035e0                entry_auto_acq_gps
 .text.exit_auto_acq_gps
                0x00003628       0x38 .\ARM_GCC_541\Debug\app_state_auto.o
                0x00003628                exit_auto_acq_gps
 .text.key_auto_acq_gps
                0x00003660       0x28 .\ARM_GCC_541\Debug\app_state_auto.o
                0x00003660                key_auto_acq_gps
 .text.build_auto_acq_gps
                0x00003688       0xa8 .\ARM_GCC_541\Debug\app_state_auto.o
                0x00003688                build_auto_acq_gps
 .text.entry_auto_acq_spiral
                0x00003730       0x1c .\ARM_GCC_541\Debug\app_state_auto.o
                0x00003730                entry_auto_acq_spiral
 .text.entry_auto_tracking
                0x0000374c       0x2c .\ARM_GCC_541\Debug\app_state_auto.o
                0x0000374c                entry_auto_tracking
 .text.key_auto_tracking
                0x00003778       0x28 .\ARM_GCC_541\Debug\app_state_auto.o
                0x00003778                key_auto_tracking
 .text.build_auto_tracking
                0x000037a0      0x120 .\ARM_GCC_541\Debug\app_state_auto.o
                0x000037a0                build_auto_tracking
 .text.entry_auto_loss
                0x000038c0       0x1c .\ARM_GCC_541\Debug\app_state_auto.o
                0x000038c0                entry_auto_loss
 .text.key_auto_loss
                0x000038dc       0x3c .\ARM_GCC_541\Debug\app_state_auto.o
                0x000038dc                key_auto_loss
 .text.entry_auto_no_lock
                0x00003918       0x1c .\ARM_GCC_541\Debug\app_state_auto.o
                0x00003918                entry_auto_no_lock
 .text.key_auto_no_lock
                0x00003934       0x3c .\ARM_GCC_541\Debug\app_state_auto.o
                0x00003934                key_auto_no_lock
 .text.sev_str  0x00003970       0x40 .\ARM_GCC_541\Debug\app_state_error.o
 .text.entry_error_active
                0x000039b0       0x78 .\ARM_GCC_541\Debug\app_state_error.o
                0x000039b0                entry_error_active
 .text.key_error_active
                0x00003a28       0x48 .\ARM_GCC_541\Debug\app_state_error.o
                0x00003a28                key_error_active
 .text.entry_error_kill
                0x00003a70       0x2c .\ARM_GCC_541\Debug\app_state_error.o
                0x00003a70                entry_error_kill
 .text.key_error_kill
                0x00003a9c       0x18 .\ARM_GCC_541\Debug\app_state_error.o
                0x00003a9c                key_error_kill
 .text.build_error
                0x00003ab4       0x28 .\ARM_GCC_541\Debug\app_state_error.o
                0x00003ab4                build_error
 .text.gimbal_pan_tilt_deg
                0x00003adc       0x54 .\ARM_GCC_541\Debug\utils.o
                0x00003adc                gimbal_pan_tilt_deg
 .text.nudge_apply
                0x00003b30      0x1ec .\ARM_GCC_541\Debug\utils.o
                0x00003b30                nudge_apply
 .text.handle_nudge_key
                0x00003d1c      0x114 .\ARM_GCC_541\Debug\utils.o
                0x00003d1c                handle_nudge_key
 .text.dbg_init
                0x00003e30       0x10 .\ARM_GCC_541\Debug\debug_usbcdc.o
                0x00003e30                dbg_init
 .text.dbg_tick
                0x00003e40       0x34 .\ARM_GCC_541\Debug\debug_usbcdc.o
                0x00003e40                dbg_tick
 .text.dbg_put  0x00003e74       0x94 .\ARM_GCC_541\Debug\debug_usbcdc.o
                0x00003e74                dbg_put
 .text.dbg_get  0x00003f08       0x3c .\ARM_GCC_541\Debug\debug_usbcdc.o
                0x00003f08                dbg_get
 .text.rb_next  0x00003f44       0x28 .\ARM_GCC_541\Debug\hamfly_comm_rb.o
 .text.hamfly_rb_init
                0x00003f6c       0x2c .\ARM_GCC_541\Debug\hamfly_comm_rb.o
                0x00003f6c                hamfly_rb_init
 .text.hamfly_rb_push
                0x00003f98       0x64 .\ARM_GCC_541\Debug\hamfly_comm_rb.o
                0x00003f98                hamfly_rb_push
 .text.hamfly_rb_pop
                0x00003ffc       0x58 .\ARM_GCC_541\Debug\hamfly_comm_rb.o
                0x00003ffc                hamfly_rb_pop
 .text.load_freefly_control
                0x00004054       0x50 .\ARM_GCC_541\Debug\hamfly_core_gimbal.o
 .text.copy_qx287_to_telemetry
                0x000040a4       0x1c .\ARM_GCC_541\Debug\hamfly_core_gimbal.o
 .text.drain_rb
                0x000040c0       0x44 .\ARM_GCC_541\Debug\hamfly_core_gimbal.o
 .text.hamfly_init
                0x00004104       0x5c .\ARM_GCC_541\Debug\hamfly_core_gimbal.o
                0x00004104                hamfly_init
 .text.hamfly_on_rx_byte
                0x00004160       0x3c .\ARM_GCC_541\Debug\hamfly_core_gimbal.o
                0x00004160                hamfly_on_rx_byte
 .text.hamfly_on_uart_err_flags
                0x0000419c       0x30 .\ARM_GCC_541\Debug\hamfly_core_gimbal.o
                0x0000419c                hamfly_on_uart_err_flags
 .text.hamfly_pump
                0x000041cc      0x27c .\ARM_GCC_541\Debug\hamfly_core_gimbal.o
                0x000041cc                hamfly_pump
 .text.hamfly_send_control
                0x00004448       0x7c .\ARM_GCC_541\Debug\hamfly_core_gimbal.o
                0x00004448                hamfly_send_control
 .text.hamfly_kill
                0x000044c4       0x3c .\ARM_GCC_541\Debug\hamfly_core_gimbal.o
                0x000044c4                hamfly_kill
 .text.hamfly_request_attr
                0x00004500       0xa8 .\ARM_GCC_541\Debug\hamfly_core_gimbal.o
                0x00004500                hamfly_request_attr
 .text.hamfly_get_telemetry
                0x000045a8       0x30 .\ARM_GCC_541\Debug\hamfly_core_gimbal.o
                0x000045a8                hamfly_get_telemetry
 .text.rd_be32  0x000045d8       0x34 .\ARM_GCC_541\Debug\hamfly_core_telemetry.o
 .text.rd_be16  0x0000460c       0x28 .\ARM_GCC_541\Debug\hamfly_core_telemetry.o
 .text.rd_be_u16
                0x00004634       0x28 .\ARM_GCC_541\Debug\hamfly_core_telemetry.o
 .text.rd_le16  0x0000465c       0x24 .\ARM_GCC_541\Debug\hamfly_core_telemetry.o
 .text.hamfly_telemetry_to_euler
                0x00004680      0x1d4 .\ARM_GCC_541\Debug\hamfly_core_telemetry.o
                0x00004680                hamfly_telemetry_to_euler
 .text.hamfly_decode_qx287
                0x00004854       0x68 .\ARM_GCC_541\Debug\hamfly_core_telemetry.o
                0x00004854                hamfly_decode_qx287
 .text.hamfly_decode_gps
                0x000048bc      0x1a0 .\ARM_GCC_541\Debug\hamfly_core_telemetry.o
                0x000048bc                hamfly_decode_gps
 .text.hamfly_decode_baro
                0x00004a5c       0x78 .\ARM_GCC_541\Debug\hamfly_core_telemetry.o
                0x00004a5c                hamfly_decode_baro
 .text.hamfly_decode_attitude
                0x00004ad4      0x144 .\ARM_GCC_541\Debug\hamfly_core_telemetry.o
                0x00004ad4                hamfly_decode_attitude
 .text.hamfly_decode_sysstat
                0x00004c18      0x1c8 .\ARM_GCC_541\Debug\hamfly_core_telemetry.o
                0x00004c18                hamfly_decode_sysstat
 .text.hamfly_decode_mag
                0x00004de0      0x18c .\ARM_GCC_541\Debug\hamfly_core_telemetry.o
                0x00004de0                hamfly_decode_mag
 .text.hamfly_decode_sysecho
                0x00004f6c       0x7c .\ARM_GCC_541\Debug\hamfly_core_telemetry.o
                0x00004f6c                hamfly_decode_sysecho
 .text.ff_api_init
                0x00004fe8       0x7c .\ARM_GCC_541\Debug\hamfly_qx_app.o
 .text.ff_api_send
                0x00005064       0x44 .\ARM_GCC_541\Debug\hamfly_qx_app.o
 .text.QX_ParsePacket_Cli_MoVI_Ctrl_CB
                0x000050a8      0x884 .\ARM_GCC_541\Debug\hamfly_qx_app.o
 .text.QX_SendMsg2CommsPort_CB
                0x0000592c       0x64 .\ARM_GCC_541\Debug\hamfly_qx_app.o
                0x0000592c                QX_SendMsg2CommsPort_CB
 .text.QX_FwdMsg_CB
                0x00005990       0x14 .\ARM_GCC_541\Debug\hamfly_qx_app.o
                0x00005990                QX_FwdMsg_CB
 .text.QX_GetTicks_ms
                0x000059a4       0x34 .\ARM_GCC_541\Debug\hamfly_qx_app.o
                0x000059a4                QX_GetTicks_ms
 .text.QX_Parser_SetMsgPtr
                0x000059d8       0x1c .\ARM_GCC_541\Debug\hamfly_qx_protocol.o
                0x000059d8                QX_Parser_SetMsgPtr
 .text.QX_Parser_AdvMsgPtr
                0x000059f4       0x1c .\ARM_GCC_541\Debug\hamfly_qx_protocol.o
                0x000059f4                QX_Parser_AdvMsgPtr
 .text.QX_Parser_GetMsgPtr
                0x00005a10       0x14 .\ARM_GCC_541\Debug\hamfly_qx_protocol.o
                0x00005a10                QX_Parser_GetMsgPtr
 .text.QX_Parser_SetDir_Read
                0x00005a24       0x18 .\ARM_GCC_541\Debug\hamfly_qx_protocol.o
                0x00005a24                QX_Parser_SetDir_Read
 .text.QX_Parser_SetDir_WriteAbs
                0x00005a3c       0x18 .\ARM_GCC_541\Debug\hamfly_qx_protocol.o
                0x00005a3c                QX_Parser_SetDir_WriteAbs
 .text.AddFloatAsSignedShort
                0x00005a54       0xc8 .\ARM_GCC_541\Debug\hamfly_qx_protocol.o
                0x00005a54                AddFloatAsSignedShort
 .text.GetFloatAsSignedShort
                0x00005b1c      0x170 .\ARM_GCC_541\Debug\hamfly_qx_protocol.o
                0x00005b1c                GetFloatAsSignedShort
 .text.AddSignedShortAsSignedShort
                0x00005c8c       0x58 .\ARM_GCC_541\Debug\hamfly_qx_protocol.o
                0x00005c8c                AddSignedShortAsSignedShort
 .text.GetSignedShortAsSignedShort
                0x00005ce4      0x15c .\ARM_GCC_541\Debug\hamfly_qx_protocol.o
                0x00005ce4                GetSignedShortAsSignedShort
 .text.AddUnsignedCharAsUnsignedChar
                0x00005e40       0x3c .\ARM_GCC_541\Debug\hamfly_qx_protocol.o
                0x00005e40                AddUnsignedCharAsUnsignedChar
 .text.GetUnsignedCharAsUnsignedChar
                0x00005e7c       0xc8 .\ARM_GCC_541\Debug\hamfly_qx_protocol.o
                0x00005e7c                GetUnsignedCharAsUnsignedChar
 .text.AddUnsignedShortAsUnsignedShort
                0x00005f44       0x54 .\ARM_GCC_541\Debug\hamfly_qx_protocol.o
                0x00005f44                AddUnsignedShortAsUnsignedShort
 .text.GetUnsignedShortAsUnsignedShort
                0x00005f98       0xf8 .\ARM_GCC_541\Debug\hamfly_qx_protocol.o
                0x00005f98                GetUnsignedShortAsUnsignedShort
 .text.AddBitsAsByte
                0x00006090       0xcc .\ARM_GCC_541\Debug\hamfly_qx_protocol.o
                0x00006090                AddBitsAsByte
 .text.GetBitsAsByte
                0x0000615c       0xdc .\ARM_GCC_541\Debug\hamfly_qx_protocol.o
                0x0000615c                GetBitsAsByte
 .text.QX_InitMsg
                0x00006238       0x30 .\ARM_GCC_541\Debug\hamfly_qx_protocol.o
 .text.QX_RxMsg
                0x00006268       0xec .\ARM_GCC_541\Debug\hamfly_qx_protocol.o
 .text.QX_Srv_Rx_Read
                0x00006354       0x90 .\ARM_GCC_541\Debug\hamfly_qx_protocol.o
 .text.QX_Srv_Rx_Write
                0x000063e4       0xc4 .\ARM_GCC_541\Debug\hamfly_qx_protocol.o
 .text.QX_Cli_Rx_CurVal
                0x000064a8       0x3c .\ARM_GCC_541\Debug\hamfly_qx_protocol.o
 .text.QX_TxMsg_Setup
                0x000064e4       0x4c .\ARM_GCC_541\Debug\hamfly_qx_protocol.o
 .text.QX_TxMsg_Finish
                0x00006530      0x1dc .\ARM_GCC_541\Debug\hamfly_qx_protocol.o
 .text.QX_BuildHeader
                0x0000670c      0x188 .\ARM_GCC_541\Debug\hamfly_qx_protocol.o
 .text.QX_ParseHeader
                0x00006894      0x114 .\ARM_GCC_541\Debug\hamfly_qx_protocol.o
 .text.QX_Calc8bChecksum
                0x000069a8       0x3c .\ARM_GCC_541\Debug\hamfly_qx_protocol.o
 .text.QX_AddExtdValToBuf
                0x000069e4       0x88 .\ARM_GCC_541\Debug\hamfly_qx_protocol.o
 .text.QX_GetExtdValFromBuf
                0x00006a6c       0x6c .\ARM_GCC_541\Debug\hamfly_qx_protocol.o
 .text.QX_compute_crc32
                0x00006ad8       0x4c .\ARM_GCC_541\Debug\hamfly_qx_protocol.o
 .text.QX_accumulate_crc32
                0x00006b24       0x54 .\ARM_GCC_541\Debug\hamfly_qx_protocol.o
                0x00006b24                QX_accumulate_crc32
 .text.QX_InitCli
                0x00006b78       0x24 .\ARM_GCC_541\Debug\hamfly_qx_protocol.o
                0x00006b78                QX_InitCli
 .text.QX_InitTxOptions
                0x00006b9c       0x3c .\ARM_GCC_541\Debug\hamfly_qx_protocol.o
                0x00006b9c                QX_InitTxOptions
 .text.QX_SendPacket_Srv_CurVal
                0x00006bd8       0x98 .\ARM_GCC_541\Debug\hamfly_qx_protocol.o
                0x00006bd8                QX_SendPacket_Srv_CurVal
 .text.QX_SendPacket_Cli_Read
                0x00006c70       0x80 .\ARM_GCC_541\Debug\hamfly_qx_protocol.o
                0x00006c70                QX_SendPacket_Cli_Read
 .text.QX_SendPacket_Cli_WriteABS
                0x00006cf0       0x98 .\ARM_GCC_541\Debug\hamfly_qx_protocol.o
                0x00006cf0                QX_SendPacket_Cli_WriteABS
 .text.QX_StreamRxCharSM
                0x00006d88      0x6e0 .\ARM_GCC_541\Debug\hamfly_qx_protocol.o
                0x00006d88                QX_StreamRxCharSM
 .text.CYMEMZERO
                0x00007468       0x1c .\ARM_GCC_541\Debug\cyfitter_cfg.o
 .text.CYCONFIGCPY
                0x00007484       0x20 .\ARM_GCC_541\Debug\cyfitter_cfg.o
 .text.CyClockStartupError
                0x000074a4        0xc .\ARM_GCC_541\Debug\cyfitter_cfg.o
 .text.cfg_write_bytes32
                0x000074b0       0x74 .\ARM_GCC_541\Debug\cyfitter_cfg.o
 .text.ClockSetup
                0x00007524      0x12c .\ARM_GCC_541\Debug\cyfitter_cfg.o
 .text.AnalogSetDefault
                0x00007650       0x60 .\ARM_GCC_541\Debug\cyfitter_cfg.o
 .text.cyfitter_cfg
                0x000076b0      0x1ac .\ARM_GCC_541\Debug\cyfitter_cfg.o
                0x000076b0                cyfitter_cfg
 .text.IntDefaultHandler
                0x0000785c       0x14 .\ARM_GCC_541\Debug\Cm3Start.o
                0x0000785c                IntDefaultHandler
 .text._sbrk    0x00007870       0x50 .\ARM_GCC_541\Debug\Cm3Start.o
                0x00007870                _sbrk
 .text.Start_c  0x000078c0       0x98 .\ARM_GCC_541\Debug\Cm3Start.o
                0x000078c0                Start_c
 .text.initialize_psoc
                0x00007958       0x90 .\ARM_GCC_541\Debug\Cm3Start.o
                0x00007958                initialize_psoc
 .text.UART_MOVI_Start
                0x000079e8       0x24 .\ARM_GCC_541\Debug\Proj08_DemoTxIntegration.a(UART_MOVI.o)
                0x000079e8                UART_MOVI_Start
 .text.UART_MOVI_Init
                0x00007a0c       0x40 .\ARM_GCC_541\Debug\Proj08_DemoTxIntegration.a(UART_MOVI.o)
                0x00007a0c                UART_MOVI_Init
 .text.UART_MOVI_Enable
                0x00007a4c       0x5c .\ARM_GCC_541\Debug\Proj08_DemoTxIntegration.a(UART_MOVI.o)
                0x00007a4c                UART_MOVI_Enable
 .text.UART_MOVI_ReadRxData
                0x00007aa8       0x1c .\ARM_GCC_541\Debug\Proj08_DemoTxIntegration.a(UART_MOVI.o)
                0x00007aa8                UART_MOVI_ReadRxData
 .text.UART_MOVI_GetRxBufferSize
                0x00007ac4       0x2c .\ARM_GCC_541\Debug\Proj08_DemoTxIntegration.a(UART_MOVI.o)
                0x00007ac4                UART_MOVI_GetRxBufferSize
 .text.UART_MOVI_ClearRxBuffer
                0x00007af0       0x44 .\ARM_GCC_541\Debug\Proj08_DemoTxIntegration.a(UART_MOVI.o)
                0x00007af0                UART_MOVI_ClearRxBuffer
 .text.UART_MOVI_PutChar
                0x00007b34       0x34 .\ARM_GCC_541\Debug\Proj08_DemoTxIntegration.a(UART_MOVI.o)
                0x00007b34                UART_MOVI_PutChar
 .text.UART_MOVI_ClearTxBuffer
                0x00007b68       0x44 .\ARM_GCC_541\Debug\Proj08_DemoTxIntegration.a(UART_MOVI.o)
                0x00007b68                UART_MOVI_ClearTxBuffer
 .text.isr_rx_movi_StartEx
                0x00007bac       0x24 .\ARM_GCC_541\Debug\Proj08_DemoTxIntegration.a(isr_rx_movi.o)
                0x00007bac                isr_rx_movi_StartEx
 .text.isr_rx_movi_SetVector
                0x00007bd0       0x24 .\ARM_GCC_541\Debug\Proj08_DemoTxIntegration.a(isr_rx_movi.o)
                0x00007bd0                isr_rx_movi_SetVector
 .text.isr_rx_movi_SetPriority
                0x00007bf4       0x24 .\ARM_GCC_541\Debug\Proj08_DemoTxIntegration.a(isr_rx_movi.o)
                0x00007bf4                isr_rx_movi_SetPriority
 .text.isr_rx_movi_Enable
                0x00007c18       0x18 .\ARM_GCC_541\Debug\Proj08_DemoTxIntegration.a(isr_rx_movi.o)
                0x00007c18                isr_rx_movi_Enable
 .text.isr_rx_movi_Disable
                0x00007c30       0x18 .\ARM_GCC_541\Debug\Proj08_DemoTxIntegration.a(isr_rx_movi.o)
                0x00007c30                isr_rx_movi_Disable
 .text.Looptimer_Init
                0x00007c48       0xa0 .\ARM_GCC_541\Debug\Proj08_DemoTxIntegration.a(Looptimer.o)
                0x00007c48                Looptimer_Init
 .text.Looptimer_Enable
                0x00007ce8       0x48 .\ARM_GCC_541\Debug\Proj08_DemoTxIntegration.a(Looptimer.o)
                0x00007ce8                Looptimer_Enable
 .text.Looptimer_Start
                0x00007d30       0x24 .\ARM_GCC_541\Debug\Proj08_DemoTxIntegration.a(Looptimer.o)
                0x00007d30                Looptimer_Start
 .text.Looptimer_SetInterruptMode
                0x00007d54       0x20 .\ARM_GCC_541\Debug\Proj08_DemoTxIntegration.a(Looptimer.o)
                0x00007d54                Looptimer_SetInterruptMode
 .text.Looptimer_ReadStatusRegister
                0x00007d74       0x18 .\ARM_GCC_541\Debug\Proj08_DemoTxIntegration.a(Looptimer.o)
                0x00007d74                Looptimer_ReadStatusRegister
 .text.Looptimer_WritePeriod
                0x00007d8c       0x24 .\ARM_GCC_541\Debug\Proj08_DemoTxIntegration.a(Looptimer.o)
                0x00007d8c                Looptimer_WritePeriod
 .text.Looptimer_WriteCounter
                0x00007db0       0x20 .\ARM_GCC_541\Debug\Proj08_DemoTxIntegration.a(Looptimer.o)
                0x00007db0                Looptimer_WriteCounter
 .text.isr_Looptimer_StartEx
                0x00007dd0       0x24 .\ARM_GCC_541\Debug\Proj08_DemoTxIntegration.a(isr_Looptimer.o)
                0x00007dd0                isr_Looptimer_StartEx
 .text.isr_Looptimer_SetVector
                0x00007df4       0x24 .\ARM_GCC_541\Debug\Proj08_DemoTxIntegration.a(isr_Looptimer.o)
                0x00007df4                isr_Looptimer_SetVector
 .text.isr_Looptimer_SetPriority
                0x00007e18       0x24 .\ARM_GCC_541\Debug\Proj08_DemoTxIntegration.a(isr_Looptimer.o)
                0x00007e18                isr_Looptimer_SetPriority
 .text.isr_Looptimer_Enable
                0x00007e3c       0x18 .\ARM_GCC_541\Debug\Proj08_DemoTxIntegration.a(isr_Looptimer.o)
                0x00007e3c                isr_Looptimer_Enable
 .text.isr_Looptimer_Disable
                0x00007e54       0x18 .\ARM_GCC_541\Debug\Proj08_DemoTxIntegration.a(isr_Looptimer.o)
                0x00007e54                isr_Looptimer_Disable
 .text.EEPROM_CONFIG_Enable
                0x00007e6c       0x10 .\ARM_GCC_541\Debug\Proj08_DemoTxIntegration.a(EEPROM_CONFIG.o)
                0x00007e6c                EEPROM_CONFIG_Enable
 .text.EEPROM_CONFIG_Start
                0x00007e7c        0xc .\ARM_GCC_541\Debug\Proj08_DemoTxIntegration.a(EEPROM_CONFIG.o)
                0x00007e7c                EEPROM_CONFIG_Start
 .text.CySetTempInt
                0x00007e88       0x7c .\ARM_GCC_541\Debug\Proj08_DemoTxIntegration.a(CyFlash.o)
 .text.CyFlashGetSpcAlgorithm
                0x00007f04       0x70 .\ARM_GCC_541\Debug\Proj08_DemoTxIntegration.a(CyFlash.o)
                0x00007f04                CyFlashGetSpcAlgorithm
 .text.CySetTemp
                0x00007f74       0x24 .\ARM_GCC_541\Debug\Proj08_DemoTxIntegration.a(CyFlash.o)
                0x00007f74                CySetTemp
 .text.CyEEPROM_Start
                0x00007f98       0x8c .\ARM_GCC_541\Debug\Proj08_DemoTxIntegration.a(CyFlash.o)
                0x00007f98                CyEEPROM_Start
 .text.CyHalt   0x00008024       0x18 .\ARM_GCC_541\Debug\Proj08_DemoTxIntegration.a(CyLib.o)
                0x00008024                CyHalt
 .text.CyDelayUs
                0x0000803c       0x28 .\ARM_GCC_541\Debug\Proj08_DemoTxIntegration.a(CyLib.o)
                0x0000803c                CyDelayUs
 .text.CyIntSetVector
                0x00008064       0x50 .\ARM_GCC_541\Debug\Proj08_DemoTxIntegration.a(CyLib.o)
                0x00008064                CyIntSetVector
 .text.CyIntSetPriority
                0x000080b4       0x48 .\ARM_GCC_541\Debug\Proj08_DemoTxIntegration.a(CyLib.o)
                0x000080b4                CyIntSetPriority
 .text.CyGetUniqueId
                0x000080fc       0xc4 .\ARM_GCC_541\Debug\Proj08_DemoTxIntegration.a(CyLib.o)
                0x000080fc                CyGetUniqueId
 .text.CySpcStart
                0x000081c0       0x48 .\ARM_GCC_541\Debug\Proj08_DemoTxIntegration.a(CySpc.o)
                0x000081c0                CySpcStart
 .text.CySpcReadData
                0x00008208       0x54 .\ARM_GCC_541\Debug\Proj08_DemoTxIntegration.a(CySpc.o)
                0x00008208                CySpcReadData
 .text.CySpcGetTemp
                0x0000825c       0x64 .\ARM_GCC_541\Debug\Proj08_DemoTxIntegration.a(CySpc.o)
                0x0000825c                CySpcGetTemp
 .text.CySpcLock
                0x000082c0       0x68 .\ARM_GCC_541\Debug\Proj08_DemoTxIntegration.a(CySpc.o)
                0x000082c0                CySpcLock
 .text.CySpcUnlock
                0x00008328       0x50 .\ARM_GCC_541\Debug\Proj08_DemoTxIntegration.a(CySpc.o)
                0x00008328                CySpcUnlock
 .text.CySpcGetAlgorithm
                0x00008378       0x44 .\ARM_GCC_541\Debug\Proj08_DemoTxIntegration.a(CySpc.o)
                0x00008378                CySpcGetAlgorithm
 .text.UART_SBC_Start
                0x000083bc       0x24 .\ARM_GCC_541\Debug\Proj08_DemoTxIntegration.a(UART_SBC.o)
                0x000083bc                UART_SBC_Start
 .text.UART_SBC_Init
                0x000083e0       0x40 .\ARM_GCC_541\Debug\Proj08_DemoTxIntegration.a(UART_SBC.o)
                0x000083e0                UART_SBC_Init
 .text.UART_SBC_Enable
                0x00008420       0x60 .\ARM_GCC_541\Debug\Proj08_DemoTxIntegration.a(UART_SBC.o)
                0x00008420                UART_SBC_Enable
 .text.UART_SBC_ReadRxData
                0x00008480       0x1c .\ARM_GCC_541\Debug\Proj08_DemoTxIntegration.a(UART_SBC.o)
                0x00008480                UART_SBC_ReadRxData
 .text.UART_SBC_GetRxBufferSize
                0x0000849c       0x2c .\ARM_GCC_541\Debug\Proj08_DemoTxIntegration.a(UART_SBC.o)
                0x0000849c                UART_SBC_GetRxBufferSize
 .text.UART_SBC_ClearRxBuffer
                0x000084c8       0x44 .\ARM_GCC_541\Debug\Proj08_DemoTxIntegration.a(UART_SBC.o)
                0x000084c8                UART_SBC_ClearRxBuffer
 .text.UART_SBC_PutChar
                0x0000850c       0x34 .\ARM_GCC_541\Debug\Proj08_DemoTxIntegration.a(UART_SBC.o)
                0x0000850c                UART_SBC_PutChar
 .text.UART_SBC_ClearTxBuffer
                0x00008540       0x44 .\ARM_GCC_541\Debug\Proj08_DemoTxIntegration.a(UART_SBC.o)
                0x00008540                UART_SBC_ClearTxBuffer
 .text.isr_rx_sbc_StartEx
                0x00008584       0x24 .\ARM_GCC_541\Debug\Proj08_DemoTxIntegration.a(isr_rx_sbc.o)
                0x00008584                isr_rx_sbc_StartEx
 .text.isr_rx_sbc_SetVector
                0x000085a8       0x24 .\ARM_GCC_541\Debug\Proj08_DemoTxIntegration.a(isr_rx_sbc.o)
                0x000085a8                isr_rx_sbc_SetVector
 .text.isr_rx_sbc_SetPriority
                0x000085cc       0x24 .\ARM_GCC_541\Debug\Proj08_DemoTxIntegration.a(isr_rx_sbc.o)
                0x000085cc                isr_rx_sbc_SetPriority
 .text.isr_rx_sbc_Enable
                0x000085f0       0x18 .\ARM_GCC_541\Debug\Proj08_DemoTxIntegration.a(isr_rx_sbc.o)
                0x000085f0                isr_rx_sbc_Enable
 .text.isr_rx_sbc_Disable
                0x00008608       0x18 .\ARM_GCC_541\Debug\Proj08_DemoTxIntegration.a(isr_rx_sbc.o)
                0x00008608                isr_rx_sbc_Disable
 .text.UART_SBC_IntClock_Start
                0x00008620       0x34 .\ARM_GCC_541\Debug\Proj08_DemoTxIntegration.a(UART_SBC_IntClock.o)
                0x00008620                UART_SBC_IntClock_Start
 .text.Pin_Debug_SuperLoop_Write
                0x00008654       0x3c .\ARM_GCC_541\Debug\Proj08_DemoTxIntegration.a(Pin_Debug_SuperLoop.o)
                0x00008654                Pin_Debug_SuperLoop_Write
 .text.Pin_Debug_SuperLoop_Read
                0x00008690       0x20 .\ARM_GCC_541\Debug\Proj08_DemoTxIntegration.a(Pin_Debug_SuperLoop.o)
                0x00008690                Pin_Debug_SuperLoop_Read
 .text.Pin_Debug_CoarseCentroid_Write
                0x000086b0       0x3c .\ARM_GCC_541\Debug\Proj08_DemoTxIntegration.a(Pin_Debug_CoarseCentroid.o)
                0x000086b0                Pin_Debug_CoarseCentroid_Write
 .text.Pin_Debug_CoarseCentroid_Read
                0x000086ec       0x20 .\ARM_GCC_541\Debug\Proj08_DemoTxIntegration.a(Pin_Debug_CoarseCentroid.o)
                0x000086ec                Pin_Debug_CoarseCentroid_Read
 .text.Pin_SwitchAuto_Read
                0x0000870c       0x20 .\ARM_GCC_541\Debug\Proj08_DemoTxIntegration.a(Pin_SwitchAuto.o)
                0x0000870c                Pin_SwitchAuto_Read
 .text.VDAC8_3v3Ref_Init
                0x0000872c       0x28 .\ARM_GCC_541\Debug\Proj08_DemoTxIntegration.a(VDAC8_3v3Ref.o)
                0x0000872c                VDAC8_3v3Ref_Init
 .text.VDAC8_3v3Ref_Enable
                0x00008754       0x34 .\ARM_GCC_541\Debug\Proj08_DemoTxIntegration.a(VDAC8_3v3Ref.o)
                0x00008754                VDAC8_3v3Ref_Enable
 .text.VDAC8_3v3Ref_Start
                0x00008788       0x28 .\ARM_GCC_541\Debug\Proj08_DemoTxIntegration.a(VDAC8_3v3Ref.o)
                0x00008788                VDAC8_3v3Ref_Start
 .text.VDAC8_3v3Ref_SetSpeed
                0x000087b0       0x40 .\ARM_GCC_541\Debug\Proj08_DemoTxIntegration.a(VDAC8_3v3Ref.o)
                0x000087b0                VDAC8_3v3Ref_SetSpeed
 .text.VDAC8_3v3Ref_SetRange
                0x000087f0       0x40 .\ARM_GCC_541\Debug\Proj08_DemoTxIntegration.a(VDAC8_3v3Ref.o)
                0x000087f0                VDAC8_3v3Ref_SetRange
 .text.VDAC8_3v3Ref_SetValue
                0x00008830       0x20 .\ARM_GCC_541\Debug\Proj08_DemoTxIntegration.a(VDAC8_3v3Ref.o)
                0x00008830                VDAC8_3v3Ref_SetValue
 .text.VDAC8_3v3Ref_DacTrim
                0x00008850       0x3c .\ARM_GCC_541\Debug\Proj08_DemoTxIntegration.a(VDAC8_3v3Ref.o)
                0x00008850                VDAC8_3v3Ref_DacTrim
 .text.USBFS_DEBUG_Start
                0x0000888c       0x3c .\ARM_GCC_541\Debug\Proj08_DemoTxIntegration.a(USBFS_DEBUG.o)
                0x0000888c                USBFS_DEBUG_Start
 .text.USBFS_DEBUG_Init
                0x000088c8      0x190 .\ARM_GCC_541\Debug\Proj08_DemoTxIntegration.a(USBFS_DEBUG.o)
                0x000088c8                USBFS_DEBUG_Init
 .text.USBFS_DEBUG_InitComponent
                0x00008a58       0xf8 .\ARM_GCC_541\Debug\Proj08_DemoTxIntegration.a(USBFS_DEBUG.o)
                0x00008a58                USBFS_DEBUG_InitComponent
 .text.USBFS_DEBUG_ReInitComponent
                0x00008b50       0x68 .\ARM_GCC_541\Debug\Proj08_DemoTxIntegration.a(USBFS_DEBUG.o)
                0x00008b50                USBFS_DEBUG_ReInitComponent
 .text.USBFS_DEBUG_GetConfiguration
                0x00008bb8       0x18 .\ARM_GCC_541\Debug\Proj08_DemoTxIntegration.a(USBFS_DEBUG.o)
                0x00008bb8                USBFS_DEBUG_GetConfiguration
 .text.USBFS_DEBUG_IsConfigurationChanged
                0x00008bd0       0x30 .\ARM_GCC_541\Debug\Proj08_DemoTxIntegration.a(USBFS_DEBUG.o)
                0x00008bd0                USBFS_DEBUG_IsConfigurationChanged
 .text.USBFS_DEBUG_GetEPState
                0x00008c00       0x2c .\ARM_GCC_541\Debug\Proj08_DemoTxIntegration.a(USBFS_DEBUG.o)
                0x00008c00                USBFS_DEBUG_GetEPState
 .text.USBFS_DEBUG_GetEPCount
                0x00008c2c       0x60 .\ARM_GCC_541\Debug\Proj08_DemoTxIntegration.a(USBFS_DEBUG.o)
                0x00008c2c                USBFS_DEBUG_GetEPCount
 .text.USBFS_DEBUG_LoadInEP
                0x00008c8c      0x108 .\ARM_GCC_541\Debug\Proj08_DemoTxIntegration.a(USBFS_DEBUG.o)
                0x00008c8c                USBFS_DEBUG_LoadInEP
 .text.USBFS_DEBUG_ReadOutEP
                0x00008d94       0x8c .\ARM_GCC_541\Debug\Proj08_DemoTxIntegration.a(USBFS_DEBUG.o)
                0x00008d94                USBFS_DEBUG_ReadOutEP
 .text.USBFS_DEBUG_EnableOutEP
                0x00008e20       0x5c .\ARM_GCC_541\Debug\Proj08_DemoTxIntegration.a(USBFS_DEBUG.o)
                0x00008e20                USBFS_DEBUG_EnableOutEP
 .text.USBFS_DEBUG_DispatchCDCClassRqst
                0x00008e7c       0xe4 .\ARM_GCC_541\Debug\Proj08_DemoTxIntegration.a(USBFS_DEBUG_cdc.o)
                0x00008e7c                USBFS_DEBUG_DispatchCDCClassRqst
 .text.USBFS_DEBUG_GetInterfaceComPort
                0x00008f60       0x60 .\ARM_GCC_541\Debug\Proj08_DemoTxIntegration.a(USBFS_DEBUG_cdc.o)
                0x00008f60                USBFS_DEBUG_GetInterfaceComPort
 .text.USBFS_DEBUG_CDC_Init
                0x00008fc0       0xa8 .\ARM_GCC_541\Debug\Proj08_DemoTxIntegration.a(USBFS_DEBUG_cdc.o)
                0x00008fc0                USBFS_DEBUG_CDC_Init
 .text.USBFS_DEBUG_PutData
                0x00009068       0x6c .\ARM_GCC_541\Debug\Proj08_DemoTxIntegration.a(USBFS_DEBUG_cdc.o)
                0x00009068                USBFS_DEBUG_PutData
 .text.USBFS_DEBUG_DataIsReady
                0x000090d4       0x24 .\ARM_GCC_541\Debug\Proj08_DemoTxIntegration.a(USBFS_DEBUG_cdc.o)
                0x000090d4                USBFS_DEBUG_DataIsReady
 .text.USBFS_DEBUG_CDCIsReady
                0x000090f8       0x24 .\ARM_GCC_541\Debug\Proj08_DemoTxIntegration.a(USBFS_DEBUG_cdc.o)
                0x000090f8                USBFS_DEBUG_CDCIsReady
 .text.USBFS_DEBUG_GetData
                0x0000911c       0x3c .\ARM_GCC_541\Debug\Proj08_DemoTxIntegration.a(USBFS_DEBUG_cdc.o)
                0x0000911c                USBFS_DEBUG_GetData
 .text.USBFS_DEBUG_Cdc_EpInit
                0x00009158       0x90 .\ARM_GCC_541\Debug\Proj08_DemoTxIntegration.a(USBFS_DEBUG_cdc.o)
                0x00009158                USBFS_DEBUG_Cdc_EpInit
 .text.USBFS_DEBUG_EP_0_ISR
                0x000091e8       0xf8 .\ARM_GCC_541\Debug\Proj08_DemoTxIntegration.a(USBFS_DEBUG_drv.o)
                0x000091e8                USBFS_DEBUG_EP_0_ISR
 .text.USBFS_DEBUG_HandleSetup
                0x000092e0       0x88 .\ARM_GCC_541\Debug\Proj08_DemoTxIntegration.a(USBFS_DEBUG_drv.o)
                0x000092e0                USBFS_DEBUG_HandleSetup
 .text.USBFS_DEBUG_HandleIN
                0x00009368       0x4c .\ARM_GCC_541\Debug\Proj08_DemoTxIntegration.a(USBFS_DEBUG_drv.o)
                0x00009368                USBFS_DEBUG_HandleIN
 .text.USBFS_DEBUG_HandleOUT
                0x000093b4       0x58 .\ARM_GCC_541\Debug\Proj08_DemoTxIntegration.a(USBFS_DEBUG_drv.o)
                0x000093b4                USBFS_DEBUG_HandleOUT
 .text.USBFS_DEBUG_LoadEP0
                0x0000940c       0xd0 .\ARM_GCC_541\Debug\Proj08_DemoTxIntegration.a(USBFS_DEBUG_drv.o)
                0x0000940c                USBFS_DEBUG_LoadEP0
 .text.USBFS_DEBUG_InitControlRead
                0x000094dc       0x70 .\ARM_GCC_541\Debug\Proj08_DemoTxIntegration.a(USBFS_DEBUG_drv.o)
                0x000094dc                USBFS_DEBUG_InitControlRead
 .text.USBFS_DEBUG_InitZeroLengthControlTransfer
                0x0000954c       0x40 .\ARM_GCC_541\Debug\Proj08_DemoTxIntegration.a(USBFS_DEBUG_drv.o)
                0x0000954c                USBFS_DEBUG_InitZeroLengthControlTransfer
 .text.USBFS_DEBUG_ControlReadDataStage
                0x0000958c        0xc .\ARM_GCC_541\Debug\Proj08_DemoTxIntegration.a(USBFS_DEBUG_drv.o)
                0x0000958c                USBFS_DEBUG_ControlReadDataStage
 .text.USBFS_DEBUG_ControlReadStatusStage
                0x00009598       0x40 .\ARM_GCC_541\Debug\Proj08_DemoTxIntegration.a(USBFS_DEBUG_drv.o)
                0x00009598                USBFS_DEBUG_ControlReadStatusStage
 .text.USBFS_DEBUG_InitControlWrite
                0x000095d8       0x64 .\ARM_GCC_541\Debug\Proj08_DemoTxIntegration.a(USBFS_DEBUG_drv.o)
                0x000095d8                USBFS_DEBUG_InitControlWrite
 .text.USBFS_DEBUG_ControlWriteDataStage
                0x0000963c       0xb4 .\ARM_GCC_541\Debug\Proj08_DemoTxIntegration.a(USBFS_DEBUG_drv.o)
                0x0000963c                USBFS_DEBUG_ControlWriteDataStage
 .text.USBFS_DEBUG_ControlWriteStatusStage
                0x000096f0       0x24 .\ARM_GCC_541\Debug\Proj08_DemoTxIntegration.a(USBFS_DEBUG_drv.o)
                0x000096f0                USBFS_DEBUG_ControlWriteStatusStage
 .text.USBFS_DEBUG_InitNoDataControlTransfer
                0x00009714       0x38 .\ARM_GCC_541\Debug\Proj08_DemoTxIntegration.a(USBFS_DEBUG_drv.o)
                0x00009714                USBFS_DEBUG_InitNoDataControlTransfer
 .text.USBFS_DEBUG_NoDataControlStatusStage
                0x0000974c       0x4c .\ARM_GCC_541\Debug\Proj08_DemoTxIntegration.a(USBFS_DEBUG_drv.o)
                0x0000974c                USBFS_DEBUG_NoDataControlStatusStage
 .text.USBFS_DEBUG_UpdateStatusBlock
                0x00009798       0x40 .\ARM_GCC_541\Debug\Proj08_DemoTxIntegration.a(USBFS_DEBUG_drv.o)
                0x00009798                USBFS_DEBUG_UpdateStatusBlock
 .text.USBFS_DEBUG_InitializeStatusBlock
                0x000097d8       0x34 .\ARM_GCC_541\Debug\Proj08_DemoTxIntegration.a(USBFS_DEBUG_drv.o)
                0x000097d8                USBFS_DEBUG_InitializeStatusBlock
 .text.USBFS_DEBUG_EP_1_ISR
                0x0000980c       0x48 .\ARM_GCC_541\Debug\Proj08_DemoTxIntegration.a(USBFS_DEBUG_episr.o)
                0x0000980c                USBFS_DEBUG_EP_1_ISR
 .text.USBFS_DEBUG_EP_2_ISR
                0x00009854       0x4c .\ARM_GCC_541\Debug\Proj08_DemoTxIntegration.a(USBFS_DEBUG_episr.o)
                0x00009854                USBFS_DEBUG_EP_2_ISR
 .text.USBFS_DEBUG_EP_3_ISR
                0x000098a0       0x54 .\ARM_GCC_541\Debug\Proj08_DemoTxIntegration.a(USBFS_DEBUG_episr.o)
                0x000098a0                USBFS_DEBUG_EP_3_ISR
 .text.USBFS_DEBUG_BUS_RESET_ISR
                0x000098f4        0xc .\ARM_GCC_541\Debug\Proj08_DemoTxIntegration.a(USBFS_DEBUG_episr.o)
                0x000098f4                USBFS_DEBUG_BUS_RESET_ISR
 .text.USBFS_DEBUG_DP_ISR
                0x00009900        0xc .\ARM_GCC_541\Debug\Proj08_DemoTxIntegration.a(USBFS_DEBUG_pm.o)
                0x00009900                USBFS_DEBUG_DP_ISR
 .text.USBFS_DEBUG_HandleStandardRqst
                0x0000990c      0x494 .\ARM_GCC_541\Debug\Proj08_DemoTxIntegration.a(USBFS_DEBUG_std.o)
                0x0000990c                USBFS_DEBUG_HandleStandardRqst
 .text.USBFS_DEBUG_ReadDieID
                0x00009da0       0xd8 .\ARM_GCC_541\Debug\Proj08_DemoTxIntegration.a(USBFS_DEBUG_std.o)
                0x00009da0                USBFS_DEBUG_ReadDieID
 .text.USBFS_DEBUG_ConfigReg
                0x00009e78      0x138 .\ARM_GCC_541\Debug\Proj08_DemoTxIntegration.a(USBFS_DEBUG_std.o)
                0x00009e78                USBFS_DEBUG_ConfigReg
 .text.USBFS_DEBUG_Config
                0x00009fb0      0x3a4 .\ARM_GCC_541\Debug\Proj08_DemoTxIntegration.a(USBFS_DEBUG_std.o)
                0x00009fb0                USBFS_DEBUG_Config
 .text.USBFS_DEBUG_ConfigAltChanged
                0x0000a354      0x25c .\ARM_GCC_541\Debug\Proj08_DemoTxIntegration.a(USBFS_DEBUG_std.o)
                0x0000a354                USBFS_DEBUG_ConfigAltChanged
 .text.USBFS_DEBUG_GetConfigTablePtr
                0x0000a5b0       0x50 .\ARM_GCC_541\Debug\Proj08_DemoTxIntegration.a(USBFS_DEBUG_std.o)
                0x0000a5b0                USBFS_DEBUG_GetConfigTablePtr
 .text.USBFS_DEBUG_GetDeviceTablePtr
                0x0000a600       0x24 .\ARM_GCC_541\Debug\Proj08_DemoTxIntegration.a(USBFS_DEBUG_std.o)
                0x0000a600                USBFS_DEBUG_GetDeviceTablePtr
 .text.USBFS_DEBUG_GetInterfaceClassTablePtr
                0x0000a624       0x4c .\ARM_GCC_541\Debug\Proj08_DemoTxIntegration.a(USBFS_DEBUG_std.o)
                0x0000a624                USBFS_DEBUG_GetInterfaceClassTablePtr
 .text.USBFS_DEBUG_SetEndpointHalt
                0x0000a670       0xe8 .\ARM_GCC_541\Debug\Proj08_DemoTxIntegration.a(USBFS_DEBUG_std.o)
                0x0000a670                USBFS_DEBUG_SetEndpointHalt
 .text.USBFS_DEBUG_ClearEndpointHalt
                0x0000a758      0x158 .\ARM_GCC_541\Debug\Proj08_DemoTxIntegration.a(USBFS_DEBUG_std.o)
                0x0000a758                USBFS_DEBUG_ClearEndpointHalt
 .text.USBFS_DEBUG_ValidateAlternateSetting
                0x0000a8b0       0x70 .\ARM_GCC_541\Debug\Proj08_DemoTxIntegration.a(USBFS_DEBUG_std.o)
                0x0000a8b0                USBFS_DEBUG_ValidateAlternateSetting
 .text.USBFS_DEBUG_HandleVendorRqst
                0x0000a920       0x34 .\ARM_GCC_541\Debug\Proj08_DemoTxIntegration.a(USBFS_DEBUG_vnd.o)
                0x0000a920                USBFS_DEBUG_HandleVendorRqst
 .text.USBFS_DEBUG_Dp_ClearInterrupt
                0x0000a954       0x20 .\ARM_GCC_541\Debug\Proj08_DemoTxIntegration.a(USBFS_DEBUG_Dp.o)
                0x0000a954                USBFS_DEBUG_Dp_ClearInterrupt
 *fill*         0x0000a974        0x4 
 .text          0x0000a978       0x54 .\ARM_GCC_541\Debug\Proj08_DemoTxIntegration.a(CyBootAsmGnu.o)
                0x0000a978                CyDelayCycles
                0x0000a9b6                CyEnterCriticalSection
                0x0000a9be                CyExitCriticalSection
 .text.USBFS_DEBUG_DispatchClassRqst
                0x0000a9cc       0x84 .\ARM_GCC_541\Debug\Proj08_DemoTxIntegration.a(USBFS_DEBUG_cls.o)
                0x0000a9cc                USBFS_DEBUG_DispatchClassRqst
 .text.cosf     0x0000aa50       0x78 c:/program files (x86)/cypress/psoc creator/4.4/psoc creator/import/gnu/arm/5.4.1/bin/../lib/gcc/arm-none-eabi/5.4.1/../../../../arm-none-eabi/lib/armv7-m\libm.a(lib_a-sf_cos.o)
                0x0000aa50                cosf
 .text.sinf     0x0000aac8       0x7c c:/program files (x86)/cypress/psoc creator/4.4/psoc creator/import/gnu/arm/5.4.1/bin/../lib/gcc/arm-none-eabi/5.4.1/../../../../arm-none-eabi/lib/armv7-m\libm.a(lib_a-sf_sin.o)
                0x0000aac8                sinf
 .text.asinf    0x0000ab44       0xa4 c:/program files (x86)/cypress/psoc creator/4.4/psoc creator/import/gnu/arm/5.4.1/bin/../lib/gcc/arm-none-eabi/5.4.1/../../../../arm-none-eabi/lib/armv7-m\libm.a(lib_a-wf_asin.o)
                0x0000ab44                asinf
 .text.atan2f   0x0000abe8        0x4 c:/program files (x86)/cypress/psoc creator/4.4/psoc creator/import/gnu/arm/5.4.1/bin/../lib/gcc/arm-none-eabi/5.4.1/../../../../arm-none-eabi/lib/armv7-m\libm.a(lib_a-wf_atan2.o)
                0x0000abe8                atan2f
 .text.sqrtf    0x0000abec       0x9c c:/program files (x86)/cypress/psoc creator/4.4/psoc creator/import/gnu/arm/5.4.1/bin/../lib/gcc/arm-none-eabi/5.4.1/../../../../arm-none-eabi/lib/armv7-m\libm.a(lib_a-wf_sqrt.o)
                0x0000abec                sqrtf
 .text.__ieee754_asinf
                0x0000ac88      0x294 c:/program files (x86)/cypress/psoc creator/4.4/psoc creator/import/gnu/arm/5.4.1/bin/../lib/gcc/arm-none-eabi/5.4.1/../../../../arm-none-eabi/lib/armv7-m\libm.a(lib_a-ef_asin.o)
                0x0000ac88                __ieee754_asinf
 .text.__ieee754_atan2f
                0x0000af1c      0x124 c:/program files (x86)/cypress/psoc creator/4.4/psoc creator/import/gnu/arm/5.4.1/bin/../lib/gcc/arm-none-eabi/5.4.1/../../../../arm-none-eabi/lib/armv7-m\libm.a(lib_a-ef_atan2.o)
                0x0000af1c                __ieee754_atan2f
 .text.__ieee754_rem_pio2f
                0x0000b040      0x2e4 c:/program files (x86)/cypress/psoc creator/4.4/psoc creator/import/gnu/arm/5.4.1/bin/../lib/gcc/arm-none-eabi/5.4.1/../../../../arm-none-eabi/lib/armv7-m\libm.a(lib_a-ef_rem_pio2.o)
                0x0000b040                __ieee754_rem_pio2f
 .text.__ieee754_sqrtf
                0x0000b324       0xa8 c:/program files (x86)/cypress/psoc creator/4.4/psoc creator/import/gnu/arm/5.4.1/bin/../lib/gcc/arm-none-eabi/5.4.1/../../../../arm-none-eabi/lib/armv7-m\libm.a(lib_a-ef_sqrt.o)
                0x0000b324                __ieee754_sqrtf
 .text.__kernel_cosf
                0x0000b3cc      0x188 c:/program files (x86)/cypress/psoc creator/4.4/psoc creator/import/gnu/arm/5.4.1/bin/../lib/gcc/arm-none-eabi/5.4.1/../../../../arm-none-eabi/lib/armv7-m\libm.a(lib_a-kf_cos.o)
                0x0000b3cc                __kernel_cosf
 .text.__kernel_rem_pio2f
                0x0000b554      0x6a0 c:/program files (x86)/cypress/psoc creator/4.4/psoc creator/import/gnu/arm/5.4.1/bin/../lib/gcc/arm-none-eabi/5.4.1/../../../../arm-none-eabi/lib/armv7-m\libm.a(lib_a-kf_rem_pio2.o)
                0x0000b554                __kernel_rem_pio2f
 .text.__kernel_sinf
                0x0000bbf4       0xec c:/program files (x86)/cypress/psoc creator/4.4/psoc creator/import/gnu/arm/5.4.1/bin/../lib/gcc/arm-none-eabi/5.4.1/../../../../arm-none-eabi/lib/armv7-m\libm.a(lib_a-kf_sin.o)
                0x0000bbf4                __kernel_sinf
 .text.matherr  0x0000bce0        0x4 c:/program files (x86)/cypress/psoc creator/4.4/psoc creator/import/gnu/arm/5.4.1/bin/../lib/gcc/arm-none-eabi/5.4.1/../../../../arm-none-eabi/lib/armv7-m\libm.a(lib_a-s_matherr.o)
                0x0000bce0                matherr
 .text.nan      0x0000bce4        0xc c:/program files (x86)/cypress/psoc creator/4.4/psoc creator/import/gnu/arm/5.4.1/bin/../lib/gcc/arm-none-eabi/5.4.1/../../../../arm-none-eabi/lib/armv7-m\libm.a(lib_a-s_nan.o)
                0x0000bce4                nan
 .text.atanf    0x0000bcf0      0x22c c:/program files (x86)/cypress/psoc creator/4.4/psoc creator/import/gnu/arm/5.4.1/bin/../lib/gcc/arm-none-eabi/5.4.1/../../../../arm-none-eabi/lib/armv7-m\libm.a(lib_a-sf_atan.o)
                0x0000bcf0                atanf
 .text.fabsf    0x0000bf1c        0x8 c:/program files (x86)/cypress/psoc creator/4.4/psoc creator/import/gnu/arm/5.4.1/bin/../lib/gcc/arm-none-eabi/5.4.1/../../../../arm-none-eabi/lib/armv7-m\libm.a(lib_a-sf_fabs.o)
                0x0000bf1c                fabsf
 .text.floorf   0x0000bf24       0x8c c:/program files (x86)/cypress/psoc creator/4.4/psoc creator/import/gnu/arm/5.4.1/bin/../lib/gcc/arm-none-eabi/5.4.1/../../../../arm-none-eabi/lib/armv7-m\libm.a(lib_a-sf_floor.o)
                0x0000bf24                floorf
 .text.scalbnf  0x0000bfb0       0xb0 c:/program files (x86)/cypress/psoc creator/4.4/psoc creator/import/gnu/arm/5.4.1/bin/../lib/gcc/arm-none-eabi/5.4.1/../../../../arm-none-eabi/lib/armv7-m\libm.a(lib_a-sf_scalbn.o)
                0x0000bfb0                scalbnf
 .text.copysignf
                0x0000c060        0xc c:/program files (x86)/cypress/psoc creator/4.4/psoc creator/import/gnu/arm/5.4.1/bin/../lib/gcc/arm-none-eabi/5.4.1/../../../../arm-none-eabi/lib/armv7-m\libm.a(lib_a-sf_copysign.o)
                0x0000c060                copysignf
 .text          0x0000c06c      0x370 c:/program files (x86)/cypress/psoc creator/4.4/psoc creator/import/gnu/arm/5.4.1/bin/../lib/gcc/arm-none-eabi/5.4.1/armv7-m\libgcc.a(_arm_addsubdf3.o)
                0x0000c06c                __aeabi_drsub
                0x0000c074                __aeabi_dsub
                0x0000c074                __subdf3
                0x0000c078                __aeabi_dadd
                0x0000c078                __adddf3
                0x0000c2f0                __floatunsidf
                0x0000c2f0                __aeabi_ui2d
                0x0000c310                __floatsidf
                0x0000c310                __aeabi_i2d
                0x0000c334                __aeabi_f2d
                0x0000c334                __extendsfdf2
                0x0000c370                __floatundidf
                0x0000c370                __aeabi_ul2d
                0x0000c380                __floatdidf
                0x0000c380                __aeabi_l2d
 .text          0x0000c3dc      0x424 c:/program files (x86)/cypress/psoc creator/4.4/psoc creator/import/gnu/arm/5.4.1/bin/../lib/gcc/arm-none-eabi/5.4.1/armv7-m\libgcc.a(_arm_muldivdf3.o)
                0x0000c3dc                __aeabi_dmul
                0x0000c3dc                __muldf3
                0x0000c630                __divdf3
                0x0000c630                __aeabi_ddiv
 .text          0x0000c800      0x110 c:/program files (x86)/cypress/psoc creator/4.4/psoc creator/import/gnu/arm/5.4.1/bin/../lib/gcc/arm-none-eabi/5.4.1/armv7-m\libgcc.a(_arm_cmpdf2.o)
                0x0000c800                __gtdf2
                0x0000c800                __gedf2
                0x0000c808                __ltdf2
                0x0000c808                __ledf2
                0x0000c810                __nedf2
                0x0000c810                __eqdf2
                0x0000c810                __cmpdf2
                0x0000c88c                __aeabi_cdrcmple
                0x0000c89c                __aeabi_cdcmpeq
                0x0000c89c                __aeabi_cdcmple
                0x0000c8ac                __aeabi_dcmpeq
                0x0000c8c0                __aeabi_dcmplt
                0x0000c8d4                __aeabi_dcmple
                0x0000c8e8                __aeabi_dcmpge
                0x0000c8fc                __aeabi_dcmpgt
 .text          0x0000c910       0x2c c:/program files (x86)/cypress/psoc creator/4.4/psoc creator/import/gnu/arm/5.4.1/bin/../lib/gcc/arm-none-eabi/5.4.1/armv7-m\libgcc.a(_arm_unorddf2.o)
                0x0000c910                __unorddf2
                0x0000c910                __aeabi_dcmpun
 .text          0x0000c93c       0x50 c:/program files (x86)/cypress/psoc creator/4.4/psoc creator/import/gnu/arm/5.4.1/bin/../lib/gcc/arm-none-eabi/5.4.1/armv7-m\libgcc.a(_arm_fixdfsi.o)
                0x0000c93c                __aeabi_d2iz
                0x0000c93c                __fixdfsi
 .text          0x0000c98c       0xa0 c:/program files (x86)/cypress/psoc creator/4.4/psoc creator/import/gnu/arm/5.4.1/bin/../lib/gcc/arm-none-eabi/5.4.1/armv7-m\libgcc.a(_arm_truncdfsf2.o)
                0x0000c98c                __truncdfsf2
                0x0000c98c                __aeabi_d2f
 .text          0x0000ca2c      0x21c c:/program files (x86)/cypress/psoc creator/4.4/psoc creator/import/gnu/arm/5.4.1/bin/../lib/gcc/arm-none-eabi/5.4.1/armv7-m\libgcc.a(_arm_addsubsf3.o)
                0x0000ca2c                __aeabi_frsub
                0x0000ca34                __subsf3
                0x0000ca34                __aeabi_fsub
                0x0000ca38                __aeabi_fadd
                0x0000ca38                __addsf3
                0x0000cb98                __aeabi_ui2f
                0x0000cb98                __floatunsisf
                0x0000cba0                __aeabi_i2f
                0x0000cba0                __floatsisf
                0x0000cbbc                __aeabi_ul2f
                0x0000cbbc                __floatundisf
                0x0000cbcc                __aeabi_l2f
                0x0000cbcc                __floatdisf
 .text          0x0000cc48      0x2a0 c:/program files (x86)/cypress/psoc creator/4.4/psoc creator/import/gnu/arm/5.4.1/bin/../lib/gcc/arm-none-eabi/5.4.1/armv7-m\libgcc.a(_arm_muldivsf3.o)
                0x0000cc48                __mulsf3
                0x0000cc48                __aeabi_fmul
                0x0000cdb0                __aeabi_fdiv
                0x0000cdb0                __divsf3
 .text          0x0000cee8       0xec c:/program files (x86)/cypress/psoc creator/4.4/psoc creator/import/gnu/arm/5.4.1/bin/../lib/gcc/arm-none-eabi/5.4.1/armv7-m\libgcc.a(_arm_cmpsf2.o)
                0x0000cee8                __gesf2
                0x0000cee8                __gtsf2
                0x0000cef0                __lesf2
                0x0000cef0                __ltsf2
                0x0000cef8                __nesf2
                0x0000cef8                __eqsf2
                0x0000cef8                __cmpsf2
                0x0000cf58                __aeabi_cfrcmple
                0x0000cf60                __aeabi_cfcmpeq
                0x0000cf60                __aeabi_cfcmple
                0x0000cf70                __aeabi_fcmpeq
                0x0000cf84                __aeabi_fcmplt
                0x0000cf98                __aeabi_fcmple
                0x0000cfac                __aeabi_fcmpge
                0x0000cfc0                __aeabi_fcmpgt
 .text          0x0000cfd4       0x2c c:/program files (x86)/cypress/psoc creator/4.4/psoc creator/import/gnu/arm/5.4.1/bin/../lib/gcc/arm-none-eabi/5.4.1/armv7-m\libgcc.a(_arm_unordsf2.o)
                0x0000cfd4                __unordsf2
                0x0000cfd4                __aeabi_fcmpun
 .text          0x0000d000       0x4c c:/program files (x86)/cypress/psoc creator/4.4/psoc creator/import/gnu/arm/5.4.1/bin/../lib/gcc/arm-none-eabi/5.4.1/armv7-m\libgcc.a(_arm_fixsfsi.o)
                0x0000d000                __aeabi_f2iz
                0x0000d000                __fixsfsi
 .text          0x0000d04c       0x40 c:/program files (x86)/cypress/psoc creator/4.4/psoc creator/import/gnu/arm/5.4.1/bin/../lib/gcc/arm-none-eabi/5.4.1/armv7-m\libgcc.a(_arm_fixunssfsi.o)
                0x0000d04c                __fixunssfsi
                0x0000d04c                __aeabi_f2uiz
 .text.__errno  0x0000d08c        0xc c:/program files (x86)/cypress/psoc creator/4.4/psoc creator/import/gnu/arm/5.4.1/bin/../lib/gcc/arm-none-eabi/5.4.1/../../../../arm-none-eabi/lib/armv7-m\libg_nano.a(lib_a-errno.o)
                0x0000d08c                __errno
 .text.__libc_init_array
                0x0000d098       0x4c c:/program files (x86)/cypress/psoc creator/4.4/psoc creator/import/gnu/arm/5.4.1/bin/../lib/gcc/arm-none-eabi/5.4.1/../../../../arm-none-eabi/lib/armv7-m\libg_nano.a(lib_a-init.o)
                0x0000d098                __libc_init_array
 .text.memcpy   0x0000d0e4       0x16 c:/program files (x86)/cypress/psoc creator/4.4/psoc creator/import/gnu/arm/5.4.1/bin/../lib/gcc/arm-none-eabi/5.4.1/../../../../arm-none-eabi/lib/armv7-m\libg_nano.a(lib_a-memcpy-stub.o)
                0x0000d0e4                memcpy
 .text.memset   0x0000d0fa       0x10 c:/program files (x86)/cypress/psoc creator/4.4/psoc creator/import/gnu/arm/5.4.1/bin/../lib/gcc/arm-none-eabi/5.4.1/../../../../arm-none-eabi/lib/armv7-m\libg_nano.a(lib_a-memset.o)
                0x0000d0fa                memset
 .text.__cvt    0x0000d10a       0xc0 c:/program files (x86)/cypress/psoc creator/4.4/psoc creator/import/gnu/arm/5.4.1/bin/../lib/gcc/arm-none-eabi/5.4.1/../../../../arm-none-eabi/lib/armv7-m\libg_nano.a(lib_a-nano-vfprintf_float.o)
                0x0000d10a                __cvt
 .text.__exponent
                0x0000d1ca       0x62 c:/program files (x86)/cypress/psoc creator/4.4/psoc creator/import/gnu/arm/5.4.1/bin/../lib/gcc/arm-none-eabi/5.4.1/../../../../arm-none-eabi/lib/armv7-m\libg_nano.a(lib_a-nano-vfprintf_float.o)
                0x0000d1ca                __exponent
 .text._printf_float
                0x0000d22c      0x488 c:/program files (x86)/cypress/psoc creator/4.4/psoc creator/import/gnu/arm/5.4.1/bin/../lib/gcc/arm-none-eabi/5.4.1/../../../../arm-none-eabi/lib/armv7-m\libg_nano.a(lib_a-nano-vfprintf_float.o)
                0x0000d22c                _printf_float
 .text._printf_common
                0x0000d6b4       0xec c:/program files (x86)/cypress/psoc creator/4.4/psoc creator/import/gnu/arm/5.4.1/bin/../lib/gcc/arm-none-eabi/5.4.1/../../../../arm-none-eabi/lib/armv7-m\libg_nano.a(lib_a-nano-vfprintf_i.o)
                0x0000d6b4                _printf_common
 .text._printf_i
                0x0000d7a0      0x24c c:/program files (x86)/cypress/psoc creator/4.4/psoc creator/import/gnu/arm/5.4.1/bin/../lib/gcc/arm-none-eabi/5.4.1/../../../../arm-none-eabi/lib/armv7-m\libg_nano.a(lib_a-nano-vfprintf_i.o)
                0x0000d7a0                _printf_i
 .text.snprintf
                0x0000d9ec       0x64 c:/program files (x86)/cypress/psoc creator/4.4/psoc creator/import/gnu/arm/5.4.1/bin/../lib/gcc/arm-none-eabi/5.4.1/../../../../arm-none-eabi/lib/armv7-m\libg_nano.a(lib_a-snprintf.o)
                0x0000d9ec                sniprintf
                0x0000d9ec                snprintf
 .text.sprintf  0x0000da50       0x48 c:/program files (x86)/cypress/psoc creator/4.4/psoc creator/import/gnu/arm/5.4.1/bin/../lib/gcc/arm-none-eabi/5.4.1/../../../../arm-none-eabi/lib/armv7-m\libg_nano.a(lib_a-sprintf.o)
                0x0000da50                siprintf
                0x0000da50                sprintf
 .text          0x0000da98       0x10 c:/program files (x86)/cypress/psoc creator/4.4/psoc creator/import/gnu/arm/5.4.1/bin/../lib/gcc/arm-none-eabi/5.4.1/../../../../arm-none-eabi/lib/armv7-m\libg_nano.a(lib_a-strlen.o)
                0x0000da98                strlen
 .text.quorem   0x0000daa8      0x116 c:/program files (x86)/cypress/psoc creator/4.4/psoc creator/import/gnu/arm/5.4.1/bin/../lib/gcc/arm-none-eabi/5.4.1/../../../../arm-none-eabi/lib/armv7-m\libg_nano.a(lib_a-dtoa.o)
 *fill*         0x0000dbbe        0x2 
 .text._dtoa_r  0x0000dbc0      0xb30 c:/program files (x86)/cypress/psoc creator/4.4/psoc creator/import/gnu/arm/5.4.1/bin/../lib/gcc/arm-none-eabi/5.4.1/../../../../arm-none-eabi/lib/armv7-m\libg_nano.a(lib_a-dtoa.o)
                0x0000dbc0                _dtoa_r
 .text._localeconv_r
                0x0000e6f0        0x8 c:/program files (x86)/cypress/psoc creator/4.4/psoc creator/import/gnu/arm/5.4.1/bin/../lib/gcc/arm-none-eabi/5.4.1/../../../../arm-none-eabi/lib/armv7-m\libg_nano.a(lib_a-locale.o)
                0x0000e6f0                _localeconv_r
 .text.malloc   0x0000e6f8       0x10 c:/program files (x86)/cypress/psoc creator/4.4/psoc creator/import/gnu/arm/5.4.1/bin/../lib/gcc/arm-none-eabi/5.4.1/../../../../arm-none-eabi/lib/armv7-m\libg_nano.a(lib_a-malloc.o)
                0x0000e6f8                malloc
 .text.memchr   0x0000e708       0x1c c:/program files (x86)/cypress/psoc creator/4.4/psoc creator/import/gnu/arm/5.4.1/bin/../lib/gcc/arm-none-eabi/5.4.1/../../../../arm-none-eabi/lib/armv7-m\libg_nano.a(lib_a-memchr-stub.o)
                0x0000e708                memchr
 .text._Balloc  0x0000e724       0x6a c:/program files (x86)/cypress/psoc creator/4.4/psoc creator/import/gnu/arm/5.4.1/bin/../lib/gcc/arm-none-eabi/5.4.1/../../../../arm-none-eabi/lib/armv7-m\libg_nano.a(lib_a-mprec.o)
                0x0000e724                _Balloc
 .text._Bfree   0x0000e78e       0x2e c:/program files (x86)/cypress/psoc creator/4.4/psoc creator/import/gnu/arm/5.4.1/bin/../lib/gcc/arm-none-eabi/5.4.1/../../../../arm-none-eabi/lib/armv7-m\libg_nano.a(lib_a-mprec.o)
                0x0000e78e                _Bfree
 .text.__multadd
                0x0000e7bc       0x76 c:/program files (x86)/cypress/psoc creator/4.4/psoc creator/import/gnu/arm/5.4.1/bin/../lib/gcc/arm-none-eabi/5.4.1/../../../../arm-none-eabi/lib/armv7-m\libg_nano.a(lib_a-mprec.o)
                0x0000e7bc                __multadd
 .text.__hi0bits
                0x0000e832       0x40 c:/program files (x86)/cypress/psoc creator/4.4/psoc creator/import/gnu/arm/5.4.1/bin/../lib/gcc/arm-none-eabi/5.4.1/../../../../arm-none-eabi/lib/armv7-m\libg_nano.a(lib_a-mprec.o)
                0x0000e832                __hi0bits
 .text.__lo0bits
                0x0000e872       0x5a c:/program files (x86)/cypress/psoc creator/4.4/psoc creator/import/gnu/arm/5.4.1/bin/../lib/gcc/arm-none-eabi/5.4.1/../../../../arm-none-eabi/lib/armv7-m\libg_nano.a(lib_a-mprec.o)
                0x0000e872                __lo0bits
 .text.__i2b    0x0000e8cc       0x12 c:/program files (x86)/cypress/psoc creator/4.4/psoc creator/import/gnu/arm/5.4.1/bin/../lib/gcc/arm-none-eabi/5.4.1/../../../../arm-none-eabi/lib/armv7-m\libg_nano.a(lib_a-mprec.o)
                0x0000e8cc                __i2b
 .text.__multiply
                0x0000e8de      0x120 c:/program files (x86)/cypress/psoc creator/4.4/psoc creator/import/gnu/arm/5.4.1/bin/../lib/gcc/arm-none-eabi/5.4.1/../../../../arm-none-eabi/lib/armv7-m\libg_nano.a(lib_a-mprec.o)
                0x0000e8de                __multiply
 *fill*         0x0000e9fe        0x2 
 .text.__pow5mult
                0x0000ea00       0x9c c:/program files (x86)/cypress/psoc creator/4.4/psoc creator/import/gnu/arm/5.4.1/bin/../lib/gcc/arm-none-eabi/5.4.1/../../../../arm-none-eabi/lib/armv7-m\libg_nano.a(lib_a-mprec.o)
                0x0000ea00                __pow5mult
 .text.__lshift
                0x0000ea9c       0xa2 c:/program files (x86)/cypress/psoc creator/4.4/psoc creator/import/gnu/arm/5.4.1/bin/../lib/gcc/arm-none-eabi/5.4.1/../../../../arm-none-eabi/lib/armv7-m\libg_nano.a(lib_a-mprec.o)
                0x0000ea9c                __lshift
 .text.__mcmp   0x0000eb3e       0x38 c:/program files (x86)/cypress/psoc creator/4.4/psoc creator/import/gnu/arm/5.4.1/bin/../lib/gcc/arm-none-eabi/5.4.1/../../../../arm-none-eabi/lib/armv7-m\libg_nano.a(lib_a-mprec.o)
                0x0000eb3e                __mcmp
 .text.__mdiff  0x0000eb76       0xbe c:/program files (x86)/cypress/psoc creator/4.4/psoc creator/import/gnu/arm/5.4.1/bin/../lib/gcc/arm-none-eabi/5.4.1/../../../../arm-none-eabi/lib/armv7-m\libg_nano.a(lib_a-mprec.o)
                0x0000eb76                __mdiff
 .text.__d2b    0x0000ec34       0x9c c:/program files (x86)/cypress/psoc creator/4.4/psoc creator/import/gnu/arm/5.4.1/bin/../lib/gcc/arm-none-eabi/5.4.1/../../../../arm-none-eabi/lib/armv7-m\libg_nano.a(lib_a-mprec.o)
                0x0000ec34                __d2b
 .text._calloc_r
                0x0000ecd0       0x1c c:/program files (x86)/cypress/psoc creator/4.4/psoc creator/import/gnu/arm/5.4.1/bin/../lib/gcc/arm-none-eabi/5.4.1/../../../../arm-none-eabi/lib/armv7-m\libg_nano.a(lib_a-nano-callocr.o)
                0x0000ecd0                _calloc_r
 .text._free_r  0x0000ecec       0x98 c:/program files (x86)/cypress/psoc creator/4.4/psoc creator/import/gnu/arm/5.4.1/bin/../lib/gcc/arm-none-eabi/5.4.1/../../../../arm-none-eabi/lib/armv7-m\libg_nano.a(lib_a-nano-freer.o)
                0x0000ecec                _free_r
 .text._malloc_r
                0x0000ed84       0xbc c:/program files (x86)/cypress/psoc creator/4.4/psoc creator/import/gnu/arm/5.4.1/bin/../lib/gcc/arm-none-eabi/5.4.1/../../../../arm-none-eabi/lib/armv7-m\libg_nano.a(lib_a-nano-mallocr.o)
                0x0000ed84                _malloc_r
 .text.__ssputs_r
                0x0000ee40       0xb2 c:/program files (x86)/cypress/psoc creator/4.4/psoc creator/import/gnu/arm/5.4.1/bin/../lib/gcc/arm-none-eabi/5.4.1/../../../../arm-none-eabi/lib/armv7-m\libg_nano.a(lib_a-nano-svfprintf.o)
                0x0000ee40                __ssputs_r
 *fill*         0x0000eef2        0x2 
 .text._svfprintf_r
                0x0000eef4      0x1e8 c:/program files (x86)/cypress/psoc creator/4.4/psoc creator/import/gnu/arm/5.4.1/bin/../lib/gcc/arm-none-eabi/5.4.1/../../../../arm-none-eabi/lib/armv7-m\libg_nano.a(lib_a-nano-svfprintf.o)
                0x0000eef4                _svfiprintf_r
                0x0000eef4                _svfprintf_r
 .text._sbrk_r  0x0000f0dc       0x20 c:/program files (x86)/cypress/psoc creator/4.4/psoc creator/import/gnu/arm/5.4.1/bin/../lib/gcc/arm-none-eabi/5.4.1/../../../../arm-none-eabi/lib/armv7-m\libg_nano.a(lib_a-sbrkr.o)
                0x0000f0dc                _sbrk_r
 .text.memmove  0x0000f0fc       0x36 c:/program files (x86)/cypress/psoc creator/4.4/psoc creator/import/gnu/arm/5.4.1/bin/../lib/gcc/arm-none-eabi/5.4.1/../../../../arm-none-eabi/lib/armv7-m\libg_nano.a(lib_a-memmove.o)
                0x0000f0fc                memmove
 .text.__malloc_lock
                0x0000f132        0x2 c:/program files (x86)/cypress/psoc creator/4.4/psoc creator/import/gnu/arm/5.4.1/bin/../lib/gcc/arm-none-eabi/5.4.1/../../../../arm-none-eabi/lib/armv7-m\libg_nano.a(lib_a-mlock.o)
                0x0000f132                __malloc_lock
 .text.__malloc_unlock
                0x0000f134        0x2 c:/program files (x86)/cypress/psoc creator/4.4/psoc creator/import/gnu/arm/5.4.1/bin/../lib/gcc/arm-none-eabi/5.4.1/../../../../arm-none-eabi/lib/armv7-m\libg_nano.a(lib_a-mlock.o)
                0x0000f134                __malloc_unlock
 .text._realloc_r
                0x0000f136       0x4c c:/program files (x86)/cypress/psoc creator/4.4/psoc creator/import/gnu/arm/5.4.1/bin/../lib/gcc/arm-none-eabi/5.4.1/../../../../arm-none-eabi/lib/armv7-m\libg_nano.a(lib_a-nano-reallocr.o)
                0x0000f136                _realloc_r
 .text._malloc_usable_size_r
                0x0000f182       0x14 c:/program files (x86)/cypress/psoc creator/4.4/psoc creator/import/gnu/arm/5.4.1/bin/../lib/gcc/arm-none-eabi/5.4.1/../../../../arm-none-eabi/lib/armv7-m\libg_nano.a(lib_a-nano-msizer.o)
                0x0000f182                _malloc_usable_size_r
 *(.plt)
 *(.gnu.warning)
 *(.glue_7t)
 .glue_7t       0x0000f196        0x0 linker stubs
 *(.glue_7)
 .glue_7        0x0000f196        0x0 linker stubs
 *(.vfp11_veneer)
 .vfp11_veneer  0x0000f196        0x0 linker stubs
 *(.bootloader)
 *(.ARM.extab* .gnu.linkonce.armextab.*)
 *(.gcc_except_table)

.v4_bx          0x0000f198        0x0
 .v4_bx         0x0000f198        0x0 linker stubs

.iplt           0x0000f198        0x0
 .iplt          0x0000f198        0x0 c:/program files (x86)/cypress/psoc creator/4.4/psoc creator/import/gnu/arm/5.4.1/bin/../lib/gcc/arm-none-eabi/5.4.1/armv7-m/crtbegin.o

.eh_frame_hdr
 *(.eh_frame_hdr)

.eh_frame       0x0000f198        0x4
 *(.eh_frame)
 .eh_frame      0x0000f198        0x0 c:/program files (x86)/cypress/psoc creator/4.4/psoc creator/import/gnu/arm/5.4.1/bin/../lib/gcc/arm-none-eabi/5.4.1/armv7-m/crtbegin.o
 .eh_frame      0x0000f198        0x4 c:/program files (x86)/cypress/psoc creator/4.4/psoc creator/import/gnu/arm/5.4.1/bin/../lib/gcc/arm-none-eabi/5.4.1/armv7-m/crtend.o
                [!provide]                PROVIDE (__exidx_start, .)

.ARM.exidx
 *(.ARM.exidx* .gnu.linkonce.armexidx.*)
                0x0000f19c                __exidx_end = .

.rodata         0x0000f1a0     0x1440
 *(.rodata .rodata.* .gnu.linkonce.r.*)
 .rodata        0x0000f1a0       0xe6 .\ARM_GCC_541\Debug\main.o
 *fill*         0x0000f286        0x2 
 .rodata        0x0000f288      0x474 .\ARM_GCC_541\Debug\app_statemachine.o
 .rodata        0x0000f6fc      0x100 .\ARM_GCC_541\Debug\sbc_comms.o
 .rodata        0x0000f7fc       0xb9 .\ARM_GCC_541\Debug\app_state_stby.o
 *fill*         0x0000f8b5        0x3 
 .rodata        0x0000f8b8       0xa8 .\ARM_GCC_541\Debug\app_state_manu.o
 .rodata        0x0000f960      0x376 .\ARM_GCC_541\Debug\app_state_auto.o
 *fill*         0x0000fcd6        0x2 
 .rodata        0x0000fcd8       0xc5 .\ARM_GCC_541\Debug\app_state_error.o
 *fill*         0x0000fd9d        0x3 
 .rodata        0x0000fda0       0x4b .\ARM_GCC_541\Debug\utils.o
 *fill*         0x0000fdeb        0x1 
 .rodata        0x0000fdec        0x4 .\ARM_GCC_541\Debug\hamfly_core_telemetry.o
 .rodata        0x0000fdf0       0x36 .\ARM_GCC_541\Debug\cyfitter_cfg.o
 *fill*         0x0000fe26        0x2 
 .rodata        0x0000fe28       0x11 .\ARM_GCC_541\Debug\Proj08_DemoTxIntegration.a(USBFS_DEBUG_std.o)
 *fill*         0x0000fe39        0x3 
 .rodata        0x0000fe3c      0x208 .\ARM_GCC_541\Debug\Proj08_DemoTxIntegration.a(USBFS_DEBUG_descr.o)
                0x0000fe3c                USBFS_DEBUG_DEVICE0_DESCR
                0x0000fe50                USBFS_DEBUG_DEVICE0_CONFIGURATION0_DESCR
                0x0000fe9c                USBFS_DEBUG_STRING_DESCRIPTORS
                0x0000ffdc                USBFS_DEBUG_SN_STRING_DESCRIPTOR
                0x0000ffe0                USBFS_DEBUG_DEVICE0_CONFIGURATION0_EP_SETTINGS_TABLE
                0x0000fff8                USBFS_DEBUG_DEVICE0_CONFIGURATION0_INTERFACE_CLASS
                0x0000fffc                USBFS_DEBUG_DEVICE0_CONFIGURATION0_TABLE
                0x00010024                USBFS_DEBUG_DEVICE0_TABLE
                0x0001003c                USBFS_DEBUG_TABLE
 .rodata.str1.4
                0x00010044        0x9 c:/program files (x86)/cypress/psoc creator/4.4/psoc creator/import/gnu/arm/5.4.1/bin/../lib/gcc/arm-none-eabi/5.4.1/../../../../arm-none-eabi/lib/armv7-m\libm.a(lib_a-wf_asin.o)
 *fill*         0x0001004d        0x3 
 .rodata.str1.4
                0x00010050        0x8 c:/program files (x86)/cypress/psoc creator/4.4/psoc creator/import/gnu/arm/5.4.1/bin/../lib/gcc/arm-none-eabi/5.4.1/../../../../arm-none-eabi/lib/armv7-m\libm.a(lib_a-wf_sqrt.o)
                                  0x6 (size before relaxing)
 .rodata.npio2_hw
                0x00010058       0x80 c:/program files (x86)/cypress/psoc creator/4.4/psoc creator/import/gnu/arm/5.4.1/bin/../lib/gcc/arm-none-eabi/5.4.1/../../../../arm-none-eabi/lib/armv7-m\libm.a(lib_a-ef_rem_pio2.o)
 .rodata.two_over_pi
                0x000100d8      0x318 c:/program files (x86)/cypress/psoc creator/4.4/psoc creator/import/gnu/arm/5.4.1/bin/../lib/gcc/arm-none-eabi/5.4.1/../../../../arm-none-eabi/lib/armv7-m\libm.a(lib_a-ef_rem_pio2.o)
 .rodata.init_jk
                0x000103f0        0xc c:/program files (x86)/cypress/psoc creator/4.4/psoc creator/import/gnu/arm/5.4.1/bin/../lib/gcc/arm-none-eabi/5.4.1/../../../../arm-none-eabi/lib/armv7-m\libm.a(lib_a-kf_rem_pio2.o)
 .rodata.PIo2   0x000103fc       0x2c c:/program files (x86)/cypress/psoc creator/4.4/psoc creator/import/gnu/arm/5.4.1/bin/../lib/gcc/arm-none-eabi/5.4.1/../../../../arm-none-eabi/lib/armv7-m\libm.a(lib_a-kf_rem_pio2.o)
 .rodata.atanlo
                0x00010428       0x10 c:/program files (x86)/cypress/psoc creator/4.4/psoc creator/import/gnu/arm/5.4.1/bin/../lib/gcc/arm-none-eabi/5.4.1/../../../../arm-none-eabi/lib/armv7-m\libm.a(lib_a-sf_atan.o)
 .rodata.atanhi
                0x00010438       0x10 c:/program files (x86)/cypress/psoc creator/4.4/psoc creator/import/gnu/arm/5.4.1/bin/../lib/gcc/arm-none-eabi/5.4.1/../../../../arm-none-eabi/lib/armv7-m\libm.a(lib_a-sf_atan.o)
 .rodata.str1.1
                0x00010448        0x2 c:/program files (x86)/cypress/psoc creator/4.4/psoc creator/import/gnu/arm/5.4.1/bin/../lib/gcc/arm-none-eabi/5.4.1/../../../../arm-none-eabi/lib/armv7-m\libg_nano.a(lib_a-impure.o)
 .rodata.str1.1
                0x0001044a       0x12 c:/program files (x86)/cypress/psoc creator/4.4/psoc creator/import/gnu/arm/5.4.1/bin/../lib/gcc/arm-none-eabi/5.4.1/../../../../arm-none-eabi/lib/armv7-m\libg_nano.a(lib_a-nano-vfprintf_float.o)
 .rodata.str1.1
                0x0001045c       0x22 c:/program files (x86)/cypress/psoc creator/4.4/psoc creator/import/gnu/arm/5.4.1/bin/../lib/gcc/arm-none-eabi/5.4.1/../../../../arm-none-eabi/lib/armv7-m\libg_nano.a(lib_a-nano-vfprintf_i.o)
 .rodata.str1.1
                0x0001047e        0xd c:/program files (x86)/cypress/psoc creator/4.4/psoc creator/import/gnu/arm/5.4.1/bin/../lib/gcc/arm-none-eabi/5.4.1/../../../../arm-none-eabi/lib/armv7-m\libg_nano.a(lib_a-dtoa.o)
                                  0xf (size before relaxing)
 .rodata.str1.1
                0x0001048b        0x8 c:/program files (x86)/cypress/psoc creator/4.4/psoc creator/import/gnu/arm/5.4.1/bin/../lib/gcc/arm-none-eabi/5.4.1/../../../../arm-none-eabi/lib/armv7-m\libg_nano.a(lib_a-locale.o)
                                  0xb (size before relaxing)
 *fill*         0x00010493        0x5 
 .rodata.__mprec_tens
                0x00010498       0xc8 c:/program files (x86)/cypress/psoc creator/4.4/psoc creator/import/gnu/arm/5.4.1/bin/../lib/gcc/arm-none-eabi/5.4.1/../../../../arm-none-eabi/lib/armv7-m\libg_nano.a(lib_a-mprec.o)
                0x00010498                __mprec_tens
 .rodata.p05.5408
                0x00010560        0xc c:/program files (x86)/cypress/psoc creator/4.4/psoc creator/import/gnu/arm/5.4.1/bin/../lib/gcc/arm-none-eabi/5.4.1/../../../../arm-none-eabi/lib/armv7-m\libg_nano.a(lib_a-mprec.o)
 *fill*         0x0001056c        0x4 
 .rodata.__mprec_bigtens
                0x00010570       0x28 c:/program files (x86)/cypress/psoc creator/4.4/psoc creator/import/gnu/arm/5.4.1/bin/../lib/gcc/arm-none-eabi/5.4.1/../../../../arm-none-eabi/lib/armv7-m\libg_nano.a(lib_a-mprec.o)
                0x00010570                __mprec_bigtens
 .rodata.str1.1
                0x00010598       0x11 c:/program files (x86)/cypress/psoc creator/4.4/psoc creator/import/gnu/arm/5.4.1/bin/../lib/gcc/arm-none-eabi/5.4.1/../../../../arm-none-eabi/lib/armv7-m\libg_nano.a(lib_a-nano-svfprintf.o)
                0x000105ac                . = ALIGN (0x4)
 *fill*         0x000105a9        0x3 
 *(.init)
 .init          0x000105ac        0x4 c:/program files (x86)/cypress/psoc creator/4.4/psoc creator/import/gnu/arm/5.4.1/bin/../lib/gcc/arm-none-eabi/5.4.1/armv7-m/crti.o
                0x000105ac                _init
 .init          0x000105b0        0x8 c:/program files (x86)/cypress/psoc creator/4.4/psoc creator/import/gnu/arm/5.4.1/bin/../lib/gcc/arm-none-eabi/5.4.1/armv7-m/crtn.o
                0x000105b8                . = ALIGN (0x4)
                0x000105b8                __preinit_array_start = .
 *(.preinit_array)
                0x000105b8                __preinit_array_end = .
                0x000105b8                . = ALIGN (0x4)
                0x000105b8                __init_array_start = .
 *(SORT(.init_array.*))
 *(.init_array)
 .init_array    0x000105b8        0x4 c:/program files (x86)/cypress/psoc creator/4.4/psoc creator/import/gnu/arm/5.4.1/bin/../lib/gcc/arm-none-eabi/5.4.1/armv7-m/crtbegin.o
 .init_array    0x000105bc        0x4 .\ARM_GCC_541\Debug\Cm3Start.o
                0x000105c0                __init_array_end = .
                0x000105c0                . = ALIGN (0x4)
 *(.fini)
 .fini          0x000105c0        0x4 c:/program files (x86)/cypress/psoc creator/4.4/psoc creator/import/gnu/arm/5.4.1/bin/../lib/gcc/arm-none-eabi/5.4.1/armv7-m/crti.o
                0x000105c0                _fini
 .fini          0x000105c4        0x8 c:/program files (x86)/cypress/psoc creator/4.4/psoc creator/import/gnu/arm/5.4.1/bin/../lib/gcc/arm-none-eabi/5.4.1/armv7-m/crtn.o
                0x000105cc                . = ALIGN (0x4)
                0x000105cc                __fini_array_start = .
 *(.fini_array)
 .fini_array    0x000105cc        0x4 c:/program files (x86)/cypress/psoc creator/4.4/psoc creator/import/gnu/arm/5.4.1/bin/../lib/gcc/arm-none-eabi/5.4.1/armv7-m/crtbegin.o
 *(SORT(.fini_array.*))
                0x000105d0                __fini_array_end = .
                0x000105d0                . = ALIGN (0x4)
 *crtbegin.o(.ctors)
 *(EXCLUDE_FILE(*crtend.o) .ctors)
 *(SORT(.ctors.*))
 *crtend.o(.ctors)
                0x000105d0                . = ALIGN (0x4)
 *crtbegin.o(.dtors)
 *(EXCLUDE_FILE(*crtend.o) .dtors)
 *(SORT(.dtors.*))
 *crtend.o(.dtors)
                0x000105d0                . = ALIGN (0x4)
                0x000105d0                __cy_regions = .
                0x000105d0        0x4 LONG 0x105e0 __cy_region_init_ram
                0x000105d4        0x4 LONG 0x1fff80c8 __cy_region_start_data
                0x000105d8        0x4 LONG 0x180 __cy_region_init_size_ram
                0x000105dc        0x4 LONG 0x600 __cy_region_zero_size_ram
                0x000105e0                __cy_regions_end = .
                0x000105e0                . = ALIGN (0x8)
                0x000105e0                _etext = .

.cy_checksum_exclude
                0x000105e0        0x0
 *(.cy_checksum_exclude)

.ramvectors     0x1fff8000       0xc0
                0x1fff8000                __cy_region_start_ram = .
 *(.ramvectors)
 .ramvectors    0x1fff8000       0xc0 .\ARM_GCC_541\Debug\Cm3Start.o
                0x1fff8000                CyRamVectors

.noinit         0x1fff80c0        0x5
 *(.noinit)
 .noinit        0x1fff80c0        0x4 .\ARM_GCC_541\Debug\Cm3Start.o
 .noinit        0x1fff80c4        0x1 .\ARM_GCC_541\Debug\Proj08_DemoTxIntegration.a(CyLib.o)
                0x1fff80c4                CyResetStatus

.data           0x1fff80c8      0x180 load address 0x000105e0
                0x1fff80c8                __cy_region_start_data = .
 *(.jcr)
 .jcr           0x1fff80c8        0x0 c:/program files (x86)/cypress/psoc creator/4.4/psoc creator/import/gnu/arm/5.4.1/bin/../lib/gcc/arm-none-eabi/5.4.1/armv7-m/crtbegin.o