Archive member included to satisfy reference by file (symbol)

.\ARM_GCC_541\Debug\Proj08_DemoTxIntegration.a(UART_MOVI.o)
                              .\ARM_GCC_541\Debug\main.o (UART_MOVI_Start)
.\ARM_GCC_541\Debug\Proj08_DemoTxIntegration.a(isr_rx_movi.o)
                              .\ARM_GCC_541\Debug\main.o (isr_rx_movi_StartEx)
.\ARM_GCC_541\Debug\Proj08_DemoTxIntegration.a(Looptimer.o)
                              .\ARM_GCC_541\Debug\main.o (Looptimer_Start)
.\ARM_GCC_541\Debug\Proj08_DemoTxIntegration.a(isr_Looptimer.o)
                              .\ARM_GCC_541\Debug\main.o (isr_Looptimer_StartEx)
.\ARM_GCC_541\Debug\Proj08_DemoTxIntegration.a(EEPROM_CONFIG.o)
                              .\ARM_GCC_541\Debug\psoc_eeprom.o (EEPROM_CONFIG_Start)
.\ARM_GCC_541\Debug\Proj08_DemoTxIntegration.a(CyFlash.o)
                              .\ARM_GCC_541\Debug\Proj08_DemoTxIntegration.a(EEPROM_CONFIG.o) (dieTemperature)
.\ARM_GCC_541\Debug\Proj08_DemoTxIntegration.a(CyLib.o)
                              .\ARM_GCC_541\Debug\Cm3Start.o (CyResetStatus)
.\ARM_GCC_541\Debug\Proj08_DemoTxIntegration.a(cyPm.o)
                              .\ARM_GCC_541\Debug\Proj08_DemoTxIntegration.a(CyLib.o) (CyPmReadStatus)
.\ARM_GCC_541\Debug\Proj08_DemoTxIntegration.a(CySpc.o)
                              .\ARM_GCC_541\Debug\Proj08_DemoTxIntegration.a(EEPROM_CONFIG.o) (CySpcStart)
.\ARM_GCC_541\Debug\Proj08_DemoTxIntegration.a(UART_SBC.o)
                              .\ARM_GCC_541\Debug\main.o (UART_SBC_Start)
.\ARM_GCC_541\Debug\Proj08_DemoTxIntegration.a(isr_rx_sbc.o)
                              .\ARM_GCC_541\Debug\main.o (isr_rx_sbc_StartEx)
.\ARM_GCC_541\Debug\Proj08_DemoTxIntegration.a(UART_SBC_IntClock.o)
                              .\ARM_GCC_541\Debug\Proj08_DemoTxIntegration.a(UART_SBC.o) (UART_SBC_IntClock_Start)
.\ARM_GCC_541\Debug\Proj08_DemoTxIntegration.a(Pin_Debug_SuperLoop.o)
                              .\ARM_GCC_541\Debug\main.o (Pin_Debug_SuperLoop_Write)
.\ARM_GCC_541\Debug\Proj08_DemoTxIntegration.a(Pin_Debug_CoarseCentroid.o)
                              .\ARM_GCC_541\Debug\sbc_comms.o (Pin_Debug_CoarseCentroid_Write)
.\ARM_GCC_541\Debug\Proj08_DemoTxIntegration.a(Pin_SwitchAuto.o)
                              .\ARM_GCC_541\Debug\app_statemachine.o (Pin_SwitchAuto_Read)
.\ARM_GCC_541\Debug\Proj08_DemoTxIntegration.a(VDAC8_3v3Ref.o)
                              .\ARM_GCC_541\Debug\main.o (VDAC8_3v3Ref_Start)
.\ARM_GCC_541\Debug\Proj08_DemoTxIntegration.a(USBFS_DEBUG.o)
                              .\ARM_GCC_541\Debug\debug_usbcdc.o (USBFS_DEBUG_Start)
.\ARM_GCC_541\Debug\Proj08_DemoTxIntegration.a(USBFS_DEBUG_cdc.o)
                              .\ARM_GCC_541\Debug\debug_usbcdc.o (USBFS_DEBUG_CDC_Init)
.\ARM_GCC_541\Debug\Proj08_DemoTxIntegration.a(USBFS_DEBUG_drv.o)
                              .\ARM_GCC_541\Debug\Proj08_DemoTxIntegration.a(USBFS_DEBUG.o) (USBFS_DEBUG_EP)
.\ARM_GCC_541\Debug\Proj08_DemoTxIntegration.a(USBFS_DEBUG_episr.o)
                              .\ARM_GCC_541\Debug\Proj08_DemoTxIntegration.a(USBFS_DEBUG.o) (USBFS_DEBUG_EP_1_ISR)
.\ARM_GCC_541\Debug\Proj08_DemoTxIntegration.a(USBFS_DEBUG_pm.o)
                              .\ARM_GCC_541\Debug\Proj08_DemoTxIntegration.a(USBFS_DEBUG.o) (USBFS_DEBUG_DP_ISR)
.\ARM_GCC_541\Debug\Proj08_DemoTxIntegration.a(USBFS_DEBUG_std.o)
                              .\ARM_GCC_541\Debug\Proj08_DemoTxIntegration.a(USBFS_DEBUG_drv.o) (USBFS_DEBUG_HandleStandardRqst)
.\ARM_GCC_541\Debug\Proj08_DemoTxIntegration.a(USBFS_DEBUG_vnd.o)
                              .\ARM_GCC_541\Debug\Proj08_DemoTxIntegration.a(USBFS_DEBUG_drv.o) (USBFS_DEBUG_HandleVendorRqst)
.\ARM_GCC_541\Debug\Proj08_DemoTxIntegration.a(USBFS_DEBUG_Dp.o)
                              .\ARM_GCC_541\Debug\Proj08_DemoTxIntegration.a(USBFS_DEBUG.o) (USBFS_DEBUG_Dp_ClearInterrupt)
.\ARM_GCC_541\Debug\Proj08_DemoTxIntegration.a(CyBootAsmGnu.o)
                              .\ARM_GCC_541\Debug\cyfitter_cfg.o (CyDelayCycles)
.\ARM_GCC_541\Debug\Proj08_DemoTxIntegration.a(USBFS_DEBUG_cls.o)
                              .\ARM_GCC_541\Debug\Proj08_DemoTxIntegration.a(USBFS_DEBUG_drv.o) (USBFS_DEBUG_DispatchClassRqst)
.\ARM_GCC_541\Debug\Proj08_DemoTxIntegration.a(USBFS_DEBUG_descr.o)
                              .\ARM_GCC_541\Debug\Proj08_DemoTxIntegration.a(USBFS_DEBUG_std.o) (USBFS_DEBUG_DEVICE0_DESCR)
c:/program files (x86)/cypress/psoc creator/4.4/psoc creator/import/gnu/arm/5.4.1/bin/../lib/gcc/arm-none-eabi/5.4.1/../../../../arm-none-eabi/lib/armv7-m\libm.a(lib_a-s_cos.o)
                              .\ARM_GCC_541\Debug\hamfly_core_gimbal.o (cos)
c:/program files (x86)/cypress/psoc creator/4.4/psoc creator/import/gnu/arm/5.4.1/bin/../lib/gcc/arm-none-eabi/5.4.1/../../../../arm-none-eabi/lib/armv7-m\libm.a(lib_a-sf_cos.o)
                              .\ARM_GCC_541\Debug\app_state_auto.o (cosf)
[...]
Memory Configuration

Name             Origin             Length             Attributes
rom              0x00000000         0x00040000         xr
ram              0x1fff8000         0x00010000         xrw
*default*        0x00000000         0xffffffff

Linker script and memory map

LOAD c:/program files (x86)/cypress/psoc creator/4.4/psoc creator/import/gnu/arm/5.4.1/bin/../lib/gcc/arm-none-eabi/5.4.1/armv7-m/crti.o
LOAD c:/program files (x86)/cypress/psoc creator/4.4/psoc creator/import/gnu/arm/5.4.1/bin/../lib/gcc/arm-none-eabi/5.4.1/armv7-m/crtbegin.o
LOAD c:/program files (x86)/cypress/psoc creator/4.4/psoc creator/import/gnu/arm/5.4.1/bin/../lib/gcc/arm-none-eabi/5.4.1/../../../../arm-none-eabi/lib/armv7-m/crt0.o
START GROUP
LOAD .\ARM_GCC_541\Debug\main.o
LOAD .\ARM_GCC_541\Debug\psoc_eeprom.o
LOAD .\ARM_GCC_541\Debug\app_ctx.o
LOAD .\ARM_GCC_541\Debug\app_statemachine.o
LOAD .\ARM_GCC_541\Debug\sbc_comms.o
LOAD .\ARM_GCC_541\Debug\telemetry.o
LOAD .\ARM_GCC_541\Debug\app_state_stby.o
LOAD .\ARM_GCC_541\Debug\app_state_manu.o
LOAD .\ARM_GCC_541\Debug\app_state_auto.o
LOAD .\ARM_GCC_541\Debug\app_state_error.o
LOAD .\ARM_GCC_541\Debug\utils.o
LOAD .\ARM_GCC_541\Debug\debug_usbcdc.o
LOAD .\ARM_GCC_541\Debug\hamfly_comm_rb.o
LOAD .\ARM_GCC_541\Debug\hamfly_comm_txbuf.o
LOAD .\ARM_GCC_541\Debug\hamfly_core_gimbal.o
LOAD .\ARM_GCC_541\Debug\hamfly_core_telemetry.o
LOAD .\ARM_GCC_541\Debug\hamfly_qx_app.o
LOAD .\ARM_GCC_541\Debug\hamfly_qx_protocol.o
LOAD .\ARM_GCC_541\Debug\cyfitter_cfg.o
LOAD .\ARM_GCC_541\Debug\cymetadata.o
LOAD .\ARM_GCC_541\Debug\Cm3Start.o
LOAD .\ARM_GCC_541\Debug\Proj08_DemoTxIntegration.a
LOAD C:\Program Files (x86)\Cypress\PSoC Creator\4.4\PSoC Creator\psoc\content\cycomponentlibrary\CyComponentLibrary.cylib\CortexM3\ARM_GCC_541\Debug\CyComponentLibrary.a
LOAD c:/program files (x86)/cypress/psoc creator/4.4/psoc creator/import/gnu/arm/5.4.1/bin/../lib/gcc/arm-none-eabi/5.4.1/../../../../arm-none-eabi/lib/armv7-m\libm.a
END GROUP
START GROUP
LOAD c:/program files (x86)/cypress/psoc creator/4.4/psoc creator/import/gnu/arm/5.4.1/bin/../lib/gcc/arm-none-eabi/5.4.1/armv7-m\libgcc.a
LOAD c:/program files (x86)/cypress/psoc creator/4.4/psoc creator/import/gnu/arm/5.4.1/bin/../lib/gcc/arm-none-eabi/5.4.1/../../../../arm-none-eabi/lib/armv7-m\libg_nano.a
LOAD c:/program files (x86)/cypress/psoc creator/4.4/psoc creator/import/gnu/arm/5.4.1/bin/../lib/gcc/arm-none-eabi/5.4.1/../../../../arm-none-eabi/lib/armv7-m\libc_nano.a
END GROUP
START GROUP
LOAD c:/program files (x86)/cypress/psoc creator/4.4/psoc creator/import/gnu/arm/5.4.1/bin/../lib/gcc/arm-none-eabi/5.4.1/armv7-m\libgcc.a
LOAD c:/program files (x86)/cypress/psoc creator/4.4/psoc creator/import/gnu/arm/5.4.1/bin/../lib/gcc/arm-none-eabi/5.4.1/../../../../arm-none-eabi/lib/armv7-m\libc_nano.a
END GROUP
LOAD c:/program files (x86)/cypress/psoc creator/4.4/psoc creator/import/gnu/arm/5.4.1/bin/../lib/gcc/arm-none-eabi/5.4.1/armv7-m/crtend.o
LOAD c:/program files (x86)/cypress/psoc creator/4.4/psoc creator/import/gnu/arm/5.4.1/bin/../lib/gcc/arm-none-eabi/5.4.1/armv7-m/crtn.o
START GROUP
LOAD c:/program files (x86)/cypress/psoc creator/4.4/psoc creator/import/gnu/arm/5.4.1/bin/../lib/gcc/arm-none-eabi/5.4.1/armv7-m\libgcc.a
LOAD c:/program files (x86)/cypress/psoc creator/4.4/psoc creator/import/gnu/arm/5.4.1/bin/../lib/gcc/arm-none-eabi/5.4.1/../../../../arm-none-eabi/lib/armv7-m\libc.a
LOAD c:/program files (x86)/cypress/psoc creator/4.4/psoc creator/import/gnu/arm/5.4.1/bin/../lib/gcc/arm-none-eabi/5.4.1/../../../../arm-none-eabi/lib/armv7-m\libnosys.a
END GROUP
                0x00000000                CY_APPL_ORIGIN = 0x0
                0x00000100                CY_FLASH_ROW_SIZE = 0x100
                0x00000020                CY_ECC_ROW_SIZE = 0x20
                0x00000000                CY_EE_IN_BTLDR = 0x0
                0x00000000                CY_APPL_LOADABLE = 0x0
                0x00000800                CY_EE_SIZE = 0x800
                0x00000001                CY_APPL_NUM = 0x1
                0x00000001                CY_APPL_MAX = 0x1
                0x00000040                CY_METADATA_SIZE = 0x40
                0x00000000                CY_APPL_LOADABLE = 0x0
                0x00000000                CY_CHECKSUM_EXCLUDE_SIZE = ALIGN (0x0, CY_FLASH_ROW_SIZE)
                [!provide]                PROVIDE (__cy_heap_start, _end)
                0x00000001                PROVIDE (__cy_region_num, ((__cy_regions_end - __cy_regions) / 0x10))
                0x20008000                PROVIDE (__cy_stack, (ORIGIN (ram) + LENGTH (ram)))
                [!provide]                PROVIDE (__cy_heap_end, (__cy_stack - 0x800))

.cybootloader   0x00000000        0x0
 *(.cybootloader)
                0x00000000                appl1_start = CY_APPL_ORIGIN?CY_APPL_ORIGIN:ALIGN (CY_FLASH_ROW_SIZE)
                0x0001ff00                appl2_start = (appl1_start + ALIGN ((((LENGTH (rom) - appl1_start) - (0x2 * CY_FLASH_ROW_SIZE)) / 0x2), CY_FLASH_ROW_SIZE))
                0x00000000                appl_start = (CY_APPL_NUM == 0x1)?appl1_start:appl2_start
                0x00000000                ecc_offset = ((appl_start / CY_FLASH_ROW_SIZE) * CY_ECC_ROW_SIZE)
                0x00000000                ee_offset = (CY_APPL_LOADABLE && ! (CY_EE_IN_BTLDR))?((CY_EE_SIZE / CY_APPL_MAX) * (CY_APPL_NUM - 0x1)):0x0
                0x00000800                ee_size = (CY_APPL_LOADABLE && ! (CY_EE_IN_BTLDR))?(CY_EE_SIZE / CY_APPL_MAX):CY_EE_SIZE
                [!provide]                PROVIDE (CY_ECC_OFFSET, ecc_offset)

.text           0x00000000     0xf056
 CREATE_OBJECT_SYMBOLS
                0x00000000                PROVIDE (__cy_interrupt_vector, RomVectors)
 *(.romvectors)
 .romvectors    0x00000000       0x10 .\ARM_GCC_541\Debug\Cm3Start.o
                0x00000000                RomVectors
                0x00000001                ASSERT ((. != __cy_interrupt_vector), No interrupt vector)
                0x00000001                ASSERT (CY_APPL_ORIGIN?(SIZEOF (.cybootloader) <= CY_APPL_ORIGIN):0x1, Wrong image location)
                0x00000010                PROVIDE (__cy_reset, Reset)
 *(.text.Reset)
 .text.Reset    0x00000010       0x18 .\ARM_GCC_541\Debug\Cm3Start.o
                0x00000010                Reset
                0x00000001                ASSERT ((. != __cy_reset), No reset code)
 *(.dma_init)
                0x00000001                ASSERT ((((appl_start + .) <= 0x10000) || 0x1), DMA Init must be within the first 64k of flash)
 *(.text .text.* .gnu.linkonce.t.*)
 .text          0x00000028       0x5c c:/program files (x86)/cypress/psoc creator/4.4/psoc creator/import/gnu/arm/5.4.1/bin/../lib/gcc/arm-none-eabi/5.4.1/armv7-m/crtbegin.o
 .text._hamfly_psoc5_putc
                0x00000084       0x1c .\ARM_GCC_541\Debug\main.o
 .text.psoc_get_tick
                0x000000a0       0x1c .\ARM_GCC_541\Debug\main.o
 .text.isr_rx_movi_Handler
                0x000000bc       0x58 .\ARM_GCC_541\Debug\main.o
                0x000000bc                isr_rx_movi_Handler
 .text.isr_Looptimer_Handler
                0x00000114       0x1c .\ARM_GCC_541\Debug\main.o
                0x00000114                isr_Looptimer_Handler
 .text.isr_rx_sbc_Handler
                0x00000130       0x50 .\ARM_GCC_541\Debug\main.o
                0x00000130                isr_rx_sbc_Handler
 .text.decomp   0x00000180       0xa8 .\ARM_GCC_541\Debug\main.o
 .text.main     0x00000228      0x280 .\ARM_GCC_541\Debug\main.o
                0x00000228                main
 .text.psoc_eeprom_init
                0x000004a8        0xc .\ARM_GCC_541\Debug\psoc_eeprom.o
                0x000004a8                psoc_eeprom_init
 .text.app_ctx_init
                0x000004b4       0x70 .\ARM_GCC_541\Debug\app_ctx.o
                0x000004b4                app_ctx_init
 .text.depth_of
                0x00000524       0x34 .\ARM_GCC_541\Debug\app_statemachine.o
 .text.lca      0x00000558       0x80 .\ARM_GCC_541\Debug\app_statemachine.o
 .text.app_transition
                0x000005d8      0x150 .\ARM_GCC_541\Debug\app_statemachine.o
                0x000005d8                app_transition
 .text.app_start
                0x00000728       0x28 .\ARM_GCC_541\Debug\app_statemachine.o
                0x00000728                app_start
 .text.app_raise_error
                0x00000750       0x68 .\ARM_GCC_541\Debug\app_statemachine.o
                0x00000750                app_raise_error
 .text.app_state_name
                0x000007b8       0x20 .\ARM_GCC_541\Debug\app_statemachine.o
                0x000007b8                app_state_name
 .text.app_telem_tick
                0x000007d8       0x80 .\ARM_GCC_541\Debug\app_statemachine.o
                0x000007d8                app_telem_tick
 .text.build_defer
                0x00000858       0x30 .\ARM_GCC_541\Debug\app_statemachine.o
                0x00000858                build_defer
 .text.build_hold
                0x00000888       0x30 .\ARM_GCC_541\Debug\app_statemachine.o
                0x00000888                build_hold
 .text.app_build_control
                0x000008b8       0x50 .\ARM_GCC_541\Debug\app_statemachine.o
                0x000008b8                app_build_control
 .text.set_origin
                0x00000908       0x84 .\ARM_GCC_541\Debug\app_statemachine.o
                0x00000908                set_origin
 .text.print_help
                0x0000098c       0x1c .\ARM_GCC_541\Debug\app_statemachine.o
 .text.handle_global_key
                0x000009a8       0xa0 .\ARM_GCC_541\Debug\app_statemachine.o
 .text.leaf_traps_nav
                0x00000a48       0x3c .\ARM_GCC_541\Debug\app_statemachine.o
 .text.handle_nav_key
                0x00000a84       0x48 .\ARM_GCC_541\Debug\app_statemachine.o
 .text.app_dispatch_key
                0x00000acc       0xa0 .\ARM_GCC_541\Debug\app_statemachine.o
                0x00000acc                app_dispatch_key
 .text.sbc_state_is_requestable
                0x00000b6c       0x24 .\ARM_GCC_541\Debug\app_statemachine.o
 .text.nudge_allowed_in
                0x00000b90       0x4c .\ARM_GCC_541\Debug\app_statemachine.o
 .text.app_sbc_tick
                0x00000bdc      0x268 .\ARM_GCC_541\Debug\app_statemachine.o
                0x00000bdc                app_sbc_tick
 .text.sbc_init
                0x00000e44       0xcc .\ARM_GCC_541\Debug\sbc_comms.o
                0x00000e44                sbc_init
 .text.decode_centroid
                0x00000f10      0x114 .\ARM_GCC_541\Debug\sbc_comms.o
 .text.sbc_on_rx_byte
                0x00001024      0x324 .\ARM_GCC_541\Debug\sbc_comms.o
                0x00001024                sbc_on_rx_byte
 .text.sbc_on_uart_err_flags
                0x00001348       0x30 .\ARM_GCC_541\Debug\sbc_comms.o
                0x00001348                sbc_on_uart_err_flags
 .text.sbc_get_centroid
                0x00001378       0xa0 .\ARM_GCC_541\Debug\sbc_comms.o
                0x00001378                sbc_get_centroid
 .text.sbc_discard_centroid
                0x00001418       0x4c .\ARM_GCC_541\Debug\sbc_comms.o
                0x00001418                sbc_discard_centroid
 .text.sbc_unknown_magic
                0x00001464       0x14 .\ARM_GCC_541\Debug\sbc_comms.o
                0x00001464                sbc_unknown_magic
 .text.sbc_rx_pkt_count
                0x00001478       0x14 .\ARM_GCC_541\Debug\sbc_comms.o
                0x00001478                sbc_rx_pkt_count
 .text.sbc_last_centroid_dt_ms
                0x0000148c       0x2c .\ARM_GCC_541\Debug\sbc_comms.o
                0x0000148c                sbc_last_centroid_dt_ms
 .text.sbc_last_rx_ms
                0x000014b8       0x2c .\ARM_GCC_541\Debug\sbc_comms.o
                0x000014b8                sbc_last_rx_ms
 .text.sbc_crc_errors
                0x000014e4       0x14 .\ARM_GCC_541\Debug\sbc_comms.o
                0x000014e4                sbc_crc_errors
 .text.sbc_uart_errors
                0x000014f8       0x14 .\ARM_GCC_541\Debug\sbc_comms.o
                0x000014f8                sbc_uart_errors
 .text.sbc_send_frame
                0x0000150c       0x8c .\ARM_GCC_541\Debug\sbc_comms.o
                0x0000150c                sbc_send_frame
 .text.sbc_get_state_req
                0x00001598       0x4c .\ARM_GCC_541\Debug\sbc_comms.o
                0x00001598                sbc_get_state_req
 .text.sbc_get_gps_target
                0x000015e4       0x4c .\ARM_GCC_541\Debug\sbc_comms.o
                0x000015e4                sbc_get_gps_target
 .text.sbc_get_nudge
                0x00001630       0x4c .\ARM_GCC_541\Debug\sbc_comms.o
                0x00001630                sbc_get_nudge
 .text.sbc_get_param
                0x0000167c       0x50 .\ARM_GCC_541\Debug\sbc_comms.o
                0x0000167c                sbc_get_param
 .text.sbc_get_fatal_clear
                0x000016cc       0x3c .\ARM_GCC_541\Debug\sbc_comms.o
                0x000016cc                sbc_get_fatal_clear
 .text.sbc_send_cmd_ack
                0x00001708       0x30 .\ARM_GCC_541\Debug\sbc_comms.o
                0x00001708                sbc_send_cmd_ack
 .text.sbc_get_set_origin
                0x00001738       0x3c .\ARM_GCC_541\Debug\sbc_comms.o
                0x00001738                sbc_get_set_origin
 .text.sbc_send_state_ack
                0x00001774       0x30 .\ARM_GCC_541\Debug\sbc_comms.o
                0x00001774                sbc_send_state_ack
 .text.sat_i16  0x000017a4       0x4c .\ARM_GCC_541\Debug\telemetry.o
 .text.sat_u32  0x000017f0       0x44 .\ARM_GCC_541\Debug\telemetry.o
 .text.sat_u16  0x00001834       0x48 .\ARM_GCC_541\Debug\telemetry.o
 .text.telemetry_collect_hot
                0x0000187c      0x164 .\ARM_GCC_541\Debug\telemetry.o
                0x0000187c                telemetry_collect_hot
 .text.telemetry_collect_link
                0x000019e0       0x64 .\ARM_GCC_541\Debug\telemetry.o
                0x000019e0                telemetry_collect_link
 .text.telemetry_collect_power
                0x00001a44       0xc0 .\ARM_GCC_541\Debug\telemetry.o
                0x00001a44                telemetry_collect_power
 .text.telemetry_collect_env
                0x00001b04       0x80 .\ARM_GCC_541\Debug\telemetry.o
                0x00001b04                telemetry_collect_env
 .text.telemetry_collect_gps
                0x00001b84       0xa8 .\ARM_GCC_541\Debug\telemetry.o
                0x00001b84                telemetry_collect_gps
 .text.telemetry_collect_baro
                0x00001c2c       0x90 .\ARM_GCC_541\Debug\telemetry.o
                0x00001c2c                telemetry_collect_baro
 .text.telemetry_collect_mag
                0x00001cbc       0xcc .\ARM_GCC_541\Debug\telemetry.o
                0x00001cbc                telemetry_collect_mag
 .text.encode_hot
                0x00001d88      0x11c .\ARM_GCC_541\Debug\telemetry.o
 .text.encode_link
                0x00001ea4       0x94 .\ARM_GCC_541\Debug\telemetry.o
 .text.encode_power
                0x00001f38       0x9c .\ARM_GCC_541\Debug\telemetry.o
 .text.encode_env
                0x00001fd4       0x58 .\ARM_GCC_541\Debug\telemetry.o
 .text.encode_gps
                0x0000202c       0xe8 .\ARM_GCC_541\Debug\telemetry.o
 .text.encode_baro
                0x00002114       0x64 .\ARM_GCC_541\Debug\telemetry.o
 .text.encode_mag
                0x00002178       0x8c .\ARM_GCC_541\Debug\telemetry.o
 .text.telemetry_send_hot_sbc
                0x00002204       0x44 .\ARM_GCC_541\Debug\telemetry.o
                0x00002204                telemetry_send_hot_sbc
 .text.telemetry_send_link_sbc
                0x00002248       0x44 .\ARM_GCC_541\Debug\telemetry.o
                0x00002248                telemetry_send_link_sbc
 .text.telemetry_send_power_sbc
                0x0000228c       0x44 .\ARM_GCC_541\Debug\telemetry.o
                0x0000228c                telemetry_send_power_sbc
 .text.telemetry_send_env_sbc
                0x000022d0       0x44 .\ARM_GCC_541\Debug\telemetry.o
                0x000022d0                telemetry_send_env_sbc
 .text.telemetry_send_gps_sbc
                0x00002314       0x44 .\ARM_GCC_541\Debug\telemetry.o
                0x00002314                telemetry_send_gps_sbc
 .text.telemetry_send_baro_sbc
                0x00002358       0x44 .\ARM_GCC_541\Debug\telemetry.o
                0x00002358                telemetry_send_baro_sbc
 .text.telemetry_send_mag_sbc
                0x0000239c       0x44 .\ARM_GCC_541\Debug\telemetry.o
                0x0000239c                telemetry_send_mag_sbc
 .text.telemetry_pump
                0x000023e0       0xd0 .\ARM_GCC_541\Debug\telemetry.o
                0x000023e0                telemetry_pump
 .text.entry_stby_defer
                0x000024b0       0x20 .\ARM_GCC_541\Debug\app_state_stby.o
                0x000024b0                entry_stby_defer
 .text.entry_stby_hold
                0x000024d0       0x1c .\ARM_GCC_541\Debug\app_state_stby.o
                0x000024d0                entry_stby_hold
 .text.app_stby_tick
                0x000024ec       0xb0 .\ARM_GCC_541\Debug\app_state_stby.o
                0x000024ec                app_stby_tick
 .text.key_stby_hold
                0x0000259c       0x2c .\ARM_GCC_541\Debug\app_state_stby.o
                0x0000259c                key_stby_hold
 .text.guard_manu_joystick
                0x000025c8       0x20 .\ARM_GCC_541\Debug\app_state_manu.o
                0x000025c8                guard_manu_joystick
 .text.entry_manu_joystick
                0x000025e8       0x20 .\ARM_GCC_541\Debug\app_state_manu.o
                0x000025e8                entry_manu_joystick
 .text.exit_manu_joystick
                0x00002608       0x1c .\ARM_GCC_541\Debug\app_state_manu.o
                0x00002608                exit_manu_joystick
 .text.build_manu_joystick
                0x00002624       0xf0 .\ARM_GCC_541\Debug\app_state_manu.o
                0x00002624                build_manu_joystick
 .text.manu_set_hold
                0x00002714       0x88 .\ARM_GCC_541\Debug\app_state_manu.o
 .text.key_manu_joystick
                0x0000279c      0x1c8 .\ARM_GCC_541\Debug\app_state_manu.o
                0x0000279c                key_manu_joystick
 .text.app_manual_tick
                0x00002964       0xbc .\ARM_GCC_541\Debug\app_state_manu.o
                0x00002964                app_manual_tick
 .text.guard_auto_parent
                0x00002a20       0x24 .\ARM_GCC_541\Debug\app_state_auto.o
                0x00002a20                guard_auto_parent
 .text.guard_auto_home
                0x00002a44       0x18 .\ARM_GCC_541\Debug\app_state_auto.o
                0x00002a44                guard_auto_home
 .text.guard_auto_acq_gps
                0x00002a5c       0x18 .\ARM_GCC_541\Debug\app_state_auto.o
                0x00002a5c                guard_auto_acq_gps
 .text.app_auto_tick
                0x00002a74      0x33c .\ARM_GCC_541\Debug\app_state_auto.o
                0x00002a74                app_auto_tick
 .text.entry_auto_home
                0x00002db0       0x9c .\ARM_GCC_541\Debug\app_state_auto.o
                0x00002db0                entry_auto_home
 .text.exit_auto_home
                0x00002e4c       0x24 .\ARM_GCC_541\Debug\app_state_auto.o
                0x00002e4c                exit_auto_home
 .text.key_auto_home
                0x00002e70       0x28 .\ARM_GCC_541\Debug\app_state_auto.o
                0x00002e70                key_auto_home
 .text.build_auto_home
                0x00002e98       0x74 .\ARM_GCC_541\Debug\app_state_auto.o
                0x00002e98                build_auto_home
 .text.entry_auto_hold
                0x00002f0c       0x28 .\ARM_GCC_541\Debug\app_state_auto.o
                0x00002f0c                entry_auto_hold
 .text.key_auto_hold
                0x00002f34       0x2c .\ARM_GCC_541\Debug\app_state_auto.o
                0x00002f34                key_auto_hold
 .text.gps_bearing_deg
                0x00002f60       0xf8 .\ARM_GCC_541\Debug\app_state_auto.o
 .text.gps_elev_deg
                0x00003058      0x15c .\ARM_GCC_541\Debug\app_state_auto.o
 .text.gps_start_slew
                0x000031b4       0x3c .\ARM_GCC_541\Debug\app_state_auto.o
 .text.gps_update_pointing
                0x000031f0       0xe8 .\ARM_GCC_541\Debug\app_state_auto.o
 .text.gps_check_settle
                0x000032d8      0x1c8 .\ARM_GCC_541\Debug\app_state_auto.o
 .text.entry_auto_acq_gps
                0x000034a0       0x48 .\ARM_GCC_541\Debug\app_state_auto.o
                0x000034a0                entry_auto_acq_gps
 .text.exit_auto_acq_gps
                0x000034e8       0x38 .\ARM_GCC_541\Debug\app_state_auto.o
                0x000034e8                exit_auto_acq_gps
 .text.key_auto_acq_gps
                0x00003520       0x28 .\ARM_GCC_541\Debug\app_state_auto.o
                0x00003520                key_auto_acq_gps
 .text.build_auto_acq_gps
                0x00003548       0xa8 .\ARM_GCC_541\Debug\app_state_auto.o
                0x00003548                build_auto_acq_gps
 .text.entry_auto_acq_spiral
                0x000035f0       0x1c .\ARM_GCC_541\Debug\app_state_auto.o
                0x000035f0                entry_auto_acq_spiral
 .text.entry_auto_tracking
                0x0000360c       0x2c .\ARM_GCC_541\Debug\app_state_auto.o
                0x0000360c                entry_auto_tracking
 .text.key_auto_tracking
                0x00003638       0x28 .\ARM_GCC_541\Debug\app_state_auto.o
                0x00003638                key_auto_tracking
 .text.build_auto_tracking
                0x00003660      0x120 .\ARM_GCC_541\Debug\app_state_auto.o
                0x00003660                build_auto_tracking
 .text.entry_auto_loss
                0x00003780       0x1c .\ARM_GCC_541\Debug\app_state_auto.o
                0x00003780                entry_auto_loss
 .text.key_auto_loss
                0x0000379c       0x3c .\ARM_GCC_541\Debug\app_state_auto.o
                0x0000379c                key_auto_loss
 .text.entry_auto_no_lock
                0x000037d8       0x1c .\ARM_GCC_541\Debug\app_state_auto.o
                0x000037d8                entry_auto_no_lock
 .text.key_auto_no_lock
                0x000037f4       0x3c .\ARM_GCC_541\Debug\app_state_auto.o
                0x000037f4                key_auto_no_lock
 .text.sev_str  0x00003830       0x40 .\ARM_GCC_541\Debug\app_state_error.o
 .text.entry_error_active
                0x00003870       0x78 .\ARM_GCC_541\Debug\app_state_error.o
                0x00003870                entry_error_active
 .text.key_error_active
                0x000038e8       0x48 .\ARM_GCC_541\Debug\app_state_error.o
                0x000038e8                key_error_active
 .text.entry_error_kill
                0x00003930       0x2c .\ARM_GCC_541\Debug\app_state_error.o
                0x00003930                entry_error_kill
 .text.key_error_kill
                0x0000395c       0x18 .\ARM_GCC_541\Debug\app_state_error.o
                0x0000395c                key_error_kill
 .text.build_error
                0x00003974       0x28 .\ARM_GCC_541\Debug\app_state_error.o
                0x00003974                build_error
 .text.gimbal_pan_tilt_deg
                0x0000399c       0x54 .\ARM_GCC_541\Debug\utils.o
                0x0000399c                gimbal_pan_tilt_deg
 .text.nudge_apply
                0x000039f0      0x1ec .\ARM_GCC_541\Debug\utils.o
                0x000039f0                nudge_apply
 .text.handle_nudge_key
                0x00003bdc      0x114 .\ARM_GCC_541\Debug\utils.o
                0x00003bdc                handle_nudge_key
 .text.dbg_init
                0x00003cf0       0x10 .\ARM_GCC_541\Debug\debug_usbcdc.o
                0x00003cf0                dbg_init
 .text.dbg_tick
                0x00003d00       0x34 .\ARM_GCC_541\Debug\debug_usbcdc.o
                0x00003d00                dbg_tick
 .text.dbg_put  0x00003d34       0x94 .\ARM_GCC_541\Debug\debug_usbcdc.o
                0x00003d34                dbg_put
 .text.dbg_get  0x00003dc8       0x3c .\ARM_GCC_541\Debug\debug_usbcdc.o
                0x00003dc8                dbg_get
 .text.rb_next  0x00003e04       0x28 .\ARM_GCC_541\Debug\hamfly_comm_rb.o
 .text.hamfly_rb_init
                0x00003e2c       0x2c .\ARM_GCC_541\Debug\hamfly_comm_rb.o
                0x00003e2c                hamfly_rb_init
 .text.hamfly_rb_push
                0x00003e58       0x64 .\ARM_GCC_541\Debug\hamfly_comm_rb.o
                0x00003e58                hamfly_rb_push
 .text.hamfly_rb_pop
                0x00003ebc       0x58 .\ARM_GCC_541\Debug\hamfly_comm_rb.o
                0x00003ebc                hamfly_rb_pop
 .text.load_freefly_control
                0x00003f14       0x50 .\ARM_GCC_541\Debug\hamfly_core_gimbal.o
 .text.copy_qx287_to_telemetry
                0x00003f64       0x1c .\ARM_GCC_541\Debug\hamfly_core_gimbal.o
 .text.drain_rb
                0x00003f80       0x44 .\ARM_GCC_541\Debug\hamfly_core_gimbal.o
 .text.hamfly_init
                0x00003fc4       0x5c .\ARM_GCC_541\Debug\hamfly_core_gimbal.o
                0x00003fc4                hamfly_init
 .text.hamfly_on_rx_byte
                0x00004020       0x3c .\ARM_GCC_541\Debug\hamfly_core_gimbal.o
                0x00004020                hamfly_on_rx_byte
 .text.hamfly_on_uart_err_flags
                0x0000405c       0x30 .\ARM_GCC_541\Debug\hamfly_core_gimbal.o
                0x0000405c                hamfly_on_uart_err_flags
 .text.hamfly_pump
                0x0000408c      0x27c .\ARM_GCC_541\Debug\hamfly_core_gimbal.o
                0x0000408c                hamfly_pump
 .text.hamfly_send_control
                0x00004308       0x7c .\ARM_GCC_541\Debug\hamfly_core_gimbal.o
                0x00004308                hamfly_send_control
 .text.hamfly_kill
                0x00004384       0x3c .\ARM_GCC_541\Debug\hamfly_core_gimbal.o
                0x00004384                hamfly_kill
 .text.hamfly_request_attr
                0x000043c0       0xa8 .\ARM_GCC_541\Debug\hamfly_core_gimbal.o
                0x000043c0                hamfly_request_attr
 .text.hamfly_get_telemetry
                0x00004468       0x30 .\ARM_GCC_541\Debug\hamfly_core_gimbal.o
                0x00004468                hamfly_get_telemetry
 .text.rd_be32  0x00004498       0x34 .\ARM_GCC_541\Debug\hamfly_core_telemetry.o
 .text.rd_be16  0x000044cc       0x28 .\ARM_GCC_541\Debug\hamfly_core_telemetry.o
 .text.rd_be_u16
                0x000044f4       0x28 .\ARM_GCC_541\Debug\hamfly_core_telemetry.o
 .text.rd_le16  0x0000451c       0x24 .\ARM_GCC_541\Debug\hamfly_core_telemetry.o
 .text.hamfly_telemetry_to_euler
                0x00004540      0x1d4 .\ARM_GCC_541\Debug\hamfly_core_telemetry.o
                0x00004540                hamfly_telemetry_to_euler
 .text.hamfly_decode_qx287
                0x00004714       0x68 .\ARM_GCC_541\Debug\hamfly_core_telemetry.o
                0x00004714                hamfly_decode_qx287
 .text.hamfly_decode_gps
                0x0000477c      0x1a0 .\ARM_GCC_541\Debug\hamfly_core_telemetry.o
                0x0000477c                hamfly_decode_gps
 .text.hamfly_decode_baro
                0x0000491c       0x78 .\ARM_GCC_541\Debug\hamfly_core_telemetry.o
                0x0000491c                hamfly_decode_baro
 .text.hamfly_decode_attitude
                0x00004994      0x144 .\ARM_GCC_541\Debug\hamfly_core_telemetry.o
                0x00004994                hamfly_decode_attitude
 .text.hamfly_decode_sysstat
                0x00004ad8      0x1c8 .\ARM_GCC_541\Debug\hamfly_core_telemetry.o
                0x00004ad8                hamfly_decode_sysstat
 .text.hamfly_decode_mag
                0x00004ca0      0x18c .\ARM_GCC_541\Debug\hamfly_core_telemetry.o
                0x00004ca0                hamfly_decode_mag
 .text.hamfly_decode_sysecho
                0x00004e2c       0x7c .\ARM_GCC_541\Debug\hamfly_core_telemetry.o
                0x00004e2c                hamfly_decode_sysecho
 .text.ff_api_init
                0x00004ea8       0x7c .\ARM_GCC_541\Debug\hamfly_qx_app.o
 .text.ff_api_send
                0x00004f24       0x44 .\ARM_GCC_541\Debug\hamfly_qx_app.o
 .text.QX_ParsePacket_Cli_MoVI_Ctrl_CB
                0x00004f68      0x884 .\ARM_GCC_541\Debug\hamfly_qx_app.o
 .text.QX_SendMsg2CommsPort_CB
                0x000057ec       0x64 .\ARM_GCC_541\Debug\hamfly_qx_app.o
                0x000057ec                QX_SendMsg2CommsPort_CB
 .text.QX_FwdMsg_CB
                0x00005850       0x14 .\ARM_GCC_541\Debug\hamfly_qx_app.o
                0x00005850                QX_FwdMsg_CB
 .text.QX_GetTicks_ms
                0x00005864       0x34 .\ARM_GCC_541\Debug\hamfly_qx_app.o
                0x00005864                QX_GetTicks_ms
 .text.QX_Parser_SetMsgPtr
                0x00005898       0x1c .\ARM_GCC_541\Debug\hamfly_qx_protocol.o
                0x00005898                QX_Parser_SetMsgPtr
 .text.QX_Parser_AdvMsgPtr
                0x000058b4       0x1c .\ARM_GCC_541\Debug\hamfly_qx_protocol.o
                0x000058b4                QX_Parser_AdvMsgPtr
 .text.QX_Parser_GetMsgPtr
                0x000058d0       0x14 .\ARM_GCC_541\Debug\hamfly_qx_protocol.o
                0x000058d0                QX_Parser_GetMsgPtr
 .text.QX_Parser_SetDir_Read
                0x000058e4       0x18 .\ARM_GCC_541\Debug\hamfly_qx_protocol.o
                0x000058e4                QX_Parser_SetDir_Read
 .text.QX_Parser_SetDir_WriteAbs
                0x000058fc       0x18 .\ARM_GCC_541\Debug\hamfly_qx_protocol.o
                0x000058fc                QX_Parser_SetDir_WriteAbs
 .text.AddFloatAsSignedShort
                0x00005914       0xc8 .\ARM_GCC_541\Debug\hamfly_qx_protocol.o
                0x00005914                AddFloatAsSignedShort
 .text.GetFloatAsSignedShort
                0x000059dc      0x170 .\ARM_GCC_541\Debug\hamfly_qx_protocol.o
                0x000059dc                GetFloatAsSignedShort
 .text.AddSignedShortAsSignedShort
                0x00005b4c       0x58 .\ARM_GCC_541\Debug\hamfly_qx_protocol.o
                0x00005b4c                AddSignedShortAsSignedShort
 .text.GetSignedShortAsSignedShort
                0x00005ba4      0x15c .\ARM_GCC_541\Debug\hamfly_qx_protocol.o
                0x00005ba4                GetSignedShortAsSignedShort
 .text.AddUnsignedCharAsUnsignedChar
                0x00005d00       0x3c .\ARM_GCC_541\Debug\hamfly_qx_protocol.o
                0x00005d00                AddUnsignedCharAsUnsignedChar
 .text.GetUnsignedCharAsUnsignedChar
                0x00005d3c       0xc8 .\ARM_GCC_541\Debug\hamfly_qx_protocol.o
                0x00005d3c                GetUnsignedCharAsUnsignedChar
 .text.AddUnsignedShortAsUnsignedShort
                0x00005e04       0x54 .\ARM_GCC_541\Debug\hamfly_qx_protocol.o
                0x00005e04                AddUnsignedShortAsUnsignedShort
 .text.GetUnsignedShortAsUnsignedShort
                0x00005e58       0xf8 .\ARM_GCC_541\Debug\hamfly_qx_protocol.o
                0x00005e58                GetUnsignedShortAsUnsignedShort
 .text.AddBitsAsByte
                0x00005f50       0xcc .\ARM_GCC_541\Debug\hamfly_qx_protocol.o
                0x00005f50                AddBitsAsByte
 .text.GetBitsAsByte
                0x0000601c       0xdc .\ARM_GCC_541\Debug\hamfly_qx_protocol.o
                0x0000601c                GetBitsAsByte
 .text.QX_InitMsg
                0x000060f8       0x30 .\ARM_GCC_541\Debug\hamfly_qx_protocol.o
 .text.QX_RxMsg
                0x00006128       0xec .\ARM_GCC_541\Debug\hamfly_qx_protocol.o
 .text.QX_Srv_Rx_Read
                0x00006214       0x90 .\ARM_GCC_541\Debug\hamfly_qx_protocol.o
 .text.QX_Srv_Rx_Write
                0x000062a4       0xc4 .\ARM_GCC_541\Debug\hamfly_qx_protocol.o
 .text.QX_Cli_Rx_CurVal
                0x00006368       0x3c .\ARM_GCC_541\Debug\hamfly_qx_protocol.o
 .text.QX_TxMsg_Setup
                0x000063a4       0x4c .\ARM_GCC_541\Debug\hamfly_qx_protocol.o
 .text.QX_TxMsg_Finish
                0x000063f0      0x1dc .\ARM_GCC_541\Debug\hamfly_qx_protocol.o
 .text.QX_BuildHeader
                0x000065cc      0x188 .\ARM_GCC_541\Debug\hamfly_qx_protocol.o
 .text.QX_ParseHeader
                0x00006754      0x114 .\ARM_GCC_541\Debug\hamfly_qx_protocol.o
 .text.QX_Calc8bChecksum
                0x00006868       0x3c .\ARM_GCC_541\Debug\hamfly_qx_protocol.o
 .text.QX_AddExtdValToBuf
                0x000068a4       0x88 .\ARM_GCC_541\Debug\hamfly_qx_protocol.o
 .text.QX_GetExtdValFromBuf
                0x0000692c       0x6c .\ARM_GCC_541\Debug\hamfly_qx_protocol.o
 .text.QX_compute_crc32
                0x00006998       0x4c .\ARM_GCC_541\Debug\hamfly_qx_protocol.o
 .text.QX_accumulate_crc32
                0x000069e4       0x54 .\ARM_GCC_541\Debug\hamfly_qx_protocol.o
                0x000069e4                QX_accumulate_crc32
 .text.QX_InitCli
                0x00006a38       0x24 .\ARM_GCC_541\Debug\hamfly_qx_protocol.o
                0x00006a38                QX_InitCli
 .text.QX_InitTxOptions
                0x00006a5c       0x3c .\ARM_GCC_541\Debug\hamfly_qx_protocol.o
                0x00006a5c                QX_InitTxOptions
 .text.QX_SendPacket_Srv_CurVal
                0x00006a98       0x98 .\ARM_GCC_541\Debug\hamfly_qx_protocol.o
                0x00006a98                QX_SendPacket_Srv_CurVal
 .text.QX_SendPacket_Cli_Read
                0x00006b30       0x80 .\ARM_GCC_541\Debug\hamfly_qx_protocol.o
                0x00006b30                QX_SendPacket_Cli_Read
 .text.QX_SendPacket_Cli_WriteABS
                0x00006bb0       0x98 .\ARM_GCC_541\Debug\hamfly_qx_protocol.o
                0x00006bb0                QX_SendPacket_Cli_WriteABS
 .text.QX_StreamRxCharSM
                0x00006c48      0x6e0 .\ARM_GCC_541\Debug\hamfly_qx_protocol.o
                0x00006c48                QX_StreamRxCharSM
 .text.CYMEMZERO
                0x00007328       0x1c .\ARM_GCC_541\Debug\cyfitter_cfg.o
 .text.CYCONFIGCPY
                0x00007344       0x20 .\ARM_GCC_541\Debug\cyfitter_cfg.o
 .text.CyClockStartupError
                0x00007364        0xc .\ARM_GCC_541\Debug\cyfitter_cfg.o
 .text.cfg_write_bytes32
                0x00007370       0x74 .\ARM_GCC_541\Debug\cyfitter_cfg.o
 .text.ClockSetup
                0x000073e4      0x12c .\ARM_GCC_541\Debug\cyfitter_cfg.o
 .text.AnalogSetDefault
                0x00007510       0x60 .\ARM_GCC_541\Debug\cyfitter_cfg.o
 .text.cyfitter_cfg
                0x00007570      0x1ac .\ARM_GCC_541\Debug\cyfitter_cfg.o
                0x00007570                cyfitter_cfg
 .text.IntDefaultHandler
                0x0000771c       0x14 .\ARM_GCC_541\Debug\Cm3Start.o
                0x0000771c                IntDefaultHandler
 .text._sbrk    0x00007730       0x50 .\ARM_GCC_541\Debug\Cm3Start.o
                0x00007730                _sbrk
 .text.Start_c  0x00007780       0x98 .\ARM_GCC_541\Debug\Cm3Start.o
                0x00007780                Start_c
 .text.initialize_psoc
                0x00007818       0x90 .\ARM_GCC_541\Debug\Cm3Start.o
                0x00007818                initialize_psoc
 .text.UART_MOVI_Start
                0x000078a8       0x24 .\ARM_GCC_541\Debug\Proj08_DemoTxIntegration.a(UART_MOVI.o)
                0x000078a8                UART_MOVI_Start
 .text.UART_MOVI_Init
                0x000078cc       0x40 .\ARM_GCC_541\Debug\Proj08_DemoTxIntegration.a(UART_MOVI.o)
                0x000078cc                UART_MOVI_Init
 .text.UART_MOVI_Enable
                0x0000790c       0x5c .\ARM_GCC_541\Debug\Proj08_DemoTxIntegration.a(UART_MOVI.o)
                0x0000790c                UART_MOVI_Enable
 .text.UART_MOVI_ReadRxData
                0x00007968       0x1c .\ARM_GCC_541\Debug\Proj08_DemoTxIntegration.a(UART_MOVI.o)
                0x00007968                UART_MOVI_ReadRxData
 .text.UART_MOVI_GetRxBufferSize
                0x00007984       0x2c .\ARM_GCC_541\Debug\Proj08_DemoTxIntegration.a(UART_MOVI.o)
                0x00007984                UART_MOVI_GetRxBufferSize
 .text.UART_MOVI_ClearRxBuffer
                0x000079b0       0x44 .\ARM_GCC_541\Debug\Proj08_DemoTxIntegration.a(UART_MOVI.o)
                0x000079b0                UART_MOVI_ClearRxBuffer
 .text.UART_MOVI_PutChar
                0x000079f4       0x34 .\ARM_GCC_541\Debug\Proj08_DemoTxIntegration.a(UART_MOVI.o)
                0x000079f4                UART_MOVI_PutChar
 .text.UART_MOVI_ClearTxBuffer
                0x00007a28       0x44 .\ARM_GCC_541\Debug\Proj08_DemoTxIntegration.a(UART_MOVI.o)
                0x00007a28                UART_MOVI_ClearTxBuffer
 .text.isr_rx_movi_StartEx
                0x00007a6c       0x24 .\ARM_GCC_541\Debug\Proj08_DemoTxIntegration.a(isr_rx_movi.o)
                0x00007a6c                isr_rx_movi_StartEx
 .text.isr_rx_movi_SetVector
                0x00007a90       0x24 .\ARM_GCC_541\Debug\Proj08_DemoTxIntegration.a(isr_rx_movi.o)
                0x00007a90                isr_rx_movi_SetVector
 .text.isr_rx_movi_SetPriority
                0x00007ab4       0x24 .\ARM_GCC_541\Debug\Proj08_DemoTxIntegration.a(isr_rx_movi.o)
                0x00007ab4                isr_rx_movi_SetPriority
 .text.isr_rx_movi_Enable
                0x00007ad8       0x18 .\ARM_GCC_541\Debug\Proj08_DemoTxIntegration.a(isr_rx_movi.o)
                0x00007ad8                isr_rx_movi_Enable
 .text.isr_rx_movi_Disable
                0x00007af0       0x18 .\ARM_GCC_541\Debug\Proj08_DemoTxIntegration.a(isr_rx_movi.o)
                0x00007af0                isr_rx_movi_Disable
 .text.Looptimer_Init
                0x00007b08       0xa0 .\ARM_GCC_541\Debug\Proj08_DemoTxIntegration.a(Looptimer.o)
                0x00007b08                Looptimer_Init
 .text.Looptimer_Enable
                0x00007ba8       0x48 .\ARM_GCC_541\Debug\Proj08_DemoTxIntegration.a(Looptimer.o)
                0x00007ba8                Looptimer_Enable
 .text.Looptimer_Start
                0x00007bf0       0x24 .\ARM_GCC_541\Debug\Proj08_DemoTxIntegration.a(Looptimer.o)
                0x00007bf0                Looptimer_Start
 .text.Looptimer_SetInterruptMode
                0x00007c14       0x20 .\ARM_GCC_541\Debug\Proj08_DemoTxIntegration.a(Looptimer.o)
                0x00007c14                Looptimer_SetInterruptMode
 .text.Looptimer_ReadStatusRegister
                0x00007c34       0x18 .\ARM_GCC_541\Debug\Proj08_DemoTxIntegration.a(Looptimer.o)
                0x00007c34                Looptimer_ReadStatusRegister
 .text.Looptimer_WritePeriod
                0x00007c4c       0x24 .\ARM_GCC_541\Debug\Proj08_DemoTxIntegration.a(Looptimer.o)
                0x00007c4c                Looptimer_WritePeriod
 .text.Looptimer_WriteCounter
                0x00007c70       0x20 .\ARM_GCC_541\Debug\Proj08_DemoTxIntegration.a(Looptimer.o)
                0x00007c70                Looptimer_WriteCounter
 .text.isr_Looptimer_StartEx
                0x00007c90       0x24 .\ARM_GCC_541\Debug\Proj08_DemoTxIntegration.a(isr_Looptimer.o)
                0x00007c90                isr_Looptimer_StartEx
 .text.isr_Looptimer_SetVector
                0x00007cb4       0x24 .\ARM_GCC_541\Debug\Proj08_DemoTxIntegration.a(isr_Looptimer.o)
                0x00007cb4                isr_Looptimer_SetVector
 .text.isr_Looptimer_SetPriority
                0x00007cd8       0x24 .\ARM_GCC_541\Debug\Proj08_DemoTxIntegration.a(isr_Looptimer.o)
                0x00007cd8                isr_Looptimer_SetPriority
 .text.isr_Looptimer_Enable
                0x00007cfc       0x18 .\ARM_GCC_541\Debug\Proj08_DemoTxIntegration.a(isr_Looptimer.o)
                0x00007cfc                isr_Looptimer_Enable
 .text.isr_Looptimer_Disable
                0x00007d14       0x18 .\ARM_GCC_541\Debug\Proj08_DemoTxIntegration.a(isr_Looptimer.o)
                0x00007d14                isr_Looptimer_Disable
 .text.EEPROM_CONFIG_Enable
                0x00007d2c       0x10 .\ARM_GCC_541\Debug\Proj08_DemoTxIntegration.a(EEPROM_CONFIG.o)
                0x00007d2c                EEPROM_CONFIG_Enable
 .text.EEPROM_CONFIG_Start
                0x00007d3c        0xc .\ARM_GCC_541\Debug\Proj08_DemoTxIntegration.a(EEPROM_CONFIG.o)
                0x00007d3c                EEPROM_CONFIG_Start
 .text.CySetTempInt
                0x00007d48       0x7c .\ARM_GCC_541\Debug\Proj08_DemoTxIntegration.a(CyFlash.o)
 .text.CyFlashGetSpcAlgorithm
                0x00007dc4       0x70 .\ARM_GCC_541\Debug\Proj08_DemoTxIntegration.a(CyFlash.o)
                0x00007dc4                CyFlashGetSpcAlgorithm
 .text.CySetTemp
                0x00007e34       0x24 .\ARM_GCC_541\Debug\Proj08_DemoTxIntegration.a(CyFlash.o)
                0x00007e34                CySetTemp
 .text.CyEEPROM_Start
                0x00007e58       0x8c .\ARM_GCC_541\Debug\Proj08_DemoTxIntegration.a(CyFlash.o)
                0x00007e58                CyEEPROM_Start
 .text.CyHalt   0x00007ee4       0x18 .\ARM_GCC_541\Debug\Proj08_DemoTxIntegration.a(CyLib.o)
                0x00007ee4                CyHalt
 .text.CyDelayUs
                0x00007efc       0x28 .\ARM_GCC_541\Debug\Proj08_DemoTxIntegration.a(CyLib.o)
                0x00007efc                CyDelayUs
 .text.CyIntSetVector
                0x00007f24       0x50 .\ARM_GCC_541\Debug\Proj08_DemoTxIntegration.a(CyLib.o)
                0x00007f24                CyIntSetVector
 .text.CyIntSetPriority
                0x00007f74       0x48 .\ARM_GCC_541\Debug\Proj08_DemoTxIntegration.a(CyLib.o)
                0x00007f74                CyIntSetPriority
 .text.CyGetUniqueId
                0x00007fbc       0xc4 .\ARM_GCC_541\Debug\Proj08_DemoTxIntegration.a(CyLib.o)
                0x00007fbc                CyGetUniqueId
 .text.CySpcStart
                0x00008080       0x48 .\ARM_GCC_541\Debug\Proj08_DemoTxIntegration.a(CySpc.o)
                0x00008080                CySpcStart
 .text.CySpcReadData
                0x000080c8       0x54 .\ARM_GCC_541\Debug\Proj08_DemoTxIntegration.a(CySpc.o)
                0x000080c8                CySpcReadData
 .text.CySpcGetTemp
                0x0000811c       0x64 .\ARM_GCC_541\Debug\Proj08_DemoTxIntegration.a(CySpc.o)
                0x0000811c                CySpcGetTemp
 .text.CySpcLock
                0x00008180       0x68 .\ARM_GCC_541\Debug\Proj08_DemoTxIntegration.a(CySpc.o)
                0x00008180                CySpcLock
 .text.CySpcUnlock
                0x000081e8       0x50 .\ARM_GCC_541\Debug\Proj08_DemoTxIntegration.a(CySpc.o)
                0x000081e8                CySpcUnlock
 .text.CySpcGetAlgorithm
                0x00008238       0x44 .\ARM_GCC_541\Debug\Proj08_DemoTxIntegration.a(CySpc.o)
                0x00008238                CySpcGetAlgorithm
 .text.UART_SBC_Start
                0x0000827c       0x24 .\ARM_GCC_541\Debug\Proj08_DemoTxIntegration.a(UART_SBC.o)
                0x0000827c                UART_SBC_Start
 .text.UART_SBC_Init
                0x000082a0       0x40 .\ARM_GCC_541\Debug\Proj08_DemoTxIntegration.a(UART_SBC.o)
                0x000082a0                UART_SBC_Init
 .text.UART_SBC_Enable
                0x000082e0       0x60 .\ARM_GCC_541\Debug\Proj08_DemoTxIntegration.a(UART_SBC.o)
                0x000082e0                UART_SBC_Enable
 .text.UART_SBC_ReadRxData
                0x00008340       0x1c .\ARM_GCC_541\Debug\Proj08_DemoTxIntegration.a(UART_SBC.o)
                0x00008340                UART_SBC_ReadRxData
 .text.UART_SBC_GetRxBufferSize
                0x0000835c       0x2c .\ARM_GCC_541\Debug\Proj08_DemoTxIntegration.a(UART_SBC.o)
                0x0000835c                UART_SBC_GetRxBufferSize
 .text.UART_SBC_ClearRxBuffer
                0x00008388       0x44 .\ARM_GCC_541\Debug\Proj08_DemoTxIntegration.a(UART_SBC.o)
                0x00008388                UART_SBC_ClearRxBuffer
 .text.UART_SBC_PutChar
                0x000083cc       0x34 .\ARM_GCC_541\Debug\Proj08_DemoTxIntegration.a(UART_SBC.o)
                0x000083cc                UART_SBC_PutChar
 .text.UART_SBC_ClearTxBuffer
                0x00008400       0x44 .\ARM_GCC_541\Debug\Proj08_DemoTxIntegration.a(UART_SBC.o)
                0x00008400                UART_SBC_ClearTxBuffer
 .text.isr_rx_sbc_StartEx
                0x00008444       0x24 .\ARM_GCC_541\Debug\Proj08_DemoTxIntegration.a(isr_rx_sbc.o)
                0x00008444                isr_rx_sbc_StartEx
 .text.isr_rx_sbc_SetVector
                0x00008468       0x24 .\ARM_GCC_541\Debug\Proj08_DemoTxIntegration.a(isr_rx_sbc.o)
                0x00008468                isr_rx_sbc_SetVector
 .text.isr_rx_sbc_SetPriority
                0x0000848c       0x24 .\ARM_GCC_541\Debug\Proj08_DemoTxIntegration.a(isr_rx_sbc.o)
                0x0000848c                isr_rx_sbc_SetPriority
 .text.isr_rx_sbc_Enable
                0x000084b0       0x18 .\ARM_GCC_541\Debug\Proj08_DemoTxIntegration.a(isr_rx_sbc.o)
                0x000084b0                isr_rx_sbc_Enable
 .text.isr_rx_sbc_Disable
                0x000084c8       0x18 .\ARM_GCC_541\Debug\Proj08_DemoTxIntegration.a(isr_rx_sbc.o)
                0x000084c8                isr_rx_sbc_Disable
 .text.UART_SBC_IntClock_Start
                0x000084e0       0x34 .\ARM_GCC_541\Debug\Proj08_DemoTxIntegration.a(UART_SBC_IntClock.o)
                0x000084e0                UART_SBC_IntClock_Start
 .text.Pin_Debug_SuperLoop_Write
                0x00008514       0x3c .\ARM_GCC_541\Debug\Proj08_DemoTxIntegration.a(Pin_Debug_SuperLoop.o)
                0x00008514                Pin_Debug_SuperLoop_Write
 .text.Pin_Debug_SuperLoop_Read
                0x00008550       0x20 .\ARM_GCC_541\Debug\Proj08_DemoTxIntegration.a(Pin_Debug_SuperLoop.o)
                0x00008550                Pin_Debug_SuperLoop_Read
 .text.Pin_Debug_CoarseCentroid_Write
                0x00008570       0x3c .\ARM_GCC_541\Debug\Proj08_DemoTxIntegration.a(Pin_Debug_CoarseCentroid.o)
                0x00008570                Pin_Debug_CoarseCentroid_Write
 .text.Pin_Debug_CoarseCentroid_Read
                0x000085ac       0x20 .\ARM_GCC_541\Debug\Proj08_DemoTxIntegration.a(Pin_Debug_CoarseCentroid.o)
                0x000085ac                Pin_Debug_CoarseCentroid_Read
 .text.Pin_SwitchAuto_Read
                0x000085cc       0x20 .\ARM_GCC_541\Debug\Proj08_DemoTxIntegration.a(Pin_SwitchAuto.o)
                0x000085cc                Pin_SwitchAuto_Read
 .text.VDAC8_3v3Ref_Init
                0x000085ec       0x28 .\ARM_GCC_541\Debug\Proj08_DemoTxIntegration.a(VDAC8_3v3Ref.o)
                0x000085ec                VDAC8_3v3Ref_Init
 .text.VDAC8_3v3Ref_Enable
                0x00008614       0x34 .\ARM_GCC_541\Debug\Proj08_DemoTxIntegration.a(VDAC8_3v3Ref.o)
                0x00008614                VDAC8_3v3Ref_Enable
 .text.VDAC8_3v3Ref_Start
                0x00008648       0x28 .\ARM_GCC_541\Debug\Proj08_DemoTxIntegration.a(VDAC8_3v3Ref.o)
                0x00008648                VDAC8_3v3Ref_Start
 .text.VDAC8_3v3Ref_SetSpeed
                0x00008670       0x40 .\ARM_GCC_541\Debug\Proj08_DemoTxIntegration.a(VDAC8_3v3Ref.o)
                0x00008670                VDAC8_3v3Ref_SetSpeed
 .text.VDAC8_3v3Ref_SetRange
                0x000086b0       0x40 .\ARM_GCC_541\Debug\Proj08_DemoTxIntegration.a(VDAC8_3v3Ref.o)
                0x000086b0                VDAC8_3v3Ref_SetRange
 .text.VDAC8_3v3Ref_SetValue
                0x000086f0       0x20 .\ARM_GCC_541\Debug\Proj08_DemoTxIntegration.a(VDAC8_3v3Ref.o)
                0x000086f0                VDAC8_3v3Ref_SetValue
 .text.VDAC8_3v3Ref_DacTrim
                0x00008710       0x3c .\ARM_GCC_541\Debug\Proj08_DemoTxIntegration.a(VDAC8_3v3Ref.o)
                0x00008710                VDAC8_3v3Ref_DacTrim
 .text.USBFS_DEBUG_Start
                0x0000874c       0x3c .\ARM_GCC_541\Debug\Proj08_DemoTxIntegration.a(USBFS_DEBUG.o)
                0x0000874c                USBFS_DEBUG_Start
 .text.USBFS_DEBUG_Init
                0x00008788      0x190 .\ARM_GCC_541\Debug\Proj08_DemoTxIntegration.a(USBFS_DEBUG.o)
                0x00008788                USBFS_DEBUG_Init
 .text.USBFS_DEBUG_InitComponent
                0x00008918       0xf8 .\ARM_GCC_541\Debug\Proj08_DemoTxIntegration.a(USBFS_DEBUG.o)
                0x00008918                USBFS_DEBUG_InitComponent
 .text.USBFS_DEBUG_ReInitComponent
                0x00008a10       0x68 .\ARM_GCC_541\Debug\Proj08_DemoTxIntegration.a(USBFS_DEBUG.o)
                0x00008a10                USBFS_DEBUG_ReInitComponent
 .text.USBFS_DEBUG_GetConfiguration
                0x00008a78       0x18 .\ARM_GCC_541\Debug\Proj08_DemoTxIntegration.a(USBFS_DEBUG.o)
                0x00008a78                USBFS_DEBUG_GetConfiguration
 .text.USBFS_DEBUG_IsConfigurationChanged
                0x00008a90       0x30 .\ARM_GCC_541\Debug\Proj08_DemoTxIntegration.a(USBFS_DEBUG.o)
                0x00008a90                USBFS_DEBUG_IsConfigurationChanged
 .text.USBFS_DEBUG_GetEPState
                0x00008ac0       0x2c .\ARM_GCC_541\Debug\Proj08_DemoTxIntegration.a(USBFS_DEBUG.o)
                0x00008ac0                USBFS_DEBUG_GetEPState
 .text.USBFS_DEBUG_GetEPCount
                0x00008aec       0x60 .\ARM_GCC_541\Debug\Proj08_DemoTxIntegration.a(USBFS_DEBUG.o)
                0x00008aec                USBFS_DEBUG_GetEPCount
 .text.USBFS_DEBUG_LoadInEP
                0x00008b4c      0x108 .\ARM_GCC_541\Debug\Proj08_DemoTxIntegration.a(USBFS_DEBUG.o)
                0x00008b4c                USBFS_DEBUG_LoadInEP
 .text.USBFS_DEBUG_ReadOutEP
                0x00008c54       0x8c .\ARM_GCC_541\Debug\Proj08_DemoTxIntegration.a(USBFS_DEBUG.o)
                0x00008c54                USBFS_DEBUG_ReadOutEP
 .text.USBFS_DEBUG_EnableOutEP
                0x00008ce0       0x5c .\ARM_GCC_541\Debug\Proj08_DemoTxIntegration.a(USBFS_DEBUG.o)
                0x00008ce0                USBFS_DEBUG_EnableOutEP
 .text.USBFS_DEBUG_DispatchCDCClassRqst
                0x00008d3c       0xe4 .\ARM_GCC_541\Debug\Proj08_DemoTxIntegration.a(USBFS_DEBUG_cdc.o)
                0x00008d3c                USBFS_DEBUG_DispatchCDCClassRqst
 .text.USBFS_DEBUG_GetInterfaceComPort
                0x00008e20       0x60 .\ARM_GCC_541\Debug\Proj08_DemoTxIntegration.a(USBFS_DEBUG_cdc.o)
                0x00008e20                USBFS_DEBUG_GetInterfaceComPort
 .text.USBFS_DEBUG_CDC_Init
                0x00008e80       0xa8 .\ARM_GCC_541\Debug\Proj08_DemoTxIntegration.a(USBFS_DEBUG_cdc.o)
                0x00008e80                USBFS_DEBUG_CDC_Init
 .text.USBFS_DEBUG_PutData
                0x00008f28       0x6c .\ARM_GCC_541\Debug\Proj08_DemoTxIntegration.a(USBFS_DEBUG_cdc.o)
                0x00008f28                USBFS_DEBUG_PutData
 .text.USBFS_DEBUG_DataIsReady
                0x00008f94       0x24 .\ARM_GCC_541\Debug\Proj08_DemoTxIntegration.a(USBFS_DEBUG_cdc.o)
                0x00008f94                USBFS_DEBUG_DataIsReady
 .text.USBFS_DEBUG_CDCIsReady
                0x00008fb8       0x24 .\ARM_GCC_541\Debug\Proj08_DemoTxIntegration.a(USBFS_DEBUG_cdc.o)
                0x00008fb8                USBFS_DEBUG_CDCIsReady
 .text.USBFS_DEBUG_GetData
                0x00008fdc       0x3c .\ARM_GCC_541\Debug\Proj08_DemoTxIntegration.a(USBFS_DEBUG_cdc.o)
                0x00008fdc                USBFS_DEBUG_GetData
 .text.USBFS_DEBUG_Cdc_EpInit
                0x00009018       0x90 .\ARM_GCC_541\Debug\Proj08_DemoTxIntegration.a(USBFS_DEBUG_cdc.o)
                0x00009018                USBFS_DEBUG_Cdc_EpInit
 .text.USBFS_DEBUG_EP_0_ISR
                0x000090a8       0xf8 .\ARM_GCC_541\Debug\Proj08_DemoTxIntegration.a(USBFS_DEBUG_drv.o)
                0x000090a8                USBFS_DEBUG_EP_0_ISR
 .text.USBFS_DEBUG_HandleSetup
                0x000091a0       0x88 .\ARM_GCC_541\Debug\Proj08_DemoTxIntegration.a(USBFS_DEBUG_drv.o)
                0x000091a0                USBFS_DEBUG_HandleSetup
 .text.USBFS_DEBUG_HandleIN
                0x00009228       0x4c .\ARM_GCC_541\Debug\Proj08_DemoTxIntegration.a(USBFS_DEBUG_drv.o)
                0x00009228                USBFS_DEBUG_HandleIN
 .text.USBFS_DEBUG_HandleOUT
                0x00009274       0x58 .\ARM_GCC_541\Debug\Proj08_DemoTxIntegration.a(USBFS_DEBUG_drv.o)
                0x00009274                USBFS_DEBUG_HandleOUT
 .text.USBFS_DEBUG_LoadEP0
                0x000092cc       0xd0 .\ARM_GCC_541\Debug\Proj08_DemoTxIntegration.a(USBFS_DEBUG_drv.o)
                0x000092cc                USBFS_DEBUG_LoadEP0
 .text.USBFS_DEBUG_InitControlRead
                0x0000939c       0x70 .\ARM_GCC_541\Debug\Proj08_DemoTxIntegration.a(USBFS_DEBUG_drv.o)
                0x0000939c                USBFS_DEBUG_InitControlRead
 .text.USBFS_DEBUG_InitZeroLengthControlTransfer
                0x0000940c       0x40 .\ARM_GCC_541\Debug\Proj08_DemoTxIntegration.a(USBFS_DEBUG_drv.o)
                0x0000940c                USBFS_DEBUG_InitZeroLengthControlTransfer
 .text.USBFS_DEBUG_ControlReadDataStage
                0x0000944c        0xc .\ARM_GCC_541\Debug\Proj08_DemoTxIntegration.a(USBFS_DEBUG_drv.o)
                0x0000944c                USBFS_DEBUG_ControlReadDataStage
 .text.USBFS_DEBUG_ControlReadStatusStage
                0x00009458       0x40 .\ARM_GCC_541\Debug\Proj08_DemoTxIntegration.a(USBFS_DEBUG_drv.o)
                0x00009458                USBFS_DEBUG_ControlReadStatusStage
 .text.USBFS_DEBUG_InitControlWrite
                0x00009498       0x64 .\ARM_GCC_541\Debug\Proj08_DemoTxIntegration.a(USBFS_DEBUG_drv.o)
                0x00009498                USBFS_DEBUG_InitControlWrite
 .text.USBFS_DEBUG_ControlWriteDataStage
                0x000094fc       0xb4 .\ARM_GCC_541\Debug\Proj08_DemoTxIntegration.a(USBFS_DEBUG_drv.o)
                0x000094fc                USBFS_DEBUG_ControlWriteDataStage
 .text.USBFS_DEBUG_ControlWriteStatusStage
                0x000095b0       0x24 .\ARM_GCC_541\Debug\Proj08_DemoTxIntegration.a(USBFS_DEBUG_drv.o)
                0x000095b0                USBFS_DEBUG_ControlWriteStatusStage
 .text.USBFS_DEBUG_InitNoDataControlTransfer
                0x000095d4       0x38 .\ARM_GCC_541\Debug\Proj08_DemoTxIntegration.a(USBFS_DEBUG_drv.o)
                0x000095d4                USBFS_DEBUG_InitNoDataControlTransfer
 .text.USBFS_DEBUG_NoDataControlStatusStage
                0x0000960c       0x4c .\ARM_GCC_541\Debug\Proj08_DemoTxIntegration.a(USBFS_DEBUG_drv.o)
                0x0000960c                USBFS_DEBUG_NoDataControlStatusStage
 .text.USBFS_DEBUG_UpdateStatusBlock
                0x00009658       0x40 .\ARM_GCC_541\Debug\Proj08_DemoTxIntegration.a(USBFS_DEBUG_drv.o)
                0x00009658                USBFS_DEBUG_UpdateStatusBlock
 .text.USBFS_DEBUG_InitializeStatusBlock
                0x00009698       0x34 .\ARM_GCC_541\Debug\Proj08_DemoTxIntegration.a(USBFS_DEBUG_drv.o)
                0x00009698                USBFS_DEBUG_InitializeStatusBlock
 .text.USBFS_DEBUG_EP_1_ISR
                0x000096cc       0x48 .\ARM_GCC_541\Debug\Proj08_DemoTxIntegration.a(USBFS_DEBUG_episr.o)
                0x000096cc                USBFS_DEBUG_EP_1_ISR
 .text.USBFS_DEBUG_EP_2_ISR
                0x00009714       0x4c .\ARM_GCC_541\Debug\Proj08_DemoTxIntegration.a(USBFS_DEBUG_episr.o)
                0x00009714                USBFS_DEBUG_EP_2_ISR
 .text.USBFS_DEBUG_EP_3_ISR
                0x00009760       0x54 .\ARM_GCC_541\Debug\Proj08_DemoTxIntegration.a(USBFS_DEBUG_episr.o)
                0x00009760                USBFS_DEBUG_EP_3_ISR
 .text.USBFS_DEBUG_BUS_RESET_ISR
                0x000097b4        0xc .\ARM_GCC_541\Debug\Proj08_DemoTxIntegration.a(USBFS_DEBUG_episr.o)
                0x000097b4                USBFS_DEBUG_BUS_RESET_ISR
 .text.USBFS_DEBUG_DP_ISR
                0x000097c0        0xc .\ARM_GCC_541\Debug\Proj08_DemoTxIntegration.a(USBFS_DEBUG_pm.o)
                0x000097c0                USBFS_DEBUG_DP_ISR
 .text.USBFS_DEBUG_HandleStandardRqst
                0x000097cc      0x494 .\ARM_GCC_541\Debug\Proj08_DemoTxIntegration.a(USBFS_DEBUG_std.o)
                0x000097cc                USBFS_DEBUG_HandleStandardRqst
 .text.USBFS_DEBUG_ReadDieID
                0x00009c60       0xd8 .\ARM_GCC_541\Debug\Proj08_DemoTxIntegration.a(USBFS_DEBUG_std.o)
                0x00009c60                USBFS_DEBUG_ReadDieID
 .text.USBFS_DEBUG_ConfigReg
                0x00009d38      0x138 .\ARM_GCC_541\Debug\Proj08_DemoTxIntegration.a(USBFS_DEBUG_std.o)
                0x00009d38                USBFS_DEBUG_ConfigReg
 .text.USBFS_DEBUG_Config
                0x00009e70      0x3a4 .\ARM_GCC_541\Debug\Proj08_DemoTxIntegration.a(USBFS_DEBUG_std.o)
                0x00009e70                USBFS_DEBUG_Config
 .text.USBFS_DEBUG_ConfigAltChanged
                0x0000a214      0x25c .\ARM_GCC_541\Debug\Proj08_DemoTxIntegration.a(USBFS_DEBUG_std.o)
                0x0000a214                USBFS_DEBUG_ConfigAltChanged
 .text.USBFS_DEBUG_GetConfigTablePtr
                0x0000a470       0x50 .\ARM_GCC_541\Debug\Proj08_DemoTxIntegration.a(USBFS_DEBUG_std.o)
                0x0000a470                USBFS_DEBUG_GetConfigTablePtr
 .text.USBFS_DEBUG_GetDeviceTablePtr
                0x0000a4c0       0x24 .\ARM_GCC_541\Debug\Proj08_DemoTxIntegration.a(USBFS_DEBUG_std.o)
                0x0000a4c0                USBFS_DEBUG_GetDeviceTablePtr
 .text.USBFS_DEBUG_GetInterfaceClassTablePtr
                0x0000a4e4       0x4c .\ARM_GCC_541\Debug\Proj08_DemoTxIntegration.a(USBFS_DEBUG_std.o)
                0x0000a4e4                USBFS_DEBUG_GetInterfaceClassTablePtr
 .text.USBFS_DEBUG_SetEndpointHalt
                0x0000a530       0xe8 .\ARM_GCC_541\Debug\Proj08_DemoTxIntegration.a(USBFS_DEBUG_std.o)
                0x0000a530                USBFS_DEBUG_SetEndpointHalt
 .text.USBFS_DEBUG_ClearEndpointHalt
                0x0000a618      0x158 .\ARM_GCC_541\Debug\Proj08_DemoTxIntegration.a(USBFS_DEBUG_std.o)
                0x0000a618                USBFS_DEBUG_ClearEndpointHalt
 .text.USBFS_DEBUG_ValidateAlternateSetting
                0x0000a770       0x70 .\ARM_GCC_541\Debug\Proj08_DemoTxIntegration.a(USBFS_DEBUG_std.o)
                0x0000a770                USBFS_DEBUG_ValidateAlternateSetting
 .text.USBFS_DEBUG_HandleVendorRqst
                0x0000a7e0       0x34 .\ARM_GCC_541\Debug\Proj08_DemoTxIntegration.a(USBFS_DEBUG_vnd.o)
                0x0000a7e0                USBFS_DEBUG_HandleVendorRqst
 .text.USBFS_DEBUG_Dp_ClearInterrupt
                0x0000a814       0x20 .\ARM_GCC_541\Debug\Proj08_DemoTxIntegration.a(USBFS_DEBUG_Dp.o)
                0x0000a814                USBFS_DEBUG_Dp_ClearInterrupt
 *fill*         0x0000a834        0x4 
 .text          0x0000a838       0x54 .\ARM_GCC_541\Debug\Proj08_DemoTxIntegration.a(CyBootAsmGnu.o)
                0x0000a838                CyDelayCycles
                0x0000a876                CyEnterCriticalSection
                0x0000a87e                CyExitCriticalSection
 .text.USBFS_DEBUG_DispatchClassRqst
                0x0000a88c       0x84 .\ARM_GCC_541\Debug\Proj08_DemoTxIntegration.a(USBFS_DEBUG_cls.o)
                0x0000a88c                USBFS_DEBUG_DispatchClassRqst
 .text.cosf     0x0000a910       0x78 c:/program files (x86)/cypress/psoc creator/4.4/psoc creator/import/gnu/arm/5.4.1/bin/../lib/gcc/arm-none-eabi/5.4.1/../../../../arm-none-eabi/lib/armv7-m\libm.a(lib_a-sf_cos.o)
                0x0000a910                cosf
 .text.sinf     0x0000a988       0x7c c:/program files (x86)/cypress/psoc creator/4.4/psoc creator/import/gnu/arm/5.4.1/bin/../lib/gcc/arm-none-eabi/5.4.1/../../../../arm-none-eabi/lib/armv7-m\libm.a(lib_a-sf_sin.o)
                0x0000a988                sinf
 .text.asinf    0x0000aa04       0xa4 c:/program files (x86)/cypress/psoc creator/4.4/psoc creator/import/gnu/arm/5.4.1/bin/../lib/gcc/arm-none-eabi/5.4.1/../../../../arm-none-eabi/lib/armv7-m\libm.a(lib_a-wf_asin.o)
                0x0000aa04                asinf
 .text.atan2f   0x0000aaa8        0x4 c:/program files (x86)/cypress/psoc creator/4.4/psoc creator/import/gnu/arm/5.4.1/bin/../lib/gcc/arm-none-eabi/5.4.1/../../../../arm-none-eabi/lib/armv7-m\libm.a(lib_a-wf_atan2.o)
                0x0000aaa8                atan2f
 .text.sqrtf    0x0000aaac       0x9c c:/program files (x86)/cypress/psoc creator/4.4/psoc creator/import/gnu/arm/5.4.1/bin/../lib/gcc/arm-none-eabi/5.4.1/../../../../arm-none-eabi/lib/armv7-m\libm.a(lib_a-wf_sqrt.o)
                0x0000aaac                sqrtf
 .text.__ieee754_asinf
                0x0000ab48      0x294 c:/program files (x86)/cypress/psoc creator/4.4/psoc creator/import/gnu/arm/5.4.1/bin/../lib/gcc/arm-none-eabi/5.4.1/../../../../arm-none-eabi/lib/armv7-m\libm.a(lib_a-ef_asin.o)
                0x0000ab48                __ieee754_asinf
 .text.__ieee754_atan2f
                0x0000addc      0x124 c:/program files (x86)/cypress/psoc creator/4.4/psoc creator/import/gnu/arm/5.4.1/bin/../lib/gcc/arm-none-eabi/5.4.1/../../../../arm-none-eabi/lib/armv7-m\libm.a(lib_a-ef_atan2.o)
                0x0000addc                __ieee754_atan2f
 .text.__ieee754_rem_pio2f
                0x0000af00      0x2e4 c:/program files (x86)/cypress/psoc creator/4.4/psoc creator/import/gnu/arm/5.4.1/bin/../lib/gcc/arm-none-eabi/5.4.1/../../../../arm-none-eabi/lib/armv7-m\libm.a(lib_a-ef_rem_pio2.o)
                0x0000af00                __ieee754_rem_pio2f
 .text.__ieee754_sqrtf
                0x0000b1e4       0xa8 c:/program files (x86)/cypress/psoc creator/4.4/psoc creator/import/gnu/arm/5.4.1/bin/../lib/gcc/arm-none-eabi/5.4.1/../../../../arm-none-eabi/lib/armv7-m\libm.a(lib_a-ef_sqrt.o)
                0x0000b1e4                __ieee754_sqrtf
 .text.__kernel_cosf
                0x0000b28c      0x188 c:/program files (x86)/cypress/psoc creator/4.4/psoc creator/import/gnu/arm/5.4.1/bin/../lib/gcc/arm-none-eabi/5.4.1/../../../../arm-none-eabi/lib/armv7-m\libm.a(lib_a-kf_cos.o)
                0x0000b28c                __kernel_cosf
 .text.__kernel_rem_pio2f
                0x0000b414      0x6a0 c:/program files (x86)/cypress/psoc creator/4.4/psoc creator/import/gnu/arm/5.4.1/bin/../lib/gcc/arm-none-eabi/5.4.1/../../../../arm-none-eabi/lib/armv7-m\libm.a(lib_a-kf_rem_pio2.o)
                0x0000b414                __kernel_rem_pio2f
 .text.__kernel_sinf
                0x0000bab4       0xec c:/program files (x86)/cypress/psoc creator/4.4/psoc creator/import/gnu/arm/5.4.1/bin/../lib/gcc/arm-none-eabi/5.4.1/../../../../arm-none-eabi/lib/armv7-m\libm.a(lib_a-kf_sin.o)
                0x0000bab4                __kernel_sinf
 .text.matherr  0x0000bba0        0x4 c:/program files (x86)/cypress/psoc creator/4.4/psoc creator/import/gnu/arm/5.4.1/bin/../lib/gcc/arm-none-eabi/5.4.1/../../../../arm-none-eabi/lib/armv7-m\libm.a(lib_a-s_matherr.o)
                0x0000bba0                matherr
 .text.nan      0x0000bba4        0xc c:/program files (x86)/cypress/psoc creator/4.4/psoc creator/import/gnu/arm/5.4.1/bin/../lib/gcc/arm-none-eabi/5.4.1/../../../../arm-none-eabi/lib/armv7-m\libm.a(lib_a-s_nan.o)
                0x0000bba4                nan
 .text.atanf    0x0000bbb0      0x22c c:/program files (x86)/cypress/psoc creator/4.4/psoc creator/import/gnu/arm/5.4.1/bin/../lib/gcc/arm-none-eabi/5.4.1/../../../../arm-none-eabi/lib/armv7-m\libm.a(lib_a-sf_atan.o)
                0x0000bbb0                atanf
 .text.fabsf    0x0000bddc        0x8 c:/program files (x86)/cypress/psoc creator/4.4/psoc creator/import/gnu/arm/5.4.1/bin/../lib/gcc/arm-none-eabi/5.4.1/../../../../arm-none-eabi/lib/armv7-m\libm.a(lib_a-sf_fabs.o)
                0x0000bddc                fabsf
 .text.floorf   0x0000bde4       0x8c c:/program files (x86)/cypress/psoc creator/4.4/psoc creator/import/gnu/arm/5.4.1/bin/../lib/gcc/arm-none-eabi/5.4.1/../../../../arm-none-eabi/lib/armv7-m\libm.a(lib_a-sf_floor.o)
                0x0000bde4                floorf
 .text.scalbnf  0x0000be70       0xb0 c:/program files (x86)/cypress/psoc creator/4.4/psoc creator/import/gnu/arm/5.4.1/bin/../lib/gcc/arm-none-eabi/5.4.1/../../../../arm-none-eabi/lib/armv7-m\libm.a(lib_a-sf_scalbn.o)
                0x0000be70                scalbnf
 .text.copysignf
                0x0000bf20        0xc c:/program files (x86)/cypress/psoc creator/4.4/psoc creator/import/gnu/arm/5.4.1/bin/../lib/gcc/arm-none-eabi/5.4.1/../../../../arm-none-eabi/lib/armv7-m\libm.a(lib_a-sf_copysign.o)
                0x0000bf20                copysignf
 .text          0x0000bf2c      0x370 c:/program files (x86)/cypress/psoc creator/4.4/psoc creator/import/gnu/arm/5.4.1/bin/../lib/gcc/arm-none-eabi/5.4.1/armv7-m\libgcc.a(_arm_addsubdf3.o)
                0x0000bf2c                __aeabi_drsub
                0x0000bf34                __aeabi_dsub
                0x0000bf34                __subdf3
                0x0000bf38                __aeabi_dadd
                0x0000bf38                __adddf3
                0x0000c1b0                __floatunsidf
                0x0000c1b0                __aeabi_ui2d
                0x0000c1d0                __floatsidf
                0x0000c1d0                __aeabi_i2d
                0x0000c1f4                __aeabi_f2d
                0x0000c1f4                __extendsfdf2
                0x0000c230                __floatundidf
                0x0000c230                __aeabi_ul2d
                0x0000c240                __floatdidf
                0x0000c240                __aeabi_l2d
 .text          0x0000c29c      0x424 c:/program files (x86)/cypress/psoc creator/4.4/psoc creator/import/gnu/arm/5.4.1/bin/../lib/gcc/arm-none-eabi/5.4.1/armv7-m\libgcc.a(_arm_muldivdf3.o)
                0x0000c29c                __aeabi_dmul
                0x0000c29c                __muldf3
                0x0000c4f0                __divdf3
                0x0000c4f0                __aeabi_ddiv
 .text          0x0000c6c0      0x110 c:/program files (x86)/cypress/psoc creator/4.4/psoc creator/import/gnu/arm/5.4.1/bin/../lib/gcc/arm-none-eabi/5.4.1/armv7-m\libgcc.a(_arm_cmpdf2.o)
                0x0000c6c0                __gtdf2
                0x0000c6c0                __gedf2
                0x0000c6c8                __ltdf2
                0x0000c6c8                __ledf2
                0x0000c6d0                __nedf2
                0x0000c6d0                __eqdf2
                0x0000c6d0                __cmpdf2
                0x0000c74c                __aeabi_cdrcmple
                0x0000c75c                __aeabi_cdcmpeq
                0x0000c75c                __aeabi_cdcmple
                0x0000c76c                __aeabi_dcmpeq
                0x0000c780                __aeabi_dcmplt
                0x0000c794                __aeabi_dcmple
                0x0000c7a8                __aeabi_dcmpge
                0x0000c7bc                __aeabi_dcmpgt
 .text          0x0000c7d0       0x2c c:/program files (x86)/cypress/psoc creator/4.4/psoc creator/import/gnu/arm/5.4.1/bin/../lib/gcc/arm-none-eabi/5.4.1/armv7-m\libgcc.a(_arm_unorddf2.o)
                0x0000c7d0                __unorddf2
                0x0000c7d0                __aeabi_dcmpun
 .text          0x0000c7fc       0x50 c:/program files (x86)/cypress/psoc creator/4.4/psoc creator/import/gnu/arm/5.4.1/bin/../lib/gcc/arm-none-eabi/5.4.1/armv7-m\libgcc.a(_arm_fixdfsi.o)
                0x0000c7fc                __aeabi_d2iz
                0x0000c7fc                __fixdfsi
 .text          0x0000c84c       0xa0 c:/program files (x86)/cypress/psoc creator/4.4/psoc creator/import/gnu/arm/5.4.1/bin/../lib/gcc/arm-none-eabi/5.4.1/armv7-m\libgcc.a(_arm_truncdfsf2.o)
                0x0000c84c                __truncdfsf2
                0x0000c84c                __aeabi_d2f
 .text          0x0000c8ec      0x21c c:/program files (x86)/cypress/psoc creator/4.4/psoc creator/import/gnu/arm/5.4.1/bin/../lib/gcc/arm-none-eabi/5.4.1/armv7-m\libgcc.a(_arm_addsubsf3.o)
                0x0000c8ec                __aeabi_frsub
                0x0000c8f4                __subsf3
                0x0000c8f4                __aeabi_fsub
                0x0000c8f8                __aeabi_fadd
                0x0000c8f8                __addsf3
                0x0000ca58                __aeabi_ui2f
                0x0000ca58                __floatunsisf
                0x0000ca60                __aeabi_i2f
                0x0000ca60                __floatsisf
                0x0000ca7c                __aeabi_ul2f
                0x0000ca7c                __floatundisf
                0x0000ca8c                __aeabi_l2f
                0x0000ca8c                __floatdisf
 .text          0x0000cb08      0x2a0 c:/program files (x86)/cypress/psoc creator/4.4/psoc creator/import/gnu/arm/5.4.1/bin/../lib/gcc/arm-none-eabi/5.4.1/armv7-m\libgcc.a(_arm_muldivsf3.o)
                0x0000cb08                __mulsf3
                0x0000cb08                __aeabi_fmul
                0x0000cc70                __aeabi_fdiv
                0x0000cc70                __divsf3
 .text          0x0000cda8       0xec c:/program files (x86)/cypress/psoc creator/4.4/psoc creator/import/gnu/arm/5.4.1/bin/../lib/gcc/arm-none-eabi/5.4.1/armv7-m\libgcc.a(_arm_cmpsf2.o)
                0x0000cda8                __gesf2
                0x0000cda8                __gtsf2
                0x0000cdb0                __lesf2
                0x0000cdb0                __ltsf2
                0x0000cdb8                __nesf2
                0x0000cdb8                __eqsf2
                0x0000cdb8                __cmpsf2
                0x0000ce18                __aeabi_cfrcmple
                0x0000ce20                __aeabi_cfcmpeq
                0x0000ce20                __aeabi_cfcmple
                0x0000ce30                __aeabi_fcmpeq
                0x0000ce44                __aeabi_fcmplt
                0x0000ce58                __aeabi_fcmple
                0x0000ce6c                __aeabi_fcmpge
                0x0000ce80                __aeabi_fcmpgt
 .text          0x0000ce94       0x2c c:/program files (x86)/cypress/psoc creator/4.4/psoc creator/import/gnu/arm/5.4.1/bin/../lib/gcc/arm-none-eabi/5.4.1/armv7-m\libgcc.a(_arm_unordsf2.o)
                0x0000ce94                __unordsf2
                0x0000ce94                __aeabi_fcmpun
 .text          0x0000cec0       0x4c c:/program files (x86)/cypress/psoc creator/4.4/psoc creator/import/gnu/arm/5.4.1/bin/../lib/gcc/arm-none-eabi/5.4.1/armv7-m\libgcc.a(_arm_fixsfsi.o)
                0x0000cec0                __aeabi_f2iz
                0x0000cec0                __fixsfsi
 .text          0x0000cf0c       0x40 c:/program files (x86)/cypress/psoc creator/4.4/psoc creator/import/gnu/arm/5.4.1/bin/../lib/gcc/arm-none-eabi/5.4.1/armv7-m\libgcc.a(_arm_fixunssfsi.o)
                0x0000cf0c                __fixunssfsi
                0x0000cf0c                __aeabi_f2uiz
 .text.__errno  0x0000cf4c        0xc c:/program files (x86)/cypress/psoc creator/4.4/psoc creator/import/gnu/arm/5.4.1/bin/../lib/gcc/arm-none-eabi/5.4.1/../../../../arm-none-eabi/lib/armv7-m\libg_nano.a(lib_a-errno.o)
                0x0000cf4c                __errno
 .text.__libc_init_array
                0x0000cf58       0x4c c:/program files (x86)/cypress/psoc creator/4.4/psoc creator/import/gnu/arm/5.4.1/bin/../lib/gcc/arm-none-eabi/5.4.1/../../../../arm-none-eabi/lib/armv7-m\libg_nano.a(lib_a-init.o)
                0x0000cf58                __libc_init_array
 .text.memcpy   0x0000cfa4       0x16 c:/program files (x86)/cypress/psoc creator/4.4/psoc creator/import/gnu/arm/5.4.1/bin/../lib/gcc/arm-none-eabi/5.4.1/../../../../arm-none-eabi/lib/armv7-m\libg_nano.a(lib_a-memcpy-stub.o)
                0x0000cfa4                memcpy
 .text.memset   0x0000cfba       0x10 c:/program files (x86)/cypress/psoc creator/4.4/psoc creator/import/gnu/arm/5.4.1/bin/../lib/gcc/arm-none-eabi/5.4.1/../../../../arm-none-eabi/lib/armv7-m\libg_nano.a(lib_a-memset.o)
                0x0000cfba                memset
 .text.__cvt    0x0000cfca       0xc0 c:/program files (x86)/cypress/psoc creator/4.4/psoc creator/import/gnu/arm/5.4.1/bin/../lib/gcc/arm-none-eabi/5.4.1/../../../../arm-none-eabi/lib/armv7-m\libg_nano.a(lib_a-nano-vfprintf_float.o)
                0x0000cfca                __cvt
 .text.__exponent
                0x0000d08a       0x62 c:/program files (x86)/cypress/psoc creator/4.4/psoc creator/import/gnu/arm/5.4.1/bin/../lib/gcc/arm-none-eabi/5.4.1/../../../../arm-none-eabi/lib/armv7-m\libg_nano.a(lib_a-nano-vfprintf_float.o)
                0x0000d08a                __exponent
 .text._printf_float
                0x0000d0ec      0x488 c:/program files (x86)/cypress/psoc creator/4.4/psoc creator/import/gnu/arm/5.4.1/bin/../lib/gcc/arm-none-eabi/5.4.1/../../../../arm-none-eabi/lib/armv7-m\libg_nano.a(lib_a-nano-vfprintf_float.o)
                0x0000d0ec                _printf_float
 .text._printf_common
                0x0000d574       0xec c:/program files (x86)/cypress/psoc creator/4.4/psoc creator/import/gnu/arm/5.4.1/bin/../lib/gcc/arm-none-eabi/5.4.1/../../../../arm-none-eabi/lib/armv7-m\libg_nano.a(lib_a-nano-vfprintf_i.o)
                0x0000d574                _printf_common
 .text._printf_i
                0x0000d660      0x24c c:/program files (x86)/cypress/psoc creator/4.4/psoc creator/import/gnu/arm/5.4.1/bin/../lib/gcc/arm-none-eabi/5.4.1/../../../../arm-none-eabi/lib/armv7-m\libg_nano.a(lib_a-nano-vfprintf_i.o)
                0x0000d660                _printf_i
 .text.snprintf
                0x0000d8ac       0x64 c:/program files (x86)/cypress/psoc creator/4.4/psoc creator/import/gnu/arm/5.4.1/bin/../lib/gcc/arm-none-eabi/5.4.1/../../../../arm-none-eabi/lib/armv7-m\libg_nano.a(lib_a-snprintf.o)
                0x0000d8ac                sniprintf
                0x0000d8ac                snprintf
 .text.sprintf  0x0000d910       0x48 c:/program files (x86)/cypress/psoc creator/4.4/psoc creator/import/gnu/arm/5.4.1/bin/../lib/gcc/arm-none-eabi/5.4.1/../../../../arm-none-eabi/lib/armv7-m\libg_nano.a(lib_a-sprintf.o)
                0x0000d910                siprintf
                0x0000d910                sprintf
 .text          0x0000d958       0x10 c:/program files (x86)/cypress/psoc creator/4.4/psoc creator/import/gnu/arm/5.4.1/bin/../lib/gcc/arm-none-eabi/5.4.1/../../../../arm-none-eabi/lib/armv7-m\libg_nano.a(lib_a-strlen.o)
                0x0000d958                strlen
 .text.quorem   0x0000d968      0x116 c:/program files (x86)/cypress/psoc creator/4.4/psoc creator/import/gnu/arm/5.4.1/bin/../lib/gcc/arm-none-eabi/5.4.1/../../../../arm-none-eabi/lib/armv7-m\libg_nano.a(lib_a-dtoa.o)
 *fill*         0x0000da7e        0x2 
 .text._dtoa_r  0x0000da80      0xb30 c:/program files (x86)/cypress/psoc creator/4.4/psoc creator/import/gnu/arm/5.4.1/bin/../lib/gcc/arm-none-eabi/5.4.1/../../../../arm-none-eabi/lib/armv7-m\libg_nano.a(lib_a-dtoa.o)
                0x0000da80                _dtoa_r
 .text._localeconv_r
                0x0000e5b0        0x8 c:/program files (x86)/cypress/psoc creator/4.4/psoc creator/import/gnu/arm/5.4.1/bin/../lib/gcc/arm-none-eabi/5.4.1/../../../../arm-none-eabi/lib/armv7-m\libg_nano.a(lib_a-locale.o)
                0x0000e5b0                _localeconv_r
 .text.malloc   0x0000e5b8       0x10 c:/program files (x86)/cypress/psoc creator/4.4/psoc creator/import/gnu/arm/5.4.1/bin/../lib/gcc/arm-none-eabi/5.4.1/../../../../arm-none-eabi/lib/armv7-m\libg_nano.a(lib_a-malloc.o)
                0x0000e5b8                malloc
 .text.memchr   0x0000e5c8       0x1c c:/program files (x86)/cypress/psoc creator/4.4/psoc creator/import/gnu/arm/5.4.1/bin/../lib/gcc/arm-none-eabi/5.4.1/../../../../arm-none-eabi/lib/armv7-m\libg_nano.a(lib_a-memchr-stub.o)
                0x0000e5c8                memchr
 .text._Balloc  0x0000e5e4       0x6a c:/program files (x86)/cypress/psoc creator/4.4/psoc creator/import/gnu/arm/5.4.1/bin/../lib/gcc/arm-none-eabi/5.4.1/../../../../arm-none-eabi/lib/armv7-m\libg_nano.a(lib_a-mprec.o)
                0x0000e5e4                _Balloc
 .text._Bfree   0x0000e64e       0x2e c:/program files (x86)/cypress/psoc creator/4.4/psoc creator/import/gnu/arm/5.4.1/bin/../lib/gcc/arm-none-eabi/5.4.1/../../../../arm-none-eabi/lib/armv7-m\libg_nano.a(lib_a-mprec.o)
                0x0000e64e                _Bfree
 .text.__multadd
                0x0000e67c       0x76 c:/program files (x86)/cypress/psoc creator/4.4/psoc creator/import/gnu/arm/5.4.1/bin/../lib/gcc/arm-none-eabi/5.4.1/../../../../arm-none-eabi/lib/armv7-m\libg_nano.a(lib_a-mprec.o)
                0x0000e67c                __multadd
 .text.__hi0bits
                0x0000e6f2       0x40 c:/program files (x86)/cypress/psoc creator/4.4/psoc creator/import/gnu/arm/5.4.1/bin/../lib/gcc/arm-none-eabi/5.4.1/../../../../arm-none-eabi/lib/armv7-m\libg_nano.a(lib_a-mprec.o)
                0x0000e6f2                __hi0bits
 .text.__lo0bits
                0x0000e732       0x5a c:/program files (x86)/cypress/psoc creator/4.4/psoc creator/import/gnu/arm/5.4.1/bin/../lib/gcc/arm-none-eabi/5.4.1/../../../../arm-none-eabi/lib/armv7-m\libg_nano.a(lib_a-mprec.o)
                0x0000e732                __lo0bits
 .text.__i2b    0x0000e78c       0x12 c:/program files (x86)/cypress/psoc creator/4.4/psoc creator/import/gnu/arm/5.4.1/bin/../lib/gcc/arm-none-eabi/5.4.1/../../../../arm-none-eabi/lib/armv7-m\libg_nano.a(lib_a-mprec.o)
                0x0000e78c                __i2b
 .text.__multiply
                0x0000e79e      0x120 c:/program files (x86)/cypress/psoc creator/4.4/psoc creator/import/gnu/arm/5.4.1/bin/../lib/gcc/arm-none-eabi/5.4.1/../../../../arm-none-eabi/lib/armv7-m\libg_nano.a(lib_a-mprec.o)
                0x0000e79e                __multiply
 *fill*         0x0000e8be        0x2 
 .text.__pow5mult
                0x0000e8c0       0x9c c:/program files (x86)/cypress/psoc creator/4.4/psoc creator/import/gnu/arm/5.4.1/bin/../lib/gcc/arm-none-eabi/5.4.1/../../../../arm-none-eabi/lib/armv7-m\libg_nano.a(lib_a-mprec.o)
                0x0000e8c0                __pow5mult
 .text.__lshift
                0x0000e95c       0xa2 c:/program files (x86)/cypress/psoc creator/4.4/psoc creator/import/gnu/arm/5.4.1/bin/../lib/gcc/arm-none-eabi/5.4.1/../../../../arm-none-eabi/lib/armv7-m\libg_nano.a(lib_a-mprec.o)
                0x0000e95c                __lshift
 .text.__mcmp   0x0000e9fe       0x38 c:/program files (x86)/cypress/psoc creator/4.4/psoc creator/import/gnu/arm/5.4.1/bin/../lib/gcc/arm-none-eabi/5.4.1/../../../../arm-none-eabi/lib/armv7-m\libg_nano.a(lib_a-mprec.o)
                0x0000e9fe                __mcmp
 .text.__mdiff  0x0000ea36       0xbe c:/program files (x86)/cypress/psoc creator/4.4/psoc creator/import/gnu/arm/5.4.1/bin/../lib/gcc/arm-none-eabi/5.4.1/../../../../arm-none-eabi/lib/armv7-m\libg_nano.a(lib_a-mprec.o)
                0x0000ea36                __mdiff
 .text.__d2b    0x0000eaf4       0x9c c:/program files (x86)/cypress/psoc creator/4.4/psoc creator/import/gnu/arm/5.4.1/bin/../lib/gcc/arm-none-eabi/5.4.1/../../../../arm-none-eabi/lib/armv7-m\libg_nano.a(lib_a-mprec.o)
                0x0000eaf4                __d2b
 .text._calloc_r
                0x0000eb90       0x1c c:/program files (x86)/cypress/psoc creator/4.4/psoc creator/import/gnu/arm/5.4.1/bin/../lib/gcc/arm-none-eabi/5.4.1/../../../../arm-none-eabi/lib/armv7-m\libg_nano.a(lib_a-nano-callocr.o)
                0x0000eb90                _calloc_r
 .text._free_r  0x0000ebac       0x98 c:/program files (x86)/cypress/psoc creator/4.4/psoc creator/import/gnu/arm/5.4.1/bin/../lib/gcc/arm-none-eabi/5.4.1/../../../../arm-none-eabi/lib/armv7-m\libg_nano.a(lib_a-nano-freer.o)
                0x0000ebac                _free_r
 .text._malloc_r
                0x0000ec44       0xbc c:/program files (x86)/cypress/psoc creator/4.4/psoc creator/import/gnu/arm/5.4.1/bin/../lib/gcc/arm-none-eabi/5.4.1/../../../../arm-none-eabi/lib/armv7-m\libg_nano.a(lib_a-nano-mallocr.o)
                0x0000ec44                _malloc_r
 .text.__ssputs_r
                0x0000ed00       0xb2 c:/program files (x86)/cypress/psoc creator/4.4/psoc creator/import/gnu/arm/5.4.1/bin/../lib/gcc/arm-none-eabi/5.4.1/../../../../arm-none-eabi/lib/armv7-m\libg_nano.a(lib_a-nano-svfprintf.o)
                0x0000ed00                __ssputs_r
 *fill*         0x0000edb2        0x2 
 .text._svfprintf_r
                0x0000edb4      0x1e8 c:/program files (x86)/cypress/psoc creator/4.4/psoc creator/import/gnu/arm/5.4.1/bin/../lib/gcc/arm-none-eabi/5.4.1/../../../../arm-none-eabi/lib/armv7-m\libg_nano.a(lib_a-nano-svfprintf.o)
                0x0000edb4                _svfiprintf_r
                0x0000edb4                _svfprintf_r
 .text._sbrk_r  0x0000ef9c       0x20 c:/program files (x86)/cypress/psoc creator/4.4/psoc creator/import/gnu/arm/5.4.1/bin/../lib/gcc/arm-none-eabi/5.4.1/../../../../arm-none-eabi/lib/armv7-m\libg_nano.a(lib_a-sbrkr.o)
                0x0000ef9c                _sbrk_r
 .text.memmove  0x0000efbc       0x36 c:/program files (x86)/cypress/psoc creator/4.4/psoc creator/import/gnu/arm/5.4.1/bin/../lib/gcc/arm-none-eabi/5.4.1/../../../../arm-none-eabi/lib/armv7-m\libg_nano.a(lib_a-memmove.o)
                0x0000efbc                memmove
 .text.__malloc_lock
                0x0000eff2        0x2 c:/program files (x86)/cypress/psoc creator/4.4/psoc creator/import/gnu/arm/5.4.1/bin/../lib/gcc/arm-none-eabi/5.4.1/../../../../arm-none-eabi/lib/armv7-m\libg_nano.a(lib_a-mlock.o)
                0x0000eff2                __malloc_lock
 .text.__malloc_unlock
                0x0000eff4        0x2 c:/program files (x86)/cypress/psoc creator/4.4/psoc creator/import/gnu/arm/5.4.1/bin/../lib/gcc/arm-none-eabi/5.4.1/../../../../arm-none-eabi/lib/armv7-m\libg_nano.a(lib_a-mlock.o)
                0x0000eff4                __malloc_unlock
 .text._realloc_r
                0x0000eff6       0x4c c:/program files (x86)/cypress/psoc creator/4.4/psoc creator/import/gnu/arm/5.4.1/bin/../lib/gcc/arm-none-eabi/5.4.1/../../../../arm-none-eabi/lib/armv7-m\libg_nano.a(lib_a-nano-reallocr.o)
                0x0000eff6                _realloc_r
 .text._malloc_usable_size_r
                0x0000f042       0x14 c:/program files (x86)/cypress/psoc creator/4.4/psoc creator/import/gnu/arm/5.4.1/bin/../lib/gcc/arm-none-eabi/5.4.1/../../../../arm-none-eabi/lib/armv7-m\libg_nano.a(lib_a-nano-msizer.o)
                0x0000f042                _malloc_usable_size_r
 *(.plt)
 *(.gnu.warning)
 *(.glue_7t)
 .glue_7t       0x0000f056        0x0 linker stubs
 *(.glue_7)
 .glue_7        0x0000f056        0x0 linker stubs
 *(.vfp11_veneer)
 .vfp11_veneer  0x0000f056        0x0 linker stubs
 *(.bootloader)
 *(.ARM.extab* .gnu.linkonce.armextab.*)
 *(.gcc_except_table)

.v4_bx          0x0000f058        0x0
 .v4_bx         0x0000f058        0x0 linker stubs

.iplt           0x0000f058        0x0
 .iplt          0x0000f058        0x0 c:/program files (x86)/cypress/psoc creator/4.4/psoc creator/import/gnu/arm/5.4.1/bin/../lib/gcc/arm-none-eabi/5.4.1/armv7-m/crtbegin.o

.eh_frame_hdr
 *(.eh_frame_hdr)

.eh_frame       0x0000f058        0x4
 *(.eh_frame)
 .eh_frame      0x0000f058        0x0 c:/program files (x86)/cypress/psoc creator/4.4/psoc creator/import/gnu/arm/5.4.1/bin/../lib/gcc/arm-none-eabi/5.4.1/armv7-m/crtbegin.o
 .eh_frame      0x0000f058        0x4 c:/program files (x86)/cypress/psoc creator/4.4/psoc creator/import/gnu/arm/5.4.1/bin/../lib/gcc/arm-none-eabi/5.4.1/armv7-m/crtend.o
                [!provide]                PROVIDE (__exidx_start, .)

.ARM.exidx
 *(.ARM.exidx* .gnu.linkonce.armexidx.*)
                0x0000f05c                __exidx_end = .

.rodata         0x0000f060     0x1420
 *(.rodata .rodata.* .gnu.linkonce.r.*)
 .rodata        0x0000f060       0xe6 .\ARM_GCC_541\Debug\main.o
 *fill*         0x0000f146        0x2 
 .rodata        0x0000f148      0x454 .\ARM_GCC_541\Debug\app_statemachine.o
 .rodata        0x0000f59c      0x100 .\ARM_GCC_541\Debug\sbc_comms.o
 .rodata        0x0000f69c       0xb9 .\ARM_GCC_541\Debug\app_state_stby.o
 *fill*         0x0000f755        0x3 
 .rodata        0x0000f758       0xa8 .\ARM_GCC_541\Debug\app_state_manu.o
 .rodata        0x0000f800      0x376 .\ARM_GCC_541\Debug\app_state_auto.o
 *fill*         0x0000fb76        0x2 
 .rodata        0x0000fb78       0xc5 .\ARM_GCC_541\Debug\app_state_error.o
 *fill*         0x0000fc3d        0x3 
 .rodata        0x0000fc40       0x4b .\ARM_GCC_541\Debug\utils.o
 *fill*         0x0000fc8b        0x1 
 .rodata        0x0000fc8c        0x4 .\ARM_GCC_541\Debug\hamfly_core_telemetry.o
 .rodata        0x0000fc90       0x36 .\ARM_GCC_541\Debug\cyfitter_cfg.o
 *fill*         0x0000fcc6        0x2 
 .rodata        0x0000fcc8       0x11 .\ARM_GCC_541\Debug\Proj08_DemoTxIntegration.a(USBFS_DEBUG_std.o)
 *fill*         0x0000fcd9        0x3 
 .rodata        0x0000fcdc      0x208 .\ARM_GCC_541\Debug\Proj08_DemoTxIntegration.a(USBFS_DEBUG_descr.o)
                0x0000fcdc                USBFS_DEBUG_DEVICE0_DESCR
                0x0000fcf0                USBFS_DEBUG_DEVICE0_CONFIGURATION0_DESCR
                0x0000fd3c                USBFS_DEBUG_STRING_DESCRIPTORS
                0x0000fe7c                USBFS_DEBUG_SN_STRING_DESCRIPTOR
                0x0000fe80                USBFS_DEBUG_DEVICE0_CONFIGURATION0_EP_SETTINGS_TABLE
                0x0000fe98                USBFS_DEBUG_DEVICE0_CONFIGURATION0_INTERFACE_CLASS
                0x0000fe9c                USBFS_DEBUG_DEVICE0_CONFIGURATION0_TABLE
                0x0000fec4                USBFS_DEBUG_DEVICE0_TABLE
                0x0000fedc                USBFS_DEBUG_TABLE
 .rodata.str1.4
                0x0000fee4        0x9 c:/program files (x86)/cypress/psoc creator/4.4/psoc creator/import/gnu/arm/5.4.1/bin/../lib/gcc/arm-none-eabi/5.4.1/../../../../arm-none-eabi/lib/armv7-m\libm.a(lib_a-wf_asin.o)
 *fill*         0x0000feed        0x3 
 .rodata.str1.4
                0x0000fef0        0x8 c:/program files (x86)/cypress/psoc creator/4.4/psoc creator/import/gnu/arm/5.4.1/bin/../lib/gcc/arm-none-eabi/5.4.1/../../../../arm-none-eabi/lib/armv7-m\libm.a(lib_a-wf_sqrt.o)
                                  0x6 (size before relaxing)
 .rodata.npio2_hw
                0x0000fef8       0x80 c:/program files (x86)/cypress/psoc creator/4.4/psoc creator/import/gnu/arm/5.4.1/bin/../lib/gcc/arm-none-eabi/5.4.1/../../../../arm-none-eabi/lib/armv7-m\libm.a(lib_a-ef_rem_pio2.o)
 .rodata.two_over_pi
                0x0000ff78      0x318 c:/program files (x86)/cypress/psoc creator/4.4/psoc creator/import/gnu/arm/5.4.1/bin/../lib/gcc/arm-none-eabi/5.4.1/../../../../arm-none-eabi/lib/armv7-m\libm.a(lib_a-ef_rem_pio2.o)
 .rodata.init_jk
                0x00010290        0xc c:/program files (x86)/cypress/psoc creator/4.4/psoc creator/import/gnu/arm/5.4.1/bin/../lib/gcc/arm-none-eabi/5.4.1/../../../../arm-none-eabi/lib/armv7-m\libm.a(lib_a-kf_rem_pio2.o)
 .rodata.PIo2   0x0001029c       0x2c c:/program files (x86)/cypress/psoc creator/4.4/psoc creator/import/gnu/arm/5.4.1/bin/../lib/gcc/arm-none-eabi/5.4.1/../../../../arm-none-eabi/lib/armv7-m\libm.a(lib_a-kf_rem_pio2.o)
 .rodata.atanlo
                0x000102c8       0x10 c:/program files (x86)/cypress/psoc creator/4.4/psoc creator/import/gnu/arm/5.4.1/bin/../lib/gcc/arm-none-eabi/5.4.1/../../../../arm-none-eabi/lib/armv7-m\libm.a(lib_a-sf_atan.o)
 .rodata.atanhi
                0x000102d8       0x10 c:/program files (x86)/cypress/psoc creator/4.4/psoc creator/import/gnu/arm/5.4.1/bin/../lib/gcc/arm-none-eabi/5.4.1/../../../../arm-none-eabi/lib/armv7-m\libm.a(lib_a-sf_atan.o)
 .rodata.str1.1
                0x000102e8        0x2 c:/program files (x86)/cypress/psoc creator/4.4/psoc creator/import/gnu/arm/5.4.1/bin/../lib/gcc/arm-none-eabi/5.4.1/../../../../arm-none-eabi/lib/armv7-m\libg_nano.a(lib_a-impure.o)
 .rodata.str1.1
                0x000102ea       0x12 c:/program files (x86)/cypress/psoc creator/4.4/psoc creator/import/gnu/arm/5.4.1/bin/../lib/gcc/arm-none-eabi/5.4.1/../../../../arm-none-eabi/lib/armv7-m\libg_nano.a(lib_a-nano-vfprintf_float.o)
 .rodata.str1.1
                0x000102fc       0x22 c:/program files (x86)/cypress/psoc creator/4.4/psoc creator/import/gnu/arm/5.4.1/bin/../lib/gcc/arm-none-eabi/5.4.1/../../../../arm-none-eabi/lib/armv7-m\libg_nano.a(lib_a-nano-vfprintf_i.o)
 .rodata.str1.1
                0x0001031e        0xd c:/program files (x86)/cypress/psoc creator/4.4/psoc creator/import/gnu/arm/5.4.1/bin/../lib/gcc/arm-none-eabi/5.4.1/../../../../arm-none-eabi/lib/armv7-m\libg_nano.a(lib_a-dtoa.o)
                                  0xf (size before relaxing)
 .rodata.str1.1
                0x0001032b        0x8 c:/program files (x86)/cypress/psoc creator/4.4/psoc creator/import/gnu/arm/5.4.1/bin/../lib/gcc/arm-none-eabi/5.4.1/../../../../arm-none-eabi/lib/armv7-m\libg_nano.a(lib_a-locale.o)
                                  0xb (size before relaxing)
 *fill*         0x00010333        0x5 
 .rodata.__mprec_tens
                0x00010338       0xc8 c:/program files (x86)/cypress/psoc creator/4.4/psoc creator/import/gnu/arm/5.4.1/bin/../lib/gcc/arm-none-eabi/5.4.1/../../../../arm-none-eabi/lib/armv7-m\libg_nano.a(lib_a-mprec.o)
                0x00010338                __mprec_tens
 .rodata.p05.5408
                0x00010400        0xc c:/program files (x86)/cypress/psoc creator/4.4/psoc creator/import/gnu/arm/5.4.1/bin/../lib/gcc/arm-none-eabi/5.4.1/../../../../arm-none-eabi/lib/armv7-m\libg_nano.a(lib_a-mprec.o)
 *fill*         0x0001040c        0x4 
 .rodata.__mprec_bigtens
                0x00010410       0x28 c:/program files (x86)/cypress/psoc creator/4.4/psoc creator/import/gnu/arm/5.4.1/bin/../lib/gcc/arm-none-eabi/5.4.1/../../../../arm-none-eabi/lib/armv7-m\libg_nano.a(lib_a-mprec.o)
                0x00010410                __mprec_bigtens
 .rodata.str1.1
                0x00010438       0x11 c:/program files (x86)/cypress/psoc creator/4.4/psoc creator/import/gnu/arm/5.4.1/bin/../lib/gcc/arm-none-eabi/5.4.1/../../../../arm-none-eabi/lib/armv7-m\libg_nano.a(lib_a-nano-svfprintf.o)
                0x0001044c                . = ALIGN (0x4)
 *fill*         0x00010449        0x3 
 *(.init)
 .init          0x0001044c        0x4 c:/program files (x86)/cypress/psoc creator/4.4/psoc creator/import/gnu/arm/5.4.1/bin/../lib/gcc/arm-none-eabi/5.4.1/armv7-m/crti.o
                0x0001044c                _init
 .init          0x00010450        0x8 c:/program files (x86)/cypress/psoc creator/4.4/psoc creator/import/gnu/arm/5.4.1/bin/../lib/gcc/arm-none-eabi/5.4.1/armv7-m/crtn.o
                0x00010458                . = ALIGN (0x4)
                0x00010458                __preinit_array_start = .
 *(.preinit_array)
                0x00010458                __preinit_array_end = .
                0x00010458                . = ALIGN (0x4)
                0x00010458                __init_array_start = .
 *(SORT(.init_array.*))
 *(.init_array)
 .init_array    0x00010458        0x4 c:/program files (x86)/cypress/psoc creator/4.4/psoc creator/import/gnu/arm/5.4.1/bin/../lib/gcc/arm-none-eabi/5.4.1/armv7-m/crtbegin.o
 .init_array    0x0001045c        0x4 .\ARM_GCC_541\Debug\Cm3Start.o
                0x00010460                __init_array_end = .
                0x00010460                . = ALIGN (0x4)
 *(.fini)
 .fini          0x00010460        0x4 c:/program files (x86)/cypress/psoc creator/4.4/psoc creator/import/gnu/arm/5.4.1/bin/../lib/gcc/arm-none-eabi/5.4.1/armv7-m/crti.o
                0x00010460                _fini
 .fini          0x00010464        0x8 c:/program files (x86)/cypress/psoc creator/4.4/psoc creator/import/gnu/arm/5.4.1/bin/../lib/gcc/arm-none-eabi/5.4.1/armv7-m/crtn.o
                0x0001046c                . = ALIGN (0x4)
                0x0001046c                __fini_array_start = .
 *(.fini_array)
 .fini_array    0x0001046c        0x4 c:/program files (x86)/cypress/psoc creator/4.4/psoc creator/import/gnu/arm/5.4.1/bin/../lib/gcc/arm-none-eabi/5.4.1/armv7-m/crtbegin.o
 *(SORT(.fini_array.*))
                0x00010470                __fini_array_end = .
                0x00010470                . = ALIGN (0x4)
 *crtbegin.o(.ctors)
 *(EXCLUDE_FILE(*crtend.o) .ctors)
 *(SORT(.ctors.*))
 *crtend.o(.ctors)
                0x00010470                . = ALIGN (0x4)
 *crtbegin.o(.dtors)
 *(EXCLUDE_FILE(*crtend.o) .dtors)
 *(SORT(.dtors.*))
 *crtend.o(.dtors)
                0x00010470                . = ALIGN (0x4)
                0x00010470                __cy_regions = .
                0x00010470        0x4 LONG 0x10480 __cy_region_init_ram
                0x00010474        0x4 LONG 0x1fff80c8 __cy_region_start_data
                0x00010478        0x4 LONG 0x180 __cy_region_init_size_ram
                0x0001047c        0x4 LONG 0x600 __cy_region_zero_size_ram
                0x00010480                __cy_regions_end = .
                0x00010480                . = ALIGN (0x8)
                0x00010480                _etext = .

.cy_checksum_exclude
                0x00010480        0x0
 *(.cy_checksum_exclude)

.ramvectors     0x1fff8000       0xc0
                0x1fff8000                __cy_region_start_ram = .
 *(.ramvectors)
 .ramvectors    0x1fff8000       0xc0 .\ARM_GCC_541\Debug\Cm3Start.o
                0x1fff8000                CyRamVectors

.noinit         0x1fff80c0        0x5
 *(.noinit)
 .noinit        0x1fff80c0        0x4 .\ARM_GCC_541\Debug\Cm3Start.o
 .noinit        0x1fff80c4        0x1 .\ARM_GCC_541\Debug\Proj08_DemoTxIntegration.a(CyLib.o)
                0x1fff80c4                CyResetStatus

.data           0x1fff80c8      0x180 load address 0x00010480
                0x1fff80c8                __cy_region_start_data = .
 *(.jcr)
 .jcr           0x1fff80c8        0x0 c:/program files (x86)/cypress/psoc creator/4.4/psoc creator/import/gnu/arm/5.4.1/bin/../lib/gcc/arm-none-eabi/5.4.1/armv7-m/crtbegin.o
 .jcr           0x1fff80c8        0x4 c:/program files (x86)/cypress/psoc creator/4.4/psoc creator/import/gnu/arm/5.4.1/bin/../lib/gcc/arm-none-eabi/5.4.1/armv7-m/crtend.o
 *(.got.plt)
 *(.got)
 *(.shdata)
 *(.data .data.* .gnu.linkonce.d.*)
 .data          0x1fff80cc       0x30 .\ARM_GCC_541\Debug\telemetry.o
 .data          0x1fff80fc        0x8 .\ARM_GCC_541\Debug\app_state_auto.o
 .data          0x1fff8104       0x74 .\ARM_GCC_541\Debug\hamfly_qx_app.o
                0x1fff8104                FreeflyAPI