Archive member included to satisfy reference by file (symbol)

.\ARM_GCC_541\Debug\Proj08_DemoTxIntegration.a(UART_MOVI.o)
                              .\ARM_GCC_541\Debug\main.o (UART_MOVI_Start)
.\ARM_GCC_541\Debug\Proj08_DemoTxIntegration.a(isr_rx_movi.o)
                              .\ARM_GCC_541\Debug\main.o (isr_rx_movi_StartEx)
.\ARM_GCC_541\Debug\Proj08_DemoTxIntegration.a(Looptimer.o)
                              .\ARM_GCC_541\Debug\main.o (Looptimer_Start)
.\ARM_GCC_541\Debug\Proj08_DemoTxIntegration.a(isr_Looptimer.o)
                              .\ARM_GCC_541\Debug\main.o (isr_Looptimer_StartEx)
.\ARM_GCC_541\Debug\Proj08_DemoTxIntegration.a(EEPROM_CONFIG.o)
                              .\ARM_GCC_541\Debug\psoc_eeprom.o (EEPROM_CONFIG_Start)
.\ARM_GCC_541\Debug\Proj08_DemoTxIntegration.a(CyFlash.o)
                              .\ARM_GCC_541\Debug\Proj08_DemoTxIntegration.a(EEPROM_CONFIG.o) (dieTemperature)
.\ARM_GCC_541\Debug\Proj08_DemoTxIntegration.a(CyLib.o)
                              .\ARM_GCC_541\Debug\Cm3Start.o (CyResetStatus)
.\ARM_GCC_541\Debug\Proj08_DemoTxIntegration.a(cyPm.o)
                              .\ARM_GCC_541\Debug\Proj08_DemoTxIntegration.a(CyLib.o) (CyPmReadStatus)
.\ARM_GCC_541\Debug\Proj08_DemoTxIntegration.a(CySpc.o)
                              .\ARM_GCC_541\Debug\Proj08_DemoTxIntegration.a(EEPROM_CONFIG.o) (CySpcStart)
.\ARM_GCC_541\Debug\Proj08_DemoTxIntegration.a(UART_SBC.o)
                              .\ARM_GCC_541\Debug\main.o (UART_SBC_Start)
.\ARM_GCC_541\Debug\Proj08_DemoTxIntegration.a(isr_rx_sbc.o)
                              .\ARM_GCC_541\Debug\main.o (isr_rx_sbc_StartEx)
.\ARM_GCC_541\Debug\Proj08_DemoTxIntegration.a(UART_SBC_IntClock.o)
                              .\ARM_GCC_541\Debug\Proj08_DemoTxIntegration.a(UART_SBC.o) (UART_SBC_IntClock_Start)
.\ARM_GCC_541\Debug\Proj08_DemoTxIntegration.a(Pin_Debug_SuperLoop.o)
                              .\ARM_GCC_541\Debug\main.o (Pin_Debug_SuperLoop_Write)
.\ARM_GCC_541\Debug\Proj08_DemoTxIntegration.a(Pin_Debug_CoarseCentroid.o)
                              .\ARM_GCC_541\Debug\sbc_comms.o (Pin_Debug_CoarseCentroid_Write)
.\ARM_GCC_541\Debug\Proj08_DemoTxIntegration.a(Pin_SwitchAuto.o)
                              .\ARM_GCC_541\Debug\app_statemachine.o (Pin_SwitchAuto_Read)
.\ARM_GCC_541\Debug\Proj08_DemoTxIntegration.a(VDAC8_3v3Ref.o)
                              .\ARM_GCC_541\Debug\main.o (VDAC8_3v3Ref_Start)
.\ARM_GCC_541\Debug\Proj08_DemoTxIntegration.a(USBFS_DEBUG.o)
                              .\ARM_GCC_541\Debug\debug_usbcdc.o (USBFS_DEBUG_Start)
.\ARM_GCC_541\Debug\Proj08_DemoTxIntegration.a(USBFS_DEBUG_cdc.o)
                              .\ARM_GCC_541\Debug\debug_usbcdc.o (USBFS_DEBUG_CDC_Init)
.\ARM_GCC_541\Debug\Proj08_DemoTxIntegration.a(USBFS_DEBUG_drv.o)
                              .\ARM_GCC_541\Debug\Proj08_DemoTxIntegration.a(USBFS_DEBUG.o) (USBFS_DEBUG_EP)
.\ARM_GCC_541\Debug\Proj08_DemoTxIntegration.a(USBFS_DEBUG_episr.o)
                              .\ARM_GCC_541\Debug\Proj08_DemoTxIntegration.a(USBFS_DEBUG.o) (USBFS_DEBUG_EP_1_ISR)
.\ARM_GCC_541\Debug\Proj08_DemoTxIntegration.a(USBFS_DEBUG_pm.o)
                              .\ARM_GCC_541\Debug\Proj08_DemoTxIntegration.a(USBFS_DEBUG.o) (USBFS_DEBUG_DP_ISR)
.\ARM_GCC_541\Debug\Proj08_DemoTxIntegration.a(USBFS_DEBUG_std.o)
                              .\ARM_GCC_541\Debug\Proj08_DemoTxIntegration.a(USBFS_DEBUG_drv.o) (USBFS_DEBUG_HandleStandardRqst)
.\ARM_GCC_541\Debug\Proj08_DemoTxIntegration.a(USBFS_DEBUG_vnd.o)
                              .\ARM_GCC_541\Debug\Proj08_DemoTxIntegration.a(USBFS_DEBUG_drv.o) (USBFS_DEBUG_HandleVendorRqst)
.\ARM_GCC_541\Debug\Proj08_DemoTxIntegration.a(USBFS_DEBUG_Dp.o)
                              .\ARM_GCC_541\Debug\Proj08_DemoTxIntegration.a(USBFS_DEBUG.o) (USBFS_DEBUG_Dp_ClearInterrupt)
.\ARM_GCC_541\Debug\Proj08_DemoTxIntegration.a(CyBootAsmGnu.o)
                              .\ARM_GCC_541\Debug\cyfitter_cfg.o (CyDelayCycles)
.\ARM_GCC_541\Debug\Proj08_DemoTxIntegration.a(USBFS_DEBUG_cls.o)
                              .\ARM_GCC_541\Debug\Proj08_DemoTxIntegration.a(USBFS_DEBUG_drv.o) (USBFS_DEBUG_DispatchClassRqst)
.\ARM_GCC_541\Debug\Proj08_DemoTxIntegration.a(USBFS_DEBUG_descr.o)
                              .\ARM_GCC_541\Debug\Proj08_DemoTxIntegration.a(USBFS_DEBUG_std.o) (USBFS_DEBUG_DEVICE0_DESCR)
c:/program files (x86)/cypress/psoc creator/4.4/psoc creator/import/gnu/arm/5.4.1/bin/../lib/gcc/arm-none-eabi/5.4.1/../../../../arm-none-eabi/lib/armv7-m\libm.a(lib_a-s_cos.o)
                              .\ARM_GCC_541\Debug\hamfly_core_gimbal.o (cos)
c:/program files (x86)/cypress/psoc creator/4.4/psoc creator/import/gnu/arm/5.4.1/bin/../lib/gcc/arm-none-eabi/5.4.1/../../../../arm-none-eabi/lib/armv7-m\libm.a(lib_a-sf_cos.o)
                              .\ARM_GCC_541\Debug\app_state_auto.o (cosf)
[...]
Memory Configuration

Name             Origin             Length             Attributes
rom              0x00000000         0x00040000         xr
ram              0x1fff8000         0x00010000         xrw
*default*        0x00000000         0xffffffff

Linker script and memory map

LOAD c:/program files (x86)/cypress/psoc creator/4.4/psoc creator/import/gnu/arm/5.4.1/bin/../lib/gcc/arm-none-eabi/5.4.1/armv7-m/crti.o
LOAD c:/program files (x86)/cypress/psoc creator/4.4/psoc creator/import/gnu/arm/5.4.1/bin/../lib/gcc/arm-none-eabi/5.4.1/armv7-m/crtbegin.o
LOAD c:/program files (x86)/cypress/psoc creator/4.4/psoc creator/import/gnu/arm/5.4.1/bin/../lib/gcc/arm-none-eabi/5.4.1/../../../../arm-none-eabi/lib/armv7-m/crt0.o
START GROUP
LOAD .\ARM_GCC_541\Debug\main.o
LOAD .\ARM_GCC_541\Debug\psoc_eeprom.o
LOAD .\ARM_GCC_541\Debug\app_ctx.o
LOAD .\ARM_GCC_541\Debug\app_statemachine.o
LOAD .\ARM_GCC_541\Debug\sbc_comms.o
LOAD .\ARM_GCC_541\Debug\telemetry.o
LOAD .\ARM_GCC_541\Debug\app_state_stby.o
LOAD .\ARM_GCC_541\Debug\app_state_manu.o
LOAD .\ARM_GCC_541\Debug\app_state_auto.o
LOAD .\ARM_GCC_541\Debug\app_state_error.o
LOAD .\ARM_GCC_541\Debug\utils.o
LOAD .\ARM_GCC_541\Debug\debug_usbcdc.o
LOAD .\ARM_GCC_541\Debug\hamfly_comm_rb.o
LOAD .\ARM_GCC_541\Debug\hamfly_comm_txbuf.o
LOAD .\ARM_GCC_541\Debug\hamfly_core_gimbal.o
LOAD .\ARM_GCC_541\Debug\hamfly_core_telemetry.o
LOAD .\ARM_GCC_541\Debug\hamfly_qx_app.o
LOAD .\ARM_GCC_541\Debug\hamfly_qx_protocol.o
LOAD .\ARM_GCC_541\Debug\cyfitter_cfg.o
LOAD .\ARM_GCC_541\Debug\cymetadata.o
LOAD .\ARM_GCC_541\Debug\Cm3Start.o
LOAD .\ARM_GCC_541\Debug\Proj08_DemoTxIntegration.a
LOAD C:\Program Files (x86)\Cypress\PSoC Creator\4.4\PSoC Creator\psoc\content\cycomponentlibrary\CyComponentLibrary.cylib\CortexM3\ARM_GCC_541\Debug\CyComponentLibrary.a
LOAD c:/program files (x86)/cypress/psoc creator/4.4/psoc creator/import/gnu/arm/5.4.1/bin/../lib/gcc/arm-none-eabi/5.4.1/../../../../arm-none-eabi/lib/armv7-m\libm.a
END GROUP
START GROUP
LOAD c:/program files (x86)/cypress/psoc creator/4.4/psoc creator/import/gnu/arm/5.4.1/bin/../lib/gcc/arm-none-eabi/5.4.1/armv7-m\libgcc.a
LOAD c:/program files (x86)/cypress/psoc creator/4.4/psoc creator/import/gnu/arm/5.4.1/bin/../lib/gcc/arm-none-eabi/5.4.1/../../../../arm-none-eabi/lib/armv7-m\libg_nano.a
LOAD c:/program files (x86)/cypress/psoc creator/4.4/psoc creator/import/gnu/arm/5.4.1/bin/../lib/gcc/arm-none-eabi/5.4.1/../../../../arm-none-eabi/lib/armv7-m\libc_nano.a
END GROUP
START GROUP
LOAD c:/program files (x86)/cypress/psoc creator/4.4/psoc creator/import/gnu/arm/5.4.1/bin/../lib/gcc/arm-none-eabi/5.4.1/armv7-m\libgcc.a
LOAD c:/program files (x86)/cypress/psoc creator/4.4/psoc creator/import/gnu/arm/5.4.1/bin/../lib/gcc/arm-none-eabi/5.4.1/../../../../arm-none-eabi/lib/armv7-m\libc_nano.a
END GROUP
LOAD c:/program files (x86)/cypress/psoc creator/4.4/psoc creator/import/gnu/arm/5.4.1/bin/../lib/gcc/arm-none-eabi/5.4.1/armv7-m/crtend.o
LOAD c:/program files (x86)/cypress/psoc creator/4.4/psoc creator/import/gnu/arm/5.4.1/bin/../lib/gcc/arm-none-eabi/5.4.1/armv7-m/crtn.o
START GROUP
LOAD c:/program files (x86)/cypress/psoc creator/4.4/psoc creator/import/gnu/arm/5.4.1/bin/../lib/gcc/arm-none-eabi/5.4.1/armv7-m\libgcc.a
LOAD c:/program files (x86)/cypress/psoc creator/4.4/psoc creator/import/gnu/arm/5.4.1/bin/../lib/gcc/arm-none-eabi/5.4.1/../../../../arm-none-eabi/lib/armv7-m\libc.a
LOAD c:/program files (x86)/cypress/psoc creator/4.4/psoc creator/import/gnu/arm/5.4.1/bin/../lib/gcc/arm-none-eabi/5.4.1/../../../../arm-none-eabi/lib/armv7-m\libnosys.a
END GROUP
                0x00000000                CY_APPL_ORIGIN = 0x0
                0x00000100                CY_FLASH_ROW_SIZE = 0x100
                0x00000020                CY_ECC_ROW_SIZE = 0x20
                0x00000000                CY_EE_IN_BTLDR = 0x0
                0x00000000                CY_APPL_LOADABLE = 0x0
                0x00000800                CY_EE_SIZE = 0x800
                0x00000001                CY_APPL_NUM = 0x1
                0x00000001                CY_APPL_MAX = 0x1
                0x00000040                CY_METADATA_SIZE = 0x40
                0x00000000                CY_APPL_LOADABLE = 0x0
                0x00000000                CY_CHECKSUM_EXCLUDE_SIZE = ALIGN (0x0, CY_FLASH_ROW_SIZE)
                [!provide]                PROVIDE (__cy_heap_start, _end)
                0x00000001                PROVIDE (__cy_region_num, ((__cy_regions_end - __cy_regions) / 0x10))
                0x20008000                PROVIDE (__cy_stack, (ORIGIN (ram) + LENGTH (ram)))
                [!provide]                PROVIDE (__cy_heap_end, (__cy_stack - 0x800))

.cybootloader   0x00000000        0x0
 *(.cybootloader)
                0x00000000                appl1_start = CY_APPL_ORIGIN?CY_APPL_ORIGIN:ALIGN (CY_FLASH_ROW_SIZE)
                0x0001ff00                appl2_start = (appl1_start + ALIGN ((((LENGTH (rom) - appl1_start) - (0x2 * CY_FLASH_ROW_SIZE)) / 0x2), CY_FLASH_ROW_SIZE))
                0x00000000                appl_start = (CY_APPL_NUM == 0x1)?appl1_start:appl2_start
                0x00000000                ecc_offset = ((appl_start / CY_FLASH_ROW_SIZE) * CY_ECC_ROW_SIZE)
                0x00000000                ee_offset = (CY_APPL_LOADABLE && ! (CY_EE_IN_BTLDR))?((CY_EE_SIZE / CY_APPL_MAX) * (CY_APPL_NUM - 0x1)):0x0
                0x00000800                ee_size = (CY_APPL_LOADABLE && ! (CY_EE_IN_BTLDR))?(CY_EE_SIZE / CY_APPL_MAX):CY_EE_SIZE
                [!provide]                PROVIDE (CY_ECC_OFFSET, ecc_offset)

.text           0x00000000     0xf606
 CREATE_OBJECT_SYMBOLS
                0x00000000                PROVIDE (__cy_interrupt_vector, RomVectors)
 *(.romvectors)
 .romvectors    0x00000000       0x10 .\ARM_GCC_541\Debug\Cm3Start.o
                0x00000000                RomVectors
                0x00000001                ASSERT ((. != __cy_interrupt_vector), No interrupt vector)
                0x00000001                ASSERT (CY_APPL_ORIGIN?(SIZEOF (.cybootloader) <= CY_APPL_ORIGIN):0x1, Wrong image location)
                0x00000010                PROVIDE (__cy_reset, Reset)
 *(.text.Reset)
 .text.Reset    0x00000010       0x18 .\ARM_GCC_541\Debug\Cm3Start.o
                0x00000010                Reset
                0x00000001                ASSERT ((. != __cy_reset), No reset code)
 *(.dma_init)
                0x00000001                ASSERT ((((appl_start + .) <= 0x10000) || 0x1), DMA Init must be within the first 64k of flash)
 *(.text .text.* .gnu.linkonce.t.*)
 .text          0x00000028       0x5c c:/program files (x86)/cypress/psoc creator/4.4/psoc creator/import/gnu/arm/5.4.1/bin/../lib/gcc/arm-none-eabi/5.4.1/armv7-m/crtbegin.o
 .text._hamfly_psoc5_putc
                0x00000084       0x1c .\ARM_GCC_541\Debug\main.o
 .text.psoc_get_tick
                0x000000a0       0x1c .\ARM_GCC_541\Debug\main.o
 .text.isr_rx_movi_Handler
                0x000000bc       0x58 .\ARM_GCC_541\Debug\main.o
                0x000000bc                isr_rx_movi_Handler
 .text.isr_Looptimer_Handler
                0x00000114       0x1c .\ARM_GCC_541\Debug\main.o
                0x00000114                isr_Looptimer_Handler
 .text.isr_rx_sbc_Handler
                0x00000130       0x50 .\ARM_GCC_541\Debug\main.o
                0x00000130                isr_rx_sbc_Handler
 .text.decomp   0x00000180       0xa8 .\ARM_GCC_541\Debug\main.o
 .text.main     0x00000228      0x288 .\ARM_GCC_541\Debug\main.o
                0x00000228                main
 .text.psoc_eeprom_init
                0x000004b0        0xc .\ARM_GCC_541\Debug\psoc_eeprom.o
                0x000004b0                psoc_eeprom_init
 .text.app_ctx_init
                0x000004bc       0xc0 .\ARM_GCC_541\Debug\app_ctx.o
                0x000004bc                app_ctx_init
 .text.depth_of
                0x0000057c       0x34 .\ARM_GCC_541\Debug\app_statemachine.o
 .text.lca      0x000005b0       0x80 .\ARM_GCC_541\Debug\app_statemachine.o
 .text.app_transition
                0x00000630      0x150 .\ARM_GCC_541\Debug\app_statemachine.o
                0x00000630                app_transition
 .text.app_start
                0x00000780       0x28 .\ARM_GCC_541\Debug\app_statemachine.o
                0x00000780                app_start
 .text.app_raise_error
                0x000007a8       0x68 .\ARM_GCC_541\Debug\app_statemachine.o
                0x000007a8                app_raise_error
 .text.app_state_name
                0x00000810       0x20 .\ARM_GCC_541\Debug\app_statemachine.o
                0x00000810                app_state_name
 .text.app_telem_tick
                0x00000830       0x80 .\ARM_GCC_541\Debug\app_statemachine.o
                0x00000830                app_telem_tick
 .text.build_defer
                0x000008b0       0x30 .\ARM_GCC_541\Debug\app_statemachine.o
                0x000008b0                build_defer
 .text.build_hold
                0x000008e0       0x30 .\ARM_GCC_541\Debug\app_statemachine.o
                0x000008e0                build_hold
 .text.app_build_control
                0x00000910       0x50 .\ARM_GCC_541\Debug\app_statemachine.o
                0x00000910                app_build_control
 .text.set_origin
                0x00000960       0x88 .\ARM_GCC_541\Debug\app_statemachine.o
                0x00000960                set_origin
 .text.print_help
                0x000009e8       0x1c .\ARM_GCC_541\Debug\app_statemachine.o
 .text.handle_global_key
                0x00000a04       0xa0 .\ARM_GCC_541\Debug\app_statemachine.o
 .text.leaf_traps_nav
                0x00000aa4       0x3c .\ARM_GCC_541\Debug\app_statemachine.o
 .text.handle_nav_key
                0x00000ae0       0x48 .\ARM_GCC_541\Debug\app_statemachine.o
 .text.app_dispatch_key
                0x00000b28       0xa0 .\ARM_GCC_541\Debug\app_statemachine.o
                0x00000b28                app_dispatch_key
 .text.sbc_state_is_requestable
                0x00000bc8       0x24 .\ARM_GCC_541\Debug\app_statemachine.o
 .text.nudge_allowed_in
                0x00000bec       0x4c .\ARM_GCC_541\Debug\app_statemachine.o
 .text.app_param_get
                0x00000c38       0x68 .\ARM_GCC_541\Debug\app_statemachine.o
                0x00000c38                app_param_get
 .text.app_sbc_tick
                0x00000ca0      0x3cc .\ARM_GCC_541\Debug\app_statemachine.o
                0x00000ca0                app_sbc_tick
 .text.sbc_init
                0x0000106c       0xcc .\ARM_GCC_541\Debug\sbc_comms.o
                0x0000106c                sbc_init
 .text.decode_centroid
                0x00001138      0x114 .\ARM_GCC_541\Debug\sbc_comms.o
 .text.sbc_on_rx_byte
                0x0000124c      0x324 .\ARM_GCC_541\Debug\sbc_comms.o
                0x0000124c                sbc_on_rx_byte
 .text.sbc_on_uart_err_flags
                0x00001570       0x30 .\ARM_GCC_541\Debug\sbc_comms.o
                0x00001570                sbc_on_uart_err_flags
 .text.sbc_get_centroid
                0x000015a0       0xa0 .\ARM_GCC_541\Debug\sbc_comms.o
                0x000015a0                sbc_get_centroid
 .text.sbc_discard_centroid
                0x00001640       0x4c .\ARM_GCC_541\Debug\sbc_comms.o
                0x00001640                sbc_discard_centroid
 .text.sbc_unknown_magic
                0x0000168c       0x14 .\ARM_GCC_541\Debug\sbc_comms.o
                0x0000168c                sbc_unknown_magic
 .text.sbc_rx_pkt_count
                0x000016a0       0x14 .\ARM_GCC_541\Debug\sbc_comms.o
                0x000016a0                sbc_rx_pkt_count
 .text.sbc_last_centroid_dt_ms
                0x000016b4       0x2c .\ARM_GCC_541\Debug\sbc_comms.o
                0x000016b4                sbc_last_centroid_dt_ms
 .text.sbc_last_rx_ms
                0x000016e0       0x2c .\ARM_GCC_541\Debug\sbc_comms.o
                0x000016e0                sbc_last_rx_ms
 .text.sbc_crc_errors
                0x0000170c       0x14 .\ARM_GCC_541\Debug\sbc_comms.o
                0x0000170c                sbc_crc_errors
 .text.sbc_uart_errors
                0x00001720       0x14 .\ARM_GCC_541\Debug\sbc_comms.o
                0x00001720                sbc_uart_errors
 .text.sbc_send_frame
                0x00001734       0x8c .\ARM_GCC_541\Debug\sbc_comms.o
                0x00001734                sbc_send_frame
 .text.sbc_get_state_req
                0x000017c0       0x4c .\ARM_GCC_541\Debug\sbc_comms.o
                0x000017c0                sbc_get_state_req
 .text.sbc_get_gps_target
                0x0000180c       0x4c .\ARM_GCC_541\Debug\sbc_comms.o
                0x0000180c                sbc_get_gps_target
 .text.sbc_get_nudge
                0x00001858       0x4c .\ARM_GCC_541\Debug\sbc_comms.o
                0x00001858                sbc_get_nudge
 .text.sbc_get_param
                0x000018a4       0x50 .\ARM_GCC_541\Debug\sbc_comms.o
                0x000018a4                sbc_get_param
 .text.sbc_get_param_read
                0x000018f4       0x4c .\ARM_GCC_541\Debug\sbc_comms.o
                0x000018f4                sbc_get_param_read
 .text.sbc_get_fatal_clear
                0x00001940       0x3c .\ARM_GCC_541\Debug\sbc_comms.o
                0x00001940                sbc_get_fatal_clear
 .text.sbc_send_cmd_ack
                0x0000197c       0x30 .\ARM_GCC_541\Debug\sbc_comms.o
                0x0000197c                sbc_send_cmd_ack
 .text.sbc_send_param_value
                0x000019ac       0x38 .\ARM_GCC_541\Debug\sbc_comms.o
                0x000019ac                sbc_send_param_value
 .text.sbc_get_set_origin
                0x000019e4       0x3c .\ARM_GCC_541\Debug\sbc_comms.o
                0x000019e4                sbc_get_set_origin
 .text.sbc_send_state_ack
                0x00001a20       0x30 .\ARM_GCC_541\Debug\sbc_comms.o
                0x00001a20                sbc_send_state_ack
 .text.sat_i16  0x00001a50       0x4c .\ARM_GCC_541\Debug\telemetry.o
 .text.sat_u32  0x00001a9c       0x44 .\ARM_GCC_541\Debug\telemetry.o
 .text.sat_u16  0x00001ae0       0x48 .\ARM_GCC_541\Debug\telemetry.o
 .text.telemetry_collect_hot
                0x00001b28      0x194 .\ARM_GCC_541\Debug\telemetry.o
                0x00001b28                telemetry_collect_hot
 .text.telemetry_collect_link
                0x00001cbc       0x64 .\ARM_GCC_541\Debug\telemetry.o
                0x00001cbc                telemetry_collect_link
 .text.telemetry_collect_power
                0x00001d20       0xc0 .\ARM_GCC_541\Debug\telemetry.o
                0x00001d20                telemetry_collect_power
 .text.telemetry_collect_env
                0x00001de0       0x80 .\ARM_GCC_541\Debug\telemetry.o
                0x00001de0                telemetry_collect_env
 .text.telemetry_collect_gps
                0x00001e60       0xa8 .\ARM_GCC_541\Debug\telemetry.o
                0x00001e60                telemetry_collect_gps
 .text.telemetry_collect_baro
                0x00001f08       0x90 .\ARM_GCC_541\Debug\telemetry.o
                0x00001f08                telemetry_collect_baro
 .text.telemetry_collect_mag
                0x00001f98       0xcc .\ARM_GCC_541\Debug\telemetry.o
                0x00001f98                telemetry_collect_mag
 .text.encode_hot
                0x00002064      0x11c .\ARM_GCC_541\Debug\telemetry.o
 .text.encode_link
                0x00002180       0x94 .\ARM_GCC_541\Debug\telemetry.o
 .text.encode_power
                0x00002214       0x9c .\ARM_GCC_541\Debug\telemetry.o
 .text.encode_env
                0x000022b0       0x58 .\ARM_GCC_541\Debug\telemetry.o
 .text.encode_gps
                0x00002308       0xe8 .\ARM_GCC_541\Debug\telemetry.o
 .text.encode_baro
                0x000023f0       0x64 .\ARM_GCC_541\Debug\telemetry.o
 .text.encode_mag
                0x00002454       0x8c .\ARM_GCC_541\Debug\telemetry.o
 .text.telemetry_send_hot_sbc
                0x000024e0       0x44 .\ARM_GCC_541\Debug\telemetry.o
                0x000024e0                telemetry_send_hot_sbc
 .text.telemetry_send_link_sbc
                0x00002524       0x44 .\ARM_GCC_541\Debug\telemetry.o
                0x00002524                telemetry_send_link_sbc
 .text.telemetry_send_power_sbc
                0x00002568       0x44 .\ARM_GCC_541\Debug\telemetry.o
                0x00002568                telemetry_send_power_sbc
 .text.telemetry_send_env_sbc
                0x000025ac       0x44 .\ARM_GCC_541\Debug\telemetry.o
                0x000025ac                telemetry_send_env_sbc
 .text.telemetry_send_gps_sbc
                0x000025f0       0x44 .\ARM_GCC_541\Debug\telemetry.o
                0x000025f0                telemetry_send_gps_sbc
 .text.telemetry_send_baro_sbc
                0x00002634       0x44 .\ARM_GCC_541\Debug\telemetry.o
                0x00002634                telemetry_send_baro_sbc
 .text.telemetry_send_mag_sbc
                0x00002678       0x44 .\ARM_GCC_541\Debug\telemetry.o
                0x00002678                telemetry_send_mag_sbc
 .text.telemetry_pump
                0x000026bc       0xd4 .\ARM_GCC_541\Debug\telemetry.o
                0x000026bc                telemetry_pump
 .text.entry_stby_defer
                0x00002790       0x20 .\ARM_GCC_541\Debug\app_state_stby.o
                0x00002790                entry_stby_defer
 .text.entry_stby_hold
                0x000027b0       0x1c .\ARM_GCC_541\Debug\app_state_stby.o
                0x000027b0                entry_stby_hold
 .text.app_stby_tick
                0x000027cc       0xb0 .\ARM_GCC_541\Debug\app_state_stby.o
                0x000027cc                app_stby_tick
 .text.key_stby_hold
                0x0000287c       0x2c .\ARM_GCC_541\Debug\app_state_stby.o
                0x0000287c                key_stby_hold
 .text.guard_manu_joystick
                0x000028a8       0x20 .\ARM_GCC_541\Debug\app_state_manu.o
                0x000028a8                guard_manu_joystick
 .text.entry_manu_joystick
                0x000028c8       0x20 .\ARM_GCC_541\Debug\app_state_manu.o
                0x000028c8                entry_manu_joystick
 .text.exit_manu_joystick
                0x000028e8       0x1c .\ARM_GCC_541\Debug\app_state_manu.o
                0x000028e8                exit_manu_joystick
 .text.build_manu_joystick
                0x00002904       0xf4 .\ARM_GCC_541\Debug\app_state_manu.o
                0x00002904                build_manu_joystick
 .text.manu_set_hold
                0x000029f8       0x8c .\ARM_GCC_541\Debug\app_state_manu.o
 .text.key_manu_joystick
                0x00002a84      0x1c8 .\ARM_GCC_541\Debug\app_state_manu.o
                0x00002a84                key_manu_joystick
 .text.app_manual_tick
                0x00002c4c       0xbc .\ARM_GCC_541\Debug\app_state_manu.o
                0x00002c4c                app_manual_tick
 .text.guard_auto_parent
                0x00002d08       0x24 .\ARM_GCC_541\Debug\app_state_auto.o
                0x00002d08                guard_auto_parent
 .text.guard_auto_home
                0x00002d2c       0x18 .\ARM_GCC_541\Debug\app_state_auto.o
                0x00002d2c                guard_auto_home
 .text.guard_auto_acq_gps
                0x00002d44       0x18 .\ARM_GCC_541\Debug\app_state_auto.o
                0x00002d44                guard_auto_acq_gps
 .text.app_auto_tick
                0x00002d5c      0x430 .\ARM_GCC_541\Debug\app_state_auto.o
                0x00002d5c                app_auto_tick
 .text.entry_auto_home
                0x0000318c       0xa8 .\ARM_GCC_541\Debug\app_state_auto.o
                0x0000318c                entry_auto_home
 .text.exit_auto_home
                0x00003234       0x24 .\ARM_GCC_541\Debug\app_state_auto.o
                0x00003234                exit_auto_home
 .text.key_auto_home
                0x00003258       0x28 .\ARM_GCC_541\Debug\app_state_auto.o
                0x00003258                key_auto_home
 .text.build_auto_home
                0x00003280       0x74 .\ARM_GCC_541\Debug\app_state_auto.o
                0x00003280                build_auto_home
 .text.entry_auto_hold
                0x000032f4       0x28 .\ARM_GCC_541\Debug\app_state_auto.o
                0x000032f4                entry_auto_hold
 .text.key_auto_hold
                0x0000331c       0x2c .\ARM_GCC_541\Debug\app_state_auto.o
                0x0000331c                key_auto_hold
 .text.gps_bearing_deg
                0x00003348       0xf8 .\ARM_GCC_541\Debug\app_state_auto.o
 .text.gps_elev_deg
                0x00003440      0x15c .\ARM_GCC_541\Debug\app_state_auto.o
 .text.gps_start_slew
                0x0000359c       0x3c .\ARM_GCC_541\Debug\app_state_auto.o
 .text.gps_update_pointing
                0x000035d8       0xe8 .\ARM_GCC_541\Debug\app_state_auto.o
 .text.gps_check_settle
                0x000036c0      0x1c8 .\ARM_GCC_541\Debug\app_state_auto.o
 .text.entry_auto_acq_gps
                0x00003888       0x48 .\ARM_GCC_541\Debug\app_state_auto.o
                0x00003888                entry_auto_acq_gps
 .text.exit_auto_acq_gps
                0x000038d0       0x38 .\ARM_GCC_541\Debug\app_state_auto.o
                0x000038d0                exit_auto_acq_gps
 .text.key_auto_acq_gps
                0x00003908       0x28 .\ARM_GCC_541\Debug\app_state_auto.o
                0x00003908                key_auto_acq_gps
 .text.build_auto_acq_gps
                0x00003930       0xa8 .\ARM_GCC_541\Debug\app_state_auto.o
                0x00003930                build_auto_acq_gps
 .text.entry_auto_acq_spiral
                0x000039d8       0x1c .\ARM_GCC_541\Debug\app_state_auto.o
                0x000039d8                entry_auto_acq_spiral
 .text.entry_auto_tracking
                0x000039f4       0x64 .\ARM_GCC_541\Debug\app_state_auto.o
                0x000039f4                entry_auto_tracking
 .text.key_auto_tracking
                0x00003a58       0x28 .\ARM_GCC_541\Debug\app_state_auto.o
                0x00003a58                key_auto_tracking
 .text.tracking_pid_step
                0x00003a80      0x250 .\ARM_GCC_541\Debug\app_state_auto.o
 .text.build_auto_tracking
                0x00003cd0       0x48 .\ARM_GCC_541\Debug\app_state_auto.o
                0x00003cd0                build_auto_tracking
 .text.entry_auto_loss
                0x00003d18       0x1c .\ARM_GCC_541\Debug\app_state_auto.o
                0x00003d18                entry_auto_loss
 .text.key_auto_loss
                0x00003d34       0x3c .\ARM_GCC_541\Debug\app_state_auto.o
                0x00003d34                key_auto_loss
 .text.entry_auto_no_lock
                0x00003d70       0x1c .\ARM_GCC_541\Debug\app_state_auto.o
                0x00003d70                entry_auto_no_lock
 .text.key_auto_no_lock
                0x00003d8c       0x3c .\ARM_GCC_541\Debug\app_state_auto.o
                0x00003d8c                key_auto_no_lock
 .text.sev_str  0x00003dc8       0x40 .\ARM_GCC_541\Debug\app_state_error.o
 .text.entry_error_active
                0x00003e08       0x78 .\ARM_GCC_541\Debug\app_state_error.o
                0x00003e08                entry_error_active
 .text.key_error_active
                0x00003e80       0x48 .\ARM_GCC_541\Debug\app_state_error.o
                0x00003e80                key_error_active
 .text.entry_error_kill
                0x00003ec8       0x2c .\ARM_GCC_541\Debug\app_state_error.o
                0x00003ec8                entry_error_kill
 .text.key_error_kill
                0x00003ef4       0x18 .\ARM_GCC_541\Debug\app_state_error.o
                0x00003ef4                key_error_kill
 .text.build_error
                0x00003f0c       0x28 .\ARM_GCC_541\Debug\app_state_error.o
                0x00003f0c                build_error
 .text.gimbal_pan_tilt_deg
                0x00003f34       0x54 .\ARM_GCC_541\Debug\utils.o
                0x00003f34                gimbal_pan_tilt_deg
 .text.nudge_apply
                0x00003f88      0x204 .\ARM_GCC_541\Debug\utils.o
                0x00003f88                nudge_apply
 .text.handle_nudge_key
                0x0000418c      0x114 .\ARM_GCC_541\Debug\utils.o
                0x0000418c                handle_nudge_key
 .text.dbg_init
                0x000042a0       0x10 .\ARM_GCC_541\Debug\debug_usbcdc.o
                0x000042a0                dbg_init
 .text.dbg_tick
                0x000042b0       0x34 .\ARM_GCC_541\Debug\debug_usbcdc.o
                0x000042b0                dbg_tick
 .text.dbg_put  0x000042e4       0x94 .\ARM_GCC_541\Debug\debug_usbcdc.o
                0x000042e4                dbg_put
 .text.dbg_get  0x00004378       0x3c .\ARM_GCC_541\Debug\debug_usbcdc.o
                0x00004378                dbg_get
 .text.rb_next  0x000043b4       0x28 .\ARM_GCC_541\Debug\hamfly_comm_rb.o
 .text.hamfly_rb_init
                0x000043dc       0x2c .\ARM_GCC_541\Debug\hamfly_comm_rb.o
                0x000043dc                hamfly_rb_init
 .text.hamfly_rb_push
                0x00004408       0x64 .\ARM_GCC_541\Debug\hamfly_comm_rb.o
                0x00004408                hamfly_rb_push
 .text.hamfly_rb_pop
                0x0000446c       0x58 .\ARM_GCC_541\Debug\hamfly_comm_rb.o
                0x0000446c                hamfly_rb_pop
 .text.load_freefly_control
                0x000044c4       0x50 .\ARM_GCC_541\Debug\hamfly_core_gimbal.o
 .text.copy_qx287_to_telemetry
                0x00004514       0x1c .\ARM_GCC_541\Debug\hamfly_core_gimbal.o
 .text.drain_rb
                0x00004530       0x44 .\ARM_GCC_541\Debug\hamfly_core_gimbal.o
 .text.hamfly_init
                0x00004574       0x5c .\ARM_GCC_541\Debug\hamfly_core_gimbal.o
                0x00004574                hamfly_init
 .text.hamfly_on_rx_byte
                0x000045d0       0x3c .\ARM_GCC_541\Debug\hamfly_core_gimbal.o
                0x000045d0                hamfly_on_rx_byte
 .text.hamfly_on_uart_err_flags
                0x0000460c       0x30 .\ARM_GCC_541\Debug\hamfly_core_gimbal.o
                0x0000460c                hamfly_on_uart_err_flags
 .text.hamfly_pump
                0x0000463c      0x27c .\ARM_GCC_541\Debug\hamfly_core_gimbal.o
                0x0000463c                hamfly_pump
 .text.hamfly_send_control
                0x000048b8       0x7c .\ARM_GCC_541\Debug\hamfly_core_gimbal.o
                0x000048b8                hamfly_send_control
 .text.hamfly_kill
                0x00004934       0x3c .\ARM_GCC_541\Debug\hamfly_core_gimbal.o
                0x00004934                hamfly_kill
 .text.hamfly_request_attr
                0x00004970       0xa8 .\ARM_GCC_541\Debug\hamfly_core_gimbal.o
                0x00004970                hamfly_request_attr
 .text.hamfly_get_telemetry
                0x00004a18       0x30 .\ARM_GCC_541\Debug\hamfly_core_gimbal.o
                0x00004a18                hamfly_get_telemetry
 .text.rd_be32  0x00004a48       0x34 .\ARM_GCC_541\Debug\hamfly_core_telemetry.o
 .text.rd_be16  0x00004a7c       0x28 .\ARM_GCC_541\Debug\hamfly_core_telemetry.o
 .text.rd_be_u16
                0x00004aa4       0x28 .\ARM_GCC_541\Debug\hamfly_core_telemetry.o
 .text.rd_le16  0x00004acc       0x24 .\ARM_GCC_541\Debug\hamfly_core_telemetry.o
 .text.hamfly_telemetry_to_euler
                0x00004af0      0x1d4 .\ARM_GCC_541\Debug\hamfly_core_telemetry.o
                0x00004af0                hamfly_telemetry_to_euler
 .text.hamfly_decode_qx287
                0x00004cc4       0x68 .\ARM_GCC_541\Debug\hamfly_core_telemetry.o
                0x00004cc4                hamfly_decode_qx287
 .text.hamfly_decode_gps
                0x00004d2c      0x1a0 .\ARM_GCC_541\Debug\hamfly_core_telemetry.o
                0x00004d2c                hamfly_decode_gps
 .text.hamfly_decode_baro
                0x00004ecc       0x78 .\ARM_GCC_541\Debug\hamfly_core_telemetry.o
                0x00004ecc                hamfly_decode_baro
 .text.hamfly_decode_attitude
                0x00004f44      0x144 .\ARM_GCC_541\Debug\hamfly_core_telemetry.o
                0x00004f44                hamfly_decode_attitude
 .text.hamfly_decode_sysstat
                0x00005088      0x1c8 .\ARM_GCC_541\Debug\hamfly_core_telemetry.o
                0x00005088                hamfly_decode_sysstat
 .text.hamfly_decode_mag
                0x00005250      0x18c .\ARM_GCC_541\Debug\hamfly_core_telemetry.o
                0x00005250                hamfly_decode_mag
 .text.hamfly_decode_sysecho
                0x000053dc       0x7c .\ARM_GCC_541\Debug\hamfly_core_telemetry.o
                0x000053dc                hamfly_decode_sysecho
 .text.ff_api_init
                0x00005458       0x7c .\ARM_GCC_541\Debug\hamfly_qx_app.o
 .text.ff_api_send
                0x000054d4       0x44 .\ARM_GCC_541\Debug\hamfly_qx_app.o
 .text.QX_ParsePacket_Cli_MoVI_Ctrl_CB
                0x00005518      0x884 .\ARM_GCC_541\Debug\hamfly_qx_app.o
 .text.QX_SendMsg2CommsPort_CB
                0x00005d9c       0x64 .\ARM_GCC_541\Debug\hamfly_qx_app.o
                0x00005d9c                QX_SendMsg2CommsPort_CB
 .text.QX_FwdMsg_CB
                0x00005e00       0x14 .\ARM_GCC_541\Debug\hamfly_qx_app.o
                0x00005e00                QX_FwdMsg_CB
 .text.QX_GetTicks_ms
                0x00005e14       0x34 .\ARM_GCC_541\Debug\hamfly_qx_app.o
                0x00005e14                QX_GetTicks_ms
 .text.QX_Parser_SetMsgPtr
                0x00005e48       0x1c .\ARM_GCC_541\Debug\hamfly_qx_protocol.o
                0x00005e48                QX_Parser_SetMsgPtr
 .text.QX_Parser_AdvMsgPtr
                0x00005e64       0x1c .\ARM_GCC_541\Debug\hamfly_qx_protocol.o
                0x00005e64                QX_Parser_AdvMsgPtr
 .text.QX_Parser_GetMsgPtr
                0x00005e80       0x14 .\ARM_GCC_541\Debug\hamfly_qx_protocol.o
                0x00005e80                QX_Parser_GetMsgPtr
 .text.QX_Parser_SetDir_Read
                0x00005e94       0x18 .\ARM_GCC_541\Debug\hamfly_qx_protocol.o
                0x00005e94                QX_Parser_SetDir_Read
 .text.QX_Parser_SetDir_WriteAbs
                0x00005eac       0x18 .\ARM_GCC_541\Debug\hamfly_qx_protocol.o
                0x00005eac                QX_Parser_SetDir_WriteAbs
 .text.AddFloatAsSignedShort
                0x00005ec4       0xc8 .\ARM_GCC_541\Debug\hamfly_qx_protocol.o
                0x00005ec4                AddFloatAsSignedShort
 .text.GetFloatAsSignedShort
                0x00005f8c      0x170 .\ARM_GCC_541\Debug\hamfly_qx_protocol.o
                0x00005f8c                GetFloatAsSignedShort
 .text.AddSignedShortAsSignedShort
                0x000060fc       0x58 .\ARM_GCC_541\Debug\hamfly_qx_protocol.o
                0x000060fc                AddSignedShortAsSignedShort
 .text.GetSignedShortAsSignedShort
                0x00006154      0x15c .\ARM_GCC_541\Debug\hamfly_qx_protocol.o
                0x00006154                GetSignedShortAsSignedShort
 .text.AddUnsignedCharAsUnsignedChar
                0x000062b0       0x3c .\ARM_GCC_541\Debug\hamfly_qx_protocol.o
                0x000062b0                AddUnsignedCharAsUnsignedChar
 .text.GetUnsignedCharAsUnsignedChar
                0x000062ec       0xc8 .\ARM_GCC_541\Debug\hamfly_qx_protocol.o
                0x000062ec                GetUnsignedCharAsUnsignedChar
 .text.AddUnsignedShortAsUnsignedShort
                0x000063b4       0x54 .\ARM_GCC_541\Debug\hamfly_qx_protocol.o
                0x000063b4                AddUnsignedShortAsUnsignedShort
 .text.GetUnsignedShortAsUnsignedShort
                0x00006408       0xf8 .\ARM_GCC_541\Debug\hamfly_qx_protocol.o
                0x00006408                GetUnsignedShortAsUnsignedShort
 .text.AddBitsAsByte
                0x00006500       0xcc .\ARM_GCC_541\Debug\hamfly_qx_protocol.o
                0x00006500                AddBitsAsByte
 .text.GetBitsAsByte
                0x000065cc       0xdc .\ARM_GCC_541\Debug\hamfly_qx_protocol.o
                0x000065cc                GetBitsAsByte
 .text.QX_InitMsg
                0x000066a8       0x30 .\ARM_GCC_541\Debug\hamfly_qx_protocol.o
 .text.QX_RxMsg
                0x000066d8       0xec .\ARM_GCC_541\Debug\hamfly_qx_protocol.o
 .text.QX_Srv_Rx_Read
                0x000067c4       0x90 .\ARM_GCC_541\Debug\hamfly_qx_protocol.o
 .text.QX_Srv_Rx_Write
                0x00006854       0xc4 .\ARM_GCC_541\Debug\hamfly_qx_protocol.o
 .text.QX_Cli_Rx_CurVal
                0x00006918       0x3c .\ARM_GCC_541\Debug\hamfly_qx_protocol.o
 .text.QX_TxMsg_Setup
                0x00006954       0x4c .\ARM_GCC_541\Debug\hamfly_qx_protocol.o
 .text.QX_TxMsg_Finish
                0x000069a0      0x1dc .\ARM_GCC_541\Debug\hamfly_qx_protocol.o
 .text.QX_BuildHeader
                0x00006b7c      0x188 .\ARM_GCC_541\Debug\hamfly_qx_protocol.o
 .text.QX_ParseHeader
                0x00006d04      0x114 .\ARM_GCC_541\Debug\hamfly_qx_protocol.o
 .text.QX_Calc8bChecksum
                0x00006e18       0x3c .\ARM_GCC_541\Debug\hamfly_qx_protocol.o
 .text.QX_AddExtdValToBuf
                0x00006e54       0x88 .\ARM_GCC_541\Debug\hamfly_qx_protocol.o
 .text.QX_GetExtdValFromBuf
                0x00006edc       0x6c .\ARM_GCC_541\Debug\hamfly_qx_protocol.o
 .text.QX_compute_crc32
                0x00006f48       0x4c .\ARM_GCC_541\Debug\hamfly_qx_protocol.o
 .text.QX_accumulate_crc32
                0x00006f94       0x54 .\ARM_GCC_541\Debug\hamfly_qx_protocol.o
                0x00006f94                QX_accumulate_crc32
 .text.QX_InitCli
                0x00006fe8       0x24 .\ARM_GCC_541\Debug\hamfly_qx_protocol.o
                0x00006fe8                QX_InitCli
 .text.QX_InitTxOptions
                0x0000700c       0x3c .\ARM_GCC_541\Debug\hamfly_qx_protocol.o
                0x0000700c                QX_InitTxOptions
 .text.QX_SendPacket_Srv_CurVal
                0x00007048       0x98 .\ARM_GCC_541\Debug\hamfly_qx_protocol.o
                0x00007048                QX_SendPacket_Srv_CurVal
 .text.QX_SendPacket_Cli_Read
                0x000070e0       0x80 .\ARM_GCC_541\Debug\hamfly_qx_protocol.o
                0x000070e0                QX_SendPacket_Cli_Read
 .text.QX_SendPacket_Cli_WriteABS
                0x00007160       0x98 .\ARM_GCC_541\Debug\hamfly_qx_protocol.o
                0x00007160                QX_SendPacket_Cli_WriteABS
 .text.QX_StreamRxCharSM
                0x000071f8      0x6e0 .\ARM_GCC_541\Debug\hamfly_qx_protocol.o
                0x000071f8                QX_StreamRxCharSM
 .text.CYMEMZERO
                0x000078d8       0x1c .\ARM_GCC_541\Debug\cyfitter_cfg.o
 .text.CYCONFIGCPY
                0x000078f4       0x20 .\ARM_GCC_541\Debug\cyfitter_cfg.o
 .text.CyClockStartupError
                0x00007914        0xc .\ARM_GCC_541\Debug\cyfitter_cfg.o
 .text.cfg_write_bytes32
                0x00007920       0x74 .\ARM_GCC_541\Debug\cyfitter_cfg.o
 .text.ClockSetup
                0x00007994      0x12c .\ARM_GCC_541\Debug\cyfitter_cfg.o
 .text.AnalogSetDefault
                0x00007ac0       0x60 .\ARM_GCC_541\Debug\cyfitter_cfg.o
 .text.cyfitter_cfg
                0x00007b20      0x1ac .\ARM_GCC_541\Debug\cyfitter_cfg.o
                0x00007b20                cyfitter_cfg
 .text.IntDefaultHandler
                0x00007ccc       0x14 .\ARM_GCC_541\Debug\Cm3Start.o
                0x00007ccc                IntDefaultHandler
 .text._sbrk    0x00007ce0       0x50 .\ARM_GCC_541\Debug\Cm3Start.o
                0x00007ce0                _sbrk
 .text.Start_c  0x00007d30       0x98 .\ARM_GCC_541\Debug\Cm3Start.o
                0x00007d30                Start_c
 .text.initialize_psoc
                0x00007dc8       0x90 .\ARM_GCC_541\Debug\Cm3Start.o
                0x00007dc8                initialize_psoc
 .text.UART_MOVI_Start
                0x00007e58       0x24 .\ARM_GCC_541\Debug\Proj08_DemoTxIntegration.a(UART_MOVI.o)
                0x00007e58                UART_MOVI_Start
 .text.UART_MOVI_Init
                0x00007e7c       0x40 .\ARM_GCC_541\Debug\Proj08_DemoTxIntegration.a(UART_MOVI.o)
                0x00007e7c                UART_MOVI_Init
 .text.UART_MOVI_Enable
                0x00007ebc       0x5c .\ARM_GCC_541\Debug\Proj08_DemoTxIntegration.a(UART_MOVI.o)
                0x00007ebc                UART_MOVI_Enable
 .text.UART_MOVI_ReadRxData
                0x00007f18       0x1c .\ARM_GCC_541\Debug\Proj08_DemoTxIntegration.a(UART_MOVI.o)
                0x00007f18                UART_MOVI_ReadRxData
 .text.UART_MOVI_GetRxBufferSize
                0x00007f34       0x2c .\ARM_GCC_541\Debug\Proj08_DemoTxIntegration.a(UART_MOVI.o)
                0x00007f34                UART_MOVI_GetRxBufferSize
 .text.UART_MOVI_ClearRxBuffer
                0x00007f60       0x44 .\ARM_GCC_541\Debug\Proj08_DemoTxIntegration.a(UART_MOVI.o)
                0x00007f60                UART_MOVI_ClearRxBuffer
 .text.UART_MOVI_PutChar
                0x00007fa4       0x34 .\ARM_GCC_541\Debug\Proj08_DemoTxIntegration.a(UART_MOVI.o)
                0x00007fa4                UART_MOVI_PutChar
 .text.UART_MOVI_ClearTxBuffer
                0x00007fd8       0x44 .\ARM_GCC_541\Debug\Proj08_DemoTxIntegration.a(UART_MOVI.o)
                0x00007fd8                UART_MOVI_ClearTxBuffer
 .text.isr_rx_movi_StartEx
                0x0000801c       0x24 .\ARM_GCC_541\Debug\Proj08_DemoTxIntegration.a(isr_rx_movi.o)
                0x0000801c                isr_rx_movi_StartEx
 .text.isr_rx_movi_SetVector
                0x00008040       0x24 .\ARM_GCC_541\Debug\Proj08_DemoTxIntegration.a(isr_rx_movi.o)
                0x00008040                isr_rx_movi_SetVector
 .text.isr_rx_movi_SetPriority
                0x00008064       0x24 .\ARM_GCC_541\Debug\Proj08_DemoTxIntegration.a(isr_rx_movi.o)
                0x00008064                isr_rx_movi_SetPriority
 .text.isr_rx_movi_Enable
                0x00008088       0x18 .\ARM_GCC_541\Debug\Proj08_DemoTxIntegration.a(isr_rx_movi.o)
                0x00008088                isr_rx_movi_Enable
 .text.isr_rx_movi_Disable
                0x000080a0       0x18 .\ARM_GCC_541\Debug\Proj08_DemoTxIntegration.a(isr_rx_movi.o)
                0x000080a0                isr_rx_movi_Disable
 .text.Looptimer_Init
                0x000080b8       0xa0 .\ARM_GCC_541\Debug\Proj08_DemoTxIntegration.a(Looptimer.o)
                0x000080b8                Looptimer_Init
 .text.Looptimer_Enable
                0x00008158       0x48 .\ARM_GCC_541\Debug\Proj08_DemoTxIntegration.a(Looptimer.o)
                0x00008158                Looptimer_Enable
 .text.Looptimer_Start
                0x000081a0       0x24 .\ARM_GCC_541\Debug\Proj08_DemoTxIntegration.a(Looptimer.o)
                0x000081a0                Looptimer_Start
 .text.Looptimer_SetInterruptMode
                0x000081c4       0x20 .\ARM_GCC_541\Debug\Proj08_DemoTxIntegration.a(Looptimer.o)
                0x000081c4                Looptimer_SetInterruptMode
 .text.Looptimer_ReadStatusRegister
                0x000081e4       0x18 .\ARM_GCC_541\Debug\Proj08_DemoTxIntegration.a(Looptimer.o)
                0x000081e4                Looptimer_ReadStatusRegister
 .text.Looptimer_WritePeriod
                0x000081fc       0x24 .\ARM_GCC_541\Debug\Proj08_DemoTxIntegration.a(Looptimer.o)
                0x000081fc                Looptimer_WritePeriod
 .text.Looptimer_WriteCounter
                0x00008220       0x20 .\ARM_GCC_541\Debug\Proj08_DemoTxIntegration.a(Looptimer.o)
                0x00008220                Looptimer_WriteCounter
 .text.isr_Looptimer_StartEx
                0x00008240       0x24 .\ARM_GCC_541\Debug\Proj08_DemoTxIntegration.a(isr_Looptimer.o)
                0x00008240                isr_Looptimer_StartEx
 .text.isr_Looptimer_SetVector
                0x00008264       0x24 .\ARM_GCC_541\Debug\Proj08_DemoTxIntegration.a(isr_Looptimer.o)
                0x00008264                isr_Looptimer_SetVector
 .text.isr_Looptimer_SetPriority
                0x00008288       0x24 .\ARM_GCC_541\Debug\Proj08_DemoTxIntegration.a(isr_Looptimer.o)
                0x00008288                isr_Looptimer_SetPriority
 .text.isr_Looptimer_Enable
                0x000082ac       0x18 .\ARM_GCC_541\Debug\Proj08_DemoTxIntegration.a(isr_Looptimer.o)
                0x000082ac                isr_Looptimer_Enable
 .text.isr_Looptimer_Disable
                0x000082c4       0x18 .\ARM_GCC_541\Debug\Proj08_DemoTxIntegration.a(isr_Looptimer.o)
                0x000082c4                isr_Looptimer_Disable
 .text.EEPROM_CONFIG_Enable
                0x000082dc       0x10 .\ARM_GCC_541\Debug\Proj08_DemoTxIntegration.a(EEPROM_CONFIG.o)
                0x000082dc                EEPROM_CONFIG_Enable
 .text.EEPROM_CONFIG_Start
                0x000082ec        0xc .\ARM_GCC_541\Debug\Proj08_DemoTxIntegration.a(EEPROM_CONFIG.o)
                0x000082ec                EEPROM_CONFIG_Start
 .text.CySetTempInt
                0x000082f8       0x7c .\ARM_GCC_541\Debug\Proj08_DemoTxIntegration.a(CyFlash.o)
 .text.CyFlashGetSpcAlgorithm
                0x00008374       0x70 .\ARM_GCC_541\Debug\Proj08_DemoTxIntegration.a(CyFlash.o)
                0x00008374                CyFlashGetSpcAlgorithm
 .text.CySetTemp
                0x000083e4       0x24 .\ARM_GCC_541\Debug\Proj08_DemoTxIntegration.a(CyFlash.o)
                0x000083e4                CySetTemp
 .text.CyEEPROM_Start
                0x00008408       0x8c .\ARM_GCC_541\Debug\Proj08_DemoTxIntegration.a(CyFlash.o)
                0x00008408                CyEEPROM_Start
 .text.CyHalt   0x00008494       0x18 .\ARM_GCC_541\Debug\Proj08_DemoTxIntegration.a(CyLib.o)
                0x00008494                CyHalt
 .text.CyDelayUs
                0x000084ac       0x28 .\ARM_GCC_541\Debug\Proj08_DemoTxIntegration.a(CyLib.o)
                0x000084ac                CyDelayUs
 .text.CyIntSetVector
                0x000084d4       0x50 .\ARM_GCC_541\Debug\Proj08_DemoTxIntegration.a(CyLib.o)
                0x000084d4                CyIntSetVector
 .text.CyIntSetPriority
                0x00008524       0x48 .\ARM_GCC_541\Debug\Proj08_DemoTxIntegration.a(CyLib.o)
                0x00008524                CyIntSetPriority
 .text.CyGetUniqueId
                0x0000856c       0xc4 .\ARM_GCC_541\Debug\Proj08_DemoTxIntegration.a(CyLib.o)
                0x0000856c                CyGetUniqueId
 .text.CySpcStart
                0x00008630       0x48 .\ARM_GCC_541\Debug\Proj08_DemoTxIntegration.a(CySpc.o)
                0x00008630                CySpcStart
 .text.CySpcReadData
                0x00008678       0x54 .\ARM_GCC_541\Debug\Proj08_DemoTxIntegration.a(CySpc.o)
                0x00008678                CySpcReadData
 .text.CySpcGetTemp
                0x000086cc       0x64 .\ARM_GCC_541\Debug\Proj08_DemoTxIntegration.a(CySpc.o)
                0x000086cc                CySpcGetTemp
 .text.CySpcLock
                0x00008730       0x68 .\ARM_GCC_541\Debug\Proj08_DemoTxIntegration.a(CySpc.o)
                0x00008730                CySpcLock
 .text.CySpcUnlock
                0x00008798       0x50 .\ARM_GCC_541\Debug\Proj08_DemoTxIntegration.a(CySpc.o)
                0x00008798                CySpcUnlock
 .text.CySpcGetAlgorithm
                0x000087e8       0x44 .\ARM_GCC_541\Debug\Proj08_DemoTxIntegration.a(CySpc.o)
                0x000087e8                CySpcGetAlgorithm
 .text.UART_SBC_Start
                0x0000882c       0x24 .\ARM_GCC_541\Debug\Proj08_DemoTxIntegration.a(UART_SBC.o)
                0x0000882c                UART_SBC_Start
 .text.UART_SBC_Init
                0x00008850       0x40 .\ARM_GCC_541\Debug\Proj08_DemoTxIntegration.a(UART_SBC.o)
                0x00008850                UART_SBC_Init
 .text.UART_SBC_Enable
                0x00008890       0x60 .\ARM_GCC_541\Debug\Proj08_DemoTxIntegration.a(UART_SBC.o)
                0x00008890                UART_SBC_Enable
 .text.UART_SBC_ReadRxData
                0x000088f0       0x1c .\ARM_GCC_541\Debug\Proj08_DemoTxIntegration.a(UART_SBC.o)
                0x000088f0                UART_SBC_ReadRxData
 .text.UART_SBC_GetRxBufferSize
                0x0000890c       0x2c .\ARM_GCC_541\Debug\Proj08_DemoTxIntegration.a(UART_SBC.o)
                0x0000890c                UART_SBC_GetRxBufferSize
 .text.UART_SBC_ClearRxBuffer
                0x00008938       0x44 .\ARM_GCC_541\Debug\Proj08_DemoTxIntegration.a(UART_SBC.o)
                0x00008938                UART_SBC_ClearRxBuffer
 .text.UART_SBC_PutChar
                0x0000897c       0x34 .\ARM_GCC_541\Debug\Proj08_DemoTxIntegration.a(UART_SBC.o)
                0x0000897c                UART_SBC_PutChar
 .text.UART_SBC_ClearTxBuffer
                0x000089b0       0x44 .\ARM_GCC_541\Debug\Proj08_DemoTxIntegration.a(UART_SBC.o)
                0x000089b0                UART_SBC_ClearTxBuffer
 .text.isr_rx_sbc_StartEx
                0x000089f4       0x24 .\ARM_GCC_541\Debug\Proj08_DemoTxIntegration.a(isr_rx_sbc.o)
                0x000089f4                isr_rx_sbc_StartEx
 .text.isr_rx_sbc_SetVector
                0x00008a18       0x24 .\ARM_GCC_541\Debug\Proj08_DemoTxIntegration.a(isr_rx_sbc.o)
                0x00008a18                isr_rx_sbc_SetVector
 .text.isr_rx_sbc_SetPriority
                0x00008a3c       0x24 .\ARM_GCC_541\Debug\Proj08_DemoTxIntegration.a(isr_rx_sbc.o)
                0x00008a3c                isr_rx_sbc_SetPriority
 .text.isr_rx_sbc_Enable
                0x00008a60       0x18 .\ARM_GCC_541\Debug\Proj08_DemoTxIntegration.a(isr_rx_sbc.o)
                0x00008a60                isr_rx_sbc_Enable
 .text.isr_rx_sbc_Disable
                0x00008a78       0x18 .\ARM_GCC_541\Debug\Proj08_DemoTxIntegration.a(isr_rx_sbc.o)
                0x00008a78                isr_rx_sbc_Disable
 .text.UART_SBC_IntClock_Start
                0x00008a90       0x34 .\ARM_GCC_541\Debug\Proj08_DemoTxIntegration.a(UART_SBC_IntClock.o)
                0x00008a90                UART_SBC_IntClock_Start
 .text.Pin_Debug_SuperLoop_Write
                0x00008ac4       0x3c .\ARM_GCC_541\Debug\Proj08_DemoTxIntegration.a(Pin_Debug_SuperLoop.o)
                0x00008ac4                Pin_Debug_SuperLoop_Write
 .text.Pin_Debug_SuperLoop_Read
                0x00008b00       0x20 .\ARM_GCC_541\Debug\Proj08_DemoTxIntegration.a(Pin_Debug_SuperLoop.o)
                0x00008b00                Pin_Debug_SuperLoop_Read
 .text.Pin_Debug_CoarseCentroid_Write
                0x00008b20       0x3c .\ARM_GCC_541\Debug\Proj08_DemoTxIntegration.a(Pin_Debug_CoarseCentroid.o)
                0x00008b20                Pin_Debug_CoarseCentroid_Write
 .text.Pin_Debug_CoarseCentroid_Read
                0x00008b5c       0x20 .\ARM_GCC_541\Debug\Proj08_DemoTxIntegration.a(Pin_Debug_CoarseCentroid.o)
                0x00008b5c                Pin_Debug_CoarseCentroid_Read
 .text.Pin_SwitchAuto_Read
                0x00008b7c       0x20 .\ARM_GCC_541\Debug\Proj08_DemoTxIntegration.a(Pin_SwitchAuto.o)
                0x00008b7c                Pin_SwitchAuto_Read
 .text.VDAC8_3v3Ref_Init
                0x00008b9c       0x28 .\ARM_GCC_541\Debug\Proj08_DemoTxIntegration.a(VDAC8_3v3Ref.o)
                0x00008b9c                VDAC8_3v3Ref_Init
 .text.VDAC8_3v3Ref_Enable
                0x00008bc4       0x34 .\ARM_GCC_541\Debug\Proj08_DemoTxIntegration.a(VDAC8_3v3Ref.o)
                0x00008bc4                VDAC8_3v3Ref_Enable
 .text.VDAC8_3v3Ref_Start
                0x00008bf8       0x28 .\ARM_GCC_541\Debug\Proj08_DemoTxIntegration.a(VDAC8_3v3Ref.o)
                0x00008bf8                VDAC8_3v3Ref_Start
 .text.VDAC8_3v3Ref_SetSpeed
                0x00008c20       0x40 .\ARM_GCC_541\Debug\Proj08_DemoTxIntegration.a(VDAC8_3v3Ref.o)
                0x00008c20                VDAC8_3v3Ref_SetSpeed
 .text.VDAC8_3v3Ref_SetRange
                0x00008c60       0x40 .\ARM_GCC_541\Debug\Proj08_DemoTxIntegration.a(VDAC8_3v3Ref.o)
                0x00008c60                VDAC8_3v3Ref_SetRange
 .text.VDAC8_3v3Ref_SetValue
                0x00008ca0       0x20 .\ARM_GCC_541\Debug\Proj08_DemoTxIntegration.a(VDAC8_3v3Ref.o)
                0x00008ca0                VDAC8_3v3Ref_SetValue
 .text.VDAC8_3v3Ref_DacTrim
                0x00008cc0       0x3c .\ARM_GCC_541\Debug\Proj08_DemoTxIntegration.a(VDAC8_3v3Ref.o)
                0x00008cc0                VDAC8_3v3Ref_DacTrim
 .text.USBFS_DEBUG_Start
                0x00008cfc       0x3c .\ARM_GCC_541\Debug\Proj08_DemoTxIntegration.a(USBFS_DEBUG.o)
                0x00008cfc                USBFS_DEBUG_Start
 .text.USBFS_DEBUG_Init
                0x00008d38      0x190 .\ARM_GCC_541\Debug\Proj08_DemoTxIntegration.a(USBFS_DEBUG.o)
                0x00008d38                USBFS_DEBUG_Init
 .text.USBFS_DEBUG_InitComponent
                0x00008ec8       0xf8 .\ARM_GCC_541\Debug\Proj08_DemoTxIntegration.a(USBFS_DEBUG.o)
                0x00008ec8                USBFS_DEBUG_InitComponent
 .text.USBFS_DEBUG_ReInitComponent
                0x00008fc0       0x68 .\ARM_GCC_541\Debug\Proj08_DemoTxIntegration.a(USBFS_DEBUG.o)
                0x00008fc0                USBFS_DEBUG_ReInitComponent
 .text.USBFS_DEBUG_GetConfiguration
                0x00009028       0x18 .\ARM_GCC_541\Debug\Proj08_DemoTxIntegration.a(USBFS_DEBUG.o)
                0x00009028                USBFS_DEBUG_GetConfiguration
 .text.USBFS_DEBUG_IsConfigurationChanged
                0x00009040       0x30 .\ARM_GCC_541\Debug\Proj08_DemoTxIntegration.a(USBFS_DEBUG.o)
                0x00009040                USBFS_DEBUG_IsConfigurationChanged
 .text.USBFS_DEBUG_GetEPState
                0x00009070       0x2c .\ARM_GCC_541\Debug\Proj08_DemoTxIntegration.a(USBFS_DEBUG.o)
                0x00009070                USBFS_DEBUG_GetEPState
 .text.USBFS_DEBUG_GetEPCount
                0x0000909c       0x60 .\ARM_GCC_541\Debug\Proj08_DemoTxIntegration.a(USBFS_DEBUG.o)
                0x0000909c                USBFS_DEBUG_GetEPCount
 .text.USBFS_DEBUG_LoadInEP
                0x000090fc      0x108 .\ARM_GCC_541\Debug\Proj08_DemoTxIntegration.a(USBFS_DEBUG.o)
                0x000090fc                USBFS_DEBUG_LoadInEP
 .text.USBFS_DEBUG_ReadOutEP
                0x00009204       0x8c .\ARM_GCC_541\Debug\Proj08_DemoTxIntegration.a(USBFS_DEBUG.o)
                0x00009204                USBFS_DEBUG_ReadOutEP
 .text.USBFS_DEBUG_EnableOutEP
                0x00009290       0x5c .\ARM_GCC_541\Debug\Proj08_DemoTxIntegration.a(USBFS_DEBUG.o)
                0x00009290                USBFS_DEBUG_EnableOutEP
 .text.USBFS_DEBUG_DispatchCDCClassRqst
                0x000092ec       0xe4 .\ARM_GCC_541\Debug\Proj08_DemoTxIntegration.a(USBFS_DEBUG_cdc.o)
                0x000092ec                USBFS_DEBUG_DispatchCDCClassRqst
 .text.USBFS_DEBUG_GetInterfaceComPort
                0x000093d0       0x60 .\ARM_GCC_541\Debug\Proj08_DemoTxIntegration.a(USBFS_DEBUG_cdc.o)
                0x000093d0                USBFS_DEBUG_GetInterfaceComPort
 .text.USBFS_DEBUG_CDC_Init
                0x00009430       0xa8 .\ARM_GCC_541\Debug\Proj08_DemoTxIntegration.a(USBFS_DEBUG_cdc.o)
                0x00009430                USBFS_DEBUG_CDC_Init
 .text.USBFS_DEBUG_PutData
                0x000094d8       0x6c .\ARM_GCC_541\Debug\Proj08_DemoTxIntegration.a(USBFS_DEBUG_cdc.o)
                0x000094d8                USBFS_DEBUG_PutData
 .text.USBFS_DEBUG_DataIsReady
                0x00009544       0x24 .\ARM_GCC_541\Debug\Proj08_DemoTxIntegration.a(USBFS_DEBUG_cdc.o)
                0x00009544                USBFS_DEBUG_DataIsReady
 .text.USBFS_DEBUG_CDCIsReady
                0x00009568       0x24 .\ARM_GCC_541\Debug\Proj08_DemoTxIntegration.a(USBFS_DEBUG_cdc.o)
                0x00009568                USBFS_DEBUG_CDCIsReady
 .text.USBFS_DEBUG_GetData
                0x0000958c       0x3c .\ARM_GCC_541\Debug\Proj08_DemoTxIntegration.a(USBFS_DEBUG_cdc.o)
                0x0000958c                USBFS_DEBUG_GetData
 .text.USBFS_DEBUG_Cdc_EpInit
                0x000095c8       0x90 .\ARM_GCC_541\Debug\Proj08_DemoTxIntegration.a(USBFS_DEBUG_cdc.o)
                0x000095c8                USBFS_DEBUG_Cdc_EpInit
 .text.USBFS_DEBUG_EP_0_ISR
                0x00009658       0xf8 .\ARM_GCC_541\Debug\Proj08_DemoTxIntegration.a(USBFS_DEBUG_drv.o)
                0x00009658                USBFS_DEBUG_EP_0_ISR
 .text.USBFS_DEBUG_HandleSetup
                0x00009750       0x88 .\ARM_GCC_541\Debug\Proj08_DemoTxIntegration.a(USBFS_DEBUG_drv.o)
                0x00009750                USBFS_DEBUG_HandleSetup
 .text.USBFS_DEBUG_HandleIN
                0x000097d8       0x4c .\ARM_GCC_541\Debug\Proj08_DemoTxIntegration.a(USBFS_DEBUG_drv.o)
                0x000097d8                USBFS_DEBUG_HandleIN
 .text.USBFS_DEBUG_HandleOUT
                0x00009824       0x58 .\ARM_GCC_541\Debug\Proj08_DemoTxIntegration.a(USBFS_DEBUG_drv.o)
                0x00009824                USBFS_DEBUG_HandleOUT
 .text.USBFS_DEBUG_LoadEP0
                0x0000987c       0xd0 .\ARM_GCC_541\Debug\Proj08_DemoTxIntegration.a(USBFS_DEBUG_drv.o)
                0x0000987c                USBFS_DEBUG_LoadEP0
 .text.USBFS_DEBUG_InitControlRead
                0x0000994c       0x70 .\ARM_GCC_541\Debug\Proj08_DemoTxIntegration.a(USBFS_DEBUG_drv.o)
                0x0000994c                USBFS_DEBUG_InitControlRead
 .text.USBFS_DEBUG_InitZeroLengthControlTransfer
                0x000099bc       0x40 .\ARM_GCC_541\Debug\Proj08_DemoTxIntegration.a(USBFS_DEBUG_drv.o)
                0x000099bc                USBFS_DEBUG_InitZeroLengthControlTransfer
 .text.USBFS_DEBUG_ControlReadDataStage
                0x000099fc        0xc .\ARM_GCC_541\Debug\Proj08_DemoTxIntegration.a(USBFS_DEBUG_drv.o)
                0x000099fc                USBFS_DEBUG_ControlReadDataStage
 .text.USBFS_DEBUG_ControlReadStatusStage
                0x00009a08       0x40 .\ARM_GCC_541\Debug\Proj08_DemoTxIntegration.a(USBFS_DEBUG_drv.o)
                0x00009a08                USBFS_DEBUG_ControlReadStatusStage
 .text.USBFS_DEBUG_InitControlWrite
                0x00009a48       0x64 .\ARM_GCC_541\Debug\Proj08_DemoTxIntegration.a(USBFS_DEBUG_drv.o)
                0x00009a48                USBFS_DEBUG_InitControlWrite
 .text.USBFS_DEBUG_ControlWriteDataStage
                0x00009aac       0xb4 .\ARM_GCC_541\Debug\Proj08_DemoTxIntegration.a(USBFS_DEBUG_drv.o)
                0x00009aac                USBFS_DEBUG_ControlWriteDataStage
 .text.USBFS_DEBUG_ControlWriteStatusStage
                0x00009b60       0x24 .\ARM_GCC_541\Debug\Proj08_DemoTxIntegration.a(USBFS_DEBUG_drv.o)
                0x00009b60                USBFS_DEBUG_ControlWriteStatusStage
 .text.USBFS_DEBUG_InitNoDataControlTransfer
                0x00009b84       0x38 .\ARM_GCC_541\Debug\Proj08_DemoTxIntegration.a(USBFS_DEBUG_drv.o)
                0x00009b84                USBFS_DEBUG_InitNoDataControlTransfer
 .text.USBFS_DEBUG_NoDataControlStatusStage
                0x00009bbc       0x4c .\ARM_GCC_541\Debug\Proj08_DemoTxIntegration.a(USBFS_DEBUG_drv.o)
                0x00009bbc                USBFS_DEBUG_NoDataControlStatusStage
 .text.USBFS_DEBUG_UpdateStatusBlock
                0x00009c08       0x40 .\ARM_GCC_541\Debug\Proj08_DemoTxIntegration.a(USBFS_DEBUG_drv.o)
                0x00009c08                USBFS_DEBUG_UpdateStatusBlock
 .text.USBFS_DEBUG_InitializeStatusBlock
                0x00009c48       0x34 .\ARM_GCC_541\Debug\Proj08_DemoTxIntegration.a(USBFS_DEBUG_drv.o)
                0x00009c48                USBFS_DEBUG_InitializeStatusBlock
 .text.USBFS_DEBUG_EP_1_ISR
                0x00009c7c       0x48 .\ARM_GCC_541\Debug\Proj08_DemoTxIntegration.a(USBFS_DEBUG_episr.o)
                0x00009c7c                USBFS_DEBUG_EP_1_ISR
 .text.USBFS_DEBUG_EP_2_ISR
                0x00009cc4       0x4c .\ARM_GCC_541\Debug\Proj08_DemoTxIntegration.a(USBFS_DEBUG_episr.o)
                0x00009cc4                USBFS_DEBUG_EP_2_ISR
 .text.USBFS_DEBUG_EP_3_ISR
                0x00009d10       0x54 .\ARM_GCC_541\Debug\Proj08_DemoTxIntegration.a(USBFS_DEBUG_episr.o)
                0x00009d10                USBFS_DEBUG_EP_3_ISR
 .text.USBFS_DEBUG_BUS_RESET_ISR
                0x00009d64        0xc .\ARM_GCC_541\Debug\Proj08_DemoTxIntegration.a(USBFS_DEBUG_episr.o)
                0x00009d64                USBFS_DEBUG_BUS_RESET_ISR
 .text.USBFS_DEBUG_DP_ISR
                0x00009d70        0xc .\ARM_GCC_541\Debug\Proj08_DemoTxIntegration.a(USBFS_DEBUG_pm.o)
                0x00009d70                USBFS_DEBUG_DP_ISR
 .text.USBFS_DEBUG_HandleStandardRqst
                0x00009d7c      0x494 .\ARM_GCC_541\Debug\Proj08_DemoTxIntegration.a(USBFS_DEBUG_std.o)
                0x00009d7c                USBFS_DEBUG_HandleStandardRqst
 .text.USBFS_DEBUG_ReadDieID
                0x0000a210       0xd8 .\ARM_GCC_541\Debug\Proj08_DemoTxIntegration.a(USBFS_DEBUG_std.o)
                0x0000a210                USBFS_DEBUG_ReadDieID
 .text.USBFS_DEBUG_ConfigReg
                0x0000a2e8      0x138 .\ARM_GCC_541\Debug\Proj08_DemoTxIntegration.a(USBFS_DEBUG_std.o)
                0x0000a2e8                USBFS_DEBUG_ConfigReg
 .text.USBFS_DEBUG_Config
                0x0000a420      0x3a4 .\ARM_GCC_541\Debug\Proj08_DemoTxIntegration.a(USBFS_DEBUG_std.o)
                0x0000a420                USBFS_DEBUG_Config
 .text.USBFS_DEBUG_ConfigAltChanged
                0x0000a7c4      0x25c .\ARM_GCC_541\Debug\Proj08_DemoTxIntegration.a(USBFS_DEBUG_std.o)
                0x0000a7c4                USBFS_DEBUG_ConfigAltChanged
 .text.USBFS_DEBUG_GetConfigTablePtr
                0x0000aa20       0x50 .\ARM_GCC_541\Debug\Proj08_DemoTxIntegration.a(USBFS_DEBUG_std.o)
                0x0000aa20                USBFS_DEBUG_GetConfigTablePtr
 .text.USBFS_DEBUG_GetDeviceTablePtr
                0x0000aa70       0x24 .\ARM_GCC_541\Debug\Proj08_DemoTxIntegration.a(USBFS_DEBUG_std.o)
                0x0000aa70                USBFS_DEBUG_GetDeviceTablePtr
 .text.USBFS_DEBUG_GetInterfaceClassTablePtr
                0x0000aa94       0x4c .\ARM_GCC_541\Debug\Proj08_DemoTxIntegration.a(USBFS_DEBUG_std.o)
                0x0000aa94                USBFS_DEBUG_GetInterfaceClassTablePtr
 .text.USBFS_DEBUG_SetEndpointHalt
                0x0000aae0       0xe8 .\ARM_GCC_541\Debug\Proj08_DemoTxIntegration.a(USBFS_DEBUG_std.o)
                0x0000aae0                USBFS_DEBUG_SetEndpointHalt
 .text.USBFS_DEBUG_ClearEndpointHalt
                0x0000abc8      0x158 .\ARM_GCC_541\Debug\Proj08_DemoTxIntegration.a(USBFS_DEBUG_std.o)
                0x0000abc8                USBFS_DEBUG_ClearEndpointHalt
 .text.USBFS_DEBUG_ValidateAlternateSetting
                0x0000ad20       0x70 .\ARM_GCC_541\Debug\Proj08_DemoTxIntegration.a(USBFS_DEBUG_std.o)
                0x0000ad20                USBFS_DEBUG_ValidateAlternateSetting
 .text.USBFS_DEBUG_HandleVendorRqst
                0x0000ad90       0x34 .\ARM_GCC_541\Debug\Proj08_DemoTxIntegration.a(USBFS_DEBUG_vnd.o)
                0x0000ad90                USBFS_DEBUG_HandleVendorRqst
 .text.USBFS_DEBUG_Dp_ClearInterrupt
                0x0000adc4       0x20 .\ARM_GCC_541\Debug\Proj08_DemoTxIntegration.a(USBFS_DEBUG_Dp.o)
                0x0000adc4                USBFS_DEBUG_Dp_ClearInterrupt
 *fill*         0x0000ade4        0x4 
 .text          0x0000ade8       0x54 .\ARM_GCC_541\Debug\Proj08_DemoTxIntegration.a(CyBootAsmGnu.o)
                0x0000ade8                CyDelayCycles
                0x0000ae26                CyEnterCriticalSection
                0x0000ae2e                CyExitCriticalSection
 .text.USBFS_DEBUG_DispatchClassRqst
                0x0000ae3c       0x84 .\ARM_GCC_541\Debug\Proj08_DemoTxIntegration.a(USBFS_DEBUG_cls.o)
                0x0000ae3c                USBFS_DEBUG_DispatchClassRqst
 .text.cosf     0x0000aec0       0x78 c:/program files (x86)/cypress/psoc creator/4.4/psoc creator/import/gnu/arm/5.4.1/bin/../lib/gcc/arm-none-eabi/5.4.1/../../../../arm-none-eabi/lib/armv7-m\libm.a(lib_a-sf_cos.o)
                0x0000aec0                cosf
 .text.sinf     0x0000af38       0x7c c:/program files (x86)/cypress/psoc creator/4.4/psoc creator/import/gnu/arm/5.4.1/bin/../lib/gcc/arm-none-eabi/5.4.1/../../../../arm-none-eabi/lib/armv7-m\libm.a(lib_a-sf_sin.o)
                0x0000af38                sinf
 .text.asinf    0x0000afb4       0xa4 c:/program files (x86)/cypress/psoc creator/4.4/psoc creator/import/gnu/arm/5.4.1/bin/../lib/gcc/arm-none-eabi/5.4.1/../../../../arm-none-eabi/lib/armv7-m\libm.a(lib_a-wf_asin.o)
                0x0000afb4                asinf
 .text.atan2f   0x0000b058        0x4 c:/program files (x86)/cypress/psoc creator/4.4/psoc creator/import/gnu/arm/5.4.1/bin/../lib/gcc/arm-none-eabi/5.4.1/../../../../arm-none-eabi/lib/armv7-m\libm.a(lib_a-wf_atan2.o)
                0x0000b058                atan2f
 .text.sqrtf    0x0000b05c       0x9c c:/program files (x86)/cypress/psoc creator/4.4/psoc creator/import/gnu/arm/5.4.1/bin/../lib/gcc/arm-none-eabi/5.4.1/../../../../arm-none-eabi/lib/armv7-m\libm.a(lib_a-wf_sqrt.o)
                0x0000b05c                sqrtf
 .text.__ieee754_asinf
                0x0000b0f8      0x294 c:/program files (x86)/cypress/psoc creator/4.4/psoc creator/import/gnu/arm/5.4.1/bin/../lib/gcc/arm-none-eabi/5.4.1/../../../../arm-none-eabi/lib/armv7-m\libm.a(lib_a-ef_asin.o)
                0x0000b0f8                __ieee754_asinf
 .text.__ieee754_atan2f
                0x0000b38c      0x124 c:/program files (x86)/cypress/psoc creator/4.4/psoc creator/import/gnu/arm/5.4.1/bin/../lib/gcc/arm-none-eabi/5.4.1/../../../../arm-none-eabi/lib/armv7-m\libm.a(lib_a-ef_atan2.o)
                0x0000b38c                __ieee754_atan2f
 .text.__ieee754_rem_pio2f
                0x0000b4b0      0x2e4 c:/program files (x86)/cypress/psoc creator/4.4/psoc creator/import/gnu/arm/5.4.1/bin/../lib/gcc/arm-none-eabi/5.4.1/../../../../arm-none-eabi/lib/armv7-m\libm.a(lib_a-ef_rem_pio2.o)
                0x0000b4b0                __ieee754_rem_pio2f
 .text.__ieee754_sqrtf
                0x0000b794       0xa8 c:/program files (x86)/cypress/psoc creator/4.4/psoc creator/import/gnu/arm/5.4.1/bin/../lib/gcc/arm-none-eabi/5.4.1/../../../../arm-none-eabi/lib/armv7-m\libm.a(lib_a-ef_sqrt.o)
                0x0000b794                __ieee754_sqrtf
 .text.__kernel_cosf
                0x0000b83c      0x188 c:/program files (x86)/cypress/psoc creator/4.4/psoc creator/import/gnu/arm/5.4.1/bin/../lib/gcc/arm-none-eabi/5.4.1/../../../../arm-none-eabi/lib/armv7-m\libm.a(lib_a-kf_cos.o)
                0x0000b83c                __kernel_cosf
 .text.__kernel_rem_pio2f
                0x0000b9c4      0x6a0 c:/program files (x86)/cypress/psoc creator/4.4/psoc creator/import/gnu/arm/5.4.1/bin/../lib/gcc/arm-none-eabi/5.4.1/../../../../arm-none-eabi/lib/armv7-m\libm.a(lib_a-kf_rem_pio2.o)
                0x0000b9c4                __kernel_rem_pio2f
 .text.__kernel_sinf
                0x0000c064       0xec c:/program files (x86)/cypress/psoc creator/4.4/psoc creator/import/gnu/arm/5.4.1/bin/../lib/gcc/arm-none-eabi/5.4.1/../../../../arm-none-eabi/lib/armv7-m\libm.a(lib_a-kf_sin.o)
                0x0000c064                __kernel_sinf
 .text.matherr  0x0000c150        0x4 c:/program files (x86)/cypress/psoc creator/4.4/psoc creator/import/gnu/arm/5.4.1/bin/../lib/gcc/arm-none-eabi/5.4.1/../../../../arm-none-eabi/lib/armv7-m\libm.a(lib_a-s_matherr.o)
                0x0000c150                matherr
 .text.nan      0x0000c154        0xc c:/program files (x86)/cypress/psoc creator/4.4/psoc creator/import/gnu/arm/5.4.1/bin/../lib/gcc/arm-none-eabi/5.4.1/../../../../arm-none-eabi/lib/armv7-m\libm.a(lib_a-s_nan.o)
                0x0000c154                nan
 .text.atanf    0x0000c160      0x22c c:/program files (x86)/cypress/psoc creator/4.4/psoc creator/import/gnu/arm/5.4.1/bin/../lib/gcc/arm-none-eabi/5.4.1/../../../../arm-none-eabi/lib/armv7-m\libm.a(lib_a-sf_atan.o)
                0x0000c160                atanf
 .text.fabsf    0x0000c38c        0x8 c:/program files (x86)/cypress/psoc creator/4.4/psoc creator/import/gnu/arm/5.4.1/bin/../lib/gcc/arm-none-eabi/5.4.1/../../../../arm-none-eabi/lib/armv7-m\libm.a(lib_a-sf_fabs.o)
                0x0000c38c                fabsf
 .text.floorf   0x0000c394       0x8c c:/program files (x86)/cypress/psoc creator/4.4/psoc creator/import/gnu/arm/5.4.1/bin/../lib/gcc/arm-none-eabi/5.4.1/../../../../arm-none-eabi/lib/armv7-m\libm.a(lib_a-sf_floor.o)
                0x0000c394                floorf
 .text.scalbnf  0x0000c420       0xb0 c:/program files (x86)/cypress/psoc creator/4.4/psoc creator/import/gnu/arm/5.4.1/bin/../lib/gcc/arm-none-eabi/5.4.1/../../../../arm-none-eabi/lib/armv7-m\libm.a(lib_a-sf_scalbn.o)
                0x0000c420                scalbnf
 .text.copysignf
                0x0000c4d0        0xc c:/program files (x86)/cypress/psoc creator/4.4/psoc creator/import/gnu/arm/5.4.1/bin/../lib/gcc/arm-none-eabi/5.4.1/../../../../arm-none-eabi/lib/armv7-m\libm.a(lib_a-sf_copysign.o)
                0x0000c4d0                copysignf
 .text          0x0000c4dc      0x370 c:/program files (x86)/cypress/psoc creator/4.4/psoc creator/import/gnu/arm/5.4.1/bin/../lib/gcc/arm-none-eabi/5.4.1/armv7-m\libgcc.a(_arm_addsubdf3.o)
                0x0000c4dc                __aeabi_drsub
                0x0000c4e4                __aeabi_dsub
                0x0000c4e4                __subdf3
                0x0000c4e8                __aeabi_dadd
                0x0000c4e8                __adddf3
                0x0000c760                __floatunsidf
                0x0000c760                __aeabi_ui2d
                0x0000c780                __floatsidf
                0x0000c780                __aeabi_i2d
                0x0000c7a4                __aeabi_f2d
                0x0000c7a4                __extendsfdf2
                0x0000c7e0                __floatundidf
                0x0000c7e0                __aeabi_ul2d
                0x0000c7f0                __floatdidf
                0x0000c7f0                __aeabi_l2d
 .text          0x0000c84c      0x424 c:/program files (x86)/cypress/psoc creator/4.4/psoc creator/import/gnu/arm/5.4.1/bin/../lib/gcc/arm-none-eabi/5.4.1/armv7-m\libgcc.a(_arm_muldivdf3.o)
                0x0000c84c                __aeabi_dmul
                0x0000c84c                __muldf3
                0x0000caa0                __divdf3
                0x0000caa0                __aeabi_ddiv
 .text          0x0000cc70      0x110 c:/program files (x86)/cypress/psoc creator/4.4/psoc creator/import/gnu/arm/5.4.1/bin/../lib/gcc/arm-none-eabi/5.4.1/armv7-m\libgcc.a(_arm_cmpdf2.o)
                0x0000cc70                __gtdf2
                0x0000cc70                __gedf2
                0x0000cc78                __ltdf2
                0x0000cc78                __ledf2
                0x0000cc80                __nedf2
                0x0000cc80                __eqdf2
                0x0000cc80                __cmpdf2
                0x0000ccfc                __aeabi_cdrcmple
                0x0000cd0c                __aeabi_cdcmpeq
                0x0000cd0c                __aeabi_cdcmple
                0x0000cd1c                __aeabi_dcmpeq
                0x0000cd30                __aeabi_dcmplt
                0x0000cd44                __aeabi_dcmple
                0x0000cd58                __aeabi_dcmpge
                0x0000cd6c                __aeabi_dcmpgt
 .text          0x0000cd80       0x2c c:/program files (x86)/cypress/psoc creator/4.4/psoc creator/import/gnu/arm/5.4.1/bin/../lib/gcc/arm-none-eabi/5.4.1/armv7-m\libgcc.a(_arm_unorddf2.o)
                0x0000cd80                __unorddf2
                0x0000cd80                __aeabi_dcmpun
 .text          0x0000cdac       0x50 c:/program files (x86)/cypress/psoc creator/4.4/psoc creator/import/gnu/arm/5.4.1/bin/../lib/gcc/arm-none-eabi/5.4.1/armv7-m\libgcc.a(_arm_fixdfsi.o)
                0x0000cdac                __aeabi_d2iz
                0x0000cdac                __fixdfsi
 .text          0x0000cdfc       0xa0 c:/program files (x86)/cypress/psoc creator/4.4/psoc creator/import/gnu/arm/5.4.1/bin/../lib/gcc/arm-none-eabi/5.4.1/armv7-m\libgcc.a(_arm_truncdfsf2.o)
                0x0000cdfc                __truncdfsf2
                0x0000cdfc                __aeabi_d2f
 .text          0x0000ce9c      0x21c c:/program files (x86)/cypress/psoc creator/4.4/psoc creator/import/gnu/arm/5.4.1/bin/../lib/gcc/arm-none-eabi/5.4.1/armv7-m\libgcc.a(_arm_addsubsf3.o)
                0x0000ce9c                __aeabi_frsub
                0x0000cea4                __subsf3
                0x0000cea4                __aeabi_fsub
                0x0000cea8                __aeabi_fadd
                0x0000cea8                __addsf3
                0x0000d008                __aeabi_ui2f
                0x0000d008                __floatunsisf
                0x0000d010                __aeabi_i2f
                0x0000d010                __floatsisf
                0x0000d02c                __aeabi_ul2f
                0x0000d02c                __floatundisf
                0x0000d03c                __aeabi_l2f
                0x0000d03c                __floatdisf
 .text          0x0000d0b8      0x2a0 c:/program files (x86)/cypress/psoc creator/4.4/psoc creator/import/gnu/arm/5.4.1/bin/../lib/gcc/arm-none-eabi/5.4.1/armv7-m\libgcc.a(_arm_muldivsf3.o)
                0x0000d0b8                __mulsf3
                0x0000d0b8                __aeabi_fmul
                0x0000d220                __aeabi_fdiv
                0x0000d220                __divsf3
 .text          0x0000d358       0xec c:/program files (x86)/cypress/psoc creator/4.4/psoc creator/import/gnu/arm/5.4.1/bin/../lib/gcc/arm-none-eabi/5.4.1/armv7-m\libgcc.a(_arm_cmpsf2.o)
                0x0000d358                __gesf2
                0x0000d358                __gtsf2
                0x0000d360                __lesf2
                0x0000d360                __ltsf2
                0x0000d368                __nesf2
                0x0000d368                __eqsf2
                0x0000d368                __cmpsf2
                0x0000d3c8                __aeabi_cfrcmple
                0x0000d3d0                __aeabi_cfcmpeq
                0x0000d3d0                __aeabi_cfcmple
                0x0000d3e0                __aeabi_fcmpeq
                0x0000d3f4                __aeabi_fcmplt
                0x0000d408                __aeabi_fcmple
                0x0000d41c                __aeabi_fcmpge
                0x0000d430                __aeabi_fcmpgt
 .text          0x0000d444       0x2c c:/program files (x86)/cypress/psoc creator/4.4/psoc creator/import/gnu/arm/5.4.1/bin/../lib/gcc/arm-none-eabi/5.4.1/armv7-m\libgcc.a(_arm_unordsf2.o)
                0x0000d444                __unordsf2
                0x0000d444                __aeabi_fcmpun
 .text          0x0000d470       0x4c c:/program files (x86)/cypress/psoc creator/4.4/psoc creator/import/gnu/arm/5.4.1/bin/../lib/gcc/arm-none-eabi/5.4.1/armv7-m\libgcc.a(_arm_fixsfsi.o)
                0x0000d470                __aeabi_f2iz
                0x0000d470                __fixsfsi
 .text          0x0000d4bc       0x40 c:/program files (x86)/cypress/psoc creator/4.4/psoc creator/import/gnu/arm/5.4.1/bin/../lib/gcc/arm-none-eabi/5.4.1/armv7-m\libgcc.a(_arm_fixunssfsi.o)
                0x0000d4bc                __fixunssfsi
                0x0000d4bc                __aeabi_f2uiz
 .text.__errno  0x0000d4fc        0xc c:/program files (x86)/cypress/psoc creator/4.4/psoc creator/import/gnu/arm/5.4.1/bin/../lib/gcc/arm-none-eabi/5.4.1/../../../../arm-none-eabi/lib/armv7-m\libg_nano.a(lib_a-errno.o)
                0x0000d4fc                __errno
 .text.__libc_init_array
                0x0000d508       0x4c c:/program files (x86)/cypress/psoc creator/4.4/psoc creator/import/gnu/arm/5.4.1/bin/../lib/gcc/arm-none-eabi/5.4.1/../../../../arm-none-eabi/lib/armv7-m\libg_nano.a(lib_a-init.o)
                0x0000d508                __libc_init_array
 .text.memcpy   0x0000d554       0x16 c:/program files (x86)/cypress/psoc creator/4.4/psoc creator/import/gnu/arm/5.4.1/bin/../lib/gcc/arm-none-eabi/5.4.1/../../../../arm-none-eabi/lib/armv7-m\libg_nano.a(lib_a-memcpy-stub.o)
                0x0000d554                memcpy
 .text.memset   0x0000d56a       0x10 c:/program files (x86)/cypress/psoc creator/4.4/psoc creator/import/gnu/arm/5.4.1/bin/../lib/gcc/arm-none-eabi/5.4.1/../../../../arm-none-eabi/lib/armv7-m\libg_nano.a(lib_a-memset.o)
                0x0000d56a                memset
 .text.__cvt    0x0000d57a       0xc0 c:/program files (x86)/cypress/psoc creator/4.4/psoc creator/import/gnu/arm/5.4.1/bin/../lib/gcc/arm-none-eabi/5.4.1/../../../../arm-none-eabi/lib/armv7-m\libg_nano.a(lib_a-nano-vfprintf_float.o)
                0x0000d57a                __cvt
 .text.__exponent
                0x0000d63a       0x62 c:/program files (x86)/cypress/psoc creator/4.4/psoc creator/import/gnu/arm/5.4.1/bin/../lib/gcc/arm-none-eabi/5.4.1/../../../../arm-none-eabi/lib/armv7-m\libg_nano.a(lib_a-nano-vfprintf_float.o)
                0x0000d63a                __exponent
 .text._printf_float
                0x0000d69c      0x488 c:/program files (x86)/cypress/psoc creator/4.4/psoc creator/import/gnu/arm/5.4.1/bin/../lib/gcc/arm-none-eabi/5.4.1/../../../../arm-none-eabi/lib/armv7-m\libg_nano.a(lib_a-nano-vfprintf_float.o)
                0x0000d69c                _printf_float
 .text._printf_common
                0x0000db24       0xec c:/program files (x86)/cypress/psoc creator/4.4/psoc creator/import/gnu/arm/5.4.1/bin/../lib/gcc/arm-none-eabi/5.4.1/../../../../arm-none-eabi/lib/armv7-m\libg_nano.a(lib_a-nano-vfprintf_i.o)
                0x0000db24                _printf_common
 .text._printf_i
                0x0000dc10      0x24c c:/program files (x86)/cypress/psoc creator/4.4/psoc creator/import/gnu/arm/5.4.1/bin/../lib/gcc/arm-none-eabi/5.4.1/../../../../arm-none-eabi/lib/armv7-m\libg_nano.a(lib_a-nano-vfprintf_i.o)
                0x0000dc10                _printf_i
 .text.snprintf
                0x0000de5c       0x64 c:/program files (x86)/cypress/psoc creator/4.4/psoc creator/import/gnu/arm/5.4.1/bin/../lib/gcc/arm-none-eabi/5.4.1/../../../../arm-none-eabi/lib/armv7-m\libg_nano.a(lib_a-snprintf.o)
                0x0000de5c                sniprintf
                0x0000de5c                snprintf
 .text.sprintf  0x0000dec0       0x48 c:/program files (x86)/cypress/psoc creator/4.4/psoc creator/import/gnu/arm/5.4.1/bin/../lib/gcc/arm-none-eabi/5.4.1/../../../../arm-none-eabi/lib/armv7-m\libg_nano.a(lib_a-sprintf.o)
                0x0000dec0                siprintf
                0x0000dec0                sprintf
 .text          0x0000df08       0x10 c:/program files (x86)/cypress/psoc creator/4.4/psoc creator/import/gnu/arm/5.4.1/bin/../lib/gcc/arm-none-eabi/5.4.1/../../../../arm-none-eabi/lib/armv7-m\libg_nano.a(lib_a-strlen.o)
                0x0000df08                strlen
 .text.quorem   0x0000df18      0x116 c:/program files (x86)/cypress/psoc creator/4.4/psoc creator/import/gnu/arm/5.4.1/bin/../lib/gcc/arm-none-eabi/5.4.1/../../../../arm-none-eabi/lib/armv7-m\libg_nano.a(lib_a-dtoa.o)
 *fill*         0x0000e02e        0x2 
 .text._dtoa_r  0x0000e030      0xb30 c:/program files (x86)/cypress/psoc creator/4.4/psoc creator/import/gnu/arm/5.4.1/bin/../lib/gcc/arm-none-eabi/5.4.1/../../../../arm-none-eabi/lib/armv7-m\libg_nano.a(lib_a-dtoa.o)
                0x0000e030                _dtoa_r
 .text._localeconv_r
                0x0000eb60        0x8 c:/program files (x86)/cypress/psoc creator/4.4/psoc creator/import/gnu/arm/5.4.1/bin/../lib/gcc/arm-none-eabi/5.4.1/../../../../arm-none-eabi/lib/armv7-m\libg_nano.a(lib_a-locale.o)
                0x0000eb60                _localeconv_r
 .text.malloc   0x0000eb68       0x10 c:/program files (x86)/cypress/psoc creator/4.4/psoc creator/import/gnu/arm/5.4.1/bin/../lib/gcc/arm-none-eabi/5.4.1/../../../../arm-none-eabi/lib/armv7-m\libg_nano.a(lib_a-malloc.o)
                0x0000eb68                malloc
 .text.memchr   0x0000eb78       0x1c c:/program files (x86)/cypress/psoc creator/4.4/psoc creator/import/gnu/arm/5.4.1/bin/../lib/gcc/arm-none-eabi/5.4.1/../../../../arm-none-eabi/lib/armv7-m\libg_nano.a(lib_a-memchr-stub.o)
                0x0000eb78                memchr
 .text._Balloc  0x0000eb94       0x6a c:/program files (x86)/cypress/psoc creator/4.4/psoc creator/import/gnu/arm/5.4.1/bin/../lib/gcc/arm-none-eabi/5.4.1/../../../../arm-none-eabi/lib/armv7-m\libg_nano.a(lib_a-mprec.o)
                0x0000eb94                _Balloc
 .text._Bfree   0x0000ebfe       0x2e c:/program files (x86)/cypress/psoc creator/4.4/psoc creator/import/gnu/arm/5.4.1/bin/../lib/gcc/arm-none-eabi/5.4.1/../../../../arm-none-eabi/lib/armv7-m\libg_nano.a(lib_a-mprec.o)
                0x0000ebfe                _Bfree
 .text.__multadd
                0x0000ec2c       0x76 c:/program files (x86)/cypress/psoc creator/4.4/psoc creator/import/gnu/arm/5.4.1/bin/../lib/gcc/arm-none-eabi/5.4.1/../../../../arm-none-eabi/lib/armv7-m\libg_nano.a(lib_a-mprec.o)
                0x0000ec2c                __multadd
 .text.__hi0bits
                0x0000eca2       0x40 c:/program files (x86)/cypress/psoc creator/4.4/psoc creator/import/gnu/arm/5.4.1/bin/../lib/gcc/arm-none-eabi/5.4.1/../../../../arm-none-eabi/lib/armv7-m\libg_nano.a(lib_a-mprec.o)
                0x0000eca2                __hi0bits
 .text.__lo0bits
                0x0000ece2       0x5a c:/program files (x86)/cypress/psoc creator/4.4/psoc creator/import/gnu/arm/5.4.1/bin/../lib/gcc/arm-none-eabi/5.4.1/../../../../arm-none-eabi/lib/armv7-m\libg_nano.a(lib_a-mprec.o)
                0x0000ece2                __lo0bits
 .text.__i2b    0x0000ed3c       0x12 c:/program files (x86)/cypress/psoc creator/4.4/psoc creator/import/gnu/arm/5.4.1/bin/../lib/gcc/arm-none-eabi/5.4.1/../../../../arm-none-eabi/lib/armv7-m\libg_nano.a(lib_a-mprec.o)
                0x0000ed3c                __i2b
 .text.__multiply
                0x0000ed4e      0x120 c:/program files (x86)/cypress/psoc creator/4.4/psoc creator/import/gnu/arm/5.4.1/bin/../lib/gcc/arm-none-eabi/5.4.1/../../../../arm-none-eabi/lib/armv7-m\libg_nano.a(lib_a-mprec.o)
                0x0000ed4e                __multiply
 *fill*         0x0000ee6e        0x2 
 .text.__pow5mult
                0x0000ee70       0x9c c:/program files (x86)/cypress/psoc creator/4.4/psoc creator/import/gnu/arm/5.4.1/bin/../lib/gcc/arm-none-eabi/5.4.1/../../../../arm-none-eabi/lib/armv7-m\libg_nano.a(lib_a-mprec.o)
                0x0000ee70                __pow5mult
 .text.__lshift
                0x0000ef0c       0xa2 c:/program files (x86)/cypress/psoc creator/4.4/psoc creator/import/gnu/arm/5.4.1/bin/../lib/gcc/arm-none-eabi/5.4.1/../../../../arm-none-eabi/lib/armv7-m\libg_nano.a(lib_a-mprec.o)
                0x0000ef0c                __lshift
 .text.__mcmp   0x0000efae       0x38 c:/program files (x86)/cypress/psoc creator/4.4/psoc creator/import/gnu/arm/5.4.1/bin/../lib/gcc/arm-none-eabi/5.4.1/../../../../arm-none-eabi/lib/armv7-m\libg_nano.a(lib_a-mprec.o)
                0x0000efae                __mcmp
 .text.__mdiff  0x0000efe6       0xbe c:/program files (x86)/cypress/psoc creator/4.4/psoc creator/import/gnu/arm/5.4.1/bin/../lib/gcc/arm-none-eabi/5.4.1/../../../../arm-none-eabi/lib/armv7-m\libg_nano.a(lib_a-mprec.o)
                0x0000efe6                __mdiff
 .text.__d2b    0x0000f0a4       0x9c c:/program files (x86)/cypress/psoc creator/4.4/psoc creator/import/gnu/arm/5.4.1/bin/../lib/gcc/arm-none-eabi/5.4.1/../../../../arm-none-eabi/lib/armv7-m\libg_nano.a(lib_a-mprec.o)
                0x0000f0a4                __d2b
 .text._calloc_r
                0x0000f140       0x1c c:/program files (x86)/cypress/psoc creator/4.4/psoc creator/import/gnu/arm/5.4.1/bin/../lib/gcc/arm-none-eabi/5.4.1/../../../../arm-none-eabi/lib/armv7-m\libg_nano.a(lib_a-nano-callocr.o)
                0x0000f140                _calloc_r
 .text._free_r  0x0000f15c       0x98 c:/program files (x86)/cypress/psoc creator/4.4/psoc creator/import/gnu/arm/5.4.1/bin/../lib/gcc/arm-none-eabi/5.4.1/../../../../arm-none-eabi/lib/armv7-m\libg_nano.a(lib_a-nano-freer.o)
                0x0000f15c                _free_r
 .text._malloc_r
                0x0000f1f4       0xbc c:/program files (x86)/cypress/psoc creator/4.4/psoc creator/import/gnu/arm/5.4.1/bin/../lib/gcc/arm-none-eabi/5.4.1/../../../../arm-none-eabi/lib/armv7-m\libg_nano.a(lib_a-nano-mallocr.o)
                0x0000f1f4                _malloc_r
 .text.__ssputs_r
                0x0000f2b0       0xb2 c:/program files (x86)/cypress/psoc creator/4.4/psoc creator/import/gnu/arm/5.4.1/bin/../lib/gcc/arm-none-eabi/5.4.1/../../../../arm-none-eabi/lib/armv7-m\libg_nano.a(lib_a-nano-svfprintf.o)
                0x0000f2b0                __ssputs_r
 *fill*         0x0000f362        0x2 
 .text._svfprintf_r
                0x0000f364      0x1e8 c:/program files (x86)/cypress/psoc creator/4.4/psoc creator/import/gnu/arm/5.4.1/bin/../lib/gcc/arm-none-eabi/5.4.1/../../../../arm-none-eabi/lib/armv7-m\libg_nano.a(lib_a-nano-svfprintf.o)
                0x0000f364                _svfiprintf_r
                0x0000f364                _svfprintf_r
 .text._sbrk_r  0x0000f54c       0x20 c:/program files (x86)/cypress/psoc creator/4.4/psoc creator/import/gnu/arm/5.4.1/bin/../lib/gcc/arm-none-eabi/5.4.1/../../../../arm-none-eabi/lib/armv7-m\libg_nano.a(lib_a-sbrkr.o)
                0x0000f54c                _sbrk_r
 .text.memmove  0x0000f56c       0x36 c:/program files (x86)/cypress/psoc creator/4.4/psoc creator/import/gnu/arm/5.4.1/bin/../lib/gcc/arm-none-eabi/5.4.1/../../../../arm-none-eabi/lib/armv7-m\libg_nano.a(lib_a-memmove.o)
                0x0000f56c                memmove
 .text.__malloc_lock
                0x0000f5a2        0x2 c:/program files (x86)/cypress/psoc creator/4.4/psoc creator/import/gnu/arm/5.4.1/bin/../lib/gcc/arm-none-eabi/5.4.1/../../../../arm-none-eabi/lib/armv7-m\libg_nano.a(lib_a-mlock.o)
                0x0000f5a2                __malloc_lock
 .text.__malloc_unlock
                0x0000f5a4        0x2 c:/program files (x86)/cypress/psoc creator/4.4/psoc creator/import/gnu/arm/5.4.1/bin/../lib/gcc/arm-none-eabi/5.4.1/../../../../arm-none-eabi/lib/armv7-m\libg_nano.a(lib_a-mlock.o)
                0x0000f5a4                __malloc_unlock
 .text._realloc_r
                0x0000f5a6       0x4c c:/program files (x86)/cypress/psoc creator/4.4/psoc creator/import/gnu/arm/5.4.1/bin/../lib/gcc/arm-none-eabi/5.4.1/../../../../arm-none-eabi/lib/armv7-m\libg_nano.a(lib_a-nano-reallocr.o)
                0x0000f5a6                _realloc_r
 .text._malloc_usable_size_r
                0x0000f5f2       0x14 c:/program files (x86)/cypress/psoc creator/4.4/psoc creator/import/gnu/arm/5.4.1/bin/../lib/gcc/arm-none-eabi/5.4.1/../../../../arm-none-eabi/lib/armv7-m\libg_nano.a(lib_a-nano-msizer.o)
                0x0000f5f2                _malloc_usable_size_r
 *(.plt)
 *(.gnu.warning)
 *(.glue_7t)
 .glue_7t       0x0000f606        0x0 linker stubs
 *(.glue_7)
 .glue_7        0x0000f606        0x0 linker stubs
 *(.vfp11_veneer)
 .vfp11_veneer  0x0000f606        0x0 linker stubs
 *(.bootloader)
 *(.ARM.extab* .gnu.linkonce.armextab.*)
 *(.gcc_except_table)

.v4_bx          0x0000f608        0x0
 .v4_bx         0x0000f608        0x0 linker stubs

.iplt           0x0000f608        0x0
 .iplt          0x0000f608        0x0 c:/program files (x86)/cypress/psoc creator/4.4/psoc creator/import/gnu/arm/5.4.1/bin/../lib/gcc/arm-none-eabi/5.4.1/armv7-m/crtbegin.o

.eh_frame_hdr
 *(.eh_frame_hdr)

.eh_frame       0x0000f608        0x4
 *(.eh_frame)
 .eh_frame      0x0000f608        0x0 c:/program files (x86)/cypress/psoc creator/4.4/psoc creator/import/gnu/arm/5.4.1/bin/../lib/gcc/arm-none-eabi/5.4.1/armv7-m/crtbegin.o
 .eh_frame      0x0000f608        0x4 c:/program files (x86)/cypress/psoc creator/4.4/psoc creator/import/gnu/arm/5.4.1/bin/../lib/gcc/arm-none-eabi/5.4.1/armv7-m/crtend.o
                [!provide]                PROVIDE (__exidx_start, .)

.ARM.exidx
 *(.ARM.exidx* .gnu.linkonce.armexidx.*)
                0x0000f60c                __exidx_end = .

.rodata         0x0000f610     0x1490
 *(.rodata .rodata.* .gnu.linkonce.r.*)
 .rodata        0x0000f610       0xe6 .\ARM_GCC_541\Debug\main.o
 *fill*         0x0000f6f6        0x2 
 .rodata        0x0000f6f8      0x4c4 .\ARM_GCC_541\Debug\app_statemachine.o
 .rodata        0x0000fbbc      0x100 .\ARM_GCC_541\Debug\sbc_comms.o
 .rodata        0x0000fcbc       0xb9 .\ARM_GCC_541\Debug\app_state_stby.o
 *fill*         0x0000fd75        0x3 
 .rodata        0x0000fd78       0xa8 .\ARM_GCC_541\Debug\app_state_manu.o
 .rodata        0x0000fe20      0x376 .\ARM_GCC_541\Debug\app_state_auto.o
 *fill*         0x00010196        0x2 
 .rodata        0x00010198       0xc5 .\ARM_GCC_541\Debug\app_state_error.o
 *fill*         0x0001025d        0x3 
 .rodata        0x00010260       0x4b .\ARM_GCC_541\Debug\utils.o
 *fill*         0x000102ab        0x1 
 .rodata        0x000102ac        0x4 .\ARM_GCC_541\Debug\hamfly_core_telemetry.o
 .rodata        0x000102b0       0x36 .\ARM_GCC_541\Debug\cyfitter_cfg.o
 *fill*         0x000102e6        0x2 
 .rodata        0x000102e8       0x11 .\ARM_GCC_541\Debug\Proj08_DemoTxIntegration.a(USBFS_DEBUG_std.o)
 *fill*         0x000102f9        0x3 
 .rodata        0x000102fc      0x208 .\ARM_GCC_541\Debug\Proj08_DemoTxIntegration.a(USBFS_DEBUG_descr.o)
                0x000102fc                USBFS_DEBUG_DEVICE0_DESCR
                0x00010310                USBFS_DEBUG_DEVICE0_CONFIGURATION0_DESCR
                0x0001035c                USBFS_DEBUG_STRING_DESCRIPTORS
                0x0001049c                USBFS_DEBUG_SN_STRING_DESCRIPTOR
                0x000104a0                USBFS_DEBUG_DEVICE0_CONFIGURATION0_EP_SETTINGS_TABLE
                0x000104b8                USBFS_DEBUG_DEVICE0_CONFIGURATION0_INTERFACE_CLASS
                0x000104bc                USBFS_DEBUG_DEVICE0_CONFIGURATION0_TABLE
                0x000104e4                USBFS_DEBUG_DEVICE0_TABLE
                0x000104fc                USBFS_DEBUG_TABLE
 .rodata.str1.4
                0x00010504        0x9 c:/program files (x86)/cypress/psoc creator/4.4/psoc creator/import/gnu/arm/5.4.1/bin/../lib/gcc/arm-none-eabi/5.4.1/../../../../arm-none-eabi/lib/armv7-m\libm.a(lib_a-wf_asin.o)
 *fill*         0x0001050d        0x3 
 .rodata.str1.4
                0x00010510        0x8 c:/program files (x86)/cypress/psoc creator/4.4/psoc creator/import/gnu/arm/5.4.1/bin/../lib/gcc/arm-none-eabi/5.4.1/../../../../arm-none-eabi/lib/armv7-m\libm.a(lib_a-wf_sqrt.o)
                                  0x6 (size before relaxing)
 .rodata.npio2_hw
                0x00010518       0x80 c:/program files (x86)/cypress/psoc creator/4.4/psoc creator/import/gnu/arm/5.4.1/bin/../lib/gcc/arm-none-eabi/5.4.1/../../../../arm-none-eabi/lib/armv7-m\libm.a(lib_a-ef_rem_pio2.o)
 .rodata.two_over_pi
                0x00010598      0x318 c:/program files (x86)/cypress/psoc creator/4.4/psoc creator/import/gnu/arm/5.4.1/bin/../lib/gcc/arm-none-eabi/5.4.1/../../../../arm-none-eabi/lib/armv7-m\libm.a(lib_a-ef_rem_pio2.o)
 .rodata.init_jk
                0x000108b0        0xc c:/program files (x86)/cypress/psoc creator/4.4/psoc creator/import/gnu/arm/5.4.1/bin/../lib/gcc/arm-none-eabi/5.4.1/../../../../arm-none-eabi/lib/armv7-m\libm.a(lib_a-kf_rem_pio2.o)
 .rodata.PIo2   0x000108bc       0x2c c:/program files (x86)/cypress/psoc creator/4.4/psoc creator/import/gnu/arm/5.4.1/bin/../lib/gcc/arm-none-eabi/5.4.1/../../../../arm-none-eabi/lib/armv7-m\libm.a(lib_a-kf_rem_pio2.o)
 .rodata.atanlo
                0x000108e8       0x10 c:/program files (x86)/cypress/psoc creator/4.4/psoc creator/import/gnu/arm/5.4.1/bin/../lib/gcc/arm-none-eabi/5.4.1/../../../../arm-none-eabi/lib/armv7-m\libm.a(lib_a-sf_atan.o)
 .rodata.atanhi
                0x000108f8       0x10 c:/program files (x86)/cypress/psoc creator/4.4/psoc creator/import/gnu/arm/5.4.1/bin/../lib/gcc/arm-none-eabi/5.4.1/../../../../arm-none-eabi/lib/armv7-m\libm.a(lib_a-sf_atan.o)
 .rodata.str1.1
                0x00010908        0x2 c:/program files (x86)/cypress/psoc creator/4.4/psoc creator/import/gnu/arm/5.4.1/bin/../lib/gcc/arm-none-eabi/5.4.1/../../../../arm-none-eabi/lib/armv7-m\libg_nano.a(lib_a-impure.o)
 .rodata.str1.1
                0x0001090a       0x12 c:/program files (x86)/cypress/psoc creator/4.4/psoc creator/import/gnu/arm/5.4.1/bin/../lib/gcc/arm-none-eabi/5.4.1/../../../../arm-none-eabi/lib/armv7-m\libg_nano.a(lib_a-nano-vfprintf_float.o)
 .rodata.str1.1
                0x0001091c       0x22 c:/program files (x86)/cypress/psoc creator/4.4/psoc creator/import/gnu/arm/5.4.1/bin/../lib/gcc/arm-none-eabi/5.4.1/../../../../arm-none-eabi/lib/armv7-m\libg_nano.a(lib_a-nano-vfprintf_i.o)
 .rodata.str1.1
                0x0001093e        0xd c:/program files (x86)/cypress/psoc creator/4.4/psoc creator/import/gnu/arm/5.4.1/bin/../lib/gcc/arm-none-eabi/5.4.1/../../../../arm-none-eabi/lib/armv7-m\libg_nano.a(lib_a-dtoa.o)
                                  0xf (size before relaxing)
 .rodata.str1.1
                0x0001094b        0x8 c:/program files (x86)/cypress/psoc creator/4.4/psoc creator/import/gnu/arm/5.4.1/bin/../lib/gcc/arm-none-eabi/5.4.1/../../../../arm-none-eabi/lib/armv7-m\libg_nano.a(lib_a-locale.o)
                                  0xb (size before relaxing)
 *fill*         0x00010953        0x5 
 .rodata.__mprec_tens
                0x00010958       0xc8 c:/program files (x86)/cypress/psoc creator/4.4/psoc creator/import/gnu/arm/5.4.1/bin/../lib/gcc/arm-none-eabi/5.4.1/../../../../arm-none-eabi/lib/armv7-m\libg_nano.a(lib_a-mprec.o)
                0x00010958                __mprec_tens
 .rodata.p05.5408
                0x00010a20        0xc c:/program files (x86)/cypress/psoc creator/4.4/psoc creator/import/gnu/arm/5.4.1/bin/../lib/gcc/arm-none-eabi/5.4.1/../../../../arm-none-eabi/lib/armv7-m\libg_nano.a(lib_a-mprec.o)
 *fill*         0x00010a2c        0x4 
 .rodata.__mprec_bigtens
                0x00010a30       0x28 c:/program files (x86)/cypress/psoc creator/4.4/psoc creator/import/gnu/arm/5.4.1/bin/../lib/gcc/arm-none-eabi/5.4.1/../../../../arm-none-eabi/lib/armv7-m\libg_nano.a(lib_a-mprec.o)
                0x00010a30                __mprec_bigtens
 .rodata.str1.1
                0x00010a58       0x11 c:/program files (x86)/cypress/psoc creator/4.4/psoc creator/import/gnu/arm/5.4.1/bin/../lib/gcc/arm-none-eabi/5.4.1/../../../../arm-none-eabi/lib/armv7-m\libg_nano.a(lib_a-nano-svfprintf.o)
                0x00010a6c                . = ALIGN (0x4)
 *fill*         0x00010a69        0x3 
 *(.init)
 .init          0x00010a6c        0x4 c:/program files (x86)/cypress/psoc creator/4.4/psoc creator/import/gnu/arm/5.4.1/bin/../lib/gcc/arm-none-eabi/5.4.1/armv7-m/crti.o
                0x00010a6c                _init
 .init          0x00010a70        0x8 c:/program files (x86)/cypress/psoc creator/4.4/psoc creator/import/gnu/arm/5.4.1/bin/../lib/gcc/arm-none-eabi/5.4.1/armv7-m/crtn.o
                0x00010a78                . = ALIGN (0x4)
                0x00010a78                __preinit_array_start = .
 *(.preinit_array)
                0x00010a78                __preinit_array_end = .
                0x00010a78                . = ALIGN (0x4)
                0x00010a78                __init_array_start = .
 *(SORT(.init_array.*))
 *(.init_array)
 .init_array    0x00010a78        0x4 c:/program files (x86)/cypress/psoc creator/4.4/psoc creator/import/gnu/arm/5.4.1/bin/../lib/gcc/arm-none-eabi/5.4.1/armv7-m/crtbegin.o
 .init_array    0x00010a7c        0x4 .\ARM_GCC_541\Debug\Cm3Start.o
                0x00010a80                __init_array_end = .
                0x00010a80                . = ALIGN (0x4)
 *(.fini)
 .fini          0x00010a80        0x4 c:/program files (x86)/cypress/psoc creator/4.4/psoc creator/import/gnu/arm/5.4.1/bin/../lib/gcc/arm-none-eabi/5.4.1/armv7-m/crti.o
                0x00010a80                _fini
 .fini          0x00010a84        0x8 c:/program files (x86)/cypress/psoc creator/4.4/psoc creator/import/gnu/arm/5.4.1/bin/../lib/gcc/arm-none-eabi/5.4.1/armv7-m/crtn.o
                0x00010a8c                . = ALIGN (0x4)
                0x00010a8c                __fini_array_start = .
 *(.fini_array)
 .fini_array    0x00010a8c        0x4 c:/program files (x86)/cypress/psoc creator/4.4/psoc creator/import/gnu/arm/5.4.1/bin/../lib/gcc/arm-none-eabi/5.4.1/armv7-m/crtbegin.o
 *(SORT(.fini_array.*))
                0x00010a90                __fini_array_end = .
                0x00010a90                . = ALIGN (0x4)
 *crtbegin.o(.ctors)
 *(EXCLUDE_FILE(*crtend.o) .ctors)
 *(SORT(.ctors.*))
 *crtend.o(.ctors)
                0x00010a90                . = ALIGN (0x4)
 *crtbegin.o(.dtors)
 *(EXCLUDE_FILE(*crtend.o) .dtors)
 *(SORT(.dtors.*))
 *crtend.o(.dtors)
                0x00010a90                . = ALIGN (0x4)
                0x00010a90                __cy_regions = .
                0x00010a90        0x4 LONG 0x10aa0 __cy_region_init_ram
                0x00010a94        0x4 LONG 0x1fff80c8 __cy_region_start_data
                0x00010a98        0x4 LONG 0x180 __cy_region_init_size_ram
                0x00010a9c        0x4 LONG 0x600 __cy_region_zero_size_ram
                0x00010aa0                __cy_regions_end = .
                0x00010aa0                . = ALIGN (0x8)
                0x00010aa0                _etext = .

.cy_checksum_exclude
                0x00010aa0        0x0
 *(.cy_checksum_exclude)

.ramvectors     0x1fff8000       0xc0
                0x1fff8000                __cy_region_start_ram = .
 *(.ramvectors)
 .ramvectors    0x1fff8000       0xc0 .\ARM_GCC_541\Debug\Cm3Start.o
                0x1fff8000                CyRamVectors

.noinit         0x1fff80c0        0x5
 *(.noinit)
 .noinit        0x1fff80c0        0x4 .\ARM_GCC_541\Debug\Cm3Start.o
 .noinit        0x1fff80c4        0x1 .\ARM_GCC_541\Debug\Proj08_DemoTxIntegration.a(CyLib.o)
                0x1fff80c4                CyResetStatus

.data           0x1fff80c8      0x180 load address 0x00010aa0
                0x1fff80c8                __cy_region_start_data = .
 *(.jcr)
 .jcr           0x1fff80c8        0x0 c:/program files (x86)/cypress/psoc creator/4.4/psoc creator/import/gnu/arm/5.4.1/bin/../lib/gcc/arm-none-eabi/5.4.1/armv7-m/crtbegin.o