Archive member included to satisfy reference by file (symbol)

.\ARM_GCC_541\Debug\Proj08_DemoTxIntegration.a(UART_MOVI.o)
                              .\ARM_GCC_541\Debug\main.o (UART_MOVI_Start)
.\ARM_GCC_541\Debug\Proj08_DemoTxIntegration.a(isr_rx_movi.o)
                              .\ARM_GCC_541\Debug\main.o (isr_rx_movi_StartEx)
.\ARM_GCC_541\Debug\Proj08_DemoTxIntegration.a(Looptimer.o)
                              .\ARM_GCC_541\Debug\main.o (Looptimer_Start)
.\ARM_GCC_541\Debug\Proj08_DemoTxIntegration.a(isr_Looptimer.o)
                              .\ARM_GCC_541\Debug\main.o (isr_Looptimer_StartEx)
.\ARM_GCC_541\Debug\Proj08_DemoTxIntegration.a(EEPROM_CONFIG.o)
                              .\ARM_GCC_541\Debug\psoc_eeprom.o (EEPROM_CONFIG_Start)
.\ARM_GCC_541\Debug\Proj08_DemoTxIntegration.a(CyFlash.o)
                              .\ARM_GCC_541\Debug\Proj08_DemoTxIntegration.a(EEPROM_CONFIG.o) (dieTemperature)
.\ARM_GCC_541\Debug\Proj08_DemoTxIntegration.a(CyLib.o)
                              .\ARM_GCC_541\Debug\Cm3Start.o (CyResetStatus)
.\ARM_GCC_541\Debug\Proj08_DemoTxIntegration.a(cyPm.o)
                              .\ARM_GCC_541\Debug\Proj08_DemoTxIntegration.a(CyLib.o) (CyPmReadStatus)
.\ARM_GCC_541\Debug\Proj08_DemoTxIntegration.a(CySpc.o)
                              .\ARM_GCC_541\Debug\Proj08_DemoTxIntegration.a(EEPROM_CONFIG.o) (CySpcStart)
.\ARM_GCC_541\Debug\Proj08_DemoTxIntegration.a(UART_SBC.o)
                              .\ARM_GCC_541\Debug\main.o (UART_SBC_Start)
.\ARM_GCC_541\Debug\Proj08_DemoTxIntegration.a(isr_rx_sbc.o)
                              .\ARM_GCC_541\Debug\main.o (isr_rx_sbc_StartEx)
.\ARM_GCC_541\Debug\Proj08_DemoTxIntegration.a(UART_SBC_IntClock.o)
                              .\ARM_GCC_541\Debug\Proj08_DemoTxIntegration.a(UART_SBC.o) (UART_SBC_IntClock_Start)
.\ARM_GCC_541\Debug\Proj08_DemoTxIntegration.a(Pin_Debug_SuperLoop.o)
                              .\ARM_GCC_541\Debug\main.o (Pin_Debug_SuperLoop_Write)
.\ARM_GCC_541\Debug\Proj08_DemoTxIntegration.a(Pin_Debug_CoarseCentroid.o)
                              .\ARM_GCC_541\Debug\sbc_comms.o (Pin_Debug_CoarseCentroid_Write)
.\ARM_GCC_541\Debug\Proj08_DemoTxIntegration.a(Pin_SwitchAuto.o)
                              .\ARM_GCC_541\Debug\app_statemachine.o (Pin_SwitchAuto_Read)
.\ARM_GCC_541\Debug\Proj08_DemoTxIntegration.a(VDAC8_3v3Ref.o)
                              .\ARM_GCC_541\Debug\main.o (VDAC8_3v3Ref_Start)
.\ARM_GCC_541\Debug\Proj08_DemoTxIntegration.a(USBFS_DEBUG.o)
                              .\ARM_GCC_541\Debug\debug_usbcdc.o (USBFS_DEBUG_Start)
.\ARM_GCC_541\Debug\Proj08_DemoTxIntegration.a(USBFS_DEBUG_cdc.o)
                              .\ARM_GCC_541\Debug\debug_usbcdc.o (USBFS_DEBUG_CDC_Init)
.\ARM_GCC_541\Debug\Proj08_DemoTxIntegration.a(USBFS_DEBUG_drv.o)
                              .\ARM_GCC_541\Debug\Proj08_DemoTxIntegration.a(USBFS_DEBUG.o) (USBFS_DEBUG_EP)
.\ARM_GCC_541\Debug\Proj08_DemoTxIntegration.a(USBFS_DEBUG_episr.o)
                              .\ARM_GCC_541\Debug\Proj08_DemoTxIntegration.a(USBFS_DEBUG.o) (USBFS_DEBUG_EP_1_ISR)
.\ARM_GCC_541\Debug\Proj08_DemoTxIntegration.a(USBFS_DEBUG_pm.o)
                              .\ARM_GCC_541\Debug\Proj08_DemoTxIntegration.a(USBFS_DEBUG.o) (USBFS_DEBUG_DP_ISR)
.\ARM_GCC_541\Debug\Proj08_DemoTxIntegration.a(USBFS_DEBUG_std.o)
                              .\ARM_GCC_541\Debug\Proj08_DemoTxIntegration.a(USBFS_DEBUG_drv.o) (USBFS_DEBUG_HandleStandardRqst)
.\ARM_GCC_541\Debug\Proj08_DemoTxIntegration.a(USBFS_DEBUG_vnd.o)
                              .\ARM_GCC_541\Debug\Proj08_DemoTxIntegration.a(USBFS_DEBUG_drv.o) (USBFS_DEBUG_HandleVendorRqst)
.\ARM_GCC_541\Debug\Proj08_DemoTxIntegration.a(USBFS_DEBUG_Dp.o)
                              .\ARM_GCC_541\Debug\Proj08_DemoTxIntegration.a(USBFS_DEBUG.o) (USBFS_DEBUG_Dp_ClearInterrupt)
.\ARM_GCC_541\Debug\Proj08_DemoTxIntegration.a(CyBootAsmGnu.o)
                              .\ARM_GCC_541\Debug\cyfitter_cfg.o (CyDelayCycles)
.\ARM_GCC_541\Debug\Proj08_DemoTxIntegration.a(USBFS_DEBUG_cls.o)
                              .\ARM_GCC_541\Debug\Proj08_DemoTxIntegration.a(USBFS_DEBUG_drv.o) (USBFS_DEBUG_DispatchClassRqst)
.\ARM_GCC_541\Debug\Proj08_DemoTxIntegration.a(USBFS_DEBUG_descr.o)
                              .\ARM_GCC_541\Debug\Proj08_DemoTxIntegration.a(USBFS_DEBUG_std.o) (USBFS_DEBUG_DEVICE0_DESCR)
c:/program files (x86)/cypress/psoc creator/4.4/psoc creator/import/gnu/arm/5.4.1/bin/../lib/gcc/arm-none-eabi/5.4.1/../../../../arm-none-eabi/lib/armv7-m\libm.a(lib_a-s_cos.o)
                              .\ARM_GCC_541\Debug\hamfly_core_gimbal.o (cos)
c:/program files (x86)/cypress/psoc creator/4.4/psoc creator/import/gnu/arm/5.4.1/bin/../lib/gcc/arm-none-eabi/5.4.1/../../../../arm-none-eabi/lib/armv7-m\libm.a(lib_a-sf_cos.o)
                              .\ARM_GCC_541\Debug\app_state_auto.o (cosf)
[...]
Memory Configuration

Name             Origin             Length             Attributes
rom              0x00000000         0x00040000         xr
ram              0x1fff8000         0x00010000         xrw
*default*        0x00000000         0xffffffff

Linker script and memory map

LOAD c:/program files (x86)/cypress/psoc creator/4.4/psoc creator/import/gnu/arm/5.4.1/bin/../lib/gcc/arm-none-eabi/5.4.1/armv7-m/crti.o
LOAD c:/program files (x86)/cypress/psoc creator/4.4/psoc creator/import/gnu/arm/5.4.1/bin/../lib/gcc/arm-none-eabi/5.4.1/armv7-m/crtbegin.o
LOAD c:/program files (x86)/cypress/psoc creator/4.4/psoc creator/import/gnu/arm/5.4.1/bin/../lib/gcc/arm-none-eabi/5.4.1/../../../../arm-none-eabi/lib/armv7-m/crt0.o
START GROUP
LOAD .\ARM_GCC_541\Debug\main.o
LOAD .\ARM_GCC_541\Debug\psoc_eeprom.o
LOAD .\ARM_GCC_541\Debug\app_ctx.o
LOAD .\ARM_GCC_541\Debug\app_statemachine.o
LOAD .\ARM_GCC_541\Debug\sbc_comms.o
LOAD .\ARM_GCC_541\Debug\telemetry.o
LOAD .\ARM_GCC_541\Debug\app_state_stby.o
LOAD .\ARM_GCC_541\Debug\app_state_manu.o
LOAD .\ARM_GCC_541\Debug\app_state_auto.o
LOAD .\ARM_GCC_541\Debug\app_state_error.o
LOAD .\ARM_GCC_541\Debug\utils.o
LOAD .\ARM_GCC_541\Debug\debug_usbcdc.o
LOAD .\ARM_GCC_541\Debug\hamfly_comm_rb.o
LOAD .\ARM_GCC_541\Debug\hamfly_comm_txbuf.o
LOAD .\ARM_GCC_541\Debug\hamfly_core_gimbal.o
LOAD .\ARM_GCC_541\Debug\hamfly_core_telemetry.o
LOAD .\ARM_GCC_541\Debug\hamfly_qx_app.o
LOAD .\ARM_GCC_541\Debug\hamfly_qx_protocol.o
LOAD .\ARM_GCC_541\Debug\cyfitter_cfg.o
LOAD .\ARM_GCC_541\Debug\cymetadata.o
LOAD .\ARM_GCC_541\Debug\Cm3Start.o
LOAD .\ARM_GCC_541\Debug\Proj08_DemoTxIntegration.a
LOAD C:\Program Files (x86)\Cypress\PSoC Creator\4.4\PSoC Creator\psoc\content\cycomponentlibrary\CyComponentLibrary.cylib\CortexM3\ARM_GCC_541\Debug\CyComponentLibrary.a
LOAD c:/program files (x86)/cypress/psoc creator/4.4/psoc creator/import/gnu/arm/5.4.1/bin/../lib/gcc/arm-none-eabi/5.4.1/../../../../arm-none-eabi/lib/armv7-m\libm.a
END GROUP
START GROUP
LOAD c:/program files (x86)/cypress/psoc creator/4.4/psoc creator/import/gnu/arm/5.4.1/bin/../lib/gcc/arm-none-eabi/5.4.1/armv7-m\libgcc.a
LOAD c:/program files (x86)/cypress/psoc creator/4.4/psoc creator/import/gnu/arm/5.4.1/bin/../lib/gcc/arm-none-eabi/5.4.1/../../../../arm-none-eabi/lib/armv7-m\libg_nano.a
LOAD c:/program files (x86)/cypress/psoc creator/4.4/psoc creator/import/gnu/arm/5.4.1/bin/../lib/gcc/arm-none-eabi/5.4.1/../../../../arm-none-eabi/lib/armv7-m\libc_nano.a
END GROUP
START GROUP
LOAD c:/program files (x86)/cypress/psoc creator/4.4/psoc creator/import/gnu/arm/5.4.1/bin/../lib/gcc/arm-none-eabi/5.4.1/armv7-m\libgcc.a
LOAD c:/program files (x86)/cypress/psoc creator/4.4/psoc creator/import/gnu/arm/5.4.1/bin/../lib/gcc/arm-none-eabi/5.4.1/../../../../arm-none-eabi/lib/armv7-m\libc_nano.a
END GROUP
LOAD c:/program files (x86)/cypress/psoc creator/4.4/psoc creator/import/gnu/arm/5.4.1/bin/../lib/gcc/arm-none-eabi/5.4.1/armv7-m/crtend.o
LOAD c:/program files (x86)/cypress/psoc creator/4.4/psoc creator/import/gnu/arm/5.4.1/bin/../lib/gcc/arm-none-eabi/5.4.1/armv7-m/crtn.o
START GROUP
LOAD c:/program files (x86)/cypress/psoc creator/4.4/psoc creator/import/gnu/arm/5.4.1/bin/../lib/gcc/arm-none-eabi/5.4.1/armv7-m\libgcc.a
LOAD c:/program files (x86)/cypress/psoc creator/4.4/psoc creator/import/gnu/arm/5.4.1/bin/../lib/gcc/arm-none-eabi/5.4.1/../../../../arm-none-eabi/lib/armv7-m\libc.a
LOAD c:/program files (x86)/cypress/psoc creator/4.4/psoc creator/import/gnu/arm/5.4.1/bin/../lib/gcc/arm-none-eabi/5.4.1/../../../../arm-none-eabi/lib/armv7-m\libnosys.a
END GROUP
                0x00000000                CY_APPL_ORIGIN = 0x0
                0x00000100                CY_FLASH_ROW_SIZE = 0x100
                0x00000020                CY_ECC_ROW_SIZE = 0x20
                0x00000000                CY_EE_IN_BTLDR = 0x0
                0x00000000                CY_APPL_LOADABLE = 0x0
                0x00000800                CY_EE_SIZE = 0x800
                0x00000001                CY_APPL_NUM = 0x1
                0x00000001                CY_APPL_MAX = 0x1
                0x00000040                CY_METADATA_SIZE = 0x40
                0x00000000                CY_APPL_LOADABLE = 0x0
                0x00000000                CY_CHECKSUM_EXCLUDE_SIZE = ALIGN (0x0, CY_FLASH_ROW_SIZE)
                [!provide]                PROVIDE (__cy_heap_start, _end)
                0x00000001                PROVIDE (__cy_region_num, ((__cy_regions_end - __cy_regions) / 0x10))
                0x20008000                PROVIDE (__cy_stack, (ORIGIN (ram) + LENGTH (ram)))
                [!provide]                PROVIDE (__cy_heap_end, (__cy_stack - 0x800))

.cybootloader   0x00000000        0x0
 *(.cybootloader)
                0x00000000                appl1_start = CY_APPL_ORIGIN?CY_APPL_ORIGIN:ALIGN (CY_FLASH_ROW_SIZE)
                0x0001ff00                appl2_start = (appl1_start + ALIGN ((((LENGTH (rom) - appl1_start) - (0x2 * CY_FLASH_ROW_SIZE)) / 0x2), CY_FLASH_ROW_SIZE))
                0x00000000                appl_start = (CY_APPL_NUM == 0x1)?appl1_start:appl2_start
                0x00000000                ecc_offset = ((appl_start / CY_FLASH_ROW_SIZE) * CY_ECC_ROW_SIZE)
                0x00000000                ee_offset = (CY_APPL_LOADABLE && ! (CY_EE_IN_BTLDR))?((CY_EE_SIZE / CY_APPL_MAX) * (CY_APPL_NUM - 0x1)):0x0
                0x00000800                ee_size = (CY_APPL_LOADABLE && ! (CY_EE_IN_BTLDR))?(CY_EE_SIZE / CY_APPL_MAX):CY_EE_SIZE
                [!provide]                PROVIDE (CY_ECC_OFFSET, ecc_offset)

.text           0x00000000     0xf90e
 CREATE_OBJECT_SYMBOLS
                0x00000000                PROVIDE (__cy_interrupt_vector, RomVectors)
 *(.romvectors)
 .romvectors    0x00000000       0x10 .\ARM_GCC_541\Debug\Cm3Start.o
                0x00000000                RomVectors
                0x00000001                ASSERT ((. != __cy_interrupt_vector), No interrupt vector)
                0x00000001                ASSERT (CY_APPL_ORIGIN?(SIZEOF (.cybootloader) <= CY_APPL_ORIGIN):0x1, Wrong image location)
                0x00000010                PROVIDE (__cy_reset, Reset)
 *(.text.Reset)
 .text.Reset    0x00000010       0x18 .\ARM_GCC_541\Debug\Cm3Start.o
                0x00000010                Reset
                0x00000001                ASSERT ((. != __cy_reset), No reset code)
 *(.dma_init)
                0x00000001                ASSERT ((((appl_start + .) <= 0x10000) || 0x1), DMA Init must be within the first 64k of flash)
 *(.text .text.* .gnu.linkonce.t.*)
 .text          0x00000028       0x5c c:/program files (x86)/cypress/psoc creator/4.4/psoc creator/import/gnu/arm/5.4.1/bin/../lib/gcc/arm-none-eabi/5.4.1/armv7-m/crtbegin.o
 .text._hamfly_psoc5_putc
                0x00000084       0x1c .\ARM_GCC_541\Debug\main.o
 .text.psoc_get_tick
                0x000000a0       0x1c .\ARM_GCC_541\Debug\main.o
 .text.isr_rx_movi_Handler
                0x000000bc       0x58 .\ARM_GCC_541\Debug\main.o
                0x000000bc                isr_rx_movi_Handler
 .text.isr_Looptimer_Handler
                0x00000114       0x1c .\ARM_GCC_541\Debug\main.o
                0x00000114                isr_Looptimer_Handler
 .text.isr_rx_sbc_Handler
                0x00000130       0x50 .\ARM_GCC_541\Debug\main.o
                0x00000130                isr_rx_sbc_Handler
 .text.decomp   0x00000180       0xa8 .\ARM_GCC_541\Debug\main.o
 .text.main     0x00000228      0x28c .\ARM_GCC_541\Debug\main.o
                0x00000228                main
 .text.psoc_eeprom_init
                0x000004b4        0xc .\ARM_GCC_541\Debug\psoc_eeprom.o
                0x000004b4                psoc_eeprom_init
 .text.app_ctx_init
                0x000004c0       0xec .\ARM_GCC_541\Debug\app_ctx.o
                0x000004c0                app_ctx_init
 .text.depth_of
                0x000005ac       0x34 .\ARM_GCC_541\Debug\app_statemachine.o
 .text.lca      0x000005e0       0x80 .\ARM_GCC_541\Debug\app_statemachine.o
 .text.app_transition
                0x00000660      0x150 .\ARM_GCC_541\Debug\app_statemachine.o
                0x00000660                app_transition
 .text.app_start
                0x000007b0       0x28 .\ARM_GCC_541\Debug\app_statemachine.o
                0x000007b0                app_start
 .text.app_raise_error
                0x000007d8       0x68 .\ARM_GCC_541\Debug\app_statemachine.o
                0x000007d8                app_raise_error
 .text.app_state_name
                0x00000840       0x20 .\ARM_GCC_541\Debug\app_statemachine.o
                0x00000840                app_state_name
 .text.app_telem_tick
                0x00000860       0x88 .\ARM_GCC_541\Debug\app_statemachine.o
                0x00000860                app_telem_tick
 .text.build_defer
                0x000008e8       0x30 .\ARM_GCC_541\Debug\app_statemachine.o
                0x000008e8                build_defer
 .text.build_hold
                0x00000918       0x30 .\ARM_GCC_541\Debug\app_statemachine.o
                0x00000918                build_hold
 .text.app_build_control
                0x00000948       0x50 .\ARM_GCC_541\Debug\app_statemachine.o
                0x00000948                app_build_control
 .text.set_origin
                0x00000998       0x88 .\ARM_GCC_541\Debug\app_statemachine.o
                0x00000998                set_origin
 .text.print_help
                0x00000a20       0x1c .\ARM_GCC_541\Debug\app_statemachine.o
 .text.handle_global_key
                0x00000a3c       0xa0 .\ARM_GCC_541\Debug\app_statemachine.o
 .text.leaf_traps_nav
                0x00000adc       0x3c .\ARM_GCC_541\Debug\app_statemachine.o
 .text.handle_nav_key
                0x00000b18       0x48 .\ARM_GCC_541\Debug\app_statemachine.o
 .text.app_dispatch_key
                0x00000b60       0xa0 .\ARM_GCC_541\Debug\app_statemachine.o
                0x00000b60                app_dispatch_key
 .text.sbc_state_is_requestable
                0x00000c00       0x24 .\ARM_GCC_541\Debug\app_statemachine.o
 .text.nudge_allowed_in
                0x00000c24       0x4c .\ARM_GCC_541\Debug\app_statemachine.o
 .text.app_param_get
                0x00000c70       0x68 .\ARM_GCC_541\Debug\app_statemachine.o
                0x00000c70                app_param_get
 .text.app_sbc_tick
                0x00000cd8      0x4ec .\ARM_GCC_541\Debug\app_statemachine.o
                0x00000cd8                app_sbc_tick
 .text.sbc_init
                0x000011c4       0xd4 .\ARM_GCC_541\Debug\sbc_comms.o
                0x000011c4                sbc_init
 .text.decode_centroid
                0x00001298      0x114 .\ARM_GCC_541\Debug\sbc_comms.o
 .text.sbc_on_rx_byte
                0x000013ac      0x37c .\ARM_GCC_541\Debug\sbc_comms.o
                0x000013ac                sbc_on_rx_byte
 .text.sbc_on_uart_err_flags
                0x00001728       0x30 .\ARM_GCC_541\Debug\sbc_comms.o
                0x00001728                sbc_on_uart_err_flags
 .text.sbc_get_centroid
                0x00001758       0xa0 .\ARM_GCC_541\Debug\sbc_comms.o
                0x00001758                sbc_get_centroid
 .text.sbc_discard_centroid
                0x000017f8       0x4c .\ARM_GCC_541\Debug\sbc_comms.o
                0x000017f8                sbc_discard_centroid
 .text.sbc_unknown_magic
                0x00001844       0x14 .\ARM_GCC_541\Debug\sbc_comms.o
                0x00001844                sbc_unknown_magic
 .text.sbc_rx_pkt_count
                0x00001858       0x14 .\ARM_GCC_541\Debug\sbc_comms.o
                0x00001858                sbc_rx_pkt_count
 .text.sbc_last_centroid_dt_ms
                0x0000186c       0x2c .\ARM_GCC_541\Debug\sbc_comms.o
                0x0000186c                sbc_last_centroid_dt_ms
 .text.sbc_last_rx_ms
                0x00001898       0x2c .\ARM_GCC_541\Debug\sbc_comms.o
                0x00001898                sbc_last_rx_ms
 .text.sbc_crc_errors
                0x000018c4       0x14 .\ARM_GCC_541\Debug\sbc_comms.o
                0x000018c4                sbc_crc_errors
 .text.sbc_uart_errors
                0x000018d8       0x14 .\ARM_GCC_541\Debug\sbc_comms.o
                0x000018d8                sbc_uart_errors
 .text.sbc_send_frame
                0x000018ec       0x8c .\ARM_GCC_541\Debug\sbc_comms.o
                0x000018ec                sbc_send_frame
 .text.sbc_get_state_req
                0x00001978       0x4c .\ARM_GCC_541\Debug\sbc_comms.o
                0x00001978                sbc_get_state_req
 .text.sbc_get_gps_target
                0x000019c4       0x4c .\ARM_GCC_541\Debug\sbc_comms.o
                0x000019c4                sbc_get_gps_target
 .text.sbc_get_nudge
                0x00001a10       0x4c .\ARM_GCC_541\Debug\sbc_comms.o
                0x00001a10                sbc_get_nudge
 .text.sbc_get_rate_burst
                0x00001a5c       0x4c .\ARM_GCC_541\Debug\sbc_comms.o
                0x00001a5c                sbc_get_rate_burst
 .text.sbc_get_param
                0x00001aa8       0x50 .\ARM_GCC_541\Debug\sbc_comms.o
                0x00001aa8                sbc_get_param
 .text.sbc_get_param_read
                0x00001af8       0x4c .\ARM_GCC_541\Debug\sbc_comms.o
                0x00001af8                sbc_get_param_read
 .text.sbc_get_fatal_clear
                0x00001b44       0x3c .\ARM_GCC_541\Debug\sbc_comms.o
                0x00001b44                sbc_get_fatal_clear
 .text.sbc_send_cmd_ack
                0x00001b80       0x30 .\ARM_GCC_541\Debug\sbc_comms.o
                0x00001b80                sbc_send_cmd_ack
 .text.sbc_send_param_value
                0x00001bb0       0x38 .\ARM_GCC_541\Debug\sbc_comms.o
                0x00001bb0                sbc_send_param_value
 .text.sbc_get_set_origin
                0x00001be8       0x3c .\ARM_GCC_541\Debug\sbc_comms.o
                0x00001be8                sbc_get_set_origin
 .text.sbc_send_state_ack
                0x00001c24       0x30 .\ARM_GCC_541\Debug\sbc_comms.o
                0x00001c24                sbc_send_state_ack
 .text.sat_i16  0x00001c54       0x4c .\ARM_GCC_541\Debug\telemetry.o
 .text.sat_u32  0x00001ca0       0x44 .\ARM_GCC_541\Debug\telemetry.o
 .text.sat_u16  0x00001ce4       0x48 .\ARM_GCC_541\Debug\telemetry.o
 .text.telemetry_collect_hot
                0x00001d2c      0x194 .\ARM_GCC_541\Debug\telemetry.o
                0x00001d2c                telemetry_collect_hot
 .text.telemetry_collect_link
                0x00001ec0       0xa4 .\ARM_GCC_541\Debug\telemetry.o
                0x00001ec0                telemetry_collect_link
 .text.telemetry_collect_power
                0x00001f64       0xc0 .\ARM_GCC_541\Debug\telemetry.o
                0x00001f64                telemetry_collect_power
 .text.telemetry_collect_env
                0x00002024       0x80 .\ARM_GCC_541\Debug\telemetry.o
                0x00002024                telemetry_collect_env
 .text.telemetry_collect_gps
                0x000020a4       0xa8 .\ARM_GCC_541\Debug\telemetry.o
                0x000020a4                telemetry_collect_gps
 .text.telemetry_collect_baro
                0x0000214c       0x90 .\ARM_GCC_541\Debug\telemetry.o
                0x0000214c                telemetry_collect_baro
 .text.telemetry_collect_mag
                0x000021dc       0xcc .\ARM_GCC_541\Debug\telemetry.o
                0x000021dc                telemetry_collect_mag
 .text.telemetry_observe_movi
                0x000022a8       0x60 .\ARM_GCC_541\Debug\telemetry.o
                0x000022a8                telemetry_observe_movi
 .text.telemetry_note_ctrl_tx
                0x00002308       0x28 .\ARM_GCC_541\Debug\telemetry.o
                0x00002308                telemetry_note_ctrl_tx
 .text.encode_hot
                0x00002330      0x11c .\ARM_GCC_541\Debug\telemetry.o
 .text.encode_link
                0x0000244c       0xd0 .\ARM_GCC_541\Debug\telemetry.o
 .text.encode_power
                0x0000251c       0x9c .\ARM_GCC_541\Debug\telemetry.o
 .text.encode_env
                0x000025b8       0x58 .\ARM_GCC_541\Debug\telemetry.o
 .text.encode_gps
                0x00002610       0xe8 .\ARM_GCC_541\Debug\telemetry.o
 .text.encode_baro
                0x000026f8       0x64 .\ARM_GCC_541\Debug\telemetry.o
 .text.encode_mag
                0x0000275c       0x8c .\ARM_GCC_541\Debug\telemetry.o
 .text.telemetry_send_hot_sbc
                0x000027e8       0x44 .\ARM_GCC_541\Debug\telemetry.o
                0x000027e8                telemetry_send_hot_sbc
 .text.telemetry_send_link_sbc
                0x0000282c       0x44 .\ARM_GCC_541\Debug\telemetry.o
                0x0000282c                telemetry_send_link_sbc
 .text.telemetry_send_power_sbc
                0x00002870       0x44 .\ARM_GCC_541\Debug\telemetry.o
                0x00002870                telemetry_send_power_sbc
 .text.telemetry_send_env_sbc
                0x000028b4       0x44 .\ARM_GCC_541\Debug\telemetry.o
                0x000028b4                telemetry_send_env_sbc
 .text.telemetry_send_gps_sbc
                0x000028f8       0x44 .\ARM_GCC_541\Debug\telemetry.o
                0x000028f8                telemetry_send_gps_sbc
 .text.telemetry_send_baro_sbc
                0x0000293c       0x44 .\ARM_GCC_541\Debug\telemetry.o
                0x0000293c                telemetry_send_baro_sbc
 .text.telemetry_send_mag_sbc
                0x00002980       0x44 .\ARM_GCC_541\Debug\telemetry.o
                0x00002980                telemetry_send_mag_sbc
 .text.telemetry_pump
                0x000029c4       0xd4 .\ARM_GCC_541\Debug\telemetry.o
                0x000029c4                telemetry_pump
 .text.entry_stby_defer
                0x00002a98       0x20 .\ARM_GCC_541\Debug\app_state_stby.o
                0x00002a98                entry_stby_defer
 .text.entry_stby_hold
                0x00002ab8       0x1c .\ARM_GCC_541\Debug\app_state_stby.o
                0x00002ab8                entry_stby_hold
 .text.app_stby_tick
                0x00002ad4       0xb0 .\ARM_GCC_541\Debug\app_state_stby.o
                0x00002ad4                app_stby_tick
 .text.key_stby_hold
                0x00002b84       0x2c .\ARM_GCC_541\Debug\app_state_stby.o
                0x00002b84                key_stby_hold
 .text.guard_manu_joystick
                0x00002bb0       0x20 .\ARM_GCC_541\Debug\app_state_manu.o
                0x00002bb0                guard_manu_joystick
 .text.entry_manu_joystick
                0x00002bd0       0x20 .\ARM_GCC_541\Debug\app_state_manu.o
                0x00002bd0                entry_manu_joystick
 .text.exit_manu_joystick
                0x00002bf0       0x24 .\ARM_GCC_541\Debug\app_state_manu.o
                0x00002bf0                exit_manu_joystick
 .text.build_manu_joystick
                0x00002c14       0xcc .\ARM_GCC_541\Debug\app_state_manu.o
                0x00002c14                build_manu_joystick
 .text.manu_set_hold
                0x00002ce0       0x8c .\ARM_GCC_541\Debug\app_state_manu.o
 .text.key_manu_joystick
                0x00002d6c      0x1c8 .\ARM_GCC_541\Debug\app_state_manu.o
                0x00002d6c                key_manu_joystick
 .text.app_manual_tick
                0x00002f34       0xf0 .\ARM_GCC_541\Debug\app_state_manu.o
                0x00002f34                app_manual_tick
 .text.guard_auto_parent
                0x00003024       0x24 .\ARM_GCC_541\Debug\app_state_auto.o
                0x00003024                guard_auto_parent
 .text.guard_auto_home
                0x00003048       0x18 .\ARM_GCC_541\Debug\app_state_auto.o
                0x00003048                guard_auto_home
 .text.guard_auto_acq_gps
                0x00003060       0x18 .\ARM_GCC_541\Debug\app_state_auto.o
                0x00003060                guard_auto_acq_gps
 .text.app_auto_tick
                0x00003078      0x430 .\ARM_GCC_541\Debug\app_state_auto.o
                0x00003078                app_auto_tick
 .text.entry_auto_home
                0x000034a8       0xa8 .\ARM_GCC_541\Debug\app_state_auto.o
                0x000034a8                entry_auto_home
 .text.exit_auto_home
                0x00003550       0x24 .\ARM_GCC_541\Debug\app_state_auto.o
                0x00003550                exit_auto_home
 .text.key_auto_home
                0x00003574       0x28 .\ARM_GCC_541\Debug\app_state_auto.o
                0x00003574                key_auto_home
 .text.build_auto_home
                0x0000359c       0x74 .\ARM_GCC_541\Debug\app_state_auto.o
                0x0000359c                build_auto_home
 .text.entry_auto_hold
                0x00003610       0x28 .\ARM_GCC_541\Debug\app_state_auto.o
                0x00003610                entry_auto_hold
 .text.key_auto_hold
                0x00003638       0x2c .\ARM_GCC_541\Debug\app_state_auto.o
                0x00003638                key_auto_hold
 .text.gps_bearing_deg
                0x00003664       0xf8 .\ARM_GCC_541\Debug\app_state_auto.o
 .text.gps_elev_deg
                0x0000375c      0x15c .\ARM_GCC_541\Debug\app_state_auto.o
 .text.gps_start_slew
                0x000038b8       0x3c .\ARM_GCC_541\Debug\app_state_auto.o
 .text.gps_update_pointing
                0x000038f4       0xe8 .\ARM_GCC_541\Debug\app_state_auto.o
 .text.gps_check_settle
                0x000039dc      0x1c8 .\ARM_GCC_541\Debug\app_state_auto.o
 .text.entry_auto_acq_gps
                0x00003ba4       0x48 .\ARM_GCC_541\Debug\app_state_auto.o
                0x00003ba4                entry_auto_acq_gps
 .text.exit_auto_acq_gps
                0x00003bec       0x38 .\ARM_GCC_541\Debug\app_state_auto.o
                0x00003bec                exit_auto_acq_gps
 .text.key_auto_acq_gps
                0x00003c24       0x28 .\ARM_GCC_541\Debug\app_state_auto.o
                0x00003c24                key_auto_acq_gps
 .text.build_auto_acq_gps
                0x00003c4c       0xa8 .\ARM_GCC_541\Debug\app_state_auto.o
                0x00003c4c                build_auto_acq_gps
 .text.entry_auto_acq_spiral
                0x00003cf4       0x1c .\ARM_GCC_541\Debug\app_state_auto.o
                0x00003cf4                entry_auto_acq_spiral
 .text.entry_auto_tracking
                0x00003d10       0x64 .\ARM_GCC_541\Debug\app_state_auto.o
                0x00003d10                entry_auto_tracking
 .text.key_auto_tracking
                0x00003d74       0x28 .\ARM_GCC_541\Debug\app_state_auto.o
                0x00003d74                key_auto_tracking
 .text.track_axis
                0x00003d9c      0x184 .\ARM_GCC_541\Debug\app_state_auto.o
 .text.tracking_pid_step
                0x00003f20       0xbc .\ARM_GCC_541\Debug\app_state_auto.o
 .text.build_auto_tracking
                0x00003fdc       0x48 .\ARM_GCC_541\Debug\app_state_auto.o
                0x00003fdc                build_auto_tracking
 .text.entry_auto_loss
                0x00004024       0x1c .\ARM_GCC_541\Debug\app_state_auto.o
                0x00004024                entry_auto_loss
 .text.key_auto_loss
                0x00004040       0x3c .\ARM_GCC_541\Debug\app_state_auto.o
                0x00004040                key_auto_loss
 .text.entry_auto_no_lock
                0x0000407c       0x1c .\ARM_GCC_541\Debug\app_state_auto.o
                0x0000407c                entry_auto_no_lock
 .text.key_auto_no_lock
                0x00004098       0x3c .\ARM_GCC_541\Debug\app_state_auto.o
                0x00004098                key_auto_no_lock
 .text.sev_str  0x000040d4       0x40 .\ARM_GCC_541\Debug\app_state_error.o
 .text.entry_error_active
                0x00004114       0x78 .\ARM_GCC_541\Debug\app_state_error.o
                0x00004114                entry_error_active
 .text.key_error_active
                0x0000418c       0x48 .\ARM_GCC_541\Debug\app_state_error.o
                0x0000418c                key_error_active
 .text.entry_error_kill
                0x000041d4       0x2c .\ARM_GCC_541\Debug\app_state_error.o
                0x000041d4                entry_error_kill
 .text.key_error_kill
                0x00004200       0x18 .\ARM_GCC_541\Debug\app_state_error.o
                0x00004200                key_error_kill
 .text.build_error
                0x00004218       0x28 .\ARM_GCC_541\Debug\app_state_error.o
                0x00004218                build_error
 .text.gimbal_pan_tilt_deg
                0x00004240       0x54 .\ARM_GCC_541\Debug\utils.o
                0x00004240                gimbal_pan_tilt_deg
 .text.nudge_apply
                0x00004294      0x204 .\ARM_GCC_541\Debug\utils.o
                0x00004294                nudge_apply
 .text.handle_nudge_key
                0x00004498      0x114 .\ARM_GCC_541\Debug\utils.o
                0x00004498                handle_nudge_key
 .text.dbg_init
                0x000045ac       0x10 .\ARM_GCC_541\Debug\debug_usbcdc.o
                0x000045ac                dbg_init
 .text.dbg_tick
                0x000045bc       0x34 .\ARM_GCC_541\Debug\debug_usbcdc.o
                0x000045bc                dbg_tick
 .text.dbg_put  0x000045f0       0x94 .\ARM_GCC_541\Debug\debug_usbcdc.o
                0x000045f0                dbg_put
 .text.dbg_get  0x00004684       0x3c .\ARM_GCC_541\Debug\debug_usbcdc.o
                0x00004684                dbg_get
 .text.rb_next  0x000046c0       0x28 .\ARM_GCC_541\Debug\hamfly_comm_rb.o
 .text.hamfly_rb_init
                0x000046e8       0x2c .\ARM_GCC_541\Debug\hamfly_comm_rb.o
                0x000046e8                hamfly_rb_init
 .text.hamfly_rb_push
                0x00004714       0x64 .\ARM_GCC_541\Debug\hamfly_comm_rb.o
                0x00004714                hamfly_rb_push
 .text.hamfly_rb_pop
                0x00004778       0x58 .\ARM_GCC_541\Debug\hamfly_comm_rb.o
                0x00004778                hamfly_rb_pop
 .text.load_freefly_control
                0x000047d0       0x50 .\ARM_GCC_541\Debug\hamfly_core_gimbal.o
 .text.copy_qx287_to_telemetry
                0x00004820       0x1c .\ARM_GCC_541\Debug\hamfly_core_gimbal.o
 .text.drain_rb
                0x0000483c       0x44 .\ARM_GCC_541\Debug\hamfly_core_gimbal.o
 .text.hamfly_init
                0x00004880       0x5c .\ARM_GCC_541\Debug\hamfly_core_gimbal.o
                0x00004880                hamfly_init
 .text.hamfly_on_rx_byte
                0x000048dc       0x3c .\ARM_GCC_541\Debug\hamfly_core_gimbal.o
                0x000048dc                hamfly_on_rx_byte
 .text.hamfly_on_uart_err_flags
                0x00004918       0x30 .\ARM_GCC_541\Debug\hamfly_core_gimbal.o
                0x00004918                hamfly_on_uart_err_flags
 .text.hamfly_pump
                0x00004948      0x27c .\ARM_GCC_541\Debug\hamfly_core_gimbal.o
                0x00004948                hamfly_pump
 .text.hamfly_send_control
                0x00004bc4       0x7c .\ARM_GCC_541\Debug\hamfly_core_gimbal.o
                0x00004bc4                hamfly_send_control
 .text.hamfly_kill
                0x00004c40       0x3c .\ARM_GCC_541\Debug\hamfly_core_gimbal.o
                0x00004c40                hamfly_kill
 .text.hamfly_request_attr
                0x00004c7c       0xa8 .\ARM_GCC_541\Debug\hamfly_core_gimbal.o
                0x00004c7c                hamfly_request_attr
 .text.hamfly_get_telemetry
                0x00004d24       0x30 .\ARM_GCC_541\Debug\hamfly_core_gimbal.o
                0x00004d24                hamfly_get_telemetry
 .text.rd_be32  0x00004d54       0x34 .\ARM_GCC_541\Debug\hamfly_core_telemetry.o
 .text.rd_be16  0x00004d88       0x28 .\ARM_GCC_541\Debug\hamfly_core_telemetry.o
 .text.rd_be_u16
                0x00004db0       0x28 .\ARM_GCC_541\Debug\hamfly_core_telemetry.o
 .text.rd_le16  0x00004dd8       0x24 .\ARM_GCC_541\Debug\hamfly_core_telemetry.o
 .text.hamfly_telemetry_to_euler
                0x00004dfc      0x1d4 .\ARM_GCC_541\Debug\hamfly_core_telemetry.o
                0x00004dfc                hamfly_telemetry_to_euler
 .text.hamfly_decode_qx287
                0x00004fd0       0x68 .\ARM_GCC_541\Debug\hamfly_core_telemetry.o
                0x00004fd0                hamfly_decode_qx287
 .text.hamfly_decode_gps
                0x00005038      0x1a0 .\ARM_GCC_541\Debug\hamfly_core_telemetry.o
                0x00005038                hamfly_decode_gps
 .text.hamfly_decode_baro
                0x000051d8       0x78 .\ARM_GCC_541\Debug\hamfly_core_telemetry.o
                0x000051d8                hamfly_decode_baro
 .text.hamfly_decode_attitude
                0x00005250      0x144 .\ARM_GCC_541\Debug\hamfly_core_telemetry.o
                0x00005250                hamfly_decode_attitude
 .text.hamfly_decode_sysstat
                0x00005394      0x1c8 .\ARM_GCC_541\Debug\hamfly_core_telemetry.o
                0x00005394                hamfly_decode_sysstat
 .text.hamfly_decode_mag
                0x0000555c      0x18c .\ARM_GCC_541\Debug\hamfly_core_telemetry.o
                0x0000555c                hamfly_decode_mag
 .text.hamfly_decode_sysecho
                0x000056e8       0x7c .\ARM_GCC_541\Debug\hamfly_core_telemetry.o
                0x000056e8                hamfly_decode_sysecho
 .text.ff_api_init
                0x00005764       0x7c .\ARM_GCC_541\Debug\hamfly_qx_app.o
 .text.ff_api_send
                0x000057e0       0x44 .\ARM_GCC_541\Debug\hamfly_qx_app.o
 .text.QX_ParsePacket_Cli_MoVI_Ctrl_CB
                0x00005824      0x884 .\ARM_GCC_541\Debug\hamfly_qx_app.o
 .text.QX_SendMsg2CommsPort_CB
                0x000060a8       0x64 .\ARM_GCC_541\Debug\hamfly_qx_app.o
                0x000060a8                QX_SendMsg2CommsPort_CB
 .text.QX_FwdMsg_CB
                0x0000610c       0x14 .\ARM_GCC_541\Debug\hamfly_qx_app.o
                0x0000610c                QX_FwdMsg_CB
 .text.QX_GetTicks_ms
                0x00006120       0x34 .\ARM_GCC_541\Debug\hamfly_qx_app.o
                0x00006120                QX_GetTicks_ms
 .text.QX_Parser_SetMsgPtr
                0x00006154       0x1c .\ARM_GCC_541\Debug\hamfly_qx_protocol.o
                0x00006154                QX_Parser_SetMsgPtr
 .text.QX_Parser_AdvMsgPtr
                0x00006170       0x1c .\ARM_GCC_541\Debug\hamfly_qx_protocol.o
                0x00006170                QX_Parser_AdvMsgPtr
 .text.QX_Parser_GetMsgPtr
                0x0000618c       0x14 .\ARM_GCC_541\Debug\hamfly_qx_protocol.o
                0x0000618c                QX_Parser_GetMsgPtr
 .text.QX_Parser_SetDir_Read
                0x000061a0       0x18 .\ARM_GCC_541\Debug\hamfly_qx_protocol.o
                0x000061a0                QX_Parser_SetDir_Read
 .text.QX_Parser_SetDir_WriteAbs
                0x000061b8       0x18 .\ARM_GCC_541\Debug\hamfly_qx_protocol.o
                0x000061b8                QX_Parser_SetDir_WriteAbs
 .text.AddFloatAsSignedShort
                0x000061d0       0xc8 .\ARM_GCC_541\Debug\hamfly_qx_protocol.o
                0x000061d0                AddFloatAsSignedShort
 .text.GetFloatAsSignedShort
                0x00006298      0x170 .\ARM_GCC_541\Debug\hamfly_qx_protocol.o
                0x00006298                GetFloatAsSignedShort
 .text.AddSignedShortAsSignedShort
                0x00006408       0x58 .\ARM_GCC_541\Debug\hamfly_qx_protocol.o
                0x00006408                AddSignedShortAsSignedShort
 .text.GetSignedShortAsSignedShort
                0x00006460      0x15c .\ARM_GCC_541\Debug\hamfly_qx_protocol.o
                0x00006460                GetSignedShortAsSignedShort
 .text.AddUnsignedCharAsUnsignedChar
                0x000065bc       0x3c .\ARM_GCC_541\Debug\hamfly_qx_protocol.o
                0x000065bc                AddUnsignedCharAsUnsignedChar
 .text.GetUnsignedCharAsUnsignedChar
                0x000065f8       0xc8 .\ARM_GCC_541\Debug\hamfly_qx_protocol.o
                0x000065f8                GetUnsignedCharAsUnsignedChar
 .text.AddUnsignedShortAsUnsignedShort
                0x000066c0       0x54 .\ARM_GCC_541\Debug\hamfly_qx_protocol.o
                0x000066c0                AddUnsignedShortAsUnsignedShort
 .text.GetUnsignedShortAsUnsignedShort
                0x00006714       0xf8 .\ARM_GCC_541\Debug\hamfly_qx_protocol.o
                0x00006714                GetUnsignedShortAsUnsignedShort
 .text.AddBitsAsByte
                0x0000680c       0xcc .\ARM_GCC_541\Debug\hamfly_qx_protocol.o
                0x0000680c                AddBitsAsByte
 .text.GetBitsAsByte
                0x000068d8       0xdc .\ARM_GCC_541\Debug\hamfly_qx_protocol.o
                0x000068d8                GetBitsAsByte
 .text.QX_InitMsg
                0x000069b4       0x30 .\ARM_GCC_541\Debug\hamfly_qx_protocol.o
 .text.QX_RxMsg
                0x000069e4       0xec .\ARM_GCC_541\Debug\hamfly_qx_protocol.o
 .text.QX_Srv_Rx_Read
                0x00006ad0       0x90 .\ARM_GCC_541\Debug\hamfly_qx_protocol.o
 .text.QX_Srv_Rx_Write
                0x00006b60       0xc4 .\ARM_GCC_541\Debug\hamfly_qx_protocol.o
 .text.QX_Cli_Rx_CurVal
                0x00006c24       0x3c .\ARM_GCC_541\Debug\hamfly_qx_protocol.o
 .text.QX_TxMsg_Setup
                0x00006c60       0x4c .\ARM_GCC_541\Debug\hamfly_qx_protocol.o
 .text.QX_TxMsg_Finish
                0x00006cac      0x1dc .\ARM_GCC_541\Debug\hamfly_qx_protocol.o
 .text.QX_BuildHeader
                0x00006e88      0x188 .\ARM_GCC_541\Debug\hamfly_qx_protocol.o
 .text.QX_ParseHeader
                0x00007010      0x114 .\ARM_GCC_541\Debug\hamfly_qx_protocol.o
 .text.QX_Calc8bChecksum
                0x00007124       0x3c .\ARM_GCC_541\Debug\hamfly_qx_protocol.o
 .text.QX_AddExtdValToBuf
                0x00007160       0x88 .\ARM_GCC_541\Debug\hamfly_qx_protocol.o
 .text.QX_GetExtdValFromBuf
                0x000071e8       0x6c .\ARM_GCC_541\Debug\hamfly_qx_protocol.o
 .text.QX_compute_crc32
                0x00007254       0x4c .\ARM_GCC_541\Debug\hamfly_qx_protocol.o
 .text.QX_accumulate_crc32
                0x000072a0       0x54 .\ARM_GCC_541\Debug\hamfly_qx_protocol.o
                0x000072a0                QX_accumulate_crc32
 .text.QX_InitCli
                0x000072f4       0x24 .\ARM_GCC_541\Debug\hamfly_qx_protocol.o
                0x000072f4                QX_InitCli
 .text.QX_InitTxOptions
                0x00007318       0x3c .\ARM_GCC_541\Debug\hamfly_qx_protocol.o
                0x00007318                QX_InitTxOptions
 .text.QX_SendPacket_Srv_CurVal
                0x00007354       0x98 .\ARM_GCC_541\Debug\hamfly_qx_protocol.o
                0x00007354                QX_SendPacket_Srv_CurVal
 .text.QX_SendPacket_Cli_Read
                0x000073ec       0x80 .\ARM_GCC_541\Debug\hamfly_qx_protocol.o
                0x000073ec                QX_SendPacket_Cli_Read
 .text.QX_SendPacket_Cli_WriteABS
                0x0000746c       0x98 .\ARM_GCC_541\Debug\hamfly_qx_protocol.o
                0x0000746c                QX_SendPacket_Cli_WriteABS
 .text.QX_StreamRxCharSM
                0x00007504      0x6e0 .\ARM_GCC_541\Debug\hamfly_qx_protocol.o
                0x00007504                QX_StreamRxCharSM
 .text.CYMEMZERO
                0x00007be4       0x1c .\ARM_GCC_541\Debug\cyfitter_cfg.o
 .text.CYCONFIGCPY
                0x00007c00       0x20 .\ARM_GCC_541\Debug\cyfitter_cfg.o
 .text.CyClockStartupError
                0x00007c20        0xc .\ARM_GCC_541\Debug\cyfitter_cfg.o
 .text.cfg_write_bytes32
                0x00007c2c       0x74 .\ARM_GCC_541\Debug\cyfitter_cfg.o
 .text.ClockSetup
                0x00007ca0      0x12c .\ARM_GCC_541\Debug\cyfitter_cfg.o
 .text.AnalogSetDefault
                0x00007dcc       0x60 .\ARM_GCC_541\Debug\cyfitter_cfg.o
 .text.cyfitter_cfg
                0x00007e2c      0x1ac .\ARM_GCC_541\Debug\cyfitter_cfg.o
                0x00007e2c                cyfitter_cfg
 .text.IntDefaultHandler
                0x00007fd8       0x14 .\ARM_GCC_541\Debug\Cm3Start.o
                0x00007fd8                IntDefaultHandler
 .text._sbrk    0x00007fec       0x50 .\ARM_GCC_541\Debug\Cm3Start.o
                0x00007fec                _sbrk
 .text.Start_c  0x0000803c       0x98 .\ARM_GCC_541\Debug\Cm3Start.o
                0x0000803c                Start_c
 .text.initialize_psoc
                0x000080d4       0x90 .\ARM_GCC_541\Debug\Cm3Start.o
                0x000080d4                initialize_psoc
 .text.UART_MOVI_Start
                0x00008164       0x24 .\ARM_GCC_541\Debug\Proj08_DemoTxIntegration.a(UART_MOVI.o)
                0x00008164                UART_MOVI_Start
 .text.UART_MOVI_Init
                0x00008188       0x40 .\ARM_GCC_541\Debug\Proj08_DemoTxIntegration.a(UART_MOVI.o)
                0x00008188                UART_MOVI_Init
 .text.UART_MOVI_Enable
                0x000081c8       0x5c .\ARM_GCC_541\Debug\Proj08_DemoTxIntegration.a(UART_MOVI.o)
                0x000081c8                UART_MOVI_Enable
 .text.UART_MOVI_ReadRxData
                0x00008224       0x1c .\ARM_GCC_541\Debug\Proj08_DemoTxIntegration.a(UART_MOVI.o)
                0x00008224                UART_MOVI_ReadRxData
 .text.UART_MOVI_GetRxBufferSize
                0x00008240       0x2c .\ARM_GCC_541\Debug\Proj08_DemoTxIntegration.a(UART_MOVI.o)
                0x00008240                UART_MOVI_GetRxBufferSize
 .text.UART_MOVI_ClearRxBuffer
                0x0000826c       0x44 .\ARM_GCC_541\Debug\Proj08_DemoTxIntegration.a(UART_MOVI.o)
                0x0000826c                UART_MOVI_ClearRxBuffer
 .text.UART_MOVI_PutChar
                0x000082b0       0x34 .\ARM_GCC_541\Debug\Proj08_DemoTxIntegration.a(UART_MOVI.o)
                0x000082b0                UART_MOVI_PutChar
 .text.UART_MOVI_ClearTxBuffer
                0x000082e4       0x44 .\ARM_GCC_541\Debug\Proj08_DemoTxIntegration.a(UART_MOVI.o)
                0x000082e4                UART_MOVI_ClearTxBuffer
 .text.isr_rx_movi_StartEx
                0x00008328       0x24 .\ARM_GCC_541\Debug\Proj08_DemoTxIntegration.a(isr_rx_movi.o)
                0x00008328                isr_rx_movi_StartEx
 .text.isr_rx_movi_SetVector
                0x0000834c       0x24 .\ARM_GCC_541\Debug\Proj08_DemoTxIntegration.a(isr_rx_movi.o)
                0x0000834c                isr_rx_movi_SetVector
 .text.isr_rx_movi_SetPriority
                0x00008370       0x24 .\ARM_GCC_541\Debug\Proj08_DemoTxIntegration.a(isr_rx_movi.o)
                0x00008370                isr_rx_movi_SetPriority
 .text.isr_rx_movi_Enable
                0x00008394       0x18 .\ARM_GCC_541\Debug\Proj08_DemoTxIntegration.a(isr_rx_movi.o)
                0x00008394                isr_rx_movi_Enable
 .text.isr_rx_movi_Disable
                0x000083ac       0x18 .\ARM_GCC_541\Debug\Proj08_DemoTxIntegration.a(isr_rx_movi.o)
                0x000083ac                isr_rx_movi_Disable
 .text.Looptimer_Init
                0x000083c4       0xa0 .\ARM_GCC_541\Debug\Proj08_DemoTxIntegration.a(Looptimer.o)
                0x000083c4                Looptimer_Init
 .text.Looptimer_Enable
                0x00008464       0x48 .\ARM_GCC_541\Debug\Proj08_DemoTxIntegration.a(Looptimer.o)
                0x00008464                Looptimer_Enable
 .text.Looptimer_Start
                0x000084ac       0x24 .\ARM_GCC_541\Debug\Proj08_DemoTxIntegration.a(Looptimer.o)
                0x000084ac                Looptimer_Start
 .text.Looptimer_SetInterruptMode
                0x000084d0       0x20 .\ARM_GCC_541\Debug\Proj08_DemoTxIntegration.a(Looptimer.o)
                0x000084d0                Looptimer_SetInterruptMode
 .text.Looptimer_ReadStatusRegister
                0x000084f0       0x18 .\ARM_GCC_541\Debug\Proj08_DemoTxIntegration.a(Looptimer.o)
                0x000084f0                Looptimer_ReadStatusRegister
 .text.Looptimer_WritePeriod
                0x00008508       0x24 .\ARM_GCC_541\Debug\Proj08_DemoTxIntegration.a(Looptimer.o)
                0x00008508                Looptimer_WritePeriod
 .text.Looptimer_WriteCounter
                0x0000852c       0x20 .\ARM_GCC_541\Debug\Proj08_DemoTxIntegration.a(Looptimer.o)
                0x0000852c                Looptimer_WriteCounter
 .text.isr_Looptimer_StartEx
                0x0000854c       0x24 .\ARM_GCC_541\Debug\Proj08_DemoTxIntegration.a(isr_Looptimer.o)
                0x0000854c                isr_Looptimer_StartEx
 .text.isr_Looptimer_SetVector
                0x00008570       0x24 .\ARM_GCC_541\Debug\Proj08_DemoTxIntegration.a(isr_Looptimer.o)
                0x00008570                isr_Looptimer_SetVector
 .text.isr_Looptimer_SetPriority
                0x00008594       0x24 .\ARM_GCC_541\Debug\Proj08_DemoTxIntegration.a(isr_Looptimer.o)
                0x00008594                isr_Looptimer_SetPriority
 .text.isr_Looptimer_Enable
                0x000085b8       0x18 .\ARM_GCC_541\Debug\Proj08_DemoTxIntegration.a(isr_Looptimer.o)
                0x000085b8                isr_Looptimer_Enable
 .text.isr_Looptimer_Disable
                0x000085d0       0x18 .\ARM_GCC_541\Debug\Proj08_DemoTxIntegration.a(isr_Looptimer.o)
                0x000085d0                isr_Looptimer_Disable
 .text.EEPROM_CONFIG_Enable
                0x000085e8       0x10 .\ARM_GCC_541\Debug\Proj08_DemoTxIntegration.a(EEPROM_CONFIG.o)
                0x000085e8                EEPROM_CONFIG_Enable
 .text.EEPROM_CONFIG_Start
                0x000085f8        0xc .\ARM_GCC_541\Debug\Proj08_DemoTxIntegration.a(EEPROM_CONFIG.o)
                0x000085f8                EEPROM_CONFIG_Start
 .text.CySetTempInt
                0x00008604       0x7c .\ARM_GCC_541\Debug\Proj08_DemoTxIntegration.a(CyFlash.o)
 .text.CyFlashGetSpcAlgorithm
                0x00008680       0x70 .\ARM_GCC_541\Debug\Proj08_DemoTxIntegration.a(CyFlash.o)
                0x00008680                CyFlashGetSpcAlgorithm
 .text.CySetTemp
                0x000086f0       0x24 .\ARM_GCC_541\Debug\Proj08_DemoTxIntegration.a(CyFlash.o)
                0x000086f0                CySetTemp
 .text.CyEEPROM_Start
                0x00008714       0x8c .\ARM_GCC_541\Debug\Proj08_DemoTxIntegration.a(CyFlash.o)
                0x00008714                CyEEPROM_Start
 .text.CyHalt   0x000087a0       0x18 .\ARM_GCC_541\Debug\Proj08_DemoTxIntegration.a(CyLib.o)
                0x000087a0                CyHalt
 .text.CyDelayUs
                0x000087b8       0x28 .\ARM_GCC_541\Debug\Proj08_DemoTxIntegration.a(CyLib.o)
                0x000087b8                CyDelayUs
 .text.CyIntSetVector
                0x000087e0       0x50 .\ARM_GCC_541\Debug\Proj08_DemoTxIntegration.a(CyLib.o)
                0x000087e0                CyIntSetVector
 .text.CyIntSetPriority
                0x00008830       0x48 .\ARM_GCC_541\Debug\Proj08_DemoTxIntegration.a(CyLib.o)
                0x00008830                CyIntSetPriority
 .text.CyGetUniqueId
                0x00008878       0xc4 .\ARM_GCC_541\Debug\Proj08_DemoTxIntegration.a(CyLib.o)
                0x00008878                CyGetUniqueId
 .text.CySpcStart
                0x0000893c       0x48 .\ARM_GCC_541\Debug\Proj08_DemoTxIntegration.a(CySpc.o)
                0x0000893c                CySpcStart
 .text.CySpcReadData
                0x00008984       0x54 .\ARM_GCC_541\Debug\Proj08_DemoTxIntegration.a(CySpc.o)
                0x00008984                CySpcReadData
 .text.CySpcGetTemp
                0x000089d8       0x64 .\ARM_GCC_541\Debug\Proj08_DemoTxIntegration.a(CySpc.o)
                0x000089d8                CySpcGetTemp
 .text.CySpcLock
                0x00008a3c       0x68 .\ARM_GCC_541\Debug\Proj08_DemoTxIntegration.a(CySpc.o)
                0x00008a3c                CySpcLock
 .text.CySpcUnlock
                0x00008aa4       0x50 .\ARM_GCC_541\Debug\Proj08_DemoTxIntegration.a(CySpc.o)
                0x00008aa4                CySpcUnlock
 .text.CySpcGetAlgorithm
                0x00008af4       0x44 .\ARM_GCC_541\Debug\Proj08_DemoTxIntegration.a(CySpc.o)
                0x00008af4                CySpcGetAlgorithm
 .text.UART_SBC_Start
                0x00008b38       0x24 .\ARM_GCC_541\Debug\Proj08_DemoTxIntegration.a(UART_SBC.o)
                0x00008b38                UART_SBC_Start
 .text.UART_SBC_Init
                0x00008b5c       0x40 .\ARM_GCC_541\Debug\Proj08_DemoTxIntegration.a(UART_SBC.o)
                0x00008b5c                UART_SBC_Init
 .text.UART_SBC_Enable
                0x00008b9c       0x60 .\ARM_GCC_541\Debug\Proj08_DemoTxIntegration.a(UART_SBC.o)
                0x00008b9c                UART_SBC_Enable
 .text.UART_SBC_ReadRxData
                0x00008bfc       0x1c .\ARM_GCC_541\Debug\Proj08_DemoTxIntegration.a(UART_SBC.o)
                0x00008bfc                UART_SBC_ReadRxData
 .text.UART_SBC_GetRxBufferSize
                0x00008c18       0x2c .\ARM_GCC_541\Debug\Proj08_DemoTxIntegration.a(UART_SBC.o)
                0x00008c18                UART_SBC_GetRxBufferSize
 .text.UART_SBC_ClearRxBuffer
                0x00008c44       0x44 .\ARM_GCC_541\Debug\Proj08_DemoTxIntegration.a(UART_SBC.o)
                0x00008c44                UART_SBC_ClearRxBuffer
 .text.UART_SBC_PutChar
                0x00008c88       0x34 .\ARM_GCC_541\Debug\Proj08_DemoTxIntegration.a(UART_SBC.o)
                0x00008c88                UART_SBC_PutChar
 .text.UART_SBC_ClearTxBuffer
                0x00008cbc       0x44 .\ARM_GCC_541\Debug\Proj08_DemoTxIntegration.a(UART_SBC.o)
                0x00008cbc                UART_SBC_ClearTxBuffer
 .text.isr_rx_sbc_StartEx
                0x00008d00       0x24 .\ARM_GCC_541\Debug\Proj08_DemoTxIntegration.a(isr_rx_sbc.o)
                0x00008d00                isr_rx_sbc_StartEx
 .text.isr_rx_sbc_SetVector
                0x00008d24       0x24 .\ARM_GCC_541\Debug\Proj08_DemoTxIntegration.a(isr_rx_sbc.o)
                0x00008d24                isr_rx_sbc_SetVector
 .text.isr_rx_sbc_SetPriority
                0x00008d48       0x24 .\ARM_GCC_541\Debug\Proj08_DemoTxIntegration.a(isr_rx_sbc.o)
                0x00008d48                isr_rx_sbc_SetPriority
 .text.isr_rx_sbc_Enable
                0x00008d6c       0x18 .\ARM_GCC_541\Debug\Proj08_DemoTxIntegration.a(isr_rx_sbc.o)
                0x00008d6c                isr_rx_sbc_Enable
 .text.isr_rx_sbc_Disable
                0x00008d84       0x18 .\ARM_GCC_541\Debug\Proj08_DemoTxIntegration.a(isr_rx_sbc.o)
                0x00008d84                isr_rx_sbc_Disable
 .text.UART_SBC_IntClock_Start
                0x00008d9c       0x34 .\ARM_GCC_541\Debug\Proj08_DemoTxIntegration.a(UART_SBC_IntClock.o)
                0x00008d9c                UART_SBC_IntClock_Start
 .text.Pin_Debug_SuperLoop_Write
                0x00008dd0       0x3c .\ARM_GCC_541\Debug\Proj08_DemoTxIntegration.a(Pin_Debug_SuperLoop.o)
                0x00008dd0                Pin_Debug_SuperLoop_Write
 .text.Pin_Debug_SuperLoop_Read
                0x00008e0c       0x20 .\ARM_GCC_541\Debug\Proj08_DemoTxIntegration.a(Pin_Debug_SuperLoop.o)
                0x00008e0c                Pin_Debug_SuperLoop_Read
 .text.Pin_Debug_CoarseCentroid_Write
                0x00008e2c       0x3c .\ARM_GCC_541\Debug\Proj08_DemoTxIntegration.a(Pin_Debug_CoarseCentroid.o)
                0x00008e2c                Pin_Debug_CoarseCentroid_Write
 .text.Pin_Debug_CoarseCentroid_Read
                0x00008e68       0x20 .\ARM_GCC_541\Debug\Proj08_DemoTxIntegration.a(Pin_Debug_CoarseCentroid.o)
                0x00008e68                Pin_Debug_CoarseCentroid_Read
 .text.Pin_SwitchAuto_Read
                0x00008e88       0x20 .\ARM_GCC_541\Debug\Proj08_DemoTxIntegration.a(Pin_SwitchAuto.o)
                0x00008e88                Pin_SwitchAuto_Read
 .text.VDAC8_3v3Ref_Init
                0x00008ea8       0x28 .\ARM_GCC_541\Debug\Proj08_DemoTxIntegration.a(VDAC8_3v3Ref.o)
                0x00008ea8                VDAC8_3v3Ref_Init
 .text.VDAC8_3v3Ref_Enable
                0x00008ed0       0x34 .\ARM_GCC_541\Debug\Proj08_DemoTxIntegration.a(VDAC8_3v3Ref.o)
                0x00008ed0                VDAC8_3v3Ref_Enable
 .text.VDAC8_3v3Ref_Start
                0x00008f04       0x28 .\ARM_GCC_541\Debug\Proj08_DemoTxIntegration.a(VDAC8_3v3Ref.o)
                0x00008f04                VDAC8_3v3Ref_Start
 .text.VDAC8_3v3Ref_SetSpeed
                0x00008f2c       0x40 .\ARM_GCC_541\Debug\Proj08_DemoTxIntegration.a(VDAC8_3v3Ref.o)
                0x00008f2c                VDAC8_3v3Ref_SetSpeed
 .text.VDAC8_3v3Ref_SetRange
                0x00008f6c       0x40 .\ARM_GCC_541\Debug\Proj08_DemoTxIntegration.a(VDAC8_3v3Ref.o)
                0x00008f6c                VDAC8_3v3Ref_SetRange
 .text.VDAC8_3v3Ref_SetValue
                0x00008fac       0x20 .\ARM_GCC_541\Debug\Proj08_DemoTxIntegration.a(VDAC8_3v3Ref.o)
                0x00008fac                VDAC8_3v3Ref_SetValue
 .text.VDAC8_3v3Ref_DacTrim
                0x00008fcc       0x3c .\ARM_GCC_541\Debug\Proj08_DemoTxIntegration.a(VDAC8_3v3Ref.o)
                0x00008fcc                VDAC8_3v3Ref_DacTrim
 .text.USBFS_DEBUG_Start
                0x00009008       0x3c .\ARM_GCC_541\Debug\Proj08_DemoTxIntegration.a(USBFS_DEBUG.o)
                0x00009008                USBFS_DEBUG_Start
 .text.USBFS_DEBUG_Init
                0x00009044      0x190 .\ARM_GCC_541\Debug\Proj08_DemoTxIntegration.a(USBFS_DEBUG.o)
                0x00009044                USBFS_DEBUG_Init
 .text.USBFS_DEBUG_InitComponent
                0x000091d4       0xf8 .\ARM_GCC_541\Debug\Proj08_DemoTxIntegration.a(USBFS_DEBUG.o)
                0x000091d4                USBFS_DEBUG_InitComponent
 .text.USBFS_DEBUG_ReInitComponent
                0x000092cc       0x68 .\ARM_GCC_541\Debug\Proj08_DemoTxIntegration.a(USBFS_DEBUG.o)
                0x000092cc                USBFS_DEBUG_ReInitComponent
 .text.USBFS_DEBUG_GetConfiguration
                0x00009334       0x18 .\ARM_GCC_541\Debug\Proj08_DemoTxIntegration.a(USBFS_DEBUG.o)
                0x00009334                USBFS_DEBUG_GetConfiguration
 .text.USBFS_DEBUG_IsConfigurationChanged
                0x0000934c       0x30 .\ARM_GCC_541\Debug\Proj08_DemoTxIntegration.a(USBFS_DEBUG.o)
                0x0000934c                USBFS_DEBUG_IsConfigurationChanged
 .text.USBFS_DEBUG_GetEPState
                0x0000937c       0x2c .\ARM_GCC_541\Debug\Proj08_DemoTxIntegration.a(USBFS_DEBUG.o)
                0x0000937c                USBFS_DEBUG_GetEPState
 .text.USBFS_DEBUG_GetEPCount
                0x000093a8       0x60 .\ARM_GCC_541\Debug\Proj08_DemoTxIntegration.a(USBFS_DEBUG.o)
                0x000093a8                USBFS_DEBUG_GetEPCount
 .text.USBFS_DEBUG_LoadInEP
                0x00009408      0x108 .\ARM_GCC_541\Debug\Proj08_DemoTxIntegration.a(USBFS_DEBUG.o)
                0x00009408                USBFS_DEBUG_LoadInEP
 .text.USBFS_DEBUG_ReadOutEP
                0x00009510       0x8c .\ARM_GCC_541\Debug\Proj08_DemoTxIntegration.a(USBFS_DEBUG.o)
                0x00009510                USBFS_DEBUG_ReadOutEP
 .text.USBFS_DEBUG_EnableOutEP
                0x0000959c       0x5c .\ARM_GCC_541\Debug\Proj08_DemoTxIntegration.a(USBFS_DEBUG.o)
                0x0000959c                USBFS_DEBUG_EnableOutEP
 .text.USBFS_DEBUG_DispatchCDCClassRqst
                0x000095f8       0xe4 .\ARM_GCC_541\Debug\Proj08_DemoTxIntegration.a(USBFS_DEBUG_cdc.o)
                0x000095f8                USBFS_DEBUG_DispatchCDCClassRqst
 .text.USBFS_DEBUG_GetInterfaceComPort
                0x000096dc       0x60 .\ARM_GCC_541\Debug\Proj08_DemoTxIntegration.a(USBFS_DEBUG_cdc.o)
                0x000096dc                USBFS_DEBUG_GetInterfaceComPort
 .text.USBFS_DEBUG_CDC_Init
                0x0000973c       0xa8 .\ARM_GCC_541\Debug\Proj08_DemoTxIntegration.a(USBFS_DEBUG_cdc.o)
                0x0000973c                USBFS_DEBUG_CDC_Init
 .text.USBFS_DEBUG_PutData
                0x000097e4       0x6c .\ARM_GCC_541\Debug\Proj08_DemoTxIntegration.a(USBFS_DEBUG_cdc.o)
                0x000097e4                USBFS_DEBUG_PutData
 .text.USBFS_DEBUG_DataIsReady
                0x00009850       0x24 .\ARM_GCC_541\Debug\Proj08_DemoTxIntegration.a(USBFS_DEBUG_cdc.o)
                0x00009850                USBFS_DEBUG_DataIsReady
 .text.USBFS_DEBUG_CDCIsReady
                0x00009874       0x24 .\ARM_GCC_541\Debug\Proj08_DemoTxIntegration.a(USBFS_DEBUG_cdc.o)
                0x00009874                USBFS_DEBUG_CDCIsReady
 .text.USBFS_DEBUG_GetData
                0x00009898       0x3c .\ARM_GCC_541\Debug\Proj08_DemoTxIntegration.a(USBFS_DEBUG_cdc.o)
                0x00009898                USBFS_DEBUG_GetData
 .text.USBFS_DEBUG_Cdc_EpInit
                0x000098d4       0x90 .\ARM_GCC_541\Debug\Proj08_DemoTxIntegration.a(USBFS_DEBUG_cdc.o)
                0x000098d4                USBFS_DEBUG_Cdc_EpInit
 .text.USBFS_DEBUG_EP_0_ISR
                0x00009964       0xf8 .\ARM_GCC_541\Debug\Proj08_DemoTxIntegration.a(USBFS_DEBUG_drv.o)
                0x00009964                USBFS_DEBUG_EP_0_ISR
 .text.USBFS_DEBUG_HandleSetup
                0x00009a5c       0x88 .\ARM_GCC_541\Debug\Proj08_DemoTxIntegration.a(USBFS_DEBUG_drv.o)
                0x00009a5c                USBFS_DEBUG_HandleSetup
 .text.USBFS_DEBUG_HandleIN
                0x00009ae4       0x4c .\ARM_GCC_541\Debug\Proj08_DemoTxIntegration.a(USBFS_DEBUG_drv.o)
                0x00009ae4                USBFS_DEBUG_HandleIN
 .text.USBFS_DEBUG_HandleOUT
                0x00009b30       0x58 .\ARM_GCC_541\Debug\Proj08_DemoTxIntegration.a(USBFS_DEBUG_drv.o)
                0x00009b30                USBFS_DEBUG_HandleOUT
 .text.USBFS_DEBUG_LoadEP0
                0x00009b88       0xd0 .\ARM_GCC_541\Debug\Proj08_DemoTxIntegration.a(USBFS_DEBUG_drv.o)
                0x00009b88                USBFS_DEBUG_LoadEP0
 .text.USBFS_DEBUG_InitControlRead
                0x00009c58       0x70 .\ARM_GCC_541\Debug\Proj08_DemoTxIntegration.a(USBFS_DEBUG_drv.o)
                0x00009c58                USBFS_DEBUG_InitControlRead
 .text.USBFS_DEBUG_InitZeroLengthControlTransfer
                0x00009cc8       0x40 .\ARM_GCC_541\Debug\Proj08_DemoTxIntegration.a(USBFS_DEBUG_drv.o)
                0x00009cc8                USBFS_DEBUG_InitZeroLengthControlTransfer
 .text.USBFS_DEBUG_ControlReadDataStage
                0x00009d08        0xc .\ARM_GCC_541\Debug\Proj08_DemoTxIntegration.a(USBFS_DEBUG_drv.o)
                0x00009d08                USBFS_DEBUG_ControlReadDataStage
 .text.USBFS_DEBUG_ControlReadStatusStage
                0x00009d14       0x40 .\ARM_GCC_541\Debug\Proj08_DemoTxIntegration.a(USBFS_DEBUG_drv.o)
                0x00009d14                USBFS_DEBUG_ControlReadStatusStage
 .text.USBFS_DEBUG_InitControlWrite
                0x00009d54       0x64 .\ARM_GCC_541\Debug\Proj08_DemoTxIntegration.a(USBFS_DEBUG_drv.o)
                0x00009d54                USBFS_DEBUG_InitControlWrite
 .text.USBFS_DEBUG_ControlWriteDataStage
                0x00009db8       0xb4 .\ARM_GCC_541\Debug\Proj08_DemoTxIntegration.a(USBFS_DEBUG_drv.o)
                0x00009db8                USBFS_DEBUG_ControlWriteDataStage
 .text.USBFS_DEBUG_ControlWriteStatusStage
                0x00009e6c       0x24 .\ARM_GCC_541\Debug\Proj08_DemoTxIntegration.a(USBFS_DEBUG_drv.o)
                0x00009e6c                USBFS_DEBUG_ControlWriteStatusStage
 .text.USBFS_DEBUG_InitNoDataControlTransfer
                0x00009e90       0x38 .\ARM_GCC_541\Debug\Proj08_DemoTxIntegration.a(USBFS_DEBUG_drv.o)
                0x00009e90                USBFS_DEBUG_InitNoDataControlTransfer
 .text.USBFS_DEBUG_NoDataControlStatusStage
                0x00009ec8       0x4c .\ARM_GCC_541\Debug\Proj08_DemoTxIntegration.a(USBFS_DEBUG_drv.o)
                0x00009ec8                USBFS_DEBUG_NoDataControlStatusStage
 .text.USBFS_DEBUG_UpdateStatusBlock
                0x00009f14       0x40 .\ARM_GCC_541\Debug\Proj08_DemoTxIntegration.a(USBFS_DEBUG_drv.o)
                0x00009f14                USBFS_DEBUG_UpdateStatusBlock
 .text.USBFS_DEBUG_InitializeStatusBlock
                0x00009f54       0x34 .\ARM_GCC_541\Debug\Proj08_DemoTxIntegration.a(USBFS_DEBUG_drv.o)
                0x00009f54                USBFS_DEBUG_InitializeStatusBlock
 .text.USBFS_DEBUG_EP_1_ISR
                0x00009f88       0x48 .\ARM_GCC_541\Debug\Proj08_DemoTxIntegration.a(USBFS_DEBUG_episr.o)
                0x00009f88                USBFS_DEBUG_EP_1_ISR
 .text.USBFS_DEBUG_EP_2_ISR
                0x00009fd0       0x4c .\ARM_GCC_541\Debug\Proj08_DemoTxIntegration.a(USBFS_DEBUG_episr.o)
                0x00009fd0                USBFS_DEBUG_EP_2_ISR
 .text.USBFS_DEBUG_EP_3_ISR
                0x0000a01c       0x54 .\ARM_GCC_541\Debug\Proj08_DemoTxIntegration.a(USBFS_DEBUG_episr.o)
                0x0000a01c                USBFS_DEBUG_EP_3_ISR
 .text.USBFS_DEBUG_BUS_RESET_ISR
                0x0000a070        0xc .\ARM_GCC_541\Debug\Proj08_DemoTxIntegration.a(USBFS_DEBUG_episr.o)
                0x0000a070                USBFS_DEBUG_BUS_RESET_ISR
 .text.USBFS_DEBUG_DP_ISR
                0x0000a07c        0xc .\ARM_GCC_541\Debug\Proj08_DemoTxIntegration.a(USBFS_DEBUG_pm.o)
                0x0000a07c                USBFS_DEBUG_DP_ISR
 .text.USBFS_DEBUG_HandleStandardRqst
                0x0000a088      0x494 .\ARM_GCC_541\Debug\Proj08_DemoTxIntegration.a(USBFS_DEBUG_std.o)
                0x0000a088                USBFS_DEBUG_HandleStandardRqst
 .text.USBFS_DEBUG_ReadDieID
                0x0000a51c       0xd8 .\ARM_GCC_541\Debug\Proj08_DemoTxIntegration.a(USBFS_DEBUG_std.o)
                0x0000a51c                USBFS_DEBUG_ReadDieID
 .text.USBFS_DEBUG_ConfigReg
                0x0000a5f4      0x138 .\ARM_GCC_541\Debug\Proj08_DemoTxIntegration.a(USBFS_DEBUG_std.o)
                0x0000a5f4                USBFS_DEBUG_ConfigReg
 .text.USBFS_DEBUG_Config
                0x0000a72c      0x3a4 .\ARM_GCC_541\Debug\Proj08_DemoTxIntegration.a(USBFS_DEBUG_std.o)
                0x0000a72c                USBFS_DEBUG_Config
 .text.USBFS_DEBUG_ConfigAltChanged
                0x0000aad0      0x25c .\ARM_GCC_541\Debug\Proj08_DemoTxIntegration.a(USBFS_DEBUG_std.o)
                0x0000aad0                USBFS_DEBUG_ConfigAltChanged
 .text.USBFS_DEBUG_GetConfigTablePtr
                0x0000ad2c       0x50 .\ARM_GCC_541\Debug\Proj08_DemoTxIntegration.a(USBFS_DEBUG_std.o)
                0x0000ad2c                USBFS_DEBUG_GetConfigTablePtr
 .text.USBFS_DEBUG_GetDeviceTablePtr
                0x0000ad7c       0x24 .\ARM_GCC_541\Debug\Proj08_DemoTxIntegration.a(USBFS_DEBUG_std.o)
                0x0000ad7c                USBFS_DEBUG_GetDeviceTablePtr
 .text.USBFS_DEBUG_GetInterfaceClassTablePtr
                0x0000ada0       0x4c .\ARM_GCC_541\Debug\Proj08_DemoTxIntegration.a(USBFS_DEBUG_std.o)
                0x0000ada0                USBFS_DEBUG_GetInterfaceClassTablePtr
 .text.USBFS_DEBUG_SetEndpointHalt
                0x0000adec       0xe8 .\ARM_GCC_541\Debug\Proj08_DemoTxIntegration.a(USBFS_DEBUG_std.o)
                0x0000adec                USBFS_DEBUG_SetEndpointHalt
 .text.USBFS_DEBUG_ClearEndpointHalt
                0x0000aed4      0x158 .\ARM_GCC_541\Debug\Proj08_DemoTxIntegration.a(USBFS_DEBUG_std.o)
                0x0000aed4                USBFS_DEBUG_ClearEndpointHalt
 .text.USBFS_DEBUG_ValidateAlternateSetting
                0x0000b02c       0x70 .\ARM_GCC_541\Debug\Proj08_DemoTxIntegration.a(USBFS_DEBUG_std.o)
                0x0000b02c                USBFS_DEBUG_ValidateAlternateSetting
 .text.USBFS_DEBUG_HandleVendorRqst
                0x0000b09c       0x34 .\ARM_GCC_541\Debug\Proj08_DemoTxIntegration.a(USBFS_DEBUG_vnd.o)
                0x0000b09c                USBFS_DEBUG_HandleVendorRqst
 .text.USBFS_DEBUG_Dp_ClearInterrupt
                0x0000b0d0       0x20 .\ARM_GCC_541\Debug\Proj08_DemoTxIntegration.a(USBFS_DEBUG_Dp.o)
                0x0000b0d0                USBFS_DEBUG_Dp_ClearInterrupt
 .text          0x0000b0f0       0x54 .\ARM_GCC_541\Debug\Proj08_DemoTxIntegration.a(CyBootAsmGnu.o)
                0x0000b0f0                CyDelayCycles
                0x0000b12e                CyEnterCriticalSection
                0x0000b136                CyExitCriticalSection
 .text.USBFS_DEBUG_DispatchClassRqst
                0x0000b144       0x84 .\ARM_GCC_541\Debug\Proj08_DemoTxIntegration.a(USBFS_DEBUG_cls.o)
                0x0000b144                USBFS_DEBUG_DispatchClassRqst
 .text.cosf     0x0000b1c8       0x78 c:/program files (x86)/cypress/psoc creator/4.4/psoc creator/import/gnu/arm/5.4.1/bin/../lib/gcc/arm-none-eabi/5.4.1/../../../../arm-none-eabi/lib/armv7-m\libm.a(lib_a-sf_cos.o)
                0x0000b1c8                cosf
 .text.sinf     0x0000b240       0x7c c:/program files (x86)/cypress/psoc creator/4.4/psoc creator/import/gnu/arm/5.4.1/bin/../lib/gcc/arm-none-eabi/5.4.1/../../../../arm-none-eabi/lib/armv7-m\libm.a(lib_a-sf_sin.o)
                0x0000b240                sinf
 .text.asinf    0x0000b2bc       0xa4 c:/program files (x86)/cypress/psoc creator/4.4/psoc creator/import/gnu/arm/5.4.1/bin/../lib/gcc/arm-none-eabi/5.4.1/../../../../arm-none-eabi/lib/armv7-m\libm.a(lib_a-wf_asin.o)
                0x0000b2bc                asinf
 .text.atan2f   0x0000b360        0x4 c:/program files (x86)/cypress/psoc creator/4.4/psoc creator/import/gnu/arm/5.4.1/bin/../lib/gcc/arm-none-eabi/5.4.1/../../../../arm-none-eabi/lib/armv7-m\libm.a(lib_a-wf_atan2.o)
                0x0000b360                atan2f
 .text.sqrtf    0x0000b364       0x9c c:/program files (x86)/cypress/psoc creator/4.4/psoc creator/import/gnu/arm/5.4.1/bin/../lib/gcc/arm-none-eabi/5.4.1/../../../../arm-none-eabi/lib/armv7-m\libm.a(lib_a-wf_sqrt.o)
                0x0000b364                sqrtf
 .text.__ieee754_asinf
                0x0000b400      0x294 c:/program files (x86)/cypress/psoc creator/4.4/psoc creator/import/gnu/arm/5.4.1/bin/../lib/gcc/arm-none-eabi/5.4.1/../../../../arm-none-eabi/lib/armv7-m\libm.a(lib_a-ef_asin.o)
                0x0000b400                __ieee754_asinf
 .text.__ieee754_atan2f
                0x0000b694      0x124 c:/program files (x86)/cypress/psoc creator/4.4/psoc creator/import/gnu/arm/5.4.1/bin/../lib/gcc/arm-none-eabi/5.4.1/../../../../arm-none-eabi/lib/armv7-m\libm.a(lib_a-ef_atan2.o)
                0x0000b694                __ieee754_atan2f
 .text.__ieee754_rem_pio2f
                0x0000b7b8      0x2e4 c:/program files (x86)/cypress/psoc creator/4.4/psoc creator/import/gnu/arm/5.4.1/bin/../lib/gcc/arm-none-eabi/5.4.1/../../../../arm-none-eabi/lib/armv7-m\libm.a(lib_a-ef_rem_pio2.o)
                0x0000b7b8                __ieee754_rem_pio2f
 .text.__ieee754_sqrtf
                0x0000ba9c       0xa8 c:/program files (x86)/cypress/psoc creator/4.4/psoc creator/import/gnu/arm/5.4.1/bin/../lib/gcc/arm-none-eabi/5.4.1/../../../../arm-none-eabi/lib/armv7-m\libm.a(lib_a-ef_sqrt.o)
                0x0000ba9c                __ieee754_sqrtf
 .text.__kernel_cosf
                0x0000bb44      0x188 c:/program files (x86)/cypress/psoc creator/4.4/psoc creator/import/gnu/arm/5.4.1/bin/../lib/gcc/arm-none-eabi/5.4.1/../../../../arm-none-eabi/lib/armv7-m\libm.a(lib_a-kf_cos.o)
                0x0000bb44                __kernel_cosf
 .text.__kernel_rem_pio2f
                0x0000bccc      0x6a0 c:/program files (x86)/cypress/psoc creator/4.4/psoc creator/import/gnu/arm/5.4.1/bin/../lib/gcc/arm-none-eabi/5.4.1/../../../../arm-none-eabi/lib/armv7-m\libm.a(lib_a-kf_rem_pio2.o)
                0x0000bccc                __kernel_rem_pio2f
 .text.__kernel_sinf
                0x0000c36c       0xec c:/program files (x86)/cypress/psoc creator/4.4/psoc creator/import/gnu/arm/5.4.1/bin/../lib/gcc/arm-none-eabi/5.4.1/../../../../arm-none-eabi/lib/armv7-m\libm.a(lib_a-kf_sin.o)
                0x0000c36c                __kernel_sinf
 .text.matherr  0x0000c458        0x4 c:/program files (x86)/cypress/psoc creator/4.4/psoc creator/import/gnu/arm/5.4.1/bin/../lib/gcc/arm-none-eabi/5.4.1/../../../../arm-none-eabi/lib/armv7-m\libm.a(lib_a-s_matherr.o)
                0x0000c458                matherr
 .text.nan      0x0000c45c        0xc c:/program files (x86)/cypress/psoc creator/4.4/psoc creator/import/gnu/arm/5.4.1/bin/../lib/gcc/arm-none-eabi/5.4.1/../../../../arm-none-eabi/lib/armv7-m\libm.a(lib_a-s_nan.o)
                0x0000c45c                nan
 .text.atanf    0x0000c468      0x22c c:/program files (x86)/cypress/psoc creator/4.4/psoc creator/import/gnu/arm/5.4.1/bin/../lib/gcc/arm-none-eabi/5.4.1/../../../../arm-none-eabi/lib/armv7-m\libm.a(lib_a-sf_atan.o)
                0x0000c468                atanf
 .text.fabsf    0x0000c694        0x8 c:/program files (x86)/cypress/psoc creator/4.4/psoc creator/import/gnu/arm/5.4.1/bin/../lib/gcc/arm-none-eabi/5.4.1/../../../../arm-none-eabi/lib/armv7-m\libm.a(lib_a-sf_fabs.o)
                0x0000c694                fabsf
 .text.floorf   0x0000c69c       0x8c c:/program files (x86)/cypress/psoc creator/4.4/psoc creator/import/gnu/arm/5.4.1/bin/../lib/gcc/arm-none-eabi/5.4.1/../../../../arm-none-eabi/lib/armv7-m\libm.a(lib_a-sf_floor.o)
                0x0000c69c                floorf
 .text.scalbnf  0x0000c728       0xb0 c:/program files (x86)/cypress/psoc creator/4.4/psoc creator/import/gnu/arm/5.4.1/bin/../lib/gcc/arm-none-eabi/5.4.1/../../../../arm-none-eabi/lib/armv7-m\libm.a(lib_a-sf_scalbn.o)
                0x0000c728                scalbnf
 .text.copysignf
                0x0000c7d8        0xc c:/program files (x86)/cypress/psoc creator/4.4/psoc creator/import/gnu/arm/5.4.1/bin/../lib/gcc/arm-none-eabi/5.4.1/../../../../arm-none-eabi/lib/armv7-m\libm.a(lib_a-sf_copysign.o)
                0x0000c7d8                copysignf
 .text          0x0000c7e4      0x370 c:/program files (x86)/cypress/psoc creator/4.4/psoc creator/import/gnu/arm/5.4.1/bin/../lib/gcc/arm-none-eabi/5.4.1/armv7-m\libgcc.a(_arm_addsubdf3.o)
                0x0000c7e4                __aeabi_drsub
                0x0000c7ec                __aeabi_dsub
                0x0000c7ec                __subdf3
                0x0000c7f0                __aeabi_dadd
                0x0000c7f0                __adddf3
                0x0000ca68                __floatunsidf
                0x0000ca68                __aeabi_ui2d
                0x0000ca88                __floatsidf
                0x0000ca88                __aeabi_i2d
                0x0000caac                __aeabi_f2d
                0x0000caac                __extendsfdf2
                0x0000cae8                __floatundidf
                0x0000cae8                __aeabi_ul2d
                0x0000caf8                __floatdidf
                0x0000caf8                __aeabi_l2d
 .text          0x0000cb54      0x424 c:/program files (x86)/cypress/psoc creator/4.4/psoc creator/import/gnu/arm/5.4.1/bin/../lib/gcc/arm-none-eabi/5.4.1/armv7-m\libgcc.a(_arm_muldivdf3.o)
                0x0000cb54                __aeabi_dmul
                0x0000cb54                __muldf3
                0x0000cda8                __divdf3
                0x0000cda8                __aeabi_ddiv
 .text          0x0000cf78      0x110 c:/program files (x86)/cypress/psoc creator/4.4/psoc creator/import/gnu/arm/5.4.1/bin/../lib/gcc/arm-none-eabi/5.4.1/armv7-m\libgcc.a(_arm_cmpdf2.o)
                0x0000cf78                __gtdf2
                0x0000cf78                __gedf2
                0x0000cf80                __ltdf2
                0x0000cf80                __ledf2
                0x0000cf88                __nedf2
                0x0000cf88                __eqdf2
                0x0000cf88                __cmpdf2
                0x0000d004                __aeabi_cdrcmple
                0x0000d014                __aeabi_cdcmpeq
                0x0000d014                __aeabi_cdcmple
                0x0000d024                __aeabi_dcmpeq
                0x0000d038                __aeabi_dcmplt
                0x0000d04c                __aeabi_dcmple
                0x0000d060                __aeabi_dcmpge
                0x0000d074                __aeabi_dcmpgt
 .text          0x0000d088       0x2c c:/program files (x86)/cypress/psoc creator/4.4/psoc creator/import/gnu/arm/5.4.1/bin/../lib/gcc/arm-none-eabi/5.4.1/armv7-m\libgcc.a(_arm_unorddf2.o)
                0x0000d088                __unorddf2
                0x0000d088                __aeabi_dcmpun
 .text          0x0000d0b4       0x50 c:/program files (x86)/cypress/psoc creator/4.4/psoc creator/import/gnu/arm/5.4.1/bin/../lib/gcc/arm-none-eabi/5.4.1/armv7-m\libgcc.a(_arm_fixdfsi.o)
                0x0000d0b4                __aeabi_d2iz
                0x0000d0b4                __fixdfsi
 .text          0x0000d104       0xa0 c:/program files (x86)/cypress/psoc creator/4.4/psoc creator/import/gnu/arm/5.4.1/bin/../lib/gcc/arm-none-eabi/5.4.1/armv7-m\libgcc.a(_arm_truncdfsf2.o)
                0x0000d104                __truncdfsf2
                0x0000d104                __aeabi_d2f
 .text          0x0000d1a4      0x21c c:/program files (x86)/cypress/psoc creator/4.4/psoc creator/import/gnu/arm/5.4.1/bin/../lib/gcc/arm-none-eabi/5.4.1/armv7-m\libgcc.a(_arm_addsubsf3.o)
                0x0000d1a4                __aeabi_frsub
                0x0000d1ac                __subsf3
                0x0000d1ac                __aeabi_fsub
                0x0000d1b0                __aeabi_fadd
                0x0000d1b0                __addsf3
                0x0000d310                __aeabi_ui2f
                0x0000d310                __floatunsisf
                0x0000d318                __aeabi_i2f
                0x0000d318                __floatsisf
                0x0000d334                __aeabi_ul2f
                0x0000d334                __floatundisf
                0x0000d344                __aeabi_l2f
                0x0000d344                __floatdisf
 .text          0x0000d3c0      0x2a0 c:/program files (x86)/cypress/psoc creator/4.4/psoc creator/import/gnu/arm/5.4.1/bin/../lib/gcc/arm-none-eabi/5.4.1/armv7-m\libgcc.a(_arm_muldivsf3.o)
                0x0000d3c0                __mulsf3
                0x0000d3c0                __aeabi_fmul
                0x0000d528                __aeabi_fdiv
                0x0000d528                __divsf3
 .text          0x0000d660       0xec c:/program files (x86)/cypress/psoc creator/4.4/psoc creator/import/gnu/arm/5.4.1/bin/../lib/gcc/arm-none-eabi/5.4.1/armv7-m\libgcc.a(_arm_cmpsf2.o)
                0x0000d660                __gesf2
                0x0000d660                __gtsf2
                0x0000d668                __lesf2
                0x0000d668                __ltsf2
                0x0000d670                __nesf2
                0x0000d670                __eqsf2
                0x0000d670                __cmpsf2
                0x0000d6d0                __aeabi_cfrcmple
                0x0000d6d8                __aeabi_cfcmpeq
                0x0000d6d8                __aeabi_cfcmple
                0x0000d6e8                __aeabi_fcmpeq
                0x0000d6fc                __aeabi_fcmplt
                0x0000d710                __aeabi_fcmple
                0x0000d724                __aeabi_fcmpge
                0x0000d738                __aeabi_fcmpgt
 .text          0x0000d74c       0x2c c:/program files (x86)/cypress/psoc creator/4.4/psoc creator/import/gnu/arm/5.4.1/bin/../lib/gcc/arm-none-eabi/5.4.1/armv7-m\libgcc.a(_arm_unordsf2.o)
                0x0000d74c                __unordsf2
                0x0000d74c                __aeabi_fcmpun
 .text          0x0000d778       0x4c c:/program files (x86)/cypress/psoc creator/4.4/psoc creator/import/gnu/arm/5.4.1/bin/../lib/gcc/arm-none-eabi/5.4.1/armv7-m\libgcc.a(_arm_fixsfsi.o)
                0x0000d778                __aeabi_f2iz
                0x0000d778                __fixsfsi
 .text          0x0000d7c4       0x40 c:/program files (x86)/cypress/psoc creator/4.4/psoc creator/import/gnu/arm/5.4.1/bin/../lib/gcc/arm-none-eabi/5.4.1/armv7-m\libgcc.a(_arm_fixunssfsi.o)
                0x0000d7c4                __fixunssfsi
                0x0000d7c4                __aeabi_f2uiz
 .text.__errno  0x0000d804        0xc c:/program files (x86)/cypress/psoc creator/4.4/psoc creator/import/gnu/arm/5.4.1/bin/../lib/gcc/arm-none-eabi/5.4.1/../../../../arm-none-eabi/lib/armv7-m\libg_nano.a(lib_a-errno.o)
                0x0000d804                __errno
 .text.__libc_init_array
                0x0000d810       0x4c c:/program files (x86)/cypress/psoc creator/4.4/psoc creator/import/gnu/arm/5.4.1/bin/../lib/gcc/arm-none-eabi/5.4.1/../../../../arm-none-eabi/lib/armv7-m\libg_nano.a(lib_a-init.o)
                0x0000d810                __libc_init_array
 .text.memcpy   0x0000d85c       0x16 c:/program files (x86)/cypress/psoc creator/4.4/psoc creator/import/gnu/arm/5.4.1/bin/../lib/gcc/arm-none-eabi/5.4.1/../../../../arm-none-eabi/lib/armv7-m\libg_nano.a(lib_a-memcpy-stub.o)
                0x0000d85c                memcpy
 .text.memset   0x0000d872       0x10 c:/program files (x86)/cypress/psoc creator/4.4/psoc creator/import/gnu/arm/5.4.1/bin/../lib/gcc/arm-none-eabi/5.4.1/../../../../arm-none-eabi/lib/armv7-m\libg_nano.a(lib_a-memset.o)
                0x0000d872                memset
 .text.__cvt    0x0000d882       0xc0 c:/program files (x86)/cypress/psoc creator/4.4/psoc creator/import/gnu/arm/5.4.1/bin/../lib/gcc/arm-none-eabi/5.4.1/../../../../arm-none-eabi/lib/armv7-m\libg_nano.a(lib_a-nano-vfprintf_float.o)
                0x0000d882                __cvt
 .text.__exponent
                0x0000d942       0x62 c:/program files (x86)/cypress/psoc creator/4.4/psoc creator/import/gnu/arm/5.4.1/bin/../lib/gcc/arm-none-eabi/5.4.1/../../../../arm-none-eabi/lib/armv7-m\libg_nano.a(lib_a-nano-vfprintf_float.o)
                0x0000d942                __exponent
 .text._printf_float
                0x0000d9a4      0x488 c:/program files (x86)/cypress/psoc creator/4.4/psoc creator/import/gnu/arm/5.4.1/bin/../lib/gcc/arm-none-eabi/5.4.1/../../../../arm-none-eabi/lib/armv7-m\libg_nano.a(lib_a-nano-vfprintf_float.o)
                0x0000d9a4                _printf_float
 .text._printf_common
                0x0000de2c       0xec c:/program files (x86)/cypress/psoc creator/4.4/psoc creator/import/gnu/arm/5.4.1/bin/../lib/gcc/arm-none-eabi/5.4.1/../../../../arm-none-eabi/lib/armv7-m\libg_nano.a(lib_a-nano-vfprintf_i.o)
                0x0000de2c                _printf_common
 .text._printf_i
                0x0000df18      0x24c c:/program files (x86)/cypress/psoc creator/4.4/psoc creator/import/gnu/arm/5.4.1/bin/../lib/gcc/arm-none-eabi/5.4.1/../../../../arm-none-eabi/lib/armv7-m\libg_nano.a(lib_a-nano-vfprintf_i.o)
                0x0000df18                _printf_i
 .text.snprintf
                0x0000e164       0x64 c:/program files (x86)/cypress/psoc creator/4.4/psoc creator/import/gnu/arm/5.4.1/bin/../lib/gcc/arm-none-eabi/5.4.1/../../../../arm-none-eabi/lib/armv7-m\libg_nano.a(lib_a-snprintf.o)
                0x0000e164                sniprintf
                0x0000e164                snprintf
 .text.sprintf  0x0000e1c8       0x48 c:/program files (x86)/cypress/psoc creator/4.4/psoc creator/import/gnu/arm/5.4.1/bin/../lib/gcc/arm-none-eabi/5.4.1/../../../../arm-none-eabi/lib/armv7-m\libg_nano.a(lib_a-sprintf.o)
                0x0000e1c8                siprintf
                0x0000e1c8                sprintf
 .text          0x0000e210       0x10 c:/program files (x86)/cypress/psoc creator/4.4/psoc creator/import/gnu/arm/5.4.1/bin/../lib/gcc/arm-none-eabi/5.4.1/../../../../arm-none-eabi/lib/armv7-m\libg_nano.a(lib_a-strlen.o)
                0x0000e210                strlen
 .text.quorem   0x0000e220      0x116 c:/program files (x86)/cypress/psoc creator/4.4/psoc creator/import/gnu/arm/5.4.1/bin/../lib/gcc/arm-none-eabi/5.4.1/../../../../arm-none-eabi/lib/armv7-m\libg_nano.a(lib_a-dtoa.o)
 *fill*         0x0000e336        0x2 
 .text._dtoa_r  0x0000e338      0xb30 c:/program files (x86)/cypress/psoc creator/4.4/psoc creator/import/gnu/arm/5.4.1/bin/../lib/gcc/arm-none-eabi/5.4.1/../../../../arm-none-eabi/lib/armv7-m\libg_nano.a(lib_a-dtoa.o)
                0x0000e338                _dtoa_r
 .text._localeconv_r
                0x0000ee68        0x8 c:/program files (x86)/cypress/psoc creator/4.4/psoc creator/import/gnu/arm/5.4.1/bin/../lib/gcc/arm-none-eabi/5.4.1/../../../../arm-none-eabi/lib/armv7-m\libg_nano.a(lib_a-locale.o)
                0x0000ee68                _localeconv_r
 .text.malloc   0x0000ee70       0x10 c:/program files (x86)/cypress/psoc creator/4.4/psoc creator/import/gnu/arm/5.4.1/bin/../lib/gcc/arm-none-eabi/5.4.1/../../../../arm-none-eabi/lib/armv7-m\libg_nano.a(lib_a-malloc.o)
                0x0000ee70                malloc
 .text.memchr   0x0000ee80       0x1c c:/program files (x86)/cypress/psoc creator/4.4/psoc creator/import/gnu/arm/5.4.1/bin/../lib/gcc/arm-none-eabi/5.4.1/../../../../arm-none-eabi/lib/armv7-m\libg_nano.a(lib_a-memchr-stub.o)
                0x0000ee80                memchr
 .text._Balloc  0x0000ee9c       0x6a c:/program files (x86)/cypress/psoc creator/4.4/psoc creator/import/gnu/arm/5.4.1/bin/../lib/gcc/arm-none-eabi/5.4.1/../../../../arm-none-eabi/lib/armv7-m\libg_nano.a(lib_a-mprec.o)
                0x0000ee9c                _Balloc
 .text._Bfree   0x0000ef06       0x2e c:/program files (x86)/cypress/psoc creator/4.4/psoc creator/import/gnu/arm/5.4.1/bin/../lib/gcc/arm-none-eabi/5.4.1/../../../../arm-none-eabi/lib/armv7-m\libg_nano.a(lib_a-mprec.o)
                0x0000ef06                _Bfree
 .text.__multadd
                0x0000ef34       0x76 c:/program files (x86)/cypress/psoc creator/4.4/psoc creator/import/gnu/arm/5.4.1/bin/../lib/gcc/arm-none-eabi/5.4.1/../../../../arm-none-eabi/lib/armv7-m\libg_nano.a(lib_a-mprec.o)
                0x0000ef34                __multadd
 .text.__hi0bits
                0x0000efaa       0x40 c:/program files (x86)/cypress/psoc creator/4.4/psoc creator/import/gnu/arm/5.4.1/bin/../lib/gcc/arm-none-eabi/5.4.1/../../../../arm-none-eabi/lib/armv7-m\libg_nano.a(lib_a-mprec.o)
                0x0000efaa                __hi0bits
 .text.__lo0bits
                0x0000efea       0x5a c:/program files (x86)/cypress/psoc creator/4.4/psoc creator/import/gnu/arm/5.4.1/bin/../lib/gcc/arm-none-eabi/5.4.1/../../../../arm-none-eabi/lib/armv7-m\libg_nano.a(lib_a-mprec.o)
                0x0000efea                __lo0bits
 .text.__i2b    0x0000f044       0x12 c:/program files (x86)/cypress/psoc creator/4.4/psoc creator/import/gnu/arm/5.4.1/bin/../lib/gcc/arm-none-eabi/5.4.1/../../../../arm-none-eabi/lib/armv7-m\libg_nano.a(lib_a-mprec.o)
                0x0000f044                __i2b
 .text.__multiply
                0x0000f056      0x120 c:/program files (x86)/cypress/psoc creator/4.4/psoc creator/import/gnu/arm/5.4.1/bin/../lib/gcc/arm-none-eabi/5.4.1/../../../../arm-none-eabi/lib/armv7-m\libg_nano.a(lib_a-mprec.o)
                0x0000f056                __multiply
 *fill*         0x0000f176        0x2 
 .text.__pow5mult
                0x0000f178       0x9c c:/program files (x86)/cypress/psoc creator/4.4/psoc creator/import/gnu/arm/5.4.1/bin/../lib/gcc/arm-none-eabi/5.4.1/../../../../arm-none-eabi/lib/armv7-m\libg_nano.a(lib_a-mprec.o)
                0x0000f178                __pow5mult
 .text.__lshift
                0x0000f214       0xa2 c:/program files (x86)/cypress/psoc creator/4.4/psoc creator/import/gnu/arm/5.4.1/bin/../lib/gcc/arm-none-eabi/5.4.1/../../../../arm-none-eabi/lib/armv7-m\libg_nano.a(lib_a-mprec.o)
                0x0000f214                __lshift
 .text.__mcmp   0x0000f2b6       0x38 c:/program files (x86)/cypress/psoc creator/4.4/psoc creator/import/gnu/arm/5.4.1/bin/../lib/gcc/arm-none-eabi/5.4.1/../../../../arm-none-eabi/lib/armv7-m\libg_nano.a(lib_a-mprec.o)
                0x0000f2b6                __mcmp
 .text.__mdiff  0x0000f2ee       0xbe c:/program files (x86)/cypress/psoc creator/4.4/psoc creator/import/gnu/arm/5.4.1/bin/../lib/gcc/arm-none-eabi/5.4.1/../../../../arm-none-eabi/lib/armv7-m\libg_nano.a(lib_a-mprec.o)
                0x0000f2ee                __mdiff
 .text.__d2b    0x0000f3ac       0x9c c:/program files (x86)/cypress/psoc creator/4.4/psoc creator/import/gnu/arm/5.4.1/bin/../lib/gcc/arm-none-eabi/5.4.1/../../../../arm-none-eabi/lib/armv7-m\libg_nano.a(lib_a-mprec.o)
                0x0000f3ac                __d2b
 .text._calloc_r
                0x0000f448       0x1c c:/program files (x86)/cypress/psoc creator/4.4/psoc creator/import/gnu/arm/5.4.1/bin/../lib/gcc/arm-none-eabi/5.4.1/../../../../arm-none-eabi/lib/armv7-m\libg_nano.a(lib_a-nano-callocr.o)
                0x0000f448                _calloc_r
 .text._free_r  0x0000f464       0x98 c:/program files (x86)/cypress/psoc creator/4.4/psoc creator/import/gnu/arm/5.4.1/bin/../lib/gcc/arm-none-eabi/5.4.1/../../../../arm-none-eabi/lib/armv7-m\libg_nano.a(lib_a-nano-freer.o)
                0x0000f464                _free_r
 .text._malloc_r
                0x0000f4fc       0xbc c:/program files (x86)/cypress/psoc creator/4.4/psoc creator/import/gnu/arm/5.4.1/bin/../lib/gcc/arm-none-eabi/5.4.1/../../../../arm-none-eabi/lib/armv7-m\libg_nano.a(lib_a-nano-mallocr.o)
                0x0000f4fc                _malloc_r
 .text.__ssputs_r
                0x0000f5b8       0xb2 c:/program files (x86)/cypress/psoc creator/4.4/psoc creator/import/gnu/arm/5.4.1/bin/../lib/gcc/arm-none-eabi/5.4.1/../../../../arm-none-eabi/lib/armv7-m\libg_nano.a(lib_a-nano-svfprintf.o)
                0x0000f5b8                __ssputs_r
 *fill*         0x0000f66a        0x2 
 .text._svfprintf_r
                0x0000f66c      0x1e8 c:/program files (x86)/cypress/psoc creator/4.4/psoc creator/import/gnu/arm/5.4.1/bin/../lib/gcc/arm-none-eabi/5.4.1/../../../../arm-none-eabi/lib/armv7-m\libg_nano.a(lib_a-nano-svfprintf.o)
                0x0000f66c                _svfiprintf_r
                0x0000f66c                _svfprintf_r
 .text._sbrk_r  0x0000f854       0x20 c:/program files (x86)/cypress/psoc creator/4.4/psoc creator/import/gnu/arm/5.4.1/bin/../lib/gcc/arm-none-eabi/5.4.1/../../../../arm-none-eabi/lib/armv7-m\libg_nano.a(lib_a-sbrkr.o)
                0x0000f854                _sbrk_r
 .text.memmove  0x0000f874       0x36 c:/program files (x86)/cypress/psoc creator/4.4/psoc creator/import/gnu/arm/5.4.1/bin/../lib/gcc/arm-none-eabi/5.4.1/../../../../arm-none-eabi/lib/armv7-m\libg_nano.a(lib_a-memmove.o)
                0x0000f874                memmove
 .text.__malloc_lock
                0x0000f8aa        0x2 c:/program files (x86)/cypress/psoc creator/4.4/psoc creator/import/gnu/arm/5.4.1/bin/../lib/gcc/arm-none-eabi/5.4.1/../../../../arm-none-eabi/lib/armv7-m\libg_nano.a(lib_a-mlock.o)
                0x0000f8aa                __malloc_lock
 .text.__malloc_unlock
                0x0000f8ac        0x2 c:/program files (x86)/cypress/psoc creator/4.4/psoc creator/import/gnu/arm/5.4.1/bin/../lib/gcc/arm-none-eabi/5.4.1/../../../../arm-none-eabi/lib/armv7-m\libg_nano.a(lib_a-mlock.o)
                0x0000f8ac                __malloc_unlock
 .text._realloc_r
                0x0000f8ae       0x4c c:/program files (x86)/cypress/psoc creator/4.4/psoc creator/import/gnu/arm/5.4.1/bin/../lib/gcc/arm-none-eabi/5.4.1/../../../../arm-none-eabi/lib/armv7-m\libg_nano.a(lib_a-nano-reallocr.o)
                0x0000f8ae                _realloc_r
 .text._malloc_usable_size_r
                0x0000f8fa       0x14 c:/program files (x86)/cypress/psoc creator/4.4/psoc creator/import/gnu/arm/5.4.1/bin/../lib/gcc/arm-none-eabi/5.4.1/../../../../arm-none-eabi/lib/armv7-m\libg_nano.a(lib_a-nano-msizer.o)
                0x0000f8fa                _malloc_usable_size_r
 *(.plt)
 *(.gnu.warning)
 *(.glue_7t)
 .glue_7t       0x0000f90e        0x0 linker stubs
 *(.glue_7)
 .glue_7        0x0000f90e        0x0 linker stubs
 *(.vfp11_veneer)
 .vfp11_veneer  0x0000f90e        0x0 linker stubs
 *(.bootloader)
 *(.ARM.extab* .gnu.linkonce.armextab.*)
 *(.gcc_except_table)

.v4_bx          0x0000f910        0x0
 .v4_bx         0x0000f910        0x0 linker stubs

.iplt           0x0000f910        0x0
 .iplt          0x0000f910        0x0 c:/program files (x86)/cypress/psoc creator/4.4/psoc creator/import/gnu/arm/5.4.1/bin/../lib/gcc/arm-none-eabi/5.4.1/armv7-m/crtbegin.o

.eh_frame_hdr
 *(.eh_frame_hdr)

.eh_frame       0x0000f910        0x4
 *(.eh_frame)
 .eh_frame      0x0000f910        0x0 c:/program files (x86)/cypress/psoc creator/4.4/psoc creator/import/gnu/arm/5.4.1/bin/../lib/gcc/arm-none-eabi/5.4.1/armv7-m/crtbegin.o
 .eh_frame      0x0000f910        0x4 c:/program files (x86)/cypress/psoc creator/4.4/psoc creator/import/gnu/arm/5.4.1/bin/../lib/gcc/arm-none-eabi/5.4.1/armv7-m/crtend.o
                [!provide]                PROVIDE (__exidx_start, .)

.ARM.exidx
 *(.ARM.exidx* .gnu.linkonce.armexidx.*)
                0x0000f914                __exidx_end = .

.rodata         0x0000f918     0x1510
 *(.rodata .rodata.* .gnu.linkonce.r.*)
 .rodata        0x0000f918       0xe6 .\ARM_GCC_541\Debug\main.o
 *fill*         0x0000f9fe        0x2 
 .rodata        0x0000fa00      0x520 .\ARM_GCC_541\Debug\app_statemachine.o
 .rodata        0x0000ff20      0x100 .\ARM_GCC_541\Debug\sbc_comms.o
 .rodata        0x00010020       0xb9 .\ARM_GCC_541\Debug\app_state_stby.o
 *fill*         0x000100d9        0x3 
 .rodata        0x000100dc       0xce .\ARM_GCC_541\Debug\app_state_manu.o
 *fill*         0x000101aa        0x2 
 .rodata        0x000101ac      0x376 .\ARM_GCC_541\Debug\app_state_auto.o
 *fill*         0x00010522        0x2 
 .rodata        0x00010524       0xc5 .\ARM_GCC_541\Debug\app_state_error.o
 *fill*         0x000105e9        0x3 
 .rodata        0x000105ec       0x4b .\ARM_GCC_541\Debug\utils.o
 *fill*         0x00010637        0x1 
 .rodata        0x00010638        0x4 .\ARM_GCC_541\Debug\hamfly_core_telemetry.o
 .rodata        0x0001063c       0x36 .\ARM_GCC_541\Debug\cyfitter_cfg.o
 *fill*         0x00010672        0x2 
 .rodata        0x00010674       0x11 .\ARM_GCC_541\Debug\Proj08_DemoTxIntegration.a(USBFS_DEBUG_std.o)
 *fill*         0x00010685        0x3 
 .rodata        0x00010688      0x208 .\ARM_GCC_541\Debug\Proj08_DemoTxIntegration.a(USBFS_DEBUG_descr.o)
                0x00010688                USBFS_DEBUG_DEVICE0_DESCR
                0x0001069c                USBFS_DEBUG_DEVICE0_CONFIGURATION0_DESCR
                0x000106e8                USBFS_DEBUG_STRING_DESCRIPTORS
                0x00010828                USBFS_DEBUG_SN_STRING_DESCRIPTOR
                0x0001082c                USBFS_DEBUG_DEVICE0_CONFIGURATION0_EP_SETTINGS_TABLE
                0x00010844                USBFS_DEBUG_DEVICE0_CONFIGURATION0_INTERFACE_CLASS
                0x00010848                USBFS_DEBUG_DEVICE0_CONFIGURATION0_TABLE
                0x00010870                USBFS_DEBUG_DEVICE0_TABLE
                0x00010888                USBFS_DEBUG_TABLE
 .rodata.str1.4
                0x00010890        0x9 c:/program files (x86)/cypress/psoc creator/4.4/psoc creator/import/gnu/arm/5.4.1/bin/../lib/gcc/arm-none-eabi/5.4.1/../../../../arm-none-eabi/lib/armv7-m\libm.a(lib_a-wf_asin.o)
 *fill*         0x00010899        0x3 
 .rodata.str1.4
                0x0001089c        0x8 c:/program files (x86)/cypress/psoc creator/4.4/psoc creator/import/gnu/arm/5.4.1/bin/../lib/gcc/arm-none-eabi/5.4.1/../../../../arm-none-eabi/lib/armv7-m\libm.a(lib_a-wf_sqrt.o)
                                  0x6 (size before relaxing)
 .rodata.npio2_hw
                0x000108a4       0x80 c:/program files (x86)/cypress/psoc creator/4.4/psoc creator/import/gnu/arm/5.4.1/bin/../lib/gcc/arm-none-eabi/5.4.1/../../../../arm-none-eabi/lib/armv7-m\libm.a(lib_a-ef_rem_pio2.o)
 .rodata.two_over_pi
                0x00010924      0x318 c:/program files (x86)/cypress/psoc creator/4.4/psoc creator/import/gnu/arm/5.4.1/bin/../lib/gcc/arm-none-eabi/5.4.1/../../../../arm-none-eabi/lib/armv7-m\libm.a(lib_a-ef_rem_pio2.o)
 .rodata.init_jk
                0x00010c3c        0xc c:/program files (x86)/cypress/psoc creator/4.4/psoc creator/import/gnu/arm/5.4.1/bin/../lib/gcc/arm-none-eabi/5.4.1/../../../../arm-none-eabi/lib/armv7-m\libm.a(lib_a-kf_rem_pio2.o)
 .rodata.PIo2   0x00010c48       0x2c c:/program files (x86)/cypress/psoc creator/4.4/psoc creator/import/gnu/arm/5.4.1/bin/../lib/gcc/arm-none-eabi/5.4.1/../../../../arm-none-eabi/lib/armv7-m\libm.a(lib_a-kf_rem_pio2.o)
 .rodata.atanlo
                0x00010c74       0x10 c:/program files (x86)/cypress/psoc creator/4.4/psoc creator/import/gnu/arm/5.4.1/bin/../lib/gcc/arm-none-eabi/5.4.1/../../../../arm-none-eabi/lib/armv7-m\libm.a(lib_a-sf_atan.o)
 .rodata.atanhi
                0x00010c84       0x10 c:/program files (x86)/cypress/psoc creator/4.4/psoc creator/import/gnu/arm/5.4.1/bin/../lib/gcc/arm-none-eabi/5.4.1/../../../../arm-none-eabi/lib/armv7-m\libm.a(lib_a-sf_atan.o)
 .rodata.str1.1
                0x00010c94        0x2 c:/program files (x86)/cypress/psoc creator/4.4/psoc creator/import/gnu/arm/5.4.1/bin/../lib/gcc/arm-none-eabi/5.4.1/../../../../arm-none-eabi/lib/armv7-m\libg_nano.a(lib_a-impure.o)
 .rodata.str1.1
                0x00010c96       0x12 c:/program files (x86)/cypress/psoc creator/4.4/psoc creator/import/gnu/arm/5.4.1/bin/../lib/gcc/arm-none-eabi/5.4.1/../../../../arm-none-eabi/lib/armv7-m\libg_nano.a(lib_a-nano-vfprintf_float.o)
 .rodata.str1.1
                0x00010ca8       0x22 c:/program files (x86)/cypress/psoc creator/4.4/psoc creator/import/gnu/arm/5.4.1/bin/../lib/gcc/arm-none-eabi/5.4.1/../../../../arm-none-eabi/lib/armv7-m\libg_nano.a(lib_a-nano-vfprintf_i.o)
 .rodata.str1.1
                0x00010cca        0xd c:/program files (x86)/cypress/psoc creator/4.4/psoc creator/import/gnu/arm/5.4.1/bin/../lib/gcc/arm-none-eabi/5.4.1/../../../../arm-none-eabi/lib/armv7-m\libg_nano.a(lib_a-dtoa.o)
                                  0xf (size before relaxing)
 .rodata.str1.1
                0x00010cd7        0x8 c:/program files (x86)/cypress/psoc creator/4.4/psoc creator/import/gnu/arm/5.4.1/bin/../lib/gcc/arm-none-eabi/5.4.1/../../../../arm-none-eabi/lib/armv7-m\libg_nano.a(lib_a-locale.o)
                                  0xb (size before relaxing)
 *fill*         0x00010cdf        0x1 
 .rodata.__mprec_tens
                0x00010ce0       0xc8 c:/program files (x86)/cypress/psoc creator/4.4/psoc creator/import/gnu/arm/5.4.1/bin/../lib/gcc/arm-none-eabi/5.4.1/../../../../arm-none-eabi/lib/armv7-m\libg_nano.a(lib_a-mprec.o)
                0x00010ce0                __mprec_tens
 .rodata.p05.5408
                0x00010da8        0xc c:/program files (x86)/cypress/psoc creator/4.4/psoc creator/import/gnu/arm/5.4.1/bin/../lib/gcc/arm-none-eabi/5.4.1/../../../../arm-none-eabi/lib/armv7-m\libg_nano.a(lib_a-mprec.o)
 *fill*         0x00010db4        0x4 
 .rodata.__mprec_bigtens
                0x00010db8       0x28 c:/program files (x86)/cypress/psoc creator/4.4/psoc creator/import/gnu/arm/5.4.1/bin/../lib/gcc/arm-none-eabi/5.4.1/../../../../arm-none-eabi/lib/armv7-m\libg_nano.a(lib_a-mprec.o)
                0x00010db8                __mprec_bigtens
 .rodata.str1.1
                0x00010de0       0x11 c:/program files (x86)/cypress/psoc creator/4.4/psoc creator/import/gnu/arm/5.4.1/bin/../lib/gcc/arm-none-eabi/5.4.1/../../../../arm-none-eabi/lib/armv7-m\libg_nano.a(lib_a-nano-svfprintf.o)
                0x00010df4                . = ALIGN (0x4)
 *fill*         0x00010df1        0x3 
 *(.init)
 .init          0x00010df4        0x4 c:/program files (x86)/cypress/psoc creator/4.4/psoc creator/import/gnu/arm/5.4.1/bin/../lib/gcc/arm-none-eabi/5.4.1/armv7-m/crti.o
                0x00010df4                _init
 .init          0x00010df8        0x8 c:/program files (x86)/cypress/psoc creator/4.4/psoc creator/import/gnu/arm/5.4.1/bin/../lib/gcc/arm-none-eabi/5.4.1/armv7-m/crtn.o
                0x00010e00                . = ALIGN (0x4)
                0x00010e00                __preinit_array_start = .
 *(.preinit_array)
                0x00010e00                __preinit_array_end = .
                0x00010e00                . = ALIGN (0x4)
                0x00010e00                __init_array_start = .
 *(SORT(.init_array.*))
 *(.init_array)
 .init_array    0x00010e00        0x4 c:/program files (x86)/cypress/psoc creator/4.4/psoc creator/import/gnu/arm/5.4.1/bin/../lib/gcc/arm-none-eabi/5.4.1/armv7-m/crtbegin.o
 .init_array    0x00010e04        0x4 .\ARM_GCC_541\Debug\Cm3Start.o
                0x00010e08                __init_array_end = .
                0x00010e08                . = ALIGN (0x4)
 *(.fini)
 .fini          0x00010e08        0x4 c:/program files (x86)/cypress/psoc creator/4.4/psoc creator/import/gnu/arm/5.4.1/bin/../lib/gcc/arm-none-eabi/5.4.1/armv7-m/crti.o
                0x00010e08                _fini
 .fini          0x00010e0c        0x8 c:/program files (x86)/cypress/psoc creator/4.4/psoc creator/import/gnu/arm/5.4.1/bin/../lib/gcc/arm-none-eabi/5.4.1/armv7-m/crtn.o
                0x00010e14                . = ALIGN (0x4)
                0x00010e14                __fini_array_start = .
 *(.fini_array)
 .fini_array    0x00010e14        0x4 c:/program files (x86)/cypress/psoc creator/4.4/psoc creator/import/gnu/arm/5.4.1/bin/../lib/gcc/arm-none-eabi/5.4.1/armv7-m/crtbegin.o
 *(SORT(.fini_array.*))
                0x00010e18                __fini_array_end = .
                0x00010e18                . = ALIGN (0x4)
 *crtbegin.o(.ctors)
 *(EXCLUDE_FILE(*crtend.o) .ctors)
 *(SORT(.ctors.*))
 *crtend.o(.ctors)
                0x00010e18                . = ALIGN (0x4)
 *crtbegin.o(.dtors)
 *(EXCLUDE_FILE(*crtend.o) .dtors)
 *(SORT(.dtors.*))
 *crtend.o(.dtors)
                0x00010e18                . = ALIGN (0x4)
                0x00010e18                __cy_regions = .
                0x00010e18        0x4 LONG 0x10e28 __cy_region_init_ram
                0x00010e1c        0x4 LONG 0x1fff80c8 __cy_region_start_data
                0x00010e20        0x4 LONG 0x180 __cy_region_init_size_ram
                0x00010e24        0x4 LONG 0x618 __cy_region_zero_size_ram
                0x00010e28                __cy_regions_end = .
                0x00010e28                . = ALIGN (0x8)
                0x00010e28                _etext = .

.cy_checksum_exclude
                0x00010e28        0x0
 *(.cy_checksum_exclude)

.ramvectors     0x1fff8000       0xc0
                0x1fff8000                __cy_region_start_ram = .
 *(.ramvectors)
 .ramvectors    0x1fff8000       0xc0 .\ARM_GCC_541\Debug\Cm3Start.o
                0x1fff8000                CyRamVectors
