Archive member included to satisfy reference by file (symbol)

.\ARM_GCC_541\Debug\Proj08_DemoTxIntegration.a(UART_MOVI.o)
                              .\ARM_GCC_541\Debug\main.o (UART_MOVI_Start)
.\ARM_GCC_541\Debug\Proj08_DemoTxIntegration.a(isr_rx_movi.o)
                              .\ARM_GCC_541\Debug\main.o (isr_rx_movi_StartEx)
.\ARM_GCC_541\Debug\Proj08_DemoTxIntegration.a(Looptimer.o)
                              .\ARM_GCC_541\Debug\main.o (Looptimer_Start)
.\ARM_GCC_541\Debug\Proj08_DemoTxIntegration.a(isr_Looptimer.o)
                              .\ARM_GCC_541\Debug\main.o (isr_Looptimer_StartEx)
.\ARM_GCC_541\Debug\Proj08_DemoTxIntegration.a(EEPROM_CONFIG.o)
                              .\ARM_GCC_541\Debug\psoc_eeprom.o (EEPROM_CONFIG_Start)
.\ARM_GCC_541\Debug\Proj08_DemoTxIntegration.a(CyFlash.o)
                              .\ARM_GCC_541\Debug\Proj08_DemoTxIntegration.a(EEPROM_CONFIG.o) (dieTemperature)
.\ARM_GCC_541\Debug\Proj08_DemoTxIntegration.a(CyLib.o)
                              .\ARM_GCC_541\Debug\Cm3Start.o (CyResetStatus)
.\ARM_GCC_541\Debug\Proj08_DemoTxIntegration.a(cyPm.o)
                              .\ARM_GCC_541\Debug\Proj08_DemoTxIntegration.a(CyLib.o) (CyPmReadStatus)
.\ARM_GCC_541\Debug\Proj08_DemoTxIntegration.a(CySpc.o)
                              .\ARM_GCC_541\Debug\Proj08_DemoTxIntegration.a(EEPROM_CONFIG.o) (CySpcStart)
.\ARM_GCC_541\Debug\Proj08_DemoTxIntegration.a(UART_SBC.o)
                              .\ARM_GCC_541\Debug\main.o (UART_SBC_Start)
.\ARM_GCC_541\Debug\Proj08_DemoTxIntegration.a(isr_rx_sbc.o)
                              .\ARM_GCC_541\Debug\main.o (isr_rx_sbc_StartEx)
.\ARM_GCC_541\Debug\Proj08_DemoTxIntegration.a(UART_SBC_IntClock.o)
                              .\ARM_GCC_541\Debug\Proj08_DemoTxIntegration.a(UART_SBC.o) (UART_SBC_IntClock_Start)
.\ARM_GCC_541\Debug\Proj08_DemoTxIntegration.a(Pin_Debug_SuperLoop.o)
                              .\ARM_GCC_541\Debug\main.o (Pin_Debug_SuperLoop_Write)
.\ARM_GCC_541\Debug\Proj08_DemoTxIntegration.a(Pin_Debug_CoarseCentroid.o)
                              .\ARM_GCC_541\Debug\sbc_comms.o (Pin_Debug_CoarseCentroid_Write)
.\ARM_GCC_541\Debug\Proj08_DemoTxIntegration.a(Pin_SwitchAuto.o)
                              .\ARM_GCC_541\Debug\app_statemachine.o (Pin_SwitchAuto_Read)
.\ARM_GCC_541\Debug\Proj08_DemoTxIntegration.a(VDAC8_3v3Ref.o)
                              .\ARM_GCC_541\Debug\main.o (VDAC8_3v3Ref_Start)
.\ARM_GCC_541\Debug\Proj08_DemoTxIntegration.a(USBFS_DEBUG.o)
                              .\ARM_GCC_541\Debug\debug_usbcdc.o (USBFS_DEBUG_Start)
.\ARM_GCC_541\Debug\Proj08_DemoTxIntegration.a(USBFS_DEBUG_cdc.o)
                              .\ARM_GCC_541\Debug\debug_usbcdc.o (USBFS_DEBUG_CDC_Init)
.\ARM_GCC_541\Debug\Proj08_DemoTxIntegration.a(USBFS_DEBUG_drv.o)
                              .\ARM_GCC_541\Debug\Proj08_DemoTxIntegration.a(USBFS_DEBUG.o) (USBFS_DEBUG_EP)
.\ARM_GCC_541\Debug\Proj08_DemoTxIntegration.a(USBFS_DEBUG_episr.o)
                              .\ARM_GCC_541\Debug\Proj08_DemoTxIntegration.a(USBFS_DEBUG.o) (USBFS_DEBUG_EP_1_ISR)
.\ARM_GCC_541\Debug\Proj08_DemoTxIntegration.a(USBFS_DEBUG_pm.o)
                              .\ARM_GCC_541\Debug\Proj08_DemoTxIntegration.a(USBFS_DEBUG.o) (USBFS_DEBUG_DP_ISR)
.\ARM_GCC_541\Debug\Proj08_DemoTxIntegration.a(USBFS_DEBUG_std.o)
                              .\ARM_GCC_541\Debug\Proj08_DemoTxIntegration.a(USBFS_DEBUG_drv.o) (USBFS_DEBUG_HandleStandardRqst)
.\ARM_GCC_541\Debug\Proj08_DemoTxIntegration.a(USBFS_DEBUG_vnd.o)
                              .\ARM_GCC_541\Debug\Proj08_DemoTxIntegration.a(USBFS_DEBUG_drv.o) (USBFS_DEBUG_HandleVendorRqst)
.\ARM_GCC_541\Debug\Proj08_DemoTxIntegration.a(USBFS_DEBUG_Dp.o)
                              .\ARM_GCC_541\Debug\Proj08_DemoTxIntegration.a(USBFS_DEBUG.o) (USBFS_DEBUG_Dp_ClearInterrupt)
.\ARM_GCC_541\Debug\Proj08_DemoTxIntegration.a(CyBootAsmGnu.o)
                              .\ARM_GCC_541\Debug\cyfitter_cfg.o (CyDelayCycles)
.\ARM_GCC_541\Debug\Proj08_DemoTxIntegration.a(USBFS_DEBUG_cls.o)
                              .\ARM_GCC_541\Debug\Proj08_DemoTxIntegration.a(USBFS_DEBUG_drv.o) (USBFS_DEBUG_DispatchClassRqst)
.\ARM_GCC_541\Debug\Proj08_DemoTxIntegration.a(USBFS_DEBUG_descr.o)
                              .\ARM_GCC_541\Debug\Proj08_DemoTxIntegration.a(USBFS_DEBUG_std.o) (USBFS_DEBUG_DEVICE0_DESCR)
c:/program files (x86)/cypress/psoc creator/4.4/psoc creator/import/gnu/arm/5.4.1/bin/../lib/gcc/arm-none-eabi/5.4.1/../../../../arm-none-eabi/lib/armv7-m\libm.a(lib_a-s_cos.o)
                              .\ARM_GCC_541\Debug\hamfly_core_gimbal.o (cos)
c:/program files (x86)/cypress/psoc creator/4.4/psoc creator/import/gnu/arm/5.4.1/bin/../lib/gcc/arm-none-eabi/5.4.1/../../../../arm-none-eabi/lib/armv7-m\libm.a(lib_a-sf_cos.o)
                              .\ARM_GCC_541\Debug\app_state_auto.o (cosf)
[...]
Memory Configuration

Name             Origin             Length             Attributes
rom              0x00000000         0x00040000         xr
ram              0x1fff8000         0x00010000         xrw
*default*        0x00000000         0xffffffff

Linker script and memory map

LOAD c:/program files (x86)/cypress/psoc creator/4.4/psoc creator/import/gnu/arm/5.4.1/bin/../lib/gcc/arm-none-eabi/5.4.1/armv7-m/crti.o
LOAD c:/program files (x86)/cypress/psoc creator/4.4/psoc creator/import/gnu/arm/5.4.1/bin/../lib/gcc/arm-none-eabi/5.4.1/armv7-m/crtbegin.o
LOAD c:/program files (x86)/cypress/psoc creator/4.4/psoc creator/import/gnu/arm/5.4.1/bin/../lib/gcc/arm-none-eabi/5.4.1/../../../../arm-none-eabi/lib/armv7-m/crt0.o
START GROUP
LOAD .\ARM_GCC_541\Debug\main.o
LOAD .\ARM_GCC_541\Debug\adc_balanced.o
LOAD .\ARM_GCC_541\Debug\joystick.o
LOAD .\ARM_GCC_541\Debug\psoc_eeprom.o
LOAD .\ARM_GCC_541\Debug\app_ctx.o
LOAD .\ARM_GCC_541\Debug\app_statemachine.o
LOAD .\ARM_GCC_541\Debug\sbc_comms.o
LOAD .\ARM_GCC_541\Debug\telemetry.o
LOAD .\ARM_GCC_541\Debug\app_state_stby.o
LOAD .\ARM_GCC_541\Debug\app_state_manu.o
LOAD .\ARM_GCC_541\Debug\app_state_auto.o
LOAD .\ARM_GCC_541\Debug\app_state_error.o
LOAD .\ARM_GCC_541\Debug\utils.o
LOAD .\ARM_GCC_541\Debug\debug_usbcdc.o
LOAD .\ARM_GCC_541\Debug\hamfly_comm_rb.o
LOAD .\ARM_GCC_541\Debug\hamfly_comm_txbuf.o
LOAD .\ARM_GCC_541\Debug\hamfly_core_gimbal.o
LOAD .\ARM_GCC_541\Debug\hamfly_core_telemetry.o
LOAD .\ARM_GCC_541\Debug\hamfly_qx_app.o
LOAD .\ARM_GCC_541\Debug\hamfly_qx_protocol.o
LOAD .\ARM_GCC_541\Debug\cyfitter_cfg.o
LOAD .\ARM_GCC_541\Debug\cymetadata.o
LOAD .\ARM_GCC_541\Debug\Cm3Start.o
LOAD .\ARM_GCC_541\Debug\Proj08_DemoTxIntegration.a
LOAD C:\Program Files (x86)\Cypress\PSoC Creator\4.4\PSoC Creator\psoc\content\cycomponentlibrary\CyComponentLibrary.cylib\CortexM3\ARM_GCC_541\Debug\CyComponentLibrary.a
LOAD c:/program files (x86)/cypress/psoc creator/4.4/psoc creator/import/gnu/arm/5.4.1/bin/../lib/gcc/arm-none-eabi/5.4.1/../../../../arm-none-eabi/lib/armv7-m\libm.a
END GROUP
START GROUP
LOAD c:/program files (x86)/cypress/psoc creator/4.4/psoc creator/import/gnu/arm/5.4.1/bin/../lib/gcc/arm-none-eabi/5.4.1/armv7-m\libgcc.a
LOAD c:/program files (x86)/cypress/psoc creator/4.4/psoc creator/import/gnu/arm/5.4.1/bin/../lib/gcc/arm-none-eabi/5.4.1/../../../../arm-none-eabi/lib/armv7-m\libg_nano.a
LOAD c:/program files (x86)/cypress/psoc creator/4.4/psoc creator/import/gnu/arm/5.4.1/bin/../lib/gcc/arm-none-eabi/5.4.1/../../../../arm-none-eabi/lib/armv7-m\libc_nano.a
END GROUP
START GROUP
LOAD c:/program files (x86)/cypress/psoc creator/4.4/psoc creator/import/gnu/arm/5.4.1/bin/../lib/gcc/arm-none-eabi/5.4.1/armv7-m\libgcc.a
LOAD c:/program files (x86)/cypress/psoc creator/4.4/psoc creator/import/gnu/arm/5.4.1/bin/../lib/gcc/arm-none-eabi/5.4.1/../../../../arm-none-eabi/lib/armv7-m\libc_nano.a
END GROUP
LOAD c:/program files (x86)/cypress/psoc creator/4.4/psoc creator/import/gnu/arm/5.4.1/bin/../lib/gcc/arm-none-eabi/5.4.1/armv7-m/crtend.o
LOAD c:/program files (x86)/cypress/psoc creator/4.4/psoc creator/import/gnu/arm/5.4.1/bin/../lib/gcc/arm-none-eabi/5.4.1/armv7-m/crtn.o
START GROUP
LOAD c:/program files (x86)/cypress/psoc creator/4.4/psoc creator/import/gnu/arm/5.4.1/bin/../lib/gcc/arm-none-eabi/5.4.1/armv7-m\libgcc.a
LOAD c:/program files (x86)/cypress/psoc creator/4.4/psoc creator/import/gnu/arm/5.4.1/bin/../lib/gcc/arm-none-eabi/5.4.1/../../../../arm-none-eabi/lib/armv7-m\libc.a
LOAD c:/program files (x86)/cypress/psoc creator/4.4/psoc creator/import/gnu/arm/5.4.1/bin/../lib/gcc/arm-none-eabi/5.4.1/../../../../arm-none-eabi/lib/armv7-m\libnosys.a
END GROUP
                0x00000000                CY_APPL_ORIGIN = 0x0
                0x00000100                CY_FLASH_ROW_SIZE = 0x100
                0x00000020                CY_ECC_ROW_SIZE = 0x20
                0x00000000                CY_EE_IN_BTLDR = 0x0
                0x00000000                CY_APPL_LOADABLE = 0x0
                0x00000800                CY_EE_SIZE = 0x800
                0x00000001                CY_APPL_NUM = 0x1
                0x00000001                CY_APPL_MAX = 0x1
                0x00000040                CY_METADATA_SIZE = 0x40
                0x00000000                CY_APPL_LOADABLE = 0x0
                0x00000000                CY_CHECKSUM_EXCLUDE_SIZE = ALIGN (0x0, CY_FLASH_ROW_SIZE)
                [!provide]                PROVIDE (__cy_heap_start, _end)
                0x00000001                PROVIDE (__cy_region_num, ((__cy_regions_end - __cy_regions) / 0x10))
                0x20008000                PROVIDE (__cy_stack, (ORIGIN (ram) + LENGTH (ram)))
                [!provide]                PROVIDE (__cy_heap_end, (__cy_stack - 0x800))

.cybootloader   0x00000000        0x0
 *(.cybootloader)
                0x00000000                appl1_start = CY_APPL_ORIGIN?CY_APPL_ORIGIN:ALIGN (CY_FLASH_ROW_SIZE)
                0x0001ff00                appl2_start = (appl1_start + ALIGN ((((LENGTH (rom) - appl1_start) - (0x2 * CY_FLASH_ROW_SIZE)) / 0x2), CY_FLASH_ROW_SIZE))
                0x00000000                appl_start = (CY_APPL_NUM == 0x1)?appl1_start:appl2_start
                0x00000000                ecc_offset = ((appl_start / CY_FLASH_ROW_SIZE) * CY_ECC_ROW_SIZE)
                0x00000000                ee_offset = (CY_APPL_LOADABLE && ! (CY_EE_IN_BTLDR))?((CY_EE_SIZE / CY_APPL_MAX) * (CY_APPL_NUM - 0x1)):0x0
                0x00000800                ee_size = (CY_APPL_LOADABLE && ! (CY_EE_IN_BTLDR))?(CY_EE_SIZE / CY_APPL_MAX):CY_EE_SIZE
                [!provide]                PROVIDE (CY_ECC_OFFSET, ecc_offset)

.text           0x00000000     0xece6
 CREATE_OBJECT_SYMBOLS
                0x00000000                PROVIDE (__cy_interrupt_vector, RomVectors)
 *(.romvectors)
 .romvectors    0x00000000       0x10 .\ARM_GCC_541\Debug\Cm3Start.o
                0x00000000                RomVectors
                0x00000001                ASSERT ((. != __cy_interrupt_vector), No interrupt vector)
                0x00000001                ASSERT (CY_APPL_ORIGIN?(SIZEOF (.cybootloader) <= CY_APPL_ORIGIN):0x1, Wrong image location)
                0x00000010                PROVIDE (__cy_reset, Reset)
 *(.text.Reset)
 .text.Reset    0x00000010       0x18 .\ARM_GCC_541\Debug\Cm3Start.o
                0x00000010                Reset
                0x00000001                ASSERT ((. != __cy_reset), No reset code)
 *(.dma_init)
                0x00000001                ASSERT ((((appl_start + .) <= 0x10000) || 0x1), DMA Init must be within the first 64k of flash)
 *(.text .text.* .gnu.linkonce.t.*)
 .text          0x00000028       0x5c c:/program files (x86)/cypress/psoc creator/4.4/psoc creator/import/gnu/arm/5.4.1/bin/../lib/gcc/arm-none-eabi/5.4.1/armv7-m/crtbegin.o
 .text._hamfly_psoc5_putc
                0x00000084       0x1c .\ARM_GCC_541\Debug\main.o
 .text.psoc_get_tick
                0x000000a0       0x1c .\ARM_GCC_541\Debug\main.o
 .text.isr_rx_movi_Handler
                0x000000bc       0x58 .\ARM_GCC_541\Debug\main.o
                0x000000bc                isr_rx_movi_Handler
 .text.isr_Looptimer_Handler
                0x00000114       0x1c .\ARM_GCC_541\Debug\main.o
                0x00000114                isr_Looptimer_Handler
 .text.isr_rx_sbc_Handler
                0x00000130       0x50 .\ARM_GCC_541\Debug\main.o
                0x00000130                isr_rx_sbc_Handler
 .text.decomp   0x00000180       0xa8 .\ARM_GCC_541\Debug\main.o
 .text.main     0x00000228      0x280 .\ARM_GCC_541\Debug\main.o
                0x00000228                main
 .text.psoc_eeprom_init
                0x000004a8        0xc .\ARM_GCC_541\Debug\psoc_eeprom.o
                0x000004a8                psoc_eeprom_init
 .text.app_ctx_init
                0x000004b4       0x68 .\ARM_GCC_541\Debug\app_ctx.o
                0x000004b4                app_ctx_init
 .text.depth_of
                0x0000051c       0x34 .\ARM_GCC_541\Debug\app_statemachine.o
 .text.lca      0x00000550       0x80 .\ARM_GCC_541\Debug\app_statemachine.o
 .text.app_transition
                0x000005d0      0x150 .\ARM_GCC_541\Debug\app_statemachine.o
                0x000005d0                app_transition
 .text.app_start
                0x00000720       0x28 .\ARM_GCC_541\Debug\app_statemachine.o
                0x00000720                app_start
 .text.app_raise_error
                0x00000748       0x68 .\ARM_GCC_541\Debug\app_statemachine.o
                0x00000748                app_raise_error
 .text.app_state_name
                0x000007b0       0x20 .\ARM_GCC_541\Debug\app_statemachine.o
                0x000007b0                app_state_name
 .text.app_telem_tick
                0x000007d0       0x80 .\ARM_GCC_541\Debug\app_statemachine.o
                0x000007d0                app_telem_tick
 .text.build_defer
                0x00000850       0x30 .\ARM_GCC_541\Debug\app_statemachine.o
                0x00000850                build_defer
 .text.build_hold
                0x00000880       0x30 .\ARM_GCC_541\Debug\app_statemachine.o
                0x00000880                build_hold
 .text.app_build_control
                0x000008b0       0x50 .\ARM_GCC_541\Debug\app_statemachine.o
                0x000008b0                app_build_control
 .text.set_origin
                0x00000900       0x7c .\ARM_GCC_541\Debug\app_statemachine.o
                0x00000900                set_origin
 .text.print_help
                0x0000097c       0x1c .\ARM_GCC_541\Debug\app_statemachine.o
 .text.handle_global_key
                0x00000998       0xa0 .\ARM_GCC_541\Debug\app_statemachine.o
 .text.leaf_traps_nav
                0x00000a38       0x3c .\ARM_GCC_541\Debug\app_statemachine.o
 .text.handle_nav_key
                0x00000a74       0x48 .\ARM_GCC_541\Debug\app_statemachine.o
 .text.app_dispatch_key
                0x00000abc       0xa0 .\ARM_GCC_541\Debug\app_statemachine.o
                0x00000abc                app_dispatch_key
 .text.sbc_state_is_requestable
                0x00000b5c       0x24 .\ARM_GCC_541\Debug\app_statemachine.o
 .text.nudge_allowed_in
                0x00000b80       0x4c .\ARM_GCC_541\Debug\app_statemachine.o
 .text.app_sbc_tick
                0x00000bcc      0x1dc .\ARM_GCC_541\Debug\app_statemachine.o
                0x00000bcc                app_sbc_tick
 .text.sbc_init
                0x00000da8       0xb8 .\ARM_GCC_541\Debug\sbc_comms.o
                0x00000da8                sbc_init
 .text.decode_centroid
                0x00000e60      0x114 .\ARM_GCC_541\Debug\sbc_comms.o
 .text.sbc_on_rx_byte
                0x00000f74      0x2e0 .\ARM_GCC_541\Debug\sbc_comms.o
                0x00000f74                sbc_on_rx_byte
 .text.sbc_on_uart_err_flags
                0x00001254       0x30 .\ARM_GCC_541\Debug\sbc_comms.o
                0x00001254                sbc_on_uart_err_flags
 .text.sbc_get_centroid
                0x00001284       0xa0 .\ARM_GCC_541\Debug\sbc_comms.o
                0x00001284                sbc_get_centroid
 .text.sbc_discard_centroid
                0x00001324       0x4c .\ARM_GCC_541\Debug\sbc_comms.o
                0x00001324                sbc_discard_centroid
 .text.sbc_unknown_magic
                0x00001370       0x14 .\ARM_GCC_541\Debug\sbc_comms.o
                0x00001370                sbc_unknown_magic
 .text.sbc_rx_pkt_count
                0x00001384       0x14 .\ARM_GCC_541\Debug\sbc_comms.o
                0x00001384                sbc_rx_pkt_count
 .text.sbc_last_centroid_dt_ms
                0x00001398       0x2c .\ARM_GCC_541\Debug\sbc_comms.o
                0x00001398                sbc_last_centroid_dt_ms
 .text.sbc_last_rx_ms
                0x000013c4       0x2c .\ARM_GCC_541\Debug\sbc_comms.o
                0x000013c4                sbc_last_rx_ms
 .text.sbc_crc_errors
                0x000013f0       0x14 .\ARM_GCC_541\Debug\sbc_comms.o
                0x000013f0                sbc_crc_errors
 .text.sbc_uart_errors
                0x00001404       0x14 .\ARM_GCC_541\Debug\sbc_comms.o
                0x00001404                sbc_uart_errors
 .text.sbc_send_frame
                0x00001418       0x8c .\ARM_GCC_541\Debug\sbc_comms.o
                0x00001418                sbc_send_frame
 .text.sbc_get_state_req
                0x000014a4       0x4c .\ARM_GCC_541\Debug\sbc_comms.o
                0x000014a4                sbc_get_state_req
 .text.sbc_get_gps_target
                0x000014f0       0x4c .\ARM_GCC_541\Debug\sbc_comms.o
                0x000014f0                sbc_get_gps_target
 .text.sbc_get_nudge
                0x0000153c       0x4c .\ARM_GCC_541\Debug\sbc_comms.o
                0x0000153c                sbc_get_nudge
 .text.sbc_get_param
                0x00001588       0x50 .\ARM_GCC_541\Debug\sbc_comms.o
                0x00001588                sbc_get_param
 .text.sbc_get_set_origin
                0x000015d8       0x3c .\ARM_GCC_541\Debug\sbc_comms.o
                0x000015d8                sbc_get_set_origin
 .text.sbc_send_state_ack
                0x00001614       0x30 .\ARM_GCC_541\Debug\sbc_comms.o
                0x00001614                sbc_send_state_ack
 .text.sat_i16  0x00001644       0x4c .\ARM_GCC_541\Debug\telemetry.o
 .text.sat_u32  0x00001690       0x44 .\ARM_GCC_541\Debug\telemetry.o
 .text.sat_u16  0x000016d4       0x48 .\ARM_GCC_541\Debug\telemetry.o
 .text.telemetry_collect_hot
                0x0000171c      0x164 .\ARM_GCC_541\Debug\telemetry.o
                0x0000171c                telemetry_collect_hot
 .text.telemetry_collect_link
                0x00001880       0x64 .\ARM_GCC_541\Debug\telemetry.o
                0x00001880                telemetry_collect_link
 .text.telemetry_collect_power
                0x000018e4       0xc0 .\ARM_GCC_541\Debug\telemetry.o
                0x000018e4                telemetry_collect_power
 .text.telemetry_collect_env
                0x000019a4       0x80 .\ARM_GCC_541\Debug\telemetry.o
                0x000019a4                telemetry_collect_env
 .text.telemetry_collect_gps
                0x00001a24       0xa8 .\ARM_GCC_541\Debug\telemetry.o
                0x00001a24                telemetry_collect_gps
 .text.telemetry_collect_baro
                0x00001acc       0x90 .\ARM_GCC_541\Debug\telemetry.o
                0x00001acc                telemetry_collect_baro
 .text.telemetry_collect_mag
                0x00001b5c       0xcc .\ARM_GCC_541\Debug\telemetry.o
                0x00001b5c                telemetry_collect_mag
 .text.encode_hot
                0x00001c28      0x11c .\ARM_GCC_541\Debug\telemetry.o
 .text.encode_link
                0x00001d44       0x94 .\ARM_GCC_541\Debug\telemetry.o
 .text.encode_power
                0x00001dd8       0x9c .\ARM_GCC_541\Debug\telemetry.o
 .text.encode_env
                0x00001e74       0x58 .\ARM_GCC_541\Debug\telemetry.o
 .text.encode_gps
                0x00001ecc       0xe8 .\ARM_GCC_541\Debug\telemetry.o
 .text.encode_baro
                0x00001fb4       0x64 .\ARM_GCC_541\Debug\telemetry.o
 .text.encode_mag
                0x00002018       0x8c .\ARM_GCC_541\Debug\telemetry.o
 .text.telemetry_send_hot_sbc
                0x000020a4       0x44 .\ARM_GCC_541\Debug\telemetry.o
                0x000020a4                telemetry_send_hot_sbc
 .text.telemetry_send_link_sbc
                0x000020e8       0x44 .\ARM_GCC_541\Debug\telemetry.o
                0x000020e8                telemetry_send_link_sbc
 .text.telemetry_send_power_sbc
                0x0000212c       0x44 .\ARM_GCC_541\Debug\telemetry.o
                0x0000212c                telemetry_send_power_sbc
 .text.telemetry_send_env_sbc
                0x00002170       0x44 .\ARM_GCC_541\Debug\telemetry.o
                0x00002170                telemetry_send_env_sbc
 .text.telemetry_send_gps_sbc
                0x000021b4       0x44 .\ARM_GCC_541\Debug\telemetry.o
                0x000021b4                telemetry_send_gps_sbc
 .text.telemetry_send_baro_sbc
                0x000021f8       0x44 .\ARM_GCC_541\Debug\telemetry.o
                0x000021f8                telemetry_send_baro_sbc
 .text.telemetry_send_mag_sbc
                0x0000223c       0x44 .\ARM_GCC_541\Debug\telemetry.o
                0x0000223c                telemetry_send_mag_sbc
 .text.telemetry_pump
                0x00002280       0xd0 .\ARM_GCC_541\Debug\telemetry.o
                0x00002280                telemetry_pump
 .text.entry_stby_defer
                0x00002350       0x20 .\ARM_GCC_541\Debug\app_state_stby.o
                0x00002350                entry_stby_defer
 .text.entry_stby_hold
                0x00002370       0x1c .\ARM_GCC_541\Debug\app_state_stby.o
                0x00002370                entry_stby_hold
 .text.app_stby_tick
                0x0000238c       0xb0 .\ARM_GCC_541\Debug\app_state_stby.o
                0x0000238c                app_stby_tick
 .text.key_stby_hold
                0x0000243c       0x2c .\ARM_GCC_541\Debug\app_state_stby.o
                0x0000243c                key_stby_hold
 .text.guard_manu_joystick
                0x00002468       0x20 .\ARM_GCC_541\Debug\app_state_manu.o
                0x00002468                guard_manu_joystick
 .text.entry_manu_joystick
                0x00002488       0x1c .\ARM_GCC_541\Debug\app_state_manu.o
                0x00002488                entry_manu_joystick
 .text.exit_manu_joystick
                0x000024a4       0x1c .\ARM_GCC_541\Debug\app_state_manu.o
                0x000024a4                exit_manu_joystick
 .text.build_manu_joystick
                0x000024c0       0x9c .\ARM_GCC_541\Debug\app_state_manu.o
                0x000024c0                build_manu_joystick
 .text.key_manu_joystick
                0x0000255c       0x9c .\ARM_GCC_541\Debug\app_state_manu.o
                0x0000255c                key_manu_joystick
 .text.app_manual_tick
                0x000025f8       0xbc .\ARM_GCC_541\Debug\app_state_manu.o
                0x000025f8                app_manual_tick
 .text.guard_auto_parent
                0x000026b4       0x24 .\ARM_GCC_541\Debug\app_state_auto.o
                0x000026b4                guard_auto_parent
 .text.guard_auto_home
                0x000026d8       0x18 .\ARM_GCC_541\Debug\app_state_auto.o
                0x000026d8                guard_auto_home
 .text.guard_auto_acq_gps
                0x000026f0       0x18 .\ARM_GCC_541\Debug\app_state_auto.o
                0x000026f0                guard_auto_acq_gps
 .text.app_auto_tick
                0x00002708      0x33c .\ARM_GCC_541\Debug\app_state_auto.o
                0x00002708                app_auto_tick
 .text.entry_auto_home
                0x00002a44       0x9c .\ARM_GCC_541\Debug\app_state_auto.o
                0x00002a44                entry_auto_home
 .text.exit_auto_home
                0x00002ae0       0x24 .\ARM_GCC_541\Debug\app_state_auto.o
                0x00002ae0                exit_auto_home
 .text.key_auto_home
                0x00002b04       0x28 .\ARM_GCC_541\Debug\app_state_auto.o
                0x00002b04                key_auto_home
 .text.build_auto_home
                0x00002b2c       0x74 .\ARM_GCC_541\Debug\app_state_auto.o
                0x00002b2c                build_auto_home
 .text.entry_auto_hold
                0x00002ba0       0x28 .\ARM_GCC_541\Debug\app_state_auto.o
                0x00002ba0                entry_auto_hold
 .text.key_auto_hold
                0x00002bc8       0x2c .\ARM_GCC_541\Debug\app_state_auto.o
                0x00002bc8                key_auto_hold
 .text.gps_bearing_deg
                0x00002bf4       0xf8 .\ARM_GCC_541\Debug\app_state_auto.o
 .text.gps_elev_deg
                0x00002cec      0x15c .\ARM_GCC_541\Debug\app_state_auto.o
 .text.gps_start_slew
                0x00002e48       0x3c .\ARM_GCC_541\Debug\app_state_auto.o
 .text.gps_update_pointing
                0x00002e84       0xe8 .\ARM_GCC_541\Debug\app_state_auto.o
 .text.gps_check_settle
                0x00002f6c      0x1c8 .\ARM_GCC_541\Debug\app_state_auto.o
 .text.entry_auto_acq_gps
                0x00003134       0x48 .\ARM_GCC_541\Debug\app_state_auto.o
                0x00003134                entry_auto_acq_gps
 .text.exit_auto_acq_gps
                0x0000317c       0x38 .\ARM_GCC_541\Debug\app_state_auto.o
                0x0000317c                exit_auto_acq_gps
 .text.key_auto_acq_gps
                0x000031b4       0x28 .\ARM_GCC_541\Debug\app_state_auto.o
                0x000031b4                key_auto_acq_gps
 .text.build_auto_acq_gps
                0x000031dc       0xa8 .\ARM_GCC_541\Debug\app_state_auto.o
                0x000031dc                build_auto_acq_gps
 .text.entry_auto_acq_spiral
                0x00003284       0x1c .\ARM_GCC_541\Debug\app_state_auto.o
                0x00003284                entry_auto_acq_spiral
 .text.entry_auto_tracking
                0x000032a0       0x2c .\ARM_GCC_541\Debug\app_state_auto.o
                0x000032a0                entry_auto_tracking
 .text.key_auto_tracking
                0x000032cc       0x28 .\ARM_GCC_541\Debug\app_state_auto.o
                0x000032cc                key_auto_tracking
 .text.build_auto_tracking
                0x000032f4      0x120 .\ARM_GCC_541\Debug\app_state_auto.o
                0x000032f4                build_auto_tracking
 .text.entry_auto_loss
                0x00003414       0x1c .\ARM_GCC_541\Debug\app_state_auto.o
                0x00003414                entry_auto_loss
 .text.key_auto_loss
                0x00003430       0x3c .\ARM_GCC_541\Debug\app_state_auto.o
                0x00003430                key_auto_loss
 .text.entry_auto_no_lock
                0x0000346c       0x1c .\ARM_GCC_541\Debug\app_state_auto.o
                0x0000346c                entry_auto_no_lock
 .text.key_auto_no_lock
                0x00003488       0x3c .\ARM_GCC_541\Debug\app_state_auto.o
                0x00003488                key_auto_no_lock
 .text.sev_str  0x000034c4       0x40 .\ARM_GCC_541\Debug\app_state_error.o
 .text.entry_error_active
                0x00003504       0x78 .\ARM_GCC_541\Debug\app_state_error.o
                0x00003504                entry_error_active
 .text.key_error_active
                0x0000357c       0x48 .\ARM_GCC_541\Debug\app_state_error.o
                0x0000357c                key_error_active
 .text.entry_error_kill
                0x000035c4       0x2c .\ARM_GCC_541\Debug\app_state_error.o
                0x000035c4                entry_error_kill
 .text.key_error_kill
                0x000035f0       0x18 .\ARM_GCC_541\Debug\app_state_error.o
                0x000035f0                key_error_kill
 .text.build_error
                0x00003608       0x28 .\ARM_GCC_541\Debug\app_state_error.o
                0x00003608                build_error
 .text.gimbal_pan_tilt_deg
                0x00003630       0x54 .\ARM_GCC_541\Debug\utils.o
                0x00003630                gimbal_pan_tilt_deg
 .text.nudge_apply
                0x00003684      0x1ec .\ARM_GCC_541\Debug\utils.o
                0x00003684                nudge_apply
 .text.handle_nudge_key
                0x00003870      0x114 .\ARM_GCC_541\Debug\utils.o
                0x00003870                handle_nudge_key
 .text.dbg_init
                0x00003984       0x10 .\ARM_GCC_541\Debug\debug_usbcdc.o
                0x00003984                dbg_init
 .text.dbg_tick
                0x00003994       0x34 .\ARM_GCC_541\Debug\debug_usbcdc.o
                0x00003994                dbg_tick
 .text.dbg_put  0x000039c8       0x94 .\ARM_GCC_541\Debug\debug_usbcdc.o
                0x000039c8                dbg_put
 .text.dbg_get  0x00003a5c       0x3c .\ARM_GCC_541\Debug\debug_usbcdc.o
                0x00003a5c                dbg_get
 .text.rb_next  0x00003a98       0x28 .\ARM_GCC_541\Debug\hamfly_comm_rb.o
 .text.hamfly_rb_init
                0x00003ac0       0x2c .\ARM_GCC_541\Debug\hamfly_comm_rb.o
                0x00003ac0                hamfly_rb_init
 .text.hamfly_rb_push
                0x00003aec       0x64 .\ARM_GCC_541\Debug\hamfly_comm_rb.o
                0x00003aec                hamfly_rb_push
 .text.hamfly_rb_pop
                0x00003b50       0x58 .\ARM_GCC_541\Debug\hamfly_comm_rb.o
                0x00003b50                hamfly_rb_pop
 .text.load_freefly_control
                0x00003ba8       0x50 .\ARM_GCC_541\Debug\hamfly_core_gimbal.o
 .text.copy_qx287_to_telemetry
                0x00003bf8       0x1c .\ARM_GCC_541\Debug\hamfly_core_gimbal.o
 .text.drain_rb
                0x00003c14       0x44 .\ARM_GCC_541\Debug\hamfly_core_gimbal.o
 .text.hamfly_init
                0x00003c58       0x5c .\ARM_GCC_541\Debug\hamfly_core_gimbal.o
                0x00003c58                hamfly_init
 .text.hamfly_on_rx_byte
                0x00003cb4       0x3c .\ARM_GCC_541\Debug\hamfly_core_gimbal.o
                0x00003cb4                hamfly_on_rx_byte
 .text.hamfly_on_uart_err_flags
                0x00003cf0       0x30 .\ARM_GCC_541\Debug\hamfly_core_gimbal.o
                0x00003cf0                hamfly_on_uart_err_flags
 .text.hamfly_pump
                0x00003d20      0x27c .\ARM_GCC_541\Debug\hamfly_core_gimbal.o
                0x00003d20                hamfly_pump
 .text.hamfly_send_control
                0x00003f9c       0x7c .\ARM_GCC_541\Debug\hamfly_core_gimbal.o
                0x00003f9c                hamfly_send_control
 .text.hamfly_kill
                0x00004018       0x3c .\ARM_GCC_541\Debug\hamfly_core_gimbal.o
                0x00004018                hamfly_kill
 .text.hamfly_request_attr
                0x00004054       0xa8 .\ARM_GCC_541\Debug\hamfly_core_gimbal.o
                0x00004054                hamfly_request_attr
 .text.hamfly_get_telemetry
                0x000040fc       0x30 .\ARM_GCC_541\Debug\hamfly_core_gimbal.o
                0x000040fc                hamfly_get_telemetry
 .text.rd_be32  0x0000412c       0x34 .\ARM_GCC_541\Debug\hamfly_core_telemetry.o
 .text.rd_be16  0x00004160       0x28 .\ARM_GCC_541\Debug\hamfly_core_telemetry.o
 .text.rd_be_u16
                0x00004188       0x28 .\ARM_GCC_541\Debug\hamfly_core_telemetry.o
 .text.rd_le16  0x000041b0       0x24 .\ARM_GCC_541\Debug\hamfly_core_telemetry.o
 .text.hamfly_telemetry_to_euler
                0x000041d4      0x1d4 .\ARM_GCC_541\Debug\hamfly_core_telemetry.o
                0x000041d4                hamfly_telemetry_to_euler
 .text.hamfly_decode_qx287
                0x000043a8       0x68 .\ARM_GCC_541\Debug\hamfly_core_telemetry.o
                0x000043a8                hamfly_decode_qx287
 .text.hamfly_decode_gps
                0x00004410      0x1a0 .\ARM_GCC_541\Debug\hamfly_core_telemetry.o
                0x00004410                hamfly_decode_gps
 .text.hamfly_decode_baro
                0x000045b0       0x78 .\ARM_GCC_541\Debug\hamfly_core_telemetry.o
                0x000045b0                hamfly_decode_baro
 .text.hamfly_decode_attitude
                0x00004628      0x144 .\ARM_GCC_541\Debug\hamfly_core_telemetry.o
                0x00004628                hamfly_decode_attitude
 .text.hamfly_decode_sysstat
                0x0000476c      0x1c8 .\ARM_GCC_541\Debug\hamfly_core_telemetry.o
                0x0000476c                hamfly_decode_sysstat
 .text.hamfly_decode_mag
                0x00004934      0x18c .\ARM_GCC_541\Debug\hamfly_core_telemetry.o
                0x00004934                hamfly_decode_mag
 .text.hamfly_decode_sysecho
                0x00004ac0       0x7c .\ARM_GCC_541\Debug\hamfly_core_telemetry.o
                0x00004ac0                hamfly_decode_sysecho
 .text.ff_api_init
                0x00004b3c       0x7c .\ARM_GCC_541\Debug\hamfly_qx_app.o
 .text.ff_api_send
                0x00004bb8       0x44 .\ARM_GCC_541\Debug\hamfly_qx_app.o
 .text.QX_ParsePacket_Cli_MoVI_Ctrl_CB
                0x00004bfc      0x884 .\ARM_GCC_541\Debug\hamfly_qx_app.o
 .text.QX_SendMsg2CommsPort_CB
                0x00005480       0x64 .\ARM_GCC_541\Debug\hamfly_qx_app.o
                0x00005480                QX_SendMsg2CommsPort_CB
 .text.QX_FwdMsg_CB
                0x000054e4       0x14 .\ARM_GCC_541\Debug\hamfly_qx_app.o
                0x000054e4                QX_FwdMsg_CB
 .text.QX_GetTicks_ms
                0x000054f8       0x34 .\ARM_GCC_541\Debug\hamfly_qx_app.o
                0x000054f8                QX_GetTicks_ms
 .text.QX_Parser_SetMsgPtr
                0x0000552c       0x1c .\ARM_GCC_541\Debug\hamfly_qx_protocol.o
                0x0000552c                QX_Parser_SetMsgPtr
 .text.QX_Parser_AdvMsgPtr
                0x00005548       0x1c .\ARM_GCC_541\Debug\hamfly_qx_protocol.o
                0x00005548                QX_Parser_AdvMsgPtr
 .text.QX_Parser_GetMsgPtr
                0x00005564       0x14 .\ARM_GCC_541\Debug\hamfly_qx_protocol.o
                0x00005564                QX_Parser_GetMsgPtr
 .text.QX_Parser_SetDir_Read
                0x00005578       0x18 .\ARM_GCC_541\Debug\hamfly_qx_protocol.o
                0x00005578                QX_Parser_SetDir_Read
 .text.QX_Parser_SetDir_WriteAbs
                0x00005590       0x18 .\ARM_GCC_541\Debug\hamfly_qx_protocol.o
                0x00005590                QX_Parser_SetDir_WriteAbs
 .text.AddFloatAsSignedShort
                0x000055a8       0xc8 .\ARM_GCC_541\Debug\hamfly_qx_protocol.o
                0x000055a8                AddFloatAsSignedShort
 .text.GetFloatAsSignedShort
                0x00005670      0x170 .\ARM_GCC_541\Debug\hamfly_qx_protocol.o
                0x00005670                GetFloatAsSignedShort
 .text.AddSignedShortAsSignedShort
                0x000057e0       0x58 .\ARM_GCC_541\Debug\hamfly_qx_protocol.o
                0x000057e0                AddSignedShortAsSignedShort
 .text.GetSignedShortAsSignedShort
                0x00005838      0x15c .\ARM_GCC_541\Debug\hamfly_qx_protocol.o
                0x00005838                GetSignedShortAsSignedShort
 .text.AddUnsignedCharAsUnsignedChar
                0x00005994       0x3c .\ARM_GCC_541\Debug\hamfly_qx_protocol.o
                0x00005994                AddUnsignedCharAsUnsignedChar
 .text.GetUnsignedCharAsUnsignedChar
                0x000059d0       0xc8 .\ARM_GCC_541\Debug\hamfly_qx_protocol.o
                0x000059d0                GetUnsignedCharAsUnsignedChar
 .text.AddUnsignedShortAsUnsignedShort
                0x00005a98       0x54 .\ARM_GCC_541\Debug\hamfly_qx_protocol.o
                0x00005a98                AddUnsignedShortAsUnsignedShort
 .text.GetUnsignedShortAsUnsignedShort
                0x00005aec       0xf8 .\ARM_GCC_541\Debug\hamfly_qx_protocol.o
                0x00005aec                GetUnsignedShortAsUnsignedShort
 .text.AddBitsAsByte
                0x00005be4       0xcc .\ARM_GCC_541\Debug\hamfly_qx_protocol.o
                0x00005be4                AddBitsAsByte
 .text.GetBitsAsByte
                0x00005cb0       0xdc .\ARM_GCC_541\Debug\hamfly_qx_protocol.o
                0x00005cb0                GetBitsAsByte
 .text.QX_InitMsg
                0x00005d8c       0x30 .\ARM_GCC_541\Debug\hamfly_qx_protocol.o
 .text.QX_RxMsg
                0x00005dbc       0xec .\ARM_GCC_541\Debug\hamfly_qx_protocol.o
 .text.QX_Srv_Rx_Read
                0x00005ea8       0x90 .\ARM_GCC_541\Debug\hamfly_qx_protocol.o
 .text.QX_Srv_Rx_Write
                0x00005f38       0xc4 .\ARM_GCC_541\Debug\hamfly_qx_protocol.o
 .text.QX_Cli_Rx_CurVal
                0x00005ffc       0x3c .\ARM_GCC_541\Debug\hamfly_qx_protocol.o
 .text.QX_TxMsg_Setup
                0x00006038       0x4c .\ARM_GCC_541\Debug\hamfly_qx_protocol.o
 .text.QX_TxMsg_Finish
                0x00006084      0x1dc .\ARM_GCC_541\Debug\hamfly_qx_protocol.o
 .text.QX_BuildHeader
                0x00006260      0x188 .\ARM_GCC_541\Debug\hamfly_qx_protocol.o
 .text.QX_ParseHeader
                0x000063e8      0x114 .\ARM_GCC_541\Debug\hamfly_qx_protocol.o
 .text.QX_Calc8bChecksum
                0x000064fc       0x3c .\ARM_GCC_541\Debug\hamfly_qx_protocol.o
 .text.QX_AddExtdValToBuf
                0x00006538       0x88 .\ARM_GCC_541\Debug\hamfly_qx_protocol.o
 .text.QX_GetExtdValFromBuf
                0x000065c0       0x6c .\ARM_GCC_541\Debug\hamfly_qx_protocol.o
 .text.QX_compute_crc32
                0x0000662c       0x4c .\ARM_GCC_541\Debug\hamfly_qx_protocol.o
 .text.QX_accumulate_crc32
                0x00006678       0x54 .\ARM_GCC_541\Debug\hamfly_qx_protocol.o
                0x00006678                QX_accumulate_crc32
 .text.QX_InitCli
                0x000066cc       0x24 .\ARM_GCC_541\Debug\hamfly_qx_protocol.o
                0x000066cc                QX_InitCli
 .text.QX_InitTxOptions
                0x000066f0       0x3c .\ARM_GCC_541\Debug\hamfly_qx_protocol.o
                0x000066f0                QX_InitTxOptions
 .text.QX_SendPacket_Srv_CurVal
                0x0000672c       0x98 .\ARM_GCC_541\Debug\hamfly_qx_protocol.o
                0x0000672c                QX_SendPacket_Srv_CurVal
 .text.QX_SendPacket_Cli_Read
                0x000067c4       0x80 .\ARM_GCC_541\Debug\hamfly_qx_protocol.o
                0x000067c4                QX_SendPacket_Cli_Read
 .text.QX_SendPacket_Cli_WriteABS
                0x00006844       0x98 .\ARM_GCC_541\Debug\hamfly_qx_protocol.o
                0x00006844                QX_SendPacket_Cli_WriteABS
 .text.QX_StreamRxCharSM
                0x000068dc      0x6e0 .\ARM_GCC_541\Debug\hamfly_qx_protocol.o
                0x000068dc                QX_StreamRxCharSM
 .text.CYMEMZERO
                0x00006fbc       0x1c .\ARM_GCC_541\Debug\cyfitter_cfg.o
 .text.CYCONFIGCPY
                0x00006fd8       0x20 .\ARM_GCC_541\Debug\cyfitter_cfg.o
 .text.CyClockStartupError
                0x00006ff8        0xc .\ARM_GCC_541\Debug\cyfitter_cfg.o
 .text.cfg_write_bytes32
                0x00007004       0x74 .\ARM_GCC_541\Debug\cyfitter_cfg.o
 .text.ClockSetup
                0x00007078      0x12c .\ARM_GCC_541\Debug\cyfitter_cfg.o
 .text.AnalogSetDefault
                0x000071a4       0x60 .\ARM_GCC_541\Debug\cyfitter_cfg.o
 .text.cyfitter_cfg
                0x00007204      0x1ac .\ARM_GCC_541\Debug\cyfitter_cfg.o
                0x00007204                cyfitter_cfg
 .text.IntDefaultHandler
                0x000073b0       0x14 .\ARM_GCC_541\Debug\Cm3Start.o
                0x000073b0                IntDefaultHandler
 .text._sbrk    0x000073c4       0x50 .\ARM_GCC_541\Debug\Cm3Start.o
                0x000073c4                _sbrk
 .text.Start_c  0x00007414       0x98 .\ARM_GCC_541\Debug\Cm3Start.o
                0x00007414                Start_c
 .text.initialize_psoc
                0x000074ac       0x90 .\ARM_GCC_541\Debug\Cm3Start.o
                0x000074ac                initialize_psoc
 .text.UART_MOVI_Start
                0x0000753c       0x24 .\ARM_GCC_541\Debug\Proj08_DemoTxIntegration.a(UART_MOVI.o)
                0x0000753c                UART_MOVI_Start
 .text.UART_MOVI_Init
                0x00007560       0x40 .\ARM_GCC_541\Debug\Proj08_DemoTxIntegration.a(UART_MOVI.o)
                0x00007560                UART_MOVI_Init
 .text.UART_MOVI_Enable
                0x000075a0       0x5c .\ARM_GCC_541\Debug\Proj08_DemoTxIntegration.a(UART_MOVI.o)
                0x000075a0                UART_MOVI_Enable
 .text.UART_MOVI_ReadRxData
                0x000075fc       0x1c .\ARM_GCC_541\Debug\Proj08_DemoTxIntegration.a(UART_MOVI.o)
                0x000075fc                UART_MOVI_ReadRxData
 .text.UART_MOVI_GetRxBufferSize
                0x00007618       0x2c .\ARM_GCC_541\Debug\Proj08_DemoTxIntegration.a(UART_MOVI.o)
                0x00007618                UART_MOVI_GetRxBufferSize
 .text.UART_MOVI_ClearRxBuffer
                0x00007644       0x44 .\ARM_GCC_541\Debug\Proj08_DemoTxIntegration.a(UART_MOVI.o)
                0x00007644                UART_MOVI_ClearRxBuffer
 .text.UART_MOVI_PutChar
                0x00007688       0x34 .\ARM_GCC_541\Debug\Proj08_DemoTxIntegration.a(UART_MOVI.o)
                0x00007688                UART_MOVI_PutChar
 .text.UART_MOVI_ClearTxBuffer
                0x000076bc       0x44 .\ARM_GCC_541\Debug\Proj08_DemoTxIntegration.a(UART_MOVI.o)
                0x000076bc                UART_MOVI_ClearTxBuffer
 .text.isr_rx_movi_StartEx
                0x00007700       0x24 .\ARM_GCC_541\Debug\Proj08_DemoTxIntegration.a(isr_rx_movi.o)
                0x00007700                isr_rx_movi_StartEx
 .text.isr_rx_movi_SetVector
                0x00007724       0x24 .\ARM_GCC_541\Debug\Proj08_DemoTxIntegration.a(isr_rx_movi.o)
                0x00007724                isr_rx_movi_SetVector
 .text.isr_rx_movi_SetPriority
                0x00007748       0x24 .\ARM_GCC_541\Debug\Proj08_DemoTxIntegration.a(isr_rx_movi.o)
                0x00007748                isr_rx_movi_SetPriority
 .text.isr_rx_movi_Enable
                0x0000776c       0x18 .\ARM_GCC_541\Debug\Proj08_DemoTxIntegration.a(isr_rx_movi.o)
                0x0000776c                isr_rx_movi_Enable
 .text.isr_rx_movi_Disable
                0x00007784       0x18 .\ARM_GCC_541\Debug\Proj08_DemoTxIntegration.a(isr_rx_movi.o)
                0x00007784                isr_rx_movi_Disable
 .text.Looptimer_Init
                0x0000779c       0xa0 .\ARM_GCC_541\Debug\Proj08_DemoTxIntegration.a(Looptimer.o)
                0x0000779c                Looptimer_Init
 .text.Looptimer_Enable
                0x0000783c       0x48 .\ARM_GCC_541\Debug\Proj08_DemoTxIntegration.a(Looptimer.o)
                0x0000783c                Looptimer_Enable
 .text.Looptimer_Start
                0x00007884       0x24 .\ARM_GCC_541\Debug\Proj08_DemoTxIntegration.a(Looptimer.o)
                0x00007884                Looptimer_Start
 .text.Looptimer_SetInterruptMode
                0x000078a8       0x20 .\ARM_GCC_541\Debug\Proj08_DemoTxIntegration.a(Looptimer.o)
                0x000078a8                Looptimer_SetInterruptMode
 .text.Looptimer_ReadStatusRegister
                0x000078c8       0x18 .\ARM_GCC_541\Debug\Proj08_DemoTxIntegration.a(Looptimer.o)
                0x000078c8                Looptimer_ReadStatusRegister
 .text.Looptimer_WritePeriod
                0x000078e0       0x24 .\ARM_GCC_541\Debug\Proj08_DemoTxIntegration.a(Looptimer.o)
                0x000078e0                Looptimer_WritePeriod
 .text.Looptimer_WriteCounter
                0x00007904       0x20 .\ARM_GCC_541\Debug\Proj08_DemoTxIntegration.a(Looptimer.o)
                0x00007904                Looptimer_WriteCounter
 .text.isr_Looptimer_StartEx
                0x00007924       0x24 .\ARM_GCC_541\Debug\Proj08_DemoTxIntegration.a(isr_Looptimer.o)
                0x00007924                isr_Looptimer_StartEx
 .text.isr_Looptimer_SetVector
                0x00007948       0x24 .\ARM_GCC_541\Debug\Proj08_DemoTxIntegration.a(isr_Looptimer.o)
                0x00007948                isr_Looptimer_SetVector
 .text.isr_Looptimer_SetPriority
                0x0000796c       0x24 .\ARM_GCC_541\Debug\Proj08_DemoTxIntegration.a(isr_Looptimer.o)
                0x0000796c                isr_Looptimer_SetPriority
 .text.isr_Looptimer_Enable
                0x00007990       0x18 .\ARM_GCC_541\Debug\Proj08_DemoTxIntegration.a(isr_Looptimer.o)
                0x00007990                isr_Looptimer_Enable
 .text.isr_Looptimer_Disable
                0x000079a8       0x18 .\ARM_GCC_541\Debug\Proj08_DemoTxIntegration.a(isr_Looptimer.o)
                0x000079a8                isr_Looptimer_Disable
 .text.EEPROM_CONFIG_Enable
                0x000079c0       0x10 .\ARM_GCC_541\Debug\Proj08_DemoTxIntegration.a(EEPROM_CONFIG.o)
                0x000079c0                EEPROM_CONFIG_Enable
 .text.EEPROM_CONFIG_Start
                0x000079d0        0xc .\ARM_GCC_541\Debug\Proj08_DemoTxIntegration.a(EEPROM_CONFIG.o)
                0x000079d0                EEPROM_CONFIG_Start
 .text.CySetTempInt
                0x000079dc       0x7c .\ARM_GCC_541\Debug\Proj08_DemoTxIntegration.a(CyFlash.o)
 .text.CyFlashGetSpcAlgorithm
                0x00007a58       0x70 .\ARM_GCC_541\Debug\Proj08_DemoTxIntegration.a(CyFlash.o)
                0x00007a58                CyFlashGetSpcAlgorithm
 .text.CySetTemp
                0x00007ac8       0x24 .\ARM_GCC_541\Debug\Proj08_DemoTxIntegration.a(CyFlash.o)
                0x00007ac8                CySetTemp
 .text.CyEEPROM_Start
                0x00007aec       0x8c .\ARM_GCC_541\Debug\Proj08_DemoTxIntegration.a(CyFlash.o)
                0x00007aec                CyEEPROM_Start
 .text.CyHalt   0x00007b78       0x18 .\ARM_GCC_541\Debug\Proj08_DemoTxIntegration.a(CyLib.o)
                0x00007b78                CyHalt
 .text.CyDelayUs
                0x00007b90       0x28 .\ARM_GCC_541\Debug\Proj08_DemoTxIntegration.a(CyLib.o)
                0x00007b90                CyDelayUs
 .text.CyIntSetVector
                0x00007bb8       0x50 .\ARM_GCC_541\Debug\Proj08_DemoTxIntegration.a(CyLib.o)
                0x00007bb8                CyIntSetVector
 .text.CyIntSetPriority
                0x00007c08       0x48 .\ARM_GCC_541\Debug\Proj08_DemoTxIntegration.a(CyLib.o)
                0x00007c08                CyIntSetPriority
 .text.CyGetUniqueId
                0x00007c50       0xc4 .\ARM_GCC_541\Debug\Proj08_DemoTxIntegration.a(CyLib.o)
                0x00007c50                CyGetUniqueId
 .text.CySpcStart
                0x00007d14       0x48 .\ARM_GCC_541\Debug\Proj08_DemoTxIntegration.a(CySpc.o)
                0x00007d14                CySpcStart
 .text.CySpcReadData
                0x00007d5c       0x54 .\ARM_GCC_541\Debug\Proj08_DemoTxIntegration.a(CySpc.o)
                0x00007d5c                CySpcReadData
 .text.CySpcGetTemp
                0x00007db0       0x64 .\ARM_GCC_541\Debug\Proj08_DemoTxIntegration.a(CySpc.o)
                0x00007db0                CySpcGetTemp
 .text.CySpcLock
                0x00007e14       0x68 .\ARM_GCC_541\Debug\Proj08_DemoTxIntegration.a(CySpc.o)
                0x00007e14                CySpcLock
 .text.CySpcUnlock
                0x00007e7c       0x50 .\ARM_GCC_541\Debug\Proj08_DemoTxIntegration.a(CySpc.o)
                0x00007e7c                CySpcUnlock
 .text.CySpcGetAlgorithm
                0x00007ecc       0x44 .\ARM_GCC_541\Debug\Proj08_DemoTxIntegration.a(CySpc.o)
                0x00007ecc                CySpcGetAlgorithm
 .text.UART_SBC_Start
                0x00007f10       0x24 .\ARM_GCC_541\Debug\Proj08_DemoTxIntegration.a(UART_SBC.o)
                0x00007f10                UART_SBC_Start
 .text.UART_SBC_Init
                0x00007f34       0x40 .\ARM_GCC_541\Debug\Proj08_DemoTxIntegration.a(UART_SBC.o)
                0x00007f34                UART_SBC_Init
 .text.UART_SBC_Enable
                0x00007f74       0x60 .\ARM_GCC_541\Debug\Proj08_DemoTxIntegration.a(UART_SBC.o)
                0x00007f74                UART_SBC_Enable
 .text.UART_SBC_ReadRxData
                0x00007fd4       0x1c .\ARM_GCC_541\Debug\Proj08_DemoTxIntegration.a(UART_SBC.o)
                0x00007fd4                UART_SBC_ReadRxData
 .text.UART_SBC_GetRxBufferSize
                0x00007ff0       0x2c .\ARM_GCC_541\Debug\Proj08_DemoTxIntegration.a(UART_SBC.o)
                0x00007ff0                UART_SBC_GetRxBufferSize
 .text.UART_SBC_ClearRxBuffer
                0x0000801c       0x44 .\ARM_GCC_541\Debug\Proj08_DemoTxIntegration.a(UART_SBC.o)
                0x0000801c                UART_SBC_ClearRxBuffer
 .text.UART_SBC_PutChar
                0x00008060       0x34 .\ARM_GCC_541\Debug\Proj08_DemoTxIntegration.a(UART_SBC.o)
                0x00008060                UART_SBC_PutChar
 .text.UART_SBC_ClearTxBuffer
                0x00008094       0x44 .\ARM_GCC_541\Debug\Proj08_DemoTxIntegration.a(UART_SBC.o)
                0x00008094                UART_SBC_ClearTxBuffer
 .text.isr_rx_sbc_StartEx
                0x000080d8       0x24 .\ARM_GCC_541\Debug\Proj08_DemoTxIntegration.a(isr_rx_sbc.o)
                0x000080d8                isr_rx_sbc_StartEx
 .text.isr_rx_sbc_SetVector
                0x000080fc       0x24 .\ARM_GCC_541\Debug\Proj08_DemoTxIntegration.a(isr_rx_sbc.o)
                0x000080fc                isr_rx_sbc_SetVector
 .text.isr_rx_sbc_SetPriority
                0x00008120       0x24 .\ARM_GCC_541\Debug\Proj08_DemoTxIntegration.a(isr_rx_sbc.o)
                0x00008120                isr_rx_sbc_SetPriority
 .text.isr_rx_sbc_Enable
                0x00008144       0x18 .\ARM_GCC_541\Debug\Proj08_DemoTxIntegration.a(isr_rx_sbc.o)
                0x00008144                isr_rx_sbc_Enable
 .text.isr_rx_sbc_Disable
                0x0000815c       0x18 .\ARM_GCC_541\Debug\Proj08_DemoTxIntegration.a(isr_rx_sbc.o)
                0x0000815c                isr_rx_sbc_Disable
 .text.UART_SBC_IntClock_Start
                0x00008174       0x34 .\ARM_GCC_541\Debug\Proj08_DemoTxIntegration.a(UART_SBC_IntClock.o)
                0x00008174                UART_SBC_IntClock_Start
 .text.Pin_Debug_SuperLoop_Write
                0x000081a8       0x3c .\ARM_GCC_541\Debug\Proj08_DemoTxIntegration.a(Pin_Debug_SuperLoop.o)
                0x000081a8                Pin_Debug_SuperLoop_Write
 .text.Pin_Debug_SuperLoop_Read
                0x000081e4       0x20 .\ARM_GCC_541\Debug\Proj08_DemoTxIntegration.a(Pin_Debug_SuperLoop.o)
                0x000081e4                Pin_Debug_SuperLoop_Read
 .text.Pin_Debug_CoarseCentroid_Write
                0x00008204       0x3c .\ARM_GCC_541\Debug\Proj08_DemoTxIntegration.a(Pin_Debug_CoarseCentroid.o)
                0x00008204                Pin_Debug_CoarseCentroid_Write
 .text.Pin_Debug_CoarseCentroid_Read
                0x00008240       0x20 .\ARM_GCC_541\Debug\Proj08_DemoTxIntegration.a(Pin_Debug_CoarseCentroid.o)
                0x00008240                Pin_Debug_CoarseCentroid_Read
 .text.Pin_SwitchAuto_Read
                0x00008260       0x20 .\ARM_GCC_541\Debug\Proj08_DemoTxIntegration.a(Pin_SwitchAuto.o)
                0x00008260                Pin_SwitchAuto_Read
 .text.VDAC8_3v3Ref_Init
                0x00008280       0x28 .\ARM_GCC_541\Debug\Proj08_DemoTxIntegration.a(VDAC8_3v3Ref.o)
                0x00008280                VDAC8_3v3Ref_Init
 .text.VDAC8_3v3Ref_Enable
                0x000082a8       0x34 .\ARM_GCC_541\Debug\Proj08_DemoTxIntegration.a(VDAC8_3v3Ref.o)
                0x000082a8                VDAC8_3v3Ref_Enable
 .text.VDAC8_3v3Ref_Start
                0x000082dc       0x28 .\ARM_GCC_541\Debug\Proj08_DemoTxIntegration.a(VDAC8_3v3Ref.o)
                0x000082dc                VDAC8_3v3Ref_Start
 .text.VDAC8_3v3Ref_SetSpeed
                0x00008304       0x40 .\ARM_GCC_541\Debug\Proj08_DemoTxIntegration.a(VDAC8_3v3Ref.o)
                0x00008304                VDAC8_3v3Ref_SetSpeed
 .text.VDAC8_3v3Ref_SetRange
                0x00008344       0x40 .\ARM_GCC_541\Debug\Proj08_DemoTxIntegration.a(VDAC8_3v3Ref.o)
                0x00008344                VDAC8_3v3Ref_SetRange
 .text.VDAC8_3v3Ref_SetValue
                0x00008384       0x20 .\ARM_GCC_541\Debug\Proj08_DemoTxIntegration.a(VDAC8_3v3Ref.o)
                0x00008384                VDAC8_3v3Ref_SetValue
 .text.VDAC8_3v3Ref_DacTrim
                0x000083a4       0x3c .\ARM_GCC_541\Debug\Proj08_DemoTxIntegration.a(VDAC8_3v3Ref.o)
                0x000083a4                VDAC8_3v3Ref_DacTrim
 .text.USBFS_DEBUG_Start
                0x000083e0       0x3c .\ARM_GCC_541\Debug\Proj08_DemoTxIntegration.a(USBFS_DEBUG.o)
                0x000083e0                USBFS_DEBUG_Start
 .text.USBFS_DEBUG_Init
                0x0000841c      0x190 .\ARM_GCC_541\Debug\Proj08_DemoTxIntegration.a(USBFS_DEBUG.o)
                0x0000841c                USBFS_DEBUG_Init
 .text.USBFS_DEBUG_InitComponent
                0x000085ac       0xf8 .\ARM_GCC_541\Debug\Proj08_DemoTxIntegration.a(USBFS_DEBUG.o)
                0x000085ac                USBFS_DEBUG_InitComponent
 .text.USBFS_DEBUG_ReInitComponent
                0x000086a4       0x68 .\ARM_GCC_541\Debug\Proj08_DemoTxIntegration.a(USBFS_DEBUG.o)
                0x000086a4                USBFS_DEBUG_ReInitComponent
 .text.USBFS_DEBUG_GetConfiguration
                0x0000870c       0x18 .\ARM_GCC_541\Debug\Proj08_DemoTxIntegration.a(USBFS_DEBUG.o)
                0x0000870c                USBFS_DEBUG_GetConfiguration
 .text.USBFS_DEBUG_IsConfigurationChanged
                0x00008724       0x30 .\ARM_GCC_541\Debug\Proj08_DemoTxIntegration.a(USBFS_DEBUG.o)
                0x00008724                USBFS_DEBUG_IsConfigurationChanged
 .text.USBFS_DEBUG_GetEPState
                0x00008754       0x2c .\ARM_GCC_541\Debug\Proj08_DemoTxIntegration.a(USBFS_DEBUG.o)
                0x00008754                USBFS_DEBUG_GetEPState
 .text.USBFS_DEBUG_GetEPCount
                0x00008780       0x60 .\ARM_GCC_541\Debug\Proj08_DemoTxIntegration.a(USBFS_DEBUG.o)
                0x00008780                USBFS_DEBUG_GetEPCount
 .text.USBFS_DEBUG_LoadInEP
                0x000087e0      0x108 .\ARM_GCC_541\Debug\Proj08_DemoTxIntegration.a(USBFS_DEBUG.o)
                0x000087e0                USBFS_DEBUG_LoadInEP
 .text.USBFS_DEBUG_ReadOutEP
                0x000088e8       0x8c .\ARM_GCC_541\Debug\Proj08_DemoTxIntegration.a(USBFS_DEBUG.o)
                0x000088e8                USBFS_DEBUG_ReadOutEP
 .text.USBFS_DEBUG_EnableOutEP
                0x00008974       0x5c .\ARM_GCC_541\Debug\Proj08_DemoTxIntegration.a(USBFS_DEBUG.o)
                0x00008974                USBFS_DEBUG_EnableOutEP
 .text.USBFS_DEBUG_DispatchCDCClassRqst
                0x000089d0       0xe4 .\ARM_GCC_541\Debug\Proj08_DemoTxIntegration.a(USBFS_DEBUG_cdc.o)
                0x000089d0                USBFS_DEBUG_DispatchCDCClassRqst
 .text.USBFS_DEBUG_GetInterfaceComPort
                0x00008ab4       0x60 .\ARM_GCC_541\Debug\Proj08_DemoTxIntegration.a(USBFS_DEBUG_cdc.o)
                0x00008ab4                USBFS_DEBUG_GetInterfaceComPort
 .text.USBFS_DEBUG_CDC_Init
                0x00008b14       0xa8 .\ARM_GCC_541\Debug\Proj08_DemoTxIntegration.a(USBFS_DEBUG_cdc.o)
                0x00008b14                USBFS_DEBUG_CDC_Init
 .text.USBFS_DEBUG_PutData
                0x00008bbc       0x6c .\ARM_GCC_541\Debug\Proj08_DemoTxIntegration.a(USBFS_DEBUG_cdc.o)
                0x00008bbc                USBFS_DEBUG_PutData
 .text.USBFS_DEBUG_DataIsReady
                0x00008c28       0x24 .\ARM_GCC_541\Debug\Proj08_DemoTxIntegration.a(USBFS_DEBUG_cdc.o)
                0x00008c28                USBFS_DEBUG_DataIsReady
 .text.USBFS_DEBUG_CDCIsReady
                0x00008c4c       0x24 .\ARM_GCC_541\Debug\Proj08_DemoTxIntegration.a(USBFS_DEBUG_cdc.o)
                0x00008c4c                USBFS_DEBUG_CDCIsReady
 .text.USBFS_DEBUG_GetData
                0x00008c70       0x3c .\ARM_GCC_541\Debug\Proj08_DemoTxIntegration.a(USBFS_DEBUG_cdc.o)
                0x00008c70                USBFS_DEBUG_GetData
 .text.USBFS_DEBUG_Cdc_EpInit
                0x00008cac       0x90 .\ARM_GCC_541\Debug\Proj08_DemoTxIntegration.a(USBFS_DEBUG_cdc.o)
                0x00008cac                USBFS_DEBUG_Cdc_EpInit
 .text.USBFS_DEBUG_EP_0_ISR
                0x00008d3c       0xf8 .\ARM_GCC_541\Debug\Proj08_DemoTxIntegration.a(USBFS_DEBUG_drv.o)
                0x00008d3c                USBFS_DEBUG_EP_0_ISR
 .text.USBFS_DEBUG_HandleSetup
                0x00008e34       0x88 .\ARM_GCC_541\Debug\Proj08_DemoTxIntegration.a(USBFS_DEBUG_drv.o)
                0x00008e34                USBFS_DEBUG_HandleSetup
 .text.USBFS_DEBUG_HandleIN
                0x00008ebc       0x4c .\ARM_GCC_541\Debug\Proj08_DemoTxIntegration.a(USBFS_DEBUG_drv.o)
                0x00008ebc                USBFS_DEBUG_HandleIN
 .text.USBFS_DEBUG_HandleOUT
                0x00008f08       0x58 .\ARM_GCC_541\Debug\Proj08_DemoTxIntegration.a(USBFS_DEBUG_drv.o)
                0x00008f08                USBFS_DEBUG_HandleOUT
 .text.USBFS_DEBUG_LoadEP0
                0x00008f60       0xd0 .\ARM_GCC_541\Debug\Proj08_DemoTxIntegration.a(USBFS_DEBUG_drv.o)
                0x00008f60                USBFS_DEBUG_LoadEP0
 .text.USBFS_DEBUG_InitControlRead
                0x00009030       0x70 .\ARM_GCC_541\Debug\Proj08_DemoTxIntegration.a(USBFS_DEBUG_drv.o)
                0x00009030                USBFS_DEBUG_InitControlRead
 .text.USBFS_DEBUG_InitZeroLengthControlTransfer
                0x000090a0       0x40 .\ARM_GCC_541\Debug\Proj08_DemoTxIntegration.a(USBFS_DEBUG_drv.o)
                0x000090a0                USBFS_DEBUG_InitZeroLengthControlTransfer
 .text.USBFS_DEBUG_ControlReadDataStage
                0x000090e0        0xc .\ARM_GCC_541\Debug\Proj08_DemoTxIntegration.a(USBFS_DEBUG_drv.o)
                0x000090e0                USBFS_DEBUG_ControlReadDataStage
 .text.USBFS_DEBUG_ControlReadStatusStage
                0x000090ec       0x40 .\ARM_GCC_541\Debug\Proj08_DemoTxIntegration.a(USBFS_DEBUG_drv.o)
                0x000090ec                USBFS_DEBUG_ControlReadStatusStage
 .text.USBFS_DEBUG_InitControlWrite
                0x0000912c       0x64 .\ARM_GCC_541\Debug\Proj08_DemoTxIntegration.a(USBFS_DEBUG_drv.o)
                0x0000912c                USBFS_DEBUG_InitControlWrite
 .text.USBFS_DEBUG_ControlWriteDataStage
                0x00009190       0xb4 .\ARM_GCC_541\Debug\Proj08_DemoTxIntegration.a(USBFS_DEBUG_drv.o)
                0x00009190                USBFS_DEBUG_ControlWriteDataStage
 .text.USBFS_DEBUG_ControlWriteStatusStage
                0x00009244       0x24 .\ARM_GCC_541\Debug\Proj08_DemoTxIntegration.a(USBFS_DEBUG_drv.o)
                0x00009244                USBFS_DEBUG_ControlWriteStatusStage
 .text.USBFS_DEBUG_InitNoDataControlTransfer
                0x00009268       0x38 .\ARM_GCC_541\Debug\Proj08_DemoTxIntegration.a(USBFS_DEBUG_drv.o)
                0x00009268                USBFS_DEBUG_InitNoDataControlTransfer
 .text.USBFS_DEBUG_NoDataControlStatusStage
                0x000092a0       0x4c .\ARM_GCC_541\Debug\Proj08_DemoTxIntegration.a(USBFS_DEBUG_drv.o)
                0x000092a0                USBFS_DEBUG_NoDataControlStatusStage
 .text.USBFS_DEBUG_UpdateStatusBlock
                0x000092ec       0x40 .\ARM_GCC_541\Debug\Proj08_DemoTxIntegration.a(USBFS_DEBUG_drv.o)
                0x000092ec                USBFS_DEBUG_UpdateStatusBlock
 .text.USBFS_DEBUG_InitializeStatusBlock
                0x0000932c       0x34 .\ARM_GCC_541\Debug\Proj08_DemoTxIntegration.a(USBFS_DEBUG_drv.o)
                0x0000932c                USBFS_DEBUG_InitializeStatusBlock
 .text.USBFS_DEBUG_EP_1_ISR
                0x00009360       0x48 .\ARM_GCC_541\Debug\Proj08_DemoTxIntegration.a(USBFS_DEBUG_episr.o)
                0x00009360                USBFS_DEBUG_EP_1_ISR
 .text.USBFS_DEBUG_EP_2_ISR
                0x000093a8       0x4c .\ARM_GCC_541\Debug\Proj08_DemoTxIntegration.a(USBFS_DEBUG_episr.o)
                0x000093a8                USBFS_DEBUG_EP_2_ISR
 .text.USBFS_DEBUG_EP_3_ISR
                0x000093f4       0x54 .\ARM_GCC_541\Debug\Proj08_DemoTxIntegration.a(USBFS_DEBUG_episr.o)
                0x000093f4                USBFS_DEBUG_EP_3_ISR
 .text.USBFS_DEBUG_BUS_RESET_ISR
                0x00009448        0xc .\ARM_GCC_541\Debug\Proj08_DemoTxIntegration.a(USBFS_DEBUG_episr.o)
                0x00009448                USBFS_DEBUG_BUS_RESET_ISR
 .text.USBFS_DEBUG_DP_ISR
                0x00009454        0xc .\ARM_GCC_541\Debug\Proj08_DemoTxIntegration.a(USBFS_DEBUG_pm.o)
                0x00009454                USBFS_DEBUG_DP_ISR
 .text.USBFS_DEBUG_HandleStandardRqst
                0x00009460      0x494 .\ARM_GCC_541\Debug\Proj08_DemoTxIntegration.a(USBFS_DEBUG_std.o)
                0x00009460                USBFS_DEBUG_HandleStandardRqst
 .text.USBFS_DEBUG_ReadDieID
                0x000098f4       0xd8 .\ARM_GCC_541\Debug\Proj08_DemoTxIntegration.a(USBFS_DEBUG_std.o)
                0x000098f4                USBFS_DEBUG_ReadDieID
 .text.USBFS_DEBUG_ConfigReg
                0x000099cc      0x138 .\ARM_GCC_541\Debug\Proj08_DemoTxIntegration.a(USBFS_DEBUG_std.o)
                0x000099cc                USBFS_DEBUG_ConfigReg
 .text.USBFS_DEBUG_Config
                0x00009b04      0x3a4 .\ARM_GCC_541\Debug\Proj08_DemoTxIntegration.a(USBFS_DEBUG_std.o)
                0x00009b04                USBFS_DEBUG_Config
 .text.USBFS_DEBUG_ConfigAltChanged
                0x00009ea8      0x25c .\ARM_GCC_541\Debug\Proj08_DemoTxIntegration.a(USBFS_DEBUG_std.o)
                0x00009ea8                USBFS_DEBUG_ConfigAltChanged
 .text.USBFS_DEBUG_GetConfigTablePtr
                0x0000a104       0x50 .\ARM_GCC_541\Debug\Proj08_DemoTxIntegration.a(USBFS_DEBUG_std.o)
                0x0000a104                USBFS_DEBUG_GetConfigTablePtr
 .text.USBFS_DEBUG_GetDeviceTablePtr
                0x0000a154       0x24 .\ARM_GCC_541\Debug\Proj08_DemoTxIntegration.a(USBFS_DEBUG_std.o)
                0x0000a154                USBFS_DEBUG_GetDeviceTablePtr
 .text.USBFS_DEBUG_GetInterfaceClassTablePtr
                0x0000a178       0x4c .\ARM_GCC_541\Debug\Proj08_DemoTxIntegration.a(USBFS_DEBUG_std.o)
                0x0000a178                USBFS_DEBUG_GetInterfaceClassTablePtr
 .text.USBFS_DEBUG_SetEndpointHalt
                0x0000a1c4       0xe8 .\ARM_GCC_541\Debug\Proj08_DemoTxIntegration.a(USBFS_DEBUG_std.o)
                0x0000a1c4                USBFS_DEBUG_SetEndpointHalt
 .text.USBFS_DEBUG_ClearEndpointHalt
                0x0000a2ac      0x158 .\ARM_GCC_541\Debug\Proj08_DemoTxIntegration.a(USBFS_DEBUG_std.o)
                0x0000a2ac                USBFS_DEBUG_ClearEndpointHalt
 .text.USBFS_DEBUG_ValidateAlternateSetting
                0x0000a404       0x70 .\ARM_GCC_541\Debug\Proj08_DemoTxIntegration.a(USBFS_DEBUG_std.o)
                0x0000a404                USBFS_DEBUG_ValidateAlternateSetting
 .text.USBFS_DEBUG_HandleVendorRqst
                0x0000a474       0x34 .\ARM_GCC_541\Debug\Proj08_DemoTxIntegration.a(USBFS_DEBUG_vnd.o)
                0x0000a474                USBFS_DEBUG_HandleVendorRqst
 .text.USBFS_DEBUG_Dp_ClearInterrupt
                0x0000a4a8       0x20 .\ARM_GCC_541\Debug\Proj08_DemoTxIntegration.a(USBFS_DEBUG_Dp.o)
                0x0000a4a8                USBFS_DEBUG_Dp_ClearInterrupt
 .text          0x0000a4c8       0x54 .\ARM_GCC_541\Debug\Proj08_DemoTxIntegration.a(CyBootAsmGnu.o)
                0x0000a4c8                CyDelayCycles
                0x0000a506                CyEnterCriticalSection
                0x0000a50e                CyExitCriticalSection
 .text.USBFS_DEBUG_DispatchClassRqst
                0x0000a51c       0x84 .\ARM_GCC_541\Debug\Proj08_DemoTxIntegration.a(USBFS_DEBUG_cls.o)
                0x0000a51c                USBFS_DEBUG_DispatchClassRqst
 .text.cosf     0x0000a5a0       0x78 c:/program files (x86)/cypress/psoc creator/4.4/psoc creator/import/gnu/arm/5.4.1/bin/../lib/gcc/arm-none-eabi/5.4.1/../../../../arm-none-eabi/lib/armv7-m\libm.a(lib_a-sf_cos.o)
                0x0000a5a0                cosf
 .text.sinf     0x0000a618       0x7c c:/program files (x86)/cypress/psoc creator/4.4/psoc creator/import/gnu/arm/5.4.1/bin/../lib/gcc/arm-none-eabi/5.4.1/../../../../arm-none-eabi/lib/armv7-m\libm.a(lib_a-sf_sin.o)
                0x0000a618                sinf
 .text.asinf    0x0000a694       0xa4 c:/program files (x86)/cypress/psoc creator/4.4/psoc creator/import/gnu/arm/5.4.1/bin/../lib/gcc/arm-none-eabi/5.4.1/../../../../arm-none-eabi/lib/armv7-m\libm.a(lib_a-wf_asin.o)
                0x0000a694                asinf
 .text.atan2f   0x0000a738        0x4 c:/program files (x86)/cypress/psoc creator/4.4/psoc creator/import/gnu/arm/5.4.1/bin/../lib/gcc/arm-none-eabi/5.4.1/../../../../arm-none-eabi/lib/armv7-m\libm.a(lib_a-wf_atan2.o)
                0x0000a738                atan2f
 .text.sqrtf    0x0000a73c       0x9c c:/program files (x86)/cypress/psoc creator/4.4/psoc creator/import/gnu/arm/5.4.1/bin/../lib/gcc/arm-none-eabi/5.4.1/../../../../arm-none-eabi/lib/armv7-m\libm.a(lib_a-wf_sqrt.o)
                0x0000a73c                sqrtf
 .text.__ieee754_asinf
                0x0000a7d8      0x294 c:/program files (x86)/cypress/psoc creator/4.4/psoc creator/import/gnu/arm/5.4.1/bin/../lib/gcc/arm-none-eabi/5.4.1/../../../../arm-none-eabi/lib/armv7-m\libm.a(lib_a-ef_asin.o)
                0x0000a7d8                __ieee754_asinf
 .text.__ieee754_atan2f
                0x0000aa6c      0x124 c:/program files (x86)/cypress/psoc creator/4.4/psoc creator/import/gnu/arm/5.4.1/bin/../lib/gcc/arm-none-eabi/5.4.1/../../../../arm-none-eabi/lib/armv7-m\libm.a(lib_a-ef_atan2.o)
                0x0000aa6c                __ieee754_atan2f
 .text.__ieee754_rem_pio2f
                0x0000ab90      0x2e4 c:/program files (x86)/cypress/psoc creator/4.4/psoc creator/import/gnu/arm/5.4.1/bin/../lib/gcc/arm-none-eabi/5.4.1/../../../../arm-none-eabi/lib/armv7-m\libm.a(lib_a-ef_rem_pio2.o)
                0x0000ab90                __ieee754_rem_pio2f
 .text.__ieee754_sqrtf
                0x0000ae74       0xa8 c:/program files (x86)/cypress/psoc creator/4.4/psoc creator/import/gnu/arm/5.4.1/bin/../lib/gcc/arm-none-eabi/5.4.1/../../../../arm-none-eabi/lib/armv7-m\libm.a(lib_a-ef_sqrt.o)
                0x0000ae74                __ieee754_sqrtf
 .text.__kernel_cosf
                0x0000af1c      0x188 c:/program files (x86)/cypress/psoc creator/4.4/psoc creator/import/gnu/arm/5.4.1/bin/../lib/gcc/arm-none-eabi/5.4.1/../../../../arm-none-eabi/lib/armv7-m\libm.a(lib_a-kf_cos.o)
                0x0000af1c                __kernel_cosf
 .text.__kernel_rem_pio2f
                0x0000b0a4      0x6a0 c:/program files (x86)/cypress/psoc creator/4.4/psoc creator/import/gnu/arm/5.4.1/bin/../lib/gcc/arm-none-eabi/5.4.1/../../../../arm-none-eabi/lib/armv7-m\libm.a(lib_a-kf_rem_pio2.o)
                0x0000b0a4                __kernel_rem_pio2f
 .text.__kernel_sinf
                0x0000b744       0xec c:/program files (x86)/cypress/psoc creator/4.4/psoc creator/import/gnu/arm/5.4.1/bin/../lib/gcc/arm-none-eabi/5.4.1/../../../../arm-none-eabi/lib/armv7-m\libm.a(lib_a-kf_sin.o)
                0x0000b744                __kernel_sinf
 .text.matherr  0x0000b830        0x4 c:/program files (x86)/cypress/psoc creator/4.4/psoc creator/import/gnu/arm/5.4.1/bin/../lib/gcc/arm-none-eabi/5.4.1/../../../../arm-none-eabi/lib/armv7-m\libm.a(lib_a-s_matherr.o)
                0x0000b830                matherr
 .text.nan      0x0000b834        0xc c:/program files (x86)/cypress/psoc creator/4.4/psoc creator/import/gnu/arm/5.4.1/bin/../lib/gcc/arm-none-eabi/5.4.1/../../../../arm-none-eabi/lib/armv7-m\libm.a(lib_a-s_nan.o)
                0x0000b834                nan
 .text.atanf    0x0000b840      0x22c c:/program files (x86)/cypress/psoc creator/4.4/psoc creator/import/gnu/arm/5.4.1/bin/../lib/gcc/arm-none-eabi/5.4.1/../../../../arm-none-eabi/lib/armv7-m\libm.a(lib_a-sf_atan.o)
                0x0000b840                atanf
 .text.fabsf    0x0000ba6c        0x8 c:/program files (x86)/cypress/psoc creator/4.4/psoc creator/import/gnu/arm/5.4.1/bin/../lib/gcc/arm-none-eabi/5.4.1/../../../../arm-none-eabi/lib/armv7-m\libm.a(lib_a-sf_fabs.o)
                0x0000ba6c                fabsf
 .text.floorf   0x0000ba74       0x8c c:/program files (x86)/cypress/psoc creator/4.4/psoc creator/import/gnu/arm/5.4.1/bin/../lib/gcc/arm-none-eabi/5.4.1/../../../../arm-none-eabi/lib/armv7-m\libm.a(lib_a-sf_floor.o)
                0x0000ba74                floorf
 .text.scalbnf  0x0000bb00       0xb0 c:/program files (x86)/cypress/psoc creator/4.4/psoc creator/import/gnu/arm/5.4.1/bin/../lib/gcc/arm-none-eabi/5.4.1/../../../../arm-none-eabi/lib/armv7-m\libm.a(lib_a-sf_scalbn.o)
                0x0000bb00                scalbnf
 .text.copysignf
                0x0000bbb0        0xc c:/program files (x86)/cypress/psoc creator/4.4/psoc creator/import/gnu/arm/5.4.1/bin/../lib/gcc/arm-none-eabi/5.4.1/../../../../arm-none-eabi/lib/armv7-m\libm.a(lib_a-sf_copysign.o)
                0x0000bbb0                copysignf
 .text          0x0000bbbc      0x370 c:/program files (x86)/cypress/psoc creator/4.4/psoc creator/import/gnu/arm/5.4.1/bin/../lib/gcc/arm-none-eabi/5.4.1/armv7-m\libgcc.a(_arm_addsubdf3.o)
                0x0000bbbc                __aeabi_drsub
                0x0000bbc4                __aeabi_dsub
                0x0000bbc4                __subdf3
                0x0000bbc8                __aeabi_dadd
                0x0000bbc8                __adddf3
                0x0000be40                __floatunsidf
                0x0000be40                __aeabi_ui2d
                0x0000be60                __floatsidf
                0x0000be60                __aeabi_i2d
                0x0000be84                __aeabi_f2d
                0x0000be84                __extendsfdf2
                0x0000bec0                __floatundidf
                0x0000bec0                __aeabi_ul2d
                0x0000bed0                __floatdidf
                0x0000bed0                __aeabi_l2d
 .text          0x0000bf2c      0x424 c:/program files (x86)/cypress/psoc creator/4.4/psoc creator/import/gnu/arm/5.4.1/bin/../lib/gcc/arm-none-eabi/5.4.1/armv7-m\libgcc.a(_arm_muldivdf3.o)
                0x0000bf2c                __aeabi_dmul
                0x0000bf2c                __muldf3
                0x0000c180                __divdf3
                0x0000c180                __aeabi_ddiv
 .text          0x0000c350      0x110 c:/program files (x86)/cypress/psoc creator/4.4/psoc creator/import/gnu/arm/5.4.1/bin/../lib/gcc/arm-none-eabi/5.4.1/armv7-m\libgcc.a(_arm_cmpdf2.o)
                0x0000c350                __gtdf2
                0x0000c350                __gedf2
                0x0000c358                __ltdf2
                0x0000c358                __ledf2
                0x0000c360                __nedf2
                0x0000c360                __eqdf2
                0x0000c360                __cmpdf2
                0x0000c3dc                __aeabi_cdrcmple
                0x0000c3ec                __aeabi_cdcmpeq
                0x0000c3ec                __aeabi_cdcmple
                0x0000c3fc                __aeabi_dcmpeq
                0x0000c410                __aeabi_dcmplt
                0x0000c424                __aeabi_dcmple
                0x0000c438                __aeabi_dcmpge
                0x0000c44c                __aeabi_dcmpgt
 .text          0x0000c460       0x2c c:/program files (x86)/cypress/psoc creator/4.4/psoc creator/import/gnu/arm/5.4.1/bin/../lib/gcc/arm-none-eabi/5.4.1/armv7-m\libgcc.a(_arm_unorddf2.o)
                0x0000c460                __unorddf2
                0x0000c460                __aeabi_dcmpun
 .text          0x0000c48c       0x50 c:/program files (x86)/cypress/psoc creator/4.4/psoc creator/import/gnu/arm/5.4.1/bin/../lib/gcc/arm-none-eabi/5.4.1/armv7-m\libgcc.a(_arm_fixdfsi.o)
                0x0000c48c                __aeabi_d2iz
                0x0000c48c                __fixdfsi
 .text          0x0000c4dc       0xa0 c:/program files (x86)/cypress/psoc creator/4.4/psoc creator/import/gnu/arm/5.4.1/bin/../lib/gcc/arm-none-eabi/5.4.1/armv7-m\libgcc.a(_arm_truncdfsf2.o)
                0x0000c4dc                __truncdfsf2
                0x0000c4dc                __aeabi_d2f
 .text          0x0000c57c      0x21c c:/program files (x86)/cypress/psoc creator/4.4/psoc creator/import/gnu/arm/5.4.1/bin/../lib/gcc/arm-none-eabi/5.4.1/armv7-m\libgcc.a(_arm_addsubsf3.o)
                0x0000c57c                __aeabi_frsub
                0x0000c584                __subsf3
                0x0000c584                __aeabi_fsub
                0x0000c588                __aeabi_fadd
                0x0000c588                __addsf3
                0x0000c6e8                __aeabi_ui2f
                0x0000c6e8                __floatunsisf
                0x0000c6f0                __aeabi_i2f
                0x0000c6f0                __floatsisf
                0x0000c70c                __aeabi_ul2f
                0x0000c70c                __floatundisf
                0x0000c71c                __aeabi_l2f
                0x0000c71c                __floatdisf
 .text          0x0000c798      0x2a0 c:/program files (x86)/cypress/psoc creator/4.4/psoc creator/import/gnu/arm/5.4.1/bin/../lib/gcc/arm-none-eabi/5.4.1/armv7-m\libgcc.a(_arm_muldivsf3.o)
                0x0000c798                __mulsf3
                0x0000c798                __aeabi_fmul
                0x0000c900                __aeabi_fdiv
                0x0000c900                __divsf3
 .text          0x0000ca38       0xec c:/program files (x86)/cypress/psoc creator/4.4/psoc creator/import/gnu/arm/5.4.1/bin/../lib/gcc/arm-none-eabi/5.4.1/armv7-m\libgcc.a(_arm_cmpsf2.o)
                0x0000ca38                __gesf2
                0x0000ca38                __gtsf2
                0x0000ca40                __lesf2
                0x0000ca40                __ltsf2
                0x0000ca48                __nesf2
                0x0000ca48                __eqsf2
                0x0000ca48                __cmpsf2
                0x0000caa8                __aeabi_cfrcmple
                0x0000cab0                __aeabi_cfcmpeq
                0x0000cab0                __aeabi_cfcmple
                0x0000cac0                __aeabi_fcmpeq
                0x0000cad4                __aeabi_fcmplt
                0x0000cae8                __aeabi_fcmple
                0x0000cafc                __aeabi_fcmpge
                0x0000cb10                __aeabi_fcmpgt
 .text          0x0000cb24       0x2c c:/program files (x86)/cypress/psoc creator/4.4/psoc creator/import/gnu/arm/5.4.1/bin/../lib/gcc/arm-none-eabi/5.4.1/armv7-m\libgcc.a(_arm_unordsf2.o)
                0x0000cb24                __unordsf2
                0x0000cb24                __aeabi_fcmpun
 .text          0x0000cb50       0x4c c:/program files (x86)/cypress/psoc creator/4.4/psoc creator/import/gnu/arm/5.4.1/bin/../lib/gcc/arm-none-eabi/5.4.1/armv7-m\libgcc.a(_arm_fixsfsi.o)
                0x0000cb50                __aeabi_f2iz
                0x0000cb50                __fixsfsi
 .text          0x0000cb9c       0x40 c:/program files (x86)/cypress/psoc creator/4.4/psoc creator/import/gnu/arm/5.4.1/bin/../lib/gcc/arm-none-eabi/5.4.1/armv7-m\libgcc.a(_arm_fixunssfsi.o)
                0x0000cb9c                __fixunssfsi
                0x0000cb9c                __aeabi_f2uiz
 .text.__errno  0x0000cbdc        0xc c:/program files (x86)/cypress/psoc creator/4.4/psoc creator/import/gnu/arm/5.4.1/bin/../lib/gcc/arm-none-eabi/5.4.1/../../../../arm-none-eabi/lib/armv7-m\libg_nano.a(lib_a-errno.o)
                0x0000cbdc                __errno
 .text.__libc_init_array
                0x0000cbe8       0x4c c:/program files (x86)/cypress/psoc creator/4.4/psoc creator/import/gnu/arm/5.4.1/bin/../lib/gcc/arm-none-eabi/5.4.1/../../../../arm-none-eabi/lib/armv7-m\libg_nano.a(lib_a-init.o)
                0x0000cbe8                __libc_init_array
 .text.memcpy   0x0000cc34       0x16 c:/program files (x86)/cypress/psoc creator/4.4/psoc creator/import/gnu/arm/5.4.1/bin/../lib/gcc/arm-none-eabi/5.4.1/../../../../arm-none-eabi/lib/armv7-m\libg_nano.a(lib_a-memcpy-stub.o)
                0x0000cc34                memcpy
 .text.memset   0x0000cc4a       0x10 c:/program files (x86)/cypress/psoc creator/4.4/psoc creator/import/gnu/arm/5.4.1/bin/../lib/gcc/arm-none-eabi/5.4.1/../../../../arm-none-eabi/lib/armv7-m\libg_nano.a(lib_a-memset.o)
                0x0000cc4a                memset
 .text.__cvt    0x0000cc5a       0xc0 c:/program files (x86)/cypress/psoc creator/4.4/psoc creator/import/gnu/arm/5.4.1/bin/../lib/gcc/arm-none-eabi/5.4.1/../../../../arm-none-eabi/lib/armv7-m\libg_nano.a(lib_a-nano-vfprintf_float.o)
                0x0000cc5a                __cvt
 .text.__exponent
                0x0000cd1a       0x62 c:/program files (x86)/cypress/psoc creator/4.4/psoc creator/import/gnu/arm/5.4.1/bin/../lib/gcc/arm-none-eabi/5.4.1/../../../../arm-none-eabi/lib/armv7-m\libg_nano.a(lib_a-nano-vfprintf_float.o)
                0x0000cd1a                __exponent
 .text._printf_float
                0x0000cd7c      0x488 c:/program files (x86)/cypress/psoc creator/4.4/psoc creator/import/gnu/arm/5.4.1/bin/../lib/gcc/arm-none-eabi/5.4.1/../../../../arm-none-eabi/lib/armv7-m\libg_nano.a(lib_a-nano-vfprintf_float.o)
                0x0000cd7c                _printf_float
 .text._printf_common
                0x0000d204       0xec c:/program files (x86)/cypress/psoc creator/4.4/psoc creator/import/gnu/arm/5.4.1/bin/../lib/gcc/arm-none-eabi/5.4.1/../../../../arm-none-eabi/lib/armv7-m\libg_nano.a(lib_a-nano-vfprintf_i.o)
                0x0000d204                _printf_common
 .text._printf_i
                0x0000d2f0      0x24c c:/program files (x86)/cypress/psoc creator/4.4/psoc creator/import/gnu/arm/5.4.1/bin/../lib/gcc/arm-none-eabi/5.4.1/../../../../arm-none-eabi/lib/armv7-m\libg_nano.a(lib_a-nano-vfprintf_i.o)
                0x0000d2f0                _printf_i
 .text.snprintf
                0x0000d53c       0x64 c:/program files (x86)/cypress/psoc creator/4.4/psoc creator/import/gnu/arm/5.4.1/bin/../lib/gcc/arm-none-eabi/5.4.1/../../../../arm-none-eabi/lib/armv7-m\libg_nano.a(lib_a-snprintf.o)
                0x0000d53c                sniprintf
                0x0000d53c                snprintf
 .text.sprintf  0x0000d5a0       0x48 c:/program files (x86)/cypress/psoc creator/4.4/psoc creator/import/gnu/arm/5.4.1/bin/../lib/gcc/arm-none-eabi/5.4.1/../../../../arm-none-eabi/lib/armv7-m\libg_nano.a(lib_a-sprintf.o)
                0x0000d5a0                siprintf
                0x0000d5a0                sprintf
 .text          0x0000d5e8       0x10 c:/program files (x86)/cypress/psoc creator/4.4/psoc creator/import/gnu/arm/5.4.1/bin/../lib/gcc/arm-none-eabi/5.4.1/../../../../arm-none-eabi/lib/armv7-m\libg_nano.a(lib_a-strlen.o)
                0x0000d5e8                strlen
 .text.quorem   0x0000d5f8      0x116 c:/program files (x86)/cypress/psoc creator/4.4/psoc creator/import/gnu/arm/5.4.1/bin/../lib/gcc/arm-none-eabi/5.4.1/../../../../arm-none-eabi/lib/armv7-m\libg_nano.a(lib_a-dtoa.o)
 *fill*         0x0000d70e        0x2 
 .text._dtoa_r  0x0000d710      0xb30 c:/program files (x86)/cypress/psoc creator/4.4/psoc creator/import/gnu/arm/5.4.1/bin/../lib/gcc/arm-none-eabi/5.4.1/../../../../arm-none-eabi/lib/armv7-m\libg_nano.a(lib_a-dtoa.o)
                0x0000d710                _dtoa_r
 .text._localeconv_r
                0x0000e240        0x8 c:/program files (x86)/cypress/psoc creator/4.4/psoc creator/import/gnu/arm/5.4.1/bin/../lib/gcc/arm-none-eabi/5.4.1/../../../../arm-none-eabi/lib/armv7-m\libg_nano.a(lib_a-locale.o)
                0x0000e240                _localeconv_r
 .text.malloc   0x0000e248       0x10 c:/program files (x86)/cypress/psoc creator/4.4/psoc creator/import/gnu/arm/5.4.1/bin/../lib/gcc/arm-none-eabi/5.4.1/../../../../arm-none-eabi/lib/armv7-m\libg_nano.a(lib_a-malloc.o)
                0x0000e248                malloc
 .text.memchr   0x0000e258       0x1c c:/program files (x86)/cypress/psoc creator/4.4/psoc creator/import/gnu/arm/5.4.1/bin/../lib/gcc/arm-none-eabi/5.4.1/../../../../arm-none-eabi/lib/armv7-m\libg_nano.a(lib_a-memchr-stub.o)
                0x0000e258                memchr
 .text._Balloc  0x0000e274       0x6a c:/program files (x86)/cypress/psoc creator/4.4/psoc creator/import/gnu/arm/5.4.1/bin/../lib/gcc/arm-none-eabi/5.4.1/../../../../arm-none-eabi/lib/armv7-m\libg_nano.a(lib_a-mprec.o)
                0x0000e274                _Balloc
 .text._Bfree   0x0000e2de       0x2e c:/program files (x86)/cypress/psoc creator/4.4/psoc creator/import/gnu/arm/5.4.1/bin/../lib/gcc/arm-none-eabi/5.4.1/../../../../arm-none-eabi/lib/armv7-m\libg_nano.a(lib_a-mprec.o)
                0x0000e2de                _Bfree
 .text.__multadd
                0x0000e30c       0x76 c:/program files (x86)/cypress/psoc creator/4.4/psoc creator/import/gnu/arm/5.4.1/bin/../lib/gcc/arm-none-eabi/5.4.1/../../../../arm-none-eabi/lib/armv7-m\libg_nano.a(lib_a-mprec.o)
                0x0000e30c                __multadd
 .text.__hi0bits
                0x0000e382       0x40 c:/program files (x86)/cypress/psoc creator/4.4/psoc creator/import/gnu/arm/5.4.1/bin/../lib/gcc/arm-none-eabi/5.4.1/../../../../arm-none-eabi/lib/armv7-m\libg_nano.a(lib_a-mprec.o)
                0x0000e382                __hi0bits
 .text.__lo0bits
                0x0000e3c2       0x5a c:/program files (x86)/cypress/psoc creator/4.4/psoc creator/import/gnu/arm/5.4.1/bin/../lib/gcc/arm-none-eabi/5.4.1/../../../../arm-none-eabi/lib/armv7-m\libg_nano.a(lib_a-mprec.o)
                0x0000e3c2                __lo0bits
 .text.__i2b    0x0000e41c       0x12 c:/program files (x86)/cypress/psoc creator/4.4/psoc creator/import/gnu/arm/5.4.1/bin/../lib/gcc/arm-none-eabi/5.4.1/../../../../arm-none-eabi/lib/armv7-m\libg_nano.a(lib_a-mprec.o)
                0x0000e41c                __i2b
 .text.__multiply
                0x0000e42e      0x120 c:/program files (x86)/cypress/psoc creator/4.4/psoc creator/import/gnu/arm/5.4.1/bin/../lib/gcc/arm-none-eabi/5.4.1/../../../../arm-none-eabi/lib/armv7-m\libg_nano.a(lib_a-mprec.o)
                0x0000e42e                __multiply
 *fill*         0x0000e54e        0x2 
 .text.__pow5mult
                0x0000e550       0x9c c:/program files (x86)/cypress/psoc creator/4.4/psoc creator/import/gnu/arm/5.4.1/bin/../lib/gcc/arm-none-eabi/5.4.1/../../../../arm-none-eabi/lib/armv7-m\libg_nano.a(lib_a-mprec.o)
                0x0000e550                __pow5mult
 .text.__lshift
                0x0000e5ec       0xa2 c:/program files (x86)/cypress/psoc creator/4.4/psoc creator/import/gnu/arm/5.4.1/bin/../lib/gcc/arm-none-eabi/5.4.1/../../../../arm-none-eabi/lib/armv7-m\libg_nano.a(lib_a-mprec.o)
                0x0000e5ec                __lshift
 .text.__mcmp   0x0000e68e       0x38 c:/program files (x86)/cypress/psoc creator/4.4/psoc creator/import/gnu/arm/5.4.1/bin/../lib/gcc/arm-none-eabi/5.4.1/../../../../arm-none-eabi/lib/armv7-m\libg_nano.a(lib_a-mprec.o)
                0x0000e68e                __mcmp
 .text.__mdiff  0x0000e6c6       0xbe c:/program files (x86)/cypress/psoc creator/4.4/psoc creator/import/gnu/arm/5.4.1/bin/../lib/gcc/arm-none-eabi/5.4.1/../../../../arm-none-eabi/lib/armv7-m\libg_nano.a(lib_a-mprec.o)
                0x0000e6c6                __mdiff
 .text.__d2b    0x0000e784       0x9c c:/program files (x86)/cypress/psoc creator/4.4/psoc creator/import/gnu/arm/5.4.1/bin/../lib/gcc/arm-none-eabi/5.4.1/../../../../arm-none-eabi/lib/armv7-m\libg_nano.a(lib_a-mprec.o)
                0x0000e784                __d2b
 .text._calloc_r
                0x0000e820       0x1c c:/program files (x86)/cypress/psoc creator/4.4/psoc creator/import/gnu/arm/5.4.1/bin/../lib/gcc/arm-none-eabi/5.4.1/../../../../arm-none-eabi/lib/armv7-m\libg_nano.a(lib_a-nano-callocr.o)
                0x0000e820                _calloc_r
 .text._free_r  0x0000e83c       0x98 c:/program files (x86)/cypress/psoc creator/4.4/psoc creator/import/gnu/arm/5.4.1/bin/../lib/gcc/arm-none-eabi/5.4.1/../../../../arm-none-eabi/lib/armv7-m\libg_nano.a(lib_a-nano-freer.o)
                0x0000e83c                _free_r
 .text._malloc_r
                0x0000e8d4       0xbc c:/program files (x86)/cypress/psoc creator/4.4/psoc creator/import/gnu/arm/5.4.1/bin/../lib/gcc/arm-none-eabi/5.4.1/../../../../arm-none-eabi/lib/armv7-m\libg_nano.a(lib_a-nano-mallocr.o)
                0x0000e8d4                _malloc_r
 .text.__ssputs_r
                0x0000e990       0xb2 c:/program files (x86)/cypress/psoc creator/4.4/psoc creator/import/gnu/arm/5.4.1/bin/../lib/gcc/arm-none-eabi/5.4.1/../../../../arm-none-eabi/lib/armv7-m\libg_nano.a(lib_a-nano-svfprintf.o)
                0x0000e990                __ssputs_r
 *fill*         0x0000ea42        0x2 
 .text._svfprintf_r
                0x0000ea44      0x1e8 c:/program files (x86)/cypress/psoc creator/4.4/psoc creator/import/gnu/arm/5.4.1/bin/../lib/gcc/arm-none-eabi/5.4.1/../../../../arm-none-eabi/lib/armv7-m\libg_nano.a(lib_a-nano-svfprintf.o)
                0x0000ea44                _svfiprintf_r
                0x0000ea44                _svfprintf_r
 .text._sbrk_r  0x0000ec2c       0x20 c:/program files (x86)/cypress/psoc creator/4.4/psoc creator/import/gnu/arm/5.4.1/bin/../lib/gcc/arm-none-eabi/5.4.1/../../../../arm-none-eabi/lib/armv7-m\libg_nano.a(lib_a-sbrkr.o)
                0x0000ec2c                _sbrk_r
 .text.memmove  0x0000ec4c       0x36 c:/program files (x86)/cypress/psoc creator/4.4/psoc creator/import/gnu/arm/5.4.1/bin/../lib/gcc/arm-none-eabi/5.4.1/../../../../arm-none-eabi/lib/armv7-m\libg_nano.a(lib_a-memmove.o)
                0x0000ec4c                memmove
 .text.__malloc_lock
                0x0000ec82        0x2 c:/program files (x86)/cypress/psoc creator/4.4/psoc creator/import/gnu/arm/5.4.1/bin/../lib/gcc/arm-none-eabi/5.4.1/../../../../arm-none-eabi/lib/armv7-m\libg_nano.a(lib_a-mlock.o)
                0x0000ec82                __malloc_lock
 .text.__malloc_unlock
                0x0000ec84        0x2 c:/program files (x86)/cypress/psoc creator/4.4/psoc creator/import/gnu/arm/5.4.1/bin/../lib/gcc/arm-none-eabi/5.4.1/../../../../arm-none-eabi/lib/armv7-m\libg_nano.a(lib_a-mlock.o)
                0x0000ec84                __malloc_unlock
 .text._realloc_r
                0x0000ec86       0x4c c:/program files (x86)/cypress/psoc creator/4.4/psoc creator/import/gnu/arm/5.4.1/bin/../lib/gcc/arm-none-eabi/5.4.1/../../../../arm-none-eabi/lib/armv7-m\libg_nano.a(lib_a-nano-reallocr.o)
                0x0000ec86                _realloc_r
 .text._malloc_usable_size_r
                0x0000ecd2       0x14 c:/program files (x86)/cypress/psoc creator/4.4/psoc creator/import/gnu/arm/5.4.1/bin/../lib/gcc/arm-none-eabi/5.4.1/../../../../arm-none-eabi/lib/armv7-m\libg_nano.a(lib_a-nano-msizer.o)
                0x0000ecd2                _malloc_usable_size_r
 *(.plt)
 *(.gnu.warning)
 *(.glue_7t)
 .glue_7t       0x0000ece6        0x0 linker stubs
 *(.glue_7)
 .glue_7        0x0000ece6        0x0 linker stubs
 *(.vfp11_veneer)
 .vfp11_veneer  0x0000ece6        0x0 linker stubs
 *(.bootloader)
 *(.ARM.extab* .gnu.linkonce.armextab.*)
 *(.gcc_except_table)

.v4_bx          0x0000ece8        0x0
 .v4_bx         0x0000ece8        0x0 linker stubs

.iplt           0x0000ece8        0x0
 .iplt          0x0000ece8        0x0 c:/program files (x86)/cypress/psoc creator/4.4/psoc creator/import/gnu/arm/5.4.1/bin/../lib/gcc/arm-none-eabi/5.4.1/armv7-m/crtbegin.o

.eh_frame_hdr
 *(.eh_frame_hdr)

.eh_frame       0x0000ece8        0x4
 *(.eh_frame)
 .eh_frame      0x0000ece8        0x0 c:/program files (x86)/cypress/psoc creator/4.4/psoc creator/import/gnu/arm/5.4.1/bin/../lib/gcc/arm-none-eabi/5.4.1/armv7-m/crtbegin.o
 .eh_frame      0x0000ece8        0x4 c:/program files (x86)/cypress/psoc creator/4.4/psoc creator/import/gnu/arm/5.4.1/bin/../lib/gcc/arm-none-eabi/5.4.1/armv7-m/crtend.o
                [!provide]                PROVIDE (__exidx_start, .)

.ARM.exidx
 *(.ARM.exidx* .gnu.linkonce.armexidx.*)
                0x0000ecec                __exidx_end = .

.rodata         0x0000ecf0     0x1398
 *(.rodata .rodata.* .gnu.linkonce.r.*)
 .rodata        0x0000ecf0       0xe6 .\ARM_GCC_541\Debug\main.o
 *fill*         0x0000edd6        0x2 
 .rodata        0x0000edd8      0x438 .\ARM_GCC_541\Debug\app_statemachine.o
 .rodata        0x0000f210      0x100 .\ARM_GCC_541\Debug\sbc_comms.o
 .rodata        0x0000f310       0xb9 .\ARM_GCC_541\Debug\app_state_stby.o
 *fill*         0x0000f3c9        0x3 
 .rodata        0x0000f3cc       0x40 .\ARM_GCC_541\Debug\app_state_manu.o
 .rodata        0x0000f40c      0x376 .\ARM_GCC_541\Debug\app_state_auto.o
 *fill*         0x0000f782        0x2 
 .rodata        0x0000f784       0xc5 .\ARM_GCC_541\Debug\app_state_error.o
 *fill*         0x0000f849        0x3 
 .rodata        0x0000f84c       0x4b .\ARM_GCC_541\Debug\utils.o
 *fill*         0x0000f897        0x1 
 .rodata        0x0000f898        0x4 .\ARM_GCC_541\Debug\hamfly_core_telemetry.o
 .rodata        0x0000f89c       0x36 .\ARM_GCC_541\Debug\cyfitter_cfg.o
 *fill*         0x0000f8d2        0x2 
 .rodata        0x0000f8d4       0x11 .\ARM_GCC_541\Debug\Proj08_DemoTxIntegration.a(USBFS_DEBUG_std.o)
 *fill*         0x0000f8e5        0x3 
 .rodata        0x0000f8e8      0x208 .\ARM_GCC_541\Debug\Proj08_DemoTxIntegration.a(USBFS_DEBUG_descr.o)
                0x0000f8e8                USBFS_DEBUG_DEVICE0_DESCR
                0x0000f8fc                USBFS_DEBUG_DEVICE0_CONFIGURATION0_DESCR
                0x0000f948                USBFS_DEBUG_STRING_DESCRIPTORS
                0x0000fa88                USBFS_DEBUG_SN_STRING_DESCRIPTOR
                0x0000fa8c                USBFS_DEBUG_DEVICE0_CONFIGURATION0_EP_SETTINGS_TABLE
                0x0000faa4                USBFS_DEBUG_DEVICE0_CONFIGURATION0_INTERFACE_CLASS
                0x0000faa8                USBFS_DEBUG_DEVICE0_CONFIGURATION0_TABLE
                0x0000fad0                USBFS_DEBUG_DEVICE0_TABLE
                0x0000fae8                USBFS_DEBUG_TABLE
 .rodata.str1.4
                0x0000faf0        0x9 c:/program files (x86)/cypress/psoc creator/4.4/psoc creator/import/gnu/arm/5.4.1/bin/../lib/gcc/arm-none-eabi/5.4.1/../../../../arm-none-eabi/lib/armv7-m\libm.a(lib_a-wf_asin.o)
 *fill*         0x0000faf9        0x3 
 .rodata.str1.4
                0x0000fafc        0x8 c:/program files (x86)/cypress/psoc creator/4.4/psoc creator/import/gnu/arm/5.4.1/bin/../lib/gcc/arm-none-eabi/5.4.1/../../../../arm-none-eabi/lib/armv7-m\libm.a(lib_a-wf_sqrt.o)
                                  0x6 (size before relaxing)
 .rodata.npio2_hw
                0x0000fb04       0x80 c:/program files (x86)/cypress/psoc creator/4.4/psoc creator/import/gnu/arm/5.4.1/bin/../lib/gcc/arm-none-eabi/5.4.1/../../../../arm-none-eabi/lib/armv7-m\libm.a(lib_a-ef_rem_pio2.o)
 .rodata.two_over_pi
                0x0000fb84      0x318 c:/program files (x86)/cypress/psoc creator/4.4/psoc creator/import/gnu/arm/5.4.1/bin/../lib/gcc/arm-none-eabi/5.4.1/../../../../arm-none-eabi/lib/armv7-m\libm.a(lib_a-ef_rem_pio2.o)
 .rodata.init_jk
                0x0000fe9c        0xc c:/program files (x86)/cypress/psoc creator/4.4/psoc creator/import/gnu/arm/5.4.1/bin/../lib/gcc/arm-none-eabi/5.4.1/../../../../arm-none-eabi/lib/armv7-m\libm.a(lib_a-kf_rem_pio2.o)
 .rodata.PIo2   0x0000fea8       0x2c c:/program files (x86)/cypress/psoc creator/4.4/psoc creator/import/gnu/arm/5.4.1/bin/../lib/gcc/arm-none-eabi/5.4.1/../../../../arm-none-eabi/lib/armv7-m\libm.a(lib_a-kf_rem_pio2.o)
 .rodata.atanlo
                0x0000fed4       0x10 c:/program files (x86)/cypress/psoc creator/4.4/psoc creator/import/gnu/arm/5.4.1/bin/../lib/gcc/arm-none-eabi/5.4.1/../../../../arm-none-eabi/lib/armv7-m\libm.a(lib_a-sf_atan.o)
 .rodata.atanhi
                0x0000fee4       0x10 c:/program files (x86)/cypress/psoc creator/4.4/psoc creator/import/gnu/arm/5.4.1/bin/../lib/gcc/arm-none-eabi/5.4.1/../../../../arm-none-eabi/lib/armv7-m\libm.a(lib_a-sf_atan.o)
 .rodata.str1.1
                0x0000fef4        0x2 c:/program files (x86)/cypress/psoc creator/4.4/psoc creator/import/gnu/arm/5.4.1/bin/../lib/gcc/arm-none-eabi/5.4.1/../../../../arm-none-eabi/lib/armv7-m\libg_nano.a(lib_a-impure.o)
 .rodata.str1.1
                0x0000fef6       0x12 c:/program files (x86)/cypress/psoc creator/4.4/psoc creator/import/gnu/arm/5.4.1/bin/../lib/gcc/arm-none-eabi/5.4.1/../../../../arm-none-eabi/lib/armv7-m\libg_nano.a(lib_a-nano-vfprintf_float.o)
 .rodata.str1.1
                0x0000ff08       0x22 c:/program files (x86)/cypress/psoc creator/4.4/psoc creator/import/gnu/arm/5.4.1/bin/../lib/gcc/arm-none-eabi/5.4.1/../../../../arm-none-eabi/lib/armv7-m\libg_nano.a(lib_a-nano-vfprintf_i.o)
 .rodata.str1.1
                0x0000ff2a        0xd c:/program files (x86)/cypress/psoc creator/4.4/psoc creator/import/gnu/arm/5.4.1/bin/../lib/gcc/arm-none-eabi/5.4.1/../../../../arm-none-eabi/lib/armv7-m\libg_nano.a(lib_a-dtoa.o)
                                  0xf (size before relaxing)
 .rodata.str1.1
                0x0000ff37        0x8 c:/program files (x86)/cypress/psoc creator/4.4/psoc creator/import/gnu/arm/5.4.1/bin/../lib/gcc/arm-none-eabi/5.4.1/../../../../arm-none-eabi/lib/armv7-m\libg_nano.a(lib_a-locale.o)
                                  0xb (size before relaxing)
 *fill*         0x0000ff3f        0x1 
 .rodata.__mprec_tens
                0x0000ff40       0xc8 c:/program files (x86)/cypress/psoc creator/4.4/psoc creator/import/gnu/arm/5.4.1/bin/../lib/gcc/arm-none-eabi/5.4.1/../../../../arm-none-eabi/lib/armv7-m\libg_nano.a(lib_a-mprec.o)
                0x0000ff40                __mprec_tens
 .rodata.p05.5408
                0x00010008        0xc c:/program files (x86)/cypress/psoc creator/4.4/psoc creator/import/gnu/arm/5.4.1/bin/../lib/gcc/arm-none-eabi/5.4.1/../../../../arm-none-eabi/lib/armv7-m\libg_nano.a(lib_a-mprec.o)
 *fill*         0x00010014        0x4 
 .rodata.__mprec_bigtens
                0x00010018       0x28 c:/program files (x86)/cypress/psoc creator/4.4/psoc creator/import/gnu/arm/5.4.1/bin/../lib/gcc/arm-none-eabi/5.4.1/../../../../arm-none-eabi/lib/armv7-m\libg_nano.a(lib_a-mprec.o)
                0x00010018                __mprec_bigtens
 .rodata.str1.1
                0x00010040       0x11 c:/program files (x86)/cypress/psoc creator/4.4/psoc creator/import/gnu/arm/5.4.1/bin/../lib/gcc/arm-none-eabi/5.4.1/../../../../arm-none-eabi/lib/armv7-m\libg_nano.a(lib_a-nano-svfprintf.o)
                0x00010054                . = ALIGN (0x4)
 *fill*         0x00010051        0x3 
 *(.init)
 .init          0x00010054        0x4 c:/program files (x86)/cypress/psoc creator/4.4/psoc creator/import/gnu/arm/5.4.1/bin/../lib/gcc/arm-none-eabi/5.4.1/armv7-m/crti.o
                0x00010054                _init
 .init          0x00010058        0x8 c:/program files (x86)/cypress/psoc creator/4.4/psoc creator/import/gnu/arm/5.4.1/bin/../lib/gcc/arm-none-eabi/5.4.1/armv7-m/crtn.o
                0x00010060                . = ALIGN (0x4)
                0x00010060                __preinit_array_start = .
 *(.preinit_array)
                0x00010060                __preinit_array_end = .
                0x00010060                . = ALIGN (0x4)
                0x00010060                __init_array_start = .
 *(SORT(.init_array.*))
 *(.init_array)
 .init_array    0x00010060        0x4 c:/program files (x86)/cypress/psoc creator/4.4/psoc creator/import/gnu/arm/5.4.1/bin/../lib/gcc/arm-none-eabi/5.4.1/armv7-m/crtbegin.o
 .init_array    0x00010064        0x4 .\ARM_GCC_541\Debug\Cm3Start.o
                0x00010068                __init_array_end = .
                0x00010068                . = ALIGN (0x4)
 *(.fini)
 .fini          0x00010068        0x4 c:/program files (x86)/cypress/psoc creator/4.4/psoc creator/import/gnu/arm/5.4.1/bin/../lib/gcc/arm-none-eabi/5.4.1/armv7-m/crti.o
                0x00010068                _fini
 .fini          0x0001006c        0x8 c:/program files (x86)/cypress/psoc creator/4.4/psoc creator/import/gnu/arm/5.4.1/bin/../lib/gcc/arm-none-eabi/5.4.1/armv7-m/crtn.o
                0x00010074                . = ALIGN (0x4)
                0x00010074                __fini_array_start = .
 *(.fini_array)
 .fini_array    0x00010074        0x4 c:/program files (x86)/cypress/psoc creator/4.4/psoc creator/import/gnu/arm/5.4.1/bin/../lib/gcc/arm-none-eabi/5.4.1/armv7-m/crtbegin.o
 *(SORT(.fini_array.*))
                0x00010078                __fini_array_end = .
                0x00010078                . = ALIGN (0x4)
 *crtbegin.o(.ctors)
 *(EXCLUDE_FILE(*crtend.o) .ctors)
 *(SORT(.ctors.*))
 *crtend.o(.ctors)
                0x00010078                . = ALIGN (0x4)
 *crtbegin.o(.dtors)
 *(EXCLUDE_FILE(*crtend.o) .dtors)
 *(SORT(.dtors.*))
 *crtend.o(.dtors)
                0x00010078                . = ALIGN (0x4)
                0x00010078                __cy_regions = .
                0x00010078        0x4 LONG 0x10088 __cy_region_init_ram
                0x0001007c        0x4 LONG 0x1fff80c8 __cy_region_start_data
                0x00010080        0x4 LONG 0x180 __cy_region_init_size_ram
                0x00010084        0x4 LONG 0x600 __cy_region_zero_size_ram
                0x00010088                __cy_regions_end = .
                0x00010088                . = ALIGN (0x8)
                0x00010088                _etext = .

.cy_checksum_exclude
                0x00010088        0x0
 *(.cy_checksum_exclude)

.ramvectors     0x1fff8000       0xc0
                0x1fff8000                __cy_region_start_ram = .
 *(.ramvectors)
 .ramvectors    0x1fff8000       0xc0 .\ARM_GCC_541\Debug\Cm3Start.o
                0x1fff8000                CyRamVectors

.noinit         0x1fff80c0        0x5
 *(.noinit)
 .noinit        0x1fff80c0        0x4 .\ARM_GCC_541\Debug\Cm3Start.o
 .noinit        0x1fff80c4        0x1 .\ARM_GCC_541\Debug\Proj08_DemoTxIntegration.a(CyLib.o)
                0x1fff80c4                CyResetStatus

.data           0x1fff80c8      0x180 load address 0x00010088
                0x1fff80c8                __cy_region_start_data = .
 *(.jcr)
 .jcr           0x1fff80c8        0x0 c:/program files (x86)/cypress/psoc creator/4.4/psoc creator/import/gnu/arm/5.4.1/bin/../lib/gcc/arm-none-eabi/5.4.1/armv7-m/crtbegin.o
 .jcr           0x1fff80c8        0x4 c:/program files (x86)/cypress/psoc creator/4.4/psoc creator/import/gnu/arm/5.4.1/bin/../lib/gcc/arm-none-eabi/5.4.1/armv7-m/crtend.o
 *(.got.plt)
 *(.got)
 *(.shdata)
 *(.data .data.* .gnu.linkonce.d.*)
 .data          0x1fff80cc       0x30 .\ARM_GCC_541\Debug\telemetry.o
 .data          0x1fff80fc        0x8 .\ARM_GCC_541\Debug\app_state_auto.o
 .data          0x1fff8104       0x74 .\ARM_GCC_541\Debug\hamfly_qx_app.o
                0x1fff8104                FreeflyAPI
 .data          0x1fff8178        0x4 .\ARM_GCC_541\Debug\Cm3Start.o
 .data          0x1fff817c       0x10 .\ARM_GCC_541\Debug\Proj08_DemoTxIntegration.a(CyLib.o)
                0x1fff817c                cydelay_freq_hz
                0x1fff8180                cydelay_freq_khz
                0x1fff8184                cydelay_freq_mhz
                0x1fff8188                cydelay_32k_ms