Archive member included to satisfy reference by file (symbol)

.\ARM_GCC_541\Debug\Proj05_freefly_uart_control.a(ADC_DelSig_1.o)
                              .\ARM_GCC_541\Debug\adc_balanced.o (ADC_DelSig_1_Start)
.\ARM_GCC_541\Debug\Proj05_freefly_uart_control.a(ADC_DelSig_1_INT.o)
                              .\ARM_GCC_541\Debug\Proj05_freefly_uart_control.a(ADC_DelSig_1.o) (ADC_DelSig_1_ISR1)
.\ARM_GCC_541\Debug\Proj05_freefly_uart_control.a(UART_1.o)
                              .\ARM_GCC_541\Debug\main.o (UART_1_Start)
.\ARM_GCC_541\Debug\Proj05_freefly_uart_control.a(ADC_DelSig_1_AMux.o)
                              .\ARM_GCC_541\Debug\Proj05_freefly_uart_control.a(ADC_DelSig_1.o) (ADC_DelSig_1_AMux_Select)
.\ARM_GCC_541\Debug\Proj05_freefly_uart_control.a(ADC_DelSig_1_Ext_CP_Clk.o)
                              .\ARM_GCC_541\Debug\Proj05_freefly_uart_control.a(ADC_DelSig_1.o) (ADC_DelSig_1_Ext_CP_Clk_SetDividerRegister)
.\ARM_GCC_541\Debug\Proj05_freefly_uart_control.a(ADC_DelSig_1_theACLK.o)
                              .\ARM_GCC_541\Debug\Proj05_freefly_uart_control.a(ADC_DelSig_1.o) (ADC_DelSig_1_theACLK_SetDividerRegister)
.\ARM_GCC_541\Debug\Proj05_freefly_uart_control.a(UART_1_IntClock.o)
                              .\ARM_GCC_541\Debug\Proj05_freefly_uart_control.a(UART_1.o) (UART_1_IntClock_Start)
.\ARM_GCC_541\Debug\Proj05_freefly_uart_control.a(CyLib.o)
                              .\ARM_GCC_541\Debug\Cm3Start.o (CyResetStatus)
.\ARM_GCC_541\Debug\Proj05_freefly_uart_control.a(cyPm.o)
                              .\ARM_GCC_541\Debug\Proj05_freefly_uart_control.a(CyLib.o) (CyPmReadStatus)
.\ARM_GCC_541\Debug\Proj05_freefly_uart_control.a(AMux_1.o)
                              .\ARM_GCC_541\Debug\adc_balanced.o (AMux_1_Start)
.\ARM_GCC_541\Debug\Proj05_freefly_uart_control.a(isr_adc.o)
                              .\ARM_GCC_541\Debug\adc_balanced.o (isr_adc_StartEx)
.\ARM_GCC_541\Debug\Proj05_freefly_uart_control.a(UART_MOVI.o)
                              .\ARM_GCC_541\Debug\main.o (UART_MOVI_Start)
.\ARM_GCC_541\Debug\Proj05_freefly_uart_control.a(isr_rx_movi.o)
                              .\ARM_GCC_541\Debug\main.o (isr_rx_movi_StartEx)
.\ARM_GCC_541\Debug\Proj05_freefly_uart_control.a(CyBootAsmGnu.o)
                              .\ARM_GCC_541\Debug\cyfitter_cfg.o (CyDelayCycles)
.\ARM_GCC_541\Debug\Proj05_freefly_uart_control.a(CyFlash.o)
                              .\ARM_GCC_541\Debug\Proj05_freefly_uart_control.a(cyPm.o) (CyFlash_SetWaitCycles)
.\ARM_GCC_541\Debug\Proj05_freefly_uart_control.a(CySpc.o)
                              .\ARM_GCC_541\Debug\Proj05_freefly_uart_control.a(CyFlash.o) (CySpcStart)
c:/program files (x86)/cypress/psoc creator/4.4/psoc creator/import/gnu/arm/5.4.1/bin/../lib/gcc/arm-none-eabi/5.4.1/armv7-m\libgcc.a(_arm_addsubdf3.o)
                              .\ARM_GCC_541\Debug\Proj05_freefly_uart_control.a(ADC_DelSig_1.o) (__aeabi_f2d)
c:/program files (x86)/cypress/psoc creator/4.4/psoc creator/import/gnu/arm/5.4.1/bin/../lib/gcc/arm-none-eabi/5.4.1/armv7-m\libgcc.a(_arm_cmpdf2.o)
                              .\ARM_GCC_541\Debug\Proj05_freefly_uart_control.a(ADC_DelSig_1.o) (__aeabi_dcmpgt)
c:/program files (x86)/cypress/psoc creator/4.4/psoc creator/import/gnu/arm/5.4.1/bin/../lib/gcc/arm-none-eabi/5.4.1/armv7-m\libgcc.a(_arm_addsubsf3.o)
                              .\ARM_GCC_541\Debug\joystick.o (__aeabi_fsub)
c:/program files (x86)/cypress/psoc creator/4.4/psoc creator/import/gnu/arm/5.4.1/bin/../lib/gcc/arm-none-eabi/5.4.1/armv7-m\libgcc.a(_arm_muldivsf3.o)
                              .\ARM_GCC_541\Debug\main.o (__aeabi_fmul)
c:/program files (x86)/cypress/psoc creator/4.4/psoc creator/import/gnu/arm/5.4.1/bin/../lib/gcc/arm-none-eabi/5.4.1/armv7-m\libgcc.a(_arm_cmpsf2.o)
                              .\ARM_GCC_541\Debug\QX_Protocol_App.o (__aeabi_fcmpeq)
c:/program files (x86)/cypress/psoc creator/4.4/psoc creator/import/gnu/arm/5.4.1/bin/../lib/gcc/arm-none-eabi/5.4.1/armv7-m\libgcc.a(_arm_unordsf2.o)
                              .\ARM_GCC_541\Debug\QX_Parsing_Functions.o (__aeabi_fcmpun)
c:/program files (x86)/cypress/psoc creator/4.4/psoc creator/import/gnu/arm/5.4.1/bin/../lib/gcc/arm-none-eabi/5.4.1/armv7-m\libgcc.a(_arm_fixsfsi.o)
                              .\ARM_GCC_541\Debug\main.o (__aeabi_f2iz)
c:/program files (x86)/cypress/psoc creator/4.4/psoc creator/import/gnu/arm/5.4.1/bin/../lib/gcc/arm-none-eabi/5.4.1/armv7-m\libgcc.a(_arm_fixunssfsi.o)
                              .\ARM_GCC_541\Debug\QX_Parsing_Functions.o (__aeabi_f2uiz)
c:/program files (x86)/cypress/psoc creator/4.4/psoc creator/import/gnu/arm/5.4.1/bin/../lib/gcc/arm-none-eabi/5.4.1/../../../../arm-none-eabi/lib/armv7-m\libg_nano.a(lib_a-errno.o)
                              .\ARM_GCC_541\Debug\Cm3Start.o (__errno)
[...]
Memory Configuration

Name             Origin             Length             Attributes
rom              0x00000000         0x00040000         xr
ram              0x1fff8000         0x00010000         xrw
*default*        0x00000000         0xffffffff

Linker script and memory map

LOAD c:/program files (x86)/cypress/psoc creator/4.4/psoc creator/import/gnu/arm/5.4.1/bin/../lib/gcc/arm-none-eabi/5.4.1/armv7-m/crti.o
LOAD c:/program files (x86)/cypress/psoc creator/4.4/psoc creator/import/gnu/arm/5.4.1/bin/../lib/gcc/arm-none-eabi/5.4.1/armv7-m/crtbegin.o
LOAD c:/program files (x86)/cypress/psoc creator/4.4/psoc creator/import/gnu/arm/5.4.1/bin/../lib/gcc/arm-none-eabi/5.4.1/../../../../arm-none-eabi/lib/armv7-m/crt0.o
START GROUP
LOAD .\ARM_GCC_541\Debug\main.o
LOAD .\ARM_GCC_541\Debug\adc_balanced.o
LOAD .\ARM_GCC_541\Debug\joystick.o
LOAD .\ARM_GCC_541\Debug\movi_qx.o
LOAD .\ARM_GCC_541\Debug\QX_Parsing_Functions.o
LOAD .\ARM_GCC_541\Debug\QX_Protocol.o
LOAD .\ARM_GCC_541\Debug\QX_Protocol_App.o
LOAD .\ARM_GCC_541\Debug\simple_buffer.o
LOAD .\ARM_GCC_541\Debug\cyfitter_cfg.o
LOAD .\ARM_GCC_541\Debug\cymetadata.o
LOAD .\ARM_GCC_541\Debug\Cm3Start.o
LOAD .\ARM_GCC_541\Debug\Proj05_freefly_uart_control.a
LOAD C:\Program Files (x86)\Cypress\PSoC Creator\4.4\PSoC Creator\psoc\content\cycomponentlibrary\CyComponentLibrary.cylib\CortexM3\ARM_GCC_541\Debug\CyComponentLibrary.a
END GROUP
START GROUP
LOAD c:/program files (x86)/cypress/psoc creator/4.4/psoc creator/import/gnu/arm/5.4.1/bin/../lib/gcc/arm-none-eabi/5.4.1/armv7-m\libgcc.a
LOAD c:/program files (x86)/cypress/psoc creator/4.4/psoc creator/import/gnu/arm/5.4.1/bin/../lib/gcc/arm-none-eabi/5.4.1/../../../../arm-none-eabi/lib/armv7-m\libg_nano.a
LOAD c:/program files (x86)/cypress/psoc creator/4.4/psoc creator/import/gnu/arm/5.4.1/bin/../lib/gcc/arm-none-eabi/5.4.1/../../../../arm-none-eabi/lib/armv7-m\libc_nano.a
END GROUP
START GROUP
LOAD c:/program files (x86)/cypress/psoc creator/4.4/psoc creator/import/gnu/arm/5.4.1/bin/../lib/gcc/arm-none-eabi/5.4.1/armv7-m\libgcc.a
LOAD c:/program files (x86)/cypress/psoc creator/4.4/psoc creator/import/gnu/arm/5.4.1/bin/../lib/gcc/arm-none-eabi/5.4.1/../../../../arm-none-eabi/lib/armv7-m\libc_nano.a
END GROUP
LOAD c:/program files (x86)/cypress/psoc creator/4.4/psoc creator/import/gnu/arm/5.4.1/bin/../lib/gcc/arm-none-eabi/5.4.1/armv7-m/crtend.o
LOAD c:/program files (x86)/cypress/psoc creator/4.4/psoc creator/import/gnu/arm/5.4.1/bin/../lib/gcc/arm-none-eabi/5.4.1/armv7-m/crtn.o
START GROUP
LOAD c:/program files (x86)/cypress/psoc creator/4.4/psoc creator/import/gnu/arm/5.4.1/bin/../lib/gcc/arm-none-eabi/5.4.1/armv7-m\libgcc.a
LOAD c:/program files (x86)/cypress/psoc creator/4.4/psoc creator/import/gnu/arm/5.4.1/bin/../lib/gcc/arm-none-eabi/5.4.1/../../../../arm-none-eabi/lib/armv7-m\libc.a
LOAD c:/program files (x86)/cypress/psoc creator/4.4/psoc creator/import/gnu/arm/5.4.1/bin/../lib/gcc/arm-none-eabi/5.4.1/../../../../arm-none-eabi/lib/armv7-m\libnosys.a
END GROUP
                0x00000000                CY_APPL_ORIGIN = 0x0
                0x00000100                CY_FLASH_ROW_SIZE = 0x100
                0x00000020                CY_ECC_ROW_SIZE = 0x20
                0x00000000                CY_EE_IN_BTLDR = 0x0
                0x00000000                CY_APPL_LOADABLE = 0x0
                0x00000800                CY_EE_SIZE = 0x800
                0x00000001                CY_APPL_NUM = 0x1
                0x00000001                CY_APPL_MAX = 0x1
                0x00000040                CY_METADATA_SIZE = 0x40
                0x00000000                CY_APPL_LOADABLE = 0x0
                0x00000000                CY_CHECKSUM_EXCLUDE_SIZE = ALIGN (0x0, CY_FLASH_ROW_SIZE)
                [!provide]                PROVIDE (__cy_heap_start, _end)
                0x00000001                PROVIDE (__cy_region_num, ((__cy_regions_end - __cy_regions) / 0x10))
                0x20008000                PROVIDE (__cy_stack, (ORIGIN (ram) + LENGTH (ram)))
                [!provide]                PROVIDE (__cy_heap_end, (__cy_stack - 0x800))

.cybootloader   0x00000000        0x0
 *(.cybootloader)
                0x00000000                appl1_start = CY_APPL_ORIGIN?CY_APPL_ORIGIN:ALIGN (CY_FLASH_ROW_SIZE)
                0x0001ff00                appl2_start = (appl1_start + ALIGN ((((LENGTH (rom) - appl1_start) - (0x2 * CY_FLASH_ROW_SIZE)) / 0x2), CY_FLASH_ROW_SIZE))
                0x00000000                appl_start = (CY_APPL_NUM == 0x1)?appl1_start:appl2_start
                0x00000000                ecc_offset = ((appl_start / CY_FLASH_ROW_SIZE) * CY_ECC_ROW_SIZE)
                0x00000000                ee_offset = (CY_APPL_LOADABLE && ! (CY_EE_IN_BTLDR))?((CY_EE_SIZE / CY_APPL_MAX) * (CY_APPL_NUM - 0x1)):0x0
                0x00000800                ee_size = (CY_APPL_LOADABLE && ! (CY_EE_IN_BTLDR))?(CY_EE_SIZE / CY_APPL_MAX):CY_EE_SIZE
                [!provide]                PROVIDE (CY_ECC_OFFSET, ecc_offset)

.text           0x00000000     0x3420
 CREATE_OBJECT_SYMBOLS
                0x00000000                PROVIDE (__cy_interrupt_vector, RomVectors)
 *(.romvectors)
 .romvectors    0x00000000       0x10 .\ARM_GCC_541\Debug\Cm3Start.o
                0x00000000                RomVectors
                0x00000001                ASSERT ((. != __cy_interrupt_vector), No interrupt vector)
                0x00000001                ASSERT (CY_APPL_ORIGIN?(SIZEOF (.cybootloader) <= CY_APPL_ORIGIN):0x1, Wrong image location)
                0x00000010                PROVIDE (__cy_reset, Reset)
 *(.text.Reset)
 .text.Reset    0x00000010       0x18 .\ARM_GCC_541\Debug\Cm3Start.o
                0x00000010                Reset
                0x00000001                ASSERT ((. != __cy_reset), No reset code)
 *(.dma_init)
                0x00000001                ASSERT ((((appl_start + .) <= 0x10000) || 0x1), DMA Init must be within the first 64k of flash)
 *(.text .text.* .gnu.linkonce.t.*)
 .text          0x00000028       0x5c c:/program files (x86)/cypress/psoc creator/4.4/psoc creator/import/gnu/arm/5.4.1/bin/../lib/gcc/arm-none-eabi/5.4.1/armv7-m/crtbegin.o
 .text.print_cal_prompt_on_state_change
                0x00000084       0x98 .\ARM_GCC_541\Debug\main.o
 .text.movi_rx_push
                0x0000011c       0x58 .\ARM_GCC_541\Debug\main.o
 .text.isr_rx_movi_Handler
                0x00000174       0x3c .\ARM_GCC_541\Debug\main.o
                0x00000174                isr_rx_movi_Handler
 .text.main     0x000001b0      0x334 .\ARM_GCC_541\Debug\main.o
                0x000001b0                main
 .text.isr_adc_Handler
                0x000004e4       0x18 .\ARM_GCC_541\Debug\adc_balanced.o
                0x000004e4                isr_adc_Handler
 .text.adc_balanced_init
                0x000004fc       0x6c .\ARM_GCC_541\Debug\adc_balanced.o
                0x000004fc                adc_balanced_init
 .text.adc_balanced_advance_on_eoc
                0x00000568       0x64 .\ARM_GCC_541\Debug\adc_balanced.o
 .text.adc_balanced_poll_frame
                0x000005cc       0x6c .\ARM_GCC_541\Debug\adc_balanced.o
                0x000005cc                adc_balanced_poll_frame
 .text.adc_balanced_counts_to_mv
                0x00000638       0x20 .\ARM_GCC_541\Debug\adc_balanced.o
                0x00000638                adc_balanced_counts_to_mv
 .text.normalize_axis
                0x00000658       0xd0 .\ARM_GCC_541\Debug\joystick.o
 .text.apply_deadband
                0x00000728       0x90 .\ARM_GCC_541\Debug\joystick.o
 .text.joystick_validate
                0x000007b8       0x84 .\ARM_GCC_541\Debug\joystick.o
                0x000007b8                joystick_validate
 .text.cal_begin_range_capture
                0x0000083c       0x84 .\ARM_GCC_541\Debug\joystick.o
 .text.cal_update_ranges
                0x000008c0       0x98 .\ARM_GCC_541\Debug\joystick.o
 .text.cal_start_center_capture
                0x00000958       0x44 .\ARM_GCC_541\Debug\joystick.o
 .text.cal_center_capture_update
                0x0000099c       0xa8 .\ARM_GCC_541\Debug\joystick.o
 .text.cal_save_or_restart
                0x00000a44       0x44 .\ARM_GCC_541\Debug\joystick.o
 .text.joystick_init
                0x00000a88       0xa4 .\ARM_GCC_541\Debug\joystick.o
                0x00000a88                joystick_init
 .text.joystick_on_sample
                0x00000b2c       0x48 .\ARM_GCC_541\Debug\joystick.o
                0x00000b2c                joystick_on_sample
 .text.joystick_on_key
                0x00000b74       0x70 .\ARM_GCC_541\Debug\joystick.o
                0x00000b74                joystick_on_key
 .text.joystick_cal_state
                0x00000be4       0x14 .\ARM_GCC_541\Debug\joystick.o
                0x00000be4                joystick_cal_state
 .text.joystick_center_samples_collected
                0x00000bf8       0x14 .\ARM_GCC_541\Debug\joystick.o
                0x00000bf8                joystick_center_samples_collected
 .text.joystick_get_cmd
                0x00000c0c       0xa8 .\ARM_GCC_541\Debug\joystick.o
                0x00000c0c                joystick_get_cmd
 .text.CYMEMZERO
                0x00000cb4       0x1c .\ARM_GCC_541\Debug\cyfitter_cfg.o
 .text.CYCONFIGCPY
                0x00000cd0       0x20 .\ARM_GCC_541\Debug\cyfitter_cfg.o
 .text.CyClockStartupError
                0x00000cf0        0xc .\ARM_GCC_541\Debug\cyfitter_cfg.o
 .text.cfg_write_bytes32
                0x00000cfc       0x74 .\ARM_GCC_541\Debug\cyfitter_cfg.o
 .text.ClockSetup
                0x00000d70      0x16c .\ARM_GCC_541\Debug\cyfitter_cfg.o
 .text.AnalogSetDefault
                0x00000edc       0x44 .\ARM_GCC_541\Debug\cyfitter_cfg.o
 .text.AMux_1_Set
                0x00000f20       0x6c .\ARM_GCC_541\Debug\cyfitter_cfg.o
                0x00000f20                AMux_1_Set
 .text.AMux_1_Unset
                0x00000f8c       0x74 .\ARM_GCC_541\Debug\cyfitter_cfg.o
                0x00000f8c                AMux_1_Unset
 .text.ADC_DelSig_1_AMux_Set
                0x00001000       0x40 .\ARM_GCC_541\Debug\cyfitter_cfg.o
                0x00001000                ADC_DelSig_1_AMux_Set
 .text.ADC_DelSig_1_AMux_Unset
                0x00001040       0x44 .\ARM_GCC_541\Debug\cyfitter_cfg.o
                0x00001040                ADC_DelSig_1_AMux_Unset
 .text.cyfitter_cfg
                0x00001084      0x188 .\ARM_GCC_541\Debug\cyfitter_cfg.o
                0x00001084                cyfitter_cfg
 .text.IntDefaultHandler
                0x0000120c       0x14 .\ARM_GCC_541\Debug\Cm3Start.o
                0x0000120c                IntDefaultHandler
 .text._sbrk    0x00001220       0x50 .\ARM_GCC_541\Debug\Cm3Start.o
                0x00001220                _sbrk
 .text.Start_c  0x00001270       0x98 .\ARM_GCC_541\Debug\Cm3Start.o
                0x00001270                Start_c
 .text.initialize_psoc
                0x00001308       0x90 .\ARM_GCC_541\Debug\Cm3Start.o
                0x00001308                initialize_psoc
 .text.ADC_DelSig_1_Init
                0x00001398      0x11c .\ARM_GCC_541\Debug\Proj05_freefly_uart_control.a(ADC_DelSig_1.o)
                0x00001398                ADC_DelSig_1_Init
 .text.ADC_DelSig_1_Enable
                0x000014b4      0x158 .\ARM_GCC_541\Debug\Proj05_freefly_uart_control.a(ADC_DelSig_1.o)
                0x000014b4                ADC_DelSig_1_Enable
 .text.ADC_DelSig_1_Start
                0x0000160c       0x30 .\ARM_GCC_541\Debug\Proj05_freefly_uart_control.a(ADC_DelSig_1.o)
                0x0000160c                ADC_DelSig_1_Start
 .text.ADC_DelSig_1_StartConvert
                0x0000163c       0x20 .\ARM_GCC_541\Debug\Proj05_freefly_uart_control.a(ADC_DelSig_1.o)
                0x0000163c                ADC_DelSig_1_StartConvert
 .text.ADC_DelSig_1_StopConvert
                0x0000165c       0x20 .\ARM_GCC_541\Debug\Proj05_freefly_uart_control.a(ADC_DelSig_1.o)
                0x0000165c                ADC_DelSig_1_StopConvert
 .text.ADC_DelSig_1_GetResult16
                0x0000167c       0x7c .\ARM_GCC_541\Debug\Proj05_freefly_uart_control.a(ADC_DelSig_1.o)
                0x0000167c                ADC_DelSig_1_GetResult16
 .text.ADC_DelSig_1_CountsTo_mVolts
                0x000016f8       0x3c .\ARM_GCC_541\Debug\Proj05_freefly_uart_control.a(ADC_DelSig_1.o)
                0x000016f8                ADC_DelSig_1_CountsTo_mVolts
 .text.ADC_DelSig_1_InitConfig
                0x00001734      0x164 .\ARM_GCC_541\Debug\Proj05_freefly_uart_control.a(ADC_DelSig_1.o)
 .text.ADC_DelSig_1_GainCompensation
                0x00001898      0x170 .\ARM_GCC_541\Debug\Proj05_freefly_uart_control.a(ADC_DelSig_1.o)
 .text.ADC_DelSig_1_SetDSMRef0Reg
                0x00001a08       0x7c .\ARM_GCC_541\Debug\Proj05_freefly_uart_control.a(ADC_DelSig_1.o)
 .text.ADC_DelSig_1_ISR1
                0x00001a84        0xc .\ARM_GCC_541\Debug\Proj05_freefly_uart_control.a(ADC_DelSig_1_INT.o)
                0x00001a84                ADC_DelSig_1_ISR1
 .text.UART_1_Start
                0x00001a90       0x24 .\ARM_GCC_541\Debug\Proj05_freefly_uart_control.a(UART_1.o)
                0x00001a90                UART_1_Start
 .text.UART_1_Init
                0x00001ab4       0x40 .\ARM_GCC_541\Debug\Proj05_freefly_uart_control.a(UART_1.o)
                0x00001ab4                UART_1_Init
 .text.UART_1_Enable
                0x00001af4       0x60 .\ARM_GCC_541\Debug\Proj05_freefly_uart_control.a(UART_1.o)
                0x00001af4                UART_1_Enable
 .text.UART_1_GetChar
                0x00001b54       0x44 .\ARM_GCC_541\Debug\Proj05_freefly_uart_control.a(UART_1.o)
                0x00001b54                UART_1_GetChar
 .text.UART_1_PutChar
                0x00001b98       0x34 .\ARM_GCC_541\Debug\Proj05_freefly_uart_control.a(UART_1.o)
                0x00001b98                UART_1_PutChar
 .text.UART_1_PutString
                0x00001bcc       0x44 .\ARM_GCC_541\Debug\Proj05_freefly_uart_control.a(UART_1.o)
                0x00001bcc                UART_1_PutString
 .text.ADC_DelSig_1_AMux_Start
                0x00001c10       0x34 .\ARM_GCC_541\Debug\Proj05_freefly_uart_control.a(ADC_DelSig_1_AMux.o)
                0x00001c10                ADC_DelSig_1_AMux_Start
 .text.ADC_DelSig_1_AMux_Select
                0x00001c44       0x28 .\ARM_GCC_541\Debug\Proj05_freefly_uart_control.a(ADC_DelSig_1_AMux.o)
                0x00001c44                ADC_DelSig_1_AMux_Select
 .text.ADC_DelSig_1_Ext_CP_Clk_SetDividerRegister
                0x00001c6c      0x164 .\ARM_GCC_541\Debug\Proj05_freefly_uart_control.a(ADC_DelSig_1_Ext_CP_Clk.o)
                0x00001c6c                ADC_DelSig_1_Ext_CP_Clk_SetDividerRegister
 .text.ADC_DelSig_1_Ext_CP_Clk_GetDividerRegister
                0x00001dd0       0x18 .\ARM_GCC_541\Debug\Proj05_freefly_uart_control.a(ADC_DelSig_1_Ext_CP_Clk.o)
                0x00001dd0                ADC_DelSig_1_Ext_CP_Clk_GetDividerRegister
 .text.ADC_DelSig_1_Ext_CP_Clk_SetModeRegister
                0x00001de8       0x34 .\ARM_GCC_541\Debug\Proj05_freefly_uart_control.a(ADC_DelSig_1_Ext_CP_Clk.o)
                0x00001de8                ADC_DelSig_1_Ext_CP_Clk_SetModeRegister
 .text.ADC_DelSig_1_Ext_CP_Clk_GetSourceRegister
                0x00001e1c       0x1c .\ARM_GCC_541\Debug\Proj05_freefly_uart_control.a(ADC_DelSig_1_Ext_CP_Clk.o)
                0x00001e1c                ADC_DelSig_1_Ext_CP_Clk_GetSourceRegister
 .text.ADC_DelSig_1_theACLK_SetDividerRegister
                0x00001e38      0x164 .\ARM_GCC_541\Debug\Proj05_freefly_uart_control.a(ADC_DelSig_1_theACLK.o)
                0x00001e38                ADC_DelSig_1_theACLK_SetDividerRegister
 .text.ADC_DelSig_1_theACLK_GetDividerRegister
                0x00001f9c       0x18 .\ARM_GCC_541\Debug\Proj05_freefly_uart_control.a(ADC_DelSig_1_theACLK.o)
                0x00001f9c                ADC_DelSig_1_theACLK_GetDividerRegister
 .text.ADC_DelSig_1_theACLK_SetModeRegister
                0x00001fb4       0x34 .\ARM_GCC_541\Debug\Proj05_freefly_uart_control.a(ADC_DelSig_1_theACLK.o)
                0x00001fb4                ADC_DelSig_1_theACLK_SetModeRegister
 .text.ADC_DelSig_1_theACLK_GetSourceRegister
                0x00001fe8       0x1c .\ARM_GCC_541\Debug\Proj05_freefly_uart_control.a(ADC_DelSig_1_theACLK.o)
                0x00001fe8                ADC_DelSig_1_theACLK_GetSourceRegister
 .text.UART_1_IntClock_Start
                0x00002004       0x34 .\ARM_GCC_541\Debug\Proj05_freefly_uart_control.a(UART_1_IntClock.o)
                0x00002004                UART_1_IntClock_Start
 .text.CyHalt   0x00002038       0x18 .\ARM_GCC_541\Debug\Proj05_freefly_uart_control.a(CyLib.o)
                0x00002038                CyHalt
 .text.CyDelay  0x00002050       0x44 .\ARM_GCC_541\Debug\Proj05_freefly_uart_control.a(CyLib.o)
                0x00002050                CyDelay
 .text.CyDelayUs
                0x00002094       0x28 .\ARM_GCC_541\Debug\Proj05_freefly_uart_control.a(CyLib.o)
                0x00002094                CyDelayUs
 .text.CyIntSetVector
                0x000020bc       0x50 .\ARM_GCC_541\Debug\Proj05_freefly_uart_control.a(CyLib.o)
                0x000020bc                CyIntSetVector
 .text.CyIntSetPriority
                0x0000210c       0x48 .\ARM_GCC_541\Debug\Proj05_freefly_uart_control.a(CyLib.o)
                0x0000210c                CyIntSetPriority
 .text.AMux_1_Start
                0x00002154       0x34 .\ARM_GCC_541\Debug\Proj05_freefly_uart_control.a(AMux_1.o)
                0x00002154                AMux_1_Start
 .text.AMux_1_FastSelect
                0x00002188       0x38 .\ARM_GCC_541\Debug\Proj05_freefly_uart_control.a(AMux_1.o)
                0x00002188                AMux_1_FastSelect
 .text.isr_adc_StartEx
                0x000021c0       0x24 .\ARM_GCC_541\Debug\Proj05_freefly_uart_control.a(isr_adc.o)
                0x000021c0                isr_adc_StartEx
 .text.isr_adc_SetVector
                0x000021e4       0x24 .\ARM_GCC_541\Debug\Proj05_freefly_uart_control.a(isr_adc.o)
                0x000021e4                isr_adc_SetVector
 .text.isr_adc_SetPriority
                0x00002208       0x24 .\ARM_GCC_541\Debug\Proj05_freefly_uart_control.a(isr_adc.o)
                0x00002208                isr_adc_SetPriority
 .text.isr_adc_Enable
                0x0000222c       0x18 .\ARM_GCC_541\Debug\Proj05_freefly_uart_control.a(isr_adc.o)
                0x0000222c                isr_adc_Enable
 .text.isr_adc_Disable
                0x00002244       0x18 .\ARM_GCC_541\Debug\Proj05_freefly_uart_control.a(isr_adc.o)
                0x00002244                isr_adc_Disable
 .text.isr_adc_ClearPending
                0x0000225c       0x18 .\ARM_GCC_541\Debug\Proj05_freefly_uart_control.a(isr_adc.o)
                0x0000225c                isr_adc_ClearPending
 .text.UART_MOVI_Start
                0x00002274       0x24 .\ARM_GCC_541\Debug\Proj05_freefly_uart_control.a(UART_MOVI.o)
                0x00002274                UART_MOVI_Start
 .text.UART_MOVI_Init
                0x00002298       0x40 .\ARM_GCC_541\Debug\Proj05_freefly_uart_control.a(UART_MOVI.o)
                0x00002298                UART_MOVI_Init
 .text.UART_MOVI_Enable
                0x000022d8       0x5c .\ARM_GCC_541\Debug\Proj05_freefly_uart_control.a(UART_MOVI.o)
                0x000022d8                UART_MOVI_Enable
 .text.UART_MOVI_ReadRxData
                0x00002334       0x1c .\ARM_GCC_541\Debug\Proj05_freefly_uart_control.a(UART_MOVI.o)
                0x00002334                UART_MOVI_ReadRxData
 .text.UART_MOVI_ReadRxStatus
                0x00002350       0x24 .\ARM_GCC_541\Debug\Proj05_freefly_uart_control.a(UART_MOVI.o)
                0x00002350                UART_MOVI_ReadRxStatus
 .text.UART_MOVI_ClearRxBuffer
                0x00002374       0x44 .\ARM_GCC_541\Debug\Proj05_freefly_uart_control.a(UART_MOVI.o)
                0x00002374                UART_MOVI_ClearRxBuffer
 .text.UART_MOVI_PutChar
                0x000023b8       0x34 .\ARM_GCC_541\Debug\Proj05_freefly_uart_control.a(UART_MOVI.o)
                0x000023b8                UART_MOVI_PutChar
 .text.UART_MOVI_PutArray
                0x000023ec       0x44 .\ARM_GCC_541\Debug\Proj05_freefly_uart_control.a(UART_MOVI.o)
                0x000023ec                UART_MOVI_PutArray
 .text.UART_MOVI_ClearTxBuffer
                0x00002430       0x44 .\ARM_GCC_541\Debug\Proj05_freefly_uart_control.a(UART_MOVI.o)
                0x00002430                UART_MOVI_ClearTxBuffer
 .text.isr_rx_movi_StartEx
                0x00002474       0x24 .\ARM_GCC_541\Debug\Proj05_freefly_uart_control.a(isr_rx_movi.o)
                0x00002474                isr_rx_movi_StartEx
 .text.isr_rx_movi_SetVector
                0x00002498       0x24 .\ARM_GCC_541\Debug\Proj05_freefly_uart_control.a(isr_rx_movi.o)
                0x00002498                isr_rx_movi_SetVector
 .text.isr_rx_movi_SetPriority
                0x000024bc       0x24 .\ARM_GCC_541\Debug\Proj05_freefly_uart_control.a(isr_rx_movi.o)
                0x000024bc                isr_rx_movi_SetPriority
 .text.isr_rx_movi_Enable
                0x000024e0       0x18 .\ARM_GCC_541\Debug\Proj05_freefly_uart_control.a(isr_rx_movi.o)
                0x000024e0                isr_rx_movi_Enable
 .text.isr_rx_movi_Disable
                0x000024f8       0x18 .\ARM_GCC_541\Debug\Proj05_freefly_uart_control.a(isr_rx_movi.o)
                0x000024f8                isr_rx_movi_Disable
 .text          0x00002510       0x54 .\ARM_GCC_541\Debug\Proj05_freefly_uart_control.a(CyBootAsmGnu.o)
                0x00002510                CyDelayCycles
                0x0000254e                CyEnterCriticalSection
                0x00002556                CyExitCriticalSection
 .text          0x00002564      0x21c c:/program files (x86)/cypress/psoc creator/4.4/psoc creator/import/gnu/arm/5.4.1/bin/../lib/gcc/arm-none-eabi/5.4.1/armv7-m\libgcc.a(_arm_addsubsf3.o)
                0x00002564                __aeabi_frsub
                0x0000256c                __subsf3
                0x0000256c                __aeabi_fsub
                0x00002570                __aeabi_fadd
                0x00002570                __addsf3
                0x000026d0                __aeabi_ui2f
                0x000026d0                __floatunsisf
                0x000026d8                __aeabi_i2f
                0x000026d8                __floatsisf
                0x000026f4                __aeabi_ul2f
                0x000026f4                __floatundisf
                0x00002704                __aeabi_l2f
                0x00002704                __floatdisf
 .text          0x00002780      0x2a0 c:/program files (x86)/cypress/psoc creator/4.4/psoc creator/import/gnu/arm/5.4.1/bin/../lib/gcc/arm-none-eabi/5.4.1/armv7-m\libgcc.a(_arm_muldivsf3.o)
                0x00002780                __mulsf3
                0x00002780                __aeabi_fmul
                0x000028e8                __aeabi_fdiv
                0x000028e8                __divsf3
 .text          0x00002a20       0xec c:/program files (x86)/cypress/psoc creator/4.4/psoc creator/import/gnu/arm/5.4.1/bin/../lib/gcc/arm-none-eabi/5.4.1/armv7-m\libgcc.a(_arm_cmpsf2.o)
                0x00002a20                __gesf2
                0x00002a20                __gtsf2
                0x00002a28                __lesf2
                0x00002a28                __ltsf2
                0x00002a30                __nesf2
                0x00002a30                __eqsf2
                0x00002a30                __cmpsf2
                0x00002a90                __aeabi_cfrcmple
                0x00002a98                __aeabi_cfcmpeq
                0x00002a98                __aeabi_cfcmple
                0x00002aa8                __aeabi_fcmpeq
                0x00002abc                __aeabi_fcmplt
                0x00002ad0                __aeabi_fcmple
                0x00002ae4                __aeabi_fcmpge
                0x00002af8                __aeabi_fcmpgt
 .text          0x00002b0c       0x4c c:/program files (x86)/cypress/psoc creator/4.4/psoc creator/import/gnu/arm/5.4.1/bin/../lib/gcc/arm-none-eabi/5.4.1/armv7-m\libgcc.a(_arm_fixsfsi.o)
                0x00002b0c                __aeabi_f2iz
                0x00002b0c                __fixsfsi
 .text.__errno  0x00002b58        0xc c:/program files (x86)/cypress/psoc creator/4.4/psoc creator/import/gnu/arm/5.4.1/bin/../lib/gcc/arm-none-eabi/5.4.1/../../../../arm-none-eabi/lib/armv7-m\libg_nano.a(lib_a-errno.o)
                0x00002b58                __errno
 .text.__libc_init_array
                0x00002b64       0x4c c:/program files (x86)/cypress/psoc creator/4.4/psoc creator/import/gnu/arm/5.4.1/bin/../lib/gcc/arm-none-eabi/5.4.1/../../../../arm-none-eabi/lib/armv7-m\libg_nano.a(lib_a-init.o)
                0x00002b64                __libc_init_array
 .text.memcpy   0x00002bb0       0x16 c:/program files (x86)/cypress/psoc creator/4.4/psoc creator/import/gnu/arm/5.4.1/bin/../lib/gcc/arm-none-eabi/5.4.1/../../../../arm-none-eabi/lib/armv7-m\libg_nano.a(lib_a-memcpy-stub.o)
                0x00002bb0                memcpy
 .text.memset   0x00002bc6       0x10 c:/program files (x86)/cypress/psoc creator/4.4/psoc creator/import/gnu/arm/5.4.1/bin/../lib/gcc/arm-none-eabi/5.4.1/../../../../arm-none-eabi/lib/armv7-m\libg_nano.a(lib_a-memset.o)
                0x00002bc6                memset
 *fill*         0x00002bd6        0x2 
 .text.sprintf  0x00002bd8       0x48 c:/program files (x86)/cypress/psoc creator/4.4/psoc creator/import/gnu/arm/5.4.1/bin/../lib/gcc/arm-none-eabi/5.4.1/../../../../arm-none-eabi/lib/armv7-m\libg_nano.a(lib_a-sprintf.o)
                0x00002bd8                siprintf
                0x00002bd8                sprintf
 .text.__ssputs_r
                0x00002c20       0xb2 c:/program files (x86)/cypress/psoc creator/4.4/psoc creator/import/gnu/arm/5.4.1/bin/../lib/gcc/arm-none-eabi/5.4.1/../../../../arm-none-eabi/lib/armv7-m\libg_nano.a(lib_a-nano-svfprintf.o)
                0x00002c20                __ssputs_r
 *fill*         0x00002cd2        0x2 
 .text._svfprintf_r
                0x00002cd4      0x1e8 c:/program files (x86)/cypress/psoc creator/4.4/psoc creator/import/gnu/arm/5.4.1/bin/../lib/gcc/arm-none-eabi/5.4.1/../../../../arm-none-eabi/lib/armv7-m\libg_nano.a(lib_a-nano-svfprintf.o)
                0x00002cd4                _svfiprintf_r
                0x00002cd4                _svfprintf_r
 .text._printf_common
                0x00002ebc       0xec c:/program files (x86)/cypress/psoc creator/4.4/psoc creator/import/gnu/arm/5.4.1/bin/../lib/gcc/arm-none-eabi/5.4.1/../../../../arm-none-eabi/lib/armv7-m\libg_nano.a(lib_a-nano-vfprintf_i.o)
                0x00002ebc                _printf_common
 .text._printf_i
                0x00002fa8      0x24c c:/program files (x86)/cypress/psoc creator/4.4/psoc creator/import/gnu/arm/5.4.1/bin/../lib/gcc/arm-none-eabi/5.4.1/../../../../arm-none-eabi/lib/armv7-m\libg_nano.a(lib_a-nano-vfprintf_i.o)
                0x00002fa8                _printf_i
 .text.memchr   0x000031f4       0x1c c:/program files (x86)/cypress/psoc creator/4.4/psoc creator/import/gnu/arm/5.4.1/bin/../lib/gcc/arm-none-eabi/5.4.1/../../../../arm-none-eabi/lib/armv7-m\libg_nano.a(lib_a-memchr-stub.o)
                0x000031f4                memchr
 .text.memmove  0x00003210       0x36 c:/program files (x86)/cypress/psoc creator/4.4/psoc creator/import/gnu/arm/5.4.1/bin/../lib/gcc/arm-none-eabi/5.4.1/../../../../arm-none-eabi/lib/armv7-m\libg_nano.a(lib_a-memmove.o)
                0x00003210                memmove
 *fill*         0x00003246        0x2 
 .text._free_r  0x00003248       0x98 c:/program files (x86)/cypress/psoc creator/4.4/psoc creator/import/gnu/arm/5.4.1/bin/../lib/gcc/arm-none-eabi/5.4.1/../../../../arm-none-eabi/lib/armv7-m\libg_nano.a(lib_a-nano-freer.o)
                0x00003248                _free_r
 .text._malloc_r
                0x000032e0       0xbc c:/program files (x86)/cypress/psoc creator/4.4/psoc creator/import/gnu/arm/5.4.1/bin/../lib/gcc/arm-none-eabi/5.4.1/../../../../arm-none-eabi/lib/armv7-m\libg_nano.a(lib_a-nano-mallocr.o)
                0x000032e0                _malloc_r
 .text._realloc_r
                0x0000339c       0x4c c:/program files (x86)/cypress/psoc creator/4.4/psoc creator/import/gnu/arm/5.4.1/bin/../lib/gcc/arm-none-eabi/5.4.1/../../../../arm-none-eabi/lib/armv7-m\libg_nano.a(lib_a-nano-reallocr.o)
                0x0000339c                _realloc_r
 .text._sbrk_r  0x000033e8       0x20 c:/program files (x86)/cypress/psoc creator/4.4/psoc creator/import/gnu/arm/5.4.1/bin/../lib/gcc/arm-none-eabi/5.4.1/../../../../arm-none-eabi/lib/armv7-m\libg_nano.a(lib_a-sbrkr.o)
                0x000033e8                _sbrk_r
 .text.__malloc_lock
                0x00003408        0x2 c:/program files (x86)/cypress/psoc creator/4.4/psoc creator/import/gnu/arm/5.4.1/bin/../lib/gcc/arm-none-eabi/5.4.1/../../../../arm-none-eabi/lib/armv7-m\libg_nano.a(lib_a-mlock.o)
                0x00003408                __malloc_lock
 .text.__malloc_unlock
                0x0000340a        0x2 c:/program files (x86)/cypress/psoc creator/4.4/psoc creator/import/gnu/arm/5.4.1/bin/../lib/gcc/arm-none-eabi/5.4.1/../../../../arm-none-eabi/lib/armv7-m\libg_nano.a(lib_a-mlock.o)
                0x0000340a                __malloc_unlock
 .text._malloc_usable_size_r
                0x0000340c       0x14 c:/program files (x86)/cypress/psoc creator/4.4/psoc creator/import/gnu/arm/5.4.1/bin/../lib/gcc/arm-none-eabi/5.4.1/../../../../arm-none-eabi/lib/armv7-m\libg_nano.a(lib_a-nano-msizer.o)
                0x0000340c                _malloc_usable_size_r
 *(.plt)
 *(.gnu.warning)
 *(.glue_7t)
 .glue_7t       0x00003420        0x0 linker stubs
 *(.glue_7)
 .glue_7        0x00003420        0x0 linker stubs
 *(.vfp11_veneer)
 .vfp11_veneer  0x00003420        0x0 linker stubs
 *(.bootloader)
 *(.ARM.extab* .gnu.linkonce.armextab.*)
 *(.gcc_except_table)

.v4_bx          0x00003420        0x0
 .v4_bx         0x00003420        0x0 linker stubs

.iplt           0x00003420        0x0
 .iplt          0x00003420        0x0 c:/program files (x86)/cypress/psoc creator/4.4/psoc creator/import/gnu/arm/5.4.1/bin/../lib/gcc/arm-none-eabi/5.4.1/armv7-m/crtbegin.o

.eh_frame_hdr
 *(.eh_frame_hdr)

.eh_frame       0x00003420        0x4
 *(.eh_frame)
 .eh_frame      0x00003420        0x0 c:/program files (x86)/cypress/psoc creator/4.4/psoc creator/import/gnu/arm/5.4.1/bin/../lib/gcc/arm-none-eabi/5.4.1/armv7-m/crtbegin.o
 .eh_frame      0x00003420        0x4 c:/program files (x86)/cypress/psoc creator/4.4/psoc creator/import/gnu/arm/5.4.1/bin/../lib/gcc/arm-none-eabi/5.4.1/armv7-m/crtend.o
                [!provide]                PROVIDE (__exidx_start, .)

.ARM.exidx
 *(.ARM.exidx* .gnu.linkonce.armexidx.*)
                0x00003424                __exidx_end = .

.rodata         0x00003424      0x334
 *(.rodata .rodata.* .gnu.linkonce.r.*)
 .rodata        0x00003424      0x262 .\ARM_GCC_541\Debug\main.o
 *fill*         0x00003686        0x2 
 .rodata        0x00003688       0x64 .\ARM_GCC_541\Debug\cyfitter_cfg.o
                0x00003688                AMux_1__addrTable
                0x00003698                AMux_1__maskTable
                0x0000369c                ADC_DelSig_1_AMux__addrTable
                0x000036a4                ADC_DelSig_1_AMux__maskTable
 .rodata.str1.1
                0x000036ec        0x2 c:/program files (x86)/cypress/psoc creator/4.4/psoc creator/import/gnu/arm/5.4.1/bin/../lib/gcc/arm-none-eabi/5.4.1/../../../../arm-none-eabi/lib/armv7-m\libg_nano.a(lib_a-impure.o)
 .rodata.str1.1
                0x000036ee       0x11 c:/program files (x86)/cypress/psoc creator/4.4/psoc creator/import/gnu/arm/5.4.1/bin/../lib/gcc/arm-none-eabi/5.4.1/../../../../arm-none-eabi/lib/armv7-m\libg_nano.a(lib_a-nano-svfprintf.o)
 .rodata.str1.1
                0x000036ff       0x22 c:/program files (x86)/cypress/psoc creator/4.4/psoc creator/import/gnu/arm/5.4.1/bin/../lib/gcc/arm-none-eabi/5.4.1/../../../../arm-none-eabi/lib/armv7-m\libg_nano.a(lib_a-nano-vfprintf_i.o)
                0x00003724                . = ALIGN (0x4)
 *fill*         0x00003721        0x3 
 *(.init)
 .init          0x00003724        0x4 c:/program files (x86)/cypress/psoc creator/4.4/psoc creator/import/gnu/arm/5.4.1/bin/../lib/gcc/arm-none-eabi/5.4.1/armv7-m/crti.o
                0x00003724                _init
 .init          0x00003728        0x8 c:/program files (x86)/cypress/psoc creator/4.4/psoc creator/import/gnu/arm/5.4.1/bin/../lib/gcc/arm-none-eabi/5.4.1/armv7-m/crtn.o
                0x00003730                . = ALIGN (0x4)
                0x00003730                __preinit_array_start = .
 *(.preinit_array)
                0x00003730                __preinit_array_end = .
                0x00003730                . = ALIGN (0x4)
                0x00003730                __init_array_start = .
 *(SORT(.init_array.*))
 *(.init_array)
 .init_array    0x00003730        0x4 c:/program files (x86)/cypress/psoc creator/4.4/psoc creator/import/gnu/arm/5.4.1/bin/../lib/gcc/arm-none-eabi/5.4.1/armv7-m/crtbegin.o
 .init_array    0x00003734        0x4 .\ARM_GCC_541\Debug\Cm3Start.o
                0x00003738                __init_array_end = .
                0x00003738                . = ALIGN (0x4)
 *(.fini)
 .fini          0x00003738        0x4 c:/program files (x86)/cypress/psoc creator/4.4/psoc creator/import/gnu/arm/5.4.1/bin/../lib/gcc/arm-none-eabi/5.4.1/armv7-m/crti.o
                0x00003738                _fini
 .fini          0x0000373c        0x8 c:/program files (x86)/cypress/psoc creator/4.4/psoc creator/import/gnu/arm/5.4.1/bin/../lib/gcc/arm-none-eabi/5.4.1/armv7-m/crtn.o
                0x00003744                . = ALIGN (0x4)
                0x00003744                __fini_array_start = .
 *(.fini_array)
 .fini_array    0x00003744        0x4 c:/program files (x86)/cypress/psoc creator/4.4/psoc creator/import/gnu/arm/5.4.1/bin/../lib/gcc/arm-none-eabi/5.4.1/armv7-m/crtbegin.o
 *(SORT(.fini_array.*))
                0x00003748                __fini_array_end = .
                0x00003748                . = ALIGN (0x4)
 *crtbegin.o(.ctors)
 *(EXCLUDE_FILE(*crtend.o) .ctors)
 *(SORT(.ctors.*))
 *crtend.o(.ctors)
                0x00003748                . = ALIGN (0x4)
 *crtbegin.o(.dtors)
 *(EXCLUDE_FILE(*crtend.o) .dtors)
 *(SORT(.dtors.*))
 *crtend.o(.dtors)
                0x00003748                . = ALIGN (0x4)
                0x00003748                __cy_regions = .
                0x00003748        0x4 LONG 0x3758 __cy_region_init_ram
                0x0000374c        0x4 LONG 0x1fff80c8 __cy_region_start_data
                0x00003750        0x4 LONG 0x88 __cy_region_init_size_ram
                0x00003754        0x4 LONG 0x198 __cy_region_zero_size_ram
                0x00003758                __cy_regions_end = .
                0x00003758                . = ALIGN (0x8)
                0x00003758                _etext = .

.cy_checksum_exclude
                0x00003758        0x0
 *(.cy_checksum_exclude)

.ramvectors     0x1fff8000       0xc0
                0x1fff8000                __cy_region_start_ram = .
 *(.ramvectors)
 .ramvectors    0x1fff8000       0xc0 .\ARM_GCC_541\Debug\Cm3Start.o
                0x1fff8000                CyRamVectors

.noinit         0x1fff80c0        0x5
 *(.noinit)
 .noinit        0x1fff80c0        0x4 .\ARM_GCC_541\Debug\Cm3Start.o
 .noinit        0x1fff80c4        0x1 .\ARM_GCC_541\Debug\Proj05_freefly_uart_control.a(CyLib.o)
                0x1fff80c4                CyResetStatus

.data           0x1fff80c8       0x88 load address 0x00003758
                0x1fff80c8                __cy_region_start_data = .
 *(.jcr)
 .jcr           0x1fff80c8        0x0 c:/program files (x86)/cypress/psoc creator/4.4/psoc creator/import/gnu/arm/5.4.1/bin/../lib/gcc/arm-none-eabi/5.4.1/armv7-m/crtbegin.o
 .jcr           0x1fff80c8        0x4 c:/program files (x86)/cypress/psoc creator/4.4/psoc creator/import/gnu/arm/5.4.1/bin/../lib/gcc/arm-none-eabi/5.4.1/armv7-m/crtend.o
 *(.got.plt)
 *(.got)
 *(.shdata)
 *(.data .data.* .gnu.linkonce.d.*)
 .data          0x1fff80cc        0x4 .\ARM_GCC_541\Debug\Cm3Start.o
 .data          0x1fff80d0        0x1 .\ARM_GCC_541\Debug\Proj05_freefly_uart_control.a(ADC_DelSig_1.o)
                0x1fff80d0                ADC_DelSig_1_Config
 .data          0x1fff80d1        0x1 .\ARM_GCC_541\Debug\Proj05_freefly_uart_control.a(ADC_DelSig_1_AMux.o)
 *fill*         0x1fff80d2        0x2 
 .data          0x1fff80d4       0x10 .\ARM_GCC_541\Debug\Proj05_freefly_uart_control.a(CyLib.o)
                0x1fff80d4                cydelay_freq_hz
                0x1fff80d8                cydelay_freq_khz
                0x1fff80dc                cydelay_freq_mhz
                0x1fff80e0                cydelay_32k_ms
 .data          0x1fff80e4        0x1 .\ARM_GCC_541\Debug\Proj05_freefly_uart_control.a(AMux_1.o)
 *fill*         0x1fff80e5        0x3 
 .data.impure_data
                0x1fff80e8       0x60 c:/program files (x86)/cypress/psoc creator/4.4/psoc creator/import/gnu/arm/5.4.1/bin/../lib/gcc/arm-none-eabi/5.4.1/../../../../arm-none-eabi/lib/armv7-m\libg_nano.a(lib_a-impure.o)
 .data._impure_ptr
                0x1fff8148        0x4 c:/program files (x86)/cypress/psoc creator/4.4/psoc creator/import/gnu/arm/5.4.1/bin/../lib/gcc/arm-none-eabi/5.4.1/../../../../arm-none-eabi/lib/armv7-m\libg_nano.a(lib_a-impure.o)
                0x1fff8148                _impure_ptr
                0x1fff8150                . = ALIGN (0x8)
 *fill*         0x1fff814c        0x4 
 *(.ram)
                0x1fff8150                _edata = .

.igot.plt       0x1fff8150        0x0 load address 0x000037e0
 .igot.plt      0x1fff8150        0x0 c:/program files (x86)/cypress/psoc creator/4.4/psoc creator/import/gnu/arm/5.4.1/bin/../lib/gcc/arm-none-eabi/5.4.1/armv7-m/crtbegin.o

.bss            0x1fff8150      0x198 load address 0x000037e0
                0x1fff8150                PROVIDE (__bss_start__, .)
 *(.shbss)
 *(.bss .bss.* .gnu.linkonce.b.*)
 .bss           0x1fff8150       0x1c c:/program files (x86)/cypress/psoc creator/4.4/psoc creator/import/gnu/arm/5.4.1/bin/../lib/gcc/arm-none-eabi/5.4.1/armv7-m/crtbegin.o
 .bss           0x1fff816c      0x10c .\ARM_GCC_541\Debug\main.o
 .bss           0x1fff8278        0x8 .\ARM_GCC_541\Debug\adc_balanced.o
 .bss           0x1fff8280       0x42 .\ARM_GCC_541\Debug\joystick.o
 *fill*         0x1fff82c2        0x2 
 .bss           0x1fff82c4        0xc .\ARM_GCC_541\Debug\Proj05_freefly_uart_control.a(ADC_DelSig_1.o)
                0x1fff82c4                ADC_DelSig_1_convDone
                0x1fff82c5                ADC_DelSig_1_stopConversion
                0x1fff82c6                ADC_DelSig_1_initVar
                0x1fff82c7                ADC_DelSig_1_started
                0x1fff82c8                ADC_DelSig_1_Offset
 .bss           0x1fff82d0        0x2 .\ARM_GCC_541\Debug\Proj05_freefly_uart_control.a(UART_1.o)
                0x1fff82d0                UART_1_initVar
 .bss           0x1fff82d2        0x2 .\ARM_GCC_541\Debug\Proj05_freefly_uart_control.a(UART_MOVI.o)
                0x1fff82d2                UART_MOVI_initVar
 .bss.__malloc_sbrk_start
                0x1fff82d4        0x4 c:/program files (x86)/cypress/psoc creator/4.4/psoc creator/import/gnu/arm/5.4.1/bin/../lib/gcc/arm-none-eabi/5.4.1/../../../../arm-none-eabi/lib/armv7-m\libg_nano.a(lib_a-nano-mallocr.o)
                0x1fff82d4                __malloc_sbrk_start
 .bss.__malloc_free_list
                0x1fff82d8        0x4 c:/program files (x86)/cypress/psoc creator/4.4/psoc creator/import/gnu/arm/5.4.1/bin/../lib/gcc/arm-none-eabi/5.4.1/../../../../arm-none-eabi/lib/armv7-m\libg_nano.a(lib_a-nano-mallocr.o)
                0x1fff82d8                __malloc_free_list
 *(COMMON)
 COMMON         0x1fff82dc        0x4 .\ARM_GCC_541\Debug\Proj05_freefly_uart_control.a(ADC_DelSig_1.o)
                0x1fff82dc                ADC_DelSig_1_CountsPerVolt
 COMMON         0x1fff82e0        0x4 c:/program files (x86)/cypress/psoc creator/4.4/psoc creator/import/gnu/arm/5.4.1/bin/../lib/gcc/arm-none-eabi/5.4.1/../../../../arm-none-eabi/lib/armv7-m\libg_nano.a(lib_a-reent.o)
                0x1fff82e0                errno
                0x1fff82e8                . = ALIGN (0x8)
 *fill*         0x1fff82e4        0x4 
 *(.ram.b)
                0x1fff82e8                _end = .
                0x1fff82e8                __end = .
                0x1fff82e8                PROVIDE (end, .)
                0x1fff82e8                PROVIDE (__bss_end__, .)
                0x00003758                __cy_region_init_ram = LOADADDR (.data)
                0x00000088                __cy_region_init_size_ram = (_edata - ADDR (.data))
                0x00000198                __cy_region_zero_size_ram = (_end - _edata)

.heap           0x1fff82e8       0x80 load address 0x000037e0
                0x1fff82e8                . = _end
                0x1fff8368                . = (. + 0x80)
 *fill*         0x1fff82e8       0x80 
                0x1fff8368                __cy_heap_limit = .

.stack          0x20007800      0x800
                0x20007800                __cy_stack_limit = .
                0x20008000                . = (. + 0x800)
 *fill*         0x20007800      0x800 
                0x00000001                ASSERT ((__cy_stack_limit >= __cy_heap_limit), region RAM overflowed with stack)
                0x00000000                cy_checksum_exclude_size = (CY_APPL_LOADABLE == 0x1)?SIZEOF (.cy_checksum_exclude):0x0
                0x00000001                ASSERT ((cy_checksum_exclude_size <= CY_CHECKSUM_EXCLUDE_SIZE), CY_BOOT: Section .cy_checksum_exclude size exceedes specified limit.)

.cyloadermeta
 *(.cyloadermeta)

.cyloadablemeta
 *(.cyloadablemeta)

.cyconfigecc    0x80000000      0x624
 *(.cyconfigecc)
 .cyconfigecc   0x80000000      0x624 .\ARM_GCC_541\Debug\cymetadata.o
                0x80000000                cy_meta_configecc

.cycustnvl      0x90000000        0x4
 *(.cycustnvl)
 .cycustnvl     0x90000000        0x4 .\ARM_GCC_541\Debug\cymetadata.o
                0x90000000                cy_meta_custnvl

.cywolatch      0x90100000        0x4
 *(.cywolatch)
 .cywolatch     0x90100000        0x4 .\ARM_GCC_541\Debug\cymetadata.o
                0x90100000                cy_meta_wonvl

.cyeeprom       0x90200000        0x0
 *(.cyeeprom)
                0x00000001                ASSERT ((. <= ((0x90200000 + ee_offset) + ee_size)), .cyeeprom data will not fit in EEPROM)

.cyflashprotect
                0x90400000      0x100
 *(.cyflashprotect)
 .cyflashprotect
                0x90400000      0x100 .\ARM_GCC_541\Debug\cymetadata.o
                0x90400000                cy_meta_flashprotect

.cymeta         0x90500000        0xc
 *(.cymeta)
 .cymeta        0x90500000        0xc .\ARM_GCC_541\Debug\cymetadata.o
                0x90500000                cy_metadata

.rel.dyn        0x000037e0        0x0 load address 0x9050000c
 .rel.iplt      0x000037e0        0x0 c:/program files (x86)/cypress/psoc creator/4.4/psoc creator/import/gnu/arm/5.4.1/bin/../lib/gcc/arm-none-eabi/5.4.1/armv7-m/crtbegin.o

.stab
 *(.stab)

.stabstr
 *(.stabstr)

.debug
 *(.debug)

.line
 *(.line)

.debug_srcinfo
 *(.debug_srcinfo)

.debug_sfnames
 *(.debug_sfnames)

.debug_aranges  0x00000000      0xee8
 *(.debug_aranges)
 .debug_aranges
                0x00000000       0x38 .\ARM_GCC_541\Debug\main.o
 .debug_aranges
                0x00000038       0x50 .\ARM_GCC_541\Debug\adc_balanced.o
 .debug_aranges
                0x00000088       0x98 .\ARM_GCC_541\Debug\joystick.o
 .debug_aranges
                0x00000120       0x18 .\ARM_GCC_541\Debug\movi_qx.o
 .debug_aranges
                0x00000138      0x160 .\ARM_GCC_541\Debug\QX_Parsing_Functions.o
 .debug_aranges
                0x00000298       0xe0 .\ARM_GCC_541\Debug\QX_Protocol.o
 .debug_aranges
                0x00000378       0x48 .\ARM_GCC_541\Debug\QX_Protocol_App.o
 .debug_aranges
                0x000003c0       0x28 .\ARM_GCC_541\Debug\simple_buffer.o
 .debug_aranges
                0x000003e8       0x80 .\ARM_GCC_541\Debug\cyfitter_cfg.o
 .debug_aranges
                0x00000468       0x18 .\ARM_GCC_541\Debug\cymetadata.o
 .debug_aranges
                0x00000480       0x48 .\ARM_GCC_541\Debug\Cm3Start.o
 .debug_aranges
                0x000004c8       0xe8 .\ARM_GCC_541\Debug\Proj05_freefly_uart_control.a(ADC_DelSig_1.o)
 .debug_aranges
                0x000005b0       0x38 .\ARM_GCC_541\Debug\Proj05_freefly_uart_control.a(ADC_DelSig_1_INT.o)
 .debug_aranges
                0x000005e8       0xf0 .\ARM_GCC_541\Debug\Proj05_freefly_uart_control.a(UART_1.o)
 .debug_aranges
                0x000006d8       0x30 .\ARM_GCC_541\Debug\Proj05_freefly_uart_control.a(ADC_DelSig_1_AMux.o)
 .debug_aranges
                0x00000708       0x70 .\ARM_GCC_541\Debug\Proj05_freefly_uart_control.a(ADC_DelSig_1_Ext_CP_Clk.o)
 .debug_aranges
                0x00000778       0x80 .\ARM_GCC_541\Debug\Proj05_freefly_uart_control.a(ADC_DelSig_1_theACLK.o)
 .debug_aranges
                0x000007f8       0x70 .\ARM_GCC_541\Debug\Proj05_freefly_uart_control.a(UART_1_IntClock.o)
 .debug_aranges
                0x00000868      0x2a0 .\ARM_GCC_541\Debug\Proj05_freefly_uart_control.a(CyLib.o)
 .debug_aranges
                0x00000b08       0x98 .\ARM_GCC_541\Debug\Proj05_freefly_uart_control.a(cyPm.o)
 .debug_aranges
                0x00000ba0       0x30 .\ARM_GCC_541\Debug\Proj05_freefly_uart_control.a(AMux_1.o)
 .debug_aranges
                0x00000bd0       0x80 .\ARM_GCC_541\Debug\Proj05_freefly_uart_control.a(isr_adc.o)
 .debug_aranges
                0x00000c50       0xf0 .\ARM_GCC_541\Debug\Proj05_freefly_uart_control.a(UART_MOVI.o)
 .debug_aranges
                0x00000d40       0x80 .\ARM_GCC_541\Debug\Proj05_freefly_uart_control.a(isr_rx_movi.o)
 .debug_aranges
                0x00000dc0       0x20 .\ARM_GCC_541\Debug\Proj05_freefly_uart_control.a(CyBootAsmGnu.o)
 .debug_aranges
                0x00000de0       0x88 .\ARM_GCC_541\Debug\Proj05_freefly_uart_control.a(CyFlash.o)
 .debug_aranges
                0x00000e68       0x80 .\ARM_GCC_541\Debug\Proj05_freefly_uart_control.a(CySpc.o)

.debug_pubnames
 *(.debug_pubnames)

.debug_info     0x00000000     0x7aa3
 *(.debug_info .gnu.linkonce.wi.*)
 .debug_info    0x00000000      0x453 .\ARM_GCC_541\Debug\main.o
 .debug_info    0x00000453      0x242 .\ARM_GCC_541\Debug\adc_balanced.o
 .debug_info    0x00000695      0x5ec .\ARM_GCC_541\Debug\joystick.o
 .debug_info    0x00000c81       0x80 .\ARM_GCC_541\Debug\movi_qx.o
 .debug_info    0x00000d01      0xf3e .\ARM_GCC_541\Debug\QX_Parsing_Functions.o
 .debug_info    0x00001c3f      0xd30 .\ARM_GCC_541\Debug\QX_Protocol.o
 .debug_info    0x0000296f      0x8bb .\ARM_GCC_541\Debug\QX_Protocol_App.o
 .debug_info    0x0000322a      0x196 .\ARM_GCC_541\Debug\simple_buffer.o
 .debug_info    0x000033c0      0x59a .\ARM_GCC_541\Debug\cyfitter_cfg.o
 .debug_info    0x0000395a      0x137 .\ARM_GCC_541\Debug\cymetadata.o
 .debug_info    0x00003a91      0x32b .\ARM_GCC_541\Debug\Cm3Start.o
 .debug_info    0x00003dbc      0x72c .\ARM_GCC_541\Debug\Proj05_freefly_uart_control.a(ADC_DelSig_1.o)
 .debug_info    0x000044e8       0xd3 .\ARM_GCC_541\Debug\Proj05_freefly_uart_control.a(ADC_DelSig_1_INT.o)
 .debug_info    0x000045bb      0x50a .\ARM_GCC_541\Debug\Proj05_freefly_uart_control.a(UART_1.o)
 .debug_info    0x00004ac5      0x10a .\ARM_GCC_541\Debug\Proj05_freefly_uart_control.a(ADC_DelSig_1_AMux.o)
 .debug_info    0x00004bcf      0x25d .\ARM_GCC_541\Debug\Proj05_freefly_uart_control.a(ADC_DelSig_1_Ext_CP_Clk.o)
 .debug_info    0x00004e2c      0x299 .\ARM_GCC_541\Debug\Proj05_freefly_uart_control.a(ADC_DelSig_1_theACLK.o)
 .debug_info    0x000050c5      0x25d .\ARM_GCC_541\Debug\Proj05_freefly_uart_control.a(UART_1_IntClock.o)
 .debug_info    0x00005322      0xe51 .\ARM_GCC_541\Debug\Proj05_freefly_uart_control.a(CyLib.o)
 .debug_info    0x00006173      0x57a .\ARM_GCC_541\Debug\Proj05_freefly_uart_control.a(cyPm.o)
 .debug_info    0x000066ed       0xf7 .\ARM_GCC_541\Debug\Proj05_freefly_uart_control.a(AMux_1.o)
 .debug_info    0x000067e4      0x241 .\ARM_GCC_541\Debug\Proj05_freefly_uart_control.a(isr_adc.o)
 .debug_info    0x00006a25      0x50a .\ARM_GCC_541\Debug\Proj05_freefly_uart_control.a(UART_MOVI.o)
 .debug_info    0x00006f2f      0x241 .\ARM_GCC_541\Debug\Proj05_freefly_uart_control.a(isr_rx_movi.o)
 .debug_info    0x00007170       0xba .\ARM_GCC_541\Debug\Proj05_freefly_uart_control.a(CyBootAsmGnu.o)
 .debug_info    0x0000722a      0x3b9 .\ARM_GCC_541\Debug\Proj05_freefly_uart_control.a(CyFlash.o)
 .debug_info    0x000075e3      0x4c0 .\ARM_GCC_541\Debug\Proj05_freefly_uart_control.a(CySpc.o)

.debug_abbrev   0x00000000     0x2108
 *(.debug_abbrev)
 .debug_abbrev  0x00000000      0x17d .\ARM_GCC_541\Debug\main.o
 .debug_abbrev  0x0000017d      0x143 .\ARM_GCC_541\Debug\adc_balanced.o
 .debug_abbrev  0x000002c0      0x1df .\ARM_GCC_541\Debug\joystick.o
 .debug_abbrev  0x0000049f       0x26 .\ARM_GCC_541\Debug\movi_qx.o
 .debug_abbrev  0x000004c5      0x1a7 .\ARM_GCC_541\Debug\QX_Parsing_Functions.o
 .debug_abbrev  0x0000066c      0x1d0 .\ARM_GCC_541\Debug\QX_Protocol.o
 .debug_abbrev  0x0000083c      0x1d8 .\ARM_GCC_541\Debug\QX_Protocol_App.o
 .debug_abbrev  0x00000a14       0xc4 .\ARM_GCC_541\Debug\simple_buffer.o
 .debug_abbrev  0x00000ad8      0x1ca .\ARM_GCC_541\Debug\cyfitter_cfg.o
 .debug_abbrev  0x00000ca2       0x77 .\ARM_GCC_541\Debug\cymetadata.o
 .debug_abbrev  0x00000d19      0x1d6 .\ARM_GCC_541\Debug\Cm3Start.o
 .debug_abbrev  0x00000eef      0x19d .\ARM_GCC_541\Debug\Proj05_freefly_uart_control.a(ADC_DelSig_1.o)
 .debug_abbrev  0x0000108c       0x42 .\ARM_GCC_541\Debug\Proj05_freefly_uart_control.a(ADC_DelSig_1_INT.o)
 .debug_abbrev  0x000010ce      0x163 .\ARM_GCC_541\Debug\Proj05_freefly_uart_control.a(UART_1.o)
 .debug_abbrev  0x00001231       0x6f .\ARM_GCC_541\Debug\Proj05_freefly_uart_control.a(ADC_DelSig_1_AMux.o)
 .debug_abbrev  0x000012a0      0x11d .\ARM_GCC_541\Debug\Proj05_freefly_uart_control.a(ADC_DelSig_1_Ext_CP_Clk.o)
 .debug_abbrev  0x000013bd      0x11d .\ARM_GCC_541\Debug\Proj05_freefly_uart_control.a(ADC_DelSig_1_theACLK.o)
 .debug_abbrev  0x000014da      0x11d .\ARM_GCC_541\Debug\Proj05_freefly_uart_control.a(UART_1_IntClock.o)
 .debug_abbrev  0x000015f7      0x217 .\ARM_GCC_541\Debug\Proj05_freefly_uart_control.a(CyLib.o)
 .debug_abbrev  0x0000180e      0x161 .\ARM_GCC_541\Debug\Proj05_freefly_uart_control.a(cyPm.o)
 .debug_abbrev  0x0000196f       0x87 .\ARM_GCC_541\Debug\Proj05_freefly_uart_control.a(AMux_1.o)
 .debug_abbrev  0x000019f6      0x172 .\ARM_GCC_541\Debug\Proj05_freefly_uart_control.a(isr_adc.o)
 .debug_abbrev  0x00001b68      0x163 .\ARM_GCC_541\Debug\Proj05_freefly_uart_control.a(UART_MOVI.o)
 .debug_abbrev  0x00001ccb      0x172 .\ARM_GCC_541\Debug\Proj05_freefly_uart_control.a(isr_rx_movi.o)
 .debug_abbrev  0x00001e3d       0x14 .\ARM_GCC_541\Debug\Proj05_freefly_uart_control.a(CyBootAsmGnu.o)
 .debug_abbrev  0x00001e51      0x14b .\ARM_GCC_541\Debug\Proj05_freefly_uart_control.a(CyFlash.o)
 .debug_abbrev  0x00001f9c      0x16c .\ARM_GCC_541\Debug\Proj05_freefly_uart_control.a(CySpc.o)

.debug_line     0x00000000     0x44a9
 *(.debug_line)
 .debug_line    0x00000000      0x252 .\ARM_GCC_541\Debug\main.o
 .debug_line    0x00000252      0x224 .\ARM_GCC_541\Debug\adc_balanced.o
 .debug_line    0x00000476      0x3d2 .\ARM_GCC_541\Debug\joystick.o
 .debug_line    0x00000848       0x1d .\ARM_GCC_541\Debug\movi_qx.o
 .debug_line    0x00000865      0x815 .\ARM_GCC_541\Debug\QX_Parsing_Functions.o
 .debug_line    0x0000107a      0x50c .\ARM_GCC_541\Debug\QX_Protocol.o
 .debug_line    0x00001586      0x46b .\ARM_GCC_541\Debug\QX_Protocol_App.o
 .debug_line    0x000019f1      0x15c .\ARM_GCC_541\Debug\simple_buffer.o
 .debug_line    0x00001b4d      0x278 .\ARM_GCC_541\Debug\cyfitter_cfg.o
 .debug_line    0x00001dc5      0x141 .\ARM_GCC_541\Debug\cymetadata.o
 .debug_line    0x00001f06      0x1dc .\ARM_GCC_541\Debug\Cm3Start.o
 .debug_line    0x000020e2      0x365 .\ARM_GCC_541\Debug\Proj05_freefly_uart_control.a(ADC_DelSig_1.o)
 .debug_line    0x00002447       0x95 .\ARM_GCC_541\Debug\Proj05_freefly_uart_control.a(ADC_DelSig_1_INT.o)
 .debug_line    0x000024dc      0x2e4 .\ARM_GCC_541\Debug\Proj05_freefly_uart_control.a(UART_1.o)
 .debug_line    0x000027c0       0xa6 .\ARM_GCC_541\Debug\Proj05_freefly_uart_control.a(ADC_DelSig_1_AMux.o)
 .debug_line    0x00002866      0x1b6 .\ARM_GCC_541\Debug\Proj05_freefly_uart_control.a(ADC_DelSig_1_Ext_CP_Clk.o)
 .debug_line    0x00002a1c      0x1d7 .\ARM_GCC_541\Debug\Proj05_freefly_uart_control.a(ADC_DelSig_1_theACLK.o)
 .debug_line    0x00002bf3      0x1ae .\ARM_GCC_541\Debug\Proj05_freefly_uart_control.a(UART_1_IntClock.o)
 .debug_line    0x00002da1      0x883 .\ARM_GCC_541\Debug\Proj05_freefly_uart_control.a(CyLib.o)
 .debug_line    0x00003624      0x38e .\ARM_GCC_541\Debug\Proj05_freefly_uart_control.a(cyPm.o)
 .debug_line    0x000039b2       0x9b .\ARM_GCC_541\Debug\Proj05_freefly_uart_control.a(AMux_1.o)
 .debug_line    0x00003a4d      0x142 .\ARM_GCC_541\Debug\Proj05_freefly_uart_control.a(isr_adc.o)
 .debug_line    0x00003b8f      0x2e7 .\ARM_GCC_541\Debug\Proj05_freefly_uart_control.a(UART_MOVI.o)
 .debug_line    0x00003e76      0x156 .\ARM_GCC_541\Debug\Proj05_freefly_uart_control.a(isr_rx_movi.o)
 .debug_line    0x00003fcc       0x7d .\ARM_GCC_541\Debug\Proj05_freefly_uart_control.a(CyBootAsmGnu.o)
 .debug_line    0x00004049      0x22f .\ARM_GCC_541\Debug\Proj05_freefly_uart_control.a(CyFlash.o)
 .debug_line    0x00004278      0x231 .\ARM_GCC_541\Debug\Proj05_freefly_uart_control.a(CySpc.o)

.debug_frame    0x00000000     0x4118
 *(.debug_frame)
 .debug_frame   0x00000000       0xac .\ARM_GCC_541\Debug\main.o
 .debug_frame   0x000000ac      0x114 .\ARM_GCC_541\Debug\adc_balanced.o
 .debug_frame   0x000001c0      0x298 .\ARM_GCC_541\Debug\joystick.o
 .debug_frame   0x00000458      0x680 .\ARM_GCC_541\Debug\QX_Parsing_Functions.o
 .debug_frame   0x00000ad8      0x448 .\ARM_GCC_541\Debug\QX_Protocol.o
 .debug_frame   0x00000f20       0xf0 .\ARM_GCC_541\Debug\QX_Protocol_App.o
 .debug_frame   0x00001010       0x60 .\ARM_GCC_541\Debug\simple_buffer.o
 .debug_frame   0x00001070      0x20c .\ARM_GCC_541\Debug\cyfitter_cfg.o
 .debug_frame   0x0000127c       0xd8 .\ARM_GCC_541\Debug\Cm3Start.o
 .debug_frame   0x00001354      0x40c .\ARM_GCC_541\Debug\Proj05_freefly_uart_control.a(ADC_DelSig_1.o)
 .debug_frame   0x00001760       0xa0 .\ARM_GCC_541\Debug\Proj05_freefly_uart_control.a(ADC_DelSig_1_INT.o)
 .debug_frame   0x00001800      0x42c .\ARM_GCC_541\Debug\Proj05_freefly_uart_control.a(UART_1.o)
 .debug_frame   0x00001c2c       0x88 .\ARM_GCC_541\Debug\Proj05_freefly_uart_control.a(ADC_DelSig_1_AMux.o)
 .debug_frame   0x00001cb4      0x1b4 .\ARM_GCC_541\Debug\Proj05_freefly_uart_control.a(ADC_DelSig_1_Ext_CP_Clk.o)
 .debug_frame   0x00001e68      0x200 .\ARM_GCC_541\Debug\Proj05_freefly_uart_control.a(ADC_DelSig_1_theACLK.o)
 .debug_frame   0x00002068      0x1b4 .\ARM_GCC_541\Debug\Proj05_freefly_uart_control.a(UART_1_IntClock.o)
 .debug_frame   0x0000221c      0xc0c .\ARM_GCC_541\Debug\Proj05_freefly_uart_control.a(CyLib.o)
 .debug_frame   0x00002e28      0x234 .\ARM_GCC_541\Debug\Proj05_freefly_uart_control.a(cyPm.o)
 .debug_frame   0x0000305c       0x7c .\ARM_GCC_541\Debug\Proj05_freefly_uart_control.a(AMux_1.o)
 .debug_frame   0x000030d8      0x1e8 .\ARM_GCC_541\Debug\Proj05_freefly_uart_control.a(isr_adc.o)
 .debug_frame   0x000032c0      0x42c .\ARM_GCC_541\Debug\Proj05_freefly_uart_control.a(UART_MOVI.o)
 .debug_frame   0x000036ec      0x1e8 .\ARM_GCC_541\Debug\Proj05_freefly_uart_control.a(isr_rx_movi.o)
 .debug_frame   0x000038d4      0x238 .\ARM_GCC_541\Debug\Proj05_freefly_uart_control.a(CyFlash.o)
 .debug_frame   0x00003b0c      0x228 .\ARM_GCC_541\Debug\Proj05_freefly_uart_control.a(CySpc.o)
 .debug_frame   0x00003d34       0x20 c:/program files (x86)/cypress/psoc creator/4.4/psoc creator/import/gnu/arm/5.4.1/bin/../lib/gcc/arm-none-eabi/5.4.1/../../../../arm-none-eabi/lib/armv7-m\libg_nano.a(lib_a-errno.o)
 .debug_frame   0x00003d54       0x28 c:/program files (x86)/cypress/psoc creator/4.4/psoc creator/import/gnu/arm/5.4.1/bin/../lib/gcc/arm-none-eabi/5.4.1/../../../../arm-none-eabi/lib/armv7-m\libg_nano.a(lib_a-exit.o)
 .debug_frame   0x00003d7c       0x2c c:/program files (x86)/cypress/psoc creator/4.4/psoc creator/import/gnu/arm/5.4.1/bin/../lib/gcc/arm-none-eabi/5.4.1/../../../../arm-none-eabi/lib/armv7-m\libg_nano.a(lib_a-init.o)
 .debug_frame   0x00003da8       0x28 c:/program files (x86)/cypress/psoc creator/4.4/psoc creator/import/gnu/arm/5.4.1/bin/../lib/gcc/arm-none-eabi/5.4.1/../../../../arm-none-eabi/lib/armv7-m\libg_nano.a(lib_a-memcpy-stub.o)
 .debug_frame   0x00003dd0       0x20 c:/program files (x86)/cypress/psoc creator/4.4/psoc creator/import/gnu/arm/5.4.1/bin/../lib/gcc/arm-none-eabi/5.4.1/../../../../arm-none-eabi/lib/armv7-m\libg_nano.a(lib_a-memset.o)
 .debug_frame   0x00003df0       0x70 c:/program files (x86)/cypress/psoc creator/4.4/psoc creator/import/gnu/arm/5.4.1/bin/../lib/gcc/arm-none-eabi/5.4.1/../../../../arm-none-eabi/lib/armv7-m\libg_nano.a(lib_a-sprintf.o)
 .debug_frame   0x00003e60       0x90 c:/program files (x86)/cypress/psoc creator/4.4/psoc creator/import/gnu/arm/5.4.1/bin/../lib/gcc/arm-none-eabi/5.4.1/../../../../arm-none-eabi/lib/armv7-m\libg_nano.a(lib_a-nano-svfprintf.o)
 .debug_frame   0x00003ef0       0x60 c:/program files (x86)/cypress/psoc creator/4.4/psoc creator/import/gnu/arm/5.4.1/bin/../lib/gcc/arm-none-eabi/5.4.1/../../../../arm-none-eabi/lib/armv7-m\libg_nano.a(lib_a-nano-vfprintf_i.o)
 .debug_frame   0x00003f50       0x28 c:/program files (x86)/cypress/psoc creator/4.4/psoc creator/import/gnu/arm/5.4.1/bin/../lib/gcc/arm-none-eabi/5.4.1/../../../../arm-none-eabi/lib/armv7-m\libg_nano.a(lib_a-memchr-stub.o)
 .debug_frame   0x00003f78       0x28 c:/program files (x86)/cypress/psoc creator/4.4/psoc creator/import/gnu/arm/5.4.1/bin/../lib/gcc/arm-none-eabi/5.4.1/../../../../arm-none-eabi/lib/armv7-m\libg_nano.a(lib_a-memmove.o)
 .debug_frame   0x00003fa0       0x38 c:/program files (x86)/cypress/psoc creator/4.4/psoc creator/import/gnu/arm/5.4.1/bin/../lib/gcc/arm-none-eabi/5.4.1/../../../../arm-none-eabi/lib/armv7-m\libg_nano.a(lib_a-nano-freer.o)
 .debug_frame   0x00003fd8       0x2c c:/program files (x86)/cypress/psoc creator/4.4/psoc creator/import/gnu/arm/5.4.1/bin/../lib/gcc/arm-none-eabi/5.4.1/../../../../arm-none-eabi/lib/armv7-m\libg_nano.a(lib_a-nano-mallocr.o)
 .debug_frame   0x00004004       0x3c c:/program files (x86)/cypress/psoc creator/4.4/psoc creator/import/gnu/arm/5.4.1/bin/../lib/gcc/arm-none-eabi/5.4.1/../../../../arm-none-eabi/lib/armv7-m\libg_nano.a(lib_a-nano-reallocr.o)
 .debug_frame   0x00004040       0x2c c:/program files (x86)/cypress/psoc creator/4.4/psoc creator/import/gnu/arm/5.4.1/bin/../lib/gcc/arm-none-eabi/5.4.1/../../../../arm-none-eabi/lib/armv7-m\libg_nano.a(lib_a-sbrkr.o)
 .debug_frame   0x0000406c       0x30 c:/program files (x86)/cypress/psoc creator/4.4/psoc creator/import/gnu/arm/5.4.1/bin/../lib/gcc/arm-none-eabi/5.4.1/../../../../arm-none-eabi/lib/armv7-m\libg_nano.a(lib_a-mlock.o)
 .debug_frame   0x0000409c       0x20 c:/program files (x86)/cypress/psoc creator/4.4/psoc creator/import/gnu/arm/5.4.1/bin/../lib/gcc/arm-none-eabi/5.4.1/../../../../arm-none-eabi/lib/armv7-m\libg_nano.a(lib_a-nano-msizer.o)
 .debug_frame   0x000040bc       0x5c c:/program files (x86)/cypress/psoc creator/4.4/psoc creator/import/gnu/arm/5.4.1/bin/../lib/gcc/arm-none-eabi/5.4.1/../../../../arm-none-eabi/lib/armv7-m\libg_nano.a(lib_a-reent.o)

.debug_str      0x00000000     0x3cfb
 *(.debug_str)
 .debug_str     0x00000000      0x30e .\ARM_GCC_541\Debug\main.o
                                0x381 (size before relaxing)
 .debug_str     0x0000030e       0xeb .\ARM_GCC_541\Debug\adc_balanced.o
                                0x2c8 (size before relaxing)
 .debug_str     0x000003f9      0x1c5 .\ARM_GCC_541\Debug\joystick.o
                                0x461 (size before relaxing)
 .debug_str     0x000005be        0xa .\ARM_GCC_541\Debug\movi_qx.o
                                0x1a8 (size before relaxing)
 .debug_str     0x000005c8      0x4ef .\ARM_GCC_541\Debug\QX_Parsing_Functions.o
                                0x6d4 (size before relaxing)
 .debug_str     0x00000ab7      0x89f .\ARM_GCC_541\Debug\QX_Protocol.o
                                0xaa1 (size before relaxing)
 .debug_str     0x00001356      0x510 .\ARM_GCC_541\Debug\QX_Protocol_App.o
                                0xaf9 (size before relaxing)
 .debug_str     0x00001866       0x38 .\ARM_GCC_541\Debug\simple_buffer.o
                                0x1fb (size before relaxing)
 .debug_str     0x0000189e      0x242 .\ARM_GCC_541\Debug\cyfitter_cfg.o
                                0x40e (size before relaxing)
 .debug_str     0x00001ae0       0x75 .\ARM_GCC_541\Debug\cymetadata.o
                                0x20e (size before relaxing)
 .debug_str     0x00001b55      0x11e .\ARM_GCC_541\Debug\Cm3Start.o
                                0x301 (size before relaxing)
 .debug_str     0x00001c73      0x42f .\ARM_GCC_541\Debug\Proj05_freefly_uart_control.a(ADC_DelSig_1.o)
                                0x64d (size before relaxing)
 .debug_str     0x000020a2       0x72 .\ARM_GCC_541\Debug\Proj05_freefly_uart_control.a(ADC_DelSig_1_INT.o)
                                0x217 (size before relaxing)
 .debug_str     0x00002114      0x290 .\ARM_GCC_541\Debug\Proj05_freefly_uart_control.a(UART_1.o)
                                0x485 (size before relaxing)
 .debug_str     0x000023a4       0x9c .\ARM_GCC_541\Debug\Proj05_freefly_uart_control.a(ADC_DelSig_1_AMux.o)
                                0x23a (size before relaxing)
 .debug_str     0x00002440      0x21a .\ARM_GCC_541\Debug\Proj05_freefly_uart_control.a(ADC_DelSig_1_Ext_CP_Clk.o)
                                0x3d8 (size before relaxing)
 .debug_str     0x0000265a      0x208 .\ARM_GCC_541\Debug\Proj05_freefly_uart_control.a(ADC_DelSig_1_theACLK.o)
                                0x409 (size before relaxing)
 .debug_str     0x00002862      0x177 .\ARM_GCC_541\Debug\Proj05_freefly_uart_control.a(UART_1_IntClock.o)
                                0x378 (size before relaxing)
 .debug_str     0x000029d9      0x801 .\ARM_GCC_541\Debug\Proj05_freefly_uart_control.a(CyLib.o)
                                0xa14 (size before relaxing)
 .debug_str     0x000031da      0x371 .\ARM_GCC_541\Debug\Proj05_freefly_uart_control.a(cyPm.o)
                                0x56d (size before relaxing)
 .debug_str     0x0000354b       0x67 .\ARM_GCC_541\Debug\Proj05_freefly_uart_control.a(AMux_1.o)
                                0x20a (size before relaxing)
 .debug_str     0x000035b2      0x102 .\ARM_GCC_541\Debug\Proj05_freefly_uart_control.a(isr_adc.o)
                                0x2ec (size before relaxing)
 .debug_str     0x000036b4      0x291 .\ARM_GCC_541\Debug\Proj05_freefly_uart_control.a(UART_MOVI.o)
                                0x4dc (size before relaxing)
 .debug_str     0x00003945      0x13a .\ARM_GCC_541\Debug\Proj05_freefly_uart_control.a(isr_rx_movi.o)
                                0x324 (size before relaxing)
 .debug_str     0x00003a7f      0x14f .\ARM_GCC_541\Debug\Proj05_freefly_uart_control.a(CyFlash.o)
                                0x331 (size before relaxing)
 .debug_str     0x00003bce      0x12d .\ARM_GCC_541\Debug\Proj05_freefly_uart_control.a(CySpc.o)
                                0x32b (size before relaxing)

.debug_loc
 *(.debug_loc)

.debug_macinfo
 *(.debug_macinfo)

.debug_ranges   0x00000000      0xd18
 *(.debug_ranges)
 .debug_ranges  0x00000000       0x28 .\ARM_GCC_541\Debug\main.o
 .debug_ranges  0x00000028       0x40 .\ARM_GCC_541\Debug\adc_balanced.o
 .debug_ranges  0x00000068       0x88 .\ARM_GCC_541\Debug\joystick.o
 .debug_ranges  0x000000f0      0x150 .\ARM_GCC_541\Debug\QX_Parsing_Functions.o
 .debug_ranges  0x00000240       0xd0 .\ARM_GCC_541\Debug\QX_Protocol.o
 .debug_ranges  0x00000310       0x38 .\ARM_GCC_541\Debug\QX_Protocol_App.o
 .debug_ranges  0x00000348       0x18 .\ARM_GCC_541\Debug\simple_buffer.o
 .debug_ranges  0x00000360       0x70 .\ARM_GCC_541\Debug\cyfitter_cfg.o
 .debug_ranges  0x000003d0       0x38 .\ARM_GCC_541\Debug\Cm3Start.o
 .debug_ranges  0x00000408       0xd8 .\ARM_GCC_541\Debug\Proj05_freefly_uart_control.a(ADC_DelSig_1.o)
 .debug_ranges  0x000004e0       0x28 .\ARM_GCC_541\Debug\Proj05_freefly_uart_control.a(ADC_DelSig_1_INT.o)
 .debug_ranges  0x00000508       0xe0 .\ARM_GCC_541\Debug\Proj05_freefly_uart_control.a(UART_1.o)
 .debug_ranges  0x000005e8       0x20 .\ARM_GCC_541\Debug\Proj05_freefly_uart_control.a(ADC_DelSig_1_AMux.o)
 .debug_ranges  0x00000608       0x60 .\ARM_GCC_541\Debug\Proj05_freefly_uart_control.a(ADC_DelSig_1_Ext_CP_Clk.o)
 .debug_ranges  0x00000668       0x70 .\ARM_GCC_541\Debug\Proj05_freefly_uart_control.a(ADC_DelSig_1_theACLK.o)
 .debug_ranges  0x000006d8       0x60 .\ARM_GCC_541\Debug\Proj05_freefly_uart_control.a(UART_1_IntClock.o)
 .debug_ranges  0x00000738      0x290 .\ARM_GCC_541\Debug\Proj05_freefly_uart_control.a(CyLib.o)
 .debug_ranges  0x000009c8       0x88 .\ARM_GCC_541\Debug\Proj05_freefly_uart_control.a(cyPm.o)
 .debug_ranges  0x00000a50       0x20 .\ARM_GCC_541\Debug\Proj05_freefly_uart_control.a(AMux_1.o)
 .debug_ranges  0x00000a70       0x70 .\ARM_GCC_541\Debug\Proj05_freefly_uart_control.a(isr_adc.o)
 .debug_ranges  0x00000ae0       0xe0 .\ARM_GCC_541\Debug\Proj05_freefly_uart_control.a(UART_MOVI.o)
 .debug_ranges  0x00000bc0       0x70 .\ARM_GCC_541\Debug\Proj05_freefly_uart_control.a(isr_rx_movi.o)
 .debug_ranges  0x00000c30       0x78 .\ARM_GCC_541\Debug\Proj05_freefly_uart_control.a(CyFlash.o)
 .debug_ranges  0x00000ca8       0x70 .\ARM_GCC_541\Debug\Proj05_freefly_uart_control.a(CySpc.o)

.comment        0x00000000       0x6e
 .comment       0x00000000       0x6e .\ARM_GCC_541\Debug\main.o
                                 0x6f (size before relaxing)
 .comment       0x0000006e       0x6f .\ARM_GCC_541\Debug\adc_balanced.o
 .comment       0x0000006e       0x6f .\ARM_GCC_541\Debug\joystick.o
 .comment       0x0000006e       0x6f .\ARM_GCC_541\Debug\movi_qx.o
 .comment       0x0000006e       0x6f .\ARM_GCC_541\Debug\QX_Parsing_Functions.o
 .comment       0x0000006e       0x6f .\ARM_GCC_541\Debug\QX_Protocol.o
 .comment       0x0000006e       0x6f .\ARM_GCC_541\Debug\QX_Protocol_App.o
 .comment       0x0000006e       0x6f .\ARM_GCC_541\Debug\simple_buffer.o
 .comment       0x0000006e       0x6f .\ARM_GCC_541\Debug\cyfitter_cfg.o
 .comment       0x0000006e       0x6f .\ARM_GCC_541\Debug\cymetadata.o
 .comment       0x0000006e       0x6f .\ARM_GCC_541\Debug\Cm3Start.o
 .comment       0x0000006e       0x6f .\ARM_GCC_541\Debug\Proj05_freefly_uart_control.a(ADC_DelSig_1.o)
 .comment       0x0000006e       0x6f .\ARM_GCC_541\Debug\Proj05_freefly_uart_control.a(ADC_DelSig_1_INT.o)
 .comment       0x0000006e       0x6f .\ARM_GCC_541\Debug\Proj05_freefly_uart_control.a(UART_1.o)
 .comment       0x0000006e       0x6f .\ARM_GCC_541\Debug\Proj05_freefly_uart_control.a(ADC_DelSig_1_AMux.o)
 .comment       0x0000006e       0x6f .\ARM_GCC_541\Debug\Proj05_freefly_uart_control.a(ADC_DelSig_1_Ext_CP_Clk.o)
 .comment       0x0000006e       0x6f .\ARM_GCC_541\Debug\Proj05_freefly_uart_control.a(ADC_DelSig_1_theACLK.o)
 .comment       0x0000006e       0x6f .\ARM_GCC_541\Debug\Proj05_freefly_uart_control.a(UART_1_IntClock.o)
 .comment       0x0000006e       0x6f .\ARM_GCC_541\Debug\Proj05_freefly_uart_control.a(CyLib.o)
 .comment       0x0000006e       0x6f .\ARM_GCC_541\Debug\Proj05_freefly_uart_control.a(cyPm.o)
 .comment       0x0000006e       0x6f .\ARM_GCC_541\Debug\Proj05_freefly_uart_control.a(AMux_1.o)
 .comment       0x0000006e       0x6f .\ARM_GCC_541\Debug\Proj05_freefly_uart_control.a(isr_adc.o)
 .comment       0x0000006e       0x6f .\ARM_GCC_541\Debug\Proj05_freefly_uart_control.a(UART_MOVI.o)
 .comment       0x0000006e       0x6f .\ARM_GCC_541\Debug\Proj05_freefly_uart_control.a(isr_rx_movi.o)
 .comment       0x0000006e       0x6f .\ARM_GCC_541\Debug\Proj05_freefly_uart_control.a(CyFlash.o)
 .comment       0x0000006e       0x6f .\ARM_GCC_541\Debug\Proj05_freefly_uart_control.a(CySpc.o)

.debug_weaknames
 *(.debug_weaknames)

.debug_funcnames
 *(.debug_funcnames)

.debug_typenames
 *(.debug_typenames)

.debug_varnames
 *(.debug_varnames)

.note.gnu.arm.ident
 *(.note.gnu.arm.ident)

.ARM.attributes
                0x00000000       0x29
 *(.ARM.attributes)
 .ARM.attributes
                0x00000000       0x1d c:/program files (x86)/cypress/psoc creator/4.4/psoc creator/import/gnu/arm/5.4.1/bin/../lib/gcc/arm-none-eabi/5.4.1/armv7-m/crti.o
 .ARM.attributes
                0x0000001d       0x2d c:/program files (x86)/cypress/psoc creator/4.4/psoc creator/import/gnu/arm/5.4.1/bin/../lib/gcc/arm-none-eabi/5.4.1/armv7-m/crtbegin.o
 .ARM.attributes
                0x0000004a       0x1b c:/program files (x86)/cypress/psoc creator/4.4/psoc creator/import/gnu/arm/5.4.1/bin/../lib/gcc/arm-none-eabi/5.4.1/../../../../arm-none-eabi/lib/armv7-m/crt0.o
 .ARM.attributes
                0x00000065       0x33 .\ARM_GCC_541\Debug\main.o
 .ARM.attributes
                0x00000098       0x33 .\ARM_GCC_541\Debug\adc_balanced.o
 .ARM.attributes
                0x000000cb       0x33 .\ARM_GCC_541\Debug\joystick.o
 .ARM.attributes
                0x000000fe       0x33 .\ARM_GCC_541\Debug\movi_qx.o
 .ARM.attributes
                0x00000131       0x33 .\ARM_GCC_541\Debug\QX_Parsing_Functions.o
 .ARM.attributes
                0x00000164       0x33 .\ARM_GCC_541\Debug\QX_Protocol.o
 .ARM.attributes
                0x00000197       0x33 .\ARM_GCC_541\Debug\QX_Protocol_App.o
 .ARM.attributes
                0x000001ca       0x33 .\ARM_GCC_541\Debug\simple_buffer.o
 .ARM.attributes
                0x000001fd       0x33 .\ARM_GCC_541\Debug\cyfitter_cfg.o
 .ARM.attributes
                0x00000230       0x33 .\ARM_GCC_541\Debug\cymetadata.o
 .ARM.attributes
                0x00000263       0x33 .\ARM_GCC_541\Debug\Cm3Start.o
 .ARM.attributes
                0x00000296       0x33 .\ARM_GCC_541\Debug\Proj05_freefly_uart_control.a(ADC_DelSig_1.o)
 .ARM.attributes
                0x000002c9       0x33 .\ARM_GCC_541\Debug\Proj05_freefly_uart_control.a(ADC_DelSig_1_INT.o)
 .ARM.attributes
                0x000002fc       0x33 .\ARM_GCC_541\Debug\Proj05_freefly_uart_control.a(UART_1.o)
 .ARM.attributes
                0x0000032f       0x33 .\ARM_GCC_541\Debug\Proj05_freefly_uart_control.a(ADC_DelSig_1_AMux.o)
 .ARM.attributes
                0x00000362       0x33 .\ARM_GCC_541\Debug\Proj05_freefly_uart_control.a(ADC_DelSig_1_Ext_CP_Clk.o)
 .ARM.attributes
                0x00000395       0x33 .\ARM_GCC_541\Debug\Proj05_freefly_uart_control.a(ADC_DelSig_1_theACLK.o)
 .ARM.attributes
                0x000003c8       0x33 .\ARM_GCC_541\Debug\Proj05_freefly_uart_control.a(UART_1_IntClock.o)
 .ARM.attributes
                0x000003fb       0x33 .\ARM_GCC_541\Debug\Proj05_freefly_uart_control.a(CyLib.o)
 .ARM.attributes
                0x0000042e       0x33 .\ARM_GCC_541\Debug\Proj05_freefly_uart_control.a(cyPm.o)
 .ARM.attributes
                0x00000461       0x33 .\ARM_GCC_541\Debug\Proj05_freefly_uart_control.a(AMux_1.o)
 .ARM.attributes
                0x00000494       0x33 .\ARM_GCC_541\Debug\Proj05_freefly_uart_control.a(isr_adc.o)
 .ARM.attributes
                0x000004c7       0x33 .\ARM_GCC_541\Debug\Proj05_freefly_uart_control.a(UART_MOVI.o)
 .ARM.attributes
                0x000004fa       0x33 .\ARM_GCC_541\Debug\Proj05_freefly_uart_control.a(isr_rx_movi.o)
 .ARM.attributes
                0x0000052d       0x21 .\ARM_GCC_541\Debug\Proj05_freefly_uart_control.a(CyBootAsmGnu.o)
 .ARM.attributes
                0x0000054e       0x33 .\ARM_GCC_541\Debug\Proj05_freefly_uart_control.a(CyFlash.o)
 .ARM.attributes
                0x00000581       0x33 .\ARM_GCC_541\Debug\Proj05_freefly_uart_control.a(CySpc.o)
 .ARM.attributes
                0x000005b4       0x1d c:/program files (x86)/cypress/psoc creator/4.4/psoc creator/import/gnu/arm/5.4.1/bin/../lib/gcc/arm-none-eabi/5.4.1/armv7-m\libgcc.a(_arm_addsubdf3.o)
 .ARM.attributes
                0x000005d1       0x1d c:/program files (x86)/cypress/psoc creator/4.4/psoc creator/import/gnu/arm/5.4.1/bin/../lib/gcc/arm-none-eabi/5.4.1/armv7-m\libgcc.a(_arm_cmpdf2.o)
 .ARM.attributes
                0x000005ee       0x1d c:/program files (x86)/cypress/psoc creator/4.4/psoc creator/import/gnu/arm/5.4.1/bin/../lib/gcc/arm-none-eabi/5.4.1/armv7-m\libgcc.a(_arm_addsubsf3.o)
 .ARM.attributes
                0x0000060b       0x1d c:/program files (x86)/cypress/psoc creator/4.4/psoc creator/import/gnu/arm/5.4.1/bin/../lib/gcc/arm-none-eabi/5.4.1/armv7-m\libgcc.a(_arm_muldivsf3.o)
 .ARM.attributes
                0x00000628       0x1d c:/program files (x86)/cypress/psoc creator/4.4/psoc creator/import/gnu/arm/5.4.1/bin/../lib/gcc/arm-none-eabi/5.4.1/armv7-m\libgcc.a(_arm_cmpsf2.o)
 .ARM.attributes
                0x00000645       0x1d c:/program files (x86)/cypress/psoc creator/4.4/psoc creator/import/gnu/arm/5.4.1/bin/../lib/gcc/arm-none-eabi/5.4.1/armv7-m\libgcc.a(_arm_unordsf2.o)
 .ARM.attributes
                0x00000662       0x1d c:/program files (x86)/cypress/psoc creator/4.4/psoc creator/import/gnu/arm/5.4.1/bin/../lib/gcc/arm-none-eabi/5.4.1/armv7-m\libgcc.a(_arm_fixsfsi.o)
 .ARM.attributes
                0x0000067f       0x1d c:/program files (x86)/cypress/psoc creator/4.4/psoc creator/import/gnu/arm/5.4.1/bin/../lib/gcc/arm-none-eabi/5.4.1/armv7-m\libgcc.a(_arm_fixunssfsi.o)
 .ARM.attributes
                0x0000069c       0x2d c:/program files (x86)/cypress/psoc creator/4.4/psoc creator/import/gnu/arm/5.4.1/bin/../lib/gcc/arm-none-eabi/5.4.1/../../../../arm-none-eabi/lib/armv7-m\libg_nano.a(lib_a-errno.o)
 .ARM.attributes
                0x000006c9       0x2d c:/program files (x86)/cypress/psoc creator/4.4/psoc creator/import/gnu/arm/5.4.1/bin/../lib/gcc/arm-none-eabi/5.4.1/../../../../arm-none-eabi/lib/armv7-m\libg_nano.a(lib_a-exit.o)
 .ARM.attributes
                0x000006f6       0x2d c:/program files (x86)/cypress/psoc creator/4.4/psoc creator/import/gnu/arm/5.4.1/bin/../lib/gcc/arm-none-eabi/5.4.1/../../../../arm-none-eabi/lib/armv7-m\libg_nano.a(lib_a-impure.o)
 .ARM.attributes
                0x00000723       0x2d c:/program files (x86)/cypress/psoc creator/4.4/psoc creator/import/gnu/arm/5.4.1/bin/../lib/gcc/arm-none-eabi/5.4.1/../../../../arm-none-eabi/lib/armv7-m\libg_nano.a(lib_a-init.o)
 .ARM.attributes
                0x00000750       0x2d c:/program files (x86)/cypress/psoc creator/4.4/psoc creator/import/gnu/arm/5.4.1/bin/../lib/gcc/arm-none-eabi/5.4.1/../../../../arm-none-eabi/lib/armv7-m\libg_nano.a(lib_a-memcpy-stub.o)
 .ARM.attributes
                0x0000077d       0x2d c:/program files (x86)/cypress/psoc creator/4.4/psoc creator/import/gnu/arm/5.4.1/bin/../lib/gcc/arm-none-eabi/5.4.1/../../../../arm-none-eabi/lib/armv7-m\libg_nano.a(lib_a-memset.o)
 .ARM.attributes
                0x000007aa       0x2d c:/program files (x86)/cypress/psoc creator/4.4/psoc creator/import/gnu/arm/5.4.1/bin/../lib/gcc/arm-none-eabi/5.4.1/../../../../arm-none-eabi/lib/armv7-m\libg_nano.a(lib_a-sprintf.o)
 .ARM.attributes
                0x000007d7       0x2d c:/program files (x86)/cypress/psoc creator/4.4/psoc creator/import/gnu/arm/5.4.1/bin/../lib/gcc/arm-none-eabi/5.4.1/../../../../arm-none-eabi/lib/armv7-m\libg_nano.a(lib_a-nano-svfprintf.o)
 .ARM.attributes
                0x00000804       0x2d c:/program files (x86)/cypress/psoc creator/4.4/psoc creator/import/gnu/arm/5.4.1/bin/../lib/gcc/arm-none-eabi/5.4.1/../../../../arm-none-eabi/lib/armv7-m\libg_nano.a(lib_a-nano-vfprintf_i.o)
 .ARM.attributes
                0x00000831       0x2d c:/program files (x86)/cypress/psoc creator/4.4/psoc creator/import/gnu/arm/5.4.1/bin/../lib/gcc/arm-none-eabi/5.4.1/../../../../arm-none-eabi/lib/armv7-m\libg_nano.a(lib_a-memchr-stub.o)
 .ARM.attributes
                0x0000085e       0x2d c:/program files (x86)/cypress/psoc creator/4.4/psoc creator/import/gnu/arm/5.4.1/bin/../lib/gcc/arm-none-eabi/5.4.1/../../../../arm-none-eabi/lib/armv7-m\libg_nano.a(lib_a-memmove.o)
 .ARM.attributes
                0x0000088b       0x2d c:/program files (x86)/cypress/psoc creator/4.4/psoc creator/import/gnu/arm/5.4.1/bin/../lib/gcc/arm-none-eabi/5.4.1/../../../../arm-none-eabi/lib/armv7-m\libg_nano.a(lib_a-nano-freer.o)
 .ARM.attributes
                0x000008b8       0x2d c:/program files (x86)/cypress/psoc creator/4.4/psoc creator/import/gnu/arm/5.4.1/bin/../lib/gcc/arm-none-eabi/5.4.1/../../../../arm-none-eabi/lib/armv7-m\libg_nano.a(lib_a-nano-mallocr.o)
 .ARM.attributes
                0x000008e5       0x2d c:/program files (x86)/cypress/psoc creator/4.4/psoc creator/import/gnu/arm/5.4.1/bin/../lib/gcc/arm-none-eabi/5.4.1/../../../../arm-none-eabi/lib/armv7-m\libg_nano.a(lib_a-nano-reallocr.o)
 .ARM.attributes
                0x00000912       0x2d c:/program files (x86)/cypress/psoc creator/4.4/psoc creator/import/gnu/arm/5.4.1/bin/../lib/gcc/arm-none-eabi/5.4.1/../../../../arm-none-eabi/lib/armv7-m\libg_nano.a(lib_a-sbrkr.o)
 .ARM.attributes
                0x0000093f       0x2d c:/program files (x86)/cypress/psoc creator/4.4/psoc creator/import/gnu/arm/5.4.1/bin/../lib/gcc/arm-none-eabi/5.4.1/../../../../arm-none-eabi/lib/armv7-m\libg_nano.a(lib_a-mlock.o)
 .ARM.attributes
                0x0000096c       0x2d c:/program files (x86)/cypress/psoc creator/4.4/psoc creator/import/gnu/arm/5.4.1/bin/../lib/gcc/arm-none-eabi/5.4.1/../../../../arm-none-eabi/lib/armv7-m\libg_nano.a(lib_a-nano-msizer.o)
 .ARM.attributes
                0x00000999       0x2d c:/program files (x86)/cypress/psoc creator/4.4/psoc creator/import/gnu/arm/5.4.1/bin/../lib/gcc/arm-none-eabi/5.4.1/../../../../arm-none-eabi/lib/armv7-m\libg_nano.a(lib_a-reent.o)
 .ARM.attributes
                0x000009c6       0x2d c:/program files (x86)/cypress/psoc creator/4.4/psoc creator/import/gnu/arm/5.4.1/bin/../lib/gcc/arm-none-eabi/5.4.1/armv7-m/crtend.o
 .ARM.attributes
                0x000009f3       0x1d c:/program files (x86)/cypress/psoc creator/4.4/psoc creator/import/gnu/arm/5.4.1/bin/../lib/gcc/arm-none-eabi/5.4.1/armv7-m/crtn.o

/DISCARD/
 *(.note.GNU-stack)
OUTPUT(C:\Users\Jennewein\Documents\hamish-workspace\PSoC-Programs\test_projects\Proj05_freefly_uart_control.cydsn\ARM_GCC_541\Debug\Proj05_freefly_uart_control.elf elf32-littlearm)
